2026-01-27 11:52:20,834 - INFO - Data hoje: 27/01/2026
2026-01-27 11:52:20,834 - INFO - Data de referência: 31/01/2026
2026-01-27 11:53:25,819 - INFO - 
Qtde OS de LINHA VIVA: 2855
2026-01-27 11:53:25,819 - INFO - Qtde OS poda de LINHA MORTA: 1069
2026-01-27 11:53:25,819 - INFO - 
Qtde OS estrutural de LINHA MORTA : 36
2026-01-27 11:53:25,819 - INFO - Qtde OS poda de LINHA MORTA fora carteira: 1724
2026-01-27 11:53:25,821 - INFO - 
 Qtd de lotes de LM: 43
2026-01-27 11:53:25,821 - INFO - 
 Qtd de lotes de LV: 115
2026-01-27 11:53:25,821 - INFO - 
 Qtd de lotes de ESTRUTURAL LM: 2
2026-01-27 11:53:25,823 - INFO - 
 Qtd de lotes de LEVE: 69
2026-01-27 11:53:25,823 - INFO - 
=== Iniciando lote 1/43 [LM] ===
2026-01-27 11:53:32,287 - INFO - Janela de seleção aberta
2026-01-27 11:53:36,534 - INFO - DEBUG: idx=0, inicio=0, fim=25
2026-01-27 11:53:36,534 - INFO - ✅ 25 OS copiadas para a área de transferência.
2026-01-27 11:53:36,534 - INFO - 📋 Lote 1 copiado.
2026-01-27 11:53:44,855 - INFO - ⌛ Esperando mudança visual...
2026-01-27 11:53:45,873 - INFO - ✅ Tela carregada!
2026-01-27 11:53:56,354 - INFO - ⌛ Aguardando janela de confirmação de desbloqueio...
2026-01-27 11:54:06,726 - INFO - ⌛ Aguardando janela de confirmação de desbloqueio...
2026-01-27 11:54:17,110 - INFO - 🟨 Registros desbloqueados com sucesso
2026-01-27 11:54:30,667 - INFO - ⌛ Aguardando janela de edição de OS...
2026-01-27 11:54:41,098 - INFO - 🟨 OS programadas detectadas
2026-01-27 11:54:44,272 - INFO - ⌛ Aguardando janela de edição de OS...
2026-01-27 11:54:54,700 - INFO - 🟨 Janela de edição de OS detectada
2026-01-27 12:01:17,073 - INFO - Data hoje: 27/01/2026
2026-01-27 12:01:17,073 - INFO - Data de referência: 31/01/2026
2026-01-27 12:32:18,811 - INFO - Data hoje: 27/01/2026
2026-01-27 12:32:18,811 - INFO - Data de referência: 31/01/2026
2026-01-27 12:33:23,241 - INFO - 
Qtde OS de LINHA VIVA: 2855
2026-01-27 12:33:23,241 - INFO - Qtde OS poda de LINHA MORTA: 1069
2026-01-27 12:33:23,241 - INFO - 
Qtde OS estrutural de LINHA MORTA : 36
2026-01-27 12:33:23,243 - INFO - Qtde OS poda de LINHA MORTA fora carteira: 1724
2026-01-27 12:33:23,243 - INFO - 
 Qtd de lotes de LM: 43
2026-01-27 12:33:23,243 - INFO - 
 Qtd de lotes de LV: 115
2026-01-27 12:33:23,243 - INFO - 
 Qtd de lotes de ESTRUTURAL LM: 2
2026-01-27 12:33:23,243 - INFO - 
 Qtd de lotes de LEVE: 69
2026-01-27 12:33:23,243 - INFO - 
=== Iniciando lote 9/115 [LV] ===
2026-01-27 12:33:29,634 - INFO - Janela de seleção aberta
2026-01-27 12:33:33,882 - INFO - DEBUG: idx=8, inicio=200, fim=225
2026-01-27 12:33:33,882 - INFO - ✅ 25 OS copiadas para a área de transferência.
2026-01-27 12:33:33,882 - INFO - 📋 Lote 9 copiado.
2026-01-27 12:33:42,216 - INFO - ⌛ Esperando mudança visual...
2026-01-27 12:33:43,237 - INFO - ⌛ Esperando mudança visual...
2026-01-27 12:33:44,251 - INFO - ⌛ Esperando mudança visual...
2026-01-27 12:33:45,270 - INFO - ⌛ Esperando mudança visual...
2026-01-27 12:33:46,286 - INFO - ⌛ Esperando mudança visual...
2026-01-27 12:33:47,301 - INFO - ⌛ Esperando mudança visual...
2026-01-27 12:33:48,317 - INFO - ⌛ Esperando mudança visual...
2026-01-27 12:33:49,338 - INFO - ⌛ Esperando mudança visual...
2026-01-27 12:33:50,349 - INFO - ⌛ Esperando mudança visual...
2026-01-27 12:33:51,365 - INFO - ⌛ Esperando mudança visual...
2026-01-27 12:33:52,379 - INFO - ✅ Tela carregada!
2026-01-27 12:34:02,866 - INFO - ⌛ Aguardando janela de confirmação de desbloqueio...
2026-01-27 12:34:13,240 - INFO - 🟨 Registros desbloqueados com sucesso
2026-01-27 12:34:26,773 - INFO - ⌛ Aguardando janela de edição de OS...
2026-01-27 12:34:37,207 - INFO - 🟨 OS programadas detectadas
2026-01-27 12:34:40,360 - INFO - ⌛ Aguardando janela de edição de OS...
2026-01-27 12:34:50,756 - INFO - 🟨 Janela de edição de OS detectada
2026-01-27 12:35:12,119 - INFO - 🟨 Janela de edição de habilidade da turma detectada
2026-01-27 12:36:00,445 - INFO - ⌛ Aguardando detecção do campo de caracteristica 'EQUIPE PRÓPRIA OU EPS' ...
2026-01-27 12:36:12,693 - INFO - ⌛ Aguardando detecção do campo de caracteristica 'EQUIPE PRÓPRIA OU EPS' ...
2026-01-27 12:36:24,952 - INFO - 🟨 campo de caracteristica 'EQUIPE PRÓPRIA OU EPS detectado
2026-01-27 12:36:46,684 - INFO - ⌛ Aguardando confirmação 4 - editar OS...
2026-01-27 12:36:57,020 - INFO - ⌛ Aguardando confirmação 4 - editar OS...
2026-01-27 12:37:07,398 - INFO - ⌛ Aguardando confirmação 4 - editar OS...
2026-01-27 12:37:17,757 - INFO - ⌛ Aguardando confirmação 4 - editar OS...
2026-01-27 12:38:08,749 - INFO - ⌛ Aguardando janela de confirmação de programação de OS...
2026-01-27 12:38:19,117 - INFO - 🟨 Janela de confirmação de programação de OS detectada
2026-01-27 12:38:22,462 - INFO - ⌛ aguardando janela de programação de lote de OS...
2026-01-27 12:38:32,880 - INFO - 🟨 Janela de aviso de edição de OS programadas detectada
2026-01-27 12:38:37,150 - INFO - ⌛ aguardando janela de programação de lote de OS...
2026-01-27 12:38:47,591 - INFO - 🟨 Janela de aviso de substituição de lote de OS detectada
2026-01-27 12:38:53,869 - INFO - ⌛ aguardando janela de programação de lote de OS...
2026-01-27 12:39:04,343 - INFO - ⌛ aguardando janela de programação de lote de OS...
2026-01-27 12:39:04,531 - INFO - 🟨 Identificado falha no EQM
2026-01-27 12:39:36,487 - INFO - ⌛ aguardando janela de programação de lote de OS...
2026-01-27 12:39:46,959 - INFO - ⌛ aguardando janela de programação de lote de OS...
2026-01-27 12:39:57,451 - INFO - ⌛ aguardando janela de programação de lote de OS...
2026-01-27 12:40:07,936 - INFO - ⌛ aguardando janela de programação de lote de OS...
2026-01-27 12:40:18,421 - INFO - ⌛ aguardando janela de programação de lote de OS...
2026-01-27 12:40:28,921 - INFO - ⌛ aguardando janela de programação de lote de OS...
2026-01-27 12:40:39,403 - INFO - ⌛ aguardando janela de programação de lote de OS...
2026-01-27 12:40:49,943 - INFO - ⌛ aguardando janela de programação de lote de OS...
2026-01-27 12:41:00,437 - INFO - ⌛ aguardando janela de programação de lote de OS...
2026-01-27 12:41:10,895 - INFO - ⌛ aguardando janela de programação de lote de OS...
2026-01-27 12:41:21,380 - INFO - ⌛ aguardando janela de programação de lote de OS...
2026-01-27 12:41:31,883 - INFO - ⌛ aguardando janela de programação de lote de OS...
2026-01-27 12:41:42,431 - INFO - ⌛ aguardando janela de programação de lote de OS...
2026-01-27 12:41:52,938 - INFO - ⌛ aguardando janela de programação de lote de OS...
2026-01-27 12:42:03,451 - INFO - ⌛ aguardando janela de programação de lote de OS...
2026-01-27 12:42:13,947 - INFO - ⌛ aguardando janela de programação de lote de OS...
2026-01-27 12:42:24,458 - INFO - ⌛ aguardando janela de programação de lote de OS...
2026-01-27 12:42:34,945 - INFO - ⌛ aguardando janela de programação de lote de OS...
2026-01-27 12:42:45,446 - INFO - ⌛ aguardando janela de programação de lote de OS...
2026-01-27 12:42:55,918 - INFO - ⌛ aguardando janela de programação de lote de OS...
2026-01-27 12:43:06,386 - INFO - ⌛ aguardando janela de programação de lote de OS...
2026-01-27 12:43:16,853 - INFO - ⌛ aguardando janela de programação de lote de OS...
2026-01-27 12:43:27,321 - INFO - ⌛ aguardando janela de programação de lote de OS...
2026-01-27 12:43:37,799 - INFO - ⌛ aguardando janela de programação de lote de OS...
2026-01-27 12:43:48,269 - INFO - ⌛ aguardando janela de programação de lote de OS...
2026-01-27 12:43:58,752 - INFO - ⌛ aguardando janela de programação de lote de OS...
2026-01-27 12:44:09,254 - INFO - ⌛ aguardando janela de programação de lote de OS...
2026-01-27 12:44:19,742 - INFO - ⌛ aguardando janela de programação de lote de OS...
2026-01-27 12:44:30,227 - INFO - ⌛ aguardando janela de programação de lote de OS...
2026-01-27 12:44:40,663 - INFO - ⌛ aguardando janela de programação de lote de OS...
2026-01-27 13:35:05,326 - INFO - Data hoje: 27/01/2026
2026-01-27 13:35:05,326 - INFO - Data de referência: 31/01/2026
2026-01-27 13:35:11,222 - INFO - Data hoje: 27/01/2026
2026-01-27 13:35:11,223 - INFO - Data de referência: 31/01/2026
2026-01-27 13:35:56,050 - INFO - Data hoje: 27/01/2026
2026-01-27 13:35:56,057 - INFO - Data de referência: 31/01/2026
2026-01-27 13:36:45,269 - INFO - Data hoje: 27/01/2026
2026-01-27 13:36:45,269 - INFO - Data de referência: 31/01/2026
2026-01-27 13:37:59,737 - INFO - 
Qtde OS de LINHA VIVA: 2855
2026-01-27 13:37:59,737 - INFO - Qtde OS poda de LINHA MORTA: 1069
2026-01-27 13:37:59,737 - INFO - 
Qtde OS estrutural de LINHA MORTA : 36
2026-01-27 13:37:59,737 - INFO - Qtde OS poda de LINHA MORTA fora carteira: 1724
2026-01-27 13:37:59,737 - INFO - 
 Qtd de lotes de LM: 43
2026-01-27 13:37:59,737 - INFO - 
 Qtd de lotes de LV: 115
2026-01-27 13:37:59,737 - INFO - 
 Qtd de lotes de ESTRUTURAL LM: 2
2026-01-27 13:37:59,737 - INFO - 
 Qtd de lotes de LEVE: 69
2026-01-27 13:37:59,737 - INFO - 
=== Iniciando lote 9/115 [LV] ===
2026-01-27 13:39:35,135 - INFO - Data hoje: 27/01/2026
2026-01-27 13:39:35,135 - INFO - Data de referência: 31/01/2026
2026-01-27 13:41:10,950 - INFO - 
Qtde OS de LINHA VIVA: 2868
2026-01-27 13:41:10,950 - INFO - Qtde OS poda de LINHA MORTA: 1076
2026-01-27 13:41:10,950 - INFO - 
Qtde OS estrutural de LINHA MORTA : 36
2026-01-27 13:41:10,950 - INFO - Qtde OS poda de LINHA MORTA fora carteira: 1727
2026-01-27 13:41:10,953 - INFO - 
 Qtd de lotes de LM: 44
2026-01-27 13:41:10,953 - INFO - 
 Qtd de lotes de LV: 115
2026-01-27 13:41:10,953 - INFO - 
 Qtd de lotes de ESTRUTURAL LM: 2
2026-01-27 13:41:10,953 - INFO - 
 Qtd de lotes de LEVE: 70
2026-01-27 13:41:10,953 - INFO - 
=== Iniciando lote 9/115 [LV] ===
2026-01-27 14:14:35,865 - INFO - Data hoje: 27/01/2026
2026-01-27 14:14:35,871 - INFO - Data de referência: 31/01/2026
2026-01-27 14:16:16,194 - INFO - 
Qtde OS de LINHA VIVA: 2868
2026-01-27 14:16:16,194 - INFO - Qtde OS poda de LINHA MORTA: 1076
2026-01-27 14:16:16,194 - INFO - 
Qtde OS estrutural de LINHA MORTA : 36
2026-01-27 14:16:16,194 - INFO - Qtde OS poda de LINHA MORTA fora carteira: 1727
2026-01-27 14:16:16,194 - INFO - Qtde OS para desprogramar: 13154
2026-01-27 14:16:16,194 - INFO - 
 Qtd de lotes de LM: 44
2026-01-27 14:16:16,194 - INFO - 
 Qtd de lotes de LV: 115
2026-01-27 14:16:16,194 - INFO - 
 Qtd de lotes de ESTRUTURAL LM: 2
2026-01-27 14:16:16,194 - INFO - 
 Qtd de lotes de LEVE: 70
2026-01-27 14:16:16,194 - INFO - 
 Qtd de lotes para desprogramar: 527
2026-01-27 14:16:16,194 - INFO - 
=== Iniciando lote 9/115 [LV] ===
2026-01-27 14:21:19,540 - INFO - Data hoje: 27/01/2026
2026-01-27 14:21:19,540 - INFO - Data de referência: 31/01/2026
2026-01-27 14:23:01,705 - INFO - 
Qtde OS de LINHA VIVA: 2868
2026-01-27 14:23:01,705 - INFO - Qtde OS poda de LINHA MORTA: 1075
2026-01-27 14:23:01,705 - INFO - 
Qtde OS estrutural de LINHA MORTA : 36
2026-01-27 14:23:01,705 - INFO - Qtde OS poda de LINHA MORTA fora carteira: 1726
2026-01-27 14:23:01,705 - INFO - Qtde OS para desprogramar: 13153
2026-01-27 14:23:01,705 - INFO - 
 Qtd de lotes de LM: 43
2026-01-27 14:23:01,705 - INFO - 
 Qtd de lotes de LV: 115
2026-01-27 14:23:01,705 - INFO - 
 Qtd de lotes de ESTRUTURAL LM: 2
2026-01-27 14:23:01,705 - INFO - 
 Qtd de lotes de LEVE: 70
2026-01-27 14:23:01,705 - INFO - 
 Qtd de lotes para desprogramar: 527
2026-01-27 14:23:01,705 - INFO - 
=== Iniciando lote 9/115 [LV] ===
2026-01-27 14:29:53,306 - INFO - Data hoje: 27/01/2026
2026-01-27 14:29:53,306 - INFO - Data de referência: 31/01/2026
2026-01-27 14:32:37,515 - INFO - 
Qtde OS de LINHA VIVA: 2868
2026-01-27 14:32:37,532 - INFO - Qtde OS poda de LINHA MORTA: 1075
2026-01-27 14:32:37,532 - INFO - 
Qtde OS estrutural de LINHA MORTA : 36
2026-01-27 14:32:37,532 - INFO - Qtde OS poda de LINHA MORTA fora carteira: 1726
2026-01-27 14:32:37,532 - INFO - Qtde OS para desprogramar: 17796
2026-01-27 14:32:37,532 - INFO - 
 Qtd de lotes de LM: 43
2026-01-27 14:32:37,532 - INFO - 
 Qtd de lotes de LV: 115
2026-01-27 14:32:37,532 - INFO - 
 Qtd de lotes de ESTRUTURAL LM: 2
2026-01-27 14:32:37,532 - INFO - 
 Qtd de lotes de LEVE: 70
2026-01-27 14:32:37,532 - INFO - 
 Qtd de lotes para desprogramar: 712
2026-01-27 14:32:37,532 - INFO - 
=== Iniciando lote 9/115 [LV] ===
2026-01-27 14:41:30,673 - INFO - Data hoje: 27/01/2026
2026-01-27 14:41:30,673 - INFO - Data de referência: 31/01/2026
2026-01-27 14:43:17,852 - INFO - 
Qtde OS de LINHA VIVA: 2868
2026-01-27 14:43:17,852 - INFO - Qtde OS poda de LINHA MORTA: 1076
2026-01-27 14:43:17,852 - INFO - 
Qtde OS estrutural de LINHA MORTA : 36
2026-01-27 14:43:17,852 - INFO - Qtde OS poda de LINHA MORTA fora carteira: 1727
2026-01-27 14:43:17,852 - INFO - Qtde OS para desprogramar: 18391
2026-01-27 14:43:17,852 - INFO - 
 Qtd de lotes de LM: 44
2026-01-27 14:43:17,852 - INFO - 
 Qtd de lotes de LV: 115
2026-01-27 14:43:17,852 - INFO - 
 Qtd de lotes de ESTRUTURAL LM: 2
2026-01-27 14:43:17,852 - INFO - 
 Qtd de lotes de LEVE: 70
2026-01-27 14:43:17,852 - INFO - 
 Qtd de lotes para desprogramar: 736
2026-01-27 14:43:17,852 - INFO - 
=== Iniciando lote 1/736 [DESPROGAMAR] ===
2026-01-27 14:43:24,547 - INFO - Janela de seleção aberta
2026-01-27 14:43:28,820 - INFO - DEBUG: idx=0, inicio=0, fim=25
2026-01-27 14:43:28,820 - INFO - ✅ 25 OS copiadas para a área de transferência.
2026-01-27 14:43:28,820 - INFO - 📋 Lote 1 copiado.
2026-01-27 14:43:37,152 - INFO - ⌛ Esperando mudança visual...
2026-01-27 14:43:38,158 - INFO - ✅ Tela carregada!
2026-01-27 14:43:48,838 - INFO - ⌛ Aguardando janela de confirmação de desbloqueio...
2026-01-27 14:43:59,869 - INFO - 🟨 Registros desbloqueados com sucesso
2026-01-27 14:45:00,788 - INFO - Data hoje: 27/01/2026
2026-01-27 14:45:00,788 - INFO - Data de referência: 31/01/2026
2026-01-27 14:46:19,496 - INFO - 
Qtde OS de LINHA VIVA: 2868
2026-01-27 14:46:19,496 - INFO - Qtde OS poda de LINHA MORTA: 1076
2026-01-27 14:46:19,496 - INFO - 
Qtde OS estrutural de LINHA MORTA : 36
2026-01-27 14:46:19,496 - INFO - Qtde OS poda de LINHA MORTA fora carteira: 1727
2026-01-27 14:46:19,496 - INFO - Qtde OS para desprogramar: 18391
2026-01-27 14:46:19,498 - INFO - 
 Qtd de lotes de LM: 44
2026-01-27 14:46:19,498 - INFO - 
 Qtd de lotes de LV: 115
2026-01-27 14:46:19,498 - INFO - 
 Qtd de lotes de ESTRUTURAL LM: 2
2026-01-27 14:46:19,498 - INFO - 
 Qtd de lotes de LEVE: 70
2026-01-27 14:46:19,498 - INFO - 
 Qtd de lotes para desprogramar: 736
2026-01-27 14:46:19,498 - INFO - 
=== Iniciando lote 1/736 [DESPROGAMAR] ===
2026-01-27 14:46:25,901 - INFO - Janela de seleção aberta
2026-01-27 14:46:30,128 - INFO - DEBUG: idx=0, inicio=0, fim=25
2026-01-27 14:46:30,128 - INFO - ✅ 25 OS copiadas para a área de transferência.
2026-01-27 14:46:30,128 - INFO - 📋 Lote 1 copiado.
2026-01-27 14:46:38,469 - INFO - ⌛ Esperando mudança visual...
2026-01-27 14:46:39,496 - INFO - ⌛ Esperando mudança visual...
2026-01-27 14:46:40,507 - INFO - ⌛ Esperando mudança visual...
2026-01-27 14:46:41,522 - INFO - ⌛ Esperando mudança visual...
2026-01-27 14:46:42,535 - INFO - ⌛ Esperando mudança visual...
2026-01-27 14:46:43,545 - INFO - ⌛ Esperando mudança visual...
2026-01-27 14:46:44,559 - INFO - ⌛ Esperando mudança visual...
2026-01-27 14:46:45,575 - INFO - ⌛ Esperando mudança visual...
2026-01-27 14:46:46,592 - INFO - ⌛ Esperando mudança visual...
2026-01-27 14:46:47,597 - INFO - ✅ Tela carregada!
2026-01-27 14:46:58,075 - INFO - ⌛ Aguardando janela de confirmação de desbloqueio...
2026-01-27 14:47:08,482 - INFO - ⌛ Aguardando janela de confirmação de desbloqueio...
2026-01-27 14:47:18,927 - INFO - 🟨 Registros desbloqueados com sucesso
2026-01-27 14:47:23,097 - INFO - ⌛ Aguardando janela de confirmação de desprogramação ...
2026-01-27 14:47:38,508 - INFO - ⌛ Aguardando janela de confirmação de desprogramação ...
2026-01-27 14:47:53,950 - INFO - ⌛ Aguardando janela de confirmação de desprogramação ...
2026-01-27 14:48:09,414 - INFO - ⌛ Aguardando janela de confirmação de desprogramação ...
2026-01-27 14:48:24,863 - INFO - ⌛ Aguardando janela de confirmação de desprogramação ...
2026-01-27 14:48:40,296 - INFO - ⌛ Aguardando janela de confirmação de desprogramação ...
2026-01-27 14:48:55,733 - INFO - ⌛ Aguardando janela de confirmação de desprogramação ...
2026-01-27 14:49:11,188 - INFO - ⌛ Aguardando janela de confirmação de desprogramação ...
2026-01-27 14:49:26,607 - INFO - ⌛ Aguardando janela de confirmação de desprogramação ...
2026-01-27 14:49:42,045 - INFO - ⌛ Aguardando janela de confirmação de desprogramação ...
2026-01-27 14:49:57,455 - INFO - ⌛ Aguardando janela de confirmação de desprogramação ...
2026-01-27 14:50:12,886 - INFO - ⌛ Aguardando janela de confirmação de desprogramação ...
2026-01-27 14:50:28,361 - INFO - ⌛ Aguardando janela de confirmação de desprogramação ...
2026-01-27 14:50:43,808 - INFO - 🟨 Janela de confirmação de desprogramação detectada
2026-01-27 14:50:47,081 - INFO - 🟨 Nenhuma OS já programada
2026-01-27 14:50:55,584 - INFO - 
=== Iniciando lote 2/736 [DESPROGAMAR] ===
2026-01-27 14:51:01,951 - INFO - ⌛ Aguardando janela de seleção...
2026-01-27 14:55:15,871 - INFO - Data hoje: 27/01/2026
2026-01-27 14:55:15,871 - INFO - Data de referência: 31/01/2026
2026-01-27 14:56:27,903 - INFO - 
Qtde OS de LINHA VIVA: 2866
2026-01-27 14:56:27,903 - INFO - Qtde OS poda de LINHA MORTA: 1075
2026-01-27 14:56:27,903 - INFO - 
Qtde OS estrutural de LINHA MORTA : 36
2026-01-27 14:56:27,903 - INFO - Qtde OS poda de LINHA MORTA fora carteira: 1726
2026-01-27 14:56:27,903 - INFO - Qtde OS para desprogramar: 12096
2026-01-27 14:56:27,905 - INFO - 
 Qtd de lotes de LM: 43
2026-01-27 14:56:27,905 - INFO - 
 Qtd de lotes de LV: 115
2026-01-27 14:56:27,905 - INFO - 
 Qtd de lotes de ESTRUTURAL LM: 2
2026-01-27 14:56:27,905 - INFO - 
 Qtd de lotes de LEVE: 70
2026-01-27 14:56:27,905 - INFO - 
 Qtd de lotes para desprogramar: 484
2026-01-27 14:56:27,905 - INFO - 
=== Iniciando lote 1/484 [DESPROGAMAR] ===
2026-01-27 14:56:34,314 - INFO - Janela de seleção aberta
2026-01-27 14:56:38,582 - INFO - DEBUG: idx=0, inicio=0, fim=25
2026-01-27 14:56:38,582 - INFO - ✅ 25 OS copiadas para a área de transferência.
2026-01-27 14:56:38,582 - INFO - 📋 Lote 1 copiado.
2026-01-27 14:56:46,898 - INFO - ⌛ Esperando mudança visual...
2026-01-27 14:56:47,907 - INFO - ⌛ Esperando mudança visual...
2026-01-27 14:56:48,924 - INFO - ⌛ Esperando mudança visual...
2026-01-27 14:56:49,928 - INFO - ⌛ Esperando mudança visual...
2026-01-27 14:56:50,939 - INFO - ⌛ Esperando mudança visual...
2026-01-27 14:56:51,954 - INFO - ⌛ Esperando mudança visual...
2026-01-27 14:56:52,977 - INFO - ⌛ Esperando mudança visual...
2026-01-27 14:56:53,993 - INFO - ⌛ Esperando mudança visual...
2026-01-27 14:56:55,012 - INFO - ⌛ Esperando mudança visual...
2026-01-27 14:56:56,014 - INFO - ⌛ Esperando mudança visual...
2026-01-27 14:56:57,046 - INFO - ⌛ Esperando mudança visual...
2026-01-27 14:56:58,062 - INFO - ⌛ Esperando mudança visual...
2026-01-27 14:56:59,063 - INFO - ⌛ Esperando mudança visual...
2026-01-27 14:57:00,089 - INFO - ✅ Tela carregada!
2026-01-27 14:57:10,572 - INFO - ⌛ Aguardando janela de confirmação de desbloqueio...
2026-01-27 14:57:21,032 - INFO - ⌛ Aguardando janela de confirmação de desbloqueio...
2026-01-27 14:57:31,557 - INFO - 🟨 Registros desbloqueados com sucesso
2026-01-27 14:57:35,758 - INFO - ⌛ Aguardando janela de confirmação de desprogramação ...
2026-01-27 15:01:21,337 - INFO - Data hoje: 27/01/2026
2026-01-27 15:01:21,337 - INFO - Data de referência: 31/01/2026
2026-01-27 15:02:31,405 - INFO - 
Qtde OS de LINHA VIVA: 2866
2026-01-27 15:02:31,405 - INFO - Qtde OS poda de LINHA MORTA: 1075
2026-01-27 15:02:31,405 - INFO - 
Qtde OS estrutural de LINHA MORTA : 36
2026-01-27 15:02:31,405 - INFO - Qtde OS poda de LINHA MORTA fora carteira: 1726
2026-01-27 15:02:31,405 - INFO - Qtde OS para desprogramar: 5246
2026-01-27 15:02:31,405 - INFO - 
 Qtd de lotes de LM: 43
2026-01-27 15:02:31,405 - INFO - 
 Qtd de lotes de LV: 115
2026-01-27 15:02:31,405 - INFO - 
 Qtd de lotes de ESTRUTURAL LM: 2
2026-01-27 15:02:31,405 - INFO - 
 Qtd de lotes de LEVE: 70
2026-01-27 15:02:31,405 - INFO - 
 Qtd de lotes para desprogramar: 210
2026-01-27 15:02:31,405 - INFO - 
=== Iniciando lote 1/210 [DESPROGAMAR] ===
2026-01-27 15:02:37,834 - INFO - Janela de seleção aberta
2026-01-27 15:02:42,063 - INFO - DEBUG: idx=0, inicio=0, fim=25
2026-01-27 15:02:42,063 - INFO - ✅ 25 OS copiadas para a área de transferência.
2026-01-27 15:02:42,063 - INFO - 📋 Lote 1 copiado.
2026-01-27 15:02:50,394 - INFO - ⌛ Esperando mudança visual...
2026-01-27 15:02:51,400 - INFO - ⌛ Esperando mudança visual...
2026-01-27 15:02:52,420 - INFO - ⌛ Esperando mudança visual...
2026-01-27 15:02:53,444 - INFO - ⌛ Esperando mudança visual...
2026-01-27 15:02:54,446 - INFO - ⌛ Esperando mudança visual...
2026-01-27 15:02:55,475 - INFO - ⌛ Esperando mudança visual...
2026-01-27 15:02:56,495 - INFO - ⌛ Esperando mudança visual...
2026-01-27 15:02:57,509 - INFO - ⌛ Esperando mudança visual...
2026-01-27 15:02:58,519 - INFO - ⌛ Esperando mudança visual...
2026-01-27 15:02:59,535 - INFO - ⌛ Esperando mudança visual...
2026-01-27 15:03:00,538 - INFO - ⌛ Esperando mudança visual...
2026-01-27 15:03:01,550 - INFO - ⌛ Esperando mudança visual...
2026-01-27 15:03:02,565 - INFO - ✅ Tela carregada!
2026-01-27 15:03:13,062 - INFO - ⌛ Aguardando janela de confirmação de desbloqueio...
2026-01-27 15:03:23,472 - INFO - ⌛ Aguardando janela de confirmação de desbloqueio...
2026-01-27 15:03:33,919 - INFO - 🟨 Registros desbloqueados com sucesso
2026-01-27 15:03:38,111 - INFO - ⌛ Aguardando janela de confirmação de desprogramação ...
2026-01-27 15:03:53,566 - INFO - ⌛ Aguardando janela de confirmação de desprogramação ...
2026-01-27 15:04:09,007 - INFO - ⌛ Aguardando janela de confirmação de desprogramação ...
2026-01-27 15:04:24,419 - INFO - ⌛ Aguardando janela de confirmação de desprogramação ...
2026-01-27 15:04:39,837 - INFO - ⌛ Aguardando janela de confirmação de desprogramação ...
2026-01-27 15:04:55,257 - INFO - ⌛ Aguardando janela de confirmação de desprogramação ...
2026-01-27 15:05:10,750 - INFO - ⌛ Aguardando janela de confirmação de desprogramação ...
2026-01-27 15:05:26,171 - INFO - ⌛ Aguardando janela de confirmação de desprogramação ...
2026-01-27 15:05:41,610 - INFO - ⌛ Aguardando janela de confirmação de desprogramação ...
2026-01-27 15:05:57,039 - INFO - ⌛ Aguardando janela de confirmação de desprogramação ...
2026-01-27 15:06:12,453 - INFO - ⌛ Aguardando janela de confirmação de desprogramação ...
2026-01-27 15:13:49,948 - INFO - Data hoje: 27/01/2026
2026-01-27 15:13:49,949 - INFO - Data de referência: 31/01/2026
2026-01-27 15:15:13,250 - INFO - 
Qtde OS de LINHA VIVA: 2866
2026-01-27 15:15:13,250 - INFO - Qtde OS poda de LINHA MORTA: 1074
2026-01-27 15:15:13,250 - INFO - 
Qtde OS estrutural de LINHA MORTA : 36
2026-01-27 15:15:13,250 - INFO - Qtde OS poda de LINHA MORTA fora carteira: 1726
2026-01-27 15:15:13,250 - INFO - Qtde OS para desprogramar: 6143
2026-01-27 15:15:13,250 - INFO - 
 Qtd de lotes de LM: 43
2026-01-27 15:15:13,250 - INFO - 
 Qtd de lotes de LV: 115
2026-01-27 15:15:13,250 - INFO - 
 Qtd de lotes de ESTRUTURAL LM: 2
2026-01-27 15:15:13,250 - INFO - 
 Qtd de lotes de LEVE: 70
2026-01-27 15:15:13,250 - INFO - 
 Qtd de lotes para desprogramar: 246
2026-01-27 15:15:13,250 - INFO - 
=== Iniciando lote 1/246 [DESPROGAMAR] ===
2026-01-27 15:15:19,677 - INFO - Janela de seleção aberta
2026-01-27 15:15:23,935 - INFO - DEBUG: idx=0, inicio=0, fim=25
2026-01-27 15:15:23,935 - INFO - ✅ 25 OS copiadas para a área de transferência.
2026-01-27 15:15:23,935 - INFO - 📋 Lote 1 copiado.
2026-01-27 15:15:32,275 - INFO - ⌛ Esperando mudança visual...
2026-01-27 15:15:33,278 - INFO - ⌛ Esperando mudança visual...
2026-01-27 15:15:34,294 - INFO - ⌛ Esperando mudança visual...
2026-01-27 15:15:35,310 - INFO - ⌛ Esperando mudança visual...
2026-01-27 15:15:36,325 - INFO - ⌛ Esperando mudança visual...
2026-01-27 15:15:37,341 - INFO - ⌛ Esperando mudança visual...
2026-01-27 15:15:38,357 - INFO - ⌛ Esperando mudança visual...
2026-01-27 15:15:39,374 - INFO - ⌛ Esperando mudança visual...
2026-01-27 15:15:40,388 - INFO - ⌛ Esperando mudança visual...
2026-01-27 15:15:41,404 - INFO - ⌛ Esperando mudança visual...
2026-01-27 15:15:42,419 - INFO - ✅ Tela carregada!
2026-01-27 15:15:52,935 - INFO - ⌛ Aguardando janela de confirmação de desbloqueio...
2026-01-27 15:16:03,380 - INFO - 🟨 Registros desbloqueados com sucesso
2026-01-27 15:16:11,774 - INFO - ⌛ Aguardando janela de confirmação de desprogramação ...
2026-01-27 15:16:27,222 - INFO - 🟨 Janela de confirmação de desprogramação detectada
2026-01-27 15:16:30,476 - INFO - 
=== Iniciando lote 2/246 [DESPROGAMAR] ===
2026-01-27 15:50:16,361 - INFO - Data hoje: 27/01/2026
2026-01-27 15:50:16,361 - INFO - Data de referência: 31/01/2026
2026-01-27 15:57:22,727 - INFO - Data hoje: 27/01/2026
2026-01-27 15:57:22,728 - INFO - Data de referência: 31/01/2026
2026-01-27 15:58:31,863 - INFO - 
Qtde OS de LINHA VIVA: 2862
2026-01-27 15:58:31,863 - INFO - Qtde OS poda de LINHA MORTA: 1073
2026-01-27 15:58:31,863 - INFO - 
Qtde OS estrutural de LINHA MORTA : 36
2026-01-27 15:58:31,863 - INFO - Qtde OS poda de LINHA MORTA fora carteira: 1724
2026-01-27 15:58:31,863 - INFO - Qtde OS para desprogramar: 4552
2026-01-27 15:58:31,863 - INFO - 
 Qtd de lotes de LM: 43
2026-01-27 15:58:31,863 - INFO - 
 Qtd de lotes de LV: 115
2026-01-27 15:58:31,863 - INFO - 
 Qtd de lotes de ESTRUTURAL LM: 2
2026-01-27 15:58:31,863 - INFO - 
 Qtd de lotes de LEVE: 69
2026-01-27 15:58:31,863 - INFO - 
 Qtd de lotes para desprogramar: 183
2026-01-27 15:58:31,863 - INFO - 
=== Iniciando lote 2/183 [DESPROGAMAR] ===
2026-01-27 15:58:38,341 - INFO - Janela de seleção aberta
2026-01-27 15:58:42,566 - INFO - DEBUG: idx=1, inicio=25, fim=50
2026-01-27 15:58:42,566 - INFO - ✅ 25 OS copiadas para a área de transferência.
2026-01-27 15:58:42,566 - INFO - 📋 Lote 2 copiado.
2026-01-27 15:58:50,901 - INFO - ⌛ Esperando mudança visual...
2026-01-27 15:58:51,918 - INFO - ⌛ Esperando mudança visual...
2026-01-27 15:58:52,920 - INFO - ⌛ Esperando mudança visual...
2026-01-27 15:58:53,932 - INFO - ⌛ Esperando mudança visual...
2026-01-27 15:58:54,947 - INFO - ⌛ Esperando mudança visual...
2026-01-27 15:58:55,962 - INFO - ⌛ Esperando mudança visual...
2026-01-27 15:58:56,979 - INFO - ⌛ Esperando mudança visual...
2026-01-27 15:58:57,983 - INFO - ⌛ Esperando mudança visual...
2026-01-27 15:58:58,999 - INFO - ⌛ Esperando mudança visual...
2026-01-27 15:59:00,008 - INFO - ⌛ Esperando mudança visual...
2026-01-27 15:59:01,040 - INFO - ⌛ Esperando mudança visual...
2026-01-27 15:59:02,056 - INFO - ⌛ Esperando mudança visual...
2026-01-27 15:59:03,072 - INFO - ✅ Tela carregada!
2026-01-27 15:59:13,568 - INFO - ⌛ Aguardando janela de confirmação de desbloqueio...
2026-01-27 15:59:24,001 - INFO - ⌛ Aguardando janela de confirmação de desbloqueio...
2026-01-27 15:59:34,380 - INFO - 🟨 Registros desbloqueados com sucesso
2026-01-27 16:05:20,369 - INFO - Data hoje: 27/01/2026
2026-01-27 16:05:20,369 - INFO - Data de referência: 31/01/2026
2026-01-27 18:00:07,085 - INFO - Data hoje: 27/01/2026
2026-01-27 18:00:07,085 - INFO - Data de referência: 31/01/2026
2026-01-27 18:01:03,377 - INFO - 
Qtde OS de LINHA VIVA: 2860
2026-01-27 18:01:03,377 - INFO - Qtde OS poda de LINHA MORTA: 1071
2026-01-27 18:01:03,377 - INFO - 
Qtde OS estrutural de LINHA MORTA : 36
2026-01-27 18:01:03,377 - INFO - Qtde OS poda de LINHA MORTA fora carteira: 1724
2026-01-27 18:01:03,377 - INFO - Qtde OS para desprogramar: 366
2026-01-27 18:01:03,377 - INFO - 
 Qtd de lotes de LM: 43
2026-01-27 18:01:03,377 - INFO - 
 Qtd de lotes de LV: 115
2026-01-27 18:01:03,377 - INFO - 
 Qtd de lotes de ESTRUTURAL LM: 2
2026-01-27 18:01:03,377 - INFO - 
 Qtd de lotes de LEVE: 69
2026-01-27 18:01:03,377 - INFO - 
 Qtd de lotes para desprogramar: 15
2026-01-27 18:01:03,385 - INFO - 
=== Iniciando lote 2/15 [DESPROGAMAR] ===
2026-01-27 18:01:09,784 - INFO - Janela de seleção aberta
2026-01-27 18:01:14,058 - INFO - DEBUG: idx=1, inicio=25, fim=50
2026-01-27 18:01:14,058 - INFO - ✅ 25 OS copiadas para a área de transferência.
2026-01-27 18:01:14,058 - INFO - 📋 Lote 2 copiado.
2026-01-27 18:01:22,403 - INFO - ⌛ Esperando mudança visual...
2026-01-27 18:01:23,411 - INFO - ⌛ Esperando mudança visual...
2026-01-27 18:01:24,419 - INFO - ✅ Tela carregada!
2026-01-27 18:01:34,914 - INFO - ⌛ Aguardando janela de confirmação de desbloqueio...
2026-01-27 18:01:45,327 - INFO - ⌛ Aguardando janela de confirmação de desbloqueio...
2026-01-27 18:01:55,671 - INFO - 🟨 Registros desbloqueados com sucesso
2026-01-27 18:02:10,346 - INFO - ⌛ Aguardando janela de confirmação de desprogramação ...
2026-01-27 18:02:22,875 - INFO - Data hoje: 27/01/2026
2026-01-27 18:02:22,875 - INFO - Data de referência: 31/01/2026
2026-01-27 18:03:24,380 - INFO - 
Qtde OS de LINHA VIVA: 2860
2026-01-27 18:03:24,381 - INFO - Qtde OS poda de LINHA MORTA: 1071
2026-01-27 18:03:24,381 - INFO - 
Qtde OS estrutural de LINHA MORTA : 36
2026-01-27 18:03:24,381 - INFO - Qtde OS poda de LINHA MORTA fora carteira: 1724
2026-01-27 18:03:24,381 - INFO - Qtde OS para desprogramar: 366
2026-01-27 18:03:24,381 - INFO - 
 Qtd de lotes de LM: 43
2026-01-27 18:03:24,381 - INFO - 
 Qtd de lotes de LV: 115
2026-01-27 18:03:24,382 - INFO - 
 Qtd de lotes de ESTRUTURAL LM: 2
2026-01-27 18:03:24,382 - INFO - 
 Qtd de lotes de LEVE: 69
2026-01-27 18:03:24,382 - INFO - 
 Qtd de lotes para desprogramar: 15
2026-01-27 18:03:24,382 - INFO - 
=== Iniciando lote 2/15 [DESPROGAMAR] ===
2026-01-27 18:03:30,784 - INFO - Janela de seleção aberta
2026-01-27 18:03:35,030 - INFO - DEBUG: idx=1, inicio=25, fim=50
2026-01-27 18:03:35,030 - INFO - ✅ 25 OS copiadas para a área de transferência.
2026-01-27 18:03:35,030 - INFO - 📋 Lote 2 copiado.
2026-01-27 18:03:43,355 - INFO - ⌛ Esperando mudança visual...
2026-01-27 18:03:44,361 - INFO - ⌛ Esperando mudança visual...
2026-01-27 18:03:45,394 - INFO - ⌛ Esperando mudança visual...
2026-01-27 18:03:46,410 - INFO - ⌛ Esperando mudança visual...
2026-01-27 18:03:47,426 - INFO - ⌛ Esperando mudança visual...
2026-01-27 18:03:48,441 - INFO - ✅ Tela carregada!
2026-01-27 18:03:58,928 - INFO - ⌛ Aguardando janela de confirmação de desbloqueio...
2026-01-27 18:04:09,300 - INFO - ⌛ Aguardando janela de confirmação de desbloqueio...
2026-01-27 18:04:19,685 - INFO - 🟨 Registros desbloqueados com sucesso
2026-01-27 18:04:34,379 - INFO - ⌛ Aguardando janela de confirmação de desprogramação ...
2026-01-27 18:05:19,437 - INFO - Data hoje: 27/01/2026
2026-01-27 18:05:19,437 - INFO - Data de referência: 31/01/2026
2026-01-27 18:06:21,767 - INFO - 
Qtde OS de LINHA VIVA: 2866
2026-01-27 18:06:21,767 - INFO - Qtde OS poda de LINHA MORTA: 1073
2026-01-27 18:06:21,767 - INFO - 
Qtde OS estrutural de LINHA MORTA : 36
2026-01-27 18:06:21,767 - INFO - Qtde OS poda de LINHA MORTA fora carteira: 1726
2026-01-27 18:06:21,767 - INFO - Qtde OS para desprogramar: 6126
2026-01-27 18:06:21,767 - INFO - 
 Qtd de lotes de LM: 43
2026-01-27 18:06:21,767 - INFO - 
 Qtd de lotes de LV: 115
2026-01-27 18:06:21,767 - INFO - 
 Qtd de lotes de ESTRUTURAL LM: 2
2026-01-27 18:06:21,767 - INFO - 
 Qtd de lotes de LEVE: 70
2026-01-27 18:06:21,767 - INFO - 
 Qtd de lotes para desprogramar: 246
2026-01-27 18:06:21,767 - INFO - 
=== Iniciando lote 2/246 [DESPROGAMAR] ===
2026-01-27 18:06:28,182 - INFO - Janela de seleção aberta
2026-01-27 18:06:32,432 - INFO - DEBUG: idx=1, inicio=25, fim=50
2026-01-27 18:06:32,432 - INFO - ✅ 25 OS copiadas para a área de transferência.
2026-01-27 18:06:32,432 - INFO - 📋 Lote 2 copiado.
2026-01-27 18:06:40,761 - INFO - ⌛ Esperando mudança visual...
2026-01-27 18:06:41,782 - INFO - ⌛ Esperando mudança visual...
2026-01-27 18:06:42,796 - INFO - ⌛ Esperando mudança visual...
2026-01-27 18:06:43,815 - INFO - ⌛ Esperando mudança visual...
2026-01-27 18:06:44,832 - INFO - ⌛ Esperando mudança visual...
2026-01-27 18:06:45,851 - INFO - ⌛ Esperando mudança visual...
2026-01-27 18:06:46,864 - INFO - ⌛ Esperando mudança visual...
2026-01-27 18:06:47,879 - INFO - ⌛ Esperando mudança visual...
2026-01-27 18:06:48,882 - INFO - ⌛ Esperando mudança visual...
2026-01-27 18:06:49,908 - INFO - ⌛ Esperando mudança visual...
2026-01-27 18:06:50,930 - INFO - ⌛ Esperando mudança visual...
2026-01-27 18:06:51,942 - INFO - ✅ Tela carregada!
2026-01-27 18:07:02,432 - INFO - ⌛ Aguardando janela de confirmação de desbloqueio...
2026-01-27 18:07:12,784 - INFO - ⌛ Aguardando janela de confirmação de desbloqueio...
2026-01-27 18:07:23,166 - INFO - 🟨 Registros desbloqueados com sucesso
2026-01-27 18:07:35,741 - INFO - ⌛ Aguardando janela de confirmação de desprogramação ...
2026-01-27 18:07:51,084 - INFO - 🟨 Janela de confirmação de desprogramação detectada
2026-01-27 18:07:54,368 - INFO - 🟨 Janela de aviso de desprogramação detectada
2026-01-27 18:08:06,158 - INFO - 🟨 Janela de confirmação 2 de desprogramação detectada
2026-01-27 18:08:17,797 - INFO - 🟨 lote desprogramado com sucesso
2026-01-27 18:16:30,442 - INFO - Data hoje: 27/01/2026
2026-01-27 18:16:30,442 - INFO - Data de referência: 31/01/2026
2026-01-27 18:17:33,403 - INFO - 
Qtde OS de LINHA VIVA: 2866
2026-01-27 18:17:33,403 - INFO - Qtde OS poda de LINHA MORTA: 1073
2026-01-27 18:17:33,403 - INFO - 
Qtde OS estrutural de LINHA MORTA : 36
2026-01-27 18:17:33,403 - INFO - Qtde OS poda de LINHA MORTA fora carteira: 1726
2026-01-27 18:17:33,403 - INFO - Qtde OS para desprogramar: 6126
2026-01-27 18:17:33,403 - INFO - 
 Qtd de lotes de LM: 43
2026-01-27 18:17:33,403 - INFO - 
 Qtd de lotes de LV: 115
2026-01-27 18:17:33,403 - INFO - 
 Qtd de lotes de ESTRUTURAL LM: 2
2026-01-27 18:17:33,403 - INFO - 
 Qtd de lotes de LEVE: 70
2026-01-27 18:17:33,403 - INFO - 
 Qtd de lotes para desprogramar: 246
2026-01-27 18:17:33,403 - INFO - 
=== Iniciando lote 1/2 [REDES] ===
2026-01-27 18:17:39,801 - INFO - Janela de seleção aberta
2026-01-27 18:17:44,069 - INFO - DEBUG: idx=0, inicio=0, fim=25
2026-01-27 18:17:44,069 - INFO - ✅ 25 OS copiadas para a área de transferência.
2026-01-27 18:17:44,069 - INFO - 📋 Lote 1 copiado.
2026-01-27 18:17:52,399 - INFO - ⌛ Esperando mudança visual...
2026-01-27 18:17:53,407 - INFO - ⌛ Esperando mudança visual...
2026-01-27 18:17:54,428 - INFO - ⌛ Esperando mudança visual...
2026-01-27 18:17:55,458 - INFO - ⌛ Esperando mudança visual...
2026-01-27 18:17:56,472 - INFO - ⌛ Esperando mudança visual...
2026-01-27 18:17:57,493 - INFO - ✅ Tela carregada!
2026-01-27 18:18:07,981 - INFO - ⌛ Aguardando janela de confirmação de desbloqueio...
2026-01-27 18:18:18,354 - INFO - 🟨 Registros desbloqueados com sucesso
2026-01-27 18:18:31,916 - INFO - 🟨 OS programadas detectadas
2026-01-27 18:18:35,072 - INFO - ⌛ Aguardando janela de edição de OS...
2026-01-27 18:18:45,475 - INFO - 🟨 Janela de edição de OS detectada
2026-01-27 18:19:06,839 - INFO - 🟨 Janela de edição de habilidade da turma detectada
2026-01-27 18:19:55,167 - INFO - ⌛ Aguardando detecção do campo de caracteristica 'EQUIPE PRÓPRIA OU EPS' ...
2026-01-27 18:20:07,416 - INFO - ⌛ Aguardando detecção do campo de caracteristica 'EQUIPE PRÓPRIA OU EPS' ...
2026-01-27 18:20:19,667 - INFO - 🟨 campo de caracteristica 'EQUIPE PRÓPRIA OU EPS detectado
2026-01-27 18:20:41,423 - INFO - ⌛ Aguardando confirmação 4 - editar OS...
2026-01-27 18:20:51,787 - INFO - ⌛ Aguardando confirmação 4 - editar OS...
2026-01-27 18:21:02,144 - INFO - ⌛ Aguardando confirmação 4 - editar OS...
2026-01-27 18:21:53,176 - INFO - ⌛ Aguardando janela de confirmação de programação de OS...
2026-01-27 18:22:03,541 - INFO - 🟨 Janela de confirmação de programação de OS detectada
2026-01-27 18:22:06,872 - INFO - ⌛ aguardando janela de programação de lote de OS...
2026-01-27 18:22:17,326 - INFO - 🟨 Janela de aviso de edição de OS programadas detectada
2026-01-27 18:22:21,590 - INFO - ⌛ aguardando janela de programação de lote de OS...
2026-01-27 18:22:32,068 - INFO - 🟨 Janela de aviso de substituição de lote de OS detectada
2026-01-27 18:22:38,349 - INFO - ⌛ aguardando janela de programação de lote de OS...
2026-01-27 18:22:48,809 - INFO - ⌛ aguardando janela de programação de lote de OS...
2026-01-27 18:22:59,246 - INFO - ⌛ aguardando janela de programação de lote de OS...
2026-01-27 18:23:09,723 - INFO - ⌛ aguardando janela de programação de lote de OS...
2026-01-27 18:23:20,179 - INFO - 🟨 Janela de programação de lote de OS detectada
2026-01-27 18:23:47,620 - INFO - ⌛ aguardando janela de confirmação de programação de lote de OS...
2026-01-27 18:23:57,978 - INFO - 🟨 Janela de confirmação de programação de lote de OS detectada
2026-01-27 18:24:02,283 - INFO - ⌛ aguardando confirmação final de programação do lote
2026-01-27 18:24:12,708 - INFO - 🟨 programação do lote 1 efetuado com sucesso
2026-01-27 18:24:22,859 - INFO - 
=== Iniciando lote 2/2 [REDES] ===
2026-01-27 18:24:29,199 - INFO - Janela de seleção aberta
2026-01-27 18:24:33,432 - INFO - DEBUG: idx=1, inicio=25, fim=50
2026-01-27 18:24:33,432 - INFO - ✅ 11 OS copiadas para a área de transferência.
2026-01-27 18:24:33,432 - INFO - 📋 Lote 2 copiado.
2026-01-27 18:24:41,786 - INFO - ⌛ Esperando mudança visual...
2026-01-27 18:24:42,806 - INFO - ⌛ Esperando mudança visual...
2026-01-27 18:24:43,822 - INFO - ⌛ Esperando mudança visual...
2026-01-27 18:24:44,838 - INFO - ⌛ Esperando mudança visual...
2026-01-27 18:24:45,853 - INFO - ⌛ Esperando mudança visual...
2026-01-27 18:24:46,868 - INFO - ⌛ Esperando mudança visual...
2026-01-27 18:24:47,871 - INFO - ⌛ Esperando mudança visual...
2026-01-27 18:24:48,899 - INFO - ⌛ Esperando mudança visual...
2026-01-27 18:24:49,900 - INFO - ⌛ Esperando mudança visual...
2026-01-27 18:24:50,931 - INFO - ✅ Tela carregada!
2026-01-27 18:25:01,416 - INFO - ⌛ Aguardando janela de confirmação de desbloqueio...
2026-01-27 18:25:11,792 - INFO - 🟨 Registros desbloqueados com sucesso
2026-01-27 18:25:25,307 - INFO - 🟨 OS programadas detectadas
2026-01-27 18:25:28,473 - INFO - ⌛ Aguardando janela de edição de OS...
2026-01-27 18:25:38,875 - INFO - 🟨 Janela de edição de OS detectada
2026-01-27 18:26:00,239 - INFO - 🟨 Janela de edição de habilidade da turma detectada
2026-01-27 18:26:48,532 - INFO - ⌛ Aguardando detecção do campo de caracteristica 'EQUIPE PRÓPRIA OU EPS' ...
2026-01-27 18:27:00,788 - INFO - ⌛ Aguardando detecção do campo de caracteristica 'EQUIPE PRÓPRIA OU EPS' ...
2026-01-27 18:27:13,037 - INFO - 🟨 campo de caracteristica 'EQUIPE PRÓPRIA OU EPS detectado
2026-01-27 18:27:34,794 - INFO - ⌛ Aguardando confirmação 4 - editar OS...
2026-01-27 18:27:45,156 - INFO - ⌛ Aguardando confirmação 4 - editar OS...
2026-01-27 18:28:36,187 - INFO - ⌛ Aguardando janela de confirmação de programação de OS...
2026-01-27 18:28:46,563 - INFO - 🟨 Janela de confirmação de programação de OS detectada
2026-01-27 18:28:49,899 - INFO - 🟨 Janela de aviso de edição de OS programadas detectada
2026-01-27 18:28:54,153 - INFO - ⌛ aguardando janela de programação de lote de OS...
2026-01-27 18:29:04,591 - INFO - 🟨 Janela de aviso de substituição de lote de OS detectada
2026-01-27 18:29:10,855 - INFO - ⌛ aguardando janela de programação de lote de OS...
2026-01-27 18:29:21,327 - INFO - 🟨 Janela de programação de lote de OS detectada
2026-01-27 18:29:48,778 - INFO - ⌛ aguardando janela de confirmação de programação de lote de OS...
2026-01-27 18:29:59,156 - INFO - 🟨 Janela de confirmação de programação de lote de OS detectada
2026-01-27 18:30:03,432 - INFO - ⌛ aguardando confirmação final de programação do lote
2026-01-27 18:30:13,855 - INFO - 🟨 programação do lote 2 efetuado com sucesso
2026-01-27 18:30:24,007 - INFO - 
=== Iniciando lote 1/43 [LM] ===
2026-01-27 18:30:30,367 - INFO - Janela de seleção aberta
2026-01-27 18:30:34,594 - INFO - DEBUG: idx=0, inicio=0, fim=25
2026-01-27 18:30:34,594 - INFO - ✅ 25 OS copiadas para a área de transferência.
2026-01-27 18:30:34,594 - INFO - 📋 Lote 1 copiado.
2026-01-27 18:30:42,927 - INFO - ⌛ Esperando mudança visual...
2026-01-27 18:30:43,935 - INFO - ⌛ Esperando mudança visual...
2026-01-27 18:30:44,949 - INFO - ⌛ Esperando mudança visual...
2026-01-27 18:30:45,964 - INFO - ⌛ Esperando mudança visual...
2026-01-27 18:30:46,996 - INFO - ⌛ Esperando mudança visual...
2026-01-27 18:30:48,009 - INFO - ⌛ Esperando mudança visual...
2026-01-27 18:30:49,027 - INFO - ⌛ Esperando mudança visual...
2026-01-27 18:30:50,043 - INFO - ⌛ Esperando mudança visual...
2026-01-27 18:30:51,058 - INFO - ⌛ Esperando mudança visual...
2026-01-27 18:30:52,074 - INFO - ✅ Tela carregada!
2026-01-27 18:31:02,551 - INFO - ⌛ Aguardando janela de confirmação de desbloqueio...
2026-01-27 18:31:12,904 - INFO - 🟨 Registros desbloqueados com sucesso
2026-01-27 18:31:26,434 - INFO - ⌛ Aguardando janela de edição de OS...
2026-01-27 18:31:36,889 - INFO - 🟨 OS programadas detectadas
2026-01-27 18:31:40,041 - INFO - ⌛ Aguardando janela de edição de OS...
2026-01-27 18:31:50,445 - INFO - 🟨 Janela de edição de OS detectada
2026-01-27 18:32:11,801 - INFO - 🟨 Janela de edição de habilidade da turma detectada
2026-01-27 18:33:00,095 - INFO - ⌛ Aguardando detecção do campo de caracteristica 'EQUIPE PRÓPRIA OU EPS' ...
2026-01-27 18:33:12,379 - INFO - ⌛ Aguardando detecção do campo de caracteristica 'EQUIPE PRÓPRIA OU EPS' ...
2026-01-27 18:33:24,630 - INFO - 🟨 campo de caracteristica 'EQUIPE PRÓPRIA OU EPS detectado
2026-01-27 18:33:46,359 - INFO - ⌛ Aguardando confirmação 4 - editar OS...
2026-01-27 18:33:56,706 - INFO - ⌛ Aguardando confirmação 4 - editar OS...
2026-01-27 18:34:07,116 - INFO - ⌛ Aguardando confirmação 4 - editar OS...
2026-01-27 18:34:58,179 - INFO - ⌛ Aguardando janela de confirmação de programação de OS...
2026-01-27 18:35:08,598 - INFO - 🟨 Janela de confirmação de programação de OS detectada
2026-01-27 18:35:11,944 - INFO - ⌛ aguardando janela de programação de lote de OS...
2026-01-27 18:35:22,489 - INFO - 🟨 Janela de aviso de edição de OS programadas detectada
2026-01-27 18:35:26,768 - INFO - ⌛ aguardando janela de programação de lote de OS...
2026-01-27 18:35:37,309 - INFO - 🟨 Janela de aviso de substituição de lote de OS detectada
2026-01-27 18:35:43,589 - INFO - ⌛ aguardando janela de programação de lote de OS...
2026-01-27 18:35:54,181 - INFO - ⌛ aguardando janela de programação de lote de OS...
2026-01-27 18:36:04,791 - INFO - 🟨 Janela de programação de lote de OS detectada
2026-01-27 18:36:32,205 - INFO - ⌛ aguardando janela de confirmação de programação de lote de OS...
2026-01-27 18:36:42,614 - INFO - 🟨 Janela de confirmação de programação de lote de OS detectada
2026-01-27 18:36:46,896 - INFO - ⌛ aguardando confirmação final de programação do lote
2026-01-27 18:36:57,335 - INFO - ⌛ aguardando confirmação final de programação do lote
2026-01-27 18:37:07,822 - INFO - 🟨 programação do lote 1 efetuado com sucesso
2026-01-27 18:37:17,983 - INFO - 
=== Iniciando lote 2/43 [LM] ===
2026-01-27 18:37:24,334 - INFO - Janela de seleção aberta
2026-01-27 18:37:28,572 - INFO - DEBUG: idx=1, inicio=25, fim=50
2026-01-27 18:37:28,572 - INFO - ✅ 25 OS copiadas para a área de transferência.
2026-01-27 18:37:28,572 - INFO - 📋 Lote 2 copiado.
2026-01-27 18:37:36,896 - INFO - ⌛ Esperando mudança visual...
2026-01-27 18:37:37,923 - INFO - ⌛ Esperando mudança visual...
2026-01-27 18:37:38,938 - INFO - ⌛ Esperando mudança visual...
2026-01-27 18:37:39,954 - INFO - ⌛ Esperando mudança visual...
2026-01-27 18:37:40,971 - INFO - ⌛ Esperando mudança visual...
2026-01-27 18:37:41,987 - INFO - ⌛ Esperando mudança visual...
2026-01-27 18:37:43,001 - INFO - ⌛ Esperando mudança visual...
2026-01-27 18:37:44,017 - INFO - ⌛ Esperando mudança visual...
2026-01-27 18:37:45,033 - INFO - ⌛ Esperando mudança visual...
2026-01-27 18:37:46,055 - INFO - ✅ Tela carregada!
2026-01-27 18:37:56,519 - INFO - ⌛ Aguardando janela de confirmação de desbloqueio...
2026-01-27 18:38:06,910 - INFO - ⌛ Aguardando janela de confirmação de desbloqueio...
2026-01-27 18:38:17,323 - INFO - 🟨 Registros desbloqueados com sucesso
2026-01-27 18:38:30,842 - INFO - ⌛ Aguardando janela de edição de OS...
2026-01-27 18:38:41,305 - INFO - 🟨 OS programadas detectadas
2026-01-27 18:38:44,453 - INFO - ⌛ Aguardando janela de edição de OS...
2026-01-27 18:38:54,813 - INFO - 🟨 Janela de edição de OS detectada
2026-01-27 18:39:16,186 - INFO - 🟨 Janela de edição de habilidade da turma detectada
2026-01-27 18:40:04,504 - INFO - ⌛ Aguardando detecção do campo de caracteristica 'EQUIPE PRÓPRIA OU EPS' ...
2026-01-27 18:40:16,757 - INFO - ⌛ Aguardando detecção do campo de caracteristica 'EQUIPE PRÓPRIA OU EPS' ...
2026-01-27 18:40:29,012 - INFO - 🟨 campo de caracteristica 'EQUIPE PRÓPRIA OU EPS detectado
2026-01-27 18:40:50,759 - INFO - ⌛ Aguardando confirmação 4 - editar OS...
2026-01-27 18:41:01,103 - INFO - ⌛ Aguardando confirmação 4 - editar OS...
2026-01-27 18:41:11,465 - INFO - ⌛ Aguardando confirmação 4 - editar OS...
2026-01-27 18:42:02,532 - INFO - ⌛ Aguardando janela de confirmação de programação de OS...
2026-01-27 18:42:12,874 - INFO - 🟨 Janela de confirmação de programação de OS detectada
2026-01-27 18:42:16,209 - INFO - ⌛ aguardando janela de programação de lote de OS...
2026-01-27 18:42:26,678 - INFO - 🟨 Janela de aviso de edição de OS programadas detectada
2026-01-27 18:42:30,947 - INFO - ⌛ aguardando janela de programação de lote de OS...
2026-01-27 18:42:41,431 - INFO - 🟨 Janela de aviso de substituição de lote de OS detectada
2026-01-27 18:42:47,704 - INFO - ⌛ aguardando janela de programação de lote de OS...
2026-01-27 18:42:58,212 - INFO - ⌛ aguardando janela de programação de lote de OS...
2026-01-27 18:42:58,441 - INFO - 🟨 Identificado falha no EQM
2026-01-27 18:43:30,421 - INFO - ⌛ aguardando janela de programação de lote de OS...
2026-01-27 18:43:40,909 - INFO - ⌛ aguardando janela de programação de lote de OS...
2026-01-27 18:43:51,410 - INFO - ⌛ aguardando janela de programação de lote de OS...
2026-01-27 18:44:01,914 - INFO - ⌛ aguardando janela de programação de lote de OS...
2026-01-27 18:44:12,431 - INFO - ⌛ aguardando janela de programação de lote de OS...
2026-01-27 18:44:22,900 - INFO - ⌛ aguardando janela de programação de lote de OS...
2026-01-27 18:44:33,373 - INFO - ⌛ aguardando janela de programação de lote de OS...
2026-01-27 18:44:43,924 - INFO - ⌛ aguardando janela de programação de lote de OS...
2026-01-27 18:44:54,401 - INFO - ⌛ aguardando janela de programação de lote de OS...
2026-01-27 18:45:04,858 - INFO - ⌛ aguardando janela de programação de lote de OS...
2026-01-27 18:45:15,320 - INFO - ⌛ aguardando janela de programação de lote de OS...
2026-01-27 18:45:25,769 - INFO - ⌛ aguardando janela de programação de lote de OS...
2026-01-27 18:45:36,278 - INFO - ⌛ aguardando janela de programação de lote de OS...
2026-01-27 18:45:46,766 - INFO - ⌛ aguardando janela de programação de lote de OS...
2026-01-27 18:45:57,253 - INFO - ⌛ aguardando janela de programação de lote de OS...
2026-01-27 18:46:07,729 - INFO - ⌛ aguardando janela de programação de lote de OS...
2026-01-27 18:46:18,213 - INFO - ⌛ aguardando janela de programação de lote de OS...
2026-01-27 18:46:28,676 - INFO - ⌛ aguardando janela de programação de lote de OS...
2026-01-27 18:46:39,131 - INFO - ⌛ aguardando janela de programação de lote de OS...
2026-01-27 18:46:49,637 - INFO - ⌛ aguardando janela de programação de lote de OS...
2026-01-27 18:47:00,157 - INFO - ⌛ aguardando janela de programação de lote de OS...
2026-01-27 18:47:10,640 - INFO - ⌛ aguardando janela de programação de lote de OS...
2026-01-27 18:47:21,122 - INFO - ⌛ aguardando janela de programação de lote de OS...
2026-01-27 18:47:31,595 - INFO - ⌛ aguardando janela de programação de lote de OS...
2026-01-27 18:47:42,068 - INFO - ⌛ aguardando janela de programação de lote de OS...
2026-01-27 18:47:52,539 - INFO - ⌛ aguardando janela de programação de lote de OS...
2026-01-27 18:48:03,012 - INFO - ⌛ aguardando janela de programação de lote de OS...
2026-01-27 18:48:13,522 - INFO - ⌛ aguardando janela de programação de lote de OS...
2026-01-27 18:48:23,997 - INFO - ⌛ aguardando janela de programação de lote de OS...
2026-01-27 18:48:34,467 - INFO - ⌛ aguardando janela de programação de lote de OS...
2026-01-27 18:48:44,962 - INFO - ⌛ aguardando janela de programação de lote de OS...
2026-01-27 18:48:55,451 - INFO - ⌛ aguardando janela de programação de lote de OS...
2026-01-27 18:49:05,970 - INFO - ⌛ aguardando janela de programação de lote de OS...
2026-01-27 18:49:16,510 - INFO - ⌛ aguardando janela de programação de lote de OS...
2026-01-27 18:49:27,103 - INFO - ⌛ aguardando janela de programação de lote de OS...
2026-01-27 18:49:37,592 - INFO - ⌛ aguardando janela de programação de lote de OS...
2026-01-27 18:49:48,099 - INFO - ⌛ aguardando janela de programação de lote de OS...
2026-01-27 18:49:58,576 - INFO - ⌛ aguardando janela de programação de lote de OS...
2026-01-27 18:50:09,142 - INFO - ⌛ aguardando janela de programação de lote de OS...
2026-01-27 18:50:19,630 - INFO - ⌛ aguardando janela de programação de lote de OS...
2026-01-27 18:50:30,110 - INFO - ⌛ aguardando janela de programação de lote de OS...
2026-01-27 18:50:40,595 - INFO - ⌛ aguardando janela de programação de lote de OS...
2026-01-27 18:50:51,086 - INFO - ⌛ aguardando janela de programação de lote de OS...
2026-01-27 18:51:01,559 - INFO - ⌛ aguardando janela de programação de lote de OS...
2026-01-27 18:51:12,118 - INFO - ⌛ aguardando janela de programação de lote de OS...
2026-01-27 18:51:22,638 - INFO - ⌛ aguardando janela de programação de lote de OS...
2026-01-27 18:51:33,109 - INFO - ⌛ aguardando janela de programação de lote de OS...
2026-01-27 18:51:43,623 - INFO - ⌛ aguardando janela de programação de lote de OS...
2026-01-27 18:51:54,109 - INFO - ⌛ aguardando janela de programação de lote de OS...
2026-01-27 18:52:04,591 - INFO - ⌛ aguardando janela de programação de lote de OS...
2026-01-27 18:52:15,121 - INFO - ⌛ aguardando janela de programação de lote de OS...
2026-01-27 18:52:25,643 - INFO - verificando janela oculta
2026-01-27 18:52:36,120 - INFO - ⏱️ Tempo limite atingido. Abortando seleção
