2026-01-08 11:59:33,525 - INFO - Data hoje: 08/01/2026
2026-01-08 11:59:33,525 - INFO - Data de referência: 31/01/2026
2026-01-08 11:59:40,547 - INFO - 
Qtde LINHA VIVA: 3378
2026-01-08 11:59:40,547 - INFO - Qtde LINHA MORTA/PESADA/FAIXA: 79
2026-01-08 11:59:41,647 - INFO - 
Arquivo gerado: C:\Users\U469784\venvs\py311\bot_programacao\EXCEL\pendentes_20260108.xlsx
2026-01-08 11:59:42,050 - INFO - 
 Qtd de lotes de LM: 4
2026-01-08 11:59:42,050 - INFO - 
 Qtd de lotes de LV: 136
2026-01-08 11:59:42,050 - INFO - 
=== Iniciando lote 1/4 [LM] ===
2026-01-08 11:59:48,475 - INFO - Janela de seleção aberta
2026-01-08 11:59:52,725 - INFO - DEBUG: idx=0, inicio=0, fim=25
2026-01-08 11:59:52,725 - INFO - ✅ 25 OS copiadas para a área de transferência.
2026-01-08 11:59:52,725 - INFO - 📋 Lote 1 copiado.
2026-01-08 12:00:01,044 - INFO - ⌛ Esperando mudança visual...
2026-01-08 12:00:02,061 - INFO - ⌛ Esperando mudança visual...
2026-01-08 12:00:03,078 - INFO - ✅ Tela carregada!
2026-01-08 12:00:13,571 - INFO - ⌛ Aguardando janela de confirmação de desbloqueio...
2026-01-08 12:00:33,930 - INFO - 🟨 Registros desbloqueados com sucesso
2026-01-08 12:00:47,531 - INFO - ⌛ Aguardando janela de edição de OS...
2026-01-08 12:01:17,973 - INFO - 🟨 OS programadas detectadas
2026-01-08 12:01:21,135 - INFO - ⌛ Aguardando janela de edição de OS...
2026-01-08 12:01:51,553 - INFO - 🟨 Janela de edição de OS detectada
2026-01-08 12:02:12,931 - INFO - 🟨 Janela de edição de habilidade da turma detectada
2026-01-08 12:02:58,250 - INFO - ⌛ Aguardando detecção do campo de caracteristica 'EQUIPE PRÓPRIA OU EPS' ...
2026-01-08 12:03:30,497 - INFO - ⌛ Aguardando detecção do campo de caracteristica 'EQUIPE PRÓPRIA OU EPS' ...
2026-01-08 12:04:02,765 - INFO - 🟨 campo de caracteristica 'EQUIPE PRÓPRIA OU EPS detectado
2026-01-08 12:04:24,522 - INFO - ⌛ Aguardando confirmação 4 - editar OS...
2026-01-08 12:04:54,877 - INFO - ⌛ Aguardando confirmação 4 - editar OS...
2026-01-08 12:06:05,910 - INFO - ⌛ Aguardando janela de confirmação de programação de OS...
2026-01-08 12:06:26,245 - INFO - 🟨 Janela de confirmação de programação de OS detectada
2026-01-08 12:06:29,560 - INFO - ⌛ aguardando janela de programação de lote de OS...
2026-01-08 12:06:50,008 - INFO - 🟨 Janela de aviso de edição de OS programadas detectada
2026-01-08 12:06:54,271 - INFO - ⌛ aguardando janela de programação de lote de OS...
2026-01-08 12:07:14,689 - INFO - 🟨 Janela de aviso de substituição de lote de OS detectada
2026-01-08 12:07:20,966 - INFO - ⌛ aguardando janela de programação de lote de OS...
2026-01-08 12:07:41,406 - INFO - 🟨 Janela de programação de lote de OS detectada
2026-01-08 12:08:08,855 - INFO - ⌛ aguardando janela de confirmação de programação de lote de OS...
2026-01-08 12:08:29,240 - INFO - 🟨 Janela de confirmação de programação de lote de OS detectada
2026-01-08 12:08:33,551 - INFO - ⌛ aguardando confirmação final de programação do lote
2026-01-08 12:08:54,035 - INFO - 🟨 programação do lote 1 efetuado com sucesso
2026-01-08 12:09:04,208 - INFO - 
=== Iniciando lote 2/4 [LM] ===
2026-01-08 12:09:10,574 - INFO - Janela de seleção aberta
2026-01-08 12:09:14,808 - INFO - DEBUG: idx=1, inicio=25, fim=50
2026-01-08 12:09:14,808 - INFO - ✅ 25 OS copiadas para a área de transferência.
2026-01-08 12:09:14,808 - INFO - 📋 Lote 2 copiado.
2026-01-08 12:09:23,147 - INFO - ⌛ Esperando mudança visual...
2026-01-08 12:09:24,153 - INFO - ⌛ Esperando mudança visual...
2026-01-08 12:09:25,178 - INFO - ⌛ Esperando mudança visual...
2026-01-08 12:09:26,194 - INFO - ⌛ Esperando mudança visual...
2026-01-08 12:09:27,209 - INFO - ⌛ Esperando mudança visual...
2026-01-08 12:09:28,211 - INFO - ⌛ Esperando mudança visual...
2026-01-08 12:09:29,241 - INFO - ⌛ Esperando mudança visual...
2026-01-08 12:09:30,256 - INFO - ⌛ Esperando mudança visual...
2026-01-08 12:09:31,260 - INFO - ⌛ Esperando mudança visual...
2026-01-08 12:09:32,288 - INFO - ⌛ Esperando mudança visual...
2026-01-08 12:09:33,304 - INFO - ⌛ Esperando mudança visual...
2026-01-08 12:09:34,320 - INFO - ✅ Tela carregada!
2026-01-08 12:09:44,808 - INFO - ⌛ Aguardando janela de confirmação de desbloqueio...
2026-01-08 12:10:05,234 - INFO - 🟨 Registros desbloqueados com sucesso
2026-01-08 12:10:18,849 - INFO - ⌛ Aguardando janela de edição de OS...
2026-01-08 12:10:49,317 - INFO - 🟨 OS programadas detectadas
2026-01-08 12:10:52,496 - INFO - ⌛ Aguardando janela de edição de OS...
2026-01-08 12:11:22,971 - INFO - 🟨 Janela de edição de OS detectada
2026-01-08 12:11:44,361 - INFO - 🟨 Janela de edição de habilidade da turma detectada
2026-01-08 12:12:29,693 - INFO - ⌛ Aguardando detecção do campo de caracteristica 'EQUIPE PRÓPRIA OU EPS' ...
2026-01-08 12:13:01,942 - INFO - ⌛ Aguardando detecção do campo de caracteristica 'EQUIPE PRÓPRIA OU EPS' ...
2026-01-08 12:13:34,206 - INFO - 🟨 campo de caracteristica 'EQUIPE PRÓPRIA OU EPS detectado
2026-01-08 12:13:55,991 - INFO - ⌛ Aguardando confirmação 4 - editar OS...
2026-01-08 12:14:26,473 - INFO - ⌛ Aguardando confirmação 4 - editar OS...
2026-01-08 12:15:37,499 - INFO - ⌛ Aguardando janela de confirmação de programação de OS...
2026-01-08 12:15:57,868 - INFO - 🟨 Janela de confirmação de programação de OS detectada
2026-01-08 12:16:01,176 - INFO - ⌛ aguardando janela de programação de lote de OS...
2026-01-08 12:16:21,612 - INFO - 🟨 Janela de aviso de edição de OS programadas detectada
2026-01-08 12:16:25,876 - INFO - ⌛ aguardando janela de programação de lote de OS...
2026-01-08 12:16:46,325 - INFO - 🟨 Janela de aviso de substituição de lote de OS detectada
2026-01-08 12:16:52,584 - INFO - ⌛ aguardando janela de programação de lote de OS...
2026-01-08 12:17:13,044 - INFO - 🟨 Janela de programação de lote de OS detectada
2026-01-08 12:17:40,473 - INFO - ⌛ aguardando janela de confirmação de programação de lote de OS...
2026-01-08 12:18:00,797 - INFO - 🟨 Janela de confirmação de programação de lote de OS detectada
2026-01-08 12:18:05,067 - INFO - ⌛ aguardando confirmação final de programação do lote
2026-01-08 12:18:25,533 - INFO - 🟨 programação do lote 2 efetuado com sucesso
2026-01-08 12:18:35,714 - INFO - 
=== Iniciando lote 3/4 [LM] ===
2026-01-08 12:18:42,067 - INFO - Janela de seleção aberta
2026-01-08 12:18:46,305 - INFO - DEBUG: idx=2, inicio=50, fim=75
2026-01-08 12:18:46,305 - INFO - ✅ 25 OS copiadas para a área de transferência.
2026-01-08 12:18:46,305 - INFO - 📋 Lote 3 copiado.
2026-01-08 12:18:54,651 - INFO - ⌛ Esperando mudança visual...
2026-01-08 12:18:55,659 - INFO - ⌛ Esperando mudança visual...
2026-01-08 12:18:56,683 - INFO - ⌛ Esperando mudança visual...
2026-01-08 12:18:57,697 - INFO - ⌛ Esperando mudança visual...
2026-01-08 12:18:58,712 - INFO - ⌛ Esperando mudança visual...
2026-01-08 12:18:59,723 - INFO - ⌛ Esperando mudança visual...
2026-01-08 12:19:00,739 - INFO - ⌛ Esperando mudança visual...
2026-01-08 12:19:01,754 - INFO - ⌛ Esperando mudança visual...
2026-01-08 12:19:02,772 - INFO - ⌛ Esperando mudança visual...
2026-01-08 12:19:03,791 - INFO - ⌛ Esperando mudança visual...
2026-01-08 12:19:04,801 - INFO - ✅ Tela carregada!
2026-01-08 12:19:15,286 - INFO - ⌛ Aguardando janela de confirmação de desbloqueio...
2026-01-08 12:19:35,671 - INFO - 🟨 Registros desbloqueados com sucesso
2026-01-08 12:19:49,242 - INFO - ⌛ Aguardando janela de edição de OS...
2026-01-08 12:20:19,641 - INFO - 🟨 OS programadas detectadas
2026-01-08 12:20:22,789 - INFO - ⌛ Aguardando janela de edição de OS...
2026-01-08 12:20:53,181 - INFO - 🟨 Janela de edição de OS detectada
2026-01-08 12:21:14,556 - INFO - 🟨 Janela de edição de habilidade da turma detectada
2026-01-08 12:21:59,877 - INFO - ⌛ Aguardando detecção do campo de caracteristica 'EQUIPE PRÓPRIA OU EPS' ...
2026-01-08 12:22:32,122 - INFO - ⌛ Aguardando detecção do campo de caracteristica 'EQUIPE PRÓPRIA OU EPS' ...
2026-01-08 12:23:04,394 - INFO - 🟨 campo de caracteristica 'EQUIPE PRÓPRIA OU EPS detectado
2026-01-08 12:23:26,133 - INFO - ⌛ Aguardando confirmação 4 - editar OS...
2026-01-08 12:23:56,548 - INFO - ⌛ Aguardando confirmação 4 - editar OS...
2026-01-08 12:25:07,746 - INFO - ⌛ Aguardando janela de confirmação de programação de OS...
2026-01-08 12:25:28,129 - INFO - 🟨 Janela de confirmação de programação de OS detectada
2026-01-08 12:25:31,466 - INFO - ⌛ aguardando janela de programação de lote de OS...
2026-01-08 12:25:51,910 - INFO - 🟨 Janela de aviso de edição de OS programadas detectada
2026-01-08 12:25:56,183 - INFO - ⌛ aguardando janela de programação de lote de OS...
2026-01-08 12:26:16,699 - INFO - 🟨 Janela de aviso de substituição de lote de OS detectada
2026-01-08 12:26:22,958 - INFO - ⌛ aguardando janela de programação de lote de OS...
2026-01-08 12:26:43,462 - INFO - 🟨 Janela de programação de lote de OS detectada
2026-01-08 12:27:10,908 - INFO - ⌛ aguardando janela de confirmação de programação de lote de OS...
2026-01-08 12:27:31,267 - INFO - 🟨 Janela de confirmação de programação de lote de OS detectada
2026-01-08 12:27:35,561 - INFO - ⌛ aguardando confirmação final de programação do lote
2026-01-08 12:27:55,996 - INFO - 🟨 programação do lote 3 efetuado com sucesso
2026-01-08 12:28:06,168 - INFO - 
=== Iniciando lote 4/4 [LM] ===
2026-01-08 12:28:12,518 - INFO - Janela de seleção aberta
2026-01-08 12:28:16,755 - INFO - DEBUG: idx=3, inicio=75, fim=100
2026-01-08 12:28:16,755 - INFO - ✅ 4 OS copiadas para a área de transferência.
2026-01-08 12:28:16,755 - INFO - 📋 Lote 4 copiado.
2026-01-08 12:28:25,090 - INFO - ⌛ Esperando mudança visual...
2026-01-08 12:28:26,099 - INFO - ⌛ Esperando mudança visual...
2026-01-08 12:28:27,115 - INFO - ⌛ Esperando mudança visual...
2026-01-08 12:28:28,131 - INFO - ⌛ Esperando mudança visual...
2026-01-08 12:28:29,137 - INFO - ⌛ Esperando mudança visual...
2026-01-08 12:28:30,160 - INFO - ⌛ Esperando mudança visual...
2026-01-08 12:28:31,178 - INFO - ⌛ Esperando mudança visual...
2026-01-08 12:28:32,189 - INFO - ⌛ Esperando mudança visual...
2026-01-08 12:28:33,206 - INFO - ⌛ Esperando mudança visual...
2026-01-08 12:28:34,229 - INFO - ⌛ Esperando mudança visual...
2026-01-08 12:28:35,235 - INFO - ✅ Tela carregada!
2026-01-08 12:28:45,713 - INFO - ⌛ Aguardando janela de confirmação de desbloqueio...
2026-01-08 12:29:06,084 - INFO - 🟨 Registros desbloqueados com sucesso
2026-01-08 12:29:19,659 - INFO - 🟨 OS programadas detectadas
2026-01-08 12:29:22,828 - INFO - ⌛ Aguardando janela de edição de OS...
2026-01-08 12:29:53,271 - INFO - 🟨 Janela de edição de OS detectada
2026-01-08 12:30:14,655 - INFO - 🟨 Janela de edição de habilidade da turma detectada
2026-01-08 12:30:59,956 - INFO - ⌛ Aguardando detecção do campo de caracteristica 'EQUIPE PRÓPRIA OU EPS' ...
2026-01-08 12:31:32,199 - INFO - ⌛ Aguardando detecção do campo de caracteristica 'EQUIPE PRÓPRIA OU EPS' ...
2026-01-08 12:32:04,468 - INFO - 🟨 campo de caracteristica 'EQUIPE PRÓPRIA OU EPS detectado
2026-01-08 12:32:26,222 - INFO - ⌛ Aguardando confirmação 4 - editar OS...
2026-01-08 12:33:37,290 - INFO - ⌛ Aguardando janela de confirmação de programação de OS...
2026-01-08 12:33:57,646 - INFO - 🟨 Janela de confirmação de programação de OS detectada
2026-01-08 12:34:00,958 - INFO - 🟨 Janela de aviso de edição de OS programadas detectada
2026-01-08 12:34:05,239 - INFO - ⌛ aguardando janela de programação de lote de OS...
2026-01-08 12:34:25,726 - INFO - 🟨 Janela de aviso de substituição de lote de OS detectada
2026-01-08 12:34:32,008 - INFO - ⌛ aguardando janela de programação de lote de OS...
2026-01-08 12:34:52,453 - INFO - 🟨 Janela de programação de lote de OS detectada
2026-01-08 12:35:19,896 - INFO - ⌛ aguardando janela de confirmação de programação de lote de OS...
2026-01-08 12:35:40,251 - INFO - 🟨 Janela de confirmação de programação de lote de OS detectada
2026-01-08 12:35:44,498 - INFO - ⌛ aguardando confirmação final de programação do lote
2026-01-08 12:36:04,869 - INFO - 🟨 programação do lote 4 efetuado com sucesso
2026-01-08 12:36:15,052 - INFO - 
=== Iniciando lote 1/136 [LV] ===
2026-01-08 12:36:21,408 - INFO - Janela de seleção aberta
2026-01-08 12:36:25,647 - INFO - DEBUG: idx=0, inicio=0, fim=25
2026-01-08 12:36:25,647 - INFO - ✅ 25 OS copiadas para a área de transferência.
2026-01-08 12:36:25,647 - INFO - 📋 Lote 1 copiado.
2026-01-08 12:36:33,976 - INFO - ⌛ Esperando mudança visual...
2026-01-08 12:36:34,982 - INFO - ⌛ Esperando mudança visual...
2026-01-08 12:36:35,998 - INFO - ⌛ Esperando mudança visual...
2026-01-08 12:36:37,013 - INFO - ⌛ Esperando mudança visual...
2026-01-08 12:36:38,029 - INFO - ⌛ Esperando mudança visual...
2026-01-08 12:36:39,048 - INFO - ⌛ Esperando mudança visual...
2026-01-08 12:36:40,063 - INFO - ⌛ Esperando mudança visual...
2026-01-08 12:36:41,082 - INFO - ⌛ Esperando mudança visual...
2026-01-08 12:36:42,099 - INFO - ⌛ Esperando mudança visual...
2026-01-08 12:36:43,114 - INFO - ⌛ Esperando mudança visual...
2026-01-08 12:36:44,118 - INFO - ✅ Tela carregada!
2026-01-08 12:36:54,614 - INFO - ⌛ Aguardando janela de confirmação de desbloqueio...
2026-01-08 12:37:14,941 - INFO - 🟨 Registros desbloqueados com sucesso
2026-01-08 12:37:28,517 - INFO - ⌛ Aguardando janela de edição de OS...
2026-01-08 12:37:58,904 - INFO - 🟨 OS programadas detectadas
2026-01-08 12:38:02,064 - INFO - ⌛ Aguardando janela de edição de OS...
2026-01-08 12:38:32,447 - INFO - 🟨 Janela de edição de OS detectada
2026-01-08 12:38:53,801 - INFO - 🟨 Janela de edição de habilidade da turma detectada
2026-01-08 12:39:39,109 - INFO - ⌛ Aguardando detecção do campo de caracteristica 'EQUIPE PRÓPRIA OU EPS' ...
2026-01-08 12:40:11,352 - INFO - ⌛ Aguardando detecção do campo de caracteristica 'EQUIPE PRÓPRIA OU EPS' ...
2026-01-08 12:40:43,604 - INFO - 🟨 campo de caracteristica 'EQUIPE PRÓPRIA OU EPS detectado
2026-01-08 12:41:05,348 - INFO - ⌛ Aguardando confirmação 4 - editar OS...
2026-01-08 12:41:35,681 - INFO - ⌛ Aguardando confirmação 4 - editar OS...
2026-01-08 12:42:46,689 - INFO - ⌛ Aguardando janela de confirmação de programação de OS...
2026-01-08 12:43:07,066 - INFO - 🟨 Janela de confirmação de programação de OS detectada
2026-01-08 12:43:10,437 - INFO - ⌛ aguardando janela de programação de lote de OS...
2026-01-08 12:43:30,929 - INFO - 🟨 Janela de aviso de edição de OS programadas detectada
2026-01-08 12:43:35,186 - INFO - ⌛ aguardando janela de programação de lote de OS...
2026-01-08 12:43:55,796 - INFO - 🟨 Janela de aviso de substituição de lote de OS detectada
2026-01-08 12:44:02,058 - INFO - ⌛ aguardando janela de programação de lote de OS...
2026-01-08 12:44:22,513 - INFO - ⌛ aguardando janela de programação de lote de OS...
2026-01-08 12:44:42,944 - INFO - 🟨 Janela de programação de lote de OS detectada
2026-01-08 12:45:10,357 - INFO - ⌛ aguardando janela de confirmação de programação de lote de OS...
2026-01-08 12:45:30,693 - INFO - 🟨 Janela de confirmação de programação de lote de OS detectada
2026-01-08 12:45:34,952 - INFO - ⌛ aguardando confirmação final de programação do lote
2026-01-08 12:45:55,359 - INFO - 🟨 programação do lote 1 efetuado com sucesso
2026-01-08 12:46:05,513 - INFO - 
=== Iniciando lote 2/136 [LV] ===
2026-01-08 12:46:11,879 - INFO - Janela de seleção aberta
2026-01-08 12:46:16,107 - INFO - DEBUG: idx=1, inicio=25, fim=50
2026-01-08 12:46:16,107 - INFO - ✅ 25 OS copiadas para a área de transferência.
2026-01-08 12:46:16,107 - INFO - 📋 Lote 2 copiado.
2026-01-08 12:46:24,438 - INFO - ⌛ Esperando mudança visual...
2026-01-08 12:46:25,457 - INFO - ⌛ Esperando mudança visual...
2026-01-08 12:46:26,474 - INFO - ⌛ Esperando mudança visual...
2026-01-08 12:46:27,482 - INFO - ⌛ Esperando mudança visual...
2026-01-08 12:46:28,496 - INFO - ⌛ Esperando mudança visual...
2026-01-08 12:46:29,517 - INFO - ⌛ Esperando mudança visual...
2026-01-08 12:46:30,528 - INFO - ⌛ Esperando mudança visual...
2026-01-08 12:46:31,543 - INFO - ⌛ Esperando mudança visual...
2026-01-08 12:46:32,560 - INFO - ⌛ Esperando mudança visual...
2026-01-08 12:46:33,576 - INFO - ⌛ Esperando mudança visual...
2026-01-08 12:46:34,597 - INFO - ✅ Tela carregada!
2026-01-08 12:46:45,090 - INFO - ⌛ Aguardando janela de confirmação de desbloqueio...
2026-01-08 12:47:05,454 - INFO - 🟨 Registros desbloqueados com sucesso
2026-01-08 12:47:19,029 - INFO - ⌛ Aguardando janela de edição de OS...
2026-01-08 12:47:49,453 - INFO - 🟨 OS programadas detectadas
2026-01-08 12:47:52,618 - INFO - ⌛ Aguardando janela de edição de OS...
2026-01-08 12:48:23,001 - INFO - 🟨 Janela de edição de OS detectada
2026-01-08 12:48:44,362 - INFO - 🟨 Janela de edição de habilidade da turma detectada
2026-01-08 12:49:29,711 - INFO - ⌛ Aguardando detecção do campo de caracteristica 'EQUIPE PRÓPRIA OU EPS' ...
2026-01-08 12:50:01,968 - INFO - ⌛ Aguardando detecção do campo de caracteristica 'EQUIPE PRÓPRIA OU EPS' ...
2026-01-08 12:50:34,206 - INFO - 🟨 campo de caracteristica 'EQUIPE PRÓPRIA OU EPS detectado
2026-01-08 12:50:55,961 - INFO - ⌛ Aguardando confirmação 4 - editar OS...
2026-01-08 12:51:26,340 - INFO - ⌛ Aguardando confirmação 4 - editar OS...
2026-01-08 12:52:37,329 - INFO - ⌛ Aguardando janela de confirmação de programação de OS...
2026-01-08 12:52:57,681 - INFO - 🟨 Janela de confirmação de programação de OS detectada
2026-01-08 12:53:00,992 - INFO - ⌛ aguardando janela de programação de lote de OS...
2026-01-08 12:53:21,419 - INFO - 🟨 Janela de aviso de edição de OS programadas detectada
2026-01-08 12:53:25,687 - INFO - ⌛ aguardando janela de programação de lote de OS...
2026-01-08 12:53:46,124 - INFO - 🟨 Janela de aviso de substituição de lote de OS detectada
2026-01-08 12:53:52,397 - INFO - ⌛ aguardando janela de programação de lote de OS...
2026-01-08 12:54:12,857 - INFO - 🟨 Janela de programação de lote de OS detectada
2026-01-08 12:54:40,294 - INFO - ⌛ aguardando janela de confirmação de programação de lote de OS...
2026-01-08 12:55:00,626 - INFO - 🟨 Janela de confirmação de programação de lote de OS detectada
2026-01-08 12:55:04,899 - INFO - ⌛ aguardando confirmação final de programação do lote
2026-01-08 12:55:25,301 - INFO - 🟨 programação do lote 2 efetuado com sucesso
2026-01-08 12:55:35,449 - INFO - 
=== Iniciando lote 3/136 [LV] ===
2026-01-08 12:55:41,821 - INFO - Janela de seleção aberta
2026-01-08 12:55:46,100 - INFO - DEBUG: idx=2, inicio=50, fim=75
2026-01-08 12:55:46,100 - INFO - ✅ 25 OS copiadas para a área de transferência.
2026-01-08 12:55:46,100 - INFO - 📋 Lote 3 copiado.
2026-01-08 12:55:54,430 - INFO - ⌛ Esperando mudança visual...
2026-01-08 12:55:55,432 - INFO - ⌛ Esperando mudança visual...
2026-01-08 12:55:56,461 - INFO - ⌛ Esperando mudança visual...
2026-01-08 12:55:57,471 - INFO - ⌛ Esperando mudança visual...
2026-01-08 12:55:58,489 - INFO - ⌛ Esperando mudança visual...
2026-01-08 12:55:59,507 - INFO - ⌛ Esperando mudança visual...
2026-01-08 12:56:00,519 - INFO - ⌛ Esperando mudança visual...
2026-01-08 12:56:01,528 - INFO - ⌛ Esperando mudança visual...
2026-01-08 12:56:02,555 - INFO - ⌛ Esperando mudança visual...
2026-01-08 12:56:03,570 - INFO - ✅ Tela carregada!
2026-01-08 12:56:14,072 - INFO - ⌛ Aguardando janela de confirmação de desbloqueio...
2026-01-08 12:56:34,436 - INFO - 🟨 Registros desbloqueados com sucesso
2026-01-08 12:56:48,032 - INFO - ⌛ Aguardando janela de edição de OS...
2026-01-08 12:57:18,419 - INFO - 🟨 OS programadas detectadas
2026-01-08 12:57:21,572 - INFO - ⌛ Aguardando janela de edição de OS...
2026-01-08 12:57:51,971 - INFO - 🟨 Janela de edição de OS detectada
2026-01-08 12:58:13,325 - INFO - 🟨 Janela de edição de habilidade da turma detectada
2026-01-08 12:58:58,646 - INFO - ⌛ Aguardando detecção do campo de caracteristica 'EQUIPE PRÓPRIA OU EPS' ...
2026-01-08 12:59:30,905 - INFO - ⌛ Aguardando detecção do campo de caracteristica 'EQUIPE PRÓPRIA OU EPS' ...
2026-01-08 13:00:03,153 - INFO - 🟨 campo de caracteristica 'EQUIPE PRÓPRIA OU EPS detectado
2026-01-08 13:00:24,890 - INFO - ⌛ Aguardando confirmação 4 - editar OS...
2026-01-08 13:00:55,235 - INFO - ⌛ Aguardando confirmação 4 - editar OS...
2026-01-08 13:02:06,264 - INFO - ⌛ Aguardando janela de confirmação de programação de OS...
2026-01-08 13:02:26,624 - INFO - 🟨 Janela de confirmação de programação de OS detectada
2026-01-08 13:02:29,976 - INFO - ⌛ aguardando janela de programação de lote de OS...
2026-01-08 13:02:50,419 - INFO - 🟨 Janela de aviso de edição de OS programadas detectada
2026-01-08 13:02:54,694 - INFO - ⌛ aguardando janela de programação de lote de OS...
2026-01-08 13:03:15,137 - INFO - 🟨 Janela de aviso de substituição de lote de OS detectada
2026-01-08 13:03:21,404 - INFO - ⌛ aguardando janela de programação de lote de OS...
2026-01-08 13:03:41,848 - INFO - 🟨 Janela de programação de lote de OS detectada
2026-01-08 13:04:09,364 - INFO - ⌛ aguardando janela de confirmação de programação de lote de OS...
2026-01-08 13:04:29,790 - INFO - 🟨 Janela de confirmação de programação de lote de OS detectada
2026-01-08 13:04:34,079 - INFO - ⌛ aguardando confirmação final de programação do lote
2026-01-08 13:04:54,533 - INFO - 🟨 programação do lote 3 efetuado com sucesso
2026-01-08 13:05:04,697 - INFO - 
=== Iniciando lote 4/136 [LV] ===
2026-01-08 13:05:11,053 - INFO - Janela de seleção aberta
2026-01-08 13:05:15,291 - INFO - DEBUG: idx=3, inicio=75, fim=100
2026-01-08 13:05:15,291 - INFO - ✅ 25 OS copiadas para a área de transferência.
2026-01-08 13:05:15,291 - INFO - 📋 Lote 4 copiado.
2026-01-08 13:05:23,619 - INFO - ⌛ Esperando mudança visual...
2026-01-08 13:05:24,628 - INFO - ⌛ Esperando mudança visual...
2026-01-08 13:05:25,645 - INFO - ⌛ Esperando mudança visual...
2026-01-08 13:05:26,659 - INFO - ⌛ Esperando mudança visual...
2026-01-08 13:05:27,678 - INFO - ⌛ Esperando mudança visual...
2026-01-08 13:05:28,697 - INFO - ⌛ Esperando mudança visual...
2026-01-08 13:05:29,711 - INFO - ⌛ Esperando mudança visual...
2026-01-08 13:05:30,722 - INFO - ⌛ Esperando mudança visual...
2026-01-08 13:05:31,738 - INFO - ⌛ Esperando mudança visual...
2026-01-08 13:05:32,752 - INFO - ✅ Tela carregada!
2026-01-08 13:05:43,242 - INFO - ⌛ Aguardando janela de confirmação de desbloqueio...
2026-01-08 13:06:03,618 - INFO - 🟨 Registros desbloqueados com sucesso
2026-01-08 13:06:17,197 - INFO - ⌛ Aguardando janela de edição de OS...
2026-01-08 13:06:47,599 - INFO - 🟨 OS programadas detectadas
2026-01-08 13:06:50,764 - INFO - ⌛ Aguardando janela de edição de OS...
2026-01-08 13:07:21,165 - INFO - 🟨 Janela de edição de OS detectada
2026-01-08 13:07:42,530 - INFO - 🟨 Janela de edição de habilidade da turma detectada
2026-01-08 13:08:27,850 - INFO - ⌛ Aguardando detecção do campo de caracteristica 'EQUIPE PRÓPRIA OU EPS' ...
2026-01-08 13:09:00,122 - INFO - ⌛ Aguardando detecção do campo de caracteristica 'EQUIPE PRÓPRIA OU EPS' ...
2026-01-08 13:09:32,378 - INFO - 🟨 campo de caracteristica 'EQUIPE PRÓPRIA OU EPS detectado
2026-01-08 13:09:54,089 - INFO - ⌛ Aguardando confirmação 4 - editar OS...
2026-01-08 13:10:24,473 - INFO - ⌛ Aguardando confirmação 4 - editar OS...
2026-01-08 13:11:35,522 - INFO - ⌛ Aguardando janela de confirmação de programação de OS...
2026-01-08 13:11:55,898 - INFO - 🟨 Janela de confirmação de programação de OS detectada
2026-01-08 13:11:59,242 - INFO - ⌛ aguardando janela de programação de lote de OS...
2026-01-08 13:12:19,698 - INFO - 🟨 Janela de aviso de edição de OS programadas detectada
2026-01-08 13:12:23,967 - INFO - ⌛ aguardando janela de programação de lote de OS...
2026-01-08 13:12:44,416 - INFO - 🟨 Janela de aviso de substituição de lote de OS detectada
2026-01-08 13:12:50,676 - INFO - ⌛ aguardando janela de programação de lote de OS...
2026-01-08 13:13:11,122 - INFO - 🟨 Janela de programação de lote de OS detectada
2026-01-08 13:13:38,574 - INFO - ⌛ aguardando janela de confirmação de programação de lote de OS...
2026-01-08 13:13:58,900 - INFO - 🟨 Janela de confirmação de programação de lote de OS detectada
2026-01-08 13:14:03,193 - INFO - ⌛ aguardando confirmação final de programação do lote
2026-01-08 13:14:23,651 - INFO - 🟨 programação do lote 4 efetuado com sucesso
2026-01-08 13:14:33,818 - INFO - 
=== Iniciando lote 5/136 [LV] ===
2026-01-08 13:14:40,195 - INFO - Janela de seleção aberta
2026-01-08 13:14:44,425 - INFO - DEBUG: idx=4, inicio=100, fim=125
2026-01-08 13:14:44,429 - INFO - ✅ 25 OS copiadas para a área de transferência.
2026-01-08 13:14:44,429 - INFO - 📋 Lote 5 copiado.
2026-01-08 13:14:52,757 - INFO - ⌛ Esperando mudança visual...
2026-01-08 13:14:53,767 - INFO - ⌛ Esperando mudança visual...
2026-01-08 13:14:54,784 - INFO - ⌛ Esperando mudança visual...
2026-01-08 13:14:55,800 - INFO - ⌛ Esperando mudança visual...
2026-01-08 13:14:56,816 - INFO - ⌛ Esperando mudança visual...
2026-01-08 13:14:57,829 - INFO - ⌛ Esperando mudança visual...
2026-01-08 13:14:58,853 - INFO - ⌛ Esperando mudança visual...
2026-01-08 13:14:59,864 - INFO - ⌛ Esperando mudança visual...
2026-01-08 13:15:00,886 - INFO - ⌛ Esperando mudança visual...
2026-01-08 13:15:01,894 - INFO - ✅ Tela carregada!
2026-01-08 13:15:12,389 - INFO - ⌛ Aguardando janela de confirmação de desbloqueio...
2026-01-08 13:15:32,771 - INFO - 🟨 Registros desbloqueados com sucesso
2026-01-08 13:15:46,343 - INFO - ⌛ Aguardando janela de edição de OS...
2026-01-08 13:16:16,768 - INFO - 🟨 OS programadas detectadas
2026-01-08 13:16:19,935 - INFO - ⌛ Aguardando janela de edição de OS...
2026-01-08 13:16:50,322 - INFO - 🟨 Janela de edição de OS detectada
2026-01-08 13:17:11,713 - INFO - 🟨 Janela de edição de habilidade da turma detectada
2026-01-08 13:17:57,033 - INFO - ⌛ Aguardando detecção do campo de caracteristica 'EQUIPE PRÓPRIA OU EPS' ...
2026-01-08 13:18:29,279 - INFO - ⌛ Aguardando detecção do campo de caracteristica 'EQUIPE PRÓPRIA OU EPS' ...
2026-01-08 13:19:01,526 - INFO - 🟨 campo de caracteristica 'EQUIPE PRÓPRIA OU EPS detectado
2026-01-08 13:19:23,263 - INFO - ⌛ Aguardando confirmação 4 - editar OS...
2026-01-08 13:19:53,623 - INFO - ⌛ Aguardando confirmação 4 - editar OS...
2026-01-08 13:21:04,602 - INFO - ⌛ Aguardando janela de confirmação de programação de OS...
2026-01-08 13:21:24,926 - INFO - 🟨 Janela de confirmação de programação de OS detectada
2026-01-08 13:21:28,241 - INFO - 🟨 Janela de aviso de edição de OS programadas detectada
2026-01-08 13:21:32,509 - INFO - ⌛ aguardando janela de programação de lote de OS...
2026-01-08 13:21:52,975 - INFO - 🟨 Janela de aviso de substituição de lote de OS detectada
2026-01-08 13:21:59,252 - INFO - ⌛ aguardando janela de programação de lote de OS...
2026-01-08 13:22:19,755 - INFO - 🟨 Janela de programação de lote de OS detectada
2026-01-08 13:22:47,218 - INFO - ⌛ aguardando janela de confirmação de programação de lote de OS...
2026-01-08 13:23:07,556 - INFO - 🟨 Janela de confirmação de programação de lote de OS detectada
2026-01-08 13:23:11,826 - INFO - ⌛ aguardando confirmação final de programação do lote
2026-01-08 13:23:32,216 - INFO - 🟨 programação do lote 5 efetuado com sucesso
2026-01-08 13:23:42,372 - INFO - 
=== Iniciando lote 6/136 [LV] ===
2026-01-08 13:23:48,733 - INFO - Janela de seleção aberta
2026-01-08 13:23:52,957 - INFO - DEBUG: idx=5, inicio=125, fim=150
2026-01-08 13:23:52,957 - INFO - ✅ 25 OS copiadas para a área de transferência.
2026-01-08 13:23:52,957 - INFO - 📋 Lote 6 copiado.
2026-01-08 13:24:01,330 - INFO - ⌛ Esperando mudança visual...
2026-01-08 13:24:02,345 - INFO - ⌛ Esperando mudança visual...
2026-01-08 13:24:03,364 - INFO - ⌛ Esperando mudança visual...
2026-01-08 13:24:04,380 - INFO - ⌛ Esperando mudança visual...
2026-01-08 13:24:05,396 - INFO - ⌛ Esperando mudança visual...
2026-01-08 13:24:06,415 - INFO - ⌛ Esperando mudança visual...
2026-01-08 13:24:07,422 - INFO - ⌛ Esperando mudança visual...
2026-01-08 13:24:08,443 - INFO - ⌛ Esperando mudança visual...
2026-01-08 13:24:09,458 - INFO - ⌛ Esperando mudança visual...
2026-01-08 13:24:10,474 - INFO - ✅ Tela carregada!
2026-01-08 13:24:20,941 - INFO - ⌛ Aguardando janela de confirmação de desbloqueio...
2026-01-08 13:24:41,302 - INFO - 🟨 Registros desbloqueados com sucesso
2026-01-08 13:24:54,885 - INFO - ⌛ Aguardando janela de edição de OS...
2026-01-08 13:25:25,287 - INFO - 🟨 OS programadas detectadas
2026-01-08 13:25:28,468 - INFO - ⌛ Aguardando janela de edição de OS...
2026-01-08 13:25:58,893 - INFO - 🟨 Janela de edição de OS detectada
2026-01-08 13:26:20,257 - INFO - 🟨 Janela de edição de habilidade da turma detectada
2026-01-08 13:27:05,575 - INFO - ⌛ Aguardando detecção do campo de caracteristica 'EQUIPE PRÓPRIA OU EPS' ...
2026-01-08 13:27:37,830 - INFO - ⌛ Aguardando detecção do campo de caracteristica 'EQUIPE PRÓPRIA OU EPS' ...
2026-01-08 13:28:10,090 - INFO - 🟨 campo de caracteristica 'EQUIPE PRÓPRIA OU EPS detectado
2026-01-08 13:28:31,826 - INFO - ⌛ Aguardando confirmação 4 - editar OS...
2026-01-08 13:29:02,178 - INFO - ⌛ Aguardando confirmação 4 - editar OS...
2026-01-08 13:30:13,174 - INFO - ⌛ Aguardando janela de confirmação de programação de OS...
2026-01-08 13:30:33,495 - INFO - 🟨 Janela de confirmação de programação de OS detectada
2026-01-08 13:30:36,792 - INFO - 🟨 Janela de aviso de edição de OS programadas detectada
2026-01-08 13:30:41,069 - INFO - ⌛ aguardando janela de programação de lote de OS...
2026-01-08 13:31:01,498 - INFO - 🟨 Janela de aviso de substituição de lote de OS detectada
2026-01-08 13:31:07,773 - INFO - ⌛ aguardando janela de programação de lote de OS...
2026-01-08 13:31:28,197 - INFO - ⌛ aguardando janela de programação de lote de OS...
2026-01-08 13:31:48,627 - INFO - 🟨 Janela de programação de lote de OS detectada
2026-01-08 13:32:16,059 - INFO - ⌛ aguardando janela de confirmação de programação de lote de OS...
2026-01-08 13:32:36,385 - INFO - 🟨 Janela de confirmação de programação de lote de OS detectada
2026-01-08 13:32:40,651 - INFO - ⌛ aguardando confirmação final de programação do lote
2026-01-08 13:33:01,044 - INFO - 🟨 programação do lote 6 efetuado com sucesso
2026-01-08 13:33:11,213 - INFO - 
=== Iniciando lote 7/136 [LV] ===
2026-01-08 13:33:17,570 - INFO - Janela de seleção aberta
2026-01-08 13:33:21,807 - INFO - DEBUG: idx=6, inicio=150, fim=175
2026-01-08 13:33:21,807 - INFO - ✅ 25 OS copiadas para a área de transferência.
2026-01-08 13:33:21,807 - INFO - 📋 Lote 7 copiado.
2026-01-08 13:33:30,136 - INFO - ⌛ Esperando mudança visual...
2026-01-08 13:33:31,150 - INFO - ⌛ Esperando mudança visual...
2026-01-08 13:33:32,164 - INFO - ⌛ Esperando mudança visual...
2026-01-08 13:33:33,178 - INFO - ⌛ Esperando mudança visual...
2026-01-08 13:33:34,194 - INFO - ⌛ Esperando mudança visual...
2026-01-08 13:33:35,210 - INFO - ⌛ Esperando mudança visual...
2026-01-08 13:33:36,232 - INFO - ⌛ Esperando mudança visual...
2026-01-08 13:33:37,249 - INFO - ⌛ Esperando mudança visual...
2026-01-08 13:33:38,264 - INFO - ⌛ Esperando mudança visual...
2026-01-08 13:33:39,278 - INFO - ⌛ Esperando mudança visual...
2026-01-08 13:33:40,291 - INFO - ⌛ Esperando mudança visual...
2026-01-08 13:33:41,310 - INFO - ✅ Tela carregada!
2026-01-08 13:33:51,789 - INFO - ⌛ Aguardando janela de confirmação de desbloqueio...
2026-01-08 13:34:12,159 - INFO - 🟨 Registros desbloqueados com sucesso
2026-01-08 13:34:25,734 - INFO - ⌛ Aguardando janela de edição de OS...
2026-01-08 13:34:56,143 - INFO - 🟨 OS programadas detectadas
2026-01-08 13:34:59,294 - INFO - ⌛ Aguardando janela de edição de OS...
2026-01-08 13:35:29,663 - INFO - 🟨 Janela de edição de OS detectada
2026-01-08 13:35:51,038 - INFO - 🟨 Janela de edição de habilidade da turma detectada
2026-01-08 13:36:36,356 - INFO - ⌛ Aguardando detecção do campo de caracteristica 'EQUIPE PRÓPRIA OU EPS' ...
2026-01-08 13:37:08,617 - INFO - ⌛ Aguardando detecção do campo de caracteristica 'EQUIPE PRÓPRIA OU EPS' ...
2026-01-08 13:37:40,878 - INFO - 🟨 campo de caracteristica 'EQUIPE PRÓPRIA OU EPS detectado
2026-01-08 13:38:02,612 - INFO - ⌛ Aguardando confirmação 4 - editar OS...
2026-01-08 13:38:32,956 - INFO - ⌛ Aguardando confirmação 4 - editar OS...
2026-01-08 13:39:43,920 - INFO - ⌛ Aguardando janela de confirmação de programação de OS...
2026-01-08 13:40:04,258 - INFO - 🟨 Janela de confirmação de programação de OS detectada
2026-01-08 13:40:07,547 - INFO - 🟨 Janela de aviso de edição de OS programadas detectada
2026-01-08 13:40:11,822 - INFO - ⌛ aguardando janela de programação de lote de OS...
2026-01-08 13:40:32,257 - INFO - 🟨 Janela de aviso de substituição de lote de OS detectada
2026-01-08 13:40:38,512 - INFO - ⌛ aguardando janela de programação de lote de OS...
2026-01-08 13:40:58,944 - INFO - ⌛ aguardando janela de programação de lote de OS...
2026-01-08 13:41:19,390 - INFO - 🟨 Janela de programação de lote de OS detectada
2026-01-08 13:41:46,820 - INFO - ⌛ aguardando janela de confirmação de programação de lote de OS...
2026-01-08 13:42:07,174 - INFO - 🟨 Janela de confirmação de programação de lote de OS detectada
2026-01-08 13:42:11,435 - INFO - ⌛ aguardando confirmação final de programação do lote
2026-01-08 13:42:31,881 - INFO - 🟨 programação do lote 7 efetuado com sucesso
2026-01-08 13:42:42,048 - INFO - 
=== Iniciando lote 8/136 [LV] ===
2026-01-08 13:42:48,401 - INFO - Janela de seleção aberta
2026-01-08 13:42:52,636 - INFO - DEBUG: idx=7, inicio=175, fim=200
2026-01-08 13:42:52,636 - INFO - ✅ 25 OS copiadas para a área de transferência.
2026-01-08 13:42:52,636 - INFO - 📋 Lote 8 copiado.
2026-01-08 13:43:00,965 - INFO - ⌛ Esperando mudança visual...
2026-01-08 13:43:01,990 - INFO - ⌛ Esperando mudança visual...
2026-01-08 13:43:03,005 - INFO - ⌛ Esperando mudança visual...
2026-01-08 13:43:04,020 - INFO - ⌛ Esperando mudança visual...
2026-01-08 13:43:05,037 - INFO - ⌛ Esperando mudança visual...
2026-01-08 13:43:06,050 - INFO - ⌛ Esperando mudança visual...
2026-01-08 13:43:07,061 - INFO - ⌛ Esperando mudança visual...
2026-01-08 13:43:08,077 - INFO - ⌛ Esperando mudança visual...
2026-01-08 13:43:09,100 - INFO - ⌛ Esperando mudança visual...
2026-01-08 13:43:10,118 - INFO - ⌛ Esperando mudança visual...
2026-01-08 13:43:11,123 - INFO - ⌛ Esperando mudança visual...
2026-01-08 13:43:12,149 - INFO - ✅ Tela carregada!
2026-01-08 13:43:22,615 - INFO - ⌛ Aguardando janela de confirmação de desbloqueio...
2026-01-08 13:43:42,986 - INFO - 🟨 Registros desbloqueados com sucesso
2026-01-08 13:43:56,693 - INFO - ⌛ Aguardando janela de edição de OS...
2026-01-08 13:44:27,239 - INFO - 🟨 OS programadas detectadas
2026-01-08 13:44:30,405 - INFO - ⌛ Aguardando janela de edição de OS...
2026-01-08 13:45:00,812 - INFO - 🟨 Janela de edição de OS detectada
2026-01-08 13:45:22,172 - INFO - 🟨 Janela de edição de habilidade da turma detectada
2026-01-08 13:46:07,486 - INFO - ⌛ Aguardando detecção do campo de caracteristica 'EQUIPE PRÓPRIA OU EPS' ...
2026-01-08 13:46:39,746 - INFO - ⌛ Aguardando detecção do campo de caracteristica 'EQUIPE PRÓPRIA OU EPS' ...
2026-01-08 13:47:11,994 - INFO - 🟨 campo de caracteristica 'EQUIPE PRÓPRIA OU EPS detectado
2026-01-08 13:47:33,726 - INFO - ⌛ Aguardando confirmação 4 - editar OS...
2026-01-08 13:48:04,077 - INFO - ⌛ Aguardando confirmação 4 - editar OS...
2026-01-08 13:49:15,079 - INFO - ⌛ Aguardando janela de confirmação de programação de OS...
2026-01-08 13:49:35,453 - INFO - 🟨 Janela de confirmação de programação de OS detectada
2026-01-08 13:49:38,766 - INFO - 🟨 Janela de aviso de edição de OS programadas detectada
2026-01-08 13:49:43,040 - INFO - ⌛ aguardando janela de programação de lote de OS...
2026-01-08 13:50:03,482 - INFO - 🟨 Janela de aviso de substituição de lote de OS detectada
2026-01-08 13:50:09,748 - INFO - ⌛ aguardando janela de programação de lote de OS...
2026-01-08 13:50:30,166 - INFO - ⌛ aguardando janela de programação de lote de OS...
2026-01-08 13:50:50,586 - INFO - 🟨 Janela de programação de lote de OS detectada
2026-01-08 13:51:18,027 - INFO - ⌛ aguardando janela de confirmação de programação de lote de OS...
2026-01-08 13:51:38,363 - INFO - 🟨 Janela de confirmação de programação de lote de OS detectada
2026-01-08 13:51:42,622 - INFO - ⌛ aguardando confirmação final de programação do lote
2026-01-08 13:52:03,030 - INFO - 🟨 programação do lote 8 efetuado com sucesso
2026-01-08 13:52:13,199 - INFO - 
=== Iniciando lote 9/136 [LV] ===
2026-01-08 13:52:19,555 - INFO - Janela de seleção aberta
2026-01-08 13:52:23,802 - INFO - DEBUG: idx=8, inicio=200, fim=225
2026-01-08 13:52:23,802 - INFO - ✅ 25 OS copiadas para a área de transferência.
2026-01-08 13:52:23,802 - INFO - 📋 Lote 9 copiado.
2026-01-08 13:52:32,127 - INFO - ⌛ Esperando mudança visual...
2026-01-08 13:52:33,136 - INFO - ⌛ Esperando mudança visual...
2026-01-08 13:52:34,152 - INFO - ⌛ Esperando mudança visual...
2026-01-08 13:52:35,166 - INFO - ⌛ Esperando mudança visual...
2026-01-08 13:52:36,183 - INFO - ⌛ Esperando mudança visual...
2026-01-08 13:52:37,199 - INFO - ⌛ Esperando mudança visual...
2026-01-08 13:52:38,215 - INFO - ⌛ Esperando mudança visual...
2026-01-08 13:52:39,234 - INFO - ⌛ Esperando mudança visual...
2026-01-08 13:52:40,244 - INFO - ⌛ Esperando mudança visual...
2026-01-08 13:52:41,263 - INFO - ⌛ Esperando mudança visual...
2026-01-08 13:52:42,277 - INFO - ⌛ Esperando mudança visual...
2026-01-08 13:52:43,296 - INFO - ✅ Tela carregada!
2026-01-08 13:52:53,756 - INFO - ⌛ Aguardando janela de confirmação de desbloqueio...
2026-01-08 13:53:14,077 - INFO - 🟨 Registros desbloqueados com sucesso
2026-01-08 13:53:27,658 - INFO - ⌛ Aguardando janela de edição de OS...
2026-01-08 13:53:58,038 - INFO - 🟨 OS programadas detectadas
2026-01-08 13:54:01,198 - INFO - ⌛ Aguardando janela de edição de OS...
2026-01-08 13:54:31,606 - INFO - 🟨 Janela de edição de OS detectada
2026-01-08 13:54:52,958 - INFO - 🟨 Janela de edição de habilidade da turma detectada
2026-01-08 13:55:38,266 - INFO - ⌛ Aguardando detecção do campo de caracteristica 'EQUIPE PRÓPRIA OU EPS' ...
2026-01-08 13:56:10,520 - INFO - ⌛ Aguardando detecção do campo de caracteristica 'EQUIPE PRÓPRIA OU EPS' ...
2026-01-08 13:56:42,774 - INFO - 🟨 campo de caracteristica 'EQUIPE PRÓPRIA OU EPS detectado
2026-01-08 13:57:04,515 - INFO - ⌛ Aguardando confirmação 4 - editar OS...
2026-01-08 13:57:34,879 - INFO - ⌛ Aguardando confirmação 4 - editar OS...
2026-01-08 13:58:45,865 - INFO - ⌛ Aguardando janela de confirmação de programação de OS...
2026-01-08 13:59:06,202 - INFO - 🟨 Janela de confirmação de programação de OS detectada
2026-01-08 13:59:09,507 - INFO - 🟨 Janela de aviso de edição de OS programadas detectada
2026-01-08 13:59:13,778 - INFO - ⌛ aguardando janela de programação de lote de OS...
2026-01-08 13:59:34,206 - INFO - 🟨 Janela de aviso de substituição de lote de OS detectada
2026-01-08 13:59:40,483 - INFO - ⌛ aguardando janela de programação de lote de OS...
2026-01-08 14:00:00,910 - INFO - 🟨 Janela de programação de lote de OS detectada
2026-01-08 14:00:28,349 - INFO - ⌛ aguardando janela de confirmação de programação de lote de OS...
2026-01-08 14:00:48,680 - INFO - 🟨 Janela de confirmação de programação de lote de OS detectada
2026-01-08 14:00:52,970 - INFO - ⌛ aguardando confirmação final de programação do lote
2026-01-08 14:01:13,387 - INFO - 🟨 programação do lote 9 efetuado com sucesso
2026-01-08 14:01:23,539 - INFO - 
=== Iniciando lote 10/136 [LV] ===
2026-01-08 14:01:29,895 - INFO - Janela de seleção aberta
2026-01-08 14:01:34,142 - INFO - DEBUG: idx=9, inicio=225, fim=250
2026-01-08 14:01:34,142 - INFO - ✅ 25 OS copiadas para a área de transferência.
2026-01-08 14:01:34,142 - INFO - 📋 Lote 10 copiado.
2026-01-08 14:01:42,479 - INFO - ⌛ Esperando mudança visual...
2026-01-08 14:01:43,500 - INFO - ⌛ Esperando mudança visual...
2026-01-08 14:01:44,516 - INFO - ⌛ Esperando mudança visual...
2026-01-08 14:01:45,524 - INFO - ⌛ Esperando mudança visual...
2026-01-08 14:01:46,547 - INFO - ⌛ Esperando mudança visual...
2026-01-08 14:01:47,563 - INFO - ⌛ Esperando mudança visual...
2026-01-08 14:01:48,578 - INFO - ⌛ Esperando mudança visual...
2026-01-08 14:01:49,591 - INFO - ⌛ Esperando mudança visual...
2026-01-08 14:01:50,604 - INFO - ⌛ Esperando mudança visual...
2026-01-08 14:01:51,622 - INFO - ⌛ Esperando mudança visual...
2026-01-08 14:01:52,635 - INFO - ⌛ Esperando mudança visual...
2026-01-08 14:01:53,654 - INFO - ⌛ Esperando mudança visual...
2026-01-08 14:01:54,664 - INFO - ✅ Tela carregada!
2026-01-08 14:02:05,138 - INFO - ⌛ Aguardando janela de confirmação de desbloqueio...
2026-01-08 14:02:25,519 - INFO - 🟨 Registros desbloqueados com sucesso
2026-01-08 14:02:39,140 - INFO - ⌛ Aguardando janela de edição de OS...
2026-01-08 14:03:09,615 - INFO - 🟨 OS programadas detectadas
2026-01-08 14:03:12,770 - INFO - ⌛ Aguardando janela de edição de OS...
2026-01-08 14:03:43,173 - INFO - 🟨 Janela de edição de OS detectada
2026-01-08 14:04:04,579 - INFO - 🟨 Janela de edição de habilidade da turma detectada
2026-01-08 14:04:49,874 - INFO - ⌛ Aguardando detecção do campo de caracteristica 'EQUIPE PRÓPRIA OU EPS' ...
2026-01-08 14:05:22,134 - INFO - ⌛ Aguardando detecção do campo de caracteristica 'EQUIPE PRÓPRIA OU EPS' ...
2026-01-08 14:05:54,381 - INFO - 🟨 campo de caracteristica 'EQUIPE PRÓPRIA OU EPS detectado
2026-01-08 14:06:16,122 - INFO - ⌛ Aguardando confirmação 4 - editar OS...
2026-01-08 14:06:46,468 - INFO - ⌛ Aguardando confirmação 4 - editar OS...
2026-01-08 14:07:57,479 - INFO - ⌛ Aguardando janela de confirmação de programação de OS...
2026-01-08 14:08:17,843 - INFO - 🟨 Janela de confirmação de programação de OS detectada
2026-01-08 14:08:21,176 - INFO - 🟨 Janela de aviso de edição de OS programadas detectada
2026-01-08 14:08:25,449 - INFO - ⌛ aguardando janela de programação de lote de OS...
2026-01-08 14:08:45,918 - INFO - 🟨 Janela de aviso de substituição de lote de OS detectada
2026-01-08 14:08:52,191 - INFO - ⌛ aguardando janela de programação de lote de OS...
2026-01-08 14:09:13,006 - INFO - 🟨 Janela de programação de lote de OS detectada
2026-01-08 14:09:40,632 - INFO - ⌛ aguardando janela de confirmação de programação de lote de OS...
2026-01-08 14:10:01,517 - INFO - 🟨 Janela de confirmação de programação de lote de OS detectada
2026-01-08 14:10:06,147 - INFO - ⌛ aguardando confirmação final de programação do lote
2026-01-08 14:10:27,123 - INFO - 🟨 programação do lote 10 efetuado com sucesso
2026-01-08 14:10:37,380 - INFO - 
=== Iniciando lote 11/136 [LV] ===
2026-01-08 14:10:43,821 - INFO - Janela de seleção aberta
2026-01-08 14:10:48,122 - INFO - DEBUG: idx=10, inicio=250, fim=275
2026-01-08 14:10:48,122 - INFO - ✅ 25 OS copiadas para a área de transferência.
2026-01-08 14:10:48,122 - INFO - 📋 Lote 11 copiado.
2026-01-08 14:10:56,458 - INFO - ⌛ Esperando mudança visual...
2026-01-08 14:10:57,470 - INFO - ⌛ Esperando mudança visual...
2026-01-08 14:10:58,489 - INFO - ⌛ Esperando mudança visual...
2026-01-08 14:10:59,498 - INFO - ⌛ Esperando mudança visual...
2026-01-08 14:11:00,519 - INFO - ⌛ Esperando mudança visual...
2026-01-08 14:11:01,535 - INFO - ⌛ Esperando mudança visual...
2026-01-08 14:11:02,538 - INFO - ⌛ Esperando mudança visual...
2026-01-08 14:11:03,564 - INFO - ⌛ Esperando mudança visual...
2026-01-08 14:11:04,580 - INFO - ⌛ Esperando mudança visual...
2026-01-08 14:11:05,597 - INFO - ⌛ Esperando mudança visual...
2026-01-08 14:11:06,604 - INFO - ⌛ Esperando mudança visual...
2026-01-08 14:11:07,629 - INFO - ✅ Tela carregada!
2026-01-08 14:11:18,200 - INFO - ⌛ Aguardando janela de confirmação de desbloqueio...
2026-01-08 14:11:39,077 - INFO - 🟨 Registros desbloqueados com sucesso
2026-01-08 14:11:53,013 - INFO - ⌛ Aguardando janela de edição de OS...
2026-01-08 14:12:24,148 - INFO - 🟨 OS programadas detectadas
2026-01-08 14:12:27,418 - INFO - ⌛ Aguardando janela de edição de OS...
2026-01-08 14:12:58,462 - INFO - 🟨 Janela de edição de OS detectada
2026-01-08 14:13:19,926 - INFO - 🟨 Janela de edição de habilidade da turma detectada
2026-01-08 14:14:05,456 - INFO - ⌛ Aguardando detecção do campo de caracteristica 'EQUIPE PRÓPRIA OU EPS' ...
2026-01-08 14:14:37,853 - INFO - ⌛ Aguardando detecção do campo de caracteristica 'EQUIPE PRÓPRIA OU EPS' ...
2026-01-08 14:15:10,249 - INFO - 🟨 campo de caracteristica 'EQUIPE PRÓPRIA OU EPS detectado
2026-01-08 14:15:32,193 - INFO - ⌛ Aguardando confirmação 4 - editar OS...
2026-01-08 14:16:03,008 - INFO - ⌛ Aguardando confirmação 4 - editar OS...
2026-01-08 14:17:14,759 - INFO - ⌛ Aguardando janela de confirmação de programação de OS...
2026-01-08 14:17:35,673 - INFO - 🟨 Janela de confirmação de programação de OS detectada
2026-01-08 14:17:39,440 - INFO - ⌛ aguardando janela de programação de lote de OS...
2026-01-08 14:18:00,652 - INFO - 🟨 Janela de aviso de edição de OS programadas detectada
2026-01-08 14:18:05,052 - INFO - ⌛ aguardando janela de programação de lote de OS...
2026-01-08 14:18:26,304 - INFO - 🟨 Janela de aviso de substituição de lote de OS detectada
2026-01-08 14:18:32,668 - INFO - ⌛ aguardando janela de programação de lote de OS...
2026-01-08 14:18:53,832 - INFO - 🟨 Janela de programação de lote de OS detectada
2026-01-08 14:19:21,455 - INFO - ⌛ aguardando janela de confirmação de programação de lote de OS...
2026-01-08 14:19:42,297 - INFO - 🟨 Janela de confirmação de programação de lote de OS detectada
2026-01-08 14:19:46,908 - INFO - ⌛ aguardando confirmação final de programação do lote
2026-01-08 14:20:07,885 - INFO - 🟨 programação do lote 11 efetuado com sucesso
2026-01-08 14:20:18,139 - INFO - 
=== Iniciando lote 12/136 [LV] ===
2026-01-08 14:20:24,591 - INFO - Janela de seleção aberta
2026-01-08 14:20:28,864 - INFO - DEBUG: idx=11, inicio=275, fim=300
2026-01-08 14:20:28,865 - INFO - ✅ 25 OS copiadas para a área de transferência.
2026-01-08 14:20:28,865 - INFO - 📋 Lote 12 copiado.
2026-01-08 14:20:37,202 - INFO - ⌛ Esperando mudança visual...
2026-01-08 14:20:38,220 - INFO - ⌛ Esperando mudança visual...
2026-01-08 14:20:39,232 - INFO - ⌛ Esperando mudança visual...
2026-01-08 14:20:40,241 - INFO - ⌛ Esperando mudança visual...
2026-01-08 14:20:41,261 - INFO - ⌛ Esperando mudança visual...
2026-01-08 14:20:42,277 - INFO - ⌛ Esperando mudança visual...
2026-01-08 14:20:43,284 - INFO - ⌛ Esperando mudança visual...
2026-01-08 14:20:44,308 - INFO - ⌛ Esperando mudança visual...
2026-01-08 14:20:45,316 - INFO - ⌛ Esperando mudança visual...
2026-01-08 14:20:46,338 - INFO - ⌛ Esperando mudança visual...
2026-01-08 14:20:47,350 - INFO - ⌛ Esperando mudança visual...
2026-01-08 14:20:48,377 - INFO - ⌛ Esperando mudança visual...
2026-01-08 14:20:49,391 - INFO - ✅ Tela carregada!
2026-01-08 14:21:00,030 - INFO - ⌛ Aguardando janela de confirmação de desbloqueio...
2026-01-08 14:21:20,893 - INFO - 🟨 Registros desbloqueados com sucesso
2026-01-08 14:21:34,813 - INFO - ⌛ Aguardando janela de edição de OS...
2026-01-08 14:22:05,866 - INFO - 🟨 OS programadas detectadas
2026-01-08 14:22:09,124 - INFO - ⌛ Aguardando janela de edição de OS...
2026-01-08 14:22:40,188 - INFO - 🟨 Janela de edição de OS detectada
2026-01-08 14:23:01,664 - INFO - 🟨 Janela de edição de habilidade da turma detectada
2026-01-08 14:23:47,165 - INFO - ⌛ Aguardando detecção do campo de caracteristica 'EQUIPE PRÓPRIA OU EPS' ...
2026-01-08 14:24:19,546 - INFO - ⌛ Aguardando detecção do campo de caracteristica 'EQUIPE PRÓPRIA OU EPS' ...
2026-01-08 14:24:51,899 - INFO - 🟨 campo de caracteristica 'EQUIPE PRÓPRIA OU EPS detectado
2026-01-08 14:25:13,848 - INFO - ⌛ Aguardando confirmação 4 - editar OS...
2026-01-08 14:25:44,691 - INFO - ⌛ Aguardando confirmação 4 - editar OS...
2026-01-08 14:26:56,359 - INFO - ⌛ Aguardando janela de confirmação de programação de OS...
2026-01-08 14:27:17,224 - INFO - 🟨 Janela de confirmação de programação de OS detectada
2026-01-08 14:27:21,014 - INFO - ⌛ aguardando janela de programação de lote de OS...
2026-01-08 14:27:42,134 - INFO - 🟨 Janela de aviso de edição de OS programadas detectada
2026-01-08 14:27:46,540 - INFO - ⌛ aguardando janela de programação de lote de OS...
2026-01-08 14:28:07,752 - INFO - 🟨 Janela de aviso de substituição de lote de OS detectada
2026-01-08 14:28:14,131 - INFO - ⌛ aguardando janela de programação de lote de OS...
2026-01-08 14:28:35,300 - INFO - 🟨 Janela de programação de lote de OS detectada
2026-01-08 14:29:02,908 - INFO - ⌛ aguardando janela de confirmação de programação de lote de OS...
2026-01-08 14:29:23,721 - INFO - 🟨 Janela de confirmação de programação de lote de OS detectada
2026-01-08 14:29:28,301 - INFO - ⌛ aguardando confirmação final de programação do lote
2026-01-08 14:29:49,314 - INFO - 🟨 programação do lote 12 efetuado com sucesso
2026-01-08 14:29:59,585 - INFO - 
=== Iniciando lote 13/136 [LV] ===
2026-01-08 14:30:06,039 - INFO - Janela de seleção aberta
2026-01-08 14:30:10,314 - INFO - DEBUG: idx=12, inicio=300, fim=325
2026-01-08 14:30:10,314 - INFO - ✅ 25 OS copiadas para a área de transferência.
2026-01-08 14:30:10,316 - INFO - 📋 Lote 13 copiado.
2026-01-08 14:30:18,641 - INFO - ⌛ Esperando mudança visual...
2026-01-08 14:30:19,648 - INFO - ⌛ Esperando mudança visual...
2026-01-08 14:30:20,675 - INFO - ⌛ Esperando mudança visual...
2026-01-08 14:30:21,685 - INFO - ⌛ Esperando mudança visual...
2026-01-08 14:30:22,700 - INFO - ⌛ Esperando mudança visual...
2026-01-08 14:30:23,724 - INFO - ⌛ Esperando mudança visual...
2026-01-08 14:30:24,729 - INFO - ⌛ Esperando mudança visual...
2026-01-08 14:30:25,752 - INFO - ⌛ Esperando mudança visual...
2026-01-08 14:30:26,769 - INFO - ⌛ Esperando mudança visual...
2026-01-08 14:30:27,774 - INFO - ⌛ Esperando mudança visual...
2026-01-08 14:30:28,802 - INFO - ⌛ Esperando mudança visual...
2026-01-08 14:30:29,814 - INFO - ⌛ Esperando mudança visual...
2026-01-08 14:30:30,825 - INFO - ⌛ Esperando mudança visual...
2026-01-08 14:30:31,844 - INFO - ⌛ Esperando mudança visual...
2026-01-08 14:30:32,863 - INFO - ✅ Tela carregada!
2026-01-08 14:30:43,446 - INFO - ⌛ Aguardando janela de confirmação de desbloqueio...
2026-01-08 14:31:04,259 - INFO - 🟨 Registros desbloqueados com sucesso
2026-01-08 14:31:18,178 - INFO - ⌛ Aguardando janela de edição de OS...
2026-01-08 14:31:49,194 - INFO - 🟨 OS programadas detectadas
2026-01-08 14:31:52,469 - INFO - ⌛ Aguardando janela de edição de OS...
2026-01-08 14:32:23,422 - INFO - 🟨 Janela de edição de OS detectada
2026-01-08 14:32:44,887 - INFO - 🟨 Janela de edição de habilidade da turma detectada
2026-01-08 18:05:17,140 - INFO - Data hoje: 08/01/2026
2026-01-08 18:05:17,140 - INFO - Data de referência: 31/01/2026
2026-01-08 18:05:37,405 - INFO - 
Qtde LINHA VIVA: 3211
2026-01-08 18:05:37,406 - INFO - Qtde LINHA MORTA/PESADA/FAIXA: 82
2026-01-08 18:05:41,369 - INFO - 
Arquivo gerado: C:\Users\U469784\venvs\py311\bot_programacao\EXCEL\pendentes_20260108.xlsx
2026-01-08 18:05:43,454 - INFO - 
 Qtd de lotes de LM: 4
2026-01-08 18:05:43,454 - INFO - 
 Qtd de lotes de LV: 129
2026-01-08 18:05:43,454 - INFO - 
=== Iniciando lote 13/129 [LV] ===
2026-01-08 18:05:50,094 - INFO - Janela de seleção aberta
2026-01-08 18:05:54,363 - INFO - DEBUG: idx=12, inicio=300, fim=325
2026-01-08 18:05:54,363 - INFO - ✅ 25 OS copiadas para a área de transferência.
2026-01-08 18:05:54,363 - INFO - 📋 Lote 13 copiado.
2026-01-08 18:06:02,702 - INFO - ⌛ Esperando mudança visual...
2026-01-08 18:06:03,721 - INFO - ⌛ Esperando mudança visual...
2026-01-08 18:06:04,736 - INFO - ⌛ Esperando mudança visual...
2026-01-08 18:06:05,748 - INFO - ⌛ Esperando mudança visual...
2026-01-08 18:06:06,760 - INFO - ⌛ Esperando mudança visual...
2026-01-08 18:06:07,781 - INFO - ⌛ Esperando mudança visual...
2026-01-08 18:06:08,795 - INFO - ⌛ Esperando mudança visual...
2026-01-08 18:06:09,810 - INFO - ⌛ Esperando mudança visual...
2026-01-08 18:06:10,820 - INFO - ⌛ Esperando mudança visual...
2026-01-08 18:06:11,842 - INFO - ⌛ Esperando mudança visual...
2026-01-08 18:06:12,860 - INFO - ⌛ Esperando mudança visual...
2026-01-08 18:06:13,870 - INFO - ✅ Tela carregada!
2026-01-08 18:06:24,499 - INFO - ⌛ Aguardando janela de confirmação de desbloqueio...
2026-01-08 18:06:45,417 - INFO - 🟨 Registros desbloqueados com sucesso
2026-01-08 18:06:59,200 - INFO - ⌛ Aguardando janela de edição de OS...
2026-01-08 18:07:29,714 - INFO - 🟨 OS programadas detectadas
2026-01-08 18:07:32,894 - INFO - ⌛ Aguardando janela de edição de OS...
2026-01-08 18:08:03,291 - INFO - 🟨 Janela de edição de OS detectada
2026-01-08 18:08:24,654 - INFO - 🟨 Janela de edição de habilidade da turma detectada
2026-01-08 18:09:09,976 - INFO - ⌛ Aguardando detecção do campo de caracteristica 'EQUIPE PRÓPRIA OU EPS' ...
2026-01-08 18:09:42,232 - INFO - ⌛ Aguardando detecção do campo de caracteristica 'EQUIPE PRÓPRIA OU EPS' ...
2026-01-08 18:10:14,493 - INFO - 🟨 campo de caracteristica 'EQUIPE PRÓPRIA OU EPS detectado
2026-01-08 18:10:36,213 - INFO - ⌛ Aguardando confirmação 4 - editar OS...
2026-01-08 18:11:06,574 - INFO - ⌛ Aguardando confirmação 4 - editar OS...
2026-01-08 18:12:17,627 - INFO - ⌛ Aguardando janela de confirmação de programação de OS...
2026-01-08 18:12:38,004 - INFO - 🟨 Janela de confirmação de programação de OS detectada
2026-01-08 18:12:41,440 - INFO - 🟨 Janela de aviso de edição de OS programadas detectada
2026-01-08 18:12:45,696 - INFO - ⌛ aguardando janela de programação de lote de OS...
2026-01-08 18:13:06,177 - INFO - 🟨 Janela de aviso de substituição de lote de OS detectada
2026-01-08 18:13:12,444 - INFO - ⌛ aguardando janela de programação de lote de OS...
2026-01-08 18:13:32,917 - INFO - 🟨 Janela de programação de lote de OS detectada
2026-01-08 18:14:00,360 - INFO - ⌛ aguardando janela de confirmação de programação de lote de OS...
2026-01-08 18:14:20,723 - INFO - 🟨 Janela de confirmação de programação de lote de OS detectada
2026-01-08 18:14:25,018 - INFO - ⌛ aguardando confirmação final de programação do lote
2026-01-08 18:14:45,462 - INFO - 🟨 programação do lote 13 efetuado com sucesso
2026-01-08 18:14:55,632 - INFO - 
=== Iniciando lote 14/129 [LV] ===
2026-01-08 18:15:01,994 - INFO - Janela de seleção aberta
2026-01-08 18:15:06,219 - INFO - DEBUG: idx=13, inicio=325, fim=350
2026-01-08 18:15:06,219 - INFO - ✅ 25 OS copiadas para a área de transferência.
2026-01-08 18:15:06,219 - INFO - 📋 Lote 14 copiado.
2026-01-08 18:15:14,557 - INFO - ⌛ Esperando mudança visual...
2026-01-08 18:15:15,562 - INFO - ⌛ Esperando mudança visual...
2026-01-08 18:15:16,585 - INFO - ⌛ Esperando mudança visual...
2026-01-08 18:15:17,603 - INFO - ⌛ Esperando mudança visual...
2026-01-08 18:15:18,610 - INFO - ⌛ Esperando mudança visual...
2026-01-08 18:15:19,625 - INFO - ⌛ Esperando mudança visual...
2026-01-08 18:15:20,650 - INFO - ⌛ Esperando mudança visual...
2026-01-08 18:15:21,655 - INFO - ⌛ Esperando mudança visual...
2026-01-08 18:15:22,671 - INFO - ⌛ Esperando mudança visual...
2026-01-08 18:15:23,695 - INFO - ⌛ Esperando mudança visual...
2026-01-08 18:15:24,700 - INFO - ✅ Tela carregada!
2026-01-08 18:15:35,190 - INFO - ⌛ Aguardando janela de confirmação de desbloqueio...
2026-01-08 18:15:55,582 - INFO - 🟨 Registros desbloqueados com sucesso
2026-01-08 18:16:09,192 - INFO - ⌛ Aguardando janela de edição de OS...
2026-01-08 18:16:39,628 - INFO - 🟨 OS programadas detectadas
2026-01-08 18:16:42,818 - INFO - ⌛ Aguardando janela de edição de OS...
2026-01-08 18:17:13,262 - INFO - 🟨 Janela de edição de OS detectada
2026-01-08 18:17:34,617 - INFO - 🟨 Janela de edição de habilidade da turma detectada
2026-01-08 18:18:19,945 - INFO - ⌛ Aguardando detecção do campo de caracteristica 'EQUIPE PRÓPRIA OU EPS' ...
2026-01-08 18:18:52,195 - INFO - ⌛ Aguardando detecção do campo de caracteristica 'EQUIPE PRÓPRIA OU EPS' ...
2026-01-08 18:19:24,447 - INFO - 🟨 campo de caracteristica 'EQUIPE PRÓPRIA OU EPS detectado
2026-01-08 18:19:46,177 - INFO - ⌛ Aguardando confirmação 4 - editar OS...
2026-01-08 18:20:16,540 - INFO - ⌛ Aguardando confirmação 4 - editar OS...
2026-01-08 18:21:27,534 - INFO - ⌛ Aguardando janela de confirmação de programação de OS...
2026-01-08 18:21:47,901 - INFO - 🟨 Janela de confirmação de programação de OS detectada
2026-01-08 18:21:51,254 - INFO - 🟨 Janela de aviso de edição de OS programadas detectada
2026-01-08 18:21:55,525 - INFO - ⌛ aguardando janela de programação de lote de OS...
2026-01-08 18:22:15,983 - INFO - 🟨 Janela de aviso de substituição de lote de OS detectada
2026-01-08 18:22:22,246 - INFO - ⌛ aguardando janela de programação de lote de OS...
2026-01-08 18:22:42,719 - INFO - 🟨 Janela de programação de lote de OS detectada
2026-01-08 18:23:10,124 - INFO - ⌛ aguardando janela de confirmação de programação de lote de OS...
2026-01-08 18:23:30,492 - INFO - 🟨 Janela de confirmação de programação de lote de OS detectada
2026-01-08 18:23:34,780 - INFO - ⌛ aguardando confirmação final de programação do lote
2026-01-08 18:23:55,219 - INFO - 🟨 programação do lote 14 efetuado com sucesso
2026-01-08 18:24:05,389 - INFO - 
=== Iniciando lote 15/129 [LV] ===
2026-01-08 18:24:11,744 - INFO - Janela de seleção aberta
2026-01-08 18:24:15,980 - INFO - DEBUG: idx=14, inicio=350, fim=375
2026-01-08 18:24:15,980 - INFO - ✅ 25 OS copiadas para a área de transferência.
2026-01-08 18:24:15,980 - INFO - 📋 Lote 15 copiado.
2026-01-08 18:24:24,312 - INFO - ⌛ Esperando mudança visual...
2026-01-08 18:24:25,326 - INFO - ⌛ Esperando mudança visual...
2026-01-08 18:24:26,339 - INFO - ⌛ Esperando mudança visual...
2026-01-08 18:24:27,354 - INFO - ⌛ Esperando mudança visual...
2026-01-08 18:24:28,369 - INFO - ⌛ Esperando mudança visual...
2026-01-08 18:24:29,386 - INFO - ⌛ Esperando mudança visual...
2026-01-08 18:24:30,403 - INFO - ⌛ Esperando mudança visual...
2026-01-08 18:24:31,414 - INFO - ⌛ Esperando mudança visual...
2026-01-08 18:24:32,435 - INFO - ⌛ Esperando mudança visual...
2026-01-08 18:24:33,451 - INFO - ✅ Tela carregada!
2026-01-08 18:24:43,921 - INFO - ⌛ Aguardando janela de confirmação de desbloqueio...
2026-01-08 18:25:04,271 - INFO - 🟨 Registros desbloqueados com sucesso
2026-01-08 18:25:17,840 - INFO - ⌛ Aguardando janela de edição de OS...
2026-01-08 18:25:48,253 - INFO - 🟨 Janela de edição de OS detectada
2026-01-08 18:26:09,610 - INFO - 🟨 Janela de edição de habilidade da turma detectada
2026-01-08 18:26:54,925 - INFO - ⌛ Aguardando detecção do campo de caracteristica 'EQUIPE PRÓPRIA OU EPS' ...
2026-01-08 18:27:27,164 - INFO - ⌛ Aguardando detecção do campo de caracteristica 'EQUIPE PRÓPRIA OU EPS' ...
2026-01-08 18:27:59,438 - INFO - 🟨 campo de caracteristica 'EQUIPE PRÓPRIA OU EPS detectado
2026-01-08 18:28:21,206 - INFO - ⌛ Aguardando confirmação 4 - editar OS...
2026-01-08 18:29:32,217 - INFO - ⌛ Aguardando janela de confirmação de programação de OS...
2026-01-08 18:29:52,590 - INFO - 🟨 Janela de confirmação de programação de OS detectada
2026-01-08 18:29:55,930 - INFO - ⌛ aguardando janela de programação de lote de OS...
2026-01-08 18:30:16,414 - INFO - 🟨 Janela de programação de lote de OS detectada
2026-01-08 18:30:43,893 - INFO - ⌛ aguardando janela de confirmação de programação de lote de OS...
2026-01-08 18:31:04,317 - INFO - 🟨 Janela de confirmação de programação de lote de OS detectada
2026-01-08 18:31:08,614 - INFO - ⌛ aguardando confirmação final de programação do lote
2026-01-08 18:31:29,043 - INFO - 🟨 programação do lote 15 efetuado com sucesso
2026-01-08 18:31:39,207 - INFO - 
=== Iniciando lote 16/129 [LV] ===
2026-01-08 18:31:45,577 - INFO - Janela de seleção aberta
2026-01-08 18:31:49,815 - INFO - DEBUG: idx=15, inicio=375, fim=400
2026-01-08 18:31:49,815 - INFO - ✅ 25 OS copiadas para a área de transferência.
2026-01-08 18:31:49,815 - INFO - 📋 Lote 16 copiado.
2026-01-08 18:31:58,157 - INFO - ⌛ Esperando mudança visual...
2026-01-08 18:31:59,175 - INFO - ⌛ Esperando mudança visual...
2026-01-08 18:32:00,191 - INFO - ⌛ Esperando mudança visual...
2026-01-08 18:32:01,207 - INFO - ⌛ Esperando mudança visual...
2026-01-08 18:32:02,228 - INFO - ⌛ Esperando mudança visual...
2026-01-08 18:32:03,244 - INFO - ⌛ Esperando mudança visual...
2026-01-08 18:32:04,253 - INFO - ⌛ Esperando mudança visual...
2026-01-08 18:32:05,276 - INFO - ⌛ Esperando mudança visual...
2026-01-08 18:32:06,287 - INFO - ⌛ Esperando mudança visual...
2026-01-08 18:32:07,304 - INFO - ✅ Tela carregada!
2026-01-08 18:32:17,805 - INFO - ⌛ Aguardando janela de confirmação de desbloqueio...
2026-01-08 18:32:38,164 - INFO - 🟨 Registros desbloqueados com sucesso
2026-01-08 18:32:51,782 - INFO - ⌛ Aguardando janela de edição de OS...
2026-01-08 18:33:22,235 - INFO - 🟨 OS programadas detectadas
2026-01-08 18:33:25,422 - INFO - ⌛ Aguardando janela de edição de OS...
2026-01-08 18:33:55,841 - INFO - 🟨 Janela de edição de OS detectada
2026-01-08 18:34:17,193 - INFO - 🟨 Janela de edição de habilidade da turma detectada
2026-01-08 18:35:02,522 - INFO - ⌛ Aguardando detecção do campo de caracteristica 'EQUIPE PRÓPRIA OU EPS' ...
2026-01-08 18:35:34,776 - INFO - ⌛ Aguardando detecção do campo de caracteristica 'EQUIPE PRÓPRIA OU EPS' ...
2026-01-08 18:36:07,019 - INFO - 🟨 campo de caracteristica 'EQUIPE PRÓPRIA OU EPS detectado
2026-01-08 18:36:28,763 - INFO - ⌛ Aguardando confirmação 4 - editar OS...
2026-01-08 18:36:59,093 - INFO - ⌛ Aguardando confirmação 4 - editar OS...
2026-01-08 18:38:10,051 - INFO - ⌛ Aguardando janela de confirmação de programação de OS...
2026-01-08 18:38:30,411 - INFO - 🟨 Janela de confirmação de programação de OS detectada
2026-01-08 18:38:33,772 - INFO - 🟨 Janela de aviso de edição de OS programadas detectada
2026-01-08 18:38:38,040 - INFO - ⌛ aguardando janela de programação de lote de OS...
2026-01-08 18:38:58,502 - INFO - 🟨 Janela de aviso de substituição de lote de OS detectada
2026-01-08 18:39:04,792 - INFO - ⌛ aguardando janela de programação de lote de OS...
2026-01-08 18:39:25,235 - INFO - 🟨 Janela de programação de lote de OS detectada
2026-01-08 18:39:52,697 - INFO - ⌛ aguardando janela de confirmação de programação de lote de OS...
2026-01-08 18:40:13,036 - INFO - 🟨 Janela de confirmação de programação de lote de OS detectada
2026-01-08 18:40:17,276 - INFO - ⌛ aguardando confirmação final de programação do lote
2026-01-08 18:40:37,662 - INFO - 🟨 programação do lote 16 efetuado com sucesso
2026-01-08 18:40:47,815 - INFO - 
=== Iniciando lote 17/129 [LV] ===
2026-01-08 18:40:54,179 - INFO - Janela de seleção aberta
2026-01-08 18:40:58,415 - INFO - DEBUG: idx=16, inicio=400, fim=425
2026-01-08 18:40:58,415 - INFO - ✅ 25 OS copiadas para a área de transferência.
2026-01-08 18:40:58,415 - INFO - 📋 Lote 17 copiado.
2026-01-08 18:41:06,760 - INFO - ⌛ Esperando mudança visual...
2026-01-08 18:41:07,775 - INFO - ⌛ Esperando mudança visual...
2026-01-08 18:41:08,792 - INFO - ⌛ Esperando mudança visual...
2026-01-08 18:41:09,796 - INFO - ⌛ Esperando mudança visual...
2026-01-08 18:41:10,815 - INFO - ⌛ Esperando mudança visual...
2026-01-08 18:41:11,834 - INFO - ⌛ Esperando mudança visual...
2026-01-08 18:41:12,847 - INFO - ⌛ Esperando mudança visual...
2026-01-08 18:41:13,860 - INFO - ⌛ Esperando mudança visual...
2026-01-08 18:41:14,883 - INFO - ⌛ Esperando mudança visual...
2026-01-08 18:41:15,895 - INFO - ✅ Tela carregada!
2026-01-08 18:41:26,402 - INFO - ⌛ Aguardando janela de confirmação de desbloqueio...
2026-01-08 18:41:46,815 - INFO - 🟨 Registros desbloqueados com sucesso
2026-01-08 18:42:00,416 - INFO - ⌛ Aguardando janela de edição de OS...
2026-01-08 18:42:30,895 - INFO - 🟨 OS programadas detectadas
2026-01-08 18:42:34,052 - INFO - ⌛ Aguardando janela de edição de OS...
2026-01-08 18:43:04,433 - INFO - 🟨 Janela de edição de OS detectada
2026-01-08 18:43:25,821 - INFO - 🟨 Janela de edição de habilidade da turma detectada
2026-01-08 18:44:11,132 - INFO - ⌛ Aguardando detecção do campo de caracteristica 'EQUIPE PRÓPRIA OU EPS' ...
2026-01-08 18:44:43,412 - INFO - ⌛ Aguardando detecção do campo de caracteristica 'EQUIPE PRÓPRIA OU EPS' ...
2026-01-08 18:45:15,671 - INFO - 🟨 campo de caracteristica 'EQUIPE PRÓPRIA OU EPS detectado
2026-01-08 18:45:37,428 - INFO - ⌛ Aguardando confirmação 4 - editar OS...
2026-01-08 18:46:48,399 - INFO - ⌛ Aguardando janela de confirmação de programação de OS...
2026-01-08 18:47:08,721 - INFO - 🟨 Janela de confirmação de programação de OS detectada
2026-01-08 18:47:12,031 - INFO - 🟨 Janela de aviso de edição de OS programadas detectada
2026-01-08 18:47:16,307 - INFO - ⌛ aguardando janela de programação de lote de OS...
2026-01-08 18:47:36,719 - INFO - 🟨 Janela de aviso de substituição de lote de OS detectada
2026-01-08 18:47:43,000 - INFO - ⌛ aguardando janela de programação de lote de OS...
2026-01-08 18:48:03,456 - INFO - ⌛ aguardando janela de programação de lote de OS...
2026-01-08 18:48:23,883 - INFO - ⌛ aguardando janela de programação de lote de OS...
2026-01-08 18:48:24,008 - INFO - 🟨 Identificado travamento no EQM, reiniciando contador de espera
2026-01-08 18:48:44,365 - INFO - ⌛ aguardando janela de programação de lote de OS...
2026-01-08 18:49:04,818 - INFO - ⌛ aguardando janela de programação de lote de OS...
2026-01-08 18:49:25,284 - INFO - ⌛ aguardando janela de programação de lote de OS...
2026-01-08 18:49:45,776 - INFO - ⌛ aguardando janela de programação de lote de OS...
2026-01-08 18:50:06,272 - INFO - ⌛ aguardando janela de programação de lote de OS...
2026-01-08 18:50:26,738 - INFO - ⌛ aguardando janela de programação de lote de OS...
2026-01-08 18:50:47,201 - INFO - ⌛ aguardando janela de programação de lote de OS...
2026-01-08 18:51:07,677 - INFO - ⌛ aguardando janela de programação de lote de OS...
2026-01-08 18:51:28,138 - INFO - ⌛ aguardando janela de programação de lote de OS...
2026-01-08 18:51:48,618 - INFO - ⌛ aguardando janela de programação de lote de OS...
2026-01-08 18:52:09,078 - INFO - ⌛ aguardando janela de programação de lote de OS...
2026-01-08 18:52:29,699 - INFO - ⌛ aguardando janela de programação de lote de OS...
2026-01-08 18:52:50,320 - INFO - ⌛ aguardando janela de programação de lote de OS...
2026-01-08 18:53:10,775 - INFO - ⌛ aguardando janela de programação de lote de OS...
2026-01-08 18:53:31,249 - INFO - ⌛ aguardando janela de programação de lote de OS...
2026-01-08 18:53:51,704 - INFO - ⌛ aguardando janela de programação de lote de OS...
2026-01-08 18:54:12,171 - INFO - ⌛ aguardando janela de programação de lote de OS...
2026-01-08 18:54:32,639 - INFO - ⌛ aguardando janela de programação de lote de OS...
2026-01-08 18:54:53,123 - INFO - ⌛ aguardando janela de programação de lote de OS...
2026-01-08 18:55:13,634 - INFO - ⌛ aguardando janela de programação de lote de OS...
2026-01-08 18:55:34,109 - INFO - ⌛ aguardando janela de programação de lote de OS...
2026-01-08 18:55:54,587 - INFO - ⌛ aguardando janela de programação de lote de OS...
2026-01-08 18:56:15,084 - INFO - ⌛ aguardando janela de programação de lote de OS...
2026-01-08 18:56:35,567 - INFO - ⌛ aguardando janela de programação de lote de OS...
2026-01-08 18:56:56,088 - INFO - ⌛ aguardando janela de programação de lote de OS...
2026-01-08 18:57:26,909 - INFO - ⏱️ Tempo limite atingido. Abortando seleção
