2026-01-30 11:36:05,904 - INFO - Data hoje: 30/01/2026
2026-01-30 11:36:05,904 - INFO - Data de referência: 31/01/2026
2026-01-30 11:37:45,689 - INFO - 
Qtde OS de LINHA VIVA: 797
2026-01-30 11:37:45,689 - INFO - Qtde OS poda de LINHA MORTA: 133
2026-01-30 11:37:45,689 - INFO - 
Qtde OS estrutural de LINHA MORTA : 7
2026-01-30 11:37:45,689 - INFO - Qtde OS poda de LINHA MORTA fora carteira: 1510
2026-01-30 11:37:45,689 - INFO - Qtde OS para desprogramar: 782
2026-01-30 11:37:45,689 - INFO - 
 Qtd de lotes de LM: 6
2026-01-30 11:37:45,689 - INFO - 
 Qtd de lotes de LV: 32
2026-01-30 11:37:45,689 - INFO - 
 Qtd de lotes de ESTRUTURAL LM: 1
2026-01-30 11:37:45,689 - INFO - 
 Qtd de lotes de LEVE: 61
2026-01-30 11:37:45,689 - INFO - 
 Qtd de lotes para desprogramar: 32
2026-01-30 11:37:45,689 - INFO - 
=== Iniciando lote 1/61 [LEVE] ===
2026-01-30 11:45:06,486 - INFO - Data hoje: 30/01/2026
2026-01-30 11:45:06,488 - INFO - Data de referência: 31/01/2026
2026-01-30 11:46:28,575 - INFO - Data hoje: 30/01/2026
2026-01-30 11:46:28,575 - INFO - Data de referência: 31/01/2026
2026-01-30 11:48:10,292 - INFO - 
Qtde OS de LINHA VIVA: 797
2026-01-30 11:48:10,292 - INFO - Qtde OS poda de LINHA MORTA: 133
2026-01-30 11:48:10,292 - INFO - 
Qtde OS estrutural de LINHA MORTA : 7
2026-01-30 11:48:10,292 - INFO - Qtde OS poda de LINHA MORTA fora carteira: 1510
2026-01-30 11:48:10,292 - INFO - Qtde OS para desprogramar: 782
2026-01-30 11:48:10,292 - INFO - 
 Qtd de lotes de LM: 6
2026-01-30 11:48:10,292 - INFO - 
 Qtd de lotes de LV: 32
2026-01-30 11:48:10,292 - INFO - 
 Qtd de lotes de ESTRUTURAL LM: 1
2026-01-30 11:48:10,292 - INFO - 
 Qtd de lotes de LEVE: 61
2026-01-30 11:48:10,292 - INFO - 
 Qtd de lotes para desprogramar: 32
2026-01-30 11:48:10,292 - INFO - 
=== Iniciando lote 1/61 [LEVE] ===
2026-01-30 11:48:16,925 - INFO - Janela de seleção aberta
2026-01-30 11:48:23,305 - INFO - DEBUG: idx=0, inicio=0, fim=25
2026-01-30 11:48:23,305 - INFO - ✅ 25 OS copiadas para a área de transferência.
2026-01-30 11:48:23,316 - INFO - 📋 Lote 1 copiado.
2026-01-30 11:48:31,644 - INFO - ⌛ Esperando mudança visual...
2026-01-30 11:48:32,670 - INFO - ⌛ Esperando mudança visual...
2026-01-30 11:48:33,684 - INFO - ⌛ Esperando mudança visual...
2026-01-30 11:48:34,697 - INFO - ⌛ Esperando mudança visual...
2026-01-30 11:48:35,713 - INFO - ⌛ Esperando mudança visual...
2026-01-30 11:48:36,728 - INFO - ⌛ Esperando mudança visual...
2026-01-30 11:48:37,747 - INFO - ⌛ Esperando mudança visual...
2026-01-30 11:48:38,760 - INFO - ⌛ Esperando mudança visual...
2026-01-30 11:48:39,775 - INFO - ⌛ Esperando mudança visual...
2026-01-30 11:48:40,791 - INFO - ⌛ Esperando mudança visual...
2026-01-30 11:48:41,804 - INFO - ⌛ Esperando mudança visual...
2026-01-30 11:48:42,824 - INFO - ⌛ Esperando mudança visual...
2026-01-30 11:48:43,842 - INFO - ⌛ Esperando mudança visual...
2026-01-30 11:48:44,854 - INFO - ✅ Tela carregada!
2026-01-30 11:48:55,519 - INFO - ⌛ Aguardando janela de confirmação de desbloqueio...
2026-01-30 11:49:06,530 - INFO - ⌛ Aguardando janela de confirmação de desbloqueio...
2026-01-30 11:49:17,537 - INFO - ⌛ Aguardando janela de confirmação de desbloqueio...
2026-01-30 11:49:28,582 - INFO - 🟨 Registros desbloqueados com sucesso
2026-01-30 11:49:42,416 - INFO - ⌛ Aguardando janela de edição de OS...
2026-01-30 11:49:58,589 - INFO - 🟨 OS programadas detectadas
2026-01-30 11:50:01,880 - INFO - ⌛ Aguardando janela de edição de OS...
2026-01-30 11:50:17,817 - INFO - 🟨 Janela de edição de OS detectada
2026-01-30 11:50:39,180 - INFO - 🟨 Janela de edição de habilidade da turma detectada
2026-01-30 11:51:27,500 - INFO - ⌛ Aguardando detecção do campo de caracteristica 'EQUIPE PRÓPRIA OU EPS' ...
2026-01-30 11:51:46,864 - INFO - 🟨 campo de caracteristica 'EQUIPE PRÓPRIA OU EPS detectado
2026-01-30 11:52:08,624 - INFO - ⌛ Aguardando confirmação 4 - editar OS...
2026-01-30 11:52:24,007 - INFO - ⌛ Aguardando confirmação 4 - editar OS...
2026-01-30 11:52:39,397 - INFO - ⌛ Aguardando confirmação 4 - editar OS...
2026-01-30 11:52:54,807 - INFO - ⌛ Aguardando confirmação 4 - editar OS...
2026-01-30 11:53:10,198 - INFO - 🟨 Janela de confirmação 4 de edição de OS detectada
2026-01-30 11:53:40,849 - INFO - ⌛ Aguardando janela de confirmação de programação de OS...
2026-01-30 11:53:51,203 - INFO - 🟨 Janela de confirmação de programação de OS detectada
2026-01-30 11:54:04,525 - INFO - 🟨 Janela de aviso de edição de OS programadas detectada
2026-01-30 11:54:08,819 - INFO - ⌛ aguardando janela de programação de lote de OS...
2026-01-30 11:54:19,353 - INFO - 🟨 Janela de aviso de substituição de lote de OS detectada
2026-01-30 11:54:25,632 - INFO - ⌛ aguardando janela de programação de lote de OS...
2026-01-30 11:54:36,087 - INFO - ⌛ aguardando janela de programação de lote de OS...
2026-01-30 11:54:46,615 - INFO - ⌛ aguardando janela de programação de lote de OS...
2026-01-30 11:54:46,765 - INFO - 🟨 Identificado travamento no EQM, reiniciando contador de espera
2026-01-30 11:54:57,145 - INFO - ⌛ aguardando janela de programação de lote de OS...
2026-01-30 11:55:07,639 - INFO - ⌛ aguardando janela de programação de lote de OS...
2026-01-30 11:55:18,140 - INFO - ⌛ aguardando janela de programação de lote de OS...
2026-01-30 11:55:28,653 - INFO - ⌛ aguardando janela de programação de lote de OS...
2026-01-30 11:55:39,167 - INFO - ⌛ aguardando janela de programação de lote de OS...
2026-01-30 11:55:49,668 - INFO - ⌛ aguardando janela de programação de lote de OS...
2026-01-30 11:56:00,188 - INFO - ⌛ aguardando janela de programação de lote de OS...
2026-01-30 11:56:10,717 - INFO - ⌛ aguardando janela de programação de lote de OS...
2026-01-30 11:56:21,203 - INFO - ⌛ aguardando janela de programação de lote de OS...
2026-01-30 11:56:31,724 - INFO - ⌛ aguardando janela de programação de lote de OS...
2026-01-30 11:56:42,251 - INFO - ⌛ aguardando janela de programação de lote de OS...
2026-01-30 11:56:52,735 - INFO - ⌛ aguardando janela de programação de lote de OS...
2026-01-30 11:57:03,274 - INFO - ⌛ aguardando janela de programação de lote de OS...
2026-01-30 11:57:13,764 - INFO - ⌛ aguardando janela de programação de lote de OS...
2026-01-30 11:57:24,302 - INFO - ⌛ aguardando janela de programação de lote de OS...
2026-01-30 11:57:34,886 - INFO - ⌛ aguardando janela de programação de lote de OS...
2026-01-30 11:57:45,383 - INFO - ⌛ aguardando janela de programação de lote de OS...
2026-01-30 11:57:55,889 - INFO - ⌛ aguardando janela de programação de lote de OS...
2026-01-30 11:58:06,392 - INFO - ⌛ aguardando janela de programação de lote de OS...
2026-01-30 11:58:16,927 - INFO - ⌛ aguardando janela de programação de lote de OS...
2026-01-30 11:58:27,534 - INFO - ⌛ aguardando janela de programação de lote de OS...
2026-01-30 11:58:38,072 - INFO - ⌛ aguardando janela de programação de lote de OS...
2026-01-30 11:58:48,551 - INFO - ⌛ aguardando janela de programação de lote de OS...
2026-01-30 11:58:59,066 - INFO - ⌛ aguardando janela de programação de lote de OS...
2026-01-30 11:59:09,583 - INFO - ⌛ aguardando janela de programação de lote de OS...
2026-01-30 11:59:20,115 - INFO - ⌛ aguardando janela de programação de lote de OS...
2026-01-30 11:59:30,655 - INFO - ⌛ aguardando janela de programação de lote de OS...
2026-01-30 11:59:41,211 - INFO - ⌛ aguardando janela de programação de lote de OS...
2026-01-30 11:59:51,801 - INFO - ⌛ aguardando janela de programação de lote de OS...
2026-01-30 12:00:02,346 - INFO - ⌛ aguardando janela de programação de lote de OS...
2026-01-30 12:00:12,952 - INFO - ⌛ aguardando janela de programação de lote de OS...
2026-01-30 12:00:23,480 - INFO - ⌛ aguardando janela de programação de lote de OS...
2026-01-30 12:00:34,013 - INFO - ⌛ aguardando janela de programação de lote de OS...
2026-01-30 12:00:44,536 - INFO - ⌛ aguardando janela de programação de lote de OS...
2026-01-30 12:00:55,054 - INFO - ⌛ aguardando janela de programação de lote de OS...
2026-01-30 12:01:05,558 - INFO - ⌛ aguardando janela de programação de lote de OS...
2026-01-30 12:01:16,074 - INFO - ⌛ aguardando janela de programação de lote de OS...
2026-01-30 12:01:26,565 - INFO - ⌛ aguardando janela de programação de lote de OS...
2026-01-30 12:01:37,083 - INFO - ⌛ aguardando janela de programação de lote de OS...
2026-01-30 12:01:47,596 - INFO - ⌛ aguardando janela de programação de lote de OS...
2026-01-30 12:01:58,116 - INFO - ⌛ aguardando janela de programação de lote de OS...
2026-01-30 12:02:08,608 - INFO - ⌛ aguardando janela de programação de lote de OS...
2026-01-30 12:02:19,189 - INFO - ⌛ aguardando janela de programação de lote de OS...
2026-01-30 12:02:29,677 - INFO - ⌛ aguardando janela de programação de lote de OS...
2026-01-30 12:02:40,180 - INFO - ⌛ aguardando janela de programação de lote de OS...
2026-01-30 12:02:50,722 - INFO - ⌛ aguardando janela de programação de lote de OS...
2026-01-30 12:03:01,231 - INFO - ⌛ aguardando janela de programação de lote de OS...
2026-01-30 12:03:11,737 - INFO - ⌛ aguardando janela de programação de lote de OS...
2026-01-30 12:03:22,243 - INFO - ⌛ aguardando janela de programação de lote de OS...
2026-01-30 12:03:32,750 - INFO - ⌛ aguardando janela de programação de lote de OS...
2026-01-30 12:03:43,270 - INFO - ⌛ aguardando janela de programação de lote de OS...
2026-01-30 12:03:53,776 - INFO - ⌛ aguardando janela de programação de lote de OS...
2026-01-30 12:04:04,282 - INFO - verificando janela oculta
2026-01-30 12:04:26,745 - INFO - Janela restaurada
2026-01-30 12:04:26,745 - INFO - ⌛ aguardando janela de programação de lote de OS...
2026-01-30 12:04:37,198 - INFO - 🟨 Janela de programação de lote de OS detectada
2026-01-30 12:05:04,614 - INFO - ⌛ aguardando janela de confirmação de programação de lote de OS...
2026-01-30 12:05:14,991 - INFO - 🟨 Janela de confirmação de programação de lote de OS detectada
2026-01-30 12:05:19,285 - INFO - ⌛ aguardando confirmação final de programação do lote
2026-01-30 12:05:29,730 - INFO - ⌛ aguardando confirmação final de programação do lote
2026-01-30 12:05:40,147 - INFO - 🟨 programação do lote 1 efetuado com sucesso
2026-01-30 12:05:50,306 - INFO - 
=== Iniciando lote 2/61 [LEVE] ===
2026-01-30 12:05:56,653 - INFO - Janela de seleção aberta
2026-01-30 12:06:00,882 - INFO - DEBUG: idx=1, inicio=25, fim=50
2026-01-30 12:06:00,882 - INFO - ✅ 25 OS copiadas para a área de transferência.
2026-01-30 12:06:00,882 - INFO - 📋 Lote 2 copiado.
2026-01-30 12:06:09,224 - INFO - ⌛ Esperando mudança visual...
2026-01-30 12:06:10,242 - INFO - ⌛ Esperando mudança visual...
2026-01-30 12:06:11,261 - INFO - ⌛ Esperando mudança visual...
2026-01-30 12:06:12,274 - INFO - ⌛ Esperando mudança visual...
2026-01-30 12:06:13,289 - INFO - ⌛ Esperando mudança visual...
2026-01-30 12:06:14,306 - INFO - ⌛ Esperando mudança visual...
2026-01-30 12:06:15,320 - INFO - ⌛ Esperando mudança visual...
2026-01-30 12:06:16,336 - INFO - ⌛ Esperando mudança visual...
2026-01-30 12:06:17,352 - INFO - ⌛ Esperando mudança visual...
2026-01-30 12:06:18,369 - INFO - ⌛ Esperando mudança visual...
2026-01-30 12:06:19,385 - INFO - ✅ Tela carregada!
2026-01-30 12:06:29,850 - INFO - ⌛ Aguardando janela de confirmação de desbloqueio...
2026-01-30 12:06:40,220 - INFO - 🟨 Registros desbloqueados com sucesso
2026-01-30 12:06:53,730 - INFO - ⌛ Aguardando janela de edição de OS...
2026-01-30 12:07:09,142 - INFO - 🟨 OS programadas detectadas
2026-01-30 12:07:12,294 - INFO - ⌛ Aguardando janela de edição de OS...
2026-01-30 12:07:27,719 - INFO - 🟨 Janela de edição de OS detectada
2026-01-30 12:07:49,079 - INFO - 🟨 Janela de edição de habilidade da turma detectada
2026-01-30 12:08:37,400 - INFO - ⌛ Aguardando detecção do campo de caracteristica 'EQUIPE PRÓPRIA OU EPS' ...
2026-01-30 12:08:56,753 - INFO - 🟨 campo de caracteristica 'EQUIPE PRÓPRIA OU EPS detectado
2026-01-30 12:09:18,506 - INFO - ⌛ Aguardando confirmação 4 - editar OS...
2026-01-30 12:09:33,889 - INFO - ⌛ Aguardando confirmação 4 - editar OS...
2026-01-30 12:09:49,284 - INFO - 🟨 Janela de confirmação 4 de edição de OS detectada
2026-01-30 12:10:20,045 - INFO - ⌛ Aguardando janela de confirmação de programação de OS...
2026-01-30 12:10:30,619 - INFO - 🟨 Janela de confirmação de programação de OS detectada
2026-01-30 12:10:43,925 - INFO - 🟨 Janela de aviso de edição de OS programadas detectada
2026-01-30 12:10:48,190 - INFO - ⌛ aguardando janela de programação de lote de OS...
2026-01-30 12:10:58,666 - INFO - 🟨 Janela de aviso de substituição de lote de OS detectada
2026-01-30 12:11:04,927 - INFO - ⌛ aguardando janela de programação de lote de OS...
2026-01-30 12:11:15,409 - INFO - ⌛ aguardando janela de programação de lote de OS...
2026-01-30 12:11:25,890 - INFO - ⌛ aguardando janela de programação de lote de OS...
2026-01-30 12:11:36,379 - INFO - ⌛ aguardando janela de programação de lote de OS...
2026-01-30 12:11:46,881 - INFO - ⌛ aguardando janela de programação de lote de OS...
2026-01-30 12:11:57,408 - INFO - ⌛ aguardando janela de programação de lote de OS...
2026-01-30 12:12:07,913 - INFO - ⌛ aguardando janela de programação de lote de OS...
2026-01-30 12:12:18,424 - INFO - ⌛ aguardando janela de programação de lote de OS...
2026-01-30 12:12:28,905 - INFO - ⌛ aguardando janela de programação de lote de OS...
2026-01-30 12:12:39,414 - INFO - ⌛ aguardando janela de programação de lote de OS...
2026-01-30 12:12:49,937 - INFO - ⌛ aguardando janela de programação de lote de OS...
2026-01-30 12:13:00,447 - INFO - ⌛ aguardando janela de programação de lote de OS...
2026-01-30 12:13:10,953 - INFO - ⌛ aguardando janela de programação de lote de OS...
2026-01-30 12:13:21,457 - INFO - ⌛ aguardando janela de programação de lote de OS...
2026-01-30 12:13:31,966 - INFO - ⌛ aguardando janela de programação de lote de OS...
2026-01-30 12:13:42,493 - INFO - ⌛ aguardando janela de programação de lote de OS...
2026-01-30 12:13:53,022 - INFO - ⌛ aguardando janela de programação de lote de OS...
2026-01-30 12:14:03,512 - INFO - ⌛ aguardando janela de programação de lote de OS...
2026-01-30 12:14:14,021 - INFO - ⌛ aguardando janela de programação de lote de OS...
2026-01-30 12:14:24,523 - INFO - ⌛ aguardando janela de programação de lote de OS...
2026-01-30 12:14:35,022 - INFO - ⌛ aguardando janela de programação de lote de OS...
2026-01-30 12:14:45,544 - INFO - ⌛ aguardando janela de programação de lote de OS...
2026-01-30 12:14:56,056 - INFO - ⌛ aguardando janela de programação de lote de OS...
2026-01-30 12:15:06,563 - INFO - ⌛ aguardando janela de programação de lote de OS...
2026-01-30 12:15:17,076 - INFO - ⌛ aguardando janela de programação de lote de OS...
2026-01-30 12:15:27,578 - INFO - ⌛ aguardando janela de programação de lote de OS...
2026-01-30 12:15:38,103 - INFO - ⌛ aguardando janela de programação de lote de OS...
2026-01-30 12:15:48,625 - INFO - ⌛ aguardando janela de programação de lote de OS...
2026-01-30 12:15:59,132 - INFO - ⌛ aguardando janela de programação de lote de OS...
2026-01-30 12:16:09,653 - INFO - ⌛ aguardando janela de programação de lote de OS...
2026-01-30 12:16:20,162 - INFO - ⌛ aguardando janela de programação de lote de OS...
2026-01-30 12:16:30,665 - INFO - ⌛ aguardando janela de programação de lote de OS...
2026-01-30 12:16:41,172 - INFO - ⌛ aguardando janela de programação de lote de OS...
2026-01-30 12:16:51,678 - INFO - ⌛ aguardando janela de programação de lote de OS...
2026-01-30 12:17:02,213 - INFO - ⌛ aguardando janela de programação de lote de OS...
2026-01-30 12:17:12,693 - INFO - ⌛ aguardando janela de programação de lote de OS...
2026-01-30 12:17:23,181 - INFO - ⌛ aguardando janela de programação de lote de OS...
2026-01-30 12:17:33,676 - INFO - ⌛ aguardando janela de programação de lote de OS...
2026-01-30 12:17:44,174 - INFO - ⌛ aguardando janela de programação de lote de OS...
2026-01-30 12:17:54,676 - INFO - ⌛ aguardando janela de programação de lote de OS...
2026-01-30 12:18:05,153 - INFO - ⌛ aguardando janela de programação de lote de OS...
2026-01-30 12:18:15,690 - INFO - ⌛ aguardando janela de programação de lote de OS...
2026-01-30 12:18:26,214 - INFO - ⌛ aguardando janela de programação de lote de OS...
2026-01-30 12:18:36,674 - INFO - ⌛ aguardando janela de programação de lote de OS...
2026-01-30 12:18:47,130 - INFO - ⌛ aguardando janela de programação de lote de OS...
2026-01-30 12:18:57,612 - INFO - ⌛ aguardando janela de programação de lote de OS...
2026-01-30 12:19:08,091 - INFO - ⌛ aguardando janela de programação de lote de OS...
2026-01-30 12:19:18,625 - INFO - ⌛ aguardando janela de programação de lote de OS...
2026-01-30 12:19:29,157 - INFO - ⌛ aguardando janela de programação de lote de OS...
2026-01-30 12:19:39,641 - INFO - ⌛ aguardando janela de programação de lote de OS...
2026-01-30 12:19:50,165 - INFO - ⌛ aguardando janela de programação de lote de OS...
2026-01-30 12:20:00,646 - INFO - ⌛ aguardando janela de programação de lote de OS...
2026-01-30 12:20:11,190 - INFO - ⌛ aguardando janela de programação de lote de OS...
2026-01-30 12:20:21,726 - INFO - ⌛ aguardando janela de programação de lote de OS...
2026-01-30 12:20:32,219 - INFO - ⌛ aguardando janela de programação de lote de OS...
2026-01-30 12:20:42,763 - INFO - verificando janela oculta
2026-01-30 12:21:05,239 - INFO - Janela restaurada
2026-01-30 12:21:05,239 - INFO - ⌛ aguardando janela de programação de lote de OS...
2026-01-30 12:21:15,661 - INFO - 🟨 Janela de programação de lote de OS detectada
2026-01-30 12:21:43,105 - INFO - ⌛ aguardando janela de confirmação de programação de lote de OS...
2026-01-30 12:21:53,509 - INFO - 🟨 Janela de confirmação de programação de lote de OS detectada
2026-01-30 12:21:57,799 - INFO - ⌛ aguardando confirmação final de programação do lote
2026-01-30 12:22:08,257 - INFO - ⌛ aguardando confirmação final de programação do lote
2026-01-30 12:22:18,711 - INFO - 🟨 programação do lote 2 efetuado com sucesso
2026-01-30 12:22:28,866 - INFO - 
=== Iniciando lote 3/61 [LEVE] ===
2026-01-30 12:22:35,228 - INFO - Janela de seleção aberta
2026-01-30 12:22:39,469 - INFO - DEBUG: idx=2, inicio=50, fim=75
2026-01-30 12:22:39,469 - INFO - ✅ 25 OS copiadas para a área de transferência.
2026-01-30 12:22:39,469 - INFO - 📋 Lote 3 copiado.
2026-01-30 12:22:47,799 - INFO - ⌛ Esperando mudança visual...
2026-01-30 12:22:48,825 - INFO - ⌛ Esperando mudança visual...
2026-01-30 12:22:49,838 - INFO - ⌛ Esperando mudança visual...
2026-01-30 12:22:50,857 - INFO - ⌛ Esperando mudança visual...
2026-01-30 12:22:51,869 - INFO - ⌛ Esperando mudança visual...
2026-01-30 12:22:52,885 - INFO - ⌛ Esperando mudança visual...
2026-01-30 12:22:53,903 - INFO - ⌛ Esperando mudança visual...
2026-01-30 12:22:54,916 - INFO - ⌛ Esperando mudança visual...
2026-01-30 12:22:55,932 - INFO - ⌛ Esperando mudança visual...
2026-01-30 12:22:56,948 - INFO - ⌛ Esperando mudança visual...
2026-01-30 12:22:57,963 - INFO - ✅ Tela carregada!
2026-01-30 12:23:08,445 - INFO - ⌛ Aguardando janela de confirmação de desbloqueio...
2026-01-30 12:23:18,836 - INFO - ⌛ Aguardando janela de confirmação de desbloqueio...
2026-01-30 12:23:29,249 - INFO - 🟨 Registros desbloqueados com sucesso
2026-01-30 12:23:42,766 - INFO - ⌛ Aguardando janela de edição de OS...
2026-01-30 12:23:58,194 - INFO - 🟨 OS programadas detectadas
2026-01-30 12:24:01,369 - INFO - ⌛ Aguardando janela de edição de OS...
2026-01-30 12:24:16,778 - INFO - 🟨 Janela de edição de OS detectada
2026-01-30 12:24:38,158 - INFO - 🟨 Janela de edição de habilidade da turma detectada
2026-01-30 12:25:26,483 - INFO - ⌛ Aguardando detecção do campo de caracteristica 'EQUIPE PRÓPRIA OU EPS' ...
2026-01-30 12:25:45,846 - INFO - 🟨 campo de caracteristica 'EQUIPE PRÓPRIA OU EPS detectado
2026-01-30 12:26:07,599 - INFO - ⌛ Aguardando confirmação 4 - editar OS...
2026-01-30 12:26:22,977 - INFO - ⌛ Aguardando confirmação 4 - editar OS...
2026-01-30 12:26:38,371 - INFO - 🟨 Janela de confirmação 4 de edição de OS detectada
2026-01-30 12:27:09,030 - INFO - ⌛ Aguardando janela de confirmação de programação de OS...
2026-01-30 12:27:19,398 - INFO - 🟨 Janela de confirmação de programação de OS detectada
2026-01-30 12:27:32,731 - INFO - 🟨 Janela de aviso de edição de OS programadas detectada
2026-01-30 12:27:36,998 - INFO - ⌛ aguardando janela de programação de lote de OS...
2026-01-30 12:27:47,484 - INFO - 🟨 Janela de aviso de substituição de lote de OS detectada
2026-01-30 12:27:53,749 - INFO - ⌛ aguardando janela de programação de lote de OS...
2026-01-30 12:28:04,210 - INFO - ⌛ aguardando janela de programação de lote de OS...
2026-01-30 12:28:14,725 - INFO - ⌛ aguardando janela de programação de lote de OS...
2026-01-30 12:28:25,217 - INFO - ⌛ aguardando janela de programação de lote de OS...
2026-01-30 12:28:35,735 - INFO - ⌛ aguardando janela de programação de lote de OS...
2026-01-30 12:28:46,230 - INFO - ⌛ aguardando janela de programação de lote de OS...
2026-01-30 12:28:56,717 - INFO - ⌛ aguardando janela de programação de lote de OS...
2026-01-30 12:29:07,241 - INFO - ⌛ aguardando janela de programação de lote de OS...
2026-01-30 12:29:17,802 - INFO - ⌛ aguardando janela de programação de lote de OS...
2026-01-30 12:29:28,348 - INFO - ⌛ aguardando janela de programação de lote de OS...
2026-01-30 12:29:38,868 - INFO - ⌛ aguardando janela de programação de lote de OS...
2026-01-30 12:29:49,379 - INFO - ⌛ aguardando janela de programação de lote de OS...
2026-01-30 12:29:59,889 - INFO - ⌛ aguardando janela de programação de lote de OS...
2026-01-30 12:30:10,434 - INFO - ⌛ aguardando janela de programação de lote de OS...
2026-01-30 12:30:21,091 - INFO - ⌛ aguardando janela de programação de lote de OS...
2026-01-30 12:30:31,653 - INFO - ⌛ aguardando janela de programação de lote de OS...
2026-01-30 12:30:42,161 - INFO - ⌛ aguardando janela de programação de lote de OS...
2026-01-30 12:30:52,610 - INFO - ⌛ aguardando janela de programação de lote de OS...
2026-01-30 12:31:03,072 - INFO - ⌛ aguardando janela de programação de lote de OS...
2026-01-30 12:31:13,539 - INFO - ⌛ aguardando janela de programação de lote de OS...
2026-01-30 12:31:24,000 - INFO - ⌛ aguardando janela de programação de lote de OS...
2026-01-30 12:31:34,476 - INFO - ⌛ aguardando janela de programação de lote de OS...
2026-01-30 12:31:44,959 - INFO - ⌛ aguardando janela de programação de lote de OS...
2026-01-30 12:31:55,396 - INFO - ⌛ aguardando janela de programação de lote de OS...
2026-01-30 12:32:05,878 - INFO - ⌛ aguardando janela de programação de lote de OS...
2026-01-30 12:32:16,345 - INFO - ⌛ aguardando janela de programação de lote de OS...
2026-01-30 12:32:26,803 - INFO - ⌛ aguardando janela de programação de lote de OS...
2026-01-30 12:32:37,308 - INFO - ⌛ aguardando janela de programação de lote de OS...
2026-01-30 12:32:47,871 - INFO - ⌛ aguardando janela de programação de lote de OS...
2026-01-30 12:32:58,367 - INFO - ⌛ aguardando janela de programação de lote de OS...
2026-01-30 12:33:08,910 - INFO - ⌛ aguardando janela de programação de lote de OS...
2026-01-30 12:33:19,485 - INFO - ⌛ aguardando janela de programação de lote de OS...
2026-01-30 12:33:29,961 - INFO - ⌛ aguardando janela de programação de lote de OS...
2026-01-30 12:33:40,446 - INFO - ⌛ aguardando janela de programação de lote de OS...
2026-01-30 12:33:50,895 - INFO - ⌛ aguardando janela de programação de lote de OS...
2026-01-30 12:34:01,358 - INFO - ⌛ aguardando janela de programação de lote de OS...
2026-01-30 12:34:11,825 - INFO - ⌛ aguardando janela de programação de lote de OS...
2026-01-30 12:34:22,267 - INFO - ⌛ aguardando janela de programação de lote de OS...
2026-01-30 12:34:32,728 - INFO - ⌛ aguardando janela de programação de lote de OS...
2026-01-30 12:34:43,220 - INFO - ⌛ aguardando janela de programação de lote de OS...
2026-01-30 12:34:53,754 - INFO - ⌛ aguardando janela de programação de lote de OS...
2026-01-30 12:35:04,291 - INFO - ⌛ aguardando janela de programação de lote de OS...
2026-01-30 12:35:14,805 - INFO - ⌛ aguardando janela de programação de lote de OS...
2026-01-30 12:35:25,295 - INFO - ⌛ aguardando janela de programação de lote de OS...
2026-01-30 12:35:35,823 - INFO - ⌛ aguardando janela de programação de lote de OS...
2026-01-30 12:35:46,322 - INFO - ⌛ aguardando janela de programação de lote de OS...
2026-01-30 12:35:56,809 - INFO - ⌛ aguardando janela de programação de lote de OS...
2026-01-30 12:36:07,286 - INFO - ⌛ aguardando janela de programação de lote de OS...
2026-01-30 12:36:17,804 - INFO - ⌛ aguardando janela de programação de lote de OS...
2026-01-30 12:36:28,321 - INFO - ⌛ aguardando janela de programação de lote de OS...
2026-01-30 12:36:38,833 - INFO - ⌛ aguardando janela de programação de lote de OS...
2026-01-30 12:36:49,333 - INFO - ⌛ aguardando janela de programação de lote de OS...
2026-01-30 12:36:59,834 - INFO - ⌛ aguardando janela de programação de lote de OS...
2026-01-30 12:37:10,371 - INFO - ⌛ aguardando janela de programação de lote de OS...
2026-01-30 12:37:20,880 - INFO - ⌛ aguardando janela de programação de lote de OS...
2026-01-30 12:37:31,384 - INFO - verificando janela oculta
2026-01-30 12:37:53,853 - INFO - Janela restaurada
2026-01-30 12:37:53,853 - INFO - ⌛ aguardando janela de programação de lote de OS...
2026-01-30 12:38:04,368 - INFO - 🟨 Janela de programação de lote de OS detectada
2026-01-30 12:38:31,791 - INFO - ⌛ aguardando janela de confirmação de programação de lote de OS...
2026-01-30 12:38:42,155 - INFO - 🟨 Janela de confirmação de programação de lote de OS detectada
2026-01-30 12:38:46,449 - INFO - ⌛ aguardando confirmação final de programação do lote
2026-01-30 12:38:56,934 - INFO - ⌛ aguardando confirmação final de programação do lote
2026-01-30 12:39:07,409 - INFO - 🟨 programação do lote 3 efetuado com sucesso
2026-01-30 12:39:17,574 - INFO - 
=== Iniciando lote 4/61 [LEVE] ===
2026-01-30 12:39:23,932 - INFO - Janela de seleção aberta
2026-01-30 12:39:28,170 - INFO - DEBUG: idx=3, inicio=75, fim=100
2026-01-30 12:39:28,170 - INFO - ✅ 25 OS copiadas para a área de transferência.
2026-01-30 12:39:28,170 - INFO - 📋 Lote 4 copiado.
2026-01-30 12:39:36,499 - INFO - ⌛ Esperando mudança visual...
2026-01-30 12:39:37,512 - INFO - ⌛ Esperando mudança visual...
2026-01-30 12:39:38,531 - INFO - ⌛ Esperando mudança visual...
2026-01-30 12:39:39,542 - INFO - ⌛ Esperando mudança visual...
2026-01-30 12:39:40,558 - INFO - ⌛ Esperando mudança visual...
2026-01-30 12:39:41,574 - INFO - ⌛ Esperando mudança visual...
2026-01-30 12:39:42,590 - INFO - ⌛ Esperando mudança visual...
2026-01-30 12:39:43,606 - INFO - ⌛ Esperando mudança visual...
2026-01-30 12:39:44,622 - INFO - ⌛ Esperando mudança visual...
2026-01-30 12:39:45,637 - INFO - ⌛ Esperando mudança visual...
2026-01-30 12:39:46,653 - INFO - ✅ Tela carregada!
2026-01-30 12:39:57,125 - INFO - ⌛ Aguardando janela de confirmação de desbloqueio...
2026-01-30 12:40:07,501 - INFO - ⌛ Aguardando janela de confirmação de desbloqueio...
2026-01-30 12:40:17,876 - INFO - 🟨 Registros desbloqueados com sucesso
2026-01-30 12:40:31,445 - INFO - ⌛ Aguardando janela de edição de OS...
2026-01-30 12:40:46,907 - INFO - 🟨 OS programadas detectadas
2026-01-30 12:40:50,091 - INFO - ⌛ Aguardando janela de edição de OS...
2026-01-30 12:41:05,559 - INFO - 🟨 Janela de edição de OS detectada
2026-01-30 12:41:26,923 - INFO - 🟨 Janela de edição de habilidade da turma detectada
2026-01-30 12:42:15,232 - INFO - ⌛ Aguardando detecção do campo de caracteristica 'EQUIPE PRÓPRIA OU EPS' ...
2026-01-30 12:42:34,578 - INFO - 🟨 campo de caracteristica 'EQUIPE PRÓPRIA OU EPS detectado
2026-01-30 12:42:56,327 - INFO - ⌛ Aguardando confirmação 4 - editar OS...
2026-01-30 12:43:11,691 - INFO - ⌛ Aguardando confirmação 4 - editar OS...
2026-01-30 12:43:27,102 - INFO - ⌛ Aguardando confirmação 4 - editar OS...
2026-01-30 12:43:42,489 - INFO - 🟨 Janela de confirmação 4 de edição de OS detectada
2026-01-30 12:44:13,137 - INFO - ⌛ Aguardando janela de confirmação de programação de OS...
2026-01-30 12:44:23,505 - INFO - 🟨 Janela de confirmação de programação de OS detectada
2026-01-30 12:44:36,834 - INFO - 🟨 Janela de aviso de edição de OS programadas detectada
2026-01-30 12:44:41,104 - INFO - ⌛ aguardando janela de programação de lote de OS...
2026-01-30 12:44:51,540 - INFO - 🟨 Janela de aviso de substituição de lote de OS detectada
2026-01-30 12:44:57,805 - INFO - ⌛ aguardando janela de programação de lote de OS...
2026-01-30 12:45:08,238 - INFO - ⌛ aguardando janela de programação de lote de OS...
2026-01-30 12:45:18,682 - INFO - ⌛ aguardando janela de programação de lote de OS...
2026-01-30 12:45:29,131 - INFO - ⌛ aguardando janela de programação de lote de OS...
2026-01-30 12:45:39,598 - INFO - ⌛ aguardando janela de programação de lote de OS...
2026-01-30 12:45:50,068 - INFO - ⌛ aguardando janela de programação de lote de OS...
2026-01-30 12:46:00,505 - INFO - ⌛ aguardando janela de programação de lote de OS...
2026-01-30 12:46:10,993 - INFO - ⌛ aguardando janela de programação de lote de OS...
2026-01-30 12:46:21,469 - INFO - ⌛ aguardando janela de programação de lote de OS...
2026-01-30 12:46:31,921 - INFO - ⌛ aguardando janela de programação de lote de OS...
2026-01-30 12:46:42,378 - INFO - ⌛ aguardando janela de programação de lote de OS...
2026-01-30 12:46:52,834 - INFO - ⌛ aguardando janela de programação de lote de OS...
2026-01-30 12:47:03,296 - INFO - ⌛ aguardando janela de programação de lote de OS...
2026-01-30 12:47:13,788 - INFO - ⌛ aguardando janela de programação de lote de OS...
2026-01-30 12:47:24,300 - INFO - ⌛ aguardando janela de programação de lote de OS...
2026-01-30 12:47:34,782 - INFO - ⌛ aguardando janela de programação de lote de OS...
2026-01-30 12:47:45,284 - INFO - ⌛ aguardando janela de programação de lote de OS...
2026-01-30 12:47:55,829 - INFO - ⌛ aguardando janela de programação de lote de OS...
2026-01-30 12:48:06,347 - INFO - ⌛ aguardando janela de programação de lote de OS...
2026-01-30 12:48:16,869 - INFO - ⌛ aguardando janela de programação de lote de OS...
2026-01-30 12:48:27,415 - INFO - ⌛ aguardando janela de programação de lote de OS...
2026-01-30 12:48:37,994 - INFO - ⌛ aguardando janela de programação de lote de OS...
2026-01-30 12:48:48,623 - INFO - ⌛ aguardando janela de programação de lote de OS...
2026-01-30 12:48:59,114 - INFO - ⌛ aguardando janela de programação de lote de OS...
2026-01-30 12:49:09,622 - INFO - ⌛ aguardando janela de programação de lote de OS...
2026-01-30 12:49:20,155 - INFO - ⌛ aguardando janela de programação de lote de OS...
2026-01-30 12:49:30,715 - INFO - ⌛ aguardando janela de programação de lote de OS...
2026-01-30 12:49:41,200 - INFO - ⌛ aguardando janela de programação de lote de OS...
2026-01-30 12:49:51,697 - INFO - ⌛ aguardando janela de programação de lote de OS...
2026-01-30 12:50:02,198 - INFO - 🟨 Janela de programação de lote de OS detectada
2026-01-30 12:50:29,630 - INFO - ⌛ aguardando janela de confirmação de programação de lote de OS...
2026-01-30 12:50:40,006 - INFO - 🟨 Janela de confirmação de programação de lote de OS detectada
2026-01-30 12:50:44,297 - INFO - ⌛ aguardando confirmação final de programação do lote
2026-01-30 12:50:54,727 - INFO - ⌛ aguardando confirmação final de programação do lote
2026-01-30 12:51:05,173 - INFO - 🟨 programação do lote 4 efetuado com sucesso
2026-01-30 12:51:15,337 - INFO - 
=== Iniciando lote 5/61 [LEVE] ===
2026-01-30 12:51:21,703 - INFO - Janela de seleção aberta
2026-01-30 12:51:25,919 - INFO - DEBUG: idx=4, inicio=100, fim=125
2026-01-30 12:51:25,919 - INFO - ✅ 25 OS copiadas para a área de transferência.
2026-01-30 12:51:25,919 - INFO - 📋 Lote 5 copiado.
2026-01-30 12:51:34,258 - INFO - ⌛ Esperando mudança visual...
2026-01-30 12:51:35,277 - INFO - ⌛ Esperando mudança visual...
2026-01-30 12:51:36,293 - INFO - ⌛ Esperando mudança visual...
2026-01-30 12:51:37,309 - INFO - ⌛ Esperando mudança visual...
2026-01-30 12:51:38,325 - INFO - ⌛ Esperando mudança visual...
2026-01-30 12:51:39,342 - INFO - ⌛ Esperando mudança visual...
2026-01-30 12:51:40,355 - INFO - ⌛ Esperando mudança visual...
2026-01-30 12:51:41,371 - INFO - ⌛ Esperando mudança visual...
2026-01-30 12:51:42,387 - INFO - ⌛ Esperando mudança visual...
2026-01-30 12:51:43,405 - INFO - ✅ Tela carregada!
2026-01-30 12:51:53,886 - INFO - ⌛ Aguardando janela de confirmação de desbloqueio...
2026-01-30 12:52:04,250 - INFO - ⌛ Aguardando janela de confirmação de desbloqueio...
2026-01-30 12:52:14,635 - INFO - 🟨 Registros desbloqueados com sucesso
2026-01-30 12:52:28,154 - INFO - ⌛ Aguardando janela de edição de OS...
2026-01-30 12:52:43,573 - INFO - 🟨 Janela de edição de OS detectada
2026-01-30 12:53:04,926 - INFO - 🟨 Janela de edição de habilidade da turma detectada
2026-01-30 12:53:53,234 - INFO - ⌛ Aguardando detecção do campo de caracteristica 'EQUIPE PRÓPRIA OU EPS' ...
2026-01-30 12:54:12,599 - INFO - 🟨 campo de caracteristica 'EQUIPE PRÓPRIA OU EPS detectado
2026-01-30 12:54:34,333 - INFO - ⌛ Aguardando confirmação 4 - editar OS...
2026-01-30 12:54:49,748 - INFO - ⌛ Aguardando confirmação 4 - editar OS...
2026-01-30 12:55:05,147 - INFO - 🟨 Janela de confirmação 4 de edição de OS detectada
2026-01-30 12:55:35,824 - INFO - ⌛ Aguardando janela de confirmação de programação de OS...
2026-01-30 12:55:46,178 - INFO - 🟨 Janela de confirmação de programação de OS detectada
2026-01-30 12:55:59,513 - INFO - 🟨 Janela de aviso de substituição de lote de OS detectada
2026-01-30 12:56:05,780 - INFO - ⌛ aguardando janela de programação de lote de OS...
2026-01-30 12:56:16,236 - INFO - ⌛ aguardando janela de programação de lote de OS...
2026-01-30 12:56:26,709 - INFO - ⌛ aguardando janela de programação de lote de OS...
2026-01-30 12:56:37,229 - INFO - ⌛ aguardando janela de programação de lote de OS...
2026-01-30 12:56:47,743 - INFO - ⌛ aguardando janela de programação de lote de OS...
2026-01-30 12:56:58,259 - INFO - 🟨 Janela de programação de lote de OS detectada
2026-01-30 12:57:25,693 - INFO - ⌛ aguardando janela de confirmação de programação de lote de OS...
2026-01-30 12:57:36,059 - INFO - 🟨 Janela de confirmação de programação de lote de OS detectada
2026-01-30 12:57:40,339 - INFO - ⌛ aguardando confirmação final de programação do lote
2026-01-30 12:57:50,768 - INFO - ⌛ aguardando confirmação final de programação do lote
2026-01-30 12:58:01,208 - INFO - 🟨 programação do lote 5 efetuado com sucesso
2026-01-30 12:58:11,371 - INFO - 
=== Iniciando lote 6/61 [LEVE] ===
2026-01-30 12:58:17,730 - INFO - Janela de seleção aberta
2026-01-30 12:58:21,985 - INFO - DEBUG: idx=5, inicio=125, fim=150
2026-01-30 12:58:21,985 - INFO - ✅ 25 OS copiadas para a área de transferência.
2026-01-30 12:58:21,985 - INFO - 📋 Lote 6 copiado.
2026-01-30 12:58:30,312 - INFO - ⌛ Esperando mudança visual...
2026-01-30 12:58:31,331 - INFO - ⌛ Esperando mudança visual...
2026-01-30 12:58:32,344 - INFO - ⌛ Esperando mudança visual...
2026-01-30 12:58:33,361 - INFO - ⌛ Esperando mudança visual...
2026-01-30 12:58:34,376 - INFO - ⌛ Esperando mudança visual...
2026-01-30 12:58:35,391 - INFO - ⌛ Esperando mudança visual...
2026-01-30 12:58:36,409 - INFO - ⌛ Esperando mudança visual...
2026-01-30 12:58:37,424 - INFO - ⌛ Esperando mudança visual...
2026-01-30 12:58:38,438 - INFO - ⌛ Esperando mudança visual...
2026-01-30 12:58:39,454 - INFO - ✅ Tela carregada!
2026-01-30 12:58:49,931 - INFO - ⌛ Aguardando janela de confirmação de desbloqueio...
2026-01-30 12:59:00,300 - INFO - 🟨 Registros desbloqueados com sucesso
2026-01-30 12:59:13,838 - INFO - ⌛ Aguardando janela de edição de OS...
2026-01-30 12:59:29,284 - INFO - 🟨 OS programadas detectadas
2026-01-30 12:59:32,451 - INFO - ⌛ Aguardando janela de edição de OS...
2026-01-30 12:59:47,893 - INFO - 🟨 Janela de edição de OS detectada
2026-01-30 13:00:09,254 - INFO - 🟨 Janela de edição de habilidade da turma detectada
2026-01-30 13:00:57,573 - INFO - ⌛ Aguardando detecção do campo de caracteristica 'EQUIPE PRÓPRIA OU EPS' ...
2026-01-30 13:01:16,938 - INFO - 🟨 campo de caracteristica 'EQUIPE PRÓPRIA OU EPS detectado
2026-01-30 13:01:38,686 - INFO - ⌛ Aguardando confirmação 4 - editar OS...
2026-01-30 13:01:54,076 - INFO - ⌛ Aguardando confirmação 4 - editar OS...
2026-01-30 13:02:09,457 - INFO - ⌛ Aguardando confirmação 4 - editar OS...
2026-01-30 13:02:24,860 - INFO - 🟨 Janela de confirmação 4 de edição de OS detectada
2026-01-30 13:02:55,484 - INFO - ⌛ Aguardando janela de confirmação de programação de OS...
2026-01-30 13:03:05,850 - INFO - 🟨 Janela de confirmação de programação de OS detectada
2026-01-30 13:03:19,187 - INFO - 🟨 Janela de aviso de edição de OS programadas detectada
2026-01-30 13:03:23,449 - INFO - ⌛ aguardando janela de programação de lote de OS...
2026-01-30 13:03:33,896 - INFO - 🟨 Janela de aviso de substituição de lote de OS detectada
2026-01-30 13:03:40,169 - INFO - ⌛ aguardando janela de programação de lote de OS...
2026-01-30 13:03:50,666 - INFO - ⌛ aguardando janela de programação de lote de OS...
2026-01-30 13:04:01,108 - INFO - ⌛ aguardando janela de programação de lote de OS...
2026-01-30 13:04:11,547 - INFO - 🟨 Janela de programação de lote de OS detectada
2026-01-30 13:04:38,969 - INFO - ⌛ aguardando janela de confirmação de programação de lote de OS...
2026-01-30 13:04:49,369 - INFO - 🟨 Janela de confirmação de programação de lote de OS detectada
2026-01-30 13:04:53,662 - INFO - ⌛ aguardando confirmação final de programação do lote
2026-01-30 13:05:04,093 - INFO - ⌛ aguardando confirmação final de programação do lote
2026-01-30 13:05:14,577 - INFO - 🟨 programação do lote 6 efetuado com sucesso
2026-01-30 13:05:24,742 - INFO - 
=== Iniciando lote 7/61 [LEVE] ===
2026-01-30 13:05:31,100 - INFO - Janela de seleção aberta
2026-01-30 13:05:35,352 - INFO - DEBUG: idx=6, inicio=150, fim=175
2026-01-30 13:05:35,352 - INFO - ✅ 25 OS copiadas para a área de transferência.
2026-01-30 13:05:35,352 - INFO - 📋 Lote 7 copiado.
2026-01-30 13:06:50,922 - INFO - Data hoje: 30/01/2026
2026-01-30 13:06:50,922 - INFO - Data de referência: 31/01/2026
2026-01-30 13:07:51,975 - INFO - 
Qtde OS de LINHA VIVA: 413
2026-01-30 13:07:51,975 - INFO - Qtde OS poda de LINHA MORTA: 76
2026-01-30 13:07:51,975 - INFO - 
Qtde OS estrutural de LINHA MORTA : 2
2026-01-30 13:07:51,975 - INFO - Qtde OS poda de LINHA MORTA fora carteira: 1242
2026-01-30 13:07:51,975 - INFO - Qtde OS para desprogramar: 1695
2026-01-30 13:07:51,975 - INFO - 
 Qtd de lotes de LM: 4
2026-01-30 13:07:51,975 - INFO - 
 Qtd de lotes de LV: 17
2026-01-30 13:07:51,975 - INFO - 
 Qtd de lotes de ESTRUTURAL LM: 1
2026-01-30 13:07:51,975 - INFO - 
 Qtd de lotes de LEVE: 50
2026-01-30 13:07:51,975 - INFO - 
 Qtd de lotes para desprogramar: 68
2026-01-30 13:07:51,975 - INFO - 
=== Iniciando lote 7/50 [LEVE] ===
2026-01-30 13:07:58,403 - INFO - Janela de seleção aberta
2026-01-30 13:08:02,641 - INFO - DEBUG: idx=6, inicio=150, fim=175
2026-01-30 13:08:02,641 - INFO - ✅ 25 OS copiadas para a área de transferência.
2026-01-30 13:08:02,641 - INFO - 📋 Lote 7 copiado.
2026-01-30 13:08:10,969 - INFO - ⌛ Esperando mudança visual...
2026-01-30 13:08:11,983 - INFO - ✅ Tela carregada!
2026-01-30 13:08:22,471 - INFO - ⌛ Aguardando janela de confirmação de desbloqueio...
2026-01-30 13:08:32,820 - INFO - ⌛ Aguardando janela de confirmação de desbloqueio...
2026-01-30 13:08:43,209 - INFO - 🟨 Registros desbloqueados com sucesso
2026-01-30 13:08:56,727 - INFO - ⌛ Aguardando janela de edição de OS...
2026-01-30 13:09:12,171 - INFO - 🟨 OS programadas detectadas
2026-01-30 13:09:15,351 - INFO - ⌛ Aguardando janela de edição de OS...
2026-01-30 13:09:30,800 - INFO - 🟨 Janela de edição de OS detectada
2026-01-30 13:09:52,159 - INFO - 🟨 Janela de edição de habilidade da turma detectada
2026-01-30 13:10:40,493 - INFO - ⌛ Aguardando detecção do campo de caracteristica 'EQUIPE PRÓPRIA OU EPS' ...
2026-01-30 13:10:59,862 - INFO - 🟨 campo de caracteristica 'EQUIPE PRÓPRIA OU EPS detectado
2026-01-30 13:11:21,592 - INFO - ⌛ Aguardando confirmação 4 - editar OS...
2026-01-30 13:11:36,996 - INFO - ⌛ Aguardando confirmação 4 - editar OS...
2026-01-30 13:11:52,442 - INFO - 🟨 Janela de confirmação 4 de edição de OS detectada
2026-01-30 13:12:23,085 - INFO - ⌛ Aguardando janela de confirmação de programação de OS...
2026-01-30 13:12:33,438 - INFO - 🟨 Janela de confirmação de programação de OS detectada
2026-01-30 13:12:46,769 - INFO - 🟨 Janela de aviso de edição de OS programadas detectada
2026-01-30 13:12:51,054 - INFO - ⌛ aguardando janela de programação de lote de OS...
2026-01-30 13:13:01,524 - INFO - 🟨 Janela de aviso de substituição de lote de OS detectada
2026-01-30 13:13:07,790 - INFO - ⌛ aguardando janela de programação de lote de OS...
2026-01-30 13:13:18,286 - INFO - ⌛ aguardando janela de programação de lote de OS...
2026-01-30 13:13:28,817 - INFO - ⌛ aguardando janela de programação de lote de OS...
2026-01-30 13:13:39,374 - INFO - ⌛ aguardando janela de programação de lote de OS...
2026-01-30 13:13:49,968 - INFO - ⌛ aguardando janela de programação de lote de OS...
2026-01-30 13:14:00,595 - INFO - ⌛ aguardando janela de programação de lote de OS...
2026-01-30 13:14:11,142 - INFO - ⌛ aguardando janela de programação de lote de OS...
2026-01-30 13:14:21,742 - INFO - ⌛ aguardando janela de programação de lote de OS...
2026-01-30 13:14:32,287 - INFO - ⌛ aguardando janela de programação de lote de OS...
2026-01-30 13:14:42,824 - INFO - ⌛ aguardando janela de programação de lote de OS...
2026-01-30 13:14:54,178 - INFO - Data hoje: 30/01/2026
2026-01-30 13:14:54,178 - INFO - Data de referência: 31/01/2026
2026-01-30 13:15:56,664 - INFO - 
Qtde OS de LINHA VIVA: 413
2026-01-30 13:15:56,664 - INFO - Qtde OS poda de LINHA MORTA: 76
2026-01-30 13:15:56,664 - INFO - 
Qtde OS estrutural de LINHA MORTA : 2
2026-01-30 13:15:56,664 - INFO - Qtde OS poda de LINHA MORTA fora carteira: 1242
2026-01-30 13:15:56,664 - INFO - Qtde OS para desprogramar: 1695
2026-01-30 13:15:56,664 - INFO - 
 Qtd de lotes de LM: 4
2026-01-30 13:15:56,664 - INFO - 
 Qtd de lotes de LV: 17
2026-01-30 13:15:56,664 - INFO - 
 Qtd de lotes de ESTRUTURAL LM: 1
2026-01-30 13:15:56,664 - INFO - 
 Qtd de lotes de LEVE: 50
2026-01-30 13:15:56,664 - INFO - 
 Qtd de lotes para desprogramar: 68
2026-01-30 13:15:56,664 - INFO - 
=== Iniciando lote 7/50 [LEVE] ===
2026-01-30 13:16:03,080 - INFO - Janela de seleção aberta
2026-01-30 13:16:07,323 - INFO - DEBUG: idx=6, inicio=150, fim=175
2026-01-30 13:16:07,323 - INFO - ✅ 25 OS copiadas para a área de transferência.
2026-01-30 13:16:07,323 - INFO - 📋 Lote 7 copiado.
2026-01-30 13:16:15,660 - INFO - ⌛ Esperando mudança visual...
2026-01-30 13:16:16,681 - INFO - ⌛ Esperando mudança visual...
2026-01-30 13:16:17,691 - INFO - ⌛ Esperando mudança visual...
2026-01-30 13:16:18,713 - INFO - ⌛ Esperando mudança visual...
2026-01-30 13:16:19,728 - INFO - ⌛ Esperando mudança visual...
2026-01-30 13:16:20,742 - INFO - ⌛ Esperando mudança visual...
2026-01-30 13:16:21,761 - INFO - ⌛ Esperando mudança visual...
2026-01-30 13:16:22,766 - INFO - ⌛ Esperando mudança visual...
2026-01-30 13:16:23,791 - INFO - ✅ Tela carregada!
2026-01-30 13:16:34,281 - INFO - ⌛ Aguardando janela de confirmação de desbloqueio...
2026-01-30 13:16:44,697 - INFO - ⌛ Aguardando janela de confirmação de desbloqueio...
2026-01-30 13:16:55,066 - INFO - 🟨 Registros desbloqueados com sucesso
2026-01-30 13:17:08,591 - INFO - ⌛ Aguardando janela de edição de OS...
2026-01-30 13:17:24,008 - INFO - 🟨 OS programadas detectadas
2026-01-30 13:17:27,160 - INFO - ⌛ Aguardando janela de edição de OS...
2026-01-30 13:17:42,568 - INFO - 🟨 Janela de edição de OS detectada
2026-01-30 13:18:03,927 - INFO - 🟨 Janela de edição de habilidade da turma detectada
2026-01-30 13:18:52,241 - INFO - ⌛ Aguardando detecção do campo de caracteristica 'EQUIPE PRÓPRIA OU EPS' ...
2026-01-30 13:19:11,604 - INFO - 🟨 campo de caracteristica 'EQUIPE PRÓPRIA OU EPS detectado
2026-01-30 13:19:33,322 - INFO - ⌛ Aguardando confirmação 4 - editar OS...
2026-01-30 13:19:48,696 - INFO - ⌛ Aguardando confirmação 4 - editar OS...
2026-01-30 13:20:04,072 - INFO - 🟨 Janela de confirmação 4 de edição de OS detectada
2026-01-30 13:20:34,731 - INFO - ⌛ Aguardando janela de confirmação de programação de OS...
2026-01-30 13:20:54,987 - INFO - 🟨 Janela de confirmação de programação de OS detectada
2026-01-30 13:21:08,331 - INFO - 🟨 Janela de aviso de edição de OS programadas detectada
2026-01-30 13:21:12,605 - INFO - ⌛ aguardando janela de programação de lote de OS...
2026-01-30 13:21:33,082 - INFO - 🟨 Janela de aviso de substituição de lote de OS detectada
2026-01-30 13:21:39,365 - INFO - ⌛ aguardando janela de programação de lote de OS...
2026-01-30 13:21:59,842 - INFO - 🟨 Janela de programação de lote de OS detectada
2026-01-30 13:22:27,312 - INFO - ⌛ aguardando janela de confirmação de programação de lote de OS...
2026-01-30 13:22:47,695 - INFO - 🟨 Janela de confirmação de programação de lote de OS detectada
2026-01-30 13:22:52,013 - INFO - ⌛ aguardando confirmação final de programação do lote
2026-01-30 13:23:12,434 - INFO - 🟨 programação do lote 7 efetuado com sucesso
2026-01-30 13:23:22,599 - INFO - 
=== Iniciando lote 8/50 [LEVE] ===
2026-01-30 13:23:28,961 - INFO - Janela de seleção aberta
2026-01-30 13:23:33,180 - INFO - DEBUG: idx=7, inicio=175, fim=200
2026-01-30 13:23:33,180 - INFO - ✅ 25 OS copiadas para a área de transferência.
2026-01-30 13:23:33,180 - INFO - 📋 Lote 8 copiado.
2026-01-30 13:23:41,526 - INFO - ⌛ Esperando mudança visual...
2026-01-30 13:23:42,534 - INFO - ⌛ Esperando mudança visual...
2026-01-30 13:23:43,549 - INFO - ⌛ Esperando mudança visual...
2026-01-30 13:23:44,564 - INFO - ⌛ Esperando mudança visual...
2026-01-30 13:23:45,579 - INFO - ⌛ Esperando mudança visual...
2026-01-30 13:23:46,595 - INFO - ⌛ Esperando mudança visual...
2026-01-30 13:23:47,612 - INFO - ⌛ Esperando mudança visual...
2026-01-30 13:23:48,627 - INFO - ⌛ Esperando mudança visual...
2026-01-30 13:23:49,644 - INFO - ⌛ Esperando mudança visual...
2026-01-30 13:23:50,660 - INFO - ✅ Tela carregada!
2026-01-30 13:24:01,137 - INFO - ⌛ Aguardando janela de confirmação de desbloqueio...
2026-01-30 13:24:11,498 - INFO - ⌛ Aguardando janela de confirmação de desbloqueio...
2026-01-30 13:24:21,891 - INFO - 🟨 Registros desbloqueados com sucesso
2026-01-30 13:24:35,405 - INFO - ⌛ Aguardando janela de edição de OS...
2026-01-30 13:24:50,787 - INFO - 🟨 OS programadas detectadas
2026-01-30 13:24:53,947 - INFO - ⌛ Aguardando janela de edição de OS...
2026-01-30 13:25:09,362 - INFO - 🟨 Janela de edição de OS detectada
2026-01-30 13:25:30,722 - INFO - 🟨 Janela de edição de habilidade da turma detectada
2026-01-30 13:26:19,042 - INFO - ⌛ Aguardando detecção do campo de caracteristica 'EQUIPE PRÓPRIA OU EPS' ...
2026-01-30 13:26:38,411 - INFO - 🟨 campo de caracteristica 'EQUIPE PRÓPRIA OU EPS detectado
2026-01-30 13:27:00,146 - INFO - ⌛ Aguardando confirmação 4 - editar OS...
2026-01-30 13:27:15,497 - INFO - ⌛ Aguardando confirmação 4 - editar OS...
2026-01-30 13:27:30,874 - INFO - ⌛ Aguardando confirmação 4 - editar OS...
2026-01-30 13:27:46,241 - INFO - 🟨 Janela de confirmação 4 de edição de OS detectada
2026-01-30 13:28:16,896 - INFO - ⌛ Aguardando janela de confirmação de programação de OS...
2026-01-30 13:28:37,228 - INFO - 🟨 Janela de confirmação de programação de OS detectada
2026-01-30 13:28:50,590 - INFO - 🟨 Janela de aviso de edição de OS programadas detectada
2026-01-30 13:28:54,864 - INFO - ⌛ aguardando janela de programação de lote de OS...
2026-01-30 13:29:15,391 - INFO - 🟨 Janela de aviso de substituição de lote de OS detectada
2026-01-30 13:29:21,660 - INFO - ⌛ aguardando janela de programação de lote de OS...
2026-01-30 13:29:42,136 - INFO - 🟨 Janela de programação de lote de OS detectada
2026-01-30 13:30:09,563 - INFO - ⌛ aguardando janela de confirmação de programação de lote de OS...
2026-01-30 13:30:29,897 - INFO - 🟨 Janela de confirmação de programação de lote de OS detectada
2026-01-30 13:30:34,200 - INFO - ⌛ aguardando confirmação final de programação do lote
2026-01-30 13:30:54,625 - INFO - 🟨 programação do lote 8 efetuado com sucesso
2026-01-30 13:31:04,789 - INFO - 
=== Iniciando lote 9/50 [LEVE] ===
2026-01-30 13:31:11,149 - INFO - Janela de seleção aberta
2026-01-30 13:31:15,378 - INFO - DEBUG: idx=8, inicio=200, fim=225
2026-01-30 13:31:15,378 - INFO - ✅ 25 OS copiadas para a área de transferência.
2026-01-30 13:31:15,378 - INFO - 📋 Lote 9 copiado.
2026-01-30 13:31:23,714 - INFO - ⌛ Esperando mudança visual...
2026-01-30 13:31:24,722 - INFO - ⌛ Esperando mudança visual...
2026-01-30 13:31:25,742 - INFO - ⌛ Esperando mudança visual...
2026-01-30 13:31:26,755 - INFO - ⌛ Esperando mudança visual...
2026-01-30 13:31:27,770 - INFO - ⌛ Esperando mudança visual...
2026-01-30 13:31:28,786 - INFO - ⌛ Esperando mudança visual...
2026-01-30 13:31:29,801 - INFO - ⌛ Esperando mudança visual...
2026-01-30 13:31:30,818 - INFO - ⌛ Esperando mudança visual...
2026-01-30 13:31:31,839 - INFO - ⌛ Esperando mudança visual...
2026-01-30 13:31:32,853 - INFO - ⌛ Esperando mudança visual...
2026-01-30 13:31:33,866 - INFO - ⌛ Esperando mudança visual...
2026-01-30 13:31:34,885 - INFO - ⌛ Esperando mudança visual...
2026-01-30 13:31:35,899 - INFO - ✅ Tela carregada!
2026-01-30 13:31:46,380 - INFO - ⌛ Aguardando janela de confirmação de desbloqueio...
2026-01-30 13:31:56,749 - INFO - ⌛ Aguardando janela de confirmação de desbloqueio...
2026-01-30 13:32:07,107 - INFO - 🟨 Registros desbloqueados com sucesso
2026-01-30 13:32:20,618 - INFO - ⌛ Aguardando janela de edição de OS...
2026-01-30 13:32:36,031 - INFO - 🟨 OS programadas detectadas
2026-01-30 13:32:39,190 - INFO - ⌛ Aguardando janela de edição de OS...
2026-01-30 13:32:54,598 - INFO - 🟨 Janela de edição de OS detectada
2026-01-30 13:33:15,955 - INFO - 🟨 Janela de edição de habilidade da turma detectada
2026-01-30 13:34:04,258 - INFO - ⌛ Aguardando detecção do campo de caracteristica 'EQUIPE PRÓPRIA OU EPS' ...
2026-01-30 13:34:23,611 - INFO - 🟨 campo de caracteristica 'EQUIPE PRÓPRIA OU EPS detectado
2026-01-30 13:34:45,337 - INFO - ⌛ Aguardando confirmação 4 - editar OS...
2026-01-30 13:35:00,701 - INFO - ⌛ Aguardando confirmação 4 - editar OS...
2026-01-30 13:35:16,060 - INFO - 🟨 Janela de confirmação 4 de edição de OS detectada
2026-01-30 13:35:46,702 - INFO - ⌛ Aguardando janela de confirmação de programação de OS...
2026-01-30 13:36:06,941 - INFO - 🟨 Janela de confirmação de programação de OS detectada
2026-01-30 13:36:20,254 - INFO - 🟨 Janela de aviso de edição de OS programadas detectada
2026-01-30 13:36:24,542 - INFO - ⌛ aguardando janela de programação de lote de OS...
2026-01-30 13:36:45,037 - INFO - 🟨 Janela de aviso de substituição de lote de OS detectada
2026-01-30 13:36:51,303 - INFO - ⌛ aguardando janela de programação de lote de OS...
2026-01-30 13:37:11,810 - INFO - ⌛ aguardando janela de programação de lote de OS...
2026-01-30 13:37:32,280 - INFO - ⌛ aguardando janela de programação de lote de OS...
2026-01-30 13:37:52,804 - INFO - ⌛ aguardando janela de programação de lote de OS...
2026-01-30 13:38:13,305 - INFO - ⌛ aguardando janela de programação de lote de OS...
2026-01-30 13:38:33,815 - INFO - ⌛ aguardando janela de programação de lote de OS...
2026-01-30 13:38:54,293 - INFO - ⌛ aguardando janela de programação de lote de OS...
2026-01-30 13:39:14,845 - INFO - ⌛ aguardando janela de programação de lote de OS...
2026-01-30 13:39:35,351 - INFO - ⌛ aguardando janela de programação de lote de OS...
2026-01-30 13:39:55,851 - INFO - ⌛ aguardando janela de programação de lote de OS...
2026-01-30 13:40:16,393 - INFO - ⌛ aguardando janela de programação de lote de OS...
2026-01-30 13:40:36,955 - INFO - ⌛ aguardando janela de programação de lote de OS...
