2025-12-06 15:16:15,338 - INFO - Data hoje: 06/12/2025
2025-12-06 15:16:15,338 - INFO - Data de referência: 31/12/2025
2025-12-06 15:16:20,839 - INFO - 
Qtde LINHA VIVA: 663
2025-12-06 15:16:20,839 - INFO - Qtde LINHA MORTA/PESADA/FAIXA: 219
2025-12-06 15:16:21,562 - INFO - 
Arquivo gerado: C:\Users\U469784\venvs\py311\bot_programacao\EXCEL\pendentes_20251206.xlsx
2025-12-06 15:16:21,727 - INFO - 
 Qtd de lotes de LM: 15
2025-12-06 15:16:21,727 - INFO - 
 Qtd de lotes de LV: 45
2025-12-06 15:16:21,727 - INFO - 
=== Iniciando lote 1/45 [LV] ===
2025-12-06 15:16:28,159 - INFO - Janela de seleção aberta
2025-12-06 15:16:34,504 - INFO - DEBUG: idx=0, inicio=0, fim=15
2025-12-06 15:16:34,504 - INFO - ✅ 15 OS copiadas para a área de transferência.
2025-12-06 15:16:34,504 - INFO - 📋 Lote 1 copiado.
2025-12-06 15:16:42,820 - INFO - ⌛ Esperando mudança visual...
2025-12-06 15:16:43,840 - INFO - ✅ Tela carregada!
2025-12-06 15:16:54,309 - INFO - ⌛ Aguardando janela de confirmação de desbloqueio...
2025-12-06 15:17:14,687 - INFO - 🟨 Registros desbloqueados com sucesso
2025-12-06 15:17:28,264 - INFO - 🟨 OS programadas detectadas
2025-12-06 15:17:31,421 - INFO - ⌛ Aguardando janela de edição de OS...
2025-12-06 15:18:01,772 - INFO - ⌛ Aguardando janela de edição de OS...
2025-12-06 15:18:32,136 - INFO - ⌛ Aguardando janela de edição de OS...
2025-12-06 15:19:02,504 - INFO - ⌛ Aguardando janela de edição de OS...
2025-12-06 15:19:32,891 - INFO - ⌛ Aguardando janela de edição de OS...
2025-12-06 15:20:03,261 - INFO - ⌛ Aguardando janela de edição de OS...
2025-12-06 15:20:33,647 - INFO - 🟨 Janela de edição de OS detectada
2025-12-06 15:20:55,056 - INFO - 🟨 Janela de edição de habilidade da turma detectada
2025-12-06 15:21:40,388 - INFO - ⌛ Aguardando detecção do campo de caracteristica 'EQUIPE PRÓPRIA OU EPS' ...
2025-12-06 15:22:10,543 - INFO - ⌛ Aguardando detecção do campo de caracteristica 'EQUIPE PRÓPRIA OU EPS' ...
2025-12-06 15:22:40,688 - INFO - ⌛ Aguardando detecção do campo de caracteristica 'EQUIPE PRÓPRIA OU EPS' ...
2025-12-06 15:23:10,855 - INFO - 🟨 campo de caracteristica 'EQUIPE PRÓPRIA OU EPS detectado
2025-12-06 15:23:32,587 - INFO - ⌛ Aguardando confirmação 4 - editar OS...
2025-12-06 15:24:02,932 - INFO - ⌛ Aguardando confirmação 4 - editar OS...
2025-12-06 15:25:13,879 - INFO - ⌛ Aguardando janela de confirmação de programação de OS...
2025-12-06 15:25:34,192 - INFO - ⌛ Aguardando janela de confirmação de programação de OS...
2025-12-06 15:25:54,533 - INFO - ⌛ Aguardando janela de confirmação de programação de OS...
2025-12-06 15:26:14,903 - INFO - ⌛ Aguardando janela de confirmação de programação de OS...
2025-12-06 15:26:35,205 - INFO - ⌛ Aguardando janela de confirmação de programação de OS...
2025-12-06 15:26:55,523 - INFO - ⌛ Aguardando janela de confirmação de programação de OS...
2025-12-06 15:26:55,671 - INFO - 🟨 Identificado travamento no EQM, reiniciando contador de espera
2025-12-06 15:27:15,845 - INFO - ⌛ Aguardando janela de confirmação de programação de OS...
2025-12-06 15:27:36,144 - INFO - ⌛ Aguardando janela de confirmação de programação de OS...
