2026-05-15 11:52:05,723 - INFO - Data hoje: 15/05/2026
2026-05-15 11:52:05,723 - INFO - Data de referência: 31/05/2026
2026-05-15 11:56:46,958 - INFO - Qtde OS de LINHA VIVA: 539
2026-05-15 11:56:46,958 - INFO - Qtde OS poda de LINHA MORTA: 202
2026-05-15 11:56:46,958 - INFO - Qtde OS estrutural de LINHA MORTA : 12810
2026-05-15 11:56:46,958 - INFO - Qtde OS poda de LINHA MORTA fora carteira: 68
2026-05-15 11:56:46,958 - INFO - Qtde OS para desprogramar: 2466
2026-05-15 11:56:46,960 - INFO - 
 Qtd de lotes de LM: 9
2026-05-15 11:56:46,960 - INFO - 
 Qtd de lotes de LV: 22
2026-05-15 11:56:46,962 - INFO - 
 Qtd de lotes de ESTRUTURAL LM: 513
2026-05-15 11:56:46,962 - INFO - 
 Qtd de lotes de LEVE: 3
2026-05-15 11:56:46,962 - INFO - 
 Qtd de lotes para desprogramar: 99
2026-05-15 11:56:46,962 - INFO - 
=== Iniciando lote 14/22 [LV] ===
2026-05-15 11:56:46,962 - INFO - 
=== abrir_janela_selecao ===
2026-05-15 11:56:53,296 - INFO - 
=== rotina abrir_selecao_colar_os ===
2026-05-15 11:56:53,386 - INFO - Janela de seleção aberta
2026-05-15 11:56:59,747 - INFO - DEBUG: idx=13, inicio=325, fim=350
2026-05-15 11:56:59,747 - INFO - ✅ 25 OS copiadas para a área de transferência.
2026-05-15 11:56:59,747 - INFO - 📋 Lote 14 copiado.
2026-05-15 11:57:08,077 - INFO - ⌛ Esperando mudança visual...
2026-05-15 11:57:09,093 - INFO - ⌛ Esperando mudança visual...
2026-05-15 11:57:10,108 - INFO - ✅ Tela carregada!
2026-05-15 11:57:14,109 - INFO - 
=== rotina desbloquear_os ===
2026-05-15 11:57:40,610 - INFO - ⌛ Aguardando janela de confirmação de desbloqueio...
2026-05-15 11:57:56,114 - INFO - ⌛ Aguardando janela de confirmação de desbloqueio...
2026-05-15 11:58:11,566 - INFO - 🟨 Registros desbloqueados com sucesso
2026-05-15 11:58:15,669 - INFO - 
=== rotina editar_os ===
2026-05-15 11:58:25,101 - INFO - ⌛ Aguardando janela de edição de OS...
2026-05-15 11:58:40,599 - INFO - 🟨 OS programadas detectadas
2026-05-15 11:58:43,706 - INFO - ⌛ Aguardando janela de edição de OS...
2026-05-15 11:58:59,180 - INFO - 🟨 Janela de edição de OS detectada
2026-05-15 11:59:20,547 - INFO - 🟨 Janela de edição de habilidade da turma detectada
2026-05-15 12:00:38,850 - INFO - ⌛ Aguardando detecção do campo de caracteristica 'EQUIPE PRÓPRIA OU EPS' ...
2026-05-15 12:00:58,210 - INFO - 🟨 campo de caracteristica 'EQUIPE PRÓPRIA OU EPS detectado
2026-05-15 12:01:20,011 - INFO - ⌛ Aguardando confirmação 4 - editar OS...
2026-05-15 12:01:35,511 - INFO - ⌛ Aguardando confirmação 4 - editar OS...
2026-05-15 12:01:51,047 - INFO - ⌛ Aguardando confirmação 4 - editar OS...
2026-05-15 12:02:06,579 - INFO - 🟨 Janela de confirmação 4 de edição de OS detectada
2026-05-15 12:02:10,685 - INFO - 
=== rotina programar_os ===
2026-05-15 12:02:37,215 - INFO - ⌛ Aguardando janela de confirmação de programação de OS...
2026-05-15 12:03:02,692 - INFO - 🟨 Janela de confirmação de programação de OS detectada
2026-05-15 12:03:15,997 - INFO - 🟨 Janela de aviso de edição de OS programadas detectada
2026-05-15 12:03:23,201 - INFO - ⌛ aguardando janela de programação de lote de OS...
2026-05-15 12:03:48,746 - INFO - 🟨 Janela de aviso de substituição de lote de OS detectada
2026-05-15 12:04:08,849 - INFO - ⌛ aguardando janela de programação de lote de OS...
2026-05-15 12:04:34,402 - INFO - 🟨 Janela de aviso de substituição de lote de OS detectada
2026-05-15 12:04:54,506 - INFO - ⌛ aguardando janela de programação de lote de OS...
2026-05-15 12:04:54,664 - INFO - 🟨 Identificado travamento no EQM, reiniciando contador de espera
2026-05-15 12:05:20,166 - INFO - 🟨 Janela de programação de lote de OS detectada
2026-05-15 12:06:09,702 - INFO - 🟨 Janela de confirmação de programação de lote de OS detectada
2026-05-15 12:06:13,932 - INFO - ⌛ aguardando confirmação final de programação do lote
2026-05-15 12:06:39,386 - INFO - 🟨 programação do lote 14 efetuado com sucesso
2026-05-15 12:06:49,491 - INFO - 
=== Iniciando lote 15/22 [LV] ===
2026-05-15 12:06:49,492 - INFO - 
=== abrir_janela_selecao ===
2026-05-15 12:06:55,799 - INFO - 
=== rotina abrir_selecao_colar_os ===
2026-05-15 12:06:55,861 - INFO - Janela de seleção aberta
2026-05-15 12:07:00,106 - INFO - DEBUG: idx=14, inicio=350, fim=375
2026-05-15 12:07:00,107 - INFO - ✅ 25 OS copiadas para a área de transferência.
2026-05-15 12:07:00,107 - INFO - 📋 Lote 15 copiado.
2026-05-15 12:07:08,464 - INFO - ⌛ Esperando mudança visual...
2026-05-15 12:07:09,483 - INFO - ⌛ Esperando mudança visual...
2026-05-15 12:07:10,497 - INFO - ⌛ Esperando mudança visual...
2026-05-15 12:07:11,513 - INFO - ⌛ Esperando mudança visual...
2026-05-15 12:07:12,530 - INFO - ⌛ Esperando mudança visual...
2026-05-15 12:07:13,547 - INFO - ⌛ Esperando mudança visual...
2026-05-15 12:07:14,560 - INFO - ⌛ Esperando mudança visual...
2026-05-15 12:07:15,580 - INFO - ⌛ Esperando mudança visual...
2026-05-15 12:07:16,592 - INFO - ⌛ Esperando mudança visual...
2026-05-15 12:07:17,607 - INFO - ⌛ Esperando mudança visual...
2026-05-15 12:07:18,622 - INFO - ⌛ Esperando mudança visual...
2026-05-15 12:07:19,638 - INFO - ⌛ Esperando mudança visual...
2026-05-15 12:07:20,653 - INFO - ✅ Tela carregada!
2026-05-15 12:07:24,658 - INFO - 
=== rotina desbloquear_os ===
2026-05-15 12:07:51,156 - INFO - ⌛ Aguardando janela de confirmação de desbloqueio...
2026-05-15 12:08:06,618 - INFO - 🟨 Registros desbloqueados com sucesso
2026-05-15 12:08:10,721 - INFO - 
=== rotina editar_os ===
2026-05-15 12:08:20,144 - INFO - ⌛ Aguardando janela de edição de OS...
2026-05-15 12:08:35,629 - INFO - 🟨 OS programadas detectadas
2026-05-15 12:08:38,733 - INFO - ⌛ Aguardando janela de edição de OS...
2026-05-15 12:08:54,194 - INFO - 🟨 Janela de edição de OS detectada
2026-05-15 12:09:15,552 - INFO - 🟨 Janela de edição de habilidade da turma detectada
2026-05-15 12:10:33,861 - INFO - ⌛ Aguardando detecção do campo de caracteristica 'EQUIPE PRÓPRIA OU EPS' ...
2026-05-15 12:10:53,225 - INFO - 🟨 campo de caracteristica 'EQUIPE PRÓPRIA OU EPS detectado
2026-05-15 12:11:15,069 - INFO - ⌛ Aguardando confirmação 4 - editar OS...
2026-05-15 12:11:30,623 - INFO - ⌛ Aguardando confirmação 4 - editar OS...
2026-05-15 12:11:46,147 - INFO - 🟨 Janela de confirmação 4 de edição de OS detectada
2026-05-15 12:11:50,260 - INFO - 
=== rotina programar_os ===
2026-05-15 12:12:16,796 - INFO - ⌛ Aguardando janela de confirmação de programação de OS...
2026-05-15 12:12:42,270 - INFO - 🟨 Janela de confirmação de programação de OS detectada
2026-05-15 12:12:55,570 - INFO - 🟨 Janela de aviso de edição de OS programadas detectada
2026-05-15 12:13:02,785 - INFO - ⌛ aguardando janela de programação de lote de OS...
2026-05-15 12:13:28,340 - INFO - 🟨 Janela de aviso de substituição de lote de OS detectada
2026-05-15 12:13:48,442 - INFO - ⌛ aguardando janela de programação de lote de OS...
2026-05-15 12:14:13,995 - INFO - 🟨 Janela de programação de lote de OS detectada
2026-05-15 12:15:03,509 - INFO - 🟨 Janela de confirmação de programação de lote de OS detectada
2026-05-15 12:15:07,721 - INFO - ⌛ aguardando confirmação final de programação do lote
2026-05-15 12:15:33,216 - INFO - 🟨 programação do lote 15 efetuado com sucesso
2026-05-15 12:15:43,320 - INFO - 
=== Iniciando lote 16/22 [LV] ===
2026-05-15 12:15:43,321 - INFO - 
=== abrir_janela_selecao ===
2026-05-15 12:15:49,629 - INFO - 
=== rotina abrir_selecao_colar_os ===
2026-05-15 12:15:49,670 - INFO - Janela de seleção aberta
2026-05-15 12:15:53,910 - INFO - DEBUG: idx=15, inicio=375, fim=400
2026-05-15 12:15:53,911 - INFO - ✅ 25 OS copiadas para a área de transferência.
2026-05-15 12:15:53,911 - INFO - 📋 Lote 16 copiado.
2026-05-15 12:16:02,242 - INFO - ⌛ Esperando mudança visual...
2026-05-15 12:16:03,257 - INFO - ⌛ Esperando mudança visual...
2026-05-15 12:16:04,272 - INFO - ⌛ Esperando mudança visual...
2026-05-15 12:16:05,290 - INFO - ⌛ Esperando mudança visual...
2026-05-15 12:16:06,303 - INFO - ⌛ Esperando mudança visual...
2026-05-15 12:16:07,319 - INFO - ⌛ Esperando mudança visual...
2026-05-15 12:16:08,334 - INFO - ⌛ Esperando mudança visual...
2026-05-15 12:16:09,351 - INFO - ⌛ Esperando mudança visual...
2026-05-15 12:16:10,368 - INFO - ⌛ Esperando mudança visual...
2026-05-15 12:16:11,382 - INFO - ⌛ Esperando mudança visual...
2026-05-15 12:16:12,401 - INFO - ⌛ Esperando mudança visual...
2026-05-15 12:16:13,419 - INFO - ⌛ Esperando mudança visual...
2026-05-15 12:16:14,431 - INFO - ✅ Tela carregada!
2026-05-15 12:16:18,433 - INFO - 
=== rotina desbloquear_os ===
2026-05-15 12:16:44,916 - INFO - ⌛ Aguardando janela de confirmação de desbloqueio...
2026-05-15 12:17:00,314 - INFO - 🟨 Registros desbloqueados com sucesso
2026-05-15 12:17:04,419 - INFO - 
=== rotina editar_os ===
2026-05-15 12:17:13,819 - INFO - ⌛ Aguardando janela de edição de OS...
2026-05-15 12:17:29,272 - INFO - 🟨 OS programadas detectadas
2026-05-15 12:17:32,375 - INFO - ⌛ Aguardando janela de edição de OS...
2026-05-15 12:17:47,837 - INFO - 🟨 Janela de edição de OS detectada
2026-05-15 12:18:09,192 - INFO - 🟨 Janela de edição de habilidade da turma detectada
2026-05-15 12:19:27,500 - INFO - ⌛ Aguardando detecção do campo de caracteristica 'EQUIPE PRÓPRIA OU EPS' ...
2026-05-15 12:19:46,859 - INFO - 🟨 campo de caracteristica 'EQUIPE PRÓPRIA OU EPS detectado
2026-05-15 12:20:08,662 - INFO - 🟨 Janela de atenção de OS com contrato não vigente, pulando lote
2026-05-15 12:20:20,874 - INFO - 
=== Iniciando lote 17/22 [LV] ===
2026-05-15 12:20:20,874 - INFO - 
=== abrir_janela_selecao ===
2026-05-15 12:20:27,181 - INFO - 
=== rotina abrir_selecao_colar_os ===
2026-05-15 12:20:27,256 - INFO - Janela de seleção aberta
2026-05-15 12:20:31,491 - INFO - DEBUG: idx=16, inicio=400, fim=425
2026-05-15 12:20:31,491 - INFO - ✅ 25 OS copiadas para a área de transferência.
2026-05-15 12:20:31,492 - INFO - 📋 Lote 17 copiado.
2026-05-15 12:20:39,817 - INFO - ⌛ Esperando mudança visual...
2026-05-15 12:20:40,834 - INFO - ⌛ Esperando mudança visual...
2026-05-15 12:20:41,852 - INFO - ⌛ Esperando mudança visual...
2026-05-15 12:20:42,865 - INFO - ⌛ Esperando mudança visual...
2026-05-15 12:20:43,880 - INFO - ⌛ Esperando mudança visual...
2026-05-15 12:20:44,898 - INFO - ⌛ Esperando mudança visual...
2026-05-15 12:20:45,912 - INFO - ⌛ Esperando mudança visual...
2026-05-15 12:20:46,928 - INFO - ⌛ Esperando mudança visual...
2026-05-15 12:20:47,945 - INFO - ⌛ Esperando mudança visual...
2026-05-15 12:20:48,959 - INFO - ⌛ Esperando mudança visual...
2026-05-15 12:20:49,974 - INFO - ⌛ Esperando mudança visual...
2026-05-15 12:20:50,990 - INFO - ✅ Tela carregada!
2026-05-15 12:20:54,992 - INFO - 
=== rotina desbloquear_os ===
2026-05-15 12:21:21,466 - INFO - ⌛ Aguardando janela de confirmação de desbloqueio...
2026-05-15 12:21:36,920 - INFO - 🟨 Registros desbloqueados com sucesso
2026-05-15 12:21:41,030 - INFO - 
=== rotina editar_os ===
2026-05-15 12:21:50,450 - INFO - ⌛ Aguardando janela de edição de OS...
2026-05-15 12:22:05,916 - INFO - 🟨 OS programadas detectadas
2026-05-15 12:22:09,021 - INFO - ⌛ Aguardando janela de edição de OS...
2026-05-15 12:22:24,481 - INFO - 🟨 Janela de edição de OS detectada
2026-05-15 12:22:45,845 - INFO - 🟨 Janela de edição de habilidade da turma detectada
2026-05-15 12:24:04,164 - INFO - ⌛ Aguardando detecção do campo de caracteristica 'EQUIPE PRÓPRIA OU EPS' ...
2026-05-15 12:24:23,514 - INFO - 🟨 campo de caracteristica 'EQUIPE PRÓPRIA OU EPS detectado
2026-05-15 12:24:45,324 - INFO - ⌛ Aguardando confirmação 4 - editar OS...
2026-05-15 12:25:00,811 - INFO - ⌛ Aguardando confirmação 4 - editar OS...
2026-05-15 12:25:16,313 - INFO - 🟨 Janela de confirmação 4 de edição de OS detectada
2026-05-15 12:25:20,430 - INFO - 
=== rotina programar_os ===
2026-05-15 12:25:46,965 - INFO - ⌛ Aguardando janela de confirmação de programação de OS...
2026-05-15 12:26:12,462 - INFO - 🟨 Janela de confirmação de programação de OS detectada
2026-05-15 12:26:25,753 - INFO - 🟨 Janela de aviso de edição de OS programadas detectada
2026-05-15 12:26:32,957 - INFO - ⌛ aguardando janela de programação de lote de OS...
2026-05-15 12:26:58,493 - INFO - 🟨 Janela de aviso de substituição de lote de OS detectada
2026-05-15 12:27:18,596 - INFO - ⌛ aguardando janela de programação de lote de OS...
2026-05-15 12:27:44,165 - INFO - 🟨 Janela de programação de lote de OS detectada
2026-05-15 12:28:33,750 - INFO - 🟨 Janela de confirmação de programação de lote de OS detectada
2026-05-15 12:28:37,981 - INFO - ⌛ aguardando confirmação final de programação do lote
2026-05-15 12:29:03,489 - INFO - 🟨 programação do lote 17 efetuado com sucesso
2026-05-15 12:29:13,593 - INFO - 
=== Iniciando lote 18/22 [LV] ===
2026-05-15 12:29:13,594 - INFO - 
=== abrir_janela_selecao ===
2026-05-15 12:29:19,901 - INFO - 
=== rotina abrir_selecao_colar_os ===
2026-05-15 12:29:19,956 - INFO - Janela de seleção aberta
2026-05-15 12:29:24,200 - INFO - DEBUG: idx=17, inicio=425, fim=450
2026-05-15 12:29:24,200 - INFO - ✅ 25 OS copiadas para a área de transferência.
2026-05-15 12:29:24,200 - INFO - 📋 Lote 18 copiado.
2026-05-15 12:29:32,529 - INFO - ⌛ Esperando mudança visual...
2026-05-15 12:29:33,544 - INFO - ⌛ Esperando mudança visual...
2026-05-15 12:29:34,559 - INFO - ⌛ Esperando mudança visual...
2026-05-15 12:29:35,575 - INFO - ⌛ Esperando mudança visual...
2026-05-15 12:29:36,591 - INFO - ⌛ Esperando mudança visual...
2026-05-15 12:29:37,606 - INFO - ⌛ Esperando mudança visual...
2026-05-15 12:29:38,622 - INFO - ⌛ Esperando mudança visual...
2026-05-15 12:29:39,638 - INFO - ⌛ Esperando mudança visual...
2026-05-15 12:29:40,654 - INFO - ⌛ Esperando mudança visual...
2026-05-15 12:29:41,669 - INFO - ⌛ Esperando mudança visual...
2026-05-15 12:29:42,686 - INFO - ⌛ Esperando mudança visual...
2026-05-15 12:29:43,700 - INFO - ✅ Tela carregada!
2026-05-15 12:29:47,702 - INFO - 
=== rotina desbloquear_os ===
2026-05-15 12:30:14,186 - INFO - ⌛ Aguardando janela de confirmação de desbloqueio...
2026-05-15 12:30:29,677 - INFO - 🟨 Registros desbloqueados com sucesso
2026-05-15 12:30:33,781 - INFO - 
=== rotina editar_os ===
2026-05-15 12:30:43,207 - INFO - ⌛ Aguardando janela de edição de OS...
2026-05-15 12:30:58,710 - INFO - 🟨 OS programadas detectadas
2026-05-15 12:31:01,812 - INFO - ⌛ Aguardando janela de edição de OS...
2026-05-15 12:31:17,274 - INFO - 🟨 Janela de edição de OS detectada
2026-05-15 12:31:38,653 - INFO - 🟨 Janela de edição de habilidade da turma detectada
2026-05-15 12:32:56,984 - INFO - ⌛ Aguardando detecção do campo de caracteristica 'EQUIPE PRÓPRIA OU EPS' ...
2026-05-15 12:33:16,355 - INFO - 🟨 campo de caracteristica 'EQUIPE PRÓPRIA OU EPS detectado
2026-05-15 12:33:38,142 - INFO - ⌛ Aguardando confirmação 4 - editar OS...
2026-05-15 12:33:53,615 - INFO - ⌛ Aguardando confirmação 4 - editar OS...
2026-05-15 12:34:09,049 - INFO - ⌛ Aguardando confirmação 4 - editar OS...
2026-05-15 12:34:24,516 - INFO - 🟨 Janela de confirmação 4 de edição de OS detectada
2026-05-15 12:34:28,619 - INFO - 
=== rotina programar_os ===
2026-05-15 12:34:55,131 - INFO - ⌛ Aguardando janela de confirmação de programação de OS...
2026-05-15 12:35:20,592 - INFO - 🟨 Janela de confirmação de programação de OS detectada
2026-05-15 12:35:33,893 - INFO - 🟨 Janela de aviso de edição de OS programadas detectada
2026-05-15 12:35:41,101 - INFO - ⌛ aguardando janela de programação de lote de OS...
2026-05-15 12:36:06,619 - INFO - 🟨 Janela de aviso de substituição de lote de OS detectada
2026-05-15 12:36:26,736 - INFO - ⌛ aguardando janela de programação de lote de OS...
2026-05-15 12:36:52,287 - INFO - 🟨 Janela de programação de lote de OS detectada
2026-05-15 12:37:41,800 - INFO - 🟨 Janela de confirmação de programação de lote de OS detectada
2026-05-15 12:37:46,060 - INFO - ⌛ aguardando confirmação final de programação do lote
2026-05-15 12:38:11,615 - INFO - 🟨 programação do lote 18 efetuado com sucesso
2026-05-15 12:38:21,727 - INFO - 
=== Iniciando lote 19/22 [LV] ===
2026-05-15 12:38:21,727 - INFO - 
=== abrir_janela_selecao ===
2026-05-15 12:38:28,051 - INFO - 
=== rotina abrir_selecao_colar_os ===
2026-05-15 12:38:28,110 - INFO - Janela de seleção aberta
2026-05-15 12:38:32,354 - INFO - DEBUG: idx=18, inicio=450, fim=475
2026-05-15 12:38:32,354 - INFO - ✅ 25 OS copiadas para a área de transferência.
2026-05-15 12:38:32,354 - INFO - 📋 Lote 19 copiado.
2026-05-15 12:38:40,684 - INFO - ⌛ Esperando mudança visual...
2026-05-15 12:38:41,698 - INFO - ⌛ Esperando mudança visual...
2026-05-15 12:38:42,713 - INFO - ⌛ Esperando mudança visual...
2026-05-15 12:38:43,730 - INFO - ⌛ Esperando mudança visual...
2026-05-15 12:38:44,746 - INFO - ⌛ Esperando mudança visual...
2026-05-15 12:38:45,762 - INFO - ⌛ Esperando mudança visual...
2026-05-15 12:38:46,776 - INFO - ⌛ Esperando mudança visual...
2026-05-15 12:38:47,791 - INFO - ⌛ Esperando mudança visual...
2026-05-15 12:38:48,806 - INFO - ⌛ Esperando mudança visual...
2026-05-15 12:38:49,822 - INFO - ⌛ Esperando mudança visual...
2026-05-15 12:38:50,838 - INFO - ✅ Tela carregada!
2026-05-15 12:38:54,842 - INFO - 
=== rotina desbloquear_os ===
2026-05-15 12:39:21,307 - INFO - ⌛ Aguardando janela de confirmação de desbloqueio...
2026-05-15 12:39:36,806 - INFO - 🟨 Registros desbloqueados com sucesso
2026-05-15 12:39:40,909 - INFO - 
=== rotina editar_os ===
2026-05-15 12:39:50,347 - INFO - ⌛ Aguardando janela de edição de OS...
2026-05-15 12:40:05,831 - INFO - 🟨 OS programadas detectadas
2026-05-15 12:40:08,934 - INFO - ⌛ Aguardando janela de edição de OS...
2026-05-15 12:40:24,428 - INFO - 🟨 Janela de edição de OS detectada
2026-05-15 12:40:45,786 - INFO - 🟨 Janela de edição de habilidade da turma detectada
2026-05-15 12:42:04,093 - INFO - ⌛ Aguardando detecção do campo de caracteristica 'EQUIPE PRÓPRIA OU EPS' ...
2026-05-15 12:42:23,455 - INFO - 🟨 campo de caracteristica 'EQUIPE PRÓPRIA OU EPS detectado
2026-05-15 12:42:45,272 - INFO - ⌛ Aguardando confirmação 4 - editar OS...
2026-05-15 12:43:00,764 - INFO - ⌛ Aguardando confirmação 4 - editar OS...
2026-05-15 12:43:16,294 - INFO - ⌛ Aguardando confirmação 4 - editar OS...
2026-05-15 12:43:31,759 - INFO - 🟨 Janela de confirmação 4 de edição de OS detectada
2026-05-15 12:43:35,862 - INFO - 
=== rotina programar_os ===
2026-05-15 12:44:02,363 - INFO - ⌛ Aguardando janela de confirmação de programação de OS...
2026-05-15 12:44:27,810 - INFO - 🟨 Janela de confirmação de programação de OS detectada
2026-05-15 12:44:41,108 - INFO - 🟨 Janela de aviso de edição de OS programadas detectada
2026-05-15 12:44:48,324 - INFO - ⌛ aguardando janela de programação de lote de OS...
2026-05-15 12:45:13,839 - INFO - 🟨 Janela de aviso de substituição de lote de OS detectada
2026-05-15 12:45:33,956 - INFO - ⌛ aguardando janela de programação de lote de OS...
2026-05-15 12:45:59,464 - INFO - 🟨 Janela de programação de lote de OS detectada
2026-05-15 12:46:49,010 - INFO - 🟨 Janela de confirmação de programação de lote de OS detectada
2026-05-15 12:46:53,258 - INFO - ⌛ aguardando confirmação final de programação do lote
2026-05-15 12:47:18,729 - INFO - 🟨 programação do lote 19 efetuado com sucesso
2026-05-15 12:47:28,833 - INFO - 
=== Iniciando lote 20/22 [LV] ===
2026-05-15 12:47:28,834 - INFO - 
=== abrir_janela_selecao ===
2026-05-15 12:47:35,150 - INFO - 
=== rotina abrir_selecao_colar_os ===
2026-05-15 12:47:35,204 - INFO - Janela de seleção aberta
2026-05-15 12:47:39,447 - INFO - DEBUG: idx=19, inicio=475, fim=500
2026-05-15 12:47:39,447 - INFO - ✅ 25 OS copiadas para a área de transferência.
2026-05-15 12:47:39,448 - INFO - 📋 Lote 20 copiado.
2026-05-15 12:47:47,776 - INFO - ⌛ Esperando mudança visual...
2026-05-15 12:47:48,791 - INFO - ⌛ Esperando mudança visual...
2026-05-15 12:47:49,806 - INFO - ⌛ Esperando mudança visual...
2026-05-15 12:47:50,822 - INFO - ⌛ Esperando mudança visual...
2026-05-15 12:47:51,838 - INFO - ⌛ Esperando mudança visual...
2026-05-15 12:47:52,854 - INFO - ⌛ Esperando mudança visual...
2026-05-15 12:47:53,869 - INFO - ⌛ Esperando mudança visual...
2026-05-15 12:47:54,889 - INFO - ⌛ Esperando mudança visual...
2026-05-15 12:47:55,903 - INFO - ⌛ Esperando mudança visual...
2026-05-15 12:47:56,922 - INFO - ⌛ Esperando mudança visual...
2026-05-15 12:47:57,932 - INFO - ✅ Tela carregada!
2026-05-15 12:48:01,937 - INFO - 
=== rotina desbloquear_os ===
2026-05-15 12:48:28,425 - INFO - ⌛ Aguardando janela de confirmação de desbloqueio...
2026-05-15 12:48:43,876 - INFO - 🟨 Registros desbloqueados com sucesso
2026-05-15 12:48:47,979 - INFO - 
=== rotina editar_os ===
2026-05-15 12:48:57,413 - INFO - ⌛ Aguardando janela de edição de OS...
2026-05-15 12:49:12,891 - INFO - 🟨 OS programadas detectadas
2026-05-15 12:49:15,994 - INFO - ⌛ Aguardando janela de edição de OS...
2026-05-15 12:49:31,491 - INFO - 🟨 Janela de edição de OS detectada
2026-05-15 12:49:52,860 - INFO - 🟨 Janela de edição de habilidade da turma detectada
2026-05-15 12:51:11,157 - INFO - ⌛ Aguardando detecção do campo de caracteristica 'EQUIPE PRÓPRIA OU EPS' ...
2026-05-15 12:51:30,533 - INFO - 🟨 campo de caracteristica 'EQUIPE PRÓPRIA OU EPS detectado
2026-05-15 12:51:52,326 - INFO - ⌛ Aguardando confirmação 4 - editar OS...
2026-05-15 12:52:07,772 - INFO - ⌛ Aguardando confirmação 4 - editar OS...
2026-05-15 12:52:23,233 - INFO - ⌛ Aguardando confirmação 4 - editar OS...
2026-05-15 12:52:38,692 - INFO - 🟨 Janela de confirmação 4 de edição de OS detectada
2026-05-15 12:52:42,795 - INFO - 
=== rotina programar_os ===
2026-05-15 12:53:09,324 - INFO - ⌛ Aguardando janela de confirmação de programação de OS...
2026-05-15 12:53:34,791 - INFO - 🟨 Janela de confirmação de programação de OS detectada
2026-05-15 12:53:48,097 - INFO - 🟨 Janela de aviso de edição de OS programadas detectada
2026-05-15 12:53:55,302 - INFO - ⌛ aguardando janela de programação de lote de OS...
2026-05-15 12:54:20,787 - INFO - 🟨 Janela de aviso de substituição de lote de OS detectada
2026-05-15 12:54:40,899 - INFO - ⌛ aguardando janela de programação de lote de OS...
2026-05-15 12:55:06,464 - INFO - 🟨 Janela de aviso de substituição de lote de OS detectada
2026-05-15 12:55:26,567 - INFO - ⌛ aguardando janela de programação de lote de OS...
2026-05-15 12:55:52,112 - INFO - 🟨 Janela de programação de lote de OS detectada
2026-05-15 12:56:41,621 - INFO - 🟨 Janela de confirmação de programação de lote de OS detectada
2026-05-15 12:56:45,878 - INFO - ⌛ aguardando confirmação final de programação do lote
2026-05-15 12:57:11,382 - INFO - 🟨 programação do lote 20 efetuado com sucesso
2026-05-15 12:57:21,486 - INFO - 
=== Iniciando lote 21/22 [LV] ===
2026-05-15 12:57:21,488 - INFO - 
=== abrir_janela_selecao ===
2026-05-15 12:57:27,794 - INFO - 
=== rotina abrir_selecao_colar_os ===
2026-05-15 12:57:27,854 - INFO - Janela de seleção aberta
2026-05-15 12:57:32,099 - INFO - DEBUG: idx=20, inicio=500, fim=525
2026-05-15 12:57:32,099 - INFO - ✅ 25 OS copiadas para a área de transferência.
2026-05-15 12:57:32,099 - INFO - 📋 Lote 21 copiado.
2026-05-15 12:57:40,426 - INFO - ⌛ Esperando mudança visual...
2026-05-15 12:57:41,445 - INFO - ⌛ Esperando mudança visual...
2026-05-15 12:57:42,458 - INFO - ⌛ Esperando mudança visual...
2026-05-15 12:57:43,474 - INFO - ⌛ Esperando mudança visual...
2026-05-15 12:57:44,488 - INFO - ⌛ Esperando mudança visual...
2026-05-15 12:57:45,503 - INFO - ⌛ Esperando mudança visual...
2026-05-15 12:57:46,521 - INFO - ⌛ Esperando mudança visual...
2026-05-15 12:57:47,534 - INFO - ⌛ Esperando mudança visual...
2026-05-15 12:57:48,550 - INFO - ⌛ Esperando mudança visual...
2026-05-15 12:57:49,566 - INFO - ⌛ Esperando mudança visual...
2026-05-15 12:57:50,582 - INFO - ✅ Tela carregada!
2026-05-15 12:57:54,585 - INFO - 
=== rotina desbloquear_os ===
2026-05-15 12:58:21,076 - INFO - ⌛ Aguardando janela de confirmação de desbloqueio...
2026-05-15 12:58:36,504 - INFO - 🟨 Registros desbloqueados com sucesso
2026-05-15 12:58:40,613 - INFO - 
=== rotina editar_os ===
2026-05-15 12:58:50,043 - INFO - ⌛ Aguardando janela de edição de OS...
2026-05-15 12:59:05,507 - INFO - 🟨 OS programadas detectadas
2026-05-15 12:59:08,611 - INFO - ⌛ Aguardando janela de edição de OS...
2026-05-15 12:59:24,125 - INFO - 🟨 Janela de edição de OS detectada
2026-05-15 12:59:45,499 - INFO - 🟨 Janela de edição de habilidade da turma detectada
2026-05-15 13:01:03,837 - INFO - ⌛ Aguardando detecção do campo de caracteristica 'EQUIPE PRÓPRIA OU EPS' ...
2026-05-15 13:01:23,201 - INFO - 🟨 campo de caracteristica 'EQUIPE PRÓPRIA OU EPS detectado
2026-05-15 13:01:44,999 - INFO - ⌛ Aguardando confirmação 4 - editar OS...
2026-05-15 13:02:00,502 - INFO - ⌛ Aguardando confirmação 4 - editar OS...
2026-05-15 13:02:16,103 - INFO - 🟨 Janela de confirmação 4 de edição de OS detectada
2026-05-15 13:02:20,208 - INFO - 
=== rotina programar_os ===
2026-05-15 13:02:46,742 - INFO - ⌛ Aguardando janela de confirmação de programação de OS...
2026-05-15 13:03:12,231 - INFO - 🟨 Janela de confirmação de programação de OS detectada
2026-05-15 13:03:25,517 - INFO - 🟨 Janela de aviso de edição de OS programadas detectada
2026-05-15 13:03:32,722 - INFO - ⌛ aguardando janela de programação de lote de OS...
2026-05-15 13:03:58,252 - INFO - 🟨 Janela de aviso de substituição de lote de OS detectada
2026-05-15 13:04:18,355 - INFO - ⌛ aguardando janela de programação de lote de OS...
2026-05-15 13:04:43,857 - INFO - 🟨 Janela de programação de lote de OS detectada
2026-05-15 13:05:33,408 - INFO - 🟨 Janela de confirmação de programação de lote de OS detectada
2026-05-15 13:05:37,654 - INFO - ⌛ aguardando confirmação final de programação do lote
2026-05-15 13:06:03,157 - INFO - 🟨 programação do lote 21 efetuado com sucesso
2026-05-15 13:06:13,264 - INFO - 
=== Iniciando lote 22/22 [LV] ===
2026-05-15 13:06:13,265 - INFO - 
=== abrir_janela_selecao ===
2026-05-15 13:06:19,572 - INFO - 
=== rotina abrir_selecao_colar_os ===
2026-05-15 13:06:19,631 - INFO - Janela de seleção aberta
2026-05-15 13:06:23,874 - INFO - DEBUG: idx=21, inicio=525, fim=550
2026-05-15 13:06:23,874 - INFO - ✅ 14 OS copiadas para a área de transferência.
2026-05-15 13:06:23,874 - INFO - 📋 Lote 22 copiado.
2026-05-15 13:06:32,204 - INFO - ⌛ Esperando mudança visual...
2026-05-15 13:06:33,218 - INFO - ⌛ Esperando mudança visual...
2026-05-15 13:06:34,234 - INFO - ⌛ Esperando mudança visual...
2026-05-15 13:06:35,252 - INFO - ⌛ Esperando mudança visual...
2026-05-15 13:06:36,266 - INFO - ⌛ Esperando mudança visual...
2026-05-15 13:06:37,280 - INFO - ⌛ Esperando mudança visual...
2026-05-15 13:06:38,297 - INFO - ⌛ Esperando mudança visual...
2026-05-15 13:06:39,312 - INFO - ⌛ Esperando mudança visual...
2026-05-15 13:06:40,327 - INFO - ⌛ Esperando mudança visual...
2026-05-15 13:06:41,343 - INFO - ⌛ Esperando mudança visual...
2026-05-15 13:06:42,359 - INFO - ✅ Tela carregada!
2026-05-15 13:06:46,365 - INFO - 
=== rotina desbloquear_os ===
2026-05-15 13:07:12,835 - INFO - ⌛ Aguardando janela de confirmação de desbloqueio...
2026-05-15 13:07:28,286 - INFO - 🟨 Registros desbloqueados com sucesso
2026-05-15 13:07:32,389 - INFO - 
=== rotina editar_os ===
2026-05-15 13:07:41,795 - INFO - 🟨 OS programadas detectadas
2026-05-15 13:07:44,899 - INFO - ⌛ Aguardando janela de edição de OS...
2026-05-15 13:08:00,387 - INFO - 🟨 Janela de edição de OS detectada
2026-05-15 13:08:21,749 - INFO - 🟨 Janela de edição de habilidade da turma detectada
2026-05-15 13:09:40,077 - INFO - ⌛ Aguardando detecção do campo de caracteristica 'EQUIPE PRÓPRIA OU EPS' ...
2026-05-15 13:09:59,437 - INFO - 🟨 campo de caracteristica 'EQUIPE PRÓPRIA OU EPS detectado
2026-05-15 13:10:21,228 - INFO - ⌛ Aguardando confirmação 4 - editar OS...
2026-05-15 13:10:36,754 - INFO - ⌛ Aguardando confirmação 4 - editar OS...
2026-05-15 13:10:52,182 - INFO - 🟨 Janela de confirmação 4 de edição de OS detectada
2026-05-15 13:10:56,290 - INFO - 
=== rotina programar_os ===
2026-05-15 13:11:22,819 - INFO - ⌛ Aguardando janela de confirmação de programação de OS...
2026-05-15 13:11:48,248 - INFO - 🟨 Janela de confirmação de programação de OS detectada
2026-05-15 13:12:01,540 - INFO - 🟨 Janela de aviso de edição de OS programadas detectada
2026-05-15 13:12:08,757 - INFO - ⌛ aguardando janela de programação de lote de OS...
2026-05-15 13:12:34,291 - INFO - 🟨 Janela de aviso de substituição de lote de OS detectada
2026-05-15 13:12:54,403 - INFO - ⌛ aguardando janela de programação de lote de OS...
2026-05-15 13:13:19,924 - INFO - 🟨 Janela de programação de lote de OS detectada
2026-05-15 13:14:09,442 - INFO - 🟨 Janela de confirmação de programação de lote de OS detectada
2026-05-15 13:14:13,649 - INFO - ⌛ aguardando confirmação final de programação do lote
2026-05-15 13:14:39,129 - INFO - 🟨 programação do lote 22 efetuado com sucesso
2026-05-15 13:14:49,232 - INFO - 
=== Iniciando lote 1/9 [LM] ===
2026-05-15 13:14:49,233 - INFO - 
=== abrir_janela_selecao ===
2026-05-15 13:14:55,547 - INFO - 
=== rotina abrir_selecao_colar_os ===
2026-05-15 13:14:55,586 - INFO - Janela de seleção aberta
2026-05-15 13:14:59,837 - INFO - DEBUG: idx=0, inicio=0, fim=25
2026-05-15 13:14:59,837 - INFO - ✅ 25 OS copiadas para a área de transferência.
2026-05-15 13:14:59,837 - INFO - 📋 Lote 1 copiado.
2026-05-15 13:15:08,158 - INFO - ⌛ Esperando mudança visual...
2026-05-15 13:15:09,172 - INFO - ⌛ Esperando mudança visual...
2026-05-15 13:15:10,188 - INFO - ⌛ Esperando mudança visual...
2026-05-15 13:15:11,203 - INFO - ⌛ Esperando mudança visual...
2026-05-15 13:15:12,220 - INFO - ⌛ Esperando mudança visual...
2026-05-15 13:15:13,237 - INFO - ⌛ Esperando mudança visual...
2026-05-15 13:15:14,255 - INFO - ⌛ Esperando mudança visual...
2026-05-15 13:15:15,266 - INFO - ⌛ Esperando mudança visual...
2026-05-15 13:15:16,283 - INFO - ⌛ Esperando mudança visual...
2026-05-15 13:15:17,297 - INFO - ⌛ Esperando mudança visual...
2026-05-15 13:15:18,314 - INFO - ✅ Tela carregada!
2026-05-15 13:15:22,316 - INFO - 
=== rotina desbloquear_os ===
2026-05-15 13:15:48,797 - INFO - ⌛ Aguardando janela de confirmação de desbloqueio...
2026-05-15 13:16:04,217 - INFO - 🟨 Registros desbloqueados com sucesso
2026-05-15 13:16:08,320 - INFO - 
=== rotina editar_os ===
2026-05-15 13:16:17,730 - INFO - ⌛ Aguardando janela de edição de OS...
2026-05-15 13:16:33,197 - INFO - 🟨 OS programadas detectadas
2026-05-15 13:16:36,300 - INFO - ⌛ Aguardando janela de edição de OS...
2026-05-15 13:16:51,828 - INFO - 🟨 Janela de edição de OS detectada
2026-05-15 13:17:13,196 - INFO - 🟨 Janela de edição de habilidade da turma detectada
2026-05-15 13:18:31,513 - INFO - ⌛ Aguardando detecção do campo de caracteristica 'EQUIPE PRÓPRIA OU EPS' ...
2026-05-15 13:18:50,878 - INFO - 🟨 campo de caracteristica 'EQUIPE PRÓPRIA OU EPS detectado
2026-05-15 13:19:12,641 - INFO - ⌛ Aguardando confirmação 4 - editar OS...
2026-05-15 13:19:28,077 - INFO - ⌛ Aguardando confirmação 4 - editar OS...
2026-05-15 13:19:43,500 - INFO - 🟨 Janela de confirmação 4 de edição de OS detectada
2026-05-15 13:19:47,614 - INFO - 
=== rotina programar_os ===
2026-05-15 13:20:14,129 - INFO - ⌛ Aguardando janela de confirmação de programação de OS...
2026-05-15 13:20:39,544 - INFO - 🟨 Janela de confirmação de programação de OS detectada
2026-05-15 13:20:52,807 - INFO - 🟨 Janela de aviso de edição de OS programadas detectada
2026-05-15 13:21:00,013 - INFO - ⌛ aguardando janela de programação de lote de OS...
2026-05-15 13:21:25,504 - INFO - 🟨 Janela de aviso de substituição de lote de OS detectada
2026-05-15 13:21:45,612 - INFO - ⌛ aguardando janela de programação de lote de OS...
2026-05-15 13:22:11,146 - INFO - 🟨 Janela de programação de lote de OS detectada
2026-05-15 13:23:00,643 - INFO - 🟨 Janela de confirmação de programação de lote de OS detectada
2026-05-15 13:23:04,862 - INFO - ⌛ aguardando confirmação final de programação do lote
2026-05-15 13:23:30,294 - INFO - 🟨 programação do lote 1 efetuado com sucesso
2026-05-15 13:23:40,408 - INFO - 
=== Iniciando lote 2/9 [LM] ===
2026-05-15 13:23:40,408 - INFO - 
=== abrir_janela_selecao ===
2026-05-15 13:23:46,714 - INFO - 
=== rotina abrir_selecao_colar_os ===
2026-05-15 13:23:46,760 - INFO - Janela de seleção aberta
2026-05-15 13:23:50,991 - INFO - DEBUG: idx=1, inicio=25, fim=50
2026-05-15 13:23:50,991 - INFO - ✅ 25 OS copiadas para a área de transferência.
2026-05-15 13:23:50,991 - INFO - 📋 Lote 2 copiado.
2026-05-15 13:23:59,334 - INFO - ⌛ Esperando mudança visual...
2026-05-15 13:24:00,347 - INFO - ⌛ Esperando mudança visual...
2026-05-15 13:24:01,362 - INFO - ⌛ Esperando mudança visual...
2026-05-15 13:24:02,380 - INFO - ⌛ Esperando mudança visual...
2026-05-15 13:24:03,396 - INFO - ⌛ Esperando mudança visual...
2026-05-15 13:24:04,413 - INFO - ⌛ Esperando mudança visual...
2026-05-15 13:24:05,425 - INFO - ⌛ Esperando mudança visual...
2026-05-15 13:24:06,443 - INFO - ⌛ Esperando mudança visual...
2026-05-15 13:24:07,459 - INFO - ⌛ Esperando mudança visual...
2026-05-15 13:24:08,472 - INFO - ⌛ Esperando mudança visual...
2026-05-15 13:24:09,488 - INFO - ✅ Tela carregada!
2026-05-15 13:24:13,492 - INFO - 
=== rotina desbloquear_os ===
2026-05-15 13:24:39,957 - INFO - ⌛ Aguardando janela de confirmação de desbloqueio...
2026-05-15 13:24:55,357 - INFO - 🟨 Registros desbloqueados com sucesso
2026-05-15 13:24:59,460 - INFO - 
=== rotina editar_os ===
2026-05-15 13:25:08,871 - INFO - 🟨 OS programadas detectadas
2026-05-15 13:25:11,974 - INFO - ⌛ Aguardando janela de edição de OS...
2026-05-15 13:25:27,485 - INFO - 🟨 Janela de edição de OS detectada
2026-05-15 13:25:48,847 - INFO - 🟨 Janela de edição de habilidade da turma detectada
2026-05-15 13:27:07,166 - INFO - ⌛ Aguardando detecção do campo de caracteristica 'EQUIPE PRÓPRIA OU EPS' ...
2026-05-15 13:27:26,524 - INFO - 🟨 campo de caracteristica 'EQUIPE PRÓPRIA OU EPS detectado
2026-05-15 13:27:48,331 - INFO - ⌛ Aguardando confirmação 4 - editar OS...
2026-05-15 13:28:03,786 - INFO - ⌛ Aguardando confirmação 4 - editar OS...
2026-05-15 13:28:19,252 - INFO - 🟨 Janela de confirmação 4 de edição de OS detectada
2026-05-15 13:28:23,355 - INFO - 
=== rotina programar_os ===
2026-05-15 13:28:49,866 - INFO - ⌛ Aguardando janela de confirmação de programação de OS...
2026-05-15 13:29:15,326 - INFO - 🟨 Janela de confirmação de programação de OS detectada
2026-05-15 13:29:28,595 - INFO - 🟨 Janela de aviso de edição de OS programadas detectada
2026-05-15 13:29:35,804 - INFO - ⌛ aguardando janela de programação de lote de OS...
2026-05-15 13:30:01,312 - INFO - 🟨 Janela de aviso de substituição de lote de OS detectada
2026-05-15 13:30:21,422 - INFO - ⌛ aguardando janela de programação de lote de OS...
2026-05-15 13:30:46,945 - INFO - 🟨 Janela de programação de lote de OS detectada
2026-05-15 13:31:36,450 - INFO - 🟨 Janela de confirmação de programação de lote de OS detectada
2026-05-15 13:31:40,687 - INFO - ⌛ aguardando confirmação final de programação do lote
2026-05-15 13:32:06,177 - INFO - 🟨 programação do lote 2 efetuado com sucesso
2026-05-15 13:32:16,281 - INFO - 
=== Iniciando lote 3/9 [LM] ===
2026-05-15 13:32:16,282 - INFO - 
=== abrir_janela_selecao ===
2026-05-15 13:32:22,588 - INFO - 
=== rotina abrir_selecao_colar_os ===
2026-05-15 13:32:22,651 - INFO - Janela de seleção aberta
2026-05-15 13:32:26,897 - INFO - DEBUG: idx=2, inicio=50, fim=75
2026-05-15 13:32:26,898 - INFO - ✅ 25 OS copiadas para a área de transferência.
2026-05-15 13:32:26,898 - INFO - 📋 Lote 3 copiado.
2026-05-15 13:32:35,225 - INFO - ⌛ Esperando mudança visual...
2026-05-15 13:32:36,241 - INFO - ⌛ Esperando mudança visual...
2026-05-15 13:32:37,256 - INFO - ⌛ Esperando mudança visual...
2026-05-15 13:32:38,270 - INFO - ⌛ Esperando mudança visual...
2026-05-15 13:32:39,285 - INFO - ⌛ Esperando mudança visual...
2026-05-15 13:32:40,301 - INFO - ⌛ Esperando mudança visual...
2026-05-15 13:32:41,318 - INFO - ⌛ Esperando mudança visual...
2026-05-15 13:32:42,332 - INFO - ⌛ Esperando mudança visual...
2026-05-15 13:32:43,348 - INFO - ⌛ Esperando mudança visual...
2026-05-15 13:32:44,364 - INFO - ⌛ Esperando mudança visual...
2026-05-15 13:32:45,382 - INFO - ⌛ Esperando mudança visual...
2026-05-15 13:32:46,395 - INFO - ✅ Tela carregada!
2026-05-15 13:32:50,398 - INFO - 
=== rotina desbloquear_os ===
2026-05-15 13:33:16,847 - INFO - ⌛ Aguardando janela de confirmação de desbloqueio...
2026-05-15 13:33:32,251 - INFO - 🟨 Registros desbloqueados com sucesso
2026-05-15 13:33:36,355 - INFO - 
=== rotina editar_os ===
2026-05-15 13:33:45,762 - INFO - 🟨 OS programadas detectadas
2026-05-15 13:33:48,866 - INFO - ⌛ Aguardando janela de edição de OS...
2026-05-15 13:34:04,282 - INFO - 🟨 Janela de edição de OS detectada
2026-05-15 13:34:25,645 - INFO - 🟨 Janela de edição de habilidade da turma detectada
2026-05-15 13:35:43,961 - INFO - ⌛ Aguardando detecção do campo de caracteristica 'EQUIPE PRÓPRIA OU EPS' ...
2026-05-15 13:36:03,300 - INFO - 🟨 campo de caracteristica 'EQUIPE PRÓPRIA OU EPS detectado
2026-05-15 13:36:25,088 - INFO - ⌛ Aguardando confirmação 4 - editar OS...
2026-05-15 13:36:40,542 - INFO - ⌛ Aguardando confirmação 4 - editar OS...
2026-05-15 13:36:55,992 - INFO - 🟨 Janela de confirmação 4 de edição de OS detectada
2026-05-15 13:37:00,094 - INFO - 
=== rotina programar_os ===
2026-05-15 13:37:26,619 - INFO - ⌛ Aguardando janela de confirmação de programação de OS...
2026-05-15 13:37:52,047 - INFO - 🟨 Janela de confirmação de programação de OS detectada
2026-05-15 13:38:05,322 - INFO - 🟨 Janela de aviso de edição de OS programadas detectada
2026-05-15 13:38:12,526 - INFO - ⌛ aguardando janela de programação de lote de OS...
2026-05-15 13:38:38,039 - INFO - 🟨 Janela de aviso de substituição de lote de OS detectada
2026-05-15 13:38:58,142 - INFO - ⌛ aguardando janela de programação de lote de OS...
2026-05-15 13:39:23,629 - INFO - 🟨 Janela de programação de lote de OS detectada
2026-05-15 13:40:13,139 - INFO - 🟨 Janela de confirmação de programação de lote de OS detectada
2026-05-15 13:40:17,356 - INFO - ⌛ aguardando confirmação final de programação do lote
2026-05-15 13:40:42,784 - INFO - 🟨 programação do lote 3 efetuado com sucesso
2026-05-15 13:40:52,888 - INFO - 
=== Iniciando lote 4/9 [LM] ===
2026-05-15 13:40:52,888 - INFO - 
=== abrir_janela_selecao ===
2026-05-15 13:40:59,194 - INFO - 
=== rotina abrir_selecao_colar_os ===
2026-05-15 13:40:59,257 - INFO - Janela de seleção aberta
2026-05-15 13:41:03,486 - INFO - DEBUG: idx=3, inicio=75, fim=100
2026-05-15 13:41:03,486 - INFO - ✅ 25 OS copiadas para a área de transferência.
2026-05-15 13:41:03,486 - INFO - 📋 Lote 4 copiado.
2026-05-15 13:41:11,816 - INFO - ⌛ Esperando mudança visual...
2026-05-15 13:41:12,829 - INFO - ⌛ Esperando mudança visual...
2026-05-15 13:41:13,845 - INFO - ⌛ Esperando mudança visual...
2026-05-15 13:41:14,861 - INFO - ⌛ Esperando mudança visual...
2026-05-15 13:41:15,878 - INFO - ⌛ Esperando mudança visual...
2026-05-15 13:41:16,893 - INFO - ⌛ Esperando mudança visual...
2026-05-15 13:41:17,911 - INFO - ⌛ Esperando mudança visual...
2026-05-15 13:41:18,924 - INFO - ⌛ Esperando mudança visual...
2026-05-15 13:41:19,940 - INFO - ⌛ Esperando mudança visual...
2026-05-15 13:41:20,955 - INFO - ⌛ Esperando mudança visual...
2026-05-15 13:41:21,971 - INFO - ✅ Tela carregada!
2026-05-15 13:41:25,977 - INFO - 
=== rotina desbloquear_os ===
2026-05-15 13:41:52,438 - INFO - ⌛ Aguardando janela de confirmação de desbloqueio...
2026-05-15 13:42:07,838 - INFO - 🟨 Registros desbloqueados com sucesso
2026-05-15 13:42:11,940 - INFO - 
=== rotina editar_os ===
2026-05-15 13:42:21,344 - INFO - 🟨 OS programadas detectadas
2026-05-15 13:42:24,459 - INFO - ⌛ Aguardando janela de edição de OS...
2026-05-15 13:42:39,942 - INFO - 🟨 Janela de edição de OS detectada
2026-05-15 13:43:01,315 - INFO - 🟨 Janela de edição de habilidade da turma detectada
2026-05-15 13:44:19,634 - INFO - ⌛ Aguardando detecção do campo de caracteristica 'EQUIPE PRÓPRIA OU EPS' ...
2026-05-15 13:44:38,981 - INFO - 🟨 campo de caracteristica 'EQUIPE PRÓPRIA OU EPS detectado
2026-05-15 13:45:00,780 - INFO - ⌛ Aguardando confirmação 4 - editar OS...
2026-05-15 13:45:16,233 - INFO - 🟨 Janela de confirmação 4 de edição de OS detectada
2026-05-15 13:45:20,335 - INFO - 
=== rotina programar_os ===
2026-05-15 13:45:46,934 - INFO - ⌛ Aguardando janela de confirmação de programação de OS...
