2025-11-24 17:42:36,952 - INFO - Data hoje: 24/11/2025
2025-11-24 17:42:36,952 - INFO - Data de referência: 30/11/2025
2025-11-24 17:42:43,504 - INFO - 
Qtde LINHA VIVA: 0
2025-11-24 17:42:43,509 - INFO - Qtde LINHA MORTA/PESADA/FAIXA: 0
2025-11-24 17:42:45,202 - INFO - 
Arquivo gerado: C:\Users\U469784\venvs\py311\bot_programacao\EXCEL\pendentes_20251124.xlsx
2025-11-24 17:42:45,276 - INFO - 
 Qtd de lotes de LM: 0
2025-11-24 17:42:45,277 - INFO - 
 Qtd de lotes de LV: 0
2025-11-24 17:42:50,861 - INFO - Data hoje: 24/11/2025
2025-11-24 17:42:50,861 - INFO - Data de referência: 30/11/2025
2025-11-24 17:42:53,660 - INFO - 
Qtde LINHA VIVA: 0
2025-11-24 17:42:53,660 - INFO - Qtde LINHA MORTA/PESADA/FAIXA: 0
2025-11-24 17:42:54,011 - INFO - 
Arquivo gerado: C:\Users\U469784\venvs\py311\bot_programacao\EXCEL\pendentes_20251124.xlsx
2025-11-24 17:42:54,043 - INFO - 
 Qtd de lotes de LM: 0
2025-11-24 17:42:54,043 - INFO - 
 Qtd de lotes de LV: 0
2025-11-24 17:45:27,169 - INFO - Data hoje: 24/11/2025
2025-11-24 17:45:27,169 - INFO - Data de referência: 30/11/2025
2025-11-24 17:45:47,101 - INFO - 
Qtde LINHA VIVA: 0
2025-11-24 17:45:47,101 - INFO - Qtde LINHA MORTA/PESADA/FAIXA: 0
2025-11-24 17:45:47,512 - INFO - 
Arquivo gerado: C:\Users\U469784\venvs\py311\bot_programacao\EXCEL\pendentes_20251124.xlsx
2025-11-24 17:45:47,540 - INFO - 
 Qtd de lotes de LM: 0
2025-11-24 17:45:47,540 - INFO - 
 Qtd de lotes de LV: 0
2025-11-24 17:48:33,811 - INFO - Data hoje: 24/11/2025
2025-11-24 17:48:33,811 - INFO - Data de referência: 30/11/2025
2025-11-24 17:48:39,012 - INFO - 
Qtde LINHA VIVA: 7688
2025-11-24 17:48:39,012 - INFO - Qtde LINHA MORTA/PESADA/FAIXA: 4575
2025-11-24 17:50:48,674 - INFO - Data hoje: 24/11/2025
2025-11-24 17:50:48,674 - INFO - Data de referência: 30/11/2025
2025-11-24 17:50:53,097 - INFO - 
Qtde LINHA VIVA: 1181
2025-11-24 17:50:53,097 - INFO - Qtde LINHA MORTA/PESADA/FAIXA: 884
2025-11-24 17:50:54,390 - INFO - 
Arquivo gerado: C:\Users\U469784\venvs\py311\bot_programacao\EXCEL\pendentes_20251124.xlsx
2025-11-24 17:50:54,826 - INFO - 
 Qtd de lotes de LM: 59
2025-11-24 17:50:54,826 - INFO - 
 Qtd de lotes de LV: 79
2025-11-24 17:50:54,826 - INFO - 
=== Iniciando lote 3/79 [LV] ===
2025-11-24 17:51:01,360 - INFO - ⌛ Aguardando janela de seleção...
2025-11-24 17:51:35,666 - INFO - Data hoje: 24/11/2025
2025-11-24 17:51:35,666 - INFO - Data de referência: 30/11/2025
2025-11-24 17:51:40,349 - INFO - 
Qtde LINHA VIVA: 1181
2025-11-24 17:51:40,349 - INFO - Qtde LINHA MORTA/PESADA/FAIXA: 884
2025-11-24 17:51:41,611 - INFO - 
Arquivo gerado: C:\Users\U469784\venvs\py311\bot_programacao\EXCEL\pendentes_20251124.xlsx
2025-11-24 17:51:42,198 - INFO - 
 Qtd de lotes de LM: 59
2025-11-24 17:51:42,198 - INFO - 
 Qtd de lotes de LV: 79
2025-11-24 17:51:42,198 - INFO - 
=== Iniciando lote 1/79 [LV] ===
2025-11-24 17:51:48,695 - INFO - Janela de seleção aberta
2025-11-24 17:52:01,122 - INFO - DEBUG: idx=0, inicio=0, fim=15
2025-11-24 17:52:01,122 - INFO - ✅ 15 OS copiadas para a área de transferência.
2025-11-24 17:52:01,122 - INFO - 📋 Lote 1 copiado.
2025-11-24 17:52:15,480 - INFO - ⌛ Esperando mudança visual...
2025-11-24 17:52:16,498 - INFO - ⌛ Esperando mudança visual...
2025-11-24 17:52:17,513 - INFO - ⌛ Esperando mudança visual...
2025-11-24 17:52:18,529 - INFO - ✅ Tela carregada!
2025-11-24 17:52:29,161 - INFO - ⌛ Aguardando janela de confirmação de desbloqueio...
2025-11-24 17:52:49,761 - INFO - 🟨 Registros desbloqueados com sucesso
2025-11-24 17:53:07,404 - INFO - 🟨 OS programadas detectadas
2025-11-24 17:53:13,573 - INFO - ⌛ Aguardando janela de edição de OS...
2025-11-24 17:53:33,924 - INFO - 🟨 Janela de edição de OS detectada
2025-11-24 17:53:54,290 - INFO - 🟨 Janela de edição de habilidade da turma detectada
2025-11-24 17:54:42,616 - INFO - ⌛ Aguardando detecção do campo de caracteristica 'EQUIPE PRÓPRIA OU EPS' ...
2025-11-24 17:55:02,785 - INFO - ⌛ Aguardando detecção do campo de caracteristica 'EQUIPE PRÓPRIA OU EPS' ...
2025-11-24 17:55:22,927 - INFO - ⌛ Aguardando detecção do campo de caracteristica 'EQUIPE PRÓPRIA OU EPS' ...
2025-11-24 17:55:43,077 - INFO - 🟨 campo de caracteristica 'EQUIPE PRÓPRIA OU EPS detectado
2025-11-24 17:56:04,814 - INFO - ⌛ Aguardando confirmação 4 - editar OS...
2025-11-24 17:56:25,148 - INFO - ⌛ Aguardando confirmação 4 - editar OS...
2025-11-24 17:56:25,293 - INFO - 🟨 Identificado travamento no EQM, reiniciando contador de espera
2025-11-24 17:56:45,458 - INFO - ⌛ Aguardando confirmação 4 - editar OS...
2025-11-24 17:57:05,759 - INFO - ⌛ Aguardando confirmação 4 - editar OS...
2025-11-24 17:57:26,071 - INFO - ⌛ Aguardando confirmação 4 - editar OS...
2025-11-24 17:57:46,381 - INFO - ⌛ Aguardando confirmação 4 - editar OS...
2025-11-24 17:58:06,691 - INFO - ⌛ Aguardando confirmação 4 - editar OS...
2025-11-24 17:58:26,988 - INFO - ⌛ Aguardando confirmação 4 - editar OS...
2025-11-24 17:58:47,323 - INFO - ⌛ Aguardando confirmação 4 - editar OS...
2025-11-24 17:59:07,615 - INFO - ⌛ Aguardando confirmação 4 - editar OS...
2025-11-24 17:59:27,945 - INFO - ⌛ Aguardando confirmação 4 - editar OS...
2025-11-24 17:59:48,269 - INFO - ⌛ Aguardando confirmação 4 - editar OS...
2025-11-24 18:00:08,591 - INFO - ⌛ Aguardando confirmação 4 - editar OS...
2025-11-24 18:00:28,912 - INFO - ⌛ Aguardando confirmação 4 - editar OS...
2025-11-24 18:00:49,232 - INFO - ⌛ Aguardando confirmação 4 - editar OS...
2025-11-24 18:01:09,565 - INFO - ⌛ Aguardando confirmação 4 - editar OS...
2025-11-24 18:01:29,884 - INFO - ⌛ Aguardando confirmação 4 - editar OS...
2025-11-24 18:01:50,208 - INFO - ⌛ Aguardando confirmação 4 - editar OS...
2025-11-24 18:02:10,539 - INFO - ⌛ Aguardando confirmação 4 - editar OS...
2025-11-24 18:02:30,839 - INFO - ⌛ Aguardando confirmação 4 - editar OS...
2025-11-24 18:02:51,173 - INFO - ⌛ Aguardando confirmação 4 - editar OS...
2025-11-24 18:03:11,527 - INFO - ⌛ Aguardando confirmação 4 - editar OS...
2025-11-24 18:03:31,860 - INFO - ⌛ Aguardando confirmação 4 - editar OS...
2025-11-24 18:03:52,139 - INFO - ⌛ Aguardando confirmação 4 - editar OS...
2025-11-24 18:04:12,435 - INFO - ⌛ Aguardando confirmação 4 - editar OS...
2025-11-24 18:04:32,706 - INFO - ⌛ Aguardando confirmação 4 - editar OS...
2025-11-24 18:04:53,016 - INFO - ⌛ Aguardando confirmação 4 - editar OS...
2025-11-24 18:05:13,330 - INFO - ⌛ Aguardando confirmação 4 - editar OS...
2025-11-24 18:05:33,625 - INFO - ⌛ Aguardando confirmação 4 - editar OS...
2025-11-24 18:05:53,933 - INFO - ⌛ Aguardando confirmação 4 - editar OS...
2025-11-24 18:06:14,237 - INFO - ⏱️ Tempo limite atingido. Abortando seleção
