2026-02-13 11:07:27,647 - INFO - Data hoje: 13/02/2026
2026-02-13 11:07:27,647 - INFO - Data de referência: 28/02/2026
2026-02-13 11:08:45,820 - INFO - Qtde OS de LINHA VIVA: 448
2026-02-13 11:08:45,820 - INFO - Qtde OS poda de LINHA MORTA: 158
2026-02-13 11:08:45,820 - INFO - Qtde OS estrutural de LINHA MORTA : 63
2026-02-13 11:08:45,820 - INFO - Qtde OS poda de LINHA MORTA fora carteira: 1232
2026-02-13 11:08:45,820 - INFO - Qtde OS para desprogramar: 1371
2026-02-13 11:08:45,820 - INFO - 
 Qtd de lotes de LM: 7
2026-02-13 11:08:45,820 - INFO - 
 Qtd de lotes de LV: 18
2026-02-13 11:08:45,820 - INFO - 
 Qtd de lotes de ESTRUTURAL LM: 3
2026-02-13 11:08:45,820 - INFO - 
 Qtd de lotes de LEVE: 50
2026-02-13 11:08:45,820 - INFO - 
 Qtd de lotes para desprogramar: 55
2026-02-13 11:08:45,820 - INFO - 
=== Iniciando lote 1/3 [REDES] ===
2026-02-13 11:08:52,297 - INFO - ⌛ Aguardando janela de seleção...
2026-02-13 11:09:02,787 - INFO - Janela de seleção aberta
2026-02-13 11:09:07,042 - INFO - DEBUG: idx=0, inicio=0, fim=25
2026-02-13 11:09:07,042 - INFO - ✅ 25 OS copiadas para a área de transferência.
2026-02-13 11:09:07,042 - INFO - 📋 Lote 1 copiado.
2026-02-13 11:09:15,381 - INFO - ⌛ Esperando mudança visual...
2026-02-13 11:09:16,394 - INFO - ⌛ Esperando mudança visual...
2026-02-13 11:09:17,406 - INFO - ✅ Tela carregada!
2026-02-13 11:09:27,884 - INFO - ⌛ Aguardando janela de confirmação de desbloqueio...
2026-02-13 11:09:43,293 - INFO - 🟨 Registros desbloqueados com sucesso
2026-02-13 11:09:56,837 - INFO - ⌛ Aguardando janela de edição de OS...
2026-02-13 11:10:12,278 - INFO - 🟨 OS programadas detectadas
2026-02-13 11:10:15,437 - INFO - ⌛ Aguardando janela de edição de OS...
2026-02-13 11:10:30,890 - INFO - 🟨 Janela de edição de OS detectada
2026-02-13 11:10:52,284 - INFO - 🟨 Janela de edição de habilidade da turma detectada
2026-02-13 11:12:10,610 - INFO - ⌛ Aguardando detecção do campo de caracteristica 'EQUIPE PRÓPRIA OU EPS' ...
2026-02-13 11:12:29,976 - INFO - 🟨 campo de caracteristica 'EQUIPE PRÓPRIA OU EPS detectado
2026-02-13 11:12:51,766 - INFO - ⌛ Aguardando confirmação 4 - editar OS...
2026-02-13 11:13:07,225 - INFO - ⌛ Aguardando confirmação 4 - editar OS...
2026-02-13 11:13:22,726 - INFO - 🟨 Janela de confirmação 4 de edição de OS detectada
2026-02-13 11:13:53,461 - INFO - ⌛ Aguardando janela de confirmação de programação de OS...
2026-02-13 11:14:13,855 - INFO - 🟨 Janela de confirmação de programação de OS detectada
2026-02-13 11:14:27,249 - INFO - 🟨 Janela de aviso de edição de OS programadas detectada
2026-02-13 11:14:31,529 - INFO - ⌛ aguardando janela de programação de lote de OS...
2026-02-13 11:14:52,122 - INFO - 🟨 Janela de aviso de substituição de lote de OS detectada
2026-02-13 11:14:58,386 - INFO - ⌛ aguardando janela de programação de lote de OS...
2026-02-13 11:15:18,956 - INFO - 🟨 Janela de programação de lote de OS detectada
2026-02-13 11:15:56,543 - INFO - 🟨 Janela de confirmação de programação de lote de OS detectada
2026-02-13 11:16:00,862 - INFO - ⌛ aguardando confirmação final de programação do lote
2026-02-13 11:16:21,517 - INFO - 🟨 programação do lote 1 efetuado com sucesso
2026-02-13 11:16:31,685 - INFO - 
=== Iniciando lote 2/3 [REDES] ===
2026-02-13 11:16:38,046 - INFO - Janela de seleção aberta
2026-02-13 11:16:42,294 - INFO - DEBUG: idx=1, inicio=25, fim=50
2026-02-13 11:16:42,294 - INFO - ✅ 25 OS copiadas para a área de transferência.
2026-02-13 11:16:42,294 - INFO - 📋 Lote 2 copiado.
2026-02-13 11:16:50,624 - INFO - ⌛ Esperando mudança visual...
2026-02-13 11:16:51,640 - INFO - ⌛ Esperando mudança visual...
2026-02-13 11:16:52,656 - INFO - ⌛ Esperando mudança visual...
2026-02-13 11:16:53,674 - INFO - ⌛ Esperando mudança visual...
2026-02-13 11:16:54,690 - INFO - ⌛ Esperando mudança visual...
2026-02-13 11:16:55,703 - INFO - ⌛ Esperando mudança visual...
2026-02-13 11:16:56,719 - INFO - ⌛ Esperando mudança visual...
2026-02-13 11:16:57,734 - INFO - ⌛ Esperando mudança visual...
2026-02-13 11:16:58,749 - INFO - ⌛ Esperando mudança visual...
2026-02-13 11:16:59,765 - INFO - ⌛ Esperando mudança visual...
2026-02-13 11:17:00,791 - INFO - ⌛ Esperando mudança visual...
2026-02-13 11:17:01,800 - INFO - ⌛ Esperando mudança visual...
2026-02-13 11:17:02,812 - INFO - ✅ Tela carregada!
2026-02-13 11:17:13,308 - INFO - ⌛ Aguardando janela de confirmação de desbloqueio...
2026-02-13 11:17:28,750 - INFO - 🟨 Registros desbloqueados com sucesso
2026-02-13 11:17:42,310 - INFO - ⌛ Aguardando janela de edição de OS...
2026-02-13 11:17:57,889 - INFO - 🟨 OS programadas detectadas
2026-02-13 11:18:01,063 - INFO - ⌛ Aguardando janela de edição de OS...
2026-02-13 11:18:16,606 - INFO - 🟨 Janela de edição de OS detectada
2026-02-13 11:18:37,978 - INFO - 🟨 Janela de edição de habilidade da turma detectada
2026-02-13 11:19:56,309 - INFO - ⌛ Aguardando detecção do campo de caracteristica 'EQUIPE PRÓPRIA OU EPS' ...
2026-02-13 11:20:15,665 - INFO - 🟨 campo de caracteristica 'EQUIPE PRÓPRIA OU EPS detectado
2026-02-13 11:20:37,511 - INFO - ⌛ Aguardando confirmação 4 - editar OS...
2026-02-13 11:20:53,028 - INFO - ⌛ Aguardando confirmação 4 - editar OS...
2026-02-13 11:21:08,541 - INFO - ⌛ Aguardando confirmação 4 - editar OS...
2026-02-13 11:21:24,114 - INFO - 🟨 Janela de confirmação 4 de edição de OS detectada
2026-02-13 11:21:54,845 - INFO - ⌛ Aguardando janela de confirmação de programação de OS...
2026-02-13 11:22:15,226 - INFO - 🟨 Janela de confirmação de programação de OS detectada
2026-02-13 11:22:28,616 - INFO - 🟨 Janela de aviso de edição de OS programadas detectada
2026-02-13 11:22:32,901 - INFO - ⌛ aguardando janela de programação de lote de OS...
2026-02-13 11:22:53,680 - INFO - 🟨 Janela de aviso de substituição de lote de OS detectada
2026-02-13 11:23:00,001 - INFO - ⌛ aguardando janela de programação de lote de OS...
2026-02-13 11:23:20,538 - INFO - 🟨 Janela de programação de lote de OS detectada
2026-02-13 11:23:58,127 - INFO - 🟨 Janela de confirmação de programação de lote de OS detectada
2026-02-13 11:24:02,419 - INFO - ⌛ aguardando confirmação final de programação do lote
2026-02-13 11:24:23,021 - INFO - 🟨 programação do lote 2 efetuado com sucesso
2026-02-13 11:24:33,185 - INFO - 
=== Iniciando lote 3/3 [REDES] ===
2026-02-13 11:24:39,552 - INFO - Janela de seleção aberta
2026-02-13 11:24:43,784 - INFO - DEBUG: idx=2, inicio=50, fim=75
2026-02-13 11:24:43,784 - INFO - ✅ 13 OS copiadas para a área de transferência.
2026-02-13 11:24:43,784 - INFO - 📋 Lote 3 copiado.
2026-02-13 11:24:52,114 - INFO - ⌛ Esperando mudança visual...
2026-02-13 11:24:53,143 - INFO - ⌛ Esperando mudança visual...
2026-02-13 11:24:54,161 - INFO - ⌛ Esperando mudança visual...
2026-02-13 11:24:55,174 - INFO - ⌛ Esperando mudança visual...
2026-02-13 11:24:56,190 - INFO - ⌛ Esperando mudança visual...
2026-02-13 11:24:57,205 - INFO - ⌛ Esperando mudança visual...
2026-02-13 11:24:58,221 - INFO - ⌛ Esperando mudança visual...
2026-02-13 11:24:59,237 - INFO - ⌛ Esperando mudança visual...
2026-02-13 11:25:00,262 - INFO - ⌛ Esperando mudança visual...
2026-02-13 11:25:01,268 - INFO - ⌛ Esperando mudança visual...
2026-02-13 11:25:02,284 - INFO - ⌛ Esperando mudança visual...
2026-02-13 11:25:03,299 - INFO - ⌛ Esperando mudança visual...
2026-02-13 11:25:04,305 - INFO - ✅ Tela carregada!
2026-02-13 11:25:14,773 - INFO - ⌛ Aguardando janela de confirmação de desbloqueio...
2026-02-13 11:25:30,183 - INFO - 🟨 Registros desbloqueados com sucesso
2026-02-13 11:25:43,727 - INFO - 🟨 OS programadas detectadas
2026-02-13 11:25:46,892 - INFO - ⌛ Aguardando janela de edição de OS...
2026-02-13 11:26:02,372 - INFO - 🟨 Janela de edição de OS detectada
2026-02-13 11:26:23,744 - INFO - 🟨 Janela de edição de habilidade da turma detectada
2026-02-13 11:27:42,065 - INFO - ⌛ Aguardando detecção do campo de caracteristica 'EQUIPE PRÓPRIA OU EPS' ...
2026-02-13 11:28:01,420 - INFO - 🟨 campo de caracteristica 'EQUIPE PRÓPRIA OU EPS detectado
2026-02-13 11:28:23,210 - INFO - ⌛ Aguardando confirmação 4 - editar OS...
2026-02-13 11:28:38,713 - INFO - 🟨 Janela de confirmação 4 de edição de OS detectada
2026-02-13 11:29:09,420 - INFO - ⌛ Aguardando janela de confirmação de programação de OS...
2026-02-13 11:29:29,801 - INFO - 🟨 Janela de confirmação de programação de OS detectada
2026-02-13 11:29:43,163 - INFO - 🟨 Janela de aviso de edição de OS programadas detectada
2026-02-13 11:29:47,425 - INFO - ⌛ aguardando janela de programação de lote de OS...
2026-02-13 11:30:07,967 - INFO - 🟨 Janela de aviso de substituição de lote de OS detectada
2026-02-13 11:30:14,242 - INFO - ⌛ aguardando janela de programação de lote de OS...
2026-02-13 11:30:34,740 - INFO - 🟨 Janela de programação de lote de OS detectada
2026-02-13 11:31:12,313 - INFO - 🟨 Janela de confirmação de programação de lote de OS detectada
2026-02-13 11:31:16,557 - INFO - ⌛ aguardando confirmação final de programação do lote
2026-02-13 11:31:37,105 - INFO - 🟨 programação do lote 3 efetuado com sucesso
2026-02-13 11:31:47,303 - INFO - 
=== Iniciando lote 1/7 [LM] ===
2026-02-13 11:31:53,657 - INFO - Janela de seleção aberta
2026-02-13 11:31:57,919 - INFO - DEBUG: idx=0, inicio=0, fim=25
2026-02-13 11:31:57,919 - INFO - ✅ 25 OS copiadas para a área de transferência.
2026-02-13 11:31:57,919 - INFO - 📋 Lote 1 copiado.
2026-02-13 11:32:06,245 - INFO - ⌛ Esperando mudança visual...
2026-02-13 11:32:07,260 - INFO - ⌛ Esperando mudança visual...
2026-02-13 11:32:08,277 - INFO - ⌛ Esperando mudança visual...
2026-02-13 11:32:09,289 - INFO - ⌛ Esperando mudança visual...
2026-02-13 11:32:10,307 - INFO - ⌛ Esperando mudança visual...
2026-02-13 11:32:11,323 - INFO - ⌛ Esperando mudança visual...
2026-02-13 11:32:12,333 - INFO - ⌛ Esperando mudança visual...
2026-02-13 11:32:13,355 - INFO - ⌛ Esperando mudança visual...
2026-02-13 11:32:14,369 - INFO - ⌛ Esperando mudança visual...
2026-02-13 11:32:15,388 - INFO - ⌛ Esperando mudança visual...
2026-02-13 11:32:16,405 - INFO - ⌛ Esperando mudança visual...
2026-02-13 11:32:17,419 - INFO - ⌛ Esperando mudança visual...
2026-02-13 11:32:18,435 - INFO - ✅ Tela carregada!
2026-02-13 11:32:28,917 - INFO - ⌛ Aguardando janela de confirmação de desbloqueio...
2026-02-13 11:32:44,345 - INFO - 🟨 Registros desbloqueados com sucesso
2026-02-13 11:32:57,881 - INFO - 🟨 OS programadas detectadas
2026-02-13 11:33:01,030 - INFO - ⌛ Aguardando janela de edição de OS...
2026-02-13 11:33:16,482 - INFO - 🟨 Janela de edição de OS detectada
2026-02-13 11:33:37,847 - INFO - 🟨 Janela de edição de habilidade da turma detectada
2026-02-13 11:34:56,206 - INFO - ⌛ Aguardando detecção do campo de caracteristica 'EQUIPE PRÓPRIA OU EPS' ...
2026-02-13 11:35:15,561 - INFO - 🟨 campo de caracteristica 'EQUIPE PRÓPRIA OU EPS detectado
2026-02-13 11:35:37,356 - INFO - ⌛ Aguardando confirmação 4 - editar OS...
2026-02-13 11:35:52,793 - INFO - 🟨 Janela de confirmação 4 de edição de OS detectada
2026-02-13 11:36:23,512 - INFO - ⌛ Aguardando janela de confirmação de programação de OS...
2026-02-13 11:36:43,861 - INFO - 🟨 Janela de confirmação de programação de OS detectada
2026-02-13 11:36:57,335 - INFO - 🟨 Janela de aviso de edição de OS programadas detectada
2026-02-13 11:37:01,615 - INFO - ⌛ aguardando janela de programação de lote de OS...
2026-02-13 11:37:22,299 - INFO - 🟨 Janela de aviso de substituição de lote de OS detectada
2026-02-13 11:37:28,574 - INFO - ⌛ aguardando janela de programação de lote de OS...
2026-02-13 11:37:49,119 - INFO - 🟨 Janela de programação de lote de OS detectada
2026-02-13 11:38:26,734 - INFO - 🟨 Janela de confirmação de programação de lote de OS detectada
2026-02-13 11:38:31,020 - INFO - ⌛ aguardando confirmação final de programação do lote
2026-02-13 11:38:51,586 - INFO - 🟨 programação do lote 1 efetuado com sucesso
2026-02-13 11:39:01,757 - INFO - 
=== Iniciando lote 2/7 [LM] ===
2026-02-13 11:39:08,115 - INFO - Janela de seleção aberta
2026-02-13 11:39:12,342 - INFO - DEBUG: idx=1, inicio=25, fim=50
2026-02-13 11:39:12,342 - INFO - ✅ 25 OS copiadas para a área de transferência.
2026-02-13 11:39:12,342 - INFO - 📋 Lote 2 copiado.
2026-02-13 11:39:20,679 - INFO - ✅ Tela carregada!
