2025-11-28 11:53:06,017 - INFO - Data hoje: 28/11/2025
2025-11-28 11:53:06,017 - INFO - Data de referência: 30/11/2025
2025-11-28 11:53:12,968 - INFO - 
Qtde LINHA VIVA: 475
2025-11-28 11:53:12,968 - INFO - Qtde LINHA MORTA/PESADA/FAIXA: 400
2025-11-28 11:53:13,590 - INFO - 
Arquivo gerado: C:\Users\U469784\venvs\py311\bot_programacao\EXCEL\pendentes_20251128.xlsx
2025-11-28 11:53:13,728 - INFO - 
 Qtd de lotes de LM: 27
2025-11-28 11:53:13,728 - INFO - 
 Qtd de lotes de LV: 32
2025-11-28 11:53:13,728 - INFO - 
=== Iniciando lote 6/27 [LM] ===
2025-11-28 11:53:20,141 - INFO - ⌛ Aguardando janela de seleção...
2025-11-28 11:53:40,444 - INFO - Janela de seleção aberta
2025-11-28 11:53:44,695 - INFO - DEBUG: idx=5, inicio=75, fim=90
2025-11-28 11:53:44,695 - INFO - ✅ 15 OS copiadas para a área de transferência.
2025-11-28 11:53:44,695 - INFO - 📋 Lote 6 copiado.
2025-11-28 11:53:53,026 - INFO - ⌛ Esperando mudança visual...
2025-11-28 11:53:54,037 - INFO - ⌛ Esperando mudança visual...
2025-11-28 11:53:55,057 - INFO - ✅ Tela carregada!
2025-11-28 11:54:05,525 - INFO - ⌛ Aguardando janela de confirmação de desbloqueio...
2025-11-28 11:54:25,828 - INFO - 🟨 Registros desbloqueados com sucesso
2025-11-28 11:54:39,441 - INFO - ⌛ Aguardando janela de edição de OS...
2025-11-28 11:54:59,773 - INFO - 🟨 Janela de edição de OS detectada
2025-11-28 11:55:08,147 - INFO - 🟨 Janela de edição de habilidade da turma detectada
2025-11-28 11:55:53,468 - INFO - ⌛ Aguardando detecção do campo de caracteristica 'EQUIPE PRÓPRIA OU EPS' ...
2025-11-28 11:56:13,620 - INFO - ⌛ Aguardando detecção do campo de caracteristica 'EQUIPE PRÓPRIA OU EPS' ...
2025-11-28 11:56:33,789 - INFO - ⌛ Aguardando detecção do campo de caracteristica 'EQUIPE PRÓPRIA OU EPS' ...
2025-11-28 11:56:53,933 - INFO - 🟨 campo de caracteristica 'EQUIPE PRÓPRIA OU EPS detectado
2025-11-28 11:57:15,697 - INFO - ⌛ Aguardando confirmação 4 - editar OS...
2025-11-28 11:57:36,012 - INFO - ⌛ Aguardando confirmação 4 - editar OS...
2025-11-28 11:58:37,030 - INFO - ⌛ Aguardando janela de confirmação de programação de OS...
2025-11-28 11:58:57,304 - INFO - 🟨 Janela de confirmação de programação de OS detectada
2025-11-28 11:59:00,639 - INFO - ⌛ aguardando janela de programação de lote de OS...
2025-11-28 11:59:21,009 - INFO - 🟨 Janela de programação de lote de OS detectada
2025-11-28 11:59:48,442 - INFO - ⌛ aguardando janela de confirmação de programação de lote de OS...
2025-11-28 12:00:08,721 - INFO - 🟨 Janela de confirmação de programação de lote de OS detectada
2025-11-28 12:00:12,967 - INFO - ⌛ aguardando confirmação final de programação do lote
2025-11-28 12:00:33,317 - INFO - 🟨 programação do lote 6 efetuado com sucesso
2025-11-28 12:00:46,490 - INFO - 
=== Iniciando lote 7/27 [LM] ===
2025-11-28 12:00:52,855 - INFO - Janela de seleção aberta
2025-11-28 12:00:57,082 - INFO - DEBUG: idx=6, inicio=90, fim=105
2025-11-28 12:00:57,082 - INFO - ✅ 15 OS copiadas para a área de transferência.
2025-11-28 12:00:57,082 - INFO - 📋 Lote 7 copiado.
2025-11-28 12:01:05,419 - INFO - ⌛ Esperando mudança visual...
2025-11-28 12:01:06,421 - INFO - ⌛ Esperando mudança visual...
2025-11-28 12:01:07,445 - INFO - ⌛ Esperando mudança visual...
2025-11-28 12:01:08,461 - INFO - ⌛ Esperando mudança visual...
2025-11-28 12:01:09,476 - INFO - ⌛ Esperando mudança visual...
2025-11-28 12:01:10,509 - INFO - ⌛ Esperando mudança visual...
2025-11-28 12:01:11,523 - INFO - ⌛ Esperando mudança visual...
2025-11-28 12:01:12,541 - INFO - ⌛ Esperando mudança visual...
2025-11-28 12:01:13,570 - INFO - ⌛ Esperando mudança visual...
2025-11-28 12:01:14,587 - INFO - ⌛ Esperando mudança visual...
2025-11-28 12:01:15,605 - INFO - ⌛ Esperando mudança visual...
2025-11-28 12:01:16,624 - INFO - ⌛ Esperando mudança visual...
2025-11-28 12:01:17,635 - INFO - ⌛ Esperando mudança visual...
2025-11-28 12:01:18,651 - INFO - ⌛ Esperando mudança visual...
2025-11-28 12:01:19,667 - INFO - ⌛ Esperando mudança visual...
2025-11-28 12:01:20,683 - INFO - ✅ Tela carregada!
2025-11-28 12:01:31,148 - INFO - ⌛ Aguardando janela de confirmação de desbloqueio...
2025-11-28 12:01:51,453 - INFO - 🟨 Registros desbloqueados com sucesso
2025-11-28 12:02:05,014 - INFO - ⌛ Aguardando janela de edição de OS...
2025-11-28 12:02:25,366 - INFO - 🟨 Janela de edição de OS detectada
2025-11-28 12:02:33,716 - INFO - 🟨 Janela de edição de habilidade da turma detectada
2025-11-28 12:03:19,027 - INFO - ⌛ Aguardando detecção do campo de caracteristica 'EQUIPE PRÓPRIA OU EPS' ...
2025-11-28 12:03:39,190 - INFO - ⌛ Aguardando detecção do campo de caracteristica 'EQUIPE PRÓPRIA OU EPS' ...
2025-11-28 12:03:59,358 - INFO - ⌛ Aguardando detecção do campo de caracteristica 'EQUIPE PRÓPRIA OU EPS' ...
2025-11-28 12:04:19,511 - INFO - 🟨 campo de caracteristica 'EQUIPE PRÓPRIA OU EPS detectado
2025-11-28 12:04:41,253 - INFO - ⌛ Aguardando confirmação 4 - editar OS...
2025-11-28 12:05:01,543 - INFO - ⌛ Aguardando confirmação 4 - editar OS...
2025-11-28 12:06:02,467 - INFO - ⌛ Aguardando janela de confirmação de programação de OS...
2025-11-28 12:06:22,772 - INFO - 🟨 Janela de confirmação de programação de OS detectada
2025-11-28 12:06:26,097 - INFO - ⌛ aguardando janela de programação de lote de OS...
2025-11-28 12:06:46,488 - INFO - 🟨 Janela de programação de lote de OS detectada
2025-11-28 12:07:13,918 - INFO - ⌛ aguardando janela de confirmação de programação de lote de OS...
2025-11-28 12:07:34,217 - INFO - 🟨 Janela de confirmação de programação de lote de OS detectada
2025-11-28 12:07:38,497 - INFO - ⌛ aguardando confirmação final de programação do lote
2025-11-28 12:07:58,919 - INFO - 🟨 programação do lote 7 efetuado com sucesso
2025-11-28 12:08:12,085 - INFO - 
=== Iniciando lote 8/27 [LM] ===
2025-11-28 12:08:18,444 - INFO - Janela de seleção aberta
2025-11-28 12:08:22,673 - INFO - DEBUG: idx=7, inicio=105, fim=120
2025-11-28 12:08:22,673 - INFO - ✅ 15 OS copiadas para a área de transferência.
2025-11-28 12:08:22,673 - INFO - 📋 Lote 8 copiado.
2025-11-28 12:08:31,005 - INFO - ⌛ Esperando mudança visual...
2025-11-28 12:08:32,017 - INFO - ⌛ Esperando mudança visual...
2025-11-28 12:08:33,031 - INFO - ⌛ Esperando mudança visual...
2025-11-28 12:08:34,047 - INFO - ⌛ Esperando mudança visual...
2025-11-28 12:08:35,068 - INFO - ⌛ Esperando mudança visual...
2025-11-28 12:08:36,080 - INFO - ⌛ Esperando mudança visual...
2025-11-28 12:08:37,091 - INFO - ⌛ Esperando mudança visual...
2025-11-28 12:08:38,103 - INFO - ⌛ Esperando mudança visual...
2025-11-28 12:08:39,113 - INFO - ⌛ Esperando mudança visual...
2025-11-28 12:08:40,126 - INFO - ⌛ Esperando mudança visual...
2025-11-28 12:08:41,142 - INFO - ⌛ Esperando mudança visual...
2025-11-28 12:08:42,168 - INFO - ✅ Tela carregada!
2025-11-28 12:08:52,647 - INFO - ⌛ Aguardando janela de confirmação de desbloqueio...
2025-11-28 12:09:12,942 - INFO - 🟨 Registros desbloqueados com sucesso
2025-11-28 12:09:26,526 - INFO - ⌛ Aguardando janela de edição de OS...
2025-11-28 12:09:46,906 - INFO - 🟨 Janela de edição de OS detectada
2025-11-28 12:09:55,280 - INFO - 🟨 Janela de edição de habilidade da turma detectada
2025-11-28 12:10:40,606 - INFO - ⌛ Aguardando detecção do campo de caracteristica 'EQUIPE PRÓPRIA OU EPS' ...
2025-11-28 12:11:00,768 - INFO - ⌛ Aguardando detecção do campo de caracteristica 'EQUIPE PRÓPRIA OU EPS' ...
2025-11-28 12:11:20,917 - INFO - ⌛ Aguardando detecção do campo de caracteristica 'EQUIPE PRÓPRIA OU EPS' ...
2025-11-28 12:11:41,071 - INFO - 🟨 campo de caracteristica 'EQUIPE PRÓPRIA OU EPS detectado
2025-11-28 12:12:02,815 - INFO - ⌛ Aguardando confirmação 4 - editar OS...
2025-11-28 12:12:23,102 - INFO - ⌛ Aguardando confirmação 4 - editar OS...
2025-11-28 12:13:24,081 - INFO - ⌛ Aguardando janela de confirmação de programação de OS...
2025-11-28 12:13:44,369 - INFO - 🟨 Janela de confirmação de programação de OS detectada
2025-11-28 12:13:47,688 - INFO - ⌛ aguardando janela de programação de lote de OS...
2025-11-28 12:14:08,056 - INFO - 🟨 Janela de programação de lote de OS detectada
2025-11-28 12:14:35,489 - INFO - ⌛ aguardando janela de confirmação de programação de lote de OS...
2025-11-28 12:14:55,805 - INFO - 🟨 Janela de confirmação de programação de lote de OS detectada
2025-11-28 12:15:00,116 - INFO - ⌛ aguardando confirmação final de programação do lote
2025-11-28 12:15:20,510 - INFO - 🟨 programação do lote 8 efetuado com sucesso
2025-11-28 12:15:33,681 - INFO - 
=== Iniciando lote 9/27 [LM] ===
2025-11-28 12:15:40,056 - INFO - Janela de seleção aberta
2025-11-28 12:15:44,303 - INFO - DEBUG: idx=8, inicio=120, fim=135
2025-11-28 12:15:44,303 - INFO - ✅ 15 OS copiadas para a área de transferência.
2025-11-28 12:15:44,303 - INFO - 📋 Lote 9 copiado.
2025-11-28 12:15:52,632 - INFO - ⌛ Esperando mudança visual...
2025-11-28 12:15:53,648 - INFO - ⌛ Esperando mudança visual...
2025-11-28 12:15:54,663 - INFO - ⌛ Esperando mudança visual...
2025-11-28 12:15:55,678 - INFO - ⌛ Esperando mudança visual...
2025-11-28 12:15:56,692 - INFO - ⌛ Esperando mudança visual...
2025-11-28 12:15:57,710 - INFO - ⌛ Esperando mudança visual...
2025-11-28 12:15:58,726 - INFO - ⌛ Esperando mudança visual...
2025-11-28 12:15:59,740 - INFO - ⌛ Esperando mudança visual...
2025-11-28 12:16:00,758 - INFO - ⌛ Esperando mudança visual...
2025-11-28 12:16:01,795 - INFO - ⌛ Esperando mudança visual...
2025-11-28 12:16:02,802 - INFO - ⌛ Esperando mudança visual...
2025-11-28 12:16:03,819 - INFO - ✅ Tela carregada!
2025-11-28 12:16:14,302 - INFO - ⌛ Aguardando janela de confirmação de desbloqueio...
2025-11-28 12:16:34,587 - INFO - 🟨 Registros desbloqueados com sucesso
2025-11-28 12:16:48,194 - INFO - 🟨 OS programadas detectadas
2025-11-28 12:16:51,379 - INFO - ⌛ Aguardando janela de edição de OS...
2025-11-28 12:17:11,727 - INFO - 🟨 Janela de edição de OS detectada
2025-11-28 12:17:20,124 - INFO - 🟨 Janela de edição de habilidade da turma detectada
2025-11-28 12:18:05,431 - INFO - ⌛ Aguardando detecção do campo de caracteristica 'EQUIPE PRÓPRIA OU EPS' ...
2025-11-28 12:18:25,569 - INFO - ⌛ Aguardando detecção do campo de caracteristica 'EQUIPE PRÓPRIA OU EPS' ...
2025-11-28 12:18:45,726 - INFO - ⌛ Aguardando detecção do campo de caracteristica 'EQUIPE PRÓPRIA OU EPS' ...
2025-11-28 12:19:05,878 - INFO - 🟨 campo de caracteristica 'EQUIPE PRÓPRIA OU EPS detectado
2025-11-28 12:19:27,646 - INFO - ⌛ Aguardando confirmação 4 - editar OS...
2025-11-28 12:19:47,981 - INFO - ⌛ Aguardando confirmação 4 - editar OS...
2025-11-28 12:20:48,918 - INFO - ⌛ Aguardando janela de confirmação de programação de OS...
2025-11-28 12:21:09,245 - INFO - 🟨 Janela de confirmação de programação de OS detectada
2025-11-28 12:21:12,573 - INFO - 🟨 Janela de aviso de edição de OS programadas detectada
2025-11-28 12:21:16,851 - INFO - ⌛ aguardando janela de programação de lote de OS...
2025-11-28 12:21:37,265 - INFO - 🟨 Janela de aviso de substituição de lote de OS detectada
2025-11-28 12:21:43,560 - INFO - ⌛ aguardando janela de programação de lote de OS...
2025-11-28 12:22:03,974 - INFO - 🟨 Janela de programação de lote de OS detectada
2025-11-28 12:22:31,423 - INFO - ⌛ aguardando janela de confirmação de programação de lote de OS...
2025-11-28 12:22:51,762 - INFO - 🟨 Janela de confirmação de programação de lote de OS detectada
2025-11-28 12:22:56,044 - INFO - ⌛ aguardando confirmação final de programação do lote
2025-11-28 12:23:16,437 - INFO - 🟨 programação do lote 9 efetuado com sucesso
2025-11-28 12:23:29,612 - INFO - 
=== Iniciando lote 10/27 [LM] ===
2025-11-28 12:23:35,968 - INFO - Janela de seleção aberta
2025-11-28 12:23:40,206 - INFO - DEBUG: idx=9, inicio=135, fim=150
2025-11-28 12:23:40,206 - INFO - ✅ 15 OS copiadas para a área de transferência.
2025-11-28 12:23:40,206 - INFO - 📋 Lote 10 copiado.
2025-11-28 12:23:48,546 - INFO - ⌛ Esperando mudança visual...
2025-11-28 12:23:49,562 - INFO - ⌛ Esperando mudança visual...
2025-11-28 12:23:50,580 - INFO - ⌛ Esperando mudança visual...
2025-11-28 12:23:51,595 - INFO - ⌛ Esperando mudança visual...
2025-11-28 12:23:52,610 - INFO - ⌛ Esperando mudança visual...
2025-11-28 12:23:53,625 - INFO - ⌛ Esperando mudança visual...
2025-11-28 12:23:54,643 - INFO - ⌛ Esperando mudança visual...
2025-11-28 12:23:55,655 - INFO - ⌛ Esperando mudança visual...
2025-11-28 12:23:56,670 - INFO - ⌛ Esperando mudança visual...
2025-11-28 12:23:57,688 - INFO - ⌛ Esperando mudança visual...
2025-11-28 12:23:58,704 - INFO - ⌛ Esperando mudança visual...
2025-11-28 12:23:59,716 - INFO - ✅ Tela carregada!
2025-11-28 12:24:10,200 - INFO - ⌛ Aguardando janela de confirmação de desbloqueio...
2025-11-28 12:24:30,537 - INFO - 🟨 Registros desbloqueados com sucesso
2025-11-28 12:24:44,135 - INFO - 🟨 OS programadas detectadas
2025-11-28 12:24:47,288 - INFO - ⌛ Aguardando janela de edição de OS...
2025-11-28 12:25:07,632 - INFO - 🟨 Janela de edição de OS detectada
2025-11-28 12:25:15,977 - INFO - 🟨 Janela de edição de habilidade da turma detectada
2025-11-28 12:26:01,318 - INFO - ⌛ Aguardando detecção do campo de caracteristica 'EQUIPE PRÓPRIA OU EPS' ...
2025-11-28 12:26:21,481 - INFO - ⌛ Aguardando detecção do campo de caracteristica 'EQUIPE PRÓPRIA OU EPS' ...
2025-11-28 12:26:41,637 - INFO - ⌛ Aguardando detecção do campo de caracteristica 'EQUIPE PRÓPRIA OU EPS' ...
2025-11-28 12:27:01,794 - INFO - 🟨 campo de caracteristica 'EQUIPE PRÓPRIA OU EPS detectado
2025-11-28 12:27:23,563 - INFO - ⌛ Aguardando confirmação 4 - editar OS...
2025-11-28 12:28:24,508 - INFO - ⌛ Aguardando janela de confirmação de programação de OS...
2025-11-28 12:28:44,819 - INFO - 🟨 Janela de confirmação de programação de OS detectada
2025-11-28 12:28:48,153 - INFO - ⌛ aguardando janela de programação de lote de OS...
2025-11-28 12:29:08,562 - INFO - 🟨 Janela de aviso de edição de OS programadas detectada
2025-11-28 12:29:12,850 - INFO - ⌛ aguardando janela de programação de lote de OS...
2025-11-28 12:29:33,305 - INFO - 🟨 Janela de aviso de substituição de lote de OS detectada
2025-11-28 12:29:39,570 - INFO - ⌛ aguardando janela de programação de lote de OS...
2025-11-28 12:29:59,968 - INFO - ⌛ aguardando janela de programação de lote de OS...
2025-11-28 12:30:00,125 - INFO - 🟨 Identificado travamento no EQM, reiniciando contador de espera
2025-11-28 12:30:20,388 - INFO - ⌛ aguardando janela de programação de lote de OS...
2025-11-28 12:30:20,514 - INFO - 🟨 Identificado travamento no EQM, reiniciando contador de espera
2025-11-28 12:30:20,514 - INFO - 🟨 Identificado travamento no EQM, reiniciando contador de espera
2025-11-28 12:30:40,785 - INFO - ⌛ aguardando janela de programação de lote de OS...
2025-11-28 12:30:40,910 - INFO - 🟨 Identificado travamento no EQM, reiniciando contador de espera
2025-11-28 12:30:40,910 - INFO - 🟨 Identificado travamento no EQM, reiniciando contador de espera
2025-11-28 12:31:01,204 - INFO - ⌛ aguardando janela de programação de lote de OS...
2025-11-28 12:31:01,325 - INFO - 🟨 Identificado travamento no EQM, reiniciando contador de espera
2025-11-28 12:31:01,325 - INFO - 🟨 Identificado travamento no EQM, reiniciando contador de espera
2025-11-28 12:31:21,617 - INFO - ⌛ aguardando janela de programação de lote de OS...
2025-11-28 12:31:21,753 - INFO - 🟨 Identificado travamento no EQM, reiniciando contador de espera
2025-11-28 12:31:21,753 - INFO - 🟨 Identificado travamento no EQM, reiniciando contador de espera
2025-11-28 12:31:42,036 - INFO - ⌛ aguardando janela de programação de lote de OS...
2025-11-28 12:31:42,169 - INFO - 🟨 Identificado travamento no EQM, reiniciando contador de espera
2025-11-28 12:31:42,169 - INFO - 🟨 Identificado travamento no EQM, reiniciando contador de espera
2025-11-28 12:32:02,441 - INFO - ⌛ aguardando janela de programação de lote de OS...
2025-11-28 12:32:22,873 - INFO - ⌛ aguardando janela de programação de lote de OS...
2025-11-28 12:32:43,341 - INFO - ⌛ aguardando janela de programação de lote de OS...
2025-11-28 12:33:03,746 - INFO - ⌛ aguardando janela de programação de lote de OS...
2025-11-28 12:33:24,134 - INFO - ⌛ aguardando janela de programação de lote de OS...
2025-11-28 12:33:44,552 - INFO - ⌛ aguardando janela de programação de lote de OS...
2025-11-28 12:34:04,954 - INFO - ⌛ aguardando janela de programação de lote de OS...
2025-11-28 12:34:25,367 - INFO - ⌛ aguardando janela de programação de lote de OS...
2025-11-28 12:34:45,751 - INFO - ⌛ aguardando janela de programação de lote de OS...
2025-11-28 12:35:06,137 - INFO - ⌛ aguardando janela de programação de lote de OS...
2025-11-28 12:35:26,532 - INFO - ⌛ aguardando janela de programação de lote de OS...
2025-11-28 12:35:46,920 - INFO - ⌛ aguardando janela de programação de lote de OS...
2025-11-28 12:36:07,319 - INFO - ⌛ aguardando janela de programação de lote de OS...
2025-11-28 12:36:27,703 - INFO - ⌛ aguardando janela de programação de lote de OS...
2025-11-28 12:36:48,117 - INFO - ⌛ aguardando janela de programação de lote de OS...
2025-11-28 12:37:08,520 - INFO - ⌛ aguardando janela de programação de lote de OS...
2025-11-28 12:37:28,932 - INFO - ⌛ aguardando janela de programação de lote de OS...
2025-11-28 12:37:49,351 - INFO - ⌛ aguardando janela de programação de lote de OS...
2025-11-28 12:38:09,754 - INFO - ⌛ aguardando janela de programação de lote de OS...
2025-11-28 12:38:30,147 - INFO - ⌛ aguardando janela de programação de lote de OS...
2025-11-28 12:38:50,560 - INFO - ⏱️ Tempo limite atingido. Abortando seleção
2025-11-28 17:57:54,030 - INFO - Data hoje: 28/11/2025
2025-11-28 17:57:54,030 - INFO - Data de referência: 30/11/2025
2025-11-28 17:57:59,256 - INFO - 
Qtde LINHA VIVA: 480
2025-11-28 17:57:59,256 - INFO - Qtde LINHA MORTA/PESADA/FAIXA: 401
2025-11-28 17:58:00,390 - INFO - 
Arquivo gerado: C:\Users\U469784\venvs\py311\bot_programacao\EXCEL\pendentes_20251128.xlsx
2025-11-28 17:58:00,660 - INFO - 
 Qtd de lotes de LM: 27
2025-11-28 17:58:00,660 - INFO - 
 Qtd de lotes de LV: 32
2025-11-28 17:58:00,660 - INFO - 
=== Iniciando lote 1/27 [LM] ===
2025-11-28 17:58:07,227 - INFO - Janela de seleção aberta
2025-11-28 17:58:11,472 - INFO - DEBUG: idx=0, inicio=0, fim=15
2025-11-28 17:58:11,474 - INFO - ✅ 15 OS copiadas para a área de transferência.
2025-11-28 17:58:11,474 - INFO - 📋 Lote 1 copiado.
2025-11-28 17:58:19,838 - INFO - ⌛ Esperando mudança visual...
2025-11-28 17:58:20,856 - INFO - ✅ Tela carregada!
2025-11-28 17:58:31,487 - INFO - ⌛ Aguardando janela de confirmação de desbloqueio...
2025-11-28 17:58:52,137 - INFO - 🟨 Registros desbloqueados com sucesso
2025-11-28 17:59:05,873 - INFO - 🟨 OS programadas detectadas
2025-11-28 17:59:09,119 - INFO - ⌛ Aguardando janela de edição de OS...
2025-11-28 17:59:29,591 - INFO - 🟨 Janela de edição de OS detectada
2025-11-28 17:59:38,175 - INFO - ⌛ Aguardando detecção da janela de edição de características ...
2025-11-28 17:59:58,395 - INFO - ⌛ Aguardando janela de edição de OS...
2025-11-28 18:00:18,853 - INFO - ⌛ Aguardando janela de edição de OS...
2025-11-28 18:00:39,233 - INFO - ⌛ Aguardando janela de edição de OS...
2025-11-28 18:00:59,606 - INFO - ⌛ Aguardando janela de edição de OS...
2025-11-28 18:01:19,948 - INFO - ⌛ Aguardando janela de edição de OS...
2025-11-28 18:01:40,285 - INFO - ⌛ Aguardando janela de edição de OS...
2025-11-28 18:02:00,643 - INFO - ⌛ Aguardando janela de edição de OS...
2025-11-28 18:02:20,943 - INFO - ⌛ Aguardando janela de edição de OS...
2025-11-28 18:02:41,281 - INFO - ⌛ Aguardando janela de edição de OS...
2025-11-28 18:03:01,632 - INFO - ⌛ Aguardando janela de edição de OS...
2025-11-28 18:03:21,976 - INFO - 🟨 Janela de edição de OS detectada
2025-11-28 18:03:30,326 - INFO - ⌛ Aguardando detecção da janela de edição de características ...
2025-11-28 18:04:23,463 - INFO - Data hoje: 28/11/2025
2025-11-28 18:04:23,463 - INFO - Data de referência: 30/11/2025
2025-11-28 18:04:27,997 - INFO - 
Qtde LINHA VIVA: 480
2025-11-28 18:04:27,998 - INFO - Qtde LINHA MORTA/PESADA/FAIXA: 401
2025-11-28 18:04:28,498 - INFO - 
Arquivo gerado: C:\Users\U469784\venvs\py311\bot_programacao\EXCEL\pendentes_20251128.xlsx
2025-11-28 18:04:28,652 - INFO - 
 Qtd de lotes de LM: 27
2025-11-28 18:04:28,652 - INFO - 
 Qtd de lotes de LV: 32
2025-11-28 18:04:28,652 - INFO - 
=== Iniciando lote 1/27 [LM] ===
2025-11-28 18:04:35,093 - INFO - Janela de seleção aberta
2025-11-28 18:04:39,343 - INFO - DEBUG: idx=0, inicio=0, fim=15
2025-11-28 18:04:39,343 - INFO - ✅ 15 OS copiadas para a área de transferência.
2025-11-28 18:04:39,343 - INFO - 📋 Lote 1 copiado.
2025-11-28 18:04:47,664 - INFO - ⌛ Esperando mudança visual...
2025-11-28 18:04:48,687 - INFO - ⌛ Esperando mudança visual...
2025-11-28 18:04:49,705 - INFO - ⌛ Esperando mudança visual...
2025-11-28 18:04:50,719 - INFO - ⌛ Esperando mudança visual...
2025-11-28 18:04:51,734 - INFO - ⌛ Esperando mudança visual...
2025-11-28 18:04:52,750 - INFO - ⌛ Esperando mudança visual...
2025-11-28 18:04:53,765 - INFO - ⌛ Esperando mudança visual...
2025-11-28 18:04:54,781 - INFO - ⌛ Esperando mudança visual...
2025-11-28 18:04:55,796 - INFO - ⌛ Esperando mudança visual...
2025-11-28 18:04:56,812 - INFO - ✅ Tela carregada!
2025-11-28 18:05:07,272 - INFO - ⌛ Aguardando janela de confirmação de desbloqueio...
2025-11-28 18:05:27,543 - INFO - 🟨 Registros desbloqueados com sucesso
2025-11-28 18:05:41,110 - INFO - 🟨 OS programadas detectadas
2025-11-28 18:05:44,268 - INFO - ⌛ Aguardando janela de edição de OS...
2025-11-28 18:06:04,596 - INFO - 🟨 Janela de edição de OS detectada
2025-11-28 18:06:25,965 - INFO - 🟨 Janela de edição de habilidade da turma detectada
2025-11-28 18:07:11,296 - INFO - ⌛ Aguardando detecção do campo de caracteristica 'EQUIPE PRÓPRIA OU EPS' ...
2025-11-28 18:07:31,442 - INFO - ⌛ Aguardando detecção do campo de caracteristica 'EQUIPE PRÓPRIA OU EPS' ...
2025-11-28 18:07:51,584 - INFO - ⌛ Aguardando detecção do campo de caracteristica 'EQUIPE PRÓPRIA OU EPS' ...
2025-11-28 18:08:11,738 - INFO - 🟨 campo de caracteristica 'EQUIPE PRÓPRIA OU EPS detectado
2025-11-28 18:08:33,479 - INFO - ⌛ Aguardando confirmação 4 - editar OS...
2025-11-28 18:09:34,378 - INFO - ⌛ Aguardando janela de confirmação de programação de OS...
2025-11-28 18:09:54,656 - INFO - 🟨 Janela de confirmação de programação de OS detectada
2025-11-28 18:09:57,978 - INFO - ⌛ aguardando janela de programação de lote de OS...
2025-11-28 18:10:18,388 - INFO - 🟨 Janela de aviso de edição de OS programadas detectada
2025-11-28 18:10:22,653 - INFO - ⌛ aguardando janela de programação de lote de OS...
2025-11-28 18:10:43,073 - INFO - 🟨 Janela de aviso de substituição de lote de OS detectada
2025-11-28 18:10:49,352 - INFO - ⌛ aguardando janela de programação de lote de OS...
2025-11-28 18:11:09,785 - INFO - 🟨 Janela de programação de lote de OS detectada
2025-11-28 18:11:37,251 - INFO - ⌛ aguardando janela de confirmação de programação de lote de OS...
2025-11-28 18:11:57,576 - INFO - 🟨 Janela de confirmação de programação de lote de OS detectada
2025-11-28 18:12:01,817 - INFO - ⌛ aguardando confirmação final de programação do lote
2025-11-28 18:12:22,154 - INFO - 🟨 programação do lote 1 efetuado com sucesso
2025-11-28 18:12:35,336 - INFO - 
=== Iniciando lote 2/27 [LM] ===
2025-11-28 18:12:41,691 - INFO - Janela de seleção aberta
2025-11-28 18:12:45,930 - INFO - DEBUG: idx=1, inicio=15, fim=30
2025-11-28 18:12:45,930 - INFO - ✅ 15 OS copiadas para a área de transferência.
2025-11-28 18:12:45,930 - INFO - 📋 Lote 2 copiado.
2025-11-28 18:12:54,254 - INFO - ⌛ Esperando mudança visual...
2025-11-28 18:12:55,264 - INFO - ⌛ Esperando mudança visual...
2025-11-28 18:12:56,275 - INFO - ⌛ Esperando mudança visual...
2025-11-28 18:12:57,297 - INFO - ⌛ Esperando mudança visual...
2025-11-28 18:12:58,306 - INFO - ⌛ Esperando mudança visual...
2025-11-28 18:12:59,321 - INFO - ⌛ Esperando mudança visual...
2025-11-28 18:13:00,337 - INFO - ⌛ Esperando mudança visual...
2025-11-28 18:13:01,352 - INFO - ⌛ Esperando mudança visual...
2025-11-28 18:13:02,368 - INFO - ⌛ Esperando mudança visual...
2025-11-28 18:13:03,384 - INFO - ⌛ Esperando mudança visual...
2025-11-28 18:13:04,401 - INFO - ✅ Tela carregada!
2025-11-28 18:13:14,868 - INFO - ⌛ Aguardando janela de confirmação de desbloqueio...
2025-11-28 18:13:35,156 - INFO - ⌛ Aguardando janela de confirmação de desbloqueio...
2025-11-28 18:13:55,476 - INFO - ⌛ Aguardando janela de confirmação de desbloqueio...
2025-11-28 18:14:15,773 - INFO - ⌛ Aguardando janela de confirmação de desbloqueio...
2025-11-28 18:14:36,053 - INFO - ⌛ Aguardando janela de confirmação de desbloqueio...
2025-11-28 18:14:56,337 - INFO - ⌛ Aguardando janela de confirmação de desbloqueio...
2025-11-28 18:15:16,642 - INFO - ⌛ Aguardando janela de confirmação de desbloqueio...
2025-11-28 18:15:36,964 - INFO - ⌛ Aguardando janela de confirmação de desbloqueio...
2025-11-28 18:15:57,268 - INFO - ⌛ Aguardando janela de confirmação de desbloqueio...
2025-11-28 18:16:17,564 - INFO - ⌛ Aguardando janela de confirmação de desbloqueio...
2025-11-28 18:16:37,876 - INFO - ⌛ Aguardando janela de confirmação de desbloqueio...
2025-11-28 18:16:58,197 - INFO - ⌛ Aguardando janela de confirmação de desbloqueio...
2025-11-28 18:17:18,467 - INFO - ⌛ Aguardando janela de confirmação de desbloqueio...
2025-11-28 18:17:38,748 - INFO - ⌛ Aguardando janela de confirmação de desbloqueio...
2025-11-28 18:17:59,049 - INFO - ⌛ Aguardando janela de confirmação de desbloqueio...
2025-11-28 18:18:19,330 - INFO - ⌛ Aguardando janela de confirmação de desbloqueio...
2025-11-28 18:18:39,597 - INFO - ⌛ Aguardando janela de confirmação de desbloqueio...
2025-11-28 18:18:59,871 - INFO - ⌛ Aguardando janela de confirmação de desbloqueio...
2025-11-28 18:19:20,161 - INFO - ⌛ Aguardando janela de confirmação de desbloqueio...
2025-11-28 18:19:40,479 - INFO - 🟨 Registros desbloqueados com sucesso
2025-11-28 18:19:54,046 - INFO - 🟨 OS programadas detectadas
2025-11-28 18:19:57,201 - INFO - ⌛ Aguardando janela de edição de OS...
2025-11-28 18:20:17,535 - INFO - 🟨 Janela de edição de OS detectada
2025-11-28 18:20:38,900 - INFO - 🟨 Janela de edição de habilidade da turma detectada
2025-11-28 18:21:24,228 - INFO - ⌛ Aguardando detecção do campo de caracteristica 'EQUIPE PRÓPRIA OU EPS' ...
2025-11-28 18:21:44,391 - INFO - ⌛ Aguardando detecção do campo de caracteristica 'EQUIPE PRÓPRIA OU EPS' ...
2025-11-28 18:22:04,540 - INFO - ⌛ Aguardando detecção do campo de caracteristica 'EQUIPE PRÓPRIA OU EPS' ...
2025-11-28 18:22:24,696 - INFO - 🟨 campo de caracteristica 'EQUIPE PRÓPRIA OU EPS detectado
2025-11-28 18:22:46,445 - INFO - ⌛ Aguardando confirmação 4 - editar OS...
2025-11-28 18:23:47,365 - INFO - ⌛ Aguardando janela de confirmação de programação de OS...
2025-11-28 18:24:07,670 - INFO - 🟨 Janela de confirmação de programação de OS detectada
2025-11-28 18:24:11,038 - INFO - ⌛ aguardando janela de programação de lote de OS...
2025-11-28 18:24:31,483 - INFO - 🟨 Janela de aviso de edição de OS programadas detectada
2025-11-28 18:24:35,780 - INFO - ⌛ aguardando janela de programação de lote de OS...
2025-11-28 18:24:56,150 - INFO - 🟨 Janela de aviso de substituição de lote de OS detectada
2025-11-28 18:25:02,423 - INFO - ⌛ aguardando janela de programação de lote de OS...
2025-11-28 18:25:22,813 - INFO - 🟨 Janela de programação de lote de OS detectada
2025-11-28 18:25:50,258 - INFO - ⌛ aguardando janela de confirmação de programação de lote de OS...
2025-11-28 18:26:10,542 - INFO - 🟨 Janela de confirmação de programação de lote de OS detectada
2025-11-28 18:26:14,813 - INFO - ⌛ aguardando confirmação final de programação do lote
2025-11-28 18:26:35,176 - INFO - ⌛ aguardando confirmação final de programação do lote
2025-11-28 18:26:55,594 - INFO - ⌛ aguardando confirmação final de programação do lote
2025-11-28 18:27:15,951 - INFO - ⌛ aguardando confirmação final de programação do lote
2025-11-28 18:27:36,333 - INFO - ⌛ aguardando confirmação final de programação do lote
2025-11-28 18:27:56,699 - INFO - ⌛ aguardando confirmação final de programação do lote
2025-11-28 18:28:17,083 - INFO - ⌛ aguardando confirmação final de programação do lote
2025-11-28 18:28:37,464 - INFO - ⌛ aguardando confirmação final de programação do lote
2025-11-28 18:28:57,859 - INFO - ⌛ aguardando confirmação final de programação do lote
2025-11-28 18:29:18,245 - INFO - ⌛ aguardando confirmação final de programação do lote
2025-11-28 18:29:38,625 - INFO - ⌛ aguardando confirmação final de programação do lote
2025-11-28 18:29:59,026 - INFO - ⌛ aguardando confirmação final de programação do lote
2025-11-28 18:30:19,430 - INFO - ⌛ aguardando confirmação final de programação do lote
2025-11-28 18:30:39,804 - INFO - ⌛ aguardando confirmação final de programação do lote
2025-11-28 18:31:00,201 - INFO - ⌛ aguardando confirmação final de programação do lote
2025-11-28 18:31:20,559 - INFO - ⌛ aguardando confirmação final de programação do lote
2025-11-28 18:31:40,941 - INFO - ⌛ aguardando confirmação final de programação do lote
2025-11-28 18:32:01,272 - INFO - ⌛ aguardando confirmação final de programação do lote
2025-11-28 18:32:21,640 - INFO - ⌛ aguardando confirmação final de programação do lote
2025-11-28 18:32:42,010 - INFO - ⌛ aguardando confirmação final de programação do lote
2025-11-28 18:33:02,387 - INFO - ⌛ aguardando confirmação final de programação do lote
2025-11-28 18:33:22,776 - INFO - ⌛ aguardando confirmação final de programação do lote
2025-11-28 18:33:43,174 - INFO - 🟨 programação do lote 2 efetuado com sucesso
2025-11-28 18:33:56,335 - INFO - 
=== Iniciando lote 3/27 [LM] ===
2025-11-28 18:34:02,695 - INFO - Janela de seleção aberta
2025-11-28 18:34:06,910 - INFO - DEBUG: idx=2, inicio=30, fim=45
2025-11-28 18:34:06,916 - INFO - ✅ 15 OS copiadas para a área de transferência.
2025-11-28 18:34:06,916 - INFO - 📋 Lote 3 copiado.
2025-11-28 18:34:15,238 - INFO - ⌛ Esperando mudança visual...
2025-11-28 18:34:16,259 - INFO - ⌛ Esperando mudança visual...
2025-11-28 18:34:17,273 - INFO - ⌛ Esperando mudança visual...
2025-11-28 18:34:18,291 - INFO - ⌛ Esperando mudança visual...
2025-11-28 18:34:19,305 - INFO - ⌛ Esperando mudança visual...
2025-11-28 18:34:20,321 - INFO - ⌛ Esperando mudança visual...
2025-11-28 18:34:21,337 - INFO - ⌛ Esperando mudança visual...
2025-11-28 18:34:22,353 - INFO - ⌛ Esperando mudança visual...
2025-11-28 18:34:23,368 - INFO - ⌛ Esperando mudança visual...
2025-11-28 18:34:24,384 - INFO - ⌛ Esperando mudança visual...
2025-11-28 18:34:25,399 - INFO - ✅ Tela carregada!
2025-11-28 18:34:35,858 - INFO - ⌛ Aguardando janela de confirmação de desbloqueio...
2025-11-28 18:34:56,163 - INFO - 🟨 Registros desbloqueados com sucesso
2025-11-28 18:35:09,749 - INFO - 🟨 OS programadas detectadas
2025-11-28 18:35:12,918 - INFO - ⌛ Aguardando janela de edição de OS...
2025-11-28 18:35:33,252 - INFO - 🟨 Janela de edição de OS detectada
2025-11-28 18:35:54,611 - INFO - 🟨 Janela de edição de habilidade da turma detectada
2025-11-28 18:36:39,940 - INFO - ⌛ Aguardando detecção do campo de caracteristica 'EQUIPE PRÓPRIA OU EPS' ...
2025-11-28 18:37:00,082 - INFO - ⌛ Aguardando detecção do campo de caracteristica 'EQUIPE PRÓPRIA OU EPS' ...
2025-11-28 18:37:20,223 - INFO - ⌛ Aguardando detecção do campo de caracteristica 'EQUIPE PRÓPRIA OU EPS' ...
2025-11-28 18:37:40,376 - INFO - 🟨 campo de caracteristica 'EQUIPE PRÓPRIA OU EPS detectado
2025-11-28 18:38:02,107 - INFO - ⌛ Aguardando confirmação 4 - editar OS...
2025-11-28 18:39:02,997 - INFO - ⌛ Aguardando janela de confirmação de programação de OS...
2025-11-28 18:39:23,306 - INFO - 🟨 Janela de confirmação de programação de OS detectada
2025-11-28 18:39:26,639 - INFO - ⌛ aguardando janela de programação de lote de OS...
2025-11-28 18:39:47,059 - INFO - 🟨 Janela de aviso de edição de OS programadas detectada
2025-11-28 18:39:51,325 - INFO - ⌛ aguardando janela de programação de lote de OS...
2025-11-28 18:40:11,727 - INFO - 🟨 Janela de aviso de substituição de lote de OS detectada
2025-11-28 18:40:18,008 - INFO - ⌛ aguardando janela de programação de lote de OS...
2025-11-28 18:40:38,383 - INFO - ⌛ aguardando janela de programação de lote de OS...
2025-11-28 18:40:38,541 - INFO - 🟨 Identificado travamento no EQM, reiniciando contador de espera
2025-11-28 18:40:58,801 - INFO - ⌛ aguardando janela de programação de lote de OS...
2025-11-28 18:40:58,954 - INFO - 🟨 Identificado travamento no EQM, reiniciando contador de espera
2025-11-28 18:40:58,954 - INFO - 🟨 Identificado travamento no EQM, reiniciando contador de espera
2025-11-28 18:41:19,251 - INFO - ⌛ aguardando janela de programação de lote de OS...
2025-11-28 18:41:19,377 - INFO - 🟨 Identificado travamento no EQM, reiniciando contador de espera
2025-11-28 18:41:19,377 - INFO - 🟨 Identificado travamento no EQM, reiniciando contador de espera
2025-11-28 18:41:39,678 - INFO - ⌛ aguardando janela de programação de lote de OS...
2025-11-28 18:41:39,812 - INFO - 🟨 Identificado travamento no EQM, reiniciando contador de espera
2025-11-28 18:41:39,813 - INFO - 🟨 Identificado travamento no EQM, reiniciando contador de espera
2025-11-28 18:42:00,083 - INFO - ⌛ aguardando janela de programação de lote de OS...
2025-11-28 18:42:00,220 - INFO - 🟨 Identificado travamento no EQM, reiniciando contador de espera
2025-11-28 18:42:00,220 - INFO - 🟨 Identificado travamento no EQM, reiniciando contador de espera
2025-11-28 18:42:20,486 - INFO - ⌛ aguardando janela de programação de lote de OS...
2025-11-28 18:42:20,625 - INFO - 🟨 Identificado travamento no EQM, reiniciando contador de espera
2025-11-28 18:42:20,626 - INFO - 🟨 Identificado travamento no EQM, reiniciando contador de espera
2025-11-28 18:42:40,886 - INFO - ⌛ aguardando janela de programação de lote de OS...
2025-11-28 18:42:41,022 - INFO - 🟨 Identificado travamento no EQM, reiniciando contador de espera
2025-11-28 18:42:41,022 - INFO - 🟨 Identificado travamento no EQM, reiniciando contador de espera
2025-11-28 18:43:01,297 - INFO - ⌛ aguardando janela de programação de lote de OS...
2025-11-28 18:43:01,429 - INFO - 🟨 Identificado travamento no EQM, reiniciando contador de espera
2025-11-28 18:43:01,429 - INFO - 🟨 Identificado travamento no EQM, reiniciando contador de espera
2025-11-28 18:43:21,715 - INFO - ⌛ aguardando janela de programação de lote de OS...
2025-11-28 18:43:21,889 - INFO - 🟨 Identificado travamento no EQM, reiniciando contador de espera
2025-11-28 18:43:21,889 - INFO - 🟨 Identificado travamento no EQM, reiniciando contador de espera
2025-11-28 18:43:42,156 - INFO - ⌛ aguardando janela de programação de lote de OS...
2025-11-28 18:43:42,309 - INFO - 🟨 Identificado travamento no EQM, reiniciando contador de espera
2025-11-28 18:43:42,310 - INFO - 🟨 Identificado travamento no EQM, reiniciando contador de espera
2025-11-28 18:44:02,585 - INFO - ⌛ aguardando janela de programação de lote de OS...
2025-11-28 18:44:02,726 - INFO - 🟨 Identificado travamento no EQM, reiniciando contador de espera
2025-11-28 18:44:02,726 - INFO - 🟨 Identificado travamento no EQM, reiniciando contador de espera
2025-11-28 18:44:23,017 - INFO - ⌛ aguardando janela de programação de lote de OS...
2025-11-28 18:44:23,166 - INFO - 🟨 Identificado travamento no EQM, reiniciando contador de espera
2025-11-28 18:44:23,166 - INFO - 🟨 Identificado travamento no EQM, reiniciando contador de espera
2025-11-28 18:44:43,478 - INFO - ⌛ aguardando janela de programação de lote de OS...
2025-11-28 18:44:43,612 - INFO - 🟨 Identificado travamento no EQM, reiniciando contador de espera
2025-11-28 18:44:43,612 - INFO - 🟨 Identificado travamento no EQM, reiniciando contador de espera
2025-11-28 18:45:03,887 - INFO - ⌛ aguardando janela de programação de lote de OS...
2025-11-28 18:45:04,043 - INFO - 🟨 Identificado travamento no EQM, reiniciando contador de espera
2025-11-28 18:45:04,043 - INFO - 🟨 Identificado travamento no EQM, reiniciando contador de espera
2025-11-28 18:45:24,326 - INFO - ⌛ aguardando janela de programação de lote de OS...
2025-11-28 18:45:24,455 - INFO - 🟨 Identificado travamento no EQM, reiniciando contador de espera
2025-11-28 18:45:24,455 - INFO - 🟨 Identificado travamento no EQM, reiniciando contador de espera
2025-11-28 18:45:44,739 - INFO - ⌛ aguardando janela de programação de lote de OS...
2025-11-28 18:45:44,870 - INFO - 🟨 Identificado travamento no EQM, reiniciando contador de espera
2025-11-28 18:45:44,870 - INFO - 🟨 Identificado travamento no EQM, reiniciando contador de espera
2025-11-28 18:46:05,122 - INFO - ⌛ aguardando janela de programação de lote de OS...
2025-11-28 18:46:05,246 - INFO - 🟨 Identificado travamento no EQM, reiniciando contador de espera
2025-11-28 18:46:05,246 - INFO - 🟨 Identificado travamento no EQM, reiniciando contador de espera
2025-11-28 18:46:25,520 - INFO - ⌛ aguardando janela de programação de lote de OS...
2025-11-28 18:46:25,661 - INFO - 🟨 Identificado travamento no EQM, reiniciando contador de espera
2025-11-28 18:46:25,661 - INFO - 🟨 Identificado travamento no EQM, reiniciando contador de espera
2025-11-28 18:46:45,963 - INFO - ⌛ aguardando janela de programação de lote de OS...
2025-11-28 18:46:46,104 - INFO - 🟨 Identificado travamento no EQM, reiniciando contador de espera
2025-11-28 18:46:46,104 - INFO - 🟨 Identificado travamento no EQM, reiniciando contador de espera
2025-11-28 18:47:06,391 - INFO - ⌛ aguardando janela de programação de lote de OS...
2025-11-28 18:47:06,537 - INFO - 🟨 Identificado travamento no EQM, reiniciando contador de espera
2025-11-28 18:47:06,537 - INFO - 🟨 Identificado travamento no EQM, reiniciando contador de espera
2025-11-28 18:47:26,823 - INFO - ⌛ aguardando janela de programação de lote de OS...
2025-11-28 18:47:26,973 - INFO - 🟨 Identificado travamento no EQM, reiniciando contador de espera
2025-11-28 18:47:26,973 - INFO - 🟨 Identificado travamento no EQM, reiniciando contador de espera
2025-11-28 18:47:47,245 - INFO - ⌛ aguardando janela de programação de lote de OS...
2025-11-28 18:47:47,386 - INFO - 🟨 Identificado travamento no EQM, reiniciando contador de espera
2025-11-28 18:47:47,386 - INFO - 🟨 Identificado travamento no EQM, reiniciando contador de espera
2025-11-28 18:48:07,646 - INFO - ⌛ aguardando janela de programação de lote de OS...
2025-11-28 18:48:07,783 - INFO - 🟨 Identificado travamento no EQM, reiniciando contador de espera
2025-11-28 18:48:07,783 - INFO - 🟨 Identificado travamento no EQM, reiniciando contador de espera
2025-11-28 18:48:28,093 - INFO - ⌛ aguardando janela de programação de lote de OS...
2025-11-28 18:48:28,226 - INFO - 🟨 Identificado travamento no EQM, reiniciando contador de espera
2025-11-28 18:48:28,227 - INFO - 🟨 Identificado travamento no EQM, reiniciando contador de espera
2025-11-28 18:48:48,497 - INFO - 🟨 Janela de programação de lote de OS detectada
2025-11-28 18:49:15,932 - INFO - ⌛ aguardando janela de confirmação de programação de lote de OS...
2025-11-28 18:49:36,249 - INFO - 🟨 Janela de confirmação de programação de lote de OS detectada
2025-11-28 18:49:40,503 - INFO - ⌛ aguardando confirmação final de programação do lote
2025-11-28 18:50:00,885 - INFO - 🟨 programação do lote 3 efetuado com sucesso
2025-11-28 18:50:14,055 - INFO - 
=== Iniciando lote 4/27 [LM] ===
2025-11-28 18:50:20,414 - INFO - Janela de seleção aberta
2025-11-28 18:50:24,626 - INFO - DEBUG: idx=3, inicio=45, fim=60
2025-11-28 18:50:24,626 - INFO - ✅ 15 OS copiadas para a área de transferência.
2025-11-28 18:50:24,626 - INFO - 📋 Lote 4 copiado.
2025-11-28 18:50:32,950 - INFO - ⌛ Esperando mudança visual...
2025-11-28 18:50:33,977 - INFO - ⌛ Esperando mudança visual...
2025-11-28 18:50:34,991 - INFO - ⌛ Esperando mudança visual...
2025-11-28 18:50:36,007 - INFO - ⌛ Esperando mudança visual...
2025-11-28 18:50:37,022 - INFO - ⌛ Esperando mudança visual...
2025-11-28 18:50:38,044 - INFO - ⌛ Esperando mudança visual...
2025-11-28 18:50:39,059 - INFO - ⌛ Esperando mudança visual...
2025-11-28 18:50:40,069 - INFO - ⌛ Esperando mudança visual...
2025-11-28 18:50:41,085 - INFO - ⌛ Esperando mudança visual...
2025-11-28 18:50:42,101 - INFO - ✅ Tela carregada!
2025-11-28 18:50:52,564 - INFO - ⌛ Aguardando janela de confirmação de desbloqueio...
2025-11-28 18:51:12,862 - INFO - 🟨 Registros desbloqueados com sucesso
2025-11-28 18:51:26,425 - INFO - 🟨 OS programadas detectadas
2025-11-28 18:51:29,588 - INFO - ⌛ Aguardando janela de edição de OS...
2025-11-28 18:51:49,930 - INFO - 🟨 Janela de edição de OS detectada
2025-11-28 18:52:11,278 - INFO - 🟨 Janela de edição de habilidade da turma detectada
2025-11-28 18:52:56,597 - INFO - ⌛ Aguardando detecção do campo de caracteristica 'EQUIPE PRÓPRIA OU EPS' ...
2025-11-28 18:53:16,759 - INFO - ⌛ Aguardando detecção do campo de caracteristica 'EQUIPE PRÓPRIA OU EPS' ...
2025-11-28 18:53:36,903 - INFO - ⌛ Aguardando detecção do campo de caracteristica 'EQUIPE PRÓPRIA OU EPS' ...
2025-11-28 18:53:57,065 - INFO - 🟨 campo de caracteristica 'EQUIPE PRÓPRIA OU EPS detectado
2025-11-28 18:54:18,801 - INFO - ⌛ Aguardando confirmação 4 - editar OS...
2025-11-28 18:55:19,720 - INFO - ⌛ Aguardando janela de confirmação de programação de OS...
2025-11-28 18:55:40,003 - INFO - 🟨 Janela de confirmação de programação de OS detectada
2025-11-28 18:55:43,336 - INFO - ⌛ aguardando janela de programação de lote de OS...
2025-11-28 18:56:03,725 - INFO - 🟨 Janela de aviso de edição de OS programadas detectada
2025-11-28 18:56:07,996 - INFO - ⌛ aguardando janela de programação de lote de OS...
2025-11-28 18:56:28,425 - INFO - 🟨 Janela de aviso de substituição de lote de OS detectada
2025-11-28 18:56:34,707 - INFO - ⌛ aguardando janela de programação de lote de OS...
2025-11-28 18:56:55,119 - INFO - 🟨 Janela de programação de lote de OS detectada
2025-11-28 18:57:22,569 - INFO - ⌛ aguardando janela de confirmação de programação de lote de OS...
2025-11-28 18:57:42,906 - INFO - 🟨 Janela de confirmação de programação de lote de OS detectada
2025-11-28 18:57:47,199 - INFO - ⌛ aguardando confirmação final de programação do lote
2025-11-28 18:58:07,569 - INFO - 🟨 programação do lote 4 efetuado com sucesso
2025-11-28 18:58:20,745 - INFO - 
=== Iniciando lote 5/27 [LM] ===
2025-11-28 18:58:27,110 - INFO - Janela de seleção aberta
2025-11-28 18:58:31,336 - INFO - DEBUG: idx=4, inicio=60, fim=75
2025-11-28 18:58:31,336 - INFO - ✅ 15 OS copiadas para a área de transferência.
2025-11-28 18:58:31,336 - INFO - 📋 Lote 5 copiado.
2025-11-28 18:58:39,660 - INFO - ⌛ Esperando mudança visual...
2025-11-28 18:58:40,664 - INFO - ⌛ Esperando mudança visual...
2025-11-28 18:58:41,680 - INFO - ⌛ Esperando mudança visual...
2025-11-28 18:58:42,696 - INFO - ⌛ Esperando mudança visual...
2025-11-28 18:58:43,712 - INFO - ⌛ Esperando mudança visual...
2025-11-28 18:58:44,727 - INFO - ⌛ Esperando mudança visual...
2025-11-28 18:58:45,743 - INFO - ⌛ Esperando mudança visual...
2025-11-28 18:58:46,759 - INFO - ⌛ Esperando mudança visual...
2025-11-28 18:58:47,775 - INFO - ⌛ Esperando mudança visual...
2025-11-28 18:58:48,789 - INFO - ✅ Tela carregada!
2025-11-28 18:58:59,260 - INFO - ⌛ Aguardando janela de confirmação de desbloqueio...
2025-11-28 18:59:19,573 - INFO - ⌛ Aguardando janela de confirmação de desbloqueio...
2025-11-28 18:59:39,862 - INFO - ⌛ Aguardando janela de confirmação de desbloqueio...
2025-11-28 19:00:00,174 - INFO - ⌛ Aguardando janela de confirmação de desbloqueio...
2025-11-28 19:00:20,485 - INFO - ⌛ Aguardando janela de confirmação de desbloqueio...
2025-11-28 19:00:40,763 - INFO - ⌛ Aguardando janela de confirmação de desbloqueio...
2025-11-28 19:01:01,048 - INFO - ⌛ Aguardando janela de confirmação de desbloqueio...
2025-11-28 19:01:21,345 - INFO - ⌛ Aguardando janela de confirmação de desbloqueio...
2025-11-28 19:01:41,632 - INFO - ⌛ Aguardando janela de confirmação de desbloqueio...
2025-11-28 19:02:01,919 - INFO - ⌛ Aguardando janela de confirmação de desbloqueio...
2025-11-28 19:02:22,191 - INFO - ⌛ Aguardando janela de confirmação de desbloqueio...
2025-11-28 19:02:42,503 - INFO - ⌛ Aguardando janela de confirmação de desbloqueio...
2025-11-28 19:03:02,782 - INFO - ⌛ Aguardando janela de confirmação de desbloqueio...
2025-11-28 19:03:23,058 - INFO - ⌛ Aguardando janela de confirmação de desbloqueio...
2025-11-28 19:03:43,347 - INFO - ⌛ Aguardando janela de confirmação de desbloqueio...
2025-11-28 19:04:03,656 - INFO - 🟨 Registros desbloqueados com sucesso
2025-11-28 19:04:17,224 - INFO - 🟨 OS programadas detectadas
2025-11-28 19:04:20,376 - INFO - ⌛ Aguardando janela de edição de OS...
2025-11-28 19:04:40,698 - INFO - 🟨 Janela de edição de OS detectada
2025-11-28 19:05:02,064 - INFO - 🟨 Janela de edição de habilidade da turma detectada
2025-11-28 19:05:47,362 - INFO - ⌛ Aguardando detecção do campo de caracteristica 'EQUIPE PRÓPRIA OU EPS' ...
2025-11-28 19:06:07,523 - INFO - ⌛ Aguardando detecção do campo de caracteristica 'EQUIPE PRÓPRIA OU EPS' ...
2025-11-28 19:06:27,707 - INFO - ⌛ Aguardando detecção do campo de caracteristica 'EQUIPE PRÓPRIA OU EPS' ...
2025-11-28 19:06:47,857 - INFO - 🟨 campo de caracteristica 'EQUIPE PRÓPRIA OU EPS detectado
2025-11-28 19:07:09,591 - INFO - ⌛ Aguardando confirmação 4 - editar OS...
2025-11-28 19:08:10,534 - INFO - ⌛ Aguardando janela de confirmação de programação de OS...
2025-11-28 19:08:30,875 - INFO - 🟨 Janela de confirmação de programação de OS detectada
2025-11-28 19:08:34,209 - INFO - ⌛ aguardando janela de programação de lote de OS...
2025-11-28 19:08:54,622 - INFO - 🟨 Janela de aviso de edição de OS programadas detectada
2025-11-28 19:08:58,901 - INFO - ⌛ aguardando janela de programação de lote de OS...
2025-11-28 19:09:19,283 - INFO - 🟨 Janela de aviso de substituição de lote de OS detectada
2025-11-28 19:09:25,560 - INFO - ⌛ aguardando janela de programação de lote de OS...
2025-11-28 19:09:45,961 - INFO - ⌛ aguardando janela de programação de lote de OS...
2025-11-28 19:09:46,091 - INFO - 🟨 Identificado travamento no EQM, reiniciando contador de espera
2025-11-28 19:10:06,377 - INFO - ⌛ aguardando janela de programação de lote de OS...
2025-11-28 19:10:06,487 - INFO - 🟨 Identificado travamento no EQM, reiniciando contador de espera
2025-11-28 19:10:26,739 - INFO - ⌛ aguardando janela de programação de lote de OS...
2025-11-28 19:10:26,870 - INFO - 🟨 Identificado travamento no EQM, reiniciando contador de espera
2025-11-28 19:10:47,104 - INFO - ⌛ aguardando janela de programação de lote de OS...
2025-11-28 19:10:47,249 - INFO - 🟨 Identificado travamento no EQM, reiniciando contador de espera
2025-11-28 19:11:07,514 - INFO - ⌛ aguardando janela de programação de lote de OS...
2025-11-28 19:11:07,646 - INFO - 🟨 Identificado travamento no EQM, reiniciando contador de espera
2025-11-28 19:11:27,902 - INFO - ⌛ aguardando janela de programação de lote de OS...
2025-11-28 19:11:28,040 - INFO - 🟨 Identificado travamento no EQM, reiniciando contador de espera
2025-11-28 19:11:48,323 - INFO - ⌛ aguardando janela de programação de lote de OS...
2025-11-28 19:11:48,453 - INFO - 🟨 Identificado travamento no EQM, reiniciando contador de espera
2025-11-28 19:12:08,725 - INFO - ⌛ aguardando janela de programação de lote de OS...
2025-11-28 19:12:08,882 - INFO - 🟨 Identificado travamento no EQM, reiniciando contador de espera
2025-11-28 19:12:29,155 - INFO - ⌛ aguardando janela de programação de lote de OS...
2025-11-28 19:12:29,311 - INFO - 🟨 Identificado travamento no EQM, reiniciando contador de espera
2025-11-28 19:12:49,596 - INFO - ⌛ aguardando janela de programação de lote de OS...
2025-11-28 19:12:49,733 - INFO - 🟨 Identificado travamento no EQM, reiniciando contador de espera
2025-11-28 19:13:09,976 - INFO - ⌛ aguardando janela de programação de lote de OS...
2025-11-28 19:13:10,107 - INFO - 🟨 Identificado travamento no EQM, reiniciando contador de espera
2025-11-28 19:13:30,366 - INFO - ⌛ aguardando janela de programação de lote de OS...
2025-11-28 19:13:30,507 - INFO - 🟨 Identificado travamento no EQM, reiniciando contador de espera
2025-11-28 19:13:50,796 - INFO - ⌛ aguardando janela de programação de lote de OS...
2025-11-28 19:13:50,941 - INFO - 🟨 Identificado travamento no EQM, reiniciando contador de espera
2025-11-28 19:14:11,210 - INFO - ⌛ aguardando janela de programação de lote de OS...
2025-11-28 19:14:11,369 - INFO - 🟨 Identificado travamento no EQM, reiniciando contador de espera
2025-11-28 19:14:31,652 - INFO - ⌛ aguardando janela de programação de lote de OS...
2025-11-28 19:14:31,775 - INFO - 🟨 Identificado travamento no EQM, reiniciando contador de espera
2025-11-28 19:14:52,013 - INFO - ⌛ aguardando janela de programação de lote de OS...
2025-11-28 19:14:52,139 - INFO - 🟨 Identificado travamento no EQM, reiniciando contador de espera
2025-11-28 19:15:12,434 - INFO - ⌛ aguardando janela de programação de lote de OS...
2025-11-28 19:15:12,568 - INFO - 🟨 Identificado travamento no EQM, reiniciando contador de espera
2025-11-28 19:15:32,845 - INFO - ⌛ aguardando janela de programação de lote de OS...
2025-11-28 19:15:32,982 - INFO - 🟨 Identificado travamento no EQM, reiniciando contador de espera
2025-11-28 19:15:53,284 - INFO - ⌛ aguardando janela de programação de lote de OS...
2025-11-28 19:16:13,707 - INFO - ⌛ aguardando janela de programação de lote de OS...
2025-11-28 19:16:34,107 - INFO - ⌛ aguardando janela de programação de lote de OS...
2025-11-28 19:16:54,516 - INFO - ⌛ aguardando janela de programação de lote de OS...
2025-11-28 19:17:14,895 - INFO - ⌛ aguardando janela de programação de lote de OS...
2025-11-28 19:17:35,302 - INFO - ⌛ aguardando janela de programação de lote de OS...
2025-11-28 19:17:55,688 - INFO - ⌛ aguardando janela de programação de lote de OS...
2025-11-28 19:18:16,104 - INFO - ⌛ aguardando janela de programação de lote de OS...
2025-11-28 19:18:36,525 - INFO - ⏱️ Tempo limite atingido. Abortando seleção
