2026-03-02 17:57:48,187 - INFO - Data hoje: 02/03/2026
2026-03-02 17:57:48,196 - INFO - Data de referência: 31/03/2026
2026-03-02 17:59:50,069 - INFO - Qtde OS de LINHA VIVA: 3141
2026-03-02 17:59:50,069 - INFO - Qtde OS poda de LINHA MORTA: 1289
2026-03-02 17:59:50,069 - INFO - Qtde OS estrutural de LINHA MORTA : 234
2026-03-02 17:59:50,069 - INFO - Qtde OS poda de LINHA MORTA fora carteira: 2784
2026-03-02 17:59:50,069 - INFO - Qtde OS para desprogramar: 1000
2026-03-02 17:59:50,069 - INFO - 
 Qtd de lotes de LM: 52
2026-03-02 17:59:50,069 - INFO - 
 Qtd de lotes de LV: 126
2026-03-02 17:59:50,085 - INFO - 
 Qtd de lotes de ESTRUTURAL LM: 10
2026-03-02 17:59:50,085 - INFO - 
 Qtd de lotes de LEVE: 112
2026-03-02 17:59:50,085 - INFO - 
 Qtd de lotes para desprogramar: 40
2026-03-02 17:59:50,085 - INFO - 
=== Iniciando lote 1/52 [LM] ===
2026-03-02 17:59:56,578 - INFO - ⌛ Aguardando janela de seleção...
2026-03-02 18:00:07,059 - INFO - ⌛ Aguardando janela de seleção...
2026-03-02 18:00:17,484 - INFO - Janela de seleção aberta
2026-03-02 18:00:21,744 - INFO - DEBUG: idx=0, inicio=0, fim=25
2026-03-02 18:00:21,744 - INFO - ✅ 25 OS copiadas para a área de transferência.
2026-03-02 18:00:21,744 - INFO - 📋 Lote 1 copiado.
2026-03-02 18:00:30,106 - INFO - ⌛ Esperando mudança visual...
2026-03-02 18:00:31,119 - INFO - ⌛ Esperando mudança visual...
2026-03-02 18:00:32,134 - INFO - ✅ Tela carregada!
2026-03-02 18:00:42,591 - INFO - ⌛ Aguardando janela de confirmação de desbloqueio...
2026-03-02 18:00:58,021 - INFO - 🟨 Registros desbloqueados com sucesso
2026-03-02 18:01:11,587 - INFO - ⌛ Aguardando janela de edição de OS...
2026-03-02 18:01:27,047 - INFO - 🟨 OS programadas detectadas
2026-03-02 18:01:30,220 - INFO - ⌛ Aguardando janela de edição de OS...
2026-03-02 18:01:45,670 - INFO - 🟨 Janela de edição de OS detectada
2026-03-02 18:02:07,034 - INFO - 🟨 Janela de edição de habilidade da turma detectada
2026-03-02 18:03:25,362 - INFO - ⌛ Aguardando detecção do campo de caracteristica 'EQUIPE PRÓPRIA OU EPS' ...
2026-03-02 18:03:44,728 - INFO - 🟨 campo de caracteristica 'EQUIPE PRÓPRIA OU EPS detectado
2026-03-02 18:04:06,523 - INFO - ⌛ Aguardando confirmação 4 - editar OS...
2026-03-02 18:04:21,985 - INFO - ⌛ Aguardando confirmação 4 - editar OS...
2026-03-02 18:04:37,430 - INFO - ⌛ Aguardando confirmação 4 - editar OS...
2026-03-02 18:04:52,866 - INFO - ⌛ Aguardando confirmação 4 - editar OS...
2026-03-02 18:05:08,329 - INFO - 🟨 Janela de confirmação 4 de edição de OS detectada
2026-03-02 18:05:39,029 - INFO - ⌛ Aguardando janela de confirmação de programação de OS...
2026-03-02 18:05:59,371 - INFO - 🟨 Janela de confirmação de programação de OS detectada
2026-03-02 18:06:12,745 - INFO - 🟨 Janela de aviso de edição de OS programadas detectada
2026-03-02 18:06:17,018 - INFO - ⌛ aguardando janela de programação de lote de OS...
2026-03-02 18:06:37,572 - INFO - 🟨 Janela de aviso de substituição de lote de OS detectada
2026-03-02 18:06:43,833 - INFO - ⌛ aguardando janela de programação de lote de OS...
2026-03-02 18:07:04,306 - INFO - 🟨 Janela de programação de lote de OS detectada
2026-03-02 18:07:41,888 - INFO - 🟨 Janela de confirmação de programação de lote de OS detectada
2026-03-02 18:07:46,146 - INFO - ⌛ aguardando confirmação final de programação do lote
2026-03-02 18:08:06,622 - INFO - 🟨 programação do lote 1 efetuado com sucesso
2026-03-02 18:08:16,777 - INFO - 
=== Iniciando lote 2/52 [LM] ===
2026-03-02 18:08:23,145 - INFO - Janela de seleção aberta
2026-03-02 18:08:27,374 - INFO - DEBUG: idx=1, inicio=25, fim=50
2026-03-02 18:08:27,374 - INFO - ✅ 25 OS copiadas para a área de transferência.
2026-03-02 18:08:27,374 - INFO - 📋 Lote 2 copiado.
2026-03-02 18:08:35,724 - INFO - ⌛ Esperando mudança visual...
2026-03-02 18:08:36,737 - INFO - ⌛ Esperando mudança visual...
2026-03-02 18:08:37,753 - INFO - ⌛ Esperando mudança visual...
2026-03-02 18:08:38,768 - INFO - ⌛ Esperando mudança visual...
2026-03-02 18:08:39,784 - INFO - ⌛ Esperando mudança visual...
2026-03-02 18:08:40,805 - INFO - ⌛ Esperando mudança visual...
2026-03-02 18:08:41,815 - INFO - ⌛ Esperando mudança visual...
2026-03-02 18:08:42,831 - INFO - ⌛ Esperando mudança visual...
2026-03-02 18:08:43,847 - INFO - ⌛ Esperando mudança visual...
2026-03-02 18:08:44,862 - INFO - ⌛ Esperando mudança visual...
2026-03-02 18:08:45,879 - INFO - ⌛ Esperando mudança visual...
2026-03-02 18:08:46,893 - INFO - ⌛ Esperando mudança visual...
2026-03-02 18:08:47,909 - INFO - ✅ Tela carregada!
2026-03-02 18:08:58,411 - INFO - ⌛ Aguardando janela de confirmação de desbloqueio...
2026-03-02 18:09:13,811 - INFO - 🟨 Registros desbloqueados com sucesso
2026-03-02 18:09:27,329 - INFO - ⌛ Aguardando janela de edição de OS...
2026-03-02 18:09:42,748 - INFO - 🟨 OS programadas detectadas
2026-03-02 18:09:45,913 - INFO - ⌛ Aguardando janela de edição de OS...
2026-03-02 18:10:01,331 - INFO - 🟨 Janela de edição de OS detectada
2026-03-02 18:10:22,719 - INFO - 🟨 Janela de edição de habilidade da turma detectada
2026-03-02 18:11:41,042 - INFO - ⌛ Aguardando detecção do campo de caracteristica 'EQUIPE PRÓPRIA OU EPS' ...
2026-03-02 18:12:00,380 - INFO - 🟨 campo de caracteristica 'EQUIPE PRÓPRIA OU EPS detectado
2026-03-02 18:12:22,164 - INFO - ⌛ Aguardando confirmação 4 - editar OS...
2026-03-02 18:12:37,598 - INFO - ⌛ Aguardando confirmação 4 - editar OS...
2026-03-02 18:12:53,046 - INFO - ⌛ Aguardando confirmação 4 - editar OS...
2026-03-02 18:13:08,500 - INFO - 🟨 Janela de confirmação 4 de edição de OS detectada
2026-03-02 18:13:39,191 - INFO - ⌛ Aguardando janela de confirmação de programação de OS...
2026-03-02 18:13:59,518 - INFO - 🟨 Janela de confirmação de programação de OS detectada
2026-03-02 18:14:12,863 - INFO - 🟨 Janela de aviso de edição de OS programadas detectada
2026-03-02 18:14:17,128 - INFO - ⌛ aguardando janela de programação de lote de OS...
2026-03-02 18:14:37,675 - INFO - 🟨 Janela de aviso de substituição de lote de OS detectada
2026-03-02 18:14:43,927 - INFO - ⌛ aguardando janela de programação de lote de OS...
2026-03-02 18:15:04,424 - INFO - 🟨 Janela de programação de lote de OS detectada
2026-03-02 18:15:41,979 - INFO - 🟨 Janela de confirmação de programação de lote de OS detectada
2026-03-02 18:15:46,251 - INFO - ⌛ aguardando confirmação final de programação do lote
2026-03-02 18:16:06,769 - INFO - 🟨 programação do lote 2 efetuado com sucesso
2026-03-02 18:16:16,936 - INFO - 
=== Iniciando lote 3/52 [LM] ===
2026-03-02 18:16:23,300 - INFO - Janela de seleção aberta
2026-03-02 18:16:27,533 - INFO - DEBUG: idx=2, inicio=50, fim=75
2026-03-02 18:16:27,533 - INFO - ✅ 25 OS copiadas para a área de transferência.
2026-03-02 18:16:27,533 - INFO - 📋 Lote 3 copiado.
2026-03-02 18:16:35,872 - INFO - ⌛ Esperando mudança visual...
2026-03-02 18:16:36,896 - INFO - ⌛ Esperando mudança visual...
2026-03-02 18:16:37,912 - INFO - ⌛ Esperando mudança visual...
2026-03-02 18:16:38,927 - INFO - ⌛ Esperando mudança visual...
2026-03-02 18:16:39,943 - INFO - ⌛ Esperando mudança visual...
2026-03-02 18:16:40,959 - INFO - ⌛ Esperando mudança visual...
2026-03-02 18:16:41,975 - INFO - ⌛ Esperando mudança visual...
2026-03-02 18:16:42,990 - INFO - ⌛ Esperando mudança visual...
2026-03-02 18:16:44,008 - INFO - ⌛ Esperando mudança visual...
2026-03-02 18:16:45,022 - INFO - ⌛ Esperando mudança visual...
2026-03-02 18:16:46,037 - INFO - ⌛ Esperando mudança visual...
2026-03-02 18:16:47,053 - INFO - ✅ Tela carregada!
2026-03-02 18:16:57,550 - INFO - ⌛ Aguardando janela de confirmação de desbloqueio...
2026-03-02 18:17:12,964 - INFO - 🟨 Registros desbloqueados com sucesso
2026-03-02 18:17:26,503 - INFO - ⌛ Aguardando janela de edição de OS...
2026-03-02 18:17:41,942 - INFO - 🟨 OS programadas detectadas
2026-03-02 18:17:45,110 - INFO - ⌛ Aguardando janela de edição de OS...
2026-03-02 18:18:00,575 - INFO - 🟨 Janela de edição de OS detectada
2026-03-02 18:18:21,946 - INFO - 🟨 Janela de edição de habilidade da turma detectada
2026-03-02 18:19:40,254 - INFO - ⌛ Aguardando detecção do campo de caracteristica 'EQUIPE PRÓPRIA OU EPS' ...
2026-03-02 18:19:59,617 - INFO - 🟨 campo de caracteristica 'EQUIPE PRÓPRIA OU EPS detectado
2026-03-02 18:20:21,397 - INFO - ⌛ Aguardando confirmação 4 - editar OS...
2026-03-02 18:20:36,852 - INFO - ⌛ Aguardando confirmação 4 - editar OS...
2026-03-02 18:20:52,349 - INFO - ⌛ Aguardando confirmação 4 - editar OS...
2026-03-02 18:21:07,824 - INFO - ⌛ Aguardando confirmação 4 - editar OS...
2026-03-02 18:21:23,250 - INFO - ⌛ Aguardando confirmação 4 - editar OS...
2026-03-02 18:21:38,703 - INFO - ⌛ Aguardando confirmação 4 - editar OS...
2026-03-02 18:21:54,160 - INFO - ⌛ Aguardando confirmação 4 - editar OS...
2026-03-02 18:22:09,623 - INFO - ⌛ Aguardando confirmação 4 - editar OS...
2026-03-02 18:22:25,093 - INFO - ⌛ Aguardando confirmação 4 - editar OS...
2026-03-02 18:22:40,549 - INFO - ⌛ Aguardando confirmação 4 - editar OS...
2026-03-02 18:22:56,027 - INFO - ⌛ Aguardando confirmação 4 - editar OS...
2026-03-02 18:23:11,466 - INFO - ⌛ Aguardando confirmação 4 - editar OS...
2026-03-02 18:23:26,922 - INFO - ⌛ Aguardando confirmação 4 - editar OS...
2026-03-02 18:23:42,436 - INFO - ⌛ Aguardando confirmação 4 - editar OS...
2026-03-02 18:23:57,912 - INFO - ⌛ Aguardando confirmação 4 - editar OS...
2026-03-02 18:24:13,353 - INFO - ⌛ Aguardando confirmação 4 - editar OS...
2026-03-02 18:24:28,807 - INFO - ⌛ Aguardando confirmação 4 - editar OS...
2026-03-02 18:24:44,258 - INFO - ⌛ Aguardando confirmação 4 - editar OS...
2026-03-02 18:24:59,707 - INFO - ⌛ Aguardando confirmação 4 - editar OS...
2026-03-02 18:25:15,211 - INFO - ⌛ Aguardando confirmação 4 - editar OS...
2026-03-02 18:25:30,710 - INFO - ⌛ Aguardando confirmação 4 - editar OS...
2026-03-02 18:25:46,150 - INFO - ⌛ Aguardando confirmação 4 - editar OS...
2026-03-02 18:26:01,593 - INFO - ⌛ Aguardando confirmação 4 - editar OS...
2026-03-02 18:26:17,022 - INFO - ⌛ Aguardando confirmação 4 - editar OS...
2026-03-02 18:26:32,502 - INFO - 🟨 Janela de confirmação 4 de edição de OS detectada
2026-03-02 18:27:03,197 - INFO - ⌛ Aguardando janela de confirmação de programação de OS...
2026-03-02 18:27:23,537 - INFO - 🟨 Janela de confirmação de programação de OS detectada
2026-03-02 18:27:36,908 - INFO - 🟨 Janela de aviso de edição de OS programadas detectada
2026-03-02 18:27:41,189 - INFO - ⌛ aguardando janela de programação de lote de OS...
2026-03-02 18:28:01,748 - INFO - 🟨 Janela de aviso de substituição de lote de OS detectada
2026-03-02 18:28:08,005 - INFO - ⌛ aguardando janela de programação de lote de OS...
2026-03-02 18:28:28,480 - INFO - 🟨 Janela de programação de lote de OS detectada
2026-03-02 18:29:06,051 - INFO - 🟨 Janela de confirmação de programação de lote de OS detectada
2026-03-02 18:29:10,297 - INFO - ⌛ aguardando confirmação final de programação do lote
2026-03-02 18:29:30,771 - INFO - 🟨 programação do lote 3 efetuado com sucesso
2026-03-02 18:29:40,928 - INFO - 
=== Iniciando lote 4/52 [LM] ===
2026-03-02 18:29:47,284 - INFO - Janela de seleção aberta
2026-03-02 18:29:51,539 - INFO - DEBUG: idx=3, inicio=75, fim=100
2026-03-02 18:29:51,539 - INFO - ✅ 25 OS copiadas para a área de transferência.
2026-03-02 18:29:51,539 - INFO - 📋 Lote 4 copiado.
2026-03-02 18:29:59,893 - INFO - ⌛ Esperando mudança visual...
2026-03-02 18:30:00,904 - INFO - ⌛ Esperando mudança visual...
2026-03-02 18:30:01,920 - INFO - ⌛ Esperando mudança visual...
2026-03-02 18:30:02,936 - INFO - ⌛ Esperando mudança visual...
2026-03-02 18:30:03,952 - INFO - ⌛ Esperando mudança visual...
2026-03-02 18:30:04,968 - INFO - ⌛ Esperando mudança visual...
2026-03-02 18:30:05,983 - INFO - ⌛ Esperando mudança visual...
2026-03-02 18:30:06,997 - INFO - ⌛ Esperando mudança visual...
2026-03-02 18:30:08,014 - INFO - ⌛ Esperando mudança visual...
2026-03-02 18:30:09,030 - INFO - ✅ Tela carregada!
2026-03-02 18:30:19,515 - INFO - ⌛ Aguardando janela de confirmação de desbloqueio...
2026-03-02 18:30:34,917 - INFO - 🟨 Registros desbloqueados com sucesso
2026-03-02 18:30:48,417 - INFO - ⌛ Aguardando janela de edição de OS...
2026-03-02 18:31:03,865 - INFO - 🟨 OS programadas detectadas
2026-03-02 18:31:07,017 - INFO - ⌛ Aguardando janela de edição de OS...
2026-03-02 18:31:22,452 - INFO - 🟨 Janela de edição de OS detectada
2026-03-02 18:31:43,819 - INFO - 🟨 Janela de edição de habilidade da turma detectada
2026-03-02 18:33:02,129 - INFO - ⌛ Aguardando detecção do campo de caracteristica 'EQUIPE PRÓPRIA OU EPS' ...
2026-03-02 18:33:21,509 - INFO - 🟨 campo de caracteristica 'EQUIPE PRÓPRIA OU EPS detectado
2026-03-02 18:33:43,307 - INFO - ⌛ Aguardando confirmação 4 - editar OS...
2026-03-02 18:33:58,765 - INFO - ⌛ Aguardando confirmação 4 - editar OS...
2026-03-02 18:34:14,293 - INFO - ⌛ Aguardando confirmação 4 - editar OS...
2026-03-02 18:34:29,871 - INFO - ⌛ Aguardando confirmação 4 - editar OS...
2026-03-02 18:34:45,340 - INFO - ⌛ Aguardando confirmação 4 - editar OS...
2026-03-02 18:35:00,794 - INFO - ⌛ Aguardando confirmação 4 - editar OS...
2026-03-02 18:35:16,307 - INFO - ⌛ Aguardando confirmação 4 - editar OS...
2026-03-02 18:35:31,869 - INFO - 🟨 Janela de confirmação 4 de edição de OS detectada
2026-03-02 18:36:02,629 - INFO - ⌛ Aguardando janela de confirmação de programação de OS...
2026-03-02 18:36:23,035 - INFO - 🟨 Janela de confirmação de programação de OS detectada
2026-03-02 18:36:36,390 - INFO - 🟨 Janela de aviso de edição de OS programadas detectada
2026-03-02 18:36:40,668 - INFO - ⌛ aguardando janela de programação de lote de OS...
2026-03-02 18:37:01,202 - INFO - 🟨 Janela de aviso de substituição de lote de OS detectada
2026-03-02 18:37:07,466 - INFO - ⌛ aguardando janela de programação de lote de OS...
2026-03-02 18:37:27,972 - INFO - 🟨 Janela de programação de lote de OS detectada
2026-03-02 18:38:05,543 - INFO - 🟨 Janela de confirmação de programação de lote de OS detectada
2026-03-02 18:38:09,810 - INFO - ⌛ aguardando confirmação final de programação do lote
2026-03-02 18:38:30,320 - INFO - 🟨 programação do lote 4 efetuado com sucesso
2026-03-02 18:38:40,476 - INFO - 
=== Iniciando lote 5/52 [LM] ===
2026-03-02 18:38:46,835 - INFO - Janela de seleção aberta
2026-03-02 18:38:51,075 - INFO - DEBUG: idx=4, inicio=100, fim=125
2026-03-02 18:38:51,075 - INFO - ✅ 25 OS copiadas para a área de transferência.
2026-03-02 18:38:51,075 - INFO - 📋 Lote 5 copiado.
2026-03-02 18:38:59,418 - INFO - ⌛ Esperando mudança visual...
2026-03-02 18:39:00,439 - INFO - ⌛ Esperando mudança visual...
2026-03-02 18:39:01,450 - INFO - ⌛ Esperando mudança visual...
2026-03-02 18:39:02,466 - INFO - ⌛ Esperando mudança visual...
2026-03-02 18:39:03,482 - INFO - ⌛ Esperando mudança visual...
2026-03-02 18:39:04,497 - INFO - ⌛ Esperando mudança visual...
2026-03-02 18:39:05,513 - INFO - ⌛ Esperando mudança visual...
2026-03-02 18:39:06,528 - INFO - ⌛ Esperando mudança visual...
2026-03-02 18:39:07,544 - INFO - ⌛ Esperando mudança visual...
2026-03-02 18:39:08,547 - INFO - ⌛ Esperando mudança visual...
2026-03-02 18:39:09,559 - INFO - ✅ Tela carregada!
2026-03-02 18:39:20,029 - INFO - ⌛ Aguardando janela de confirmação de desbloqueio...
2026-03-02 18:39:35,444 - INFO - 🟨 Registros desbloqueados com sucesso
2026-03-02 18:39:48,960 - INFO - ⌛ Aguardando janela de edição de OS...
2026-03-02 18:40:04,407 - INFO - 🟨 OS programadas detectadas
2026-03-02 18:40:07,562 - INFO - ⌛ Aguardando janela de edição de OS...
2026-03-02 18:40:22,979 - INFO - 🟨 Janela de edição de OS detectada
2026-03-02 18:40:44,360 - INFO - 🟨 Janela de edição de habilidade da turma detectada
2026-03-02 18:42:02,687 - INFO - ⌛ Aguardando detecção do campo de caracteristica 'EQUIPE PRÓPRIA OU EPS' ...
2026-03-02 18:42:22,039 - INFO - 🟨 campo de caracteristica 'EQUIPE PRÓPRIA OU EPS detectado
2026-03-02 18:42:43,822 - INFO - ⌛ Aguardando confirmação 4 - editar OS...
2026-03-02 18:42:59,273 - INFO - ⌛ Aguardando confirmação 4 - editar OS...
2026-03-02 18:43:14,727 - INFO - ⌛ Aguardando confirmação 4 - editar OS...
2026-03-02 18:43:30,179 - INFO - 🟨 Janela de confirmação 4 de edição de OS detectada
2026-03-02 18:44:00,906 - INFO - ⌛ Aguardando janela de confirmação de programação de OS...
2026-03-02 18:44:21,237 - INFO - 🟨 Janela de confirmação de programação de OS detectada
2026-03-02 18:44:34,604 - INFO - 🟨 Janela de aviso de edição de OS programadas detectada
2026-03-02 18:44:38,863 - INFO - ⌛ aguardando janela de programação de lote de OS...
2026-03-02 18:44:59,375 - INFO - 🟨 Janela de aviso de substituição de lote de OS detectada
2026-03-02 18:45:05,637 - INFO - ⌛ aguardando janela de programação de lote de OS...
2026-03-02 18:45:26,128 - INFO - 🟨 Janela de programação de lote de OS detectada
2026-03-02 18:46:03,694 - INFO - 🟨 Janela de confirmação de programação de lote de OS detectada
2026-03-02 18:46:07,953 - INFO - ⌛ aguardando confirmação final de programação do lote
2026-03-02 18:46:28,483 - INFO - 🟨 programação do lote 5 efetuado com sucesso
2026-03-02 18:46:38,653 - INFO - 
=== Iniciando lote 6/52 [LM] ===
2026-03-02 18:46:45,016 - INFO - Janela de seleção aberta
2026-03-02 18:46:49,264 - INFO - DEBUG: idx=5, inicio=125, fim=150
2026-03-02 18:46:49,264 - INFO - ✅ 25 OS copiadas para a área de transferência.
2026-03-02 18:46:49,264 - INFO - 📋 Lote 6 copiado.
2026-03-02 18:46:57,588 - INFO - ⌛ Esperando mudança visual...
2026-03-02 18:46:58,612 - INFO - ⌛ Esperando mudança visual...
2026-03-02 18:46:59,628 - INFO - ⌛ Esperando mudança visual...
2026-03-02 18:47:00,643 - INFO - ⌛ Esperando mudança visual...
2026-03-02 18:47:01,659 - INFO - ⌛ Esperando mudança visual...
2026-03-02 18:47:02,675 - INFO - ⌛ Esperando mudança visual...
2026-03-02 18:47:03,679 - INFO - ⌛ Esperando mudança visual...
2026-03-02 18:47:04,690 - INFO - ⌛ Esperando mudança visual...
2026-03-02 18:47:05,711 - INFO - ⌛ Esperando mudança visual...
2026-03-02 18:47:06,721 - INFO - ✅ Tela carregada!
2026-03-02 18:47:17,200 - INFO - ⌛ Aguardando janela de confirmação de desbloqueio...
2026-03-02 18:47:32,607 - INFO - 🟨 Registros desbloqueados com sucesso
2026-03-02 18:47:46,128 - INFO - ⌛ Aguardando janela de edição de OS...
2026-03-02 18:48:01,605 - INFO - 🟨 OS programadas detectadas
2026-03-02 18:48:04,760 - INFO - ⌛ Aguardando janela de edição de OS...
2026-03-02 18:48:20,186 - INFO - 🟨 Janela de edição de OS detectada
2026-03-02 18:48:41,555 - INFO - 🟨 Janela de edição de habilidade da turma detectada
2026-03-02 18:49:59,857 - INFO - ⌛ Aguardando detecção do campo de caracteristica 'EQUIPE PRÓPRIA OU EPS' ...
2026-03-02 18:50:19,206 - INFO - 🟨 campo de caracteristica 'EQUIPE PRÓPRIA OU EPS detectado
2026-03-02 18:50:40,981 - INFO - ⌛ Aguardando confirmação 4 - editar OS...
2026-03-02 18:50:56,437 - INFO - ⌛ Aguardando confirmação 4 - editar OS...
2026-03-02 18:51:11,878 - INFO - ⌛ Aguardando confirmação 4 - editar OS...
2026-03-02 18:51:27,336 - INFO - 🟨 Janela de confirmação 4 de edição de OS detectada
2026-03-02 18:51:58,019 - INFO - ⌛ Aguardando janela de confirmação de programação de OS...
2026-03-02 18:52:18,350 - INFO - 🟨 Janela de confirmação de programação de OS detectada
2026-03-02 18:52:31,704 - INFO - 🟨 Janela de aviso de edição de OS programadas detectada
2026-03-02 18:52:35,958 - INFO - ⌛ aguardando janela de programação de lote de OS...
2026-03-02 18:52:56,510 - INFO - 🟨 Janela de aviso de substituição de lote de OS detectada
2026-03-02 18:53:02,783 - INFO - ⌛ aguardando janela de programação de lote de OS...
2026-03-02 18:53:23,321 - INFO - 🟨 Janela de programação de lote de OS detectada
2026-03-02 18:54:00,881 - INFO - 🟨 Janela de confirmação de programação de lote de OS detectada
2026-03-02 18:54:05,122 - INFO - ⌛ aguardando confirmação final de programação do lote
2026-03-02 18:54:25,647 - INFO - 🟨 programação do lote 6 efetuado com sucesso
2026-03-02 18:54:35,797 - INFO - 
=== Iniciando lote 7/52 [LM] ===
2026-03-02 18:54:42,158 - INFO - Janela de seleção aberta
2026-03-02 18:54:46,398 - INFO - DEBUG: idx=6, inicio=150, fim=175
2026-03-02 18:54:46,398 - INFO - ✅ 25 OS copiadas para a área de transferência.
2026-03-02 18:54:46,398 - INFO - 📋 Lote 7 copiado.
2026-03-02 18:54:54,746 - INFO - ⌛ Esperando mudança visual...
2026-03-02 18:54:55,758 - INFO - ⌛ Esperando mudança visual...
2026-03-02 18:54:56,774 - INFO - ⌛ Esperando mudança visual...
2026-03-02 18:54:57,790 - INFO - ⌛ Esperando mudança visual...
2026-03-02 18:54:58,806 - INFO - ⌛ Esperando mudança visual...
2026-03-02 18:54:59,829 - INFO - ⌛ Esperando mudança visual...
2026-03-02 18:55:00,837 - INFO - ⌛ Esperando mudança visual...
2026-03-02 18:55:01,853 - INFO - ⌛ Esperando mudança visual...
2026-03-02 18:55:02,868 - INFO - ⌛ Esperando mudança visual...
2026-03-02 18:55:03,882 - INFO - ⌛ Esperando mudança visual...
2026-03-02 18:55:04,883 - INFO - ✅ Tela carregada!
2026-03-02 18:55:15,367 - INFO - ⌛ Aguardando janela de confirmação de desbloqueio...
2026-03-02 18:55:30,773 - INFO - 🟨 Registros desbloqueados com sucesso
2026-03-02 18:55:44,303 - INFO - ⌛ Aguardando janela de edição de OS...
2026-03-02 18:55:59,753 - INFO - 🟨 OS programadas detectadas
2026-03-02 18:56:02,902 - INFO - ⌛ Aguardando janela de edição de OS...
2026-03-02 18:56:18,351 - INFO - 🟨 Janela de edição de OS detectada
2026-03-02 18:56:39,713 - INFO - 🟨 Janela de edição de habilidade da turma detectada
2026-03-02 18:57:58,035 - INFO - ⌛ Aguardando detecção do campo de caracteristica 'EQUIPE PRÓPRIA OU EPS' ...
2026-03-02 18:58:17,400 - INFO - 🟨 campo de caracteristica 'EQUIPE PRÓPRIA OU EPS detectado
2026-03-02 18:58:39,188 - INFO - ⌛ Aguardando confirmação 4 - editar OS...
2026-03-02 18:58:54,630 - INFO - ⌛ Aguardando confirmação 4 - editar OS...
2026-03-02 18:59:10,063 - INFO - 🟨 Janela de confirmação 4 de edição de OS detectada
2026-03-02 18:59:40,756 - INFO - ⌛ Aguardando janela de confirmação de programação de OS...
2026-03-02 19:00:01,096 - INFO - 🟨 Janela de confirmação de programação de OS detectada
2026-03-02 19:00:14,442 - INFO - 🟨 Janela de aviso de edição de OS programadas detectada
2026-03-02 19:00:18,705 - INFO - ⌛ aguardando janela de programação de lote de OS...
2026-03-02 19:00:39,245 - INFO - 🟨 Janela de aviso de substituição de lote de OS detectada
2026-03-02 19:00:45,508 - INFO - ⌛ aguardando janela de programação de lote de OS...
2026-03-02 19:01:06,018 - INFO - 🟨 Janela de programação de lote de OS detectada
2026-03-02 19:01:43,573 - INFO - 🟨 Janela de confirmação de programação de lote de OS detectada
2026-03-02 19:01:47,842 - INFO - ⌛ aguardando confirmação final de programação do lote
2026-03-02 19:02:08,297 - INFO - ⌛ aguardando confirmação final de programação do lote
2026-03-02 19:02:28,796 - INFO - 🟨 programação do lote 7 efetuado com sucesso
2026-03-02 19:02:38,957 - INFO - 
=== Iniciando lote 8/52 [LM] ===
2026-03-02 19:02:45,308 - INFO - Janela de seleção aberta
2026-03-02 19:02:49,542 - INFO - DEBUG: idx=7, inicio=175, fim=200
2026-03-02 19:02:49,542 - INFO - ✅ 25 OS copiadas para a área de transferência.
2026-03-02 19:02:49,542 - INFO - 📋 Lote 8 copiado.
2026-03-02 19:02:57,879 - INFO - ⌛ Esperando mudança visual...
2026-03-02 19:02:58,889 - INFO - ⌛ Esperando mudança visual...
2026-03-02 19:02:59,899 - INFO - ⌛ Esperando mudança visual...
2026-03-02 19:03:00,914 - INFO - ⌛ Esperando mudança visual...
2026-03-02 19:03:01,932 - INFO - ⌛ Esperando mudança visual...
2026-03-02 19:03:02,946 - INFO - ⌛ Esperando mudança visual...
2026-03-02 19:03:03,962 - INFO - ⌛ Esperando mudança visual...
2026-03-02 19:03:04,977 - INFO - ⌛ Esperando mudança visual...
2026-03-02 19:03:05,994 - INFO - ⌛ Esperando mudança visual...
2026-03-02 19:03:07,009 - INFO - ⌛ Esperando mudança visual...
2026-03-02 19:03:08,027 - INFO - ✅ Tela carregada!
2026-03-02 19:03:18,500 - INFO - ⌛ Aguardando janela de confirmação de desbloqueio...
2026-03-02 19:03:33,929 - INFO - 🟨 Registros desbloqueados com sucesso
2026-03-02 19:03:47,443 - INFO - ⌛ Aguardando janela de edição de OS...
2026-03-02 19:04:02,885 - INFO - 🟨 OS programadas detectadas
2026-03-02 19:04:06,051 - INFO - ⌛ Aguardando janela de edição de OS...
2026-03-02 19:04:21,516 - INFO - 🟨 Janela de edição de OS detectada
2026-03-02 19:04:42,870 - INFO - 🟨 Janela de edição de habilidade da turma detectada
2026-03-02 19:06:01,173 - INFO - ⌛ Aguardando detecção do campo de caracteristica 'EQUIPE PRÓPRIA OU EPS' ...
2026-03-02 19:06:20,531 - INFO - 🟨 campo de caracteristica 'EQUIPE PRÓPRIA OU EPS detectado
2026-03-02 19:06:42,376 - INFO - ⌛ Aguardando confirmação 4 - editar OS...
2026-03-02 19:06:57,816 - INFO - ⌛ Aguardando confirmação 4 - editar OS...
2026-03-02 19:07:13,378 - INFO - ⌛ Aguardando confirmação 4 - editar OS...
2026-03-02 19:07:28,887 - INFO - 🟨 Janela de confirmação 4 de edição de OS detectada
2026-03-02 19:07:59,613 - INFO - ⌛ Aguardando janela de confirmação de programação de OS...
2026-03-02 19:08:19,947 - INFO - 🟨 Janela de confirmação de programação de OS detectada
2026-03-02 19:08:33,301 - INFO - 🟨 Janela de aviso de edição de OS programadas detectada
2026-03-02 19:08:37,565 - INFO - ⌛ aguardando janela de programação de lote de OS...
2026-03-02 19:08:58,102 - INFO - 🟨 Janela de aviso de substituição de lote de OS detectada
2026-03-02 19:09:04,369 - INFO - ⌛ aguardando janela de programação de lote de OS...
2026-03-02 19:09:24,923 - INFO - ⌛ aguardando janela de programação de lote de OS...
2026-03-02 19:09:45,421 - INFO - 🟨 Janela de programação de lote de OS detectada
2026-03-02 19:10:23,080 - INFO - 🟨 Janela de confirmação de programação de lote de OS detectada
2026-03-02 19:10:27,329 - INFO - ⌛ aguardando confirmação final de programação do lote
2026-03-02 19:10:47,835 - INFO - 🟨 programação do lote 8 efetuado com sucesso
2026-03-02 19:10:58,004 - INFO - 
=== Iniciando lote 9/52 [LM] ===
2026-03-02 19:11:04,352 - INFO - Janela de seleção aberta
2026-03-02 19:11:08,600 - INFO - DEBUG: idx=8, inicio=200, fim=225
2026-03-02 19:11:08,600 - INFO - ✅ 25 OS copiadas para a área de transferência.
2026-03-02 19:11:08,600 - INFO - 📋 Lote 9 copiado.
2026-03-02 19:11:16,923 - INFO - ⌛ Esperando mudança visual...
2026-03-02 19:11:17,943 - INFO - ⌛ Esperando mudança visual...
2026-03-02 19:11:18,959 - INFO - ⌛ Esperando mudança visual...
2026-03-02 19:11:19,975 - INFO - ⌛ Esperando mudança visual...
2026-03-02 19:11:20,990 - INFO - ⌛ Esperando mudança visual...
2026-03-02 19:11:22,005 - INFO - ⌛ Esperando mudança visual...
2026-03-02 19:11:23,021 - INFO - ⌛ Esperando mudança visual...
2026-03-02 19:11:24,037 - INFO - ⌛ Esperando mudança visual...
2026-03-02 19:11:25,053 - INFO - ⌛ Esperando mudança visual...
2026-03-02 19:11:26,068 - INFO - ⌛ Esperando mudança visual...
2026-03-02 19:11:27,070 - INFO - ✅ Tela carregada!
2026-03-02 19:11:37,537 - INFO - ⌛ Aguardando janela de confirmação de desbloqueio...
2026-03-02 19:11:52,934 - INFO - ⌛ Aguardando janela de confirmação de desbloqueio...
2026-03-02 19:12:08,313 - INFO - ⌛ Aguardando janela de confirmação de desbloqueio...
2026-03-02 19:12:23,690 - INFO - ⌛ Aguardando janela de confirmação de desbloqueio...
2026-03-02 19:12:39,113 - INFO - ⌛ Aguardando janela de confirmação de desbloqueio...
2026-03-02 19:12:54,511 - INFO - ⌛ Aguardando janela de confirmação de desbloqueio...
2026-03-02 19:13:09,901 - INFO - ⌛ Aguardando janela de confirmação de desbloqueio...
2026-03-02 19:13:25,313 - INFO - ⌛ Aguardando janela de confirmação de desbloqueio...
2026-03-02 19:13:40,767 - INFO - ⌛ Aguardando janela de confirmação de desbloqueio...
2026-03-02 19:13:56,178 - INFO - ⌛ Aguardando janela de confirmação de desbloqueio...
2026-03-02 19:14:11,583 - INFO - ⌛ Aguardando janela de confirmação de desbloqueio...
2026-03-02 19:14:26,949 - INFO - ⌛ Aguardando janela de confirmação de desbloqueio...
2026-03-02 19:14:42,328 - INFO - 🟨 Registros desbloqueados com sucesso
2026-03-02 19:14:55,854 - INFO - ⌛ Aguardando janela de edição de OS...
2026-03-02 19:15:11,308 - INFO - 🟨 OS programadas detectadas
2026-03-02 19:15:14,470 - INFO - ⌛ Aguardando janela de edição de OS...
2026-03-02 19:15:29,900 - INFO - 🟨 Janela de edição de OS detectada
2026-03-02 19:15:51,254 - INFO - 🟨 Janela de edição de habilidade da turma detectada
2026-03-02 19:17:09,583 - INFO - ⌛ Aguardando detecção do campo de caracteristica 'EQUIPE PRÓPRIA OU EPS' ...
2026-03-02 19:17:28,926 - INFO - 🟨 campo de caracteristica 'EQUIPE PRÓPRIA OU EPS detectado
2026-03-02 19:17:50,713 - INFO - ⌛ Aguardando confirmação 4 - editar OS...
2026-03-02 19:18:06,185 - INFO - ⌛ Aguardando confirmação 4 - editar OS...
2026-03-02 19:18:21,693 - INFO - 🟨 Janela de confirmação 4 de edição de OS detectada
2026-03-02 19:18:52,412 - INFO - ⌛ Aguardando janela de confirmação de programação de OS...
2026-03-02 19:19:12,778 - INFO - 🟨 Janela de confirmação de programação de OS detectada
2026-03-02 19:19:26,241 - INFO - 🟨 Janela de aviso de edição de OS programadas detectada
2026-03-02 19:19:30,508 - INFO - ⌛ aguardando janela de programação de lote de OS...
2026-03-02 19:19:51,126 - INFO - 🟨 Janela de aviso de substituição de lote de OS detectada
2026-03-02 19:19:57,403 - INFO - ⌛ aguardando janela de programação de lote de OS...
2026-03-02 19:20:17,984 - INFO - ⌛ aguardando janela de programação de lote de OS...
2026-03-02 19:20:38,600 - INFO - ⌛ aguardando janela de programação de lote de OS...
2026-03-02 19:20:59,181 - INFO - ⌛ aguardando janela de programação de lote de OS...
2026-03-02 19:21:19,733 - INFO - ⌛ aguardando janela de programação de lote de OS...
2026-03-02 19:21:40,334 - INFO - ⌛ aguardando janela de programação de lote de OS...
2026-03-02 19:22:00,903 - INFO - ⌛ aguardando janela de programação de lote de OS...
2026-03-02 19:22:21,494 - INFO - ⌛ aguardando janela de programação de lote de OS...
2026-03-02 19:22:42,076 - INFO - ⌛ aguardando janela de programação de lote de OS...
2026-03-02 19:23:02,650 - INFO - ⌛ aguardando janela de programação de lote de OS...
2026-03-02 19:23:23,292 - INFO - ⌛ aguardando janela de programação de lote de OS...
2026-03-02 19:23:43,953 - INFO - ⌛ aguardando janela de programação de lote de OS...
2026-03-02 19:24:04,491 - INFO - 🟨 Janela de programação de lote de OS detectada
2026-03-02 19:24:42,071 - INFO - 🟨 Janela de confirmação de programação de lote de OS detectada
2026-03-02 19:24:46,356 - INFO - ⌛ aguardando confirmação final de programação do lote
2026-03-02 19:25:06,863 - INFO - ⌛ aguardando confirmação final de programação do lote
2026-03-02 19:25:27,446 - INFO - 🟨 programação do lote 9 efetuado com sucesso
2026-03-02 19:25:37,621 - INFO - 
=== Iniciando lote 10/52 [LM] ===
2026-03-02 19:25:43,976 - INFO - Janela de seleção aberta
2026-03-02 19:25:48,198 - INFO - DEBUG: idx=9, inicio=225, fim=250
2026-03-02 19:25:48,198 - INFO - ✅ 25 OS copiadas para a área de transferência.
2026-03-02 19:25:48,198 - INFO - 📋 Lote 10 copiado.
2026-03-02 19:25:56,525 - INFO - ⌛ Esperando mudança visual...
2026-03-02 19:25:57,548 - INFO - ⌛ Esperando mudança visual...
2026-03-02 19:25:58,565 - INFO - ⌛ Esperando mudança visual...
2026-03-02 19:25:59,577 - INFO - ⌛ Esperando mudança visual...
2026-03-02 19:26:00,593 - INFO - ⌛ Esperando mudança visual...
2026-03-02 19:26:01,609 - INFO - ⌛ Esperando mudança visual...
2026-03-02 19:26:02,624 - INFO - ⌛ Esperando mudança visual...
2026-03-02 19:26:03,640 - INFO - ⌛ Esperando mudança visual...
2026-03-02 19:26:04,656 - INFO - ⌛ Esperando mudança visual...
2026-03-02 19:26:05,672 - INFO - ⌛ Esperando mudança visual...
2026-03-02 19:26:06,687 - INFO - ✅ Tela carregada!
2026-03-02 19:26:17,152 - INFO - ⌛ Aguardando janela de confirmação de desbloqueio...
2026-03-02 19:26:32,618 - INFO - 🟨 Registros desbloqueados com sucesso
2026-03-02 19:26:46,162 - INFO - ⌛ Aguardando janela de edição de OS...
2026-03-02 19:27:01,629 - INFO - 🟨 OS programadas detectadas
2026-03-02 19:27:04,796 - INFO - ⌛ Aguardando janela de edição de OS...
2026-03-02 19:27:20,252 - INFO - 🟨 Janela de edição de OS detectada
2026-03-02 19:27:41,623 - INFO - 🟨 Janela de edição de habilidade da turma detectada
2026-03-02 19:28:59,928 - INFO - ⌛ Aguardando detecção do campo de caracteristica 'EQUIPE PRÓPRIA OU EPS' ...
2026-03-02 19:29:19,292 - INFO - 🟨 campo de caracteristica 'EQUIPE PRÓPRIA OU EPS detectado
2026-03-02 19:29:41,086 - INFO - ⌛ Aguardando confirmação 4 - editar OS...
2026-03-02 19:29:56,524 - INFO - ⌛ Aguardando confirmação 4 - editar OS...
2026-03-02 19:30:12,025 - INFO - ⌛ Aguardando confirmação 4 - editar OS...
2026-03-02 19:30:27,468 - INFO - 🟨 Janela de confirmação 4 de edição de OS detectada
2026-03-02 19:30:58,143 - INFO - ⌛ Aguardando janela de confirmação de programação de OS...
2026-03-02 19:31:18,470 - INFO - 🟨 Janela de confirmação de programação de OS detectada
2026-03-02 19:31:31,869 - INFO - 🟨 Janela de aviso de edição de OS programadas detectada
2026-03-02 19:31:36,146 - INFO - ⌛ aguardando janela de programação de lote de OS...
2026-03-02 19:31:56,746 - INFO - 🟨 Janela de aviso de substituição de lote de OS detectada
2026-03-02 19:32:02,998 - INFO - ⌛ aguardando janela de programação de lote de OS...
2026-03-02 19:32:23,509 - INFO - 🟨 Janela de programação de lote de OS detectada
2026-03-02 19:33:01,083 - INFO - 🟨 Janela de confirmação de programação de lote de OS detectada
2026-03-02 19:33:05,350 - INFO - ⌛ aguardando confirmação final de programação do lote
2026-03-02 19:33:25,816 - INFO - ⌛ aguardando confirmação final de programação do lote
2026-03-02 19:33:26,099 - INFO - 🟨 Identificado falha no EQM
2026-03-02 19:33:41,345 - INFO - ⌛ aguardando janela de confirmação de programação de lote de OS...
2026-03-02 19:34:01,778 - INFO - ⌛ aguardando janela de confirmação de programação de lote de OS...
2026-03-02 19:34:22,207 - INFO - ⌛ aguardando janela de confirmação de programação de lote de OS...
2026-03-02 19:34:42,658 - INFO - ⌛ aguardando janela de confirmação de programação de lote de OS...
2026-03-02 19:35:03,101 - INFO - ⌛ aguardando janela de confirmação de programação de lote de OS...
2026-03-02 19:35:23,523 - INFO - ⌛ aguardando janela de confirmação de programação de lote de OS...
2026-03-02 19:35:43,974 - INFO - ⌛ aguardando janela de confirmação de programação de lote de OS...
2026-03-02 19:36:04,412 - INFO - ⌛ aguardando janela de confirmação de programação de lote de OS...
2026-03-02 19:36:24,857 - INFO - ⌛ aguardando janela de confirmação de programação de lote de OS...
2026-03-02 19:36:45,305 - INFO - ⌛ aguardando janela de confirmação de programação de lote de OS...
2026-03-02 19:37:05,749 - INFO - ⌛ aguardando janela de confirmação de programação de lote de OS...
2026-03-02 19:37:26,198 - INFO - ⌛ aguardando janela de confirmação de programação de lote de OS...
2026-03-02 19:37:46,674 - INFO - ⌛ aguardando janela de confirmação de programação de lote de OS...
2026-03-02 19:38:07,112 - INFO - ⌛ aguardando janela de confirmação de programação de lote de OS...
2026-03-02 19:38:27,615 - INFO - ⌛ aguardando janela de confirmação de programação de lote de OS...
2026-03-02 19:38:48,056 - INFO - ⌛ aguardando janela de confirmação de programação de lote de OS...
2026-03-02 19:39:08,501 - INFO - ⌛ aguardando janela de confirmação de programação de lote de OS...
2026-03-02 19:39:28,943 - INFO - ⌛ aguardando janela de confirmação de programação de lote de OS...
2026-03-02 19:39:49,462 - INFO - ⌛ aguardando janela de confirmação de programação de lote de OS...
2026-03-02 19:40:09,933 - INFO - ⌛ aguardando janela de confirmação de programação de lote de OS...
2026-03-02 19:40:30,381 - INFO - ⌛ aguardando janela de confirmação de programação de lote de OS...
2026-03-02 19:40:50,816 - INFO - ⌛ aguardando janela de confirmação de programação de lote de OS...
2026-03-02 19:41:11,258 - INFO - ⌛ aguardando janela de confirmação de programação de lote de OS...
2026-03-02 19:41:31,711 - INFO - ⌛ aguardando janela de confirmação de programação de lote de OS...
2026-03-02 19:41:52,152 - INFO - ⌛ aguardando janela de confirmação de programação de lote de OS...
2026-03-02 19:42:12,590 - INFO - ⌛ aguardando janela de confirmação de programação de lote de OS...
2026-03-02 19:42:33,015 - INFO - ⌛ aguardando janela de confirmação de programação de lote de OS...
2026-03-02 19:42:53,455 - INFO - ⌛ aguardando janela de confirmação de programação de lote de OS...
2026-03-02 19:43:13,905 - INFO - ⌛ aguardando janela de confirmação de programação de lote de OS...
2026-03-02 19:43:34,340 - INFO - ⌛ aguardando janela de confirmação de programação de lote de OS...
2026-03-02 19:43:54,763 - INFO - ⌛ aguardando janela de confirmação de programação de lote de OS...
2026-03-02 19:44:15,216 - INFO - ⌛ aguardando janela de confirmação de programação de lote de OS...
2026-03-02 19:44:35,660 - INFO - ⌛ aguardando janela de confirmação de programação de lote de OS...
2026-03-02 19:44:56,082 - INFO - ⌛ aguardando janela de confirmação de programação de lote de OS...
2026-03-02 19:45:16,524 - INFO - ⌛ aguardando janela de confirmação de programação de lote de OS...
2026-03-02 19:45:36,964 - INFO - ⌛ aguardando janela de confirmação de programação de lote de OS...
2026-03-02 19:45:57,408 - INFO - ⌛ aguardando janela de confirmação de programação de lote de OS...
2026-03-02 19:46:17,841 - INFO - ⌛ aguardando janela de confirmação de programação de lote de OS...
2026-03-02 19:46:38,287 - INFO - ⌛ aguardando janela de confirmação de programação de lote de OS...
2026-03-02 19:46:58,727 - INFO - ⌛ aguardando janela de confirmação de programação de lote de OS...
2026-03-02 19:47:19,180 - INFO - ⌛ aguardando janela de confirmação de programação de lote de OS...
2026-03-02 19:47:39,612 - INFO - ⌛ aguardando janela de confirmação de programação de lote de OS...
2026-03-02 19:48:00,051 - INFO - ⌛ aguardando janela de confirmação de programação de lote de OS...
2026-03-02 19:48:20,487 - INFO - ⌛ aguardando janela de confirmação de programação de lote de OS...
2026-03-02 19:48:40,910 - INFO - ⌛ aguardando janela de confirmação de programação de lote de OS...
2026-03-02 19:49:01,337 - INFO - ⌛ aguardando janela de confirmação de programação de lote de OS...
2026-03-02 19:49:21,791 - INFO - ⌛ aguardando janela de confirmação de programação de lote de OS...
2026-03-02 19:49:42,218 - INFO - ⌛ aguardando janela de confirmação de programação de lote de OS...
2026-03-02 19:50:02,656 - INFO - ⌛ aguardando janela de confirmação de programação de lote de OS...
2026-03-02 19:50:23,114 - INFO - ⌛ aguardando janela de confirmação de programação de lote de OS...
2026-03-02 19:50:43,536 - INFO - ⌛ aguardando janela de confirmação de programação de lote de OS...
2026-03-02 19:51:03,992 - INFO - ⌛ aguardando janela de confirmação de programação de lote de OS...
2026-03-02 19:51:24,440 - INFO - ⌛ aguardando janela de confirmação de programação de lote de OS...
2026-03-02 19:51:44,885 - INFO - ⌛ aguardando janela de confirmação de programação de lote de OS...
2026-03-02 19:52:05,312 - INFO - ⌛ aguardando janela de confirmação de programação de lote de OS...
2026-03-02 19:52:25,778 - INFO - ⌛ aguardando janela de confirmação de programação de lote de OS...
2026-03-02 19:52:46,225 - INFO - ⌛ aguardando janela de confirmação de programação de lote de OS...
2026-03-02 19:53:06,687 - INFO - ⌛ aguardando janela de confirmação de programação de lote de OS...
2026-03-02 19:53:27,146 - INFO - ⌛ aguardando janela de confirmação de programação de lote de OS...
2026-03-02 19:53:47,663 - INFO - verificando janela oculta
2026-03-02 19:54:08,119 - INFO - ⏱️ Tempo limite atingido. Abortando seleção
