2025-12-02 11:46:10,710 - INFO - Data hoje: 02/12/2025
2025-12-02 11:46:10,710 - INFO - Data de referência: 31/12/2025
2025-12-02 11:46:14,988 - INFO - 
Qtde LINHA VIVA: 1255
2025-12-02 11:46:14,988 - INFO - Qtde LINHA MORTA/PESADA/FAIXA: 684
2025-12-02 11:46:15,766 - INFO - 
Arquivo gerado: C:\Users\U469784\venvs\py311\bot_programacao\EXCEL\pendentes_20251202.xlsx
2025-12-02 11:46:15,988 - INFO - 
 Qtd de lotes de LM: 46
2025-12-02 11:46:15,989 - INFO - 
 Qtd de lotes de LV: 84
2025-12-02 11:46:15,989 - INFO - 
=== Iniciando lote 1/46 [LM] ===
2025-12-02 11:46:22,384 - INFO - Janela de seleção aberta
2025-12-02 11:46:26,629 - INFO - DEBUG: idx=0, inicio=0, fim=15
2025-12-02 11:46:26,629 - INFO - ✅ 15 OS copiadas para a área de transferência.
2025-12-02 11:46:26,629 - INFO - 📋 Lote 1 copiado.
2025-12-02 11:46:34,949 - INFO - ⌛ Esperando mudança visual...
2025-12-02 11:46:35,967 - INFO - ⌛ Esperando mudança visual...
2025-12-02 11:46:36,982 - INFO - ⌛ Esperando mudança visual...
2025-12-02 11:46:38,002 - INFO - ⌛ Esperando mudança visual...
2025-12-02 11:46:39,015 - INFO - ⌛ Esperando mudança visual...
2025-12-02 11:46:40,041 - INFO - ⌛ Esperando mudança visual...
2025-12-02 11:46:41,046 - INFO - ⌛ Esperando mudança visual...
2025-12-02 11:46:42,060 - INFO - ⌛ Esperando mudança visual...
2025-12-02 11:46:43,068 - INFO - ⌛ Esperando mudança visual...
2025-12-02 11:46:44,076 - INFO - ⌛ Esperando mudança visual...
2025-12-02 11:46:45,092 - INFO - ⌛ Esperando mudança visual...
2025-12-02 11:46:46,109 - INFO - ⌛ Esperando mudança visual...
2025-12-02 11:46:47,124 - INFO - ⌛ Esperando mudança visual...
2025-12-02 11:46:48,139 - INFO - ⌛ Esperando mudança visual...
2025-12-02 11:46:49,154 - INFO - ⌛ Esperando mudança visual...
2025-12-02 11:46:50,170 - INFO - ⌛ Esperando mudança visual...
2025-12-02 11:46:51,185 - INFO - ⌛ Esperando mudança visual...
2025-12-02 11:46:52,206 - INFO - ⌛ Esperando mudança visual...
2025-12-02 11:46:53,216 - INFO - ✅ Tela carregada!
2025-12-02 11:47:03,713 - INFO - ⌛ Aguardando janela de confirmação de desbloqueio...
2025-12-02 11:47:24,018 - INFO - 🟨 Registros desbloqueados com sucesso
2025-12-02 11:47:37,571 - INFO - ⌛ Aguardando janela de edição de OS...
2025-12-02 11:47:57,907 - INFO - 🟨 OS programadas detectadas
2025-12-02 11:48:01,069 - INFO - ⌛ Aguardando janela de edição de OS...
2025-12-02 11:48:21,433 - INFO - 🟨 Janela de edição de OS detectada
2025-12-02 11:48:42,808 - INFO - 🟨 Janela de edição de habilidade da turma detectada
2025-12-02 11:49:28,121 - INFO - ⌛ Aguardando detecção do campo de caracteristica 'EQUIPE PRÓPRIA OU EPS' ...
2025-12-02 11:49:48,283 - INFO - ⌛ Aguardando detecção do campo de caracteristica 'EQUIPE PRÓPRIA OU EPS' ...
2025-12-02 11:50:08,457 - INFO - ⌛ Aguardando detecção do campo de caracteristica 'EQUIPE PRÓPRIA OU EPS' ...
2025-12-02 11:50:28,612 - INFO - 🟨 campo de caracteristica 'EQUIPE PRÓPRIA OU EPS detectado
2025-12-02 11:50:50,356 - INFO - ⌛ Aguardando confirmação 4 - editar OS...
2025-12-02 11:51:10,668 - INFO - ⌛ Aguardando confirmação 4 - editar OS...
2025-12-02 11:52:11,640 - INFO - ⌛ Aguardando janela de confirmação de programação de OS...
2025-12-02 11:52:31,932 - INFO - 🟨 Janela de confirmação de programação de OS detectada
2025-12-02 11:52:35,258 - INFO - ⌛ aguardando janela de programação de lote de OS...
2025-12-02 11:52:55,635 - INFO - 🟨 Janela de aviso de edição de OS programadas detectada
2025-12-02 11:52:59,887 - INFO - ⌛ aguardando janela de programação de lote de OS...
2025-12-02 11:53:20,249 - INFO - 🟨 Janela de aviso de substituição de lote de OS detectada
2025-12-02 11:53:26,526 - INFO - ⌛ aguardando janela de programação de lote de OS...
2025-12-02 11:53:46,904 - INFO - 🟨 Janela de programação de lote de OS detectada
2025-12-02 11:54:14,338 - INFO - ⌛ aguardando janela de confirmação de programação de lote de OS...
2025-12-02 11:54:34,598 - INFO - 🟨 Janela de confirmação de programação de lote de OS detectada
2025-12-02 11:54:38,871 - INFO - ⌛ aguardando confirmação final de programação do lote
2025-12-02 11:54:59,230 - INFO - 🟨 programação do lote 1 efetuado com sucesso
2025-12-02 11:55:12,401 - INFO - 
=== Iniciando lote 2/46 [LM] ===
2025-12-02 11:55:18,761 - INFO - Janela de seleção aberta
2025-12-02 11:55:22,993 - INFO - DEBUG: idx=1, inicio=15, fim=30
2025-12-02 11:55:22,993 - INFO - ✅ 15 OS copiadas para a área de transferência.
2025-12-02 11:55:22,993 - INFO - 📋 Lote 2 copiado.
2025-12-02 11:55:31,320 - INFO - ⌛ Esperando mudança visual...
2025-12-02 11:55:32,353 - INFO - ⌛ Esperando mudança visual...
2025-12-02 11:55:33,374 - INFO - ⌛ Esperando mudança visual...
2025-12-02 11:55:34,384 - INFO - ⌛ Esperando mudança visual...
2025-12-02 11:55:35,402 - INFO - ⌛ Esperando mudança visual...
2025-12-02 11:55:36,420 - INFO - ⌛ Esperando mudança visual...
2025-12-02 11:55:37,435 - INFO - ⌛ Esperando mudança visual...
2025-12-02 11:55:38,450 - INFO - ⌛ Esperando mudança visual...
2025-12-02 11:55:39,465 - INFO - ⌛ Esperando mudança visual...
2025-12-02 11:55:40,479 - INFO - ⌛ Esperando mudança visual...
2025-12-02 11:55:41,494 - INFO - ⌛ Esperando mudança visual...
2025-12-02 11:55:42,510 - INFO - ⌛ Esperando mudança visual...
2025-12-02 11:55:43,518 - INFO - ⌛ Esperando mudança visual...
2025-12-02 11:55:44,534 - INFO - ⌛ Esperando mudança visual...
2025-12-02 11:55:45,542 - INFO - ⌛ Esperando mudança visual...
2025-12-02 11:55:46,562 - INFO - ⌛ Esperando mudança visual...
2025-12-02 11:55:47,568 - INFO - ✅ Tela carregada!
2025-12-02 11:55:58,045 - INFO - ⌛ Aguardando janela de confirmação de desbloqueio...
2025-12-02 11:56:18,373 - INFO - 🟨 Registros desbloqueados com sucesso
2025-12-02 11:56:31,967 - INFO - ⌛ Aguardando janela de edição de OS...
2025-12-02 11:56:52,322 - INFO - 🟨 OS programadas detectadas
2025-12-02 11:56:55,494 - INFO - ⌛ Aguardando janela de edição de OS...
2025-12-02 11:57:15,904 - INFO - 🟨 Janela de edição de OS detectada
2025-12-02 11:57:37,263 - INFO - 🟨 Janela de edição de habilidade da turma detectada
2025-12-02 11:58:22,568 - INFO - ⌛ Aguardando detecção do campo de caracteristica 'EQUIPE PRÓPRIA OU EPS' ...
2025-12-02 11:58:42,725 - INFO - ⌛ Aguardando detecção do campo de caracteristica 'EQUIPE PRÓPRIA OU EPS' ...
2025-12-02 11:59:02,880 - INFO - ⌛ Aguardando detecção do campo de caracteristica 'EQUIPE PRÓPRIA OU EPS' ...
2025-12-02 11:59:23,043 - INFO - 🟨 campo de caracteristica 'EQUIPE PRÓPRIA OU EPS detectado
2025-12-02 11:59:44,803 - INFO - ⌛ Aguardando confirmação 4 - editar OS...
2025-12-02 12:00:05,147 - INFO - ⌛ Aguardando confirmação 4 - editar OS...
2025-12-02 12:01:06,108 - INFO - ⌛ Aguardando janela de confirmação de programação de OS...
2025-12-02 12:01:26,387 - INFO - 🟨 Janela de confirmação de programação de OS detectada
2025-12-02 12:01:29,703 - INFO - ⌛ aguardando janela de programação de lote de OS...
2025-12-02 12:01:50,079 - INFO - 🟨 Janela de aviso de edição de OS programadas detectada
2025-12-02 12:01:54,340 - INFO - ⌛ aguardando janela de programação de lote de OS...
2025-12-02 12:02:14,773 - INFO - 🟨 Janela de aviso de substituição de lote de OS detectada
2025-12-02 12:02:21,043 - INFO - ⌛ aguardando janela de programação de lote de OS...
2025-12-02 12:02:41,436 - INFO - 🟨 Janela de programação de lote de OS detectada
2025-12-02 12:03:08,910 - INFO - ⌛ aguardando janela de confirmação de programação de lote de OS...
2025-12-02 12:03:29,213 - INFO - 🟨 Janela de confirmação de programação de lote de OS detectada
2025-12-02 12:03:33,509 - INFO - ⌛ aguardando confirmação final de programação do lote
2025-12-02 12:03:53,855 - INFO - 🟨 programação do lote 2 efetuado com sucesso
2025-12-02 12:04:07,009 - INFO - 
=== Iniciando lote 3/46 [LM] ===
2025-12-02 12:04:13,367 - INFO - Janela de seleção aberta
2025-12-02 12:04:17,602 - INFO - DEBUG: idx=2, inicio=30, fim=45
2025-12-02 12:04:17,602 - INFO - ✅ 15 OS copiadas para a área de transferência.
2025-12-02 12:04:17,602 - INFO - 📋 Lote 3 copiado.
2025-12-02 12:04:25,931 - INFO - ⌛ Esperando mudança visual...
2025-12-02 12:04:26,946 - INFO - ⌛ Esperando mudança visual...
2025-12-02 12:04:27,962 - INFO - ⌛ Esperando mudança visual...
2025-12-02 12:04:28,974 - INFO - ⌛ Esperando mudança visual...
2025-12-02 12:04:29,991 - INFO - ⌛ Esperando mudança visual...
2025-12-02 12:04:31,006 - INFO - ⌛ Esperando mudança visual...
2025-12-02 12:04:32,024 - INFO - ⌛ Esperando mudança visual...
2025-12-02 12:04:33,037 - INFO - ⌛ Esperando mudança visual...
2025-12-02 12:04:34,045 - INFO - ⌛ Esperando mudança visual...
2025-12-02 12:04:35,053 - INFO - ⌛ Esperando mudança visual...
2025-12-02 12:04:36,060 - INFO - ⌛ Esperando mudança visual...
2025-12-02 12:04:37,084 - INFO - ⌛ Esperando mudança visual...
2025-12-02 12:04:38,089 - INFO - ⌛ Esperando mudança visual...
2025-12-02 12:04:39,100 - INFO - ⌛ Esperando mudança visual...
2025-12-02 12:04:40,116 - INFO - ✅ Tela carregada!
2025-12-02 12:04:50,594 - INFO - ⌛ Aguardando janela de confirmação de desbloqueio...
2025-12-02 12:05:10,909 - INFO - 🟨 Registros desbloqueados com sucesso
2025-12-02 12:05:24,499 - INFO - 🟨 OS programadas detectadas
2025-12-02 12:05:27,673 - INFO - ⌛ Aguardando janela de edição de OS...
2025-12-02 12:05:48,010 - INFO - 🟨 Janela de edição de OS detectada
2025-12-02 12:06:09,388 - INFO - 🟨 Janela de edição de habilidade da turma detectada
2025-12-02 12:06:54,688 - INFO - ⌛ Aguardando detecção do campo de caracteristica 'EQUIPE PRÓPRIA OU EPS' ...
2025-12-02 12:07:14,865 - INFO - ⌛ Aguardando detecção do campo de caracteristica 'EQUIPE PRÓPRIA OU EPS' ...
2025-12-02 12:07:35,067 - INFO - ⌛ Aguardando detecção do campo de caracteristica 'EQUIPE PRÓPRIA OU EPS' ...
2025-12-02 12:07:55,224 - INFO - 🟨 campo de caracteristica 'EQUIPE PRÓPRIA OU EPS detectado
2025-12-02 12:08:16,966 - INFO - ⌛ Aguardando confirmação 4 - editar OS...
2025-12-02 12:08:37,265 - INFO - ⌛ Aguardando confirmação 4 - editar OS...
2025-12-02 12:09:38,153 - INFO - ⌛ Aguardando janela de confirmação de programação de OS...
2025-12-02 12:09:58,436 - INFO - 🟨 Janela de confirmação de programação de OS detectada
2025-12-02 12:10:01,817 - INFO - 🟨 Janela de aviso de edição de OS programadas detectada
2025-12-02 12:10:06,075 - INFO - ⌛ aguardando janela de programação de lote de OS...
2025-12-02 12:10:26,472 - INFO - 🟨 Janela de aviso de substituição de lote de OS detectada
2025-12-02 12:10:32,738 - INFO - ⌛ aguardando janela de programação de lote de OS...
2025-12-02 12:10:53,159 - INFO - 🟨 Janela de programação de lote de OS detectada
2025-12-02 12:11:20,598 - INFO - ⌛ aguardando janela de confirmação de programação de lote de OS...
2025-12-02 12:11:40,899 - INFO - 🟨 Janela de confirmação de programação de lote de OS detectada
2025-12-02 12:11:45,203 - INFO - ⌛ aguardando confirmação final de programação do lote
2025-12-02 12:12:05,579 - INFO - 🟨 programação do lote 3 efetuado com sucesso
2025-12-02 12:12:18,743 - INFO - 
=== Iniciando lote 4/46 [LM] ===
2025-12-02 12:12:25,120 - INFO - Janela de seleção aberta
2025-12-02 12:12:29,352 - INFO - DEBUG: idx=3, inicio=45, fim=60
2025-12-02 12:12:29,352 - INFO - ✅ 15 OS copiadas para a área de transferência.
2025-12-02 12:12:29,352 - INFO - 📋 Lote 4 copiado.
2025-12-02 12:12:37,676 - INFO - ⌛ Esperando mudança visual...
2025-12-02 12:12:38,685 - INFO - ⌛ Esperando mudança visual...
2025-12-02 12:12:39,711 - INFO - ⌛ Esperando mudança visual...
2025-12-02 12:12:40,721 - INFO - ⌛ Esperando mudança visual...
2025-12-02 12:12:41,740 - INFO - ⌛ Esperando mudança visual...
2025-12-02 12:12:42,761 - INFO - ⌛ Esperando mudança visual...
2025-12-02 12:12:43,771 - INFO - ⌛ Esperando mudança visual...
2025-12-02 12:12:44,787 - INFO - ⌛ Esperando mudança visual...
2025-12-02 12:12:45,803 - INFO - ⌛ Esperando mudança visual...
2025-12-02 12:12:46,816 - INFO - ⌛ Esperando mudança visual...
2025-12-02 12:12:47,837 - INFO - ⌛ Esperando mudança visual...
2025-12-02 12:12:48,865 - INFO - ⌛ Esperando mudança visual...
2025-12-02 12:12:49,880 - INFO - ⌛ Esperando mudança visual...
2025-12-02 12:12:50,889 - INFO - ✅ Tela carregada!
2025-12-02 12:13:01,376 - INFO - ⌛ Aguardando janela de confirmação de desbloqueio...
2025-12-02 12:13:21,670 - INFO - 🟨 Registros desbloqueados com sucesso
2025-12-02 12:13:35,259 - INFO - 🟨 OS programadas detectadas
2025-12-02 12:13:38,421 - INFO - ⌛ Aguardando janela de edição de OS...
2025-12-02 12:13:58,784 - INFO - 🟨 Janela de edição de OS detectada
2025-12-02 12:14:20,174 - INFO - 🟨 Janela de edição de habilidade da turma detectada
2025-12-02 12:15:05,487 - INFO - ⌛ Aguardando detecção do campo de caracteristica 'EQUIPE PRÓPRIA OU EPS' ...
2025-12-02 12:15:25,639 - INFO - ⌛ Aguardando detecção do campo de caracteristica 'EQUIPE PRÓPRIA OU EPS' ...
2025-12-02 12:15:45,811 - INFO - ⌛ Aguardando detecção do campo de caracteristica 'EQUIPE PRÓPRIA OU EPS' ...
2025-12-02 12:16:05,971 - INFO - 🟨 campo de caracteristica 'EQUIPE PRÓPRIA OU EPS detectado
2025-12-02 12:16:27,703 - INFO - ⌛ Aguardando confirmação 4 - editar OS...
2025-12-02 12:16:48,021 - INFO - ⌛ Aguardando confirmação 4 - editar OS...
2025-12-02 12:17:49,004 - INFO - ⌛ Aguardando janela de confirmação de programação de OS...
2025-12-02 12:18:09,323 - INFO - 🟨 Janela de confirmação de programação de OS detectada
2025-12-02 12:18:12,703 - INFO - 🟨 Janela de aviso de edição de OS programadas detectada
2025-12-02 12:18:16,982 - INFO - ⌛ aguardando janela de programação de lote de OS...
2025-12-02 12:18:37,403 - INFO - 🟨 Janela de aviso de substituição de lote de OS detectada
2025-12-02 12:18:43,671 - INFO - ⌛ aguardando janela de programação de lote de OS...
2025-12-02 12:19:04,059 - INFO - ⌛ aguardando janela de programação de lote de OS...
2025-12-02 12:19:04,202 - INFO - 🟨 Identificado travamento no EQM, reiniciando contador de espera
2025-12-02 12:19:24,490 - INFO - 🟨 Janela de programação de lote de OS detectada
2025-12-02 12:19:51,932 - INFO - ⌛ aguardando janela de confirmação de programação de lote de OS...
2025-12-02 12:20:12,251 - INFO - 🟨 Janela de confirmação de programação de lote de OS detectada
2025-12-02 12:20:16,498 - INFO - ⌛ aguardando confirmação final de programação do lote
2025-12-02 12:20:36,843 - INFO - 🟨 programação do lote 4 efetuado com sucesso
2025-12-02 12:20:50,004 - INFO - 
=== Iniciando lote 5/46 [LM] ===
2025-12-02 12:20:56,356 - INFO - Janela de seleção aberta
2025-12-02 12:21:00,593 - INFO - DEBUG: idx=4, inicio=60, fim=75
2025-12-02 12:21:00,593 - INFO - ✅ 15 OS copiadas para a área de transferência.
2025-12-02 12:21:00,593 - INFO - 📋 Lote 5 copiado.
2025-12-02 12:21:08,922 - INFO - ⌛ Esperando mudança visual...
2025-12-02 12:21:09,936 - INFO - ⌛ Esperando mudança visual...
2025-12-02 12:21:10,954 - INFO - ⌛ Esperando mudança visual...
2025-12-02 12:21:11,974 - INFO - ⌛ Esperando mudança visual...
2025-12-02 12:21:12,986 - INFO - ⌛ Esperando mudança visual...
2025-12-02 12:21:14,006 - INFO - ⌛ Esperando mudança visual...
2025-12-02 12:21:15,017 - INFO - ⌛ Esperando mudança visual...
2025-12-02 12:21:16,030 - INFO - ⌛ Esperando mudança visual...
2025-12-02 12:21:17,050 - INFO - ⌛ Esperando mudança visual...
2025-12-02 12:21:18,062 - INFO - ⌛ Esperando mudança visual...
2025-12-02 12:21:19,084 - INFO - ⌛ Esperando mudança visual...
2025-12-02 12:21:20,110 - INFO - ⌛ Esperando mudança visual...
2025-12-02 12:21:21,111 - INFO - ✅ Tela carregada!
2025-12-02 12:21:31,591 - INFO - ⌛ Aguardando janela de confirmação de desbloqueio...
2025-12-02 12:21:51,902 - INFO - 🟨 Registros desbloqueados com sucesso
2025-12-02 12:22:05,501 - INFO - 🟨 OS programadas detectadas
2025-12-02 12:22:08,653 - INFO - ⌛ Aguardando janela de edição de OS...
2025-12-02 12:22:28,980 - INFO - 🟨 Janela de edição de OS detectada
2025-12-02 12:22:50,353 - INFO - 🟨 Janela de edição de habilidade da turma detectada
2025-12-02 12:23:35,656 - INFO - ⌛ Aguardando detecção do campo de caracteristica 'EQUIPE PRÓPRIA OU EPS' ...
2025-12-02 12:23:55,825 - INFO - ⌛ Aguardando detecção do campo de caracteristica 'EQUIPE PRÓPRIA OU EPS' ...
2025-12-02 12:24:15,980 - INFO - ⌛ Aguardando detecção do campo de caracteristica 'EQUIPE PRÓPRIA OU EPS' ...
2025-12-02 12:24:36,164 - INFO - 🟨 campo de caracteristica 'EQUIPE PRÓPRIA OU EPS detectado
2025-12-02 12:24:57,891 - INFO - ⌛ Aguardando confirmação 4 - editar OS...
2025-12-02 12:25:18,194 - INFO - ⌛ Aguardando confirmação 4 - editar OS...
2025-12-02 12:26:19,154 - INFO - ⌛ Aguardando janela de confirmação de programação de OS...
2025-12-02 12:26:39,446 - INFO - 🟨 Janela de confirmação de programação de OS detectada
2025-12-02 12:26:42,756 - INFO - ⌛ aguardando janela de programação de lote de OS...
2025-12-02 12:27:03,139 - INFO - 🟨 Janela de aviso de edição de OS programadas detectada
2025-12-02 12:27:07,408 - INFO - ⌛ aguardando janela de programação de lote de OS...
2025-12-02 12:27:27,814 - INFO - 🟨 Janela de aviso de substituição de lote de OS detectada
2025-12-02 12:27:34,081 - INFO - ⌛ aguardando janela de programação de lote de OS...
2025-12-02 12:27:54,488 - INFO - 🟨 Janela de programação de lote de OS detectada
2025-12-02 12:28:21,966 - INFO - ⌛ aguardando janela de confirmação de programação de lote de OS...
2025-12-02 12:28:42,248 - INFO - 🟨 Janela de confirmação de programação de lote de OS detectada
2025-12-02 12:28:46,534 - INFO - ⌛ aguardando confirmação final de programação do lote
2025-12-02 12:29:06,881 - INFO - 🟨 programação do lote 5 efetuado com sucesso
2025-12-02 12:29:20,032 - INFO - 
=== Iniciando lote 6/46 [LM] ===
2025-12-02 12:29:26,408 - INFO - Janela de seleção aberta
2025-12-02 12:29:30,643 - INFO - DEBUG: idx=5, inicio=75, fim=90
2025-12-02 12:29:30,643 - INFO - ✅ 15 OS copiadas para a área de transferência.
2025-12-02 12:29:30,643 - INFO - 📋 Lote 6 copiado.
2025-12-02 12:29:38,969 - INFO - ⌛ Esperando mudança visual...
2025-12-02 12:29:39,988 - INFO - ⌛ Esperando mudança visual...
2025-12-02 12:29:41,004 - INFO - ⌛ Esperando mudança visual...
2025-12-02 12:29:42,018 - INFO - ⌛ Esperando mudança visual...
2025-12-02 12:29:43,037 - INFO - ⌛ Esperando mudança visual...
2025-12-02 12:29:44,049 - INFO - ⌛ Esperando mudança visual...
2025-12-02 12:29:45,071 - INFO - ⌛ Esperando mudança visual...
2025-12-02 12:29:46,073 - INFO - ⌛ Esperando mudança visual...
2025-12-02 12:29:47,081 - INFO - ⌛ Esperando mudança visual...
2025-12-02 12:29:48,115 - INFO - ⌛ Esperando mudança visual...
2025-12-02 12:29:49,135 - INFO - ⌛ Esperando mudança visual...
2025-12-02 12:29:50,146 - INFO - ⌛ Esperando mudança visual...
2025-12-02 12:29:51,151 - INFO - ✅ Tela carregada!
2025-12-02 12:30:01,634 - INFO - ⌛ Aguardando janela de confirmação de desbloqueio...
2025-12-02 12:30:21,947 - INFO - 🟨 Registros desbloqueados com sucesso
2025-12-02 12:30:35,531 - INFO - 🟨 OS programadas detectadas
2025-12-02 12:30:38,681 - INFO - ⌛ Aguardando janela de edição de OS...
2025-12-02 12:30:58,995 - INFO - 🟨 Janela de edição de OS detectada
2025-12-02 12:31:20,356 - INFO - 🟨 Janela de edição de habilidade da turma detectada
2025-12-02 12:32:05,676 - INFO - ⌛ Aguardando detecção do campo de caracteristica 'EQUIPE PRÓPRIA OU EPS' ...
2025-12-02 12:32:25,836 - INFO - ⌛ Aguardando detecção do campo de caracteristica 'EQUIPE PRÓPRIA OU EPS' ...
2025-12-02 12:32:45,990 - INFO - ⌛ Aguardando detecção do campo de caracteristica 'EQUIPE PRÓPRIA OU EPS' ...
2025-12-02 12:33:06,150 - INFO - 🟨 campo de caracteristica 'EQUIPE PRÓPRIA OU EPS detectado
2025-12-02 12:33:27,865 - INFO - ⌛ Aguardando confirmação 4 - editar OS...
2025-12-02 12:33:48,176 - INFO - ⌛ Aguardando confirmação 4 - editar OS...
2025-12-02 12:34:49,049 - INFO - ⌛ Aguardando janela de confirmação de programação de OS...
2025-12-02 12:35:09,321 - INFO - 🟨 Janela de confirmação de programação de OS detectada
2025-12-02 12:35:12,655 - INFO - ⌛ aguardando janela de programação de lote de OS...
2025-12-02 12:35:33,042 - INFO - 🟨 Janela de aviso de edição de OS programadas detectada
2025-12-02 12:35:37,318 - INFO - ⌛ aguardando janela de programação de lote de OS...
2025-12-02 12:35:57,687 - INFO - 🟨 Janela de aviso de substituição de lote de OS detectada
2025-12-02 12:36:03,960 - INFO - ⌛ aguardando janela de programação de lote de OS...
2025-12-02 12:36:24,349 - INFO - ⌛ aguardando janela de programação de lote de OS...
2025-12-02 12:36:44,809 - INFO - ⌛ aguardando janela de programação de lote de OS...
2025-12-02 12:37:05,224 - INFO - ⌛ aguardando janela de programação de lote de OS...
2025-12-02 12:37:25,699 - INFO - ⌛ aguardando janela de programação de lote de OS...
2025-12-02 12:37:46,164 - INFO - ⌛ aguardando janela de programação de lote de OS...
2025-12-02 12:38:06,616 - INFO - ⌛ aguardando janela de programação de lote de OS...
2025-12-02 12:38:26,987 - INFO - ⌛ aguardando janela de programação de lote de OS...
2025-12-02 12:38:47,464 - INFO - ⌛ aguardando janela de programação de lote de OS...
2025-12-02 12:39:07,873 - INFO - ⌛ aguardando janela de programação de lote de OS...
2025-12-02 12:39:28,287 - INFO - ⌛ aguardando janela de programação de lote de OS...
2025-12-02 12:39:48,664 - INFO - ⌛ aguardando janela de programação de lote de OS...
2025-12-02 12:40:09,125 - INFO - ⌛ aguardando janela de programação de lote de OS...
2025-12-02 12:40:29,681 - INFO - ⌛ aguardando janela de programação de lote de OS...
2025-12-02 12:40:50,150 - INFO - ⌛ aguardando janela de programação de lote de OS...
2025-12-02 12:41:10,555 - INFO - ⌛ aguardando janela de programação de lote de OS...
2025-12-02 12:41:30,934 - INFO - ⌛ aguardando janela de programação de lote de OS...
2025-12-02 12:41:51,342 - INFO - ⌛ aguardando janela de programação de lote de OS...
2025-12-02 12:42:11,742 - INFO - ⌛ aguardando janela de programação de lote de OS...
2025-12-02 12:42:32,180 - INFO - ⌛ aguardando janela de programação de lote de OS...
2025-12-02 12:42:52,642 - INFO - ⌛ aguardando janela de programação de lote de OS...
2025-12-02 12:43:13,025 - INFO - ⌛ aguardando janela de programação de lote de OS...
2025-12-02 12:43:33,443 - INFO - ⌛ aguardando janela de programação de lote de OS...
2025-12-02 12:43:53,828 - INFO - ⌛ aguardando janela de programação de lote de OS...
2025-12-02 12:44:14,225 - INFO - ⌛ aguardando janela de programação de lote de OS...
2025-12-02 12:44:34,640 - INFO - ⌛ aguardando janela de programação de lote de OS...
2025-12-02 12:44:55,099 - INFO - ⌛ aguardando janela de programação de lote de OS...
2025-12-02 12:45:15,491 - INFO - ⏱️ Tempo limite atingido. Abortando seleção
2025-12-02 12:45:15,561 - INFO - 🟨 Identificado falha no EQM
2025-12-02 17:43:07,504 - INFO - Data hoje: 02/12/2025
2025-12-02 17:43:07,504 - INFO - Data de referência: 31/12/2025
2025-12-02 17:43:13,886 - INFO - 
Qtde LINHA VIVA: 1272
2025-12-02 17:43:13,886 - INFO - Qtde LINHA MORTA/PESADA/FAIXA: 700
2025-12-02 17:43:15,386 - INFO - 
Arquivo gerado: C:\Users\U469784\venvs\py311\bot_programacao\EXCEL\pendentes_20251202.xlsx
2025-12-02 17:43:15,725 - INFO - 
 Qtd de lotes de LM: 47
2025-12-02 17:43:15,725 - INFO - 
 Qtd de lotes de LV: 85
2025-12-02 17:43:15,725 - INFO - 
=== Iniciando lote 6/47 [LM] ===
2025-12-02 17:43:22,285 - INFO - Janela de seleção aberta
2025-12-02 17:43:26,623 - INFO - DEBUG: idx=5, inicio=75, fim=90
2025-12-02 17:43:26,638 - INFO - ✅ 15 OS copiadas para a área de transferência.
2025-12-02 17:43:26,638 - INFO - 📋 Lote 6 copiado.
2025-12-02 17:43:34,964 - INFO - ⌛ Esperando mudança visual...
2025-12-02 17:43:35,978 - INFO - ⌛ Esperando mudança visual...
2025-12-02 17:43:36,997 - INFO - ⌛ Esperando mudança visual...
2025-12-02 17:43:38,008 - INFO - ⌛ Esperando mudança visual...
2025-12-02 17:43:39,027 - INFO - ⌛ Esperando mudança visual...
2025-12-02 17:43:40,043 - INFO - ✅ Tela carregada!
2025-12-02 17:43:50,645 - INFO - ⌛ Aguardando janela de confirmação de desbloqueio...
2025-12-02 17:44:11,289 - INFO - 🟨 Registros desbloqueados com sucesso
2025-12-02 17:44:25,253 - INFO - 🟨 OS programadas detectadas
2025-12-02 17:44:28,534 - INFO - ⌛ Aguardando janela de edição de OS...
2025-12-02 17:44:49,322 - INFO - 🟨 Janela de edição de OS detectada
2025-12-02 17:45:10,804 - INFO - 🟨 Janela de edição de habilidade da turma detectada
2025-12-02 17:45:56,160 - INFO - ⌛ Aguardando detecção do campo de caracteristica 'EQUIPE PRÓPRIA OU EPS' ...
2025-12-02 17:46:16,302 - INFO - ⌛ Aguardando detecção do campo de caracteristica 'EQUIPE PRÓPRIA OU EPS' ...
2025-12-02 17:46:36,470 - INFO - ⌛ Aguardando detecção do campo de caracteristica 'EQUIPE PRÓPRIA OU EPS' ...
2025-12-02 17:46:56,614 - INFO - 🟨 campo de caracteristica 'EQUIPE PRÓPRIA OU EPS detectado
2025-12-02 17:47:18,351 - INFO - ⌛ Aguardando confirmação 4 - editar OS...
2025-12-02 17:47:38,628 - INFO - ⌛ Aguardando confirmação 4 - editar OS...
2025-12-02 17:48:39,524 - INFO - ⌛ Aguardando janela de confirmação de programação de OS...
2025-12-02 17:48:59,794 - INFO - 🟨 Janela de confirmação de programação de OS detectada
2025-12-02 17:49:03,124 - INFO - ⌛ aguardando janela de programação de lote de OS...
2025-12-02 17:49:23,492 - INFO - 🟨 Janela de aviso de edição de OS programadas detectada
2025-12-02 17:49:27,755 - INFO - ⌛ aguardando janela de programação de lote de OS...
2025-12-02 17:49:48,127 - INFO - 🟨 Janela de aviso de substituição de lote de OS detectada
2025-12-02 17:49:54,378 - INFO - ⌛ aguardando janela de programação de lote de OS...
2025-12-02 17:50:14,780 - INFO - 🟨 Janela de programação de lote de OS detectada
2025-12-02 17:50:42,218 - INFO - ⌛ aguardando janela de confirmação de programação de lote de OS...
2025-12-02 17:51:02,480 - INFO - 🟨 Janela de confirmação de programação de lote de OS detectada
2025-12-02 17:51:06,767 - INFO - ⌛ aguardando confirmação final de programação do lote
2025-12-02 17:51:27,074 - INFO - ⌛ aguardando confirmação final de programação do lote
2025-12-02 17:51:47,429 - INFO - ⌛ aguardando confirmação final de programação do lote
2025-12-02 17:52:07,774 - INFO - ⌛ aguardando confirmação final de programação do lote
2025-12-02 17:52:28,116 - INFO - ⌛ aguardando confirmação final de programação do lote
2025-12-02 17:52:48,480 - INFO - ⌛ aguardando confirmação final de programação do lote
2025-12-02 17:53:08,851 - INFO - ⌛ aguardando confirmação final de programação do lote
2025-12-02 17:53:29,232 - INFO - ⌛ aguardando confirmação final de programação do lote
2025-12-02 17:53:49,606 - INFO - ⌛ aguardando confirmação final de programação do lote
2025-12-02 17:54:09,957 - INFO - ⌛ aguardando confirmação final de programação do lote
2025-12-02 17:54:30,338 - INFO - ⌛ aguardando confirmação final de programação do lote
2025-12-02 17:54:50,699 - INFO - ⌛ aguardando confirmação final de programação do lote
2025-12-02 17:55:11,019 - INFO - ⌛ aguardando confirmação final de programação do lote
2025-12-02 17:55:31,404 - INFO - ⌛ aguardando confirmação final de programação do lote
2025-12-02 17:55:51,805 - INFO - ⌛ aguardando confirmação final de programação do lote
2025-12-02 17:56:12,168 - INFO - ⌛ aguardando confirmação final de programação do lote
2025-12-02 17:56:32,507 - INFO - ⌛ aguardando confirmação final de programação do lote
2025-12-02 17:56:52,868 - INFO - ⌛ aguardando confirmação final de programação do lote
2025-12-02 17:57:13,238 - INFO - ⌛ aguardando confirmação final de programação do lote
2025-12-02 17:57:33,595 - INFO - ⌛ aguardando confirmação final de programação do lote
2025-12-02 17:57:53,955 - INFO - ⌛ aguardando confirmação final de programação do lote
2025-12-02 17:58:14,315 - INFO - ⌛ aguardando confirmação final de programação do lote
2025-12-02 17:58:34,713 - INFO - ⌛ aguardando confirmação final de programação do lote
2025-12-02 17:58:55,071 - INFO - ⌛ aguardando confirmação final de programação do lote
2025-12-02 17:59:15,414 - INFO - ⌛ aguardando confirmação final de programação do lote
2025-12-02 17:59:35,780 - INFO - ⌛ aguardando confirmação final de programação do lote
2025-12-02 17:59:56,142 - INFO - ⌛ aguardando confirmação final de programação do lote
2025-12-02 18:00:16,523 - INFO - ⌛ aguardando confirmação final de programação do lote
2025-12-02 18:00:36,882 - INFO - ⌛ aguardando confirmação final de programação do lote
2025-12-02 18:00:57,254 - INFO - ⌛ aguardando confirmação final de programação do lote
2025-12-02 18:01:17,630 - INFO - ⌛ aguardando confirmação final de programação do lote
2025-12-02 18:01:38,010 - INFO - ⌛ aguardando confirmação final de programação do lote
2025-12-02 18:01:58,386 - INFO - ⌛ aguardando confirmação final de programação do lote
2025-12-02 18:02:18,774 - INFO - ⌛ aguardando confirmação final de programação do lote
2025-12-02 18:02:39,140 - INFO - ⌛ aguardando confirmação final de programação do lote
2025-12-02 18:02:59,469 - INFO - ⌛ aguardando confirmação final de programação do lote
2025-12-02 18:03:19,868 - INFO - ⌛ aguardando confirmação final de programação do lote
2025-12-02 18:03:40,270 - INFO - ⌛ aguardando confirmação final de programação do lote
2025-12-02 18:04:00,649 - INFO - ⌛ aguardando confirmação final de programação do lote
2025-12-02 18:04:21,032 - INFO - ⌛ aguardando confirmação final de programação do lote
2025-12-02 18:04:41,391 - INFO - ⌛ aguardando confirmação final de programação do lote
2025-12-02 18:05:01,785 - INFO - ⌛ aguardando confirmação final de programação do lote
2025-12-02 18:05:22,129 - INFO - ⌛ aguardando confirmação final de programação do lote
2025-12-02 18:05:42,497 - INFO - ⌛ aguardando confirmação final de programação do lote
2025-12-02 18:06:02,839 - INFO - ⌛ aguardando confirmação final de programação do lote
2025-12-02 18:06:23,170 - INFO - ⌛ aguardando confirmação final de programação do lote
2025-12-02 18:06:43,557 - INFO - ⌛ aguardando confirmação final de programação do lote
2025-12-02 18:07:04,000 - INFO - ⌛ aguardando confirmação final de programação do lote
2025-12-02 18:07:24,453 - INFO - ⌛ aguardando confirmação final de programação do lote
2025-12-02 18:07:44,802 - INFO - ⌛ aguardando confirmação final de programação do lote
2025-12-02 18:08:05,154 - INFO - ⌛ aguardando confirmação final de programação do lote
2025-12-02 18:08:25,584 - INFO - ⌛ aguardando confirmação final de programação do lote
2025-12-02 18:08:46,050 - INFO - ⌛ aguardando confirmação final de programação do lote
2025-12-02 18:09:06,423 - INFO - ⌛ aguardando confirmação final de programação do lote
2025-12-02 18:09:26,795 - INFO - ⌛ aguardando confirmação final de programação do lote
2025-12-02 18:09:47,139 - INFO - 🟨 programação do lote 6 efetuado com sucesso
2025-12-02 18:10:00,344 - INFO - 
=== Iniciando lote 7/47 [LM] ===
2025-12-02 18:10:06,714 - INFO - Janela de seleção aberta
2025-12-02 18:10:10,975 - INFO - DEBUG: idx=6, inicio=90, fim=105
2025-12-02 18:10:10,975 - INFO - ✅ 15 OS copiadas para a área de transferência.
2025-12-02 18:10:10,975 - INFO - 📋 Lote 7 copiado.
2025-12-02 18:10:19,311 - INFO - ⌛ Esperando mudança visual...
2025-12-02 18:10:20,325 - INFO - ⌛ Esperando mudança visual...
2025-12-02 18:10:21,340 - INFO - ⌛ Esperando mudança visual...
2025-12-02 18:10:22,361 - INFO - ⌛ Esperando mudança visual...
2025-12-02 18:10:23,368 - INFO - ⌛ Esperando mudança visual...
2025-12-02 18:10:24,383 - INFO - ⌛ Esperando mudança visual...
2025-12-02 18:10:25,400 - INFO - ⌛ Esperando mudança visual...
2025-12-02 18:10:26,414 - INFO - ⌛ Esperando mudança visual...
2025-12-02 18:10:27,432 - INFO - ⌛ Esperando mudança visual...
2025-12-02 18:10:28,443 - INFO - ⌛ Esperando mudança visual...
2025-12-02 18:10:29,468 - INFO - ✅ Tela carregada!
2025-12-02 18:10:39,933 - INFO - ⌛ Aguardando janela de confirmação de desbloqueio...
2025-12-02 18:11:00,214 - INFO - 🟨 Registros desbloqueados com sucesso
2025-12-02 18:11:13,792 - INFO - 🟨 OS programadas detectadas
2025-12-02 18:11:16,947 - INFO - ⌛ Aguardando janela de edição de OS...
2025-12-02 18:11:37,282 - INFO - 🟨 Janela de edição de OS detectada
2025-12-02 18:11:58,652 - INFO - 🟨 Janela de edição de habilidade da turma detectada
2025-12-02 18:12:43,959 - INFO - ⌛ Aguardando detecção do campo de caracteristica 'EQUIPE PRÓPRIA OU EPS' ...
2025-12-02 18:13:04,115 - INFO - ⌛ Aguardando detecção do campo de caracteristica 'EQUIPE PRÓPRIA OU EPS' ...
2025-12-02 18:13:24,260 - INFO - ⌛ Aguardando detecção do campo de caracteristica 'EQUIPE PRÓPRIA OU EPS' ...
2025-12-02 18:13:44,422 - INFO - 🟨 campo de caracteristica 'EQUIPE PRÓPRIA OU EPS detectado
2025-12-02 18:14:06,160 - INFO - ⌛ Aguardando confirmação 4 - editar OS...
2025-12-02 18:14:26,432 - INFO - ⌛ Aguardando confirmação 4 - editar OS...
2025-12-02 18:15:27,354 - INFO - ⌛ Aguardando janela de confirmação de programação de OS...
2025-12-02 18:15:47,633 - INFO - 🟨 Janela de confirmação de programação de OS detectada
2025-12-02 18:15:50,958 - INFO - ⌛ aguardando janela de programação de lote de OS...
2025-12-02 18:16:11,323 - INFO - 🟨 Janela de aviso de edição de OS programadas detectada
2025-12-02 18:16:15,583 - INFO - ⌛ aguardando janela de programação de lote de OS...
2025-12-02 18:16:35,958 - INFO - 🟨 Janela de aviso de substituição de lote de OS detectada
2025-12-02 18:16:42,224 - INFO - ⌛ aguardando janela de programação de lote de OS...
2025-12-02 18:17:02,586 - INFO - 🟨 Janela de programação de lote de OS detectada
2025-12-02 18:17:30,068 - INFO - ⌛ aguardando janela de confirmação de programação de lote de OS...
2025-12-02 18:17:50,370 - INFO - 🟨 Janela de confirmação de programação de lote de OS detectada
2025-12-02 18:17:54,615 - INFO - ⌛ aguardando confirmação final de programação do lote
2025-12-02 18:18:14,933 - INFO - 🟨 programação do lote 7 efetuado com sucesso
2025-12-02 18:18:28,098 - INFO - 
=== Iniciando lote 8/47 [LM] ===
2025-12-02 18:18:34,463 - INFO - Janela de seleção aberta
2025-12-02 18:18:38,707 - INFO - DEBUG: idx=7, inicio=105, fim=120
2025-12-02 18:18:38,707 - INFO - ✅ 15 OS copiadas para a área de transferência.
2025-12-02 18:18:38,707 - INFO - 📋 Lote 8 copiado.
2025-12-02 18:18:47,032 - INFO - ⌛ Esperando mudança visual...
2025-12-02 18:18:48,049 - INFO - ⌛ Esperando mudança visual...
2025-12-02 18:18:49,064 - INFO - ⌛ Esperando mudança visual...
2025-12-02 18:18:50,081 - INFO - ⌛ Esperando mudança visual...
2025-12-02 18:18:51,098 - INFO - ⌛ Esperando mudança visual...
2025-12-02 18:18:52,112 - INFO - ⌛ Esperando mudança visual...
2025-12-02 18:18:53,135 - INFO - ⌛ Esperando mudança visual...
2025-12-02 18:18:54,150 - INFO - ⌛ Esperando mudança visual...
2025-12-02 18:18:55,165 - INFO - ⌛ Esperando mudança visual...
2025-12-02 18:18:56,174 - INFO - ✅ Tela carregada!
2025-12-02 18:19:06,642 - INFO - ⌛ Aguardando janela de confirmação de desbloqueio...
2025-12-02 18:19:26,927 - INFO - 🟨 Registros desbloqueados com sucesso
2025-12-02 18:19:40,515 - INFO - 🟨 OS programadas detectadas
2025-12-02 18:19:43,679 - INFO - ⌛ Aguardando janela de edição de OS...
2025-12-02 18:20:03,991 - INFO - 🟨 Janela de edição de OS detectada
2025-12-02 18:20:25,382 - INFO - 🟨 Janela de edição de habilidade da turma detectada
2025-12-02 18:21:10,697 - INFO - ⌛ Aguardando detecção do campo de caracteristica 'EQUIPE PRÓPRIA OU EPS' ...
2025-12-02 18:21:30,848 - INFO - ⌛ Aguardando detecção do campo de caracteristica 'EQUIPE PRÓPRIA OU EPS' ...
2025-12-02 18:21:50,995 - INFO - ⌛ Aguardando detecção do campo de caracteristica 'EQUIPE PRÓPRIA OU EPS' ...
2025-12-02 18:22:11,132 - INFO - 🟨 campo de caracteristica 'EQUIPE PRÓPRIA OU EPS detectado
2025-12-02 18:22:32,863 - INFO - ⌛ Aguardando confirmação 4 - editar OS...
2025-12-02 18:23:33,777 - INFO - ⌛ Aguardando janela de confirmação de programação de OS...
2025-12-02 18:23:54,079 - INFO - 🟨 Janela de confirmação de programação de OS detectada
2025-12-02 18:23:57,425 - INFO - ⌛ aguardando janela de programação de lote de OS...
2025-12-02 18:24:17,804 - INFO - 🟨 Janela de aviso de edição de OS programadas detectada
2025-12-02 18:24:22,066 - INFO - ⌛ aguardando janela de programação de lote de OS...
2025-12-02 18:24:42,489 - INFO - 🟨 Janela de aviso de substituição de lote de OS detectada
2025-12-02 18:24:48,775 - INFO - ⌛ aguardando janela de programação de lote de OS...
2025-12-02 18:25:09,230 - INFO - 🟨 Janela de programação de lote de OS detectada
2025-12-02 18:25:36,661 - INFO - ⌛ aguardando janela de confirmação de programação de lote de OS...
2025-12-02 18:25:56,982 - INFO - 🟨 Janela de confirmação de programação de lote de OS detectada
2025-12-02 18:26:01,325 - INFO - ⌛ aguardando confirmação final de programação do lote
2025-12-02 18:26:21,720 - INFO - 🟨 programação do lote 8 efetuado com sucesso
2025-12-02 18:26:34,886 - INFO - 
=== Iniciando lote 9/47 [LM] ===
2025-12-02 18:26:41,266 - INFO - Janela de seleção aberta
2025-12-02 18:26:45,509 - INFO - DEBUG: idx=8, inicio=120, fim=135
2025-12-02 18:26:45,509 - INFO - ✅ 15 OS copiadas para a área de transferência.
2025-12-02 18:26:45,509 - INFO - 📋 Lote 9 copiado.
2025-12-02 18:26:53,839 - INFO - ⌛ Esperando mudança visual...
2025-12-02 18:26:54,848 - INFO - ⌛ Esperando mudança visual...
2025-12-02 18:26:55,865 - INFO - ⌛ Esperando mudança visual...
2025-12-02 18:26:56,882 - INFO - ⌛ Esperando mudança visual...
2025-12-02 18:26:57,894 - INFO - ⌛ Esperando mudança visual...
2025-12-02 18:26:58,910 - INFO - ⌛ Esperando mudança visual...
2025-12-02 18:26:59,933 - INFO - ⌛ Esperando mudança visual...
2025-12-02 18:27:00,941 - INFO - ⌛ Esperando mudança visual...
2025-12-02 18:27:01,960 - INFO - ⌛ Esperando mudança visual...
2025-12-02 18:27:02,973 - INFO - ⌛ Esperando mudança visual...
2025-12-02 18:27:03,997 - INFO - ✅ Tela carregada!
2025-12-02 18:27:14,472 - INFO - ⌛ Aguardando janela de confirmação de desbloqueio...
2025-12-02 18:27:34,817 - INFO - ⌛ Aguardando janela de confirmação de desbloqueio...
2025-12-02 18:27:55,148 - INFO - ⌛ Aguardando janela de confirmação de desbloqueio...
2025-12-02 18:28:15,443 - INFO - ⌛ Aguardando janela de confirmação de desbloqueio...
2025-12-02 18:28:35,760 - INFO - ⌛ Aguardando janela de confirmação de desbloqueio...
2025-12-02 18:28:56,049 - INFO - ⌛ Aguardando janela de confirmação de desbloqueio...
2025-12-02 18:29:16,354 - INFO - ⌛ Aguardando janela de confirmação de desbloqueio...
2025-12-02 18:29:36,693 - INFO - ⌛ Aguardando janela de confirmação de desbloqueio...
2025-12-02 18:29:57,024 - INFO - ⌛ Aguardando janela de confirmação de desbloqueio...
2025-12-02 18:30:17,354 - INFO - ⌛ Aguardando janela de confirmação de desbloqueio...
2025-12-02 18:30:37,666 - INFO - ⌛ Aguardando janela de confirmação de desbloqueio...
2025-12-02 18:30:57,971 - INFO - ⌛ Aguardando janela de confirmação de desbloqueio...
2025-12-02 18:31:18,259 - INFO - ⌛ Aguardando janela de confirmação de desbloqueio...
2025-12-02 18:31:38,539 - INFO - ⌛ Aguardando janela de confirmação de desbloqueio...
2025-12-02 18:31:58,821 - INFO - ⌛ Aguardando janela de confirmação de desbloqueio...
2025-12-02 18:32:19,120 - INFO - ⌛ Aguardando janela de confirmação de desbloqueio...
2025-12-02 18:32:39,414 - INFO - ⌛ Aguardando janela de confirmação de desbloqueio...
2025-12-02 18:32:59,700 - INFO - ⌛ Aguardando janela de confirmação de desbloqueio...
2025-12-02 18:33:20,002 - INFO - 🟨 Registros desbloqueados com sucesso
2025-12-02 18:33:33,608 - INFO - 🟨 OS programadas detectadas
2025-12-02 18:33:36,773 - INFO - ⌛ Aguardando janela de edição de OS...
2025-12-02 18:33:57,107 - INFO - 🟨 Janela de edição de OS detectada
2025-12-02 18:34:18,470 - INFO - 🟨 Janela de edição de habilidade da turma detectada
2025-12-02 18:35:03,793 - INFO - ⌛ Aguardando detecção do campo de caracteristica 'EQUIPE PRÓPRIA OU EPS' ...
2025-12-02 18:35:23,926 - INFO - ⌛ Aguardando detecção do campo de caracteristica 'EQUIPE PRÓPRIA OU EPS' ...
2025-12-02 18:35:44,091 - INFO - ⌛ Aguardando detecção do campo de caracteristica 'EQUIPE PRÓPRIA OU EPS' ...
2025-12-02 18:36:04,251 - INFO - 🟨 campo de caracteristica 'EQUIPE PRÓPRIA OU EPS detectado
2025-12-02 18:36:25,989 - INFO - ⌛ Aguardando confirmação 4 - editar OS...
2025-12-02 18:37:26,965 - INFO - ⌛ Aguardando janela de confirmação de programação de OS...
2025-12-02 18:37:47,270 - INFO - 🟨 Janela de confirmação de programação de OS detectada
2025-12-02 18:37:50,603 - INFO - ⌛ aguardando janela de programação de lote de OS...
2025-12-02 18:38:11,015 - INFO - 🟨 Janela de aviso de edição de OS programadas detectada
2025-12-02 18:38:15,278 - INFO - ⌛ aguardando janela de programação de lote de OS...
2025-12-02 18:38:35,677 - INFO - 🟨 Janela de aviso de substituição de lote de OS detectada
2025-12-02 18:38:41,954 - INFO - ⌛ aguardando janela de programação de lote de OS...
2025-12-02 18:39:02,361 - INFO - 🟨 Janela de programação de lote de OS detectada
2025-12-02 18:39:29,794 - INFO - ⌛ aguardando janela de confirmação de programação de lote de OS...
2025-12-02 18:39:50,080 - INFO - 🟨 Janela de confirmação de programação de lote de OS detectada
2025-12-02 18:39:54,408 - INFO - ⌛ aguardando confirmação final de programação do lote
2025-12-02 18:40:14,775 - INFO - 🟨 programação do lote 9 efetuado com sucesso
2025-12-02 18:40:27,942 - INFO - 
=== Iniciando lote 10/47 [LM] ===
2025-12-02 18:40:34,302 - INFO - Janela de seleção aberta
2025-12-02 18:40:38,545 - INFO - DEBUG: idx=9, inicio=135, fim=150
2025-12-02 18:40:38,545 - INFO - ✅ 15 OS copiadas para a área de transferência.
2025-12-02 18:40:38,545 - INFO - 📋 Lote 10 copiado.
2025-12-02 18:40:46,872 - INFO - ⌛ Esperando mudança visual...
2025-12-02 18:40:47,896 - INFO - ⌛ Esperando mudança visual...
2025-12-02 18:40:48,914 - INFO - ⌛ Esperando mudança visual...
2025-12-02 18:40:49,926 - INFO - ⌛ Esperando mudança visual...
2025-12-02 18:40:50,936 - INFO - ⌛ Esperando mudança visual...
2025-12-02 18:40:51,952 - INFO - ⌛ Esperando mudança visual...
2025-12-02 18:40:52,976 - INFO - ⌛ Esperando mudança visual...
2025-12-02 18:40:53,986 - INFO - ⌛ Esperando mudança visual...
2025-12-02 18:40:54,999 - INFO - ⌛ Esperando mudança visual...
2025-12-02 18:40:56,016 - INFO - ⌛ Esperando mudança visual...
2025-12-02 18:40:57,032 - INFO - ⌛ Esperando mudança visual...
2025-12-02 18:40:58,053 - INFO - ✅ Tela carregada!
2025-12-02 18:41:08,537 - INFO - ⌛ Aguardando janela de confirmação de desbloqueio...
2025-12-02 18:41:28,791 - INFO - 🟨 Registros desbloqueados com sucesso
2025-12-02 18:41:42,392 - INFO - 🟨 OS programadas detectadas
2025-12-02 18:41:45,549 - INFO - ⌛ Aguardando janela de edição de OS...
2025-12-02 18:42:05,870 - INFO - 🟨 Janela de edição de OS detectada
2025-12-02 18:42:27,231 - INFO - 🟨 Janela de edição de habilidade da turma detectada
2025-12-02 18:43:12,545 - INFO - ⌛ Aguardando detecção do campo de caracteristica 'EQUIPE PRÓPRIA OU EPS' ...
2025-12-02 18:43:32,700 - INFO - ⌛ Aguardando detecção do campo de caracteristica 'EQUIPE PRÓPRIA OU EPS' ...
2025-12-02 18:43:52,852 - INFO - ⌛ Aguardando detecção do campo de caracteristica 'EQUIPE PRÓPRIA OU EPS' ...
2025-12-02 18:44:12,999 - INFO - 🟨 campo de caracteristica 'EQUIPE PRÓPRIA OU EPS detectado
2025-12-02 18:44:34,731 - INFO - ⌛ Aguardando confirmação 4 - editar OS...
2025-12-02 18:45:35,636 - INFO - ⌛ Aguardando janela de confirmação de programação de OS...
2025-12-02 18:45:55,902 - INFO - 🟨 Janela de confirmação de programação de OS detectada
2025-12-02 18:45:59,206 - INFO - ⌛ aguardando janela de programação de lote de OS...
2025-12-02 18:46:19,601 - INFO - 🟨 Janela de aviso de edição de OS programadas detectada
2025-12-02 18:46:23,856 - INFO - ⌛ aguardando janela de programação de lote de OS...
2025-12-02 18:46:44,242 - INFO - 🟨 Janela de aviso de substituição de lote de OS detectada
2025-12-02 18:46:50,501 - INFO - ⌛ aguardando janela de programação de lote de OS...
2025-12-02 18:47:10,880 - INFO - 🟨 Janela de programação de lote de OS detectada
2025-12-02 18:47:38,340 - INFO - ⌛ aguardando janela de confirmação de programação de lote de OS...
2025-12-02 18:47:58,622 - INFO - 🟨 Janela de confirmação de programação de lote de OS detectada
2025-12-02 18:48:02,890 - INFO - ⌛ aguardando confirmação final de programação do lote
2025-12-02 18:48:23,203 - INFO - ⌛ aguardando confirmação final de programação do lote
2025-12-02 18:48:43,548 - INFO - ⌛ aguardando confirmação final de programação do lote
2025-12-02 18:49:03,904 - INFO - ⌛ aguardando confirmação final de programação do lote
2025-12-02 18:49:24,303 - INFO - ⌛ aguardando confirmação final de programação do lote
2025-12-02 18:49:44,699 - INFO - ⌛ aguardando confirmação final de programação do lote
2025-12-02 18:50:05,123 - INFO - ⌛ aguardando confirmação final de programação do lote
2025-12-02 18:50:25,518 - INFO - ⌛ aguardando confirmação final de programação do lote
2025-12-02 18:50:45,903 - INFO - ⌛ aguardando confirmação final de programação do lote
2025-12-02 18:51:06,281 - INFO - ⌛ aguardando confirmação final de programação do lote
2025-12-02 18:51:26,655 - INFO - ⌛ aguardando confirmação final de programação do lote
2025-12-02 18:51:47,054 - INFO - ⌛ aguardando confirmação final de programação do lote
2025-12-02 18:52:07,412 - INFO - ⌛ aguardando confirmação final de programação do lote
2025-12-02 18:52:27,773 - INFO - ⌛ aguardando confirmação final de programação do lote
2025-12-02 18:52:48,160 - INFO - ⌛ aguardando confirmação final de programação do lote
2025-12-02 18:53:08,531 - INFO - ⌛ aguardando confirmação final de programação do lote
2025-12-02 18:53:28,906 - INFO - ⌛ aguardando confirmação final de programação do lote
2025-12-02 18:53:49,240 - INFO - ⌛ aguardando confirmação final de programação do lote
2025-12-02 18:54:09,616 - INFO - ⌛ aguardando confirmação final de programação do lote
2025-12-02 18:54:29,970 - INFO - ⌛ aguardando confirmação final de programação do lote
2025-12-02 18:54:50,334 - INFO - ⌛ aguardando confirmação final de programação do lote
2025-12-02 18:55:10,673 - INFO - 🟨 programação do lote 10 efetuado com sucesso
2025-12-02 18:55:23,835 - INFO - 
=== Iniciando lote 11/47 [LM] ===
2025-12-02 18:55:30,206 - INFO - Janela de seleção aberta
2025-12-02 18:55:34,438 - INFO - DEBUG: idx=10, inicio=150, fim=165
2025-12-02 18:55:34,438 - INFO - ✅ 15 OS copiadas para a área de transferência.
2025-12-02 18:55:34,438 - INFO - 📋 Lote 11 copiado.
2025-12-02 18:55:42,771 - INFO - ⌛ Esperando mudança visual...
2025-12-02 18:55:43,787 - INFO - ⌛ Esperando mudança visual...
2025-12-02 18:55:44,805 - INFO - ⌛ Esperando mudança visual...
2025-12-02 18:55:45,820 - INFO - ⌛ Esperando mudança visual...
2025-12-02 18:55:46,835 - INFO - ⌛ Esperando mudança visual...
2025-12-02 18:55:47,852 - INFO - ⌛ Esperando mudança visual...
2025-12-02 18:55:48,865 - INFO - ⌛ Esperando mudança visual...
2025-12-02 18:55:49,881 - INFO - ⌛ Esperando mudança visual...
2025-12-02 18:55:50,897 - INFO - ⌛ Esperando mudança visual...
2025-12-02 18:55:51,914 - INFO - ⌛ Esperando mudança visual...
2025-12-02 18:55:52,934 - INFO - ⌛ Esperando mudança visual...
2025-12-02 18:55:53,949 - INFO - ✅ Tela carregada!
2025-12-02 18:56:04,413 - INFO - ⌛ Aguardando janela de confirmação de desbloqueio...
2025-12-02 18:56:24,696 - INFO - 🟨 Registros desbloqueados com sucesso
2025-12-02 18:56:38,288 - INFO - 🟨 OS programadas detectadas
2025-12-02 18:56:41,471 - INFO - ⌛ Aguardando janela de edição de OS...
2025-12-02 18:57:01,799 - INFO - 🟨 Janela de edição de OS detectada
2025-12-02 18:57:23,168 - INFO - 🟨 Janela de edição de habilidade da turma detectada
2025-12-02 18:58:08,476 - INFO - ⌛ Aguardando detecção do campo de caracteristica 'EQUIPE PRÓPRIA OU EPS' ...
2025-12-02 18:58:28,620 - INFO - ⌛ Aguardando detecção do campo de caracteristica 'EQUIPE PRÓPRIA OU EPS' ...
2025-12-02 18:58:48,752 - INFO - ⌛ Aguardando detecção do campo de caracteristica 'EQUIPE PRÓPRIA OU EPS' ...
2025-12-02 18:59:08,913 - INFO - 🟨 campo de caracteristica 'EQUIPE PRÓPRIA OU EPS detectado
2025-12-02 18:59:30,646 - INFO - ⌛ Aguardando confirmação 4 - editar OS...
2025-12-02 19:00:31,571 - INFO - ⌛ Aguardando janela de confirmação de programação de OS...
2025-12-02 19:00:51,844 - INFO - 🟨 Janela de confirmação de programação de OS detectada
2025-12-02 19:00:55,171 - INFO - ⌛ aguardando janela de programação de lote de OS...
2025-12-02 19:01:15,576 - INFO - 🟨 Janela de aviso de edição de OS programadas detectada
2025-12-02 19:01:19,842 - INFO - ⌛ aguardando janela de programação de lote de OS...
2025-12-02 19:01:40,258 - INFO - 🟨 Janela de aviso de substituição de lote de OS detectada
2025-12-02 19:01:46,535 - INFO - ⌛ aguardando janela de programação de lote de OS...
2025-12-02 19:02:06,922 - INFO - 🟨 Janela de programação de lote de OS detectada
2025-12-02 19:02:34,342 - INFO - ⌛ aguardando janela de confirmação de programação de lote de OS...
2025-12-02 19:02:54,650 - INFO - 🟨 Janela de confirmação de programação de lote de OS detectada
2025-12-02 19:02:58,908 - INFO - ⌛ aguardando confirmação final de programação do lote
2025-12-02 19:03:19,284 - INFO - 🟨 programação do lote 11 efetuado com sucesso
2025-12-02 19:03:32,476 - INFO - 
=== Iniciando lote 12/47 [LM] ===
2025-12-02 19:03:38,837 - INFO - Janela de seleção aberta
2025-12-02 19:03:43,082 - INFO - DEBUG: idx=11, inicio=165, fim=180
2025-12-02 19:03:43,082 - INFO - ✅ 15 OS copiadas para a área de transferência.
2025-12-02 19:03:43,082 - INFO - 📋 Lote 12 copiado.
2025-12-02 19:03:51,410 - INFO - ⌛ Esperando mudança visual...
2025-12-02 19:03:52,428 - INFO - ⌛ Esperando mudança visual...
2025-12-02 19:03:53,441 - INFO - ⌛ Esperando mudança visual...
2025-12-02 19:03:54,454 - INFO - ⌛ Esperando mudança visual...
2025-12-02 19:03:55,474 - INFO - ⌛ Esperando mudança visual...
2025-12-02 19:03:56,483 - INFO - ⌛ Esperando mudança visual...
2025-12-02 19:03:57,501 - INFO - ⌛ Esperando mudança visual...
2025-12-02 19:03:58,515 - INFO - ⌛ Esperando mudança visual...
2025-12-02 19:03:59,538 - INFO - ⌛ Esperando mudança visual...
2025-12-02 19:04:00,547 - INFO - ⌛ Esperando mudança visual...
2025-12-02 19:04:01,563 - INFO - ✅ Tela carregada!
2025-12-02 19:04:12,064 - INFO - ⌛ Aguardando janela de confirmação de desbloqueio...
2025-12-02 19:04:32,356 - INFO - 🟨 Registros desbloqueados com sucesso
2025-12-02 19:04:45,949 - INFO - 🟨 OS programadas detectadas
2025-12-02 19:04:49,121 - INFO - ⌛ Aguardando janela de edição de OS...
2025-12-02 19:05:09,456 - INFO - 🟨 Janela de edição de OS detectada
2025-12-02 19:05:30,816 - INFO - 🟨 Janela de edição de habilidade da turma detectada
2025-12-02 19:06:16,120 - INFO - ⌛ Aguardando detecção do campo de caracteristica 'EQUIPE PRÓPRIA OU EPS' ...
2025-12-02 19:06:36,289 - INFO - ⌛ Aguardando detecção do campo de caracteristica 'EQUIPE PRÓPRIA OU EPS' ...
2025-12-02 19:06:56,433 - INFO - ⌛ Aguardando detecção do campo de caracteristica 'EQUIPE PRÓPRIA OU EPS' ...
2025-12-02 19:07:16,594 - INFO - 🟨 campo de caracteristica 'EQUIPE PRÓPRIA OU EPS detectado
2025-12-02 19:07:38,323 - INFO - ⌛ Aguardando confirmação 4 - editar OS...
2025-12-02 19:08:39,249 - INFO - ⌛ Aguardando janela de confirmação de programação de OS...
2025-12-02 19:08:59,555 - INFO - 🟨 Janela de confirmação de programação de OS detectada
2025-12-02 19:09:02,919 - INFO - ⌛ aguardando janela de programação de lote de OS...
2025-12-02 19:09:23,327 - INFO - 🟨 Janela de aviso de edição de OS programadas detectada
2025-12-02 19:09:27,602 - INFO - ⌛ aguardando janela de programação de lote de OS...
2025-12-02 19:09:48,037 - INFO - 🟨 Janela de aviso de substituição de lote de OS detectada
2025-12-02 19:09:54,297 - INFO - ⌛ aguardando janela de programação de lote de OS...
2025-12-02 19:10:14,666 - INFO - 🟨 Janela de programação de lote de OS detectada
2025-12-02 19:10:42,109 - INFO - ⌛ aguardando janela de confirmação de programação de lote de OS...
2025-12-02 19:11:02,400 - INFO - 🟨 Janela de confirmação de programação de lote de OS detectada
2025-12-02 19:11:06,676 - INFO - ⌛ aguardando confirmação final de programação do lote
2025-12-02 19:11:27,021 - INFO - 🟨 programação do lote 12 efetuado com sucesso
2025-12-02 19:11:40,200 - INFO - 
=== Iniciando lote 13/47 [LM] ===
2025-12-02 19:11:46,587 - INFO - Janela de seleção aberta
2025-12-02 19:11:50,823 - INFO - DEBUG: idx=12, inicio=180, fim=195
2025-12-02 19:11:50,823 - INFO - ✅ 15 OS copiadas para a área de transferência.
2025-12-02 19:11:50,823 - INFO - 📋 Lote 13 copiado.
2025-12-02 19:11:59,159 - INFO - ⌛ Esperando mudança visual...
2025-12-02 19:12:00,182 - INFO - ⌛ Esperando mudança visual...
2025-12-02 19:12:01,190 - INFO - ⌛ Esperando mudança visual...
2025-12-02 19:12:02,210 - INFO - ⌛ Esperando mudança visual...
2025-12-02 19:12:03,227 - INFO - ⌛ Esperando mudança visual...
2025-12-02 19:12:04,242 - INFO - ⌛ Esperando mudança visual...
2025-12-02 19:12:05,253 - INFO - ⌛ Esperando mudança visual...
2025-12-02 19:12:06,272 - INFO - ⌛ Esperando mudança visual...
2025-12-02 19:12:07,282 - INFO - ⌛ Esperando mudança visual...
2025-12-02 19:12:08,301 - INFO - ⌛ Esperando mudança visual...
2025-12-02 19:12:09,315 - INFO - ✅ Tela carregada!
2025-12-02 19:12:19,812 - INFO - ⌛ Aguardando janela de confirmação de desbloqueio...
2025-12-02 19:12:40,100 - INFO - ⌛ Aguardando janela de confirmação de desbloqueio...
2025-12-02 19:13:00,422 - INFO - 🟨 Registros desbloqueados com sucesso
2025-12-02 19:13:14,002 - INFO - 🟨 OS programadas detectadas
2025-12-02 19:13:17,168 - INFO - ⌛ Aguardando janela de edição de OS...
2025-12-02 19:13:37,512 - INFO - 🟨 Janela de edição de OS detectada
2025-12-02 19:13:58,858 - INFO - 🟨 Janela de edição de habilidade da turma detectada
2025-12-02 19:14:44,187 - INFO - ⌛ Aguardando detecção do campo de caracteristica 'EQUIPE PRÓPRIA OU EPS' ...
2025-12-02 19:15:04,344 - INFO - ⌛ Aguardando detecção do campo de caracteristica 'EQUIPE PRÓPRIA OU EPS' ...
2025-12-02 19:15:24,488 - INFO - ⌛ Aguardando detecção do campo de caracteristica 'EQUIPE PRÓPRIA OU EPS' ...
2025-12-02 19:15:44,641 - INFO - 🟨 campo de caracteristica 'EQUIPE PRÓPRIA OU EPS detectado
2025-12-02 19:16:06,397 - INFO - ⌛ Aguardando confirmação 4 - editar OS...
2025-12-02 19:17:07,304 - INFO - ⌛ Aguardando janela de confirmação de programação de OS...
2025-12-02 19:17:27,560 - INFO - 🟨 Janela de confirmação de programação de OS detectada
2025-12-02 19:17:30,853 - INFO - ⌛ aguardando janela de programação de lote de OS...
2025-12-02 19:17:51,235 - INFO - 🟨 Janela de aviso de edição de OS programadas detectada
2025-12-02 19:17:55,496 - INFO - ⌛ aguardando janela de programação de lote de OS...
2025-12-02 19:18:15,875 - INFO - 🟨 Janela de aviso de substituição de lote de OS detectada
2025-12-02 19:18:22,130 - INFO - ⌛ aguardando janela de programação de lote de OS...
2025-12-02 19:18:42,517 - INFO - 🟨 Janela de programação de lote de OS detectada
2025-12-02 19:19:09,993 - INFO - ⌛ aguardando janela de confirmação de programação de lote de OS...
2025-12-02 19:19:30,300 - INFO - 🟨 Janela de confirmação de programação de lote de OS detectada
2025-12-02 19:19:34,632 - INFO - ⌛ aguardando confirmação final de programação do lote
2025-12-02 19:19:55,020 - INFO - 🟨 programação do lote 13 efetuado com sucesso
2025-12-02 19:20:08,188 - INFO - 
=== Iniciando lote 14/47 [LM] ===
2025-12-02 19:20:14,545 - INFO - Janela de seleção aberta
2025-12-02 19:20:18,776 - INFO - DEBUG: idx=13, inicio=195, fim=210
2025-12-02 19:20:18,776 - INFO - ✅ 15 OS copiadas para a área de transferência.
2025-12-02 19:20:18,776 - INFO - 📋 Lote 14 copiado.
2025-12-02 19:20:27,104 - INFO - ⌛ Esperando mudança visual...
2025-12-02 19:20:28,127 - INFO - ⌛ Esperando mudança visual...
2025-12-02 19:20:29,140 - INFO - ⌛ Esperando mudança visual...
2025-12-02 19:20:30,156 - INFO - ⌛ Esperando mudança visual...
2025-12-02 19:20:31,168 - INFO - ⌛ Esperando mudança visual...
2025-12-02 19:20:32,192 - INFO - ⌛ Esperando mudança visual...
2025-12-02 19:20:33,202 - INFO - ⌛ Esperando mudança visual...
2025-12-02 19:20:34,215 - INFO - ⌛ Esperando mudança visual...
2025-12-02 19:20:35,227 - INFO - ⌛ Esperando mudança visual...
2025-12-02 19:20:36,245 - INFO - ✅ Tela carregada!
2025-12-02 19:20:46,745 - INFO - ⌛ Aguardando janela de confirmação de desbloqueio...
2025-12-02 19:21:07,029 - INFO - 🟨 Registros desbloqueados com sucesso
2025-12-02 19:21:20,625 - INFO - 🟨 OS programadas detectadas
2025-12-02 19:21:23,801 - INFO - ⌛ Aguardando janela de edição de OS...
2025-12-02 19:21:44,133 - INFO - 🟨 Janela de edição de OS detectada
2025-12-02 19:22:05,500 - INFO - 🟨 Janela de edição de habilidade da turma detectada
2025-12-02 19:22:50,811 - INFO - ⌛ Aguardando detecção do campo de caracteristica 'EQUIPE PRÓPRIA OU EPS' ...
2025-12-02 19:23:10,947 - INFO - ⌛ Aguardando detecção do campo de caracteristica 'EQUIPE PRÓPRIA OU EPS' ...
2025-12-02 19:23:31,094 - INFO - ⌛ Aguardando detecção do campo de caracteristica 'EQUIPE PRÓPRIA OU EPS' ...
2025-12-02 19:23:51,249 - INFO - 🟨 campo de caracteristica 'EQUIPE PRÓPRIA OU EPS detectado
2025-12-02 19:24:12,965 - INFO - ⌛ Aguardando confirmação 4 - editar OS...
2025-12-02 19:24:33,231 - INFO - ⌛ Aguardando confirmação 4 - editar OS...
2025-12-02 19:24:53,512 - INFO - ⌛ Aguardando confirmação 4 - editar OS...
2025-12-02 19:25:13,776 - INFO - ⌛ Aguardando confirmação 4 - editar OS...
2025-12-02 19:25:34,074 - INFO - ⌛ Aguardando confirmação 4 - editar OS...
2025-12-02 19:25:54,383 - INFO - ⌛ Aguardando confirmação 4 - editar OS...
2025-12-02 19:26:14,679 - INFO - ⌛ Aguardando confirmação 4 - editar OS...
2025-12-02 19:26:34,962 - INFO - ⌛ Aguardando confirmação 4 - editar OS...
2025-12-02 19:26:55,245 - INFO - ⌛ Aguardando confirmação 4 - editar OS...
2025-12-02 19:27:15,550 - INFO - ⌛ Aguardando confirmação 4 - editar OS...
2025-12-02 19:27:35,884 - INFO - ⌛ Aguardando confirmação 4 - editar OS...
2025-12-02 19:27:56,161 - INFO - ⌛ Aguardando confirmação 4 - editar OS...
2025-12-02 19:28:16,441 - INFO - ⌛ Aguardando confirmação 4 - editar OS...
2025-12-02 19:28:36,693 - INFO - ⌛ Aguardando confirmação 4 - editar OS...
2025-12-02 19:28:56,958 - INFO - ⌛ Aguardando confirmação 4 - editar OS...
2025-12-02 19:29:17,247 - INFO - ⌛ Aguardando confirmação 4 - editar OS...
2025-12-02 19:29:37,528 - INFO - ⌛ Aguardando confirmação 4 - editar OS...
2025-12-02 19:30:38,459 - INFO - ⌛ Aguardando janela de confirmação de programação de OS...
2025-12-02 19:30:58,741 - INFO - 🟨 Janela de confirmação de programação de OS detectada
2025-12-02 19:31:02,080 - INFO - ⌛ aguardando janela de programação de lote de OS...
2025-12-02 19:31:22,478 - INFO - 🟨 Janela de aviso de edição de OS programadas detectada
2025-12-02 19:31:26,745 - INFO - ⌛ aguardando janela de programação de lote de OS...
2025-12-02 19:31:47,164 - INFO - 🟨 Janela de aviso de substituição de lote de OS detectada
2025-12-02 19:31:53,435 - INFO - ⌛ aguardando janela de programação de lote de OS...
2025-12-02 19:32:13,895 - INFO - ⌛ aguardando janela de programação de lote de OS...
2025-12-02 19:32:34,296 - INFO - ⌛ aguardando janela de programação de lote de OS...
2025-12-02 19:32:54,701 - INFO - ⌛ aguardando janela de programação de lote de OS...
2025-12-02 19:33:15,129 - INFO - ⌛ aguardando janela de programação de lote de OS...
2025-12-02 19:33:35,478 - INFO - ⌛ aguardando janela de programação de lote de OS...
2025-12-02 19:33:55,847 - INFO - ⌛ aguardando janela de programação de lote de OS...
2025-12-02 19:34:16,219 - INFO - ⌛ aguardando janela de programação de lote de OS...
2025-12-02 19:34:36,606 - INFO - ⌛ aguardando janela de programação de lote de OS...
2025-12-02 19:34:56,963 - INFO - ⌛ aguardando janela de programação de lote de OS...
2025-12-02 19:35:17,374 - INFO - ⌛ aguardando janela de programação de lote de OS...
2025-12-02 19:35:37,753 - INFO - ⌛ aguardando janela de programação de lote de OS...
2025-12-02 19:35:58,116 - INFO - ⌛ aguardando janela de programação de lote de OS...
2025-12-02 19:36:18,466 - INFO - ⌛ aguardando janela de programação de lote de OS...
2025-12-02 19:36:38,855 - INFO - ⌛ aguardando janela de programação de lote de OS...
2025-12-02 19:36:59,231 - INFO - ⌛ aguardando janela de programação de lote de OS...
2025-12-02 19:37:19,620 - INFO - ⌛ aguardando janela de programação de lote de OS...
2025-12-02 19:37:40,015 - INFO - ⌛ aguardando janela de programação de lote de OS...
2025-12-02 19:38:00,396 - INFO - ⌛ aguardando janela de programação de lote de OS...
2025-12-02 19:38:20,752 - INFO - ⌛ aguardando janela de programação de lote de OS...
2025-12-02 19:38:41,116 - INFO - ⌛ aguardando janela de programação de lote de OS...
2025-12-02 19:39:01,513 - INFO - ⌛ aguardando janela de programação de lote de OS...
2025-12-02 19:39:21,896 - INFO - ⌛ aguardando janela de programação de lote de OS...
2025-12-02 19:39:42,276 - INFO - ⌛ aguardando janela de programação de lote de OS...
2025-12-02 19:40:02,659 - INFO - ⌛ aguardando janela de programação de lote de OS...
2025-12-02 19:40:23,036 - INFO - ⌛ aguardando janela de programação de lote de OS...
2025-12-02 19:40:43,413 - INFO - ⌛ aguardando janela de programação de lote de OS...
2025-12-02 19:41:03,770 - INFO - ⏱️ Tempo limite atingido. Abortando seleção
2025-12-02 19:41:03,848 - INFO - 🟨 Identificado falha no EQM
