2026-03-04 11:38:53,484 - INFO - Data hoje: 04/03/2026
2026-03-04 11:38:53,484 - INFO - Data de referência: 31/03/2026
2026-03-04 11:40:04,838 - INFO - Qtde OS de LINHA VIVA: 2005
2026-03-04 11:40:04,838 - INFO - Qtde OS poda de LINHA MORTA: 458
2026-03-04 11:40:04,838 - INFO - Qtde OS estrutural de LINHA MORTA : 127
2026-03-04 11:40:04,838 - INFO - Qtde OS poda de LINHA MORTA fora carteira: 2762
2026-03-04 11:40:04,838 - INFO - Qtde OS para desprogramar: 868
2026-03-04 11:40:04,838 - INFO - 
 Qtd de lotes de LM: 19
2026-03-04 11:40:04,838 - INFO - 
 Qtd de lotes de LV: 81
2026-03-04 11:40:04,838 - INFO - 
 Qtd de lotes de ESTRUTURAL LM: 6
2026-03-04 11:40:04,838 - INFO - 
 Qtd de lotes de LEVE: 111
2026-03-04 11:40:04,838 - INFO - 
 Qtd de lotes para desprogramar: 35
2026-03-04 11:40:04,838 - INFO - 
=== Iniciando lote 1/19 [LM] ===
2026-03-04 11:40:11,222 - INFO - Janela de seleção aberta
2026-03-04 11:40:17,584 - INFO - DEBUG: idx=0, inicio=0, fim=25
2026-03-04 11:40:17,584 - INFO - ✅ 25 OS copiadas para a área de transferência.
2026-03-04 11:40:17,584 - INFO - 📋 Lote 1 copiado.
2026-03-04 11:40:25,904 - INFO - ⌛ Esperando mudança visual...
2026-03-04 11:40:26,916 - INFO - ⌛ Esperando mudança visual...
2026-03-04 11:40:27,939 - INFO - ✅ Tela carregada!
2026-03-04 11:40:38,430 - INFO - ⌛ Aguardando janela de confirmação de desbloqueio...
2026-03-04 11:40:53,861 - INFO - 🟨 Registros desbloqueados com sucesso
2026-03-04 11:41:07,364 - INFO - ⌛ Aguardando janela de edição de OS...
2026-03-04 11:41:22,843 - INFO - 🟨 OS programadas detectadas
2026-03-04 11:41:26,005 - INFO - ⌛ Aguardando janela de edição de OS...
2026-03-04 11:41:41,453 - INFO - 🟨 Janela de edição de OS detectada
2026-03-04 11:42:02,816 - INFO - 🟨 Janela de edição de habilidade da turma detectada
2026-03-04 11:43:21,111 - INFO - ⌛ Aguardando detecção do campo de caracteristica 'EQUIPE PRÓPRIA OU EPS' ...
2026-03-04 11:43:40,486 - INFO - 🟨 campo de caracteristica 'EQUIPE PRÓPRIA OU EPS detectado
2026-03-04 11:44:02,252 - INFO - ⌛ Aguardando confirmação 4 - editar OS...
2026-03-04 11:44:17,677 - INFO - ⌛ Aguardando confirmação 4 - editar OS...
2026-03-04 11:44:33,312 - INFO - ⌛ Aguardando confirmação 4 - editar OS...
2026-03-04 11:44:48,951 - INFO - 🟨 Janela de confirmação 4 de edição de OS detectada
2026-03-04 11:45:19,651 - INFO - ⌛ Aguardando janela de confirmação de programação de OS...
2026-03-04 11:45:40,045 - INFO - 🟨 Janela de confirmação de programação de OS detectada
2026-03-04 11:45:53,406 - INFO - 🟨 Janela de aviso de edição de OS programadas detectada
2026-03-04 11:45:57,665 - INFO - ⌛ aguardando janela de programação de lote de OS...
2026-03-04 11:46:18,224 - INFO - 🟨 Janela de aviso de substituição de lote de OS detectada
2026-03-04 11:46:24,482 - INFO - ⌛ aguardando janela de programação de lote de OS...
2026-03-04 11:46:45,009 - INFO - 🟨 Janela de programação de lote de OS detectada
2026-03-04 11:53:01,465 - INFO - Data hoje: 04/03/2026
2026-03-04 11:53:01,465 - INFO - Data de referência: 31/03/2026
2026-03-04 11:54:07,343 - INFO - Qtde OS de LINHA VIVA: 2005
2026-03-04 11:54:07,343 - INFO - Qtde OS poda de LINHA MORTA: 458
2026-03-04 11:54:07,343 - INFO - Qtde OS estrutural de LINHA MORTA : 127
2026-03-04 11:54:07,343 - INFO - Qtde OS poda de LINHA MORTA fora carteira: 2762
2026-03-04 11:54:07,343 - INFO - Qtde OS para desprogramar: 868
2026-03-04 11:54:07,343 - INFO - 
 Qtd de lotes de LM: 19
2026-03-04 11:54:07,343 - INFO - 
 Qtd de lotes de LV: 81
2026-03-04 11:54:07,343 - INFO - 
 Qtd de lotes de ESTRUTURAL LM: 6
2026-03-04 11:54:07,343 - INFO - 
 Qtd de lotes de LEVE: 111
2026-03-04 11:54:07,343 - INFO - 
 Qtd de lotes para desprogramar: 35
2026-03-04 11:54:07,343 - INFO - 
=== Iniciando lote 1/6 [REDES] ===
2026-03-04 11:54:13,742 - INFO - Janela de seleção aberta
2026-03-04 11:54:17,984 - INFO - DEBUG: idx=0, inicio=0, fim=25
2026-03-04 11:54:17,984 - INFO - ✅ 25 OS copiadas para a área de transferência.
2026-03-04 11:54:17,984 - INFO - 📋 Lote 1 copiado.
2026-03-04 11:54:26,307 - INFO - ⌛ Esperando mudança visual...
2026-03-04 11:54:27,319 - INFO - ⌛ Esperando mudança visual...
2026-03-04 11:54:28,332 - INFO - ⌛ Esperando mudança visual...
2026-03-04 11:54:29,356 - INFO - ⌛ Esperando mudança visual...
2026-03-04 11:54:30,366 - INFO - ⌛ Esperando mudança visual...
2026-03-04 11:54:31,380 - INFO - ✅ Tela carregada!
2026-03-04 11:54:41,842 - INFO - ⌛ Aguardando janela de confirmação de desbloqueio...
2026-03-04 11:54:57,214 - INFO - 🟨 Registros desbloqueados com sucesso
2026-03-04 11:55:10,726 - INFO - ⌛ Aguardando janela de edição de OS...
2026-03-04 11:55:26,226 - INFO - 🟨 OS programadas detectadas
2026-03-04 11:55:29,386 - INFO - ⌛ Aguardando janela de edição de OS...
2026-03-04 11:55:44,841 - INFO - 🟨 Janela de edição de OS detectada
2026-03-04 11:56:06,201 - INFO - 🟨 Janela de edição de habilidade da turma detectada
2026-03-04 11:57:24,518 - INFO - ⌛ Aguardando detecção do campo de caracteristica 'EQUIPE PRÓPRIA OU EPS' ...
2026-03-04 11:57:43,858 - INFO - 🟨 campo de caracteristica 'EQUIPE PRÓPRIA OU EPS detectado
2026-03-04 11:58:05,639 - INFO - ⌛ Aguardando confirmação 4 - editar OS...
2026-03-04 11:58:21,114 - INFO - ⌛ Aguardando confirmação 4 - editar OS...
2026-03-04 11:58:36,538 - INFO - ⌛ Aguardando confirmação 4 - editar OS...
2026-03-04 11:58:52,019 - INFO - 🟨 Janela de confirmação 4 de edição de OS detectada
2026-03-04 11:59:22,712 - INFO - ⌛ Aguardando janela de confirmação de programação de OS...
2026-03-04 11:59:43,102 - INFO - 🟨 Janela de confirmação de programação de OS detectada
2026-03-04 11:59:56,482 - INFO - 🟨 Janela de aviso de edição de OS programadas detectada
2026-03-04 12:00:00,754 - INFO - ⌛ aguardando janela de programação de lote de OS...
2026-03-04 12:00:21,455 - INFO - 🟨 Janela de aviso de substituição de lote de OS detectada
2026-03-04 12:00:27,728 - INFO - ⌛ aguardando janela de programação de lote de OS...
2026-03-04 12:00:48,340 - INFO - 🟨 Janela de programação de lote de OS detectada
2026-03-04 12:01:25,983 - INFO - 🟨 Janela de confirmação de programação de lote de OS detectada
2026-03-04 12:01:30,323 - INFO - ⌛ aguardando confirmação final de programação do lote
2026-03-04 12:01:50,992 - INFO - 🟨 programação do lote 1 efetuado com sucesso
2026-03-04 12:02:01,179 - INFO - 
=== Iniciando lote 2/6 [REDES] ===
2026-03-04 12:02:07,551 - INFO - Janela de seleção aberta
2026-03-04 12:02:11,794 - INFO - DEBUG: idx=1, inicio=25, fim=50
2026-03-04 12:02:11,794 - INFO - ✅ 25 OS copiadas para a área de transferência.
2026-03-04 12:02:11,794 - INFO - 📋 Lote 2 copiado.
2026-03-04 12:02:20,131 - INFO - ⌛ Esperando mudança visual...
2026-03-04 12:02:21,144 - INFO - ⌛ Esperando mudança visual...
2026-03-04 12:02:22,159 - INFO - ⌛ Esperando mudança visual...
2026-03-04 12:02:23,176 - INFO - ⌛ Esperando mudança visual...
2026-03-04 12:02:24,190 - INFO - ⌛ Esperando mudança visual...
2026-03-04 12:02:25,207 - INFO - ⌛ Esperando mudança visual...
2026-03-04 12:02:26,222 - INFO - ⌛ Esperando mudança visual...
2026-03-04 12:02:27,237 - INFO - ⌛ Esperando mudança visual...
2026-03-04 12:02:28,257 - INFO - ⌛ Esperando mudança visual...
2026-03-04 12:02:29,269 - INFO - ⌛ Esperando mudança visual...
2026-03-04 12:02:30,284 - INFO - ⌛ Esperando mudança visual...
2026-03-04 12:02:31,305 - INFO - ⌛ Esperando mudança visual...
2026-03-04 12:02:32,316 - INFO - ✅ Tela carregada!
2026-03-04 12:02:42,801 - INFO - ⌛ Aguardando janela de confirmação de desbloqueio...
2026-03-04 12:02:58,238 - INFO - ⌛ Aguardando janela de confirmação de desbloqueio...
2026-03-04 12:03:13,695 - INFO - 🟨 Registros desbloqueados com sucesso
2026-03-04 12:03:27,203 - INFO - ⌛ Aguardando janela de edição de OS...
2026-03-04 12:03:42,725 - INFO - 🟨 OS programadas detectadas
2026-03-04 12:03:45,873 - INFO - ⌛ Aguardando janela de edição de OS...
2026-03-04 12:04:01,330 - INFO - 🟨 Janela de edição de OS detectada
2026-03-04 12:04:22,695 - INFO - 🟨 Janela de edição de habilidade da turma detectada
2026-03-04 12:05:40,985 - INFO - ⌛ Aguardando detecção do campo de caracteristica 'EQUIPE PRÓPRIA OU EPS' ...
2026-03-04 12:06:00,332 - INFO - 🟨 campo de caracteristica 'EQUIPE PRÓPRIA OU EPS detectado
2026-03-04 12:06:22,125 - INFO - ⌛ Aguardando confirmação 4 - editar OS...
2026-03-04 12:06:37,593 - INFO - ⌛ Aguardando confirmação 4 - editar OS...
2026-03-04 12:06:53,091 - INFO - ⌛ Aguardando confirmação 4 - editar OS...
2026-03-04 12:07:08,521 - INFO - 🟨 Janela de confirmação 4 de edição de OS detectada
2026-03-04 12:07:39,199 - INFO - ⌛ Aguardando janela de confirmação de programação de OS...
2026-03-04 12:07:59,568 - INFO - 🟨 Janela de confirmação de programação de OS detectada
2026-03-04 12:08:12,956 - INFO - 🟨 Janela de aviso de edição de OS programadas detectada
2026-03-04 12:08:17,247 - INFO - ⌛ aguardando janela de programação de lote de OS...
2026-03-04 12:08:37,895 - INFO - 🟨 Janela de aviso de substituição de lote de OS detectada
2026-03-04 12:08:44,173 - INFO - ⌛ aguardando janela de programação de lote de OS...
2026-03-04 12:09:04,692 - INFO - 🟨 Janela de programação de lote de OS detectada
2026-03-04 12:09:42,252 - INFO - 🟨 Janela de confirmação de programação de lote de OS detectada
2026-03-04 12:09:46,544 - INFO - ⌛ aguardando confirmação final de programação do lote
2026-03-04 12:10:07,107 - INFO - 🟨 programação do lote 2 efetuado com sucesso
2026-03-04 12:10:17,285 - INFO - 
=== Iniciando lote 3/6 [REDES] ===
2026-03-04 12:10:23,653 - INFO - Janela de seleção aberta
2026-03-04 12:10:27,884 - INFO - DEBUG: idx=2, inicio=50, fim=75
2026-03-04 12:10:27,884 - INFO - ✅ 25 OS copiadas para a área de transferência.
2026-03-04 12:10:27,884 - INFO - 📋 Lote 3 copiado.
2026-03-04 12:10:36,206 - INFO - ⌛ Esperando mudança visual...
2026-03-04 12:10:37,227 - INFO - ⌛ Esperando mudança visual...
2026-03-04 12:10:38,243 - INFO - ⌛ Esperando mudança visual...
2026-03-04 12:10:39,258 - INFO - ⌛ Esperando mudança visual...
2026-03-04 12:10:40,275 - INFO - ⌛ Esperando mudança visual...
2026-03-04 12:10:41,290 - INFO - ⌛ Esperando mudança visual...
2026-03-04 12:10:42,305 - INFO - ⌛ Esperando mudança visual...
2026-03-04 12:10:43,320 - INFO - ⌛ Esperando mudança visual...
2026-03-04 12:10:44,337 - INFO - ⌛ Esperando mudança visual...
2026-03-04 12:10:45,359 - INFO - ⌛ Esperando mudança visual...
2026-03-04 12:10:46,368 - INFO - ⌛ Esperando mudança visual...
2026-03-04 12:10:47,383 - INFO - ✅ Tela carregada!
2026-03-04 12:10:57,856 - INFO - ⌛ Aguardando janela de confirmação de desbloqueio...
2026-03-04 12:11:13,305 - INFO - 🟨 Registros desbloqueados com sucesso
2026-03-04 12:11:26,805 - INFO - ⌛ Aguardando janela de edição de OS...
2026-03-04 12:11:42,319 - INFO - 🟨 OS programadas detectadas
2026-03-04 12:11:45,484 - INFO - ⌛ Aguardando janela de edição de OS...
2026-03-04 12:12:01,021 - INFO - 🟨 Janela de edição de OS detectada
2026-03-04 12:12:22,390 - INFO - 🟨 Janela de edição de habilidade da turma detectada
2026-03-04 12:13:40,704 - INFO - ⌛ Aguardando detecção do campo de caracteristica 'EQUIPE PRÓPRIA OU EPS' ...
2026-03-04 12:14:00,065 - INFO - 🟨 campo de caracteristica 'EQUIPE PRÓPRIA OU EPS detectado
2026-03-04 12:14:21,905 - INFO - ⌛ Aguardando confirmação 4 - editar OS...
2026-03-04 12:14:37,486 - INFO - ⌛ Aguardando confirmação 4 - editar OS...
2026-03-04 12:14:52,975 - INFO - ⌛ Aguardando confirmação 4 - editar OS...
2026-03-04 12:15:08,579 - INFO - 🟨 Janela de confirmação 4 de edição de OS detectada
2026-03-04 12:15:39,298 - INFO - ⌛ Aguardando janela de confirmação de programação de OS...
2026-03-04 12:15:59,709 - INFO - 🟨 Janela de confirmação de programação de OS detectada
2026-03-04 12:16:13,067 - INFO - 🟨 Janela de aviso de edição de OS programadas detectada
2026-03-04 12:16:17,335 - INFO - ⌛ aguardando janela de programação de lote de OS...
2026-03-04 12:16:37,964 - INFO - 🟨 Janela de aviso de substituição de lote de OS detectada
2026-03-04 12:16:44,239 - INFO - ⌛ aguardando janela de programação de lote de OS...
2026-03-04 12:17:04,854 - INFO - ⌛ aguardando janela de programação de lote de OS...
2026-03-04 12:17:25,437 - INFO - 🟨 Janela de programação de lote de OS detectada
2026-03-04 12:18:03,040 - INFO - 🟨 Janela de confirmação de programação de lote de OS detectada
2026-03-04 12:18:07,311 - INFO - ⌛ aguardando confirmação final de programação do lote
2026-03-04 12:18:27,823 - INFO - 🟨 programação do lote 3 efetuado com sucesso
2026-03-04 12:18:37,980 - INFO - 
=== Iniciando lote 4/6 [REDES] ===
2026-03-04 12:18:44,347 - INFO - Janela de seleção aberta
2026-03-04 12:18:48,592 - INFO - DEBUG: idx=3, inicio=75, fim=100
2026-03-04 12:18:48,592 - INFO - ✅ 25 OS copiadas para a área de transferência.
2026-03-04 12:18:48,592 - INFO - 📋 Lote 4 copiado.
2026-03-04 12:18:56,924 - INFO - ⌛ Esperando mudança visual...
2026-03-04 12:18:57,938 - INFO - ⌛ Esperando mudança visual...
2026-03-04 12:18:58,953 - INFO - ⌛ Esperando mudança visual...
2026-03-04 12:18:59,969 - INFO - ⌛ Esperando mudança visual...
2026-03-04 12:19:00,985 - INFO - ⌛ Esperando mudança visual...
2026-03-04 12:19:02,000 - INFO - ⌛ Esperando mudança visual...
2026-03-04 12:19:03,016 - INFO - ⌛ Esperando mudança visual...
2026-03-04 12:19:04,033 - INFO - ⌛ Esperando mudança visual...
2026-03-04 12:19:05,047 - INFO - ⌛ Esperando mudança visual...
2026-03-04 12:19:06,062 - INFO - ⌛ Esperando mudança visual...
2026-03-04 12:19:07,079 - INFO - ⌛ Esperando mudança visual...
2026-03-04 12:19:08,095 - INFO - ✅ Tela carregada!
2026-03-04 12:19:18,563 - INFO - ⌛ Aguardando janela de confirmação de desbloqueio...
2026-03-04 12:19:33,970 - INFO - 🟨 Registros desbloqueados com sucesso
2026-03-04 12:19:47,489 - INFO - ⌛ Aguardando janela de edição de OS...
2026-03-04 12:20:02,939 - INFO - 🟨 OS programadas detectadas
2026-03-04 12:20:06,091 - INFO - ⌛ Aguardando janela de edição de OS...
2026-03-04 12:20:21,559 - INFO - 🟨 Janela de edição de OS detectada
2026-03-04 12:20:42,915 - INFO - 🟨 Janela de edição de habilidade da turma detectada
2026-03-04 12:22:01,254 - INFO - ⌛ Aguardando detecção do campo de caracteristica 'EQUIPE PRÓPRIA OU EPS' ...
2026-03-04 12:22:20,607 - INFO - 🟨 campo de caracteristica 'EQUIPE PRÓPRIA OU EPS detectado
2026-03-04 12:22:42,428 - INFO - ⌛ Aguardando confirmação 4 - editar OS...
2026-03-04 12:22:57,938 - INFO - ⌛ Aguardando confirmação 4 - editar OS...
2026-03-04 12:23:13,452 - INFO - ⌛ Aguardando confirmação 4 - editar OS...
2026-03-04 12:23:28,924 - INFO - 🟨 Janela de confirmação 4 de edição de OS detectada
2026-03-04 12:23:59,624 - INFO - ⌛ Aguardando janela de confirmação de programação de OS...
2026-03-04 12:24:19,973 - INFO - 🟨 Janela de confirmação de programação de OS detectada
2026-03-04 12:24:33,367 - INFO - 🟨 Janela de aviso de edição de OS programadas detectada
2026-03-04 12:24:37,655 - INFO - ⌛ aguardando janela de programação de lote de OS...
2026-03-04 12:24:58,229 - INFO - 🟨 Janela de aviso de substituição de lote de OS detectada
2026-03-04 12:25:04,498 - INFO - ⌛ aguardando janela de programação de lote de OS...
2026-03-04 12:25:25,023 - INFO - 🟨 Janela de programação de lote de OS detectada
2026-03-04 12:26:02,593 - INFO - 🟨 Janela de confirmação de programação de lote de OS detectada
2026-03-04 12:26:06,876 - INFO - ⌛ aguardando confirmação final de programação do lote
2026-03-04 12:26:27,496 - INFO - 🟨 programação do lote 4 efetuado com sucesso
2026-03-04 12:26:37,660 - INFO - 
=== Iniciando lote 5/6 [REDES] ===
2026-03-04 12:26:44,011 - INFO - Janela de seleção aberta
2026-03-04 12:26:48,258 - INFO - DEBUG: idx=4, inicio=100, fim=125
2026-03-04 12:26:48,258 - INFO - ✅ 25 OS copiadas para a área de transferência.
2026-03-04 12:26:48,258 - INFO - 📋 Lote 5 copiado.
2026-03-04 12:26:56,597 - INFO - ⌛ Esperando mudança visual...
2026-03-04 12:26:57,603 - INFO - ⌛ Esperando mudança visual...
2026-03-04 12:26:58,619 - INFO - ⌛ Esperando mudança visual...
2026-03-04 12:26:59,635 - INFO - ⌛ Esperando mudança visual...
2026-03-04 12:27:00,651 - INFO - ⌛ Esperando mudança visual...
2026-03-04 12:27:01,666 - INFO - ⌛ Esperando mudança visual...
2026-03-04 12:27:02,699 - INFO - ⌛ Esperando mudança visual...
2026-03-04 12:27:03,714 - INFO - ⌛ Esperando mudança visual...
2026-03-04 12:27:04,730 - INFO - ⌛ Esperando mudança visual...
2026-03-04 12:27:05,746 - INFO - ⌛ Esperando mudança visual...
2026-03-04 12:27:06,761 - INFO - ⌛ Esperando mudança visual...
2026-03-04 12:27:07,777 - INFO - ✅ Tela carregada!
2026-03-04 12:27:18,286 - INFO - ⌛ Aguardando janela de confirmação de desbloqueio...
2026-03-04 12:27:33,686 - INFO - 🟨 Registros desbloqueados com sucesso
2026-03-04 12:27:47,202 - INFO - ⌛ Aguardando janela de edição de OS...
2026-03-04 12:28:02,649 - INFO - 🟨 OS programadas detectadas
2026-03-04 12:28:05,820 - INFO - ⌛ Aguardando janela de edição de OS...
2026-03-04 12:28:21,327 - INFO - 🟨 Janela de edição de OS detectada
2026-03-04 12:28:42,684 - INFO - 🟨 Janela de edição de habilidade da turma detectada
2026-03-04 12:30:01,011 - INFO - ⌛ Aguardando detecção do campo de caracteristica 'EQUIPE PRÓPRIA OU EPS' ...
2026-03-04 12:30:20,380 - INFO - 🟨 campo de caracteristica 'EQUIPE PRÓPRIA OU EPS detectado
2026-03-04 12:30:42,183 - INFO - ⌛ Aguardando confirmação 4 - editar OS...
2026-03-04 12:30:57,649 - INFO - ⌛ Aguardando confirmação 4 - editar OS...
2026-03-04 12:31:13,187 - INFO - ⌛ Aguardando confirmação 4 - editar OS...
2026-03-04 12:31:28,661 - INFO - 🟨 Janela de confirmação 4 de edição de OS detectada
2026-03-04 12:31:59,377 - INFO - ⌛ Aguardando janela de confirmação de programação de OS...
2026-03-04 12:32:19,745 - INFO - 🟨 Janela de confirmação de programação de OS detectada
2026-03-04 12:32:33,076 - INFO - 🟨 Janela de aviso de edição de OS programadas detectada
2026-03-04 12:32:37,342 - INFO - ⌛ aguardando janela de programação de lote de OS...
2026-03-04 12:32:58,012 - INFO - 🟨 Janela de aviso de substituição de lote de OS detectada
2026-03-04 12:33:04,285 - INFO - ⌛ aguardando janela de programação de lote de OS...
2026-03-04 12:33:24,820 - INFO - 🟨 Janela de programação de lote de OS detectada
2026-03-04 12:34:02,418 - INFO - 🟨 Janela de confirmação de programação de lote de OS detectada
2026-03-04 12:34:06,706 - INFO - ⌛ aguardando confirmação final de programação do lote
2026-03-04 12:34:27,302 - INFO - 🟨 programação do lote 5 efetuado com sucesso
2026-03-04 12:34:37,469 - INFO - 
=== Iniciando lote 6/6 [REDES] ===
2026-03-04 12:34:43,846 - INFO - Janela de seleção aberta
2026-03-04 12:34:48,083 - INFO - DEBUG: idx=5, inicio=125, fim=150
2026-03-04 12:34:48,083 - INFO - ✅ 2 OS copiadas para a área de transferência.
2026-03-04 12:34:48,083 - INFO - 📋 Lote 6 copiado.
2026-03-04 12:34:56,405 - INFO - ⌛ Esperando mudança visual...
2026-03-04 12:34:57,426 - INFO - ⌛ Esperando mudança visual...
2026-03-04 12:34:58,442 - INFO - ⌛ Esperando mudança visual...
2026-03-04 12:34:59,459 - INFO - ⌛ Esperando mudança visual...
2026-03-04 12:35:00,474 - INFO - ⌛ Esperando mudança visual...
2026-03-04 12:35:01,492 - INFO - ⌛ Esperando mudança visual...
2026-03-04 12:35:02,507 - INFO - ⌛ Esperando mudança visual...
2026-03-04 12:35:03,524 - INFO - ⌛ Esperando mudança visual...
2026-03-04 12:35:04,537 - INFO - ⌛ Esperando mudança visual...
2026-03-04 12:35:05,551 - INFO - ✅ Tela carregada!
2026-03-04 12:35:16,017 - INFO - ⌛ Aguardando janela de confirmação de desbloqueio...
2026-03-04 12:35:31,422 - INFO - 🟨 Registros desbloqueados com sucesso
2026-03-04 12:35:44,942 - INFO - 🟨 OS programadas detectadas
2026-03-04 12:35:48,112 - INFO - ⌛ Aguardando janela de edição de OS...
2026-03-04 12:36:03,571 - INFO - 🟨 Janela de edição de OS detectada
2026-03-04 12:36:24,935 - INFO - 🟨 Janela de edição de habilidade da turma detectada
2026-03-04 12:37:43,258 - INFO - ⌛ Aguardando detecção do campo de caracteristica 'EQUIPE PRÓPRIA OU EPS' ...
2026-03-04 12:38:02,622 - INFO - 🟨 campo de caracteristica 'EQUIPE PRÓPRIA OU EPS detectado
2026-03-04 12:38:24,397 - INFO - 🟨 Janela de atenção de OS com contrato não vigente detectada
2026-03-04 12:38:34,498 - INFO - ⌛ Aguardando confirmação 4 - editar OS...
2026-03-04 12:38:49,937 - INFO - ⌛ Aguardando confirmação 4 - editar OS...
2026-03-04 12:39:05,398 - INFO - ⌛ Aguardando confirmação 4 - editar OS...
2026-03-04 12:39:20,901 - INFO - ⌛ Aguardando confirmação 4 - editar OS...
2026-03-04 12:39:36,352 - INFO - ⌛ Aguardando confirmação 4 - editar OS...
2026-03-04 12:39:51,790 - INFO - ⌛ Aguardando confirmação 4 - editar OS...
2026-03-04 12:40:07,294 - INFO - ⌛ Aguardando confirmação 4 - editar OS...
2026-03-04 12:40:22,797 - INFO - ⌛ Aguardando confirmação 4 - editar OS...
2026-03-04 12:40:38,280 - INFO - ⌛ Aguardando confirmação 4 - editar OS...
2026-03-04 12:40:53,755 - INFO - ⌛ Aguardando confirmação 4 - editar OS...
2026-03-04 12:41:09,217 - INFO - ⌛ Aguardando confirmação 4 - editar OS...
2026-03-04 12:41:24,725 - INFO - ⌛ Aguardando confirmação 4 - editar OS...
2026-03-04 12:41:40,240 - INFO - ⌛ Aguardando confirmação 4 - editar OS...
2026-03-04 12:41:55,666 - INFO - ⌛ Aguardando confirmação 4 - editar OS...
2026-03-04 12:42:11,137 - INFO - ⌛ Aguardando confirmação 4 - editar OS...
2026-03-04 12:42:26,601 - INFO - ⌛ Aguardando confirmação 4 - editar OS...
2026-03-04 12:42:42,069 - INFO - ⌛ Aguardando confirmação 4 - editar OS...
2026-03-04 12:42:57,529 - INFO - ⌛ Aguardando confirmação 4 - editar OS...
2026-03-04 12:43:12,988 - INFO - ⌛ Aguardando confirmação 4 - editar OS...
2026-03-04 12:43:28,419 - INFO - ⌛ Aguardando confirmação 4 - editar OS...
2026-03-04 12:43:43,962 - INFO - ⌛ Aguardando confirmação 4 - editar OS...
2026-03-04 12:43:59,418 - INFO - ⌛ Aguardando confirmação 4 - editar OS...
2026-03-04 12:44:14,854 - INFO - ⌛ Aguardando confirmação 4 - editar OS...
2026-03-04 12:44:30,284 - INFO - ⌛ Aguardando confirmação 4 - editar OS...
2026-03-04 12:44:45,720 - INFO - ⌛ Aguardando confirmação 4 - editar OS...
2026-03-04 12:45:01,178 - INFO - ⌛ Aguardando confirmação 4 - editar OS...
2026-03-04 12:45:16,615 - INFO - ⌛ Aguardando confirmação 4 - editar OS...
2026-03-04 12:45:32,082 - INFO - ⌛ Aguardando confirmação 4 - editar OS...
2026-03-04 12:45:47,517 - INFO - ⌛ Aguardando confirmação 4 - editar OS...
2026-03-04 12:46:02,995 - INFO - ⌛ Aguardando confirmação 4 - editar OS...
2026-03-04 12:46:18,423 - INFO - ⌛ Aguardando confirmação 4 - editar OS...
2026-03-04 12:46:33,857 - INFO - ⌛ Aguardando confirmação 4 - editar OS...
2026-03-04 12:46:49,311 - INFO - ⌛ Aguardando confirmação 4 - editar OS...
2026-03-04 12:47:04,795 - INFO - ⌛ Aguardando confirmação 4 - editar OS...
2026-03-04 12:47:20,226 - INFO - ⌛ Aguardando confirmação 4 - editar OS...
2026-03-04 12:47:35,693 - INFO - ⌛ Aguardando confirmação 4 - editar OS...
2026-03-04 12:47:51,180 - INFO - ⌛ Aguardando confirmação 4 - editar OS...
2026-03-04 12:48:06,643 - INFO - ⌛ Aguardando confirmação 4 - editar OS...
2026-03-04 12:48:22,082 - INFO - ⌛ Aguardando confirmação 4 - editar OS...
2026-03-04 12:48:37,547 - INFO - ⌛ Aguardando confirmação 4 - editar OS...
2026-03-04 12:48:53,013 - INFO - ⌛ Aguardando confirmação 4 - editar OS...
2026-03-04 12:49:08,438 - INFO - ⌛ Aguardando confirmação 4 - editar OS...
2026-03-04 12:49:23,903 - INFO - ⌛ Aguardando confirmação 4 - editar OS...
2026-03-04 12:49:39,363 - INFO - ⌛ Aguardando confirmação 4 - editar OS...
2026-03-04 12:49:54,845 - INFO - ⌛ Aguardando confirmação 4 - editar OS...
2026-03-04 12:50:10,287 - INFO - ⌛ Aguardando confirmação 4 - editar OS...
2026-03-04 12:50:25,756 - INFO - ⌛ Aguardando confirmação 4 - editar OS...
2026-03-04 12:50:41,249 - INFO - ⌛ Aguardando confirmação 4 - editar OS...
2026-03-04 12:50:56,782 - INFO - ⌛ Aguardando confirmação 4 - editar OS...
2026-03-04 12:51:12,282 - INFO - ⌛ Aguardando confirmação 4 - editar OS...
2026-03-04 12:51:27,705 - INFO - ⌛ Aguardando confirmação 4 - editar OS...
2026-03-04 12:51:43,160 - INFO - ⌛ Aguardando confirmação 4 - editar OS...
2026-03-04 12:51:58,616 - INFO - ⌛ Aguardando confirmação 4 - editar OS...
2026-03-04 12:52:14,052 - INFO - ⌛ Aguardando confirmação 4 - editar OS...
2026-03-04 12:52:29,496 - INFO - ⌛ Aguardando confirmação 4 - editar OS...
2026-03-04 12:52:44,965 - INFO - ⌛ Aguardando confirmação 4 - editar OS...
2026-03-04 12:53:00,439 - INFO - ⌛ Aguardando confirmação 4 - editar OS...
2026-03-04 12:53:15,911 - INFO - ⌛ Aguardando confirmação 4 - editar OS...
2026-03-04 12:53:31,371 - INFO - ⌛ Aguardando confirmação 4 - editar OS...
2026-03-04 12:53:46,804 - INFO - ⌛ Aguardando confirmação 4 - editar OS...
2026-03-04 12:54:02,261 - INFO - ⌛ Aguardando confirmação 4 - editar OS...
2026-03-04 12:54:17,729 - INFO - ⌛ Aguardando confirmação 4 - editar OS...
2026-03-04 12:54:33,237 - INFO - ⌛ Aguardando confirmação 4 - editar OS...
2026-03-04 12:54:48,717 - INFO - ⌛ Aguardando confirmação 4 - editar OS...
2026-03-04 12:55:04,224 - INFO - ⌛ Aguardando confirmação 4 - editar OS...
2026-03-04 12:55:19,714 - INFO - ⌛ Aguardando confirmação 4 - editar OS...
2026-03-04 12:55:35,232 - INFO - ⌛ Aguardando confirmação 4 - editar OS...
2026-03-04 12:55:50,733 - INFO - ⌛ Aguardando confirmação 4 - editar OS...
2026-03-04 12:56:06,200 - INFO - ⌛ Aguardando confirmação 4 - editar OS...
2026-03-04 12:56:21,655 - INFO - ⌛ Aguardando confirmação 4 - editar OS...
2026-03-04 12:56:37,199 - INFO - ⌛ Aguardando confirmação 4 - editar OS...
2026-03-04 12:56:52,784 - INFO - ⌛ Aguardando confirmação 4 - editar OS...
2026-03-04 12:57:08,271 - INFO - ⌛ Aguardando confirmação 4 - editar OS...
2026-03-04 12:57:23,773 - INFO - ⌛ Aguardando confirmação 4 - editar OS...
2026-03-04 12:57:39,276 - INFO - ⌛ Aguardando confirmação 4 - editar OS...
2026-03-04 12:57:54,740 - INFO - ⌛ Aguardando confirmação 4 - editar OS...
2026-03-04 12:58:10,234 - INFO - ⌛ Aguardando confirmação 4 - editar OS...
2026-03-04 12:58:25,706 - INFO - ⌛ Aguardando confirmação 4 - editar OS...
2026-03-04 12:58:41,210 - INFO - verificando janela oculta
2026-03-04 12:59:01,667 - INFO - ⏱️ Tempo limite atingido. Abortando seleção
2026-03-04 12:59:01,667 - INFO - Capturando print...
2026-03-04 13:37:37,139 - INFO - Data hoje: 04/03/2026
2026-03-04 13:37:37,139 - INFO - Data de referência: 31/03/2026
2026-03-04 13:38:12,406 - INFO - Data hoje: 04/03/2026
2026-03-04 13:38:12,406 - INFO - Data de referência: 31/03/2026
2026-03-04 13:39:14,853 - INFO - Qtde OS de LINHA VIVA: 2005
2026-03-04 13:39:14,853 - INFO - Qtde OS poda de LINHA MORTA: 458
2026-03-04 13:39:14,853 - INFO - Qtde OS estrutural de LINHA MORTA : 127
2026-03-04 13:39:14,853 - INFO - Qtde OS poda de LINHA MORTA fora carteira: 2762
2026-03-04 13:39:14,853 - INFO - Qtde OS para desprogramar: 868
2026-03-04 13:39:14,853 - INFO - 
 Qtd de lotes de LM: 19
2026-03-04 13:39:14,853 - INFO - 
 Qtd de lotes de LV: 81
2026-03-04 13:39:14,853 - INFO - 
 Qtd de lotes de ESTRUTURAL LM: 6
2026-03-04 13:39:14,853 - INFO - 
 Qtd de lotes de LEVE: 111
2026-03-04 13:39:14,853 - INFO - 
 Qtd de lotes para desprogramar: 35
2026-03-04 13:39:14,853 - INFO - 
=== Iniciando lote 1/6 [REDES] ===
2026-03-04 13:39:28,288 - INFO - ⌛ Aguardando janela de edição de OS...
2026-03-04 13:39:43,729 - INFO - 🟨 OS programadas detectadas
2026-03-04 13:39:46,889 - INFO - ⌛ Aguardando janela de edição de OS...
2026-03-04 13:40:02,326 - INFO - 🟨 Janela de edição de OS detectada
2026-03-04 13:40:23,691 - INFO - 🟨 Janela de edição de habilidade da turma detectada
2026-03-04 13:41:42,036 - INFO - ⌛ Aguardando detecção do campo de caracteristica 'EQUIPE PRÓPRIA OU EPS' ...
2026-03-04 13:42:01,390 - INFO - 🟨 campo de caracteristica 'EQUIPE PRÓPRIA OU EPS detectado
2026-03-04 13:42:23,188 - INFO - 🟨 Janela de atenção de OS com contrato não vigente detectada
2026-03-04 13:42:33,309 - INFO - ⌛ Aguardando confirmação 4 - editar OS...
2026-03-04 13:42:49,770 - INFO - ⌛ Aguardando confirmação 4 - editar OS...
2026-03-04 13:47:32,325 - INFO - Data hoje: 04/03/2026
2026-03-04 13:47:32,325 - INFO - Data de referência: 31/03/2026
2026-03-04 13:49:15,161 - INFO - Qtde OS de LINHA VIVA: 2005
2026-03-04 13:49:15,161 - INFO - Qtde OS poda de LINHA MORTA: 458
2026-03-04 13:49:15,161 - INFO - Qtde OS estrutural de LINHA MORTA : 127
2026-03-04 13:49:15,161 - INFO - Qtde OS poda de LINHA MORTA fora carteira: 2762
2026-03-04 13:49:15,161 - INFO - Qtde OS para desprogramar: 868
2026-03-04 13:49:15,161 - INFO - 
 Qtd de lotes de LM: 19
2026-03-04 13:49:15,172 - INFO - 
 Qtd de lotes de LV: 81
2026-03-04 13:49:15,172 - INFO - 
 Qtd de lotes de ESTRUTURAL LM: 6
2026-03-04 13:49:15,172 - INFO - 
 Qtd de lotes de LEVE: 111
2026-03-04 13:49:15,172 - INFO - 
 Qtd de lotes para desprogramar: 35
2026-03-04 13:49:15,172 - INFO - 
=== Iniciando lote 1/6 [REDES] ===
2026-03-04 13:49:28,899 - INFO - ⌛ Aguardando janela de edição de OS...
2026-03-04 13:49:45,099 - INFO - 🟨 OS programadas detectadas
2026-03-04 13:49:48,349 - INFO - ⌛ Aguardando janela de edição de OS...
2026-03-04 13:50:04,492 - INFO - 🟨 Janela de edição de OS detectada
2026-03-04 13:50:25,960 - INFO - 🟨 Janela de edição de habilidade da turma detectada
2026-03-04 13:51:44,394 - INFO - ⌛ Aguardando detecção do campo de caracteristica 'EQUIPE PRÓPRIA OU EPS' ...
2026-03-04 13:52:03,860 - INFO - 🟨 campo de caracteristica 'EQUIPE PRÓPRIA OU EPS detectado
2026-03-04 13:52:26,035 - INFO - 🟨 Janela de atenção de OS com contrato não vigente detectada
2026-03-04 13:52:47,242 - INFO - ⌛ Aguardando confirmação 4 - editar OS...
2026-03-04 13:53:03,634 - INFO - 🟨 Janela de atenção de OS com contrato não vigente detectada
2026-03-04 13:53:24,841 - INFO - ⌛ Aguardando confirmação 4 - editar OS...
2026-03-04 14:16:08,112 - INFO - Data hoje: 04/03/2026
2026-03-04 14:16:08,112 - INFO - Data de referência: 31/03/2026
2026-03-04 14:16:51,622 - INFO - Data hoje: 04/03/2026
2026-03-04 14:16:51,624 - INFO - Data de referência: 31/03/2026
2026-03-04 14:18:34,635 - INFO - Qtde OS de LINHA VIVA: 2005
2026-03-04 14:18:34,635 - INFO - Qtde OS poda de LINHA MORTA: 458
2026-03-04 14:18:34,635 - INFO - Qtde OS estrutural de LINHA MORTA : 127
2026-03-04 14:18:34,635 - INFO - Qtde OS poda de LINHA MORTA fora carteira: 2762
2026-03-04 14:18:34,635 - INFO - Qtde OS para desprogramar: 868
2026-03-04 14:18:34,635 - INFO - 
 Qtd de lotes de LM: 19
2026-03-04 14:18:34,635 - INFO - 
 Qtd de lotes de LV: 81
2026-03-04 14:18:34,635 - INFO - 
 Qtd de lotes de ESTRUTURAL LM: 6
2026-03-04 14:18:34,635 - INFO - 
 Qtd de lotes de LEVE: 111
2026-03-04 14:18:34,635 - INFO - 
 Qtd de lotes para desprogramar: 35
2026-03-04 14:18:34,635 - INFO - 
=== Iniciando lote 6/6 [REDES] ===
2026-03-04 14:18:41,230 - INFO - Janela de seleção aberta
2026-03-04 14:18:45,500 - INFO - DEBUG: idx=5, inicio=125, fim=150
2026-03-04 14:18:45,516 - INFO - ✅ 2 OS copiadas para a área de transferência.
2026-03-04 14:18:45,516 - INFO - 📋 Lote 6 copiado.
2026-03-04 14:18:53,850 - INFO - ⌛ Esperando mudança visual...
2026-03-04 14:18:54,866 - INFO - ⌛ Esperando mudança visual...
2026-03-04 14:18:55,883 - INFO - ⌛ Esperando mudança visual...
2026-03-04 14:18:56,894 - INFO - ⌛ Esperando mudança visual...
2026-03-04 14:18:57,903 - INFO - ⌛ Esperando mudança visual...
2026-03-04 14:18:58,922 - INFO - ⌛ Esperando mudança visual...
2026-03-04 14:18:59,944 - INFO - ⌛ Esperando mudança visual...
2026-03-04 14:19:00,958 - INFO - ⌛ Esperando mudança visual...
2026-03-04 14:19:01,972 - INFO - ⌛ Esperando mudança visual...
2026-03-04 14:19:03,000 - INFO - ⌛ Esperando mudança visual...
2026-03-04 14:19:04,011 - INFO - ⌛ Esperando mudança visual...
2026-03-04 14:19:05,031 - INFO - ⌛ Esperando mudança visual...
2026-03-04 14:19:06,072 - INFO - ✅ Tela carregada!
2026-03-04 14:19:16,667 - INFO - ⌛ Aguardando janela de confirmação de desbloqueio...
2026-03-04 14:19:32,739 - INFO - 🟨 Registros desbloqueados com sucesso
2026-03-04 14:19:46,512 - INFO - 🟨 OS programadas detectadas
2026-03-04 14:19:49,813 - INFO - ⌛ Aguardando janela de edição de OS...
2026-03-04 14:20:06,005 - INFO - 🟨 Janela de edição de OS detectada
2026-03-04 14:20:27,486 - INFO - 🟨 Janela de edição de habilidade da turma detectada
2026-03-04 14:21:45,950 - INFO - ⌛ Aguardando detecção do campo de caracteristica 'EQUIPE PRÓPRIA OU EPS' ...
2026-03-04 14:22:05,444 - INFO - 🟨 campo de caracteristica 'EQUIPE PRÓPRIA OU EPS detectado
2026-03-04 14:22:27,656 - INFO - 🟨 Janela de atenção de OS com contrato não vigente detectada
2026-03-04 14:22:39,771 - INFO - 
=== Iniciando lote 26/81 [LV] ===
2026-03-04 14:22:46,232 - INFO - ⌛ Aguardando janela de seleção...
2026-03-04 14:22:57,366 - INFO - ⌛ Aguardando janela de seleção...
2026-03-04 14:23:08,497 - INFO - ⌛ Aguardando janela de seleção...
2026-03-04 14:23:19,629 - INFO - ⌛ Aguardando janela de seleção...
2026-03-04 14:23:30,755 - INFO - ⌛ Aguardando janela de seleção...
2026-03-04 14:23:41,847 - INFO - ⌛ Aguardando janela de seleção...
2026-03-04 14:23:52,940 - INFO - ⌛ Aguardando janela de seleção...
2026-03-04 14:24:04,053 - INFO - ⌛ Aguardando janela de seleção...
2026-03-04 14:24:15,202 - INFO - ⌛ Aguardando janela de seleção...
2026-03-04 14:24:26,318 - INFO - ⌛ Aguardando janela de seleção...
2026-03-04 14:24:37,493 - INFO - ⌛ Aguardando janela de seleção...
2026-03-04 14:24:48,777 - INFO - ⌛ Aguardando janela de seleção...
2026-03-04 14:24:59,905 - INFO - ⌛ Aguardando janela de seleção...
2026-03-04 14:43:57,814 - INFO - Data hoje: 04/03/2026
2026-03-04 14:43:57,814 - INFO - Data de referência: 31/03/2026
2026-03-04 17:53:31,244 - INFO - Data hoje: 04/03/2026
2026-03-04 17:53:31,245 - INFO - Data de referência: 31/03/2026
2026-03-04 17:53:46,801 - INFO - Data hoje: 04/03/2026
2026-03-04 17:53:46,801 - INFO - Data de referência: 31/03/2026
2026-03-04 18:10:55,971 - INFO - Data hoje: 04/03/2026
2026-03-04 18:10:55,973 - INFO - Data de referência: 31/03/2026
2026-03-04 18:12:37,979 - INFO - Qtde OS de LINHA VIVA: 2004
2026-03-04 18:12:37,979 - INFO - Qtde OS poda de LINHA MORTA: 458
2026-03-04 18:12:37,979 - INFO - Qtde OS estrutural de LINHA MORTA : 127
2026-03-04 18:12:37,979 - INFO - Qtde OS poda de LINHA MORTA fora carteira: 2763
2026-03-04 18:12:37,979 - INFO - Qtde OS para desprogramar: 850
2026-03-04 18:12:37,995 - INFO - 
 Qtd de lotes de LM: 19
2026-03-04 18:12:37,995 - INFO - 
 Qtd de lotes de LV: 81
2026-03-04 18:12:37,995 - INFO - 
 Qtd de lotes de ESTRUTURAL LM: 6
2026-03-04 18:12:37,995 - INFO - 
 Qtd de lotes de LEVE: 111
2026-03-04 18:12:37,995 - INFO - 
 Qtd de lotes para desprogramar: 34
2026-03-04 18:12:37,995 - INFO - 
=== Iniciando lote 1/81 [LV] ===
2026-03-04 18:13:11,923 - INFO - Data hoje: 04/03/2026
2026-03-04 18:13:11,923 - INFO - Data de referência: 31/03/2026
2026-03-04 18:13:18,723 - INFO - Data hoje: 04/03/2026
2026-03-04 18:13:18,723 - INFO - Data de referência: 31/03/2026
2026-03-04 18:14:37,039 - INFO - Qtde OS de LINHA VIVA: 2004
2026-03-04 18:14:37,039 - INFO - Qtde OS poda de LINHA MORTA: 458
2026-03-04 18:14:37,039 - INFO - Qtde OS estrutural de LINHA MORTA : 127
2026-03-04 18:14:37,039 - INFO - Qtde OS poda de LINHA MORTA fora carteira: 2763
2026-03-04 18:14:37,039 - INFO - Qtde OS para desprogramar: 850
2026-03-04 18:14:37,039 - INFO - 
 Qtd de lotes de LM: 19
2026-03-04 18:14:37,039 - INFO - 
 Qtd de lotes de LV: 81
2026-03-04 18:14:37,039 - INFO - 
 Qtd de lotes de ESTRUTURAL LM: 6
2026-03-04 18:14:37,039 - INFO - 
 Qtd de lotes de LEVE: 111
2026-03-04 18:14:37,039 - INFO - 
 Qtd de lotes para desprogramar: 34
2026-03-04 18:14:37,039 - INFO - 
=== Iniciando lote 6/6 [REDES] ===
2026-03-04 18:14:43,500 - INFO - Janela de seleção aberta
2026-03-04 18:14:47,737 - INFO - DEBUG: idx=5, inicio=125, fim=150
2026-03-04 18:14:47,737 - INFO - ✅ 2 OS copiadas para a área de transferência.
2026-03-04 18:14:47,737 - INFO - 📋 Lote 6 copiado.
2026-03-04 18:14:56,080 - INFO - ⌛ Esperando mudança visual...
2026-03-04 18:14:57,101 - INFO - ✅ Tela carregada!
2026-03-04 18:15:07,578 - INFO - ⌛ Aguardando janela de confirmação de desbloqueio...
2026-03-04 18:15:22,995 - INFO - 🟨 Registros desbloqueados com sucesso
2026-03-04 18:15:36,531 - INFO - 🟨 OS programadas detectadas
2026-03-04 18:15:39,692 - INFO - ⌛ Aguardando janela de edição de OS...
2026-03-04 18:15:55,131 - INFO - 🟨 Janela de edição de OS detectada
2026-03-04 18:16:16,493 - INFO - 🟨 Janela de edição de habilidade da turma detectada
2026-03-04 18:17:34,804 - INFO - ⌛ Aguardando detecção do campo de caracteristica 'EQUIPE PRÓPRIA OU EPS' ...
2026-03-04 18:17:54,153 - INFO - 🟨 campo de caracteristica 'EQUIPE PRÓPRIA OU EPS detectado
2026-03-04 18:18:15,932 - INFO - 🟨 Janela de atenção de OS com contrato não vigente, pulando lote
2026-03-04 18:18:28,144 - INFO - 
=== Iniciando lote 26/81 [LV] ===
2026-03-04 18:18:34,482 - INFO - Janela de seleção aberta
2026-03-04 18:18:38,750 - INFO - DEBUG: idx=25, inicio=625, fim=650
2026-03-04 18:18:38,750 - INFO - ✅ 25 OS copiadas para a área de transferência.
2026-03-04 18:18:38,750 - INFO - 📋 Lote 26 copiado.
2026-03-04 18:18:47,078 - INFO - ⌛ Esperando mudança visual...
2026-03-04 18:18:48,092 - INFO - ⌛ Esperando mudança visual...
2026-03-04 18:18:49,108 - INFO - ⌛ Esperando mudança visual...
2026-03-04 18:18:50,123 - INFO - ⌛ Esperando mudança visual...
2026-03-04 18:18:51,139 - INFO - ⌛ Esperando mudança visual...
2026-03-04 18:18:52,154 - INFO - ⌛ Esperando mudança visual...
2026-03-04 18:18:53,170 - INFO - ⌛ Esperando mudança visual...
2026-03-04 18:18:54,186 - INFO - ⌛ Esperando mudança visual...
2026-03-04 18:18:55,202 - INFO - ⌛ Esperando mudança visual...
2026-03-04 18:18:56,218 - INFO - ⌛ Esperando mudança visual...
2026-03-04 18:18:57,233 - INFO - ⌛ Esperando mudança visual...
2026-03-04 18:18:58,251 - INFO - ✅ Tela carregada!
2026-03-04 18:19:08,745 - INFO - ⌛ Aguardando janela de confirmação de desbloqueio...
2026-03-04 18:19:24,227 - INFO - 🟨 Registros desbloqueados com sucesso
2026-03-04 18:19:37,789 - INFO - ⌛ Aguardando janela de edição de OS...
2026-03-04 18:19:53,278 - INFO - 🟨 OS programadas detectadas
2026-03-04 18:19:56,448 - INFO - ⌛ Aguardando janela de edição de OS...
2026-03-04 18:20:11,956 - INFO - 🟨 Janela de edição de OS detectada
2026-03-04 18:20:33,310 - INFO - 🟨 Janela de edição de habilidade da turma detectada
2026-03-04 18:21:51,619 - INFO - ⌛ Aguardando detecção do campo de caracteristica 'EQUIPE PRÓPRIA OU EPS' ...
2026-03-04 18:22:10,970 - INFO - 🟨 campo de caracteristica 'EQUIPE PRÓPRIA OU EPS detectado
2026-03-04 18:22:32,780 - INFO - ⌛ Aguardando confirmação 4 - editar OS...
2026-03-04 18:22:48,254 - INFO - ⌛ Aguardando confirmação 4 - editar OS...
2026-03-04 18:23:03,746 - INFO - ⌛ Aguardando confirmação 4 - editar OS...
2026-03-04 18:23:19,225 - INFO - 🟨 Janela de confirmação 4 de edição de OS detectada
2026-03-04 18:23:49,938 - INFO - ⌛ Aguardando janela de confirmação de programação de OS...
2026-03-04 18:24:10,293 - INFO - 🟨 Janela de confirmação de programação de OS detectada
2026-03-04 18:24:23,608 - INFO - 🟨 Janela de aviso de edição de OS programadas detectada
2026-03-04 18:24:27,884 - INFO - ⌛ aguardando janela de programação de lote de OS...
2026-03-04 18:24:48,405 - INFO - 🟨 Janela de aviso de substituição de lote de OS detectada
2026-03-04 18:24:54,658 - INFO - ⌛ aguardando janela de programação de lote de OS...
2026-03-04 18:25:15,116 - INFO - 🟨 Janela de programação de lote de OS detectada
2026-03-04 18:25:52,712 - INFO - 🟨 Janela de confirmação de programação de lote de OS detectada
2026-03-04 18:25:56,989 - INFO - ⌛ aguardando confirmação final de programação do lote
2026-03-04 18:26:17,543 - INFO - 🟨 programação do lote 26 efetuado com sucesso
2026-03-04 18:26:27,723 - INFO - 
=== Iniciando lote 27/81 [LV] ===
2026-03-04 18:26:34,122 - INFO - Janela de seleção aberta
2026-03-04 18:26:38,359 - INFO - DEBUG: idx=26, inicio=650, fim=675
2026-03-04 18:26:38,359 - INFO - ✅ 25 OS copiadas para a área de transferência.
2026-03-04 18:26:38,359 - INFO - 📋 Lote 27 copiado.
2026-03-04 18:26:46,689 - INFO - ⌛ Esperando mudança visual...
2026-03-04 18:26:47,700 - INFO - ⌛ Esperando mudança visual...
2026-03-04 18:26:48,710 - INFO - ⌛ Esperando mudança visual...
2026-03-04 18:26:49,726 - INFO - ⌛ Esperando mudança visual...
2026-03-04 18:26:50,742 - INFO - ⌛ Esperando mudança visual...
2026-03-04 18:26:51,757 - INFO - ⌛ Esperando mudança visual...
2026-03-04 18:26:52,773 - INFO - ⌛ Esperando mudança visual...
2026-03-04 18:26:53,788 - INFO - ⌛ Esperando mudança visual...
2026-03-04 18:26:54,804 - INFO - ⌛ Esperando mudança visual...
2026-03-04 18:26:55,820 - INFO - ⌛ Esperando mudança visual...
2026-03-04 18:26:56,836 - INFO - ⌛ Esperando mudança visual...
2026-03-04 18:26:57,852 - INFO - ✅ Tela carregada!
2026-03-04 18:27:08,340 - INFO - ⌛ Aguardando janela de confirmação de desbloqueio...
2026-03-04 18:27:23,757 - INFO - 🟨 Registros desbloqueados com sucesso
2026-03-04 18:27:37,260 - INFO - ⌛ Aguardando janela de edição de OS...
2026-03-04 18:27:52,744 - INFO - 🟨 OS programadas detectadas
2026-03-04 18:27:55,915 - INFO - ⌛ Aguardando janela de edição de OS...
2026-03-04 18:28:11,378 - INFO - 🟨 Janela de edição de OS detectada
2026-03-04 18:28:32,747 - INFO - 🟨 Janela de edição de habilidade da turma detectada
2026-03-04 18:29:51,037 - INFO - ⌛ Aguardando detecção do campo de caracteristica 'EQUIPE PRÓPRIA OU EPS' ...
2026-03-04 18:30:10,409 - INFO - 🟨 campo de caracteristica 'EQUIPE PRÓPRIA OU EPS detectado
2026-03-04 18:30:32,195 - INFO - ⌛ Aguardando confirmação 4 - editar OS...
2026-03-04 18:30:47,685 - INFO - ⌛ Aguardando confirmação 4 - editar OS...
2026-03-04 18:31:03,237 - INFO - ⌛ Aguardando confirmação 4 - editar OS...
2026-03-04 18:31:18,797 - INFO - 🟨 Janela de confirmação 4 de edição de OS detectada
2026-03-04 18:31:49,511 - INFO - ⌛ Aguardando janela de confirmação de programação de OS...
2026-03-04 18:32:09,945 - INFO - 🟨 Janela de confirmação de programação de OS detectada
2026-03-04 18:32:23,267 - INFO - 🟨 Janela de aviso de edição de OS programadas detectada
2026-03-04 18:32:27,547 - INFO - ⌛ aguardando janela de programação de lote de OS...
2026-03-04 18:32:48,172 - INFO - 🟨 Janela de aviso de substituição de lote de OS detectada
2026-03-04 18:32:54,438 - INFO - ⌛ aguardando janela de programação de lote de OS...
2026-03-04 18:33:14,961 - INFO - 🟨 Janela de programação de lote de OS detectada
2026-03-04 18:33:52,595 - INFO - 🟨 Janela de confirmação de programação de lote de OS detectada
2026-03-04 18:33:56,913 - INFO - ⌛ aguardando confirmação final de programação do lote
2026-03-04 18:34:17,486 - INFO - 🟨 programação do lote 27 efetuado com sucesso
2026-03-04 18:34:27,648 - INFO - 
=== Iniciando lote 28/81 [LV] ===
2026-03-04 18:34:34,031 - INFO - Janela de seleção aberta
2026-03-04 18:34:38,260 - INFO - DEBUG: idx=27, inicio=675, fim=700
2026-03-04 18:34:38,260 - INFO - ✅ 25 OS copiadas para a área de transferência.
2026-03-04 18:34:38,260 - INFO - 📋 Lote 28 copiado.
2026-03-04 18:34:46,600 - INFO - ⌛ Esperando mudança visual...
2026-03-04 18:34:47,607 - INFO - ⌛ Esperando mudança visual...
2026-03-04 18:34:48,638 - INFO - ⌛ Esperando mudança visual...
2026-03-04 18:34:49,653 - INFO - ⌛ Esperando mudança visual...
2026-03-04 18:34:50,669 - INFO - ⌛ Esperando mudança visual...
2026-03-04 18:34:51,685 - INFO - ⌛ Esperando mudança visual...
2026-03-04 18:34:52,701 - INFO - ⌛ Esperando mudança visual...
2026-03-04 18:34:53,715 - INFO - ⌛ Esperando mudança visual...
2026-03-04 18:34:54,732 - INFO - ⌛ Esperando mudança visual...
2026-03-04 18:34:55,748 - INFO - ⌛ Esperando mudança visual...
2026-03-04 18:34:56,763 - INFO - ✅ Tela carregada!
2026-03-04 18:35:07,239 - INFO - ⌛ Aguardando janela de confirmação de desbloqueio...
2026-03-04 18:35:22,684 - INFO - 🟨 Registros desbloqueados com sucesso
2026-03-04 18:35:36,193 - INFO - ⌛ Aguardando janela de edição de OS...
2026-03-04 18:35:51,629 - INFO - 🟨 OS programadas detectadas
2026-03-04 18:35:54,784 - INFO - ⌛ Aguardando janela de edição de OS...
2026-03-04 18:36:10,213 - INFO - 🟨 Janela de edição de OS detectada
2026-03-04 18:36:31,572 - INFO - 🟨 Janela de edição de habilidade da turma detectada
2026-03-04 18:37:49,876 - INFO - ⌛ Aguardando detecção do campo de caracteristica 'EQUIPE PRÓPRIA OU EPS' ...
2026-03-04 18:38:09,231 - INFO - 🟨 campo de caracteristica 'EQUIPE PRÓPRIA OU EPS detectado
2026-03-04 18:38:31,022 - INFO - ⌛ Aguardando confirmação 4 - editar OS...
2026-03-04 18:38:46,464 - INFO - ⌛ Aguardando confirmação 4 - editar OS...
2026-03-04 18:39:01,925 - INFO - ⌛ Aguardando confirmação 4 - editar OS...
2026-03-04 18:39:17,350 - INFO - 🟨 Janela de confirmação 4 de edição de OS detectada
2026-03-04 18:39:48,028 - INFO - ⌛ Aguardando janela de confirmação de programação de OS...
2026-03-04 18:40:08,356 - INFO - 🟨 Janela de confirmação de programação de OS detectada
2026-03-04 18:40:21,663 - INFO - 🟨 Janela de aviso de edição de OS programadas detectada
2026-03-04 18:40:25,941 - INFO - ⌛ aguardando janela de programação de lote de OS...
2026-03-04 18:40:46,617 - INFO - 🟨 Janela de aviso de substituição de lote de OS detectada
2026-03-04 18:40:52,890 - INFO - ⌛ aguardando janela de programação de lote de OS...
2026-03-04 18:41:13,419 - INFO - 🟨 Janela de programação de lote de OS detectada
2026-03-04 18:41:51,043 - INFO - 🟨 Janela de confirmação de programação de lote de OS detectada
2026-03-04 18:41:55,359 - INFO - ⌛ aguardando confirmação final de programação do lote
2026-03-04 18:42:16,016 - INFO - 🟨 programação do lote 28 efetuado com sucesso
2026-03-04 18:42:26,199 - INFO - 
=== Iniciando lote 29/81 [LV] ===
2026-03-04 18:42:32,572 - INFO - Janela de seleção aberta
2026-03-04 18:42:36,814 - INFO - DEBUG: idx=28, inicio=700, fim=725
2026-03-04 18:42:36,814 - INFO - ✅ 25 OS copiadas para a área de transferência.
2026-03-04 18:42:36,814 - INFO - 📋 Lote 29 copiado.
2026-03-04 18:42:45,140 - INFO - ⌛ Esperando mudança visual...
2026-03-04 18:42:46,157 - INFO - ⌛ Esperando mudança visual...
2026-03-04 18:42:47,172 - INFO - ⌛ Esperando mudança visual...
2026-03-04 18:42:48,188 - INFO - ⌛ Esperando mudança visual...
2026-03-04 18:42:49,204 - INFO - ⌛ Esperando mudança visual...
2026-03-04 18:42:50,220 - INFO - ⌛ Esperando mudança visual...
2026-03-04 18:42:51,235 - INFO - ⌛ Esperando mudança visual...
2026-03-04 18:42:52,250 - INFO - ⌛ Esperando mudança visual...
2026-03-04 18:42:53,267 - INFO - ⌛ Esperando mudança visual...
2026-03-04 18:42:54,282 - INFO - ⌛ Esperando mudança visual...
2026-03-04 18:42:55,298 - INFO - ⌛ Esperando mudança visual...
2026-03-04 18:42:56,313 - INFO - ✅ Tela carregada!
2026-03-04 18:43:06,781 - INFO - ⌛ Aguardando janela de confirmação de desbloqueio...
2026-03-04 18:43:22,197 - INFO - 🟨 Registros desbloqueados com sucesso
2026-03-04 18:43:35,706 - INFO - ⌛ Aguardando janela de edição de OS...
2026-03-04 18:43:51,149 - INFO - 🟨 OS programadas detectadas
2026-03-04 18:43:54,306 - INFO - ⌛ Aguardando janela de edição de OS...
2026-03-04 18:44:09,768 - INFO - 🟨 Janela de edição de OS detectada
2026-03-04 18:44:31,134 - INFO - 🟨 Janela de edição de habilidade da turma detectada
2026-03-04 18:45:49,438 - INFO - ⌛ Aguardando detecção do campo de caracteristica 'EQUIPE PRÓPRIA OU EPS' ...
2026-03-04 18:46:08,784 - INFO - 🟨 campo de caracteristica 'EQUIPE PRÓPRIA OU EPS detectado
2026-03-04 18:46:30,581 - INFO - ⌛ Aguardando confirmação 4 - editar OS...
2026-03-04 18:46:46,066 - INFO - ⌛ Aguardando confirmação 4 - editar OS...
2026-03-04 18:47:01,578 - INFO - ⌛ Aguardando confirmação 4 - editar OS...
2026-03-04 18:47:17,072 - INFO - ⌛ Aguardando confirmação 4 - editar OS...
2026-03-04 18:47:32,593 - INFO - 🟨 Janela de confirmação 4 de edição de OS detectada
2026-03-04 18:48:03,312 - INFO - ⌛ Aguardando janela de confirmação de programação de OS...
2026-03-04 18:48:23,674 - INFO - 🟨 Janela de confirmação de programação de OS detectada
2026-03-04 18:48:37,015 - INFO - 🟨 Janela de aviso de edição de OS programadas detectada
2026-03-04 18:48:41,283 - INFO - ⌛ aguardando janela de programação de lote de OS...
2026-03-04 18:49:01,873 - INFO - 🟨 Janela de aviso de substituição de lote de OS detectada
2026-03-04 18:49:08,144 - INFO - ⌛ aguardando janela de programação de lote de OS...
2026-03-04 18:49:28,769 - INFO - ⌛ aguardando janela de programação de lote de OS...
2026-03-04 18:49:49,241 - INFO - ⌛ aguardando janela de programação de lote de OS...
2026-03-04 18:50:09,750 - INFO - ⌛ aguardando janela de programação de lote de OS...
2026-03-04 18:50:30,240 - INFO - ⌛ aguardando janela de programação de lote de OS...
2026-03-04 18:50:50,785 - INFO - ⌛ aguardando janela de programação de lote de OS...
2026-03-04 18:51:11,333 - INFO - ⌛ aguardando janela de programação de lote de OS...
2026-03-04 18:51:31,870 - INFO - ⌛ aguardando janela de programação de lote de OS...
2026-03-04 18:51:52,439 - INFO - ⌛ aguardando janela de programação de lote de OS...
2026-03-04 18:52:13,042 - INFO - ⌛ aguardando janela de programação de lote de OS...
2026-03-04 18:52:33,606 - INFO - ⌛ aguardando janela de programação de lote de OS...
2026-03-04 18:52:54,141 - INFO - ⌛ aguardando janela de programação de lote de OS...
2026-03-04 18:53:14,709 - INFO - ⌛ aguardando janela de programação de lote de OS...
2026-03-04 18:53:35,295 - INFO - ⌛ aguardando janela de programação de lote de OS...
2026-03-04 18:53:55,887 - INFO - ⌛ aguardando janela de programação de lote de OS...
2026-03-04 18:54:16,385 - INFO - ⌛ aguardando janela de programação de lote de OS...
2026-03-04 18:54:36,887 - INFO - ⌛ aguardando janela de programação de lote de OS...
2026-03-04 18:54:57,394 - INFO - ⌛ aguardando janela de programação de lote de OS...
2026-03-04 18:55:17,912 - INFO - ⌛ aguardando janela de programação de lote de OS...
2026-03-04 18:55:38,441 - INFO - ⌛ aguardando janela de programação de lote de OS...
2026-03-04 18:55:58,970 - INFO - ⌛ aguardando janela de programação de lote de OS...
2026-03-04 18:56:19,473 - INFO - ⌛ aguardando janela de programação de lote de OS...
2026-03-04 18:56:40,020 - INFO - ⌛ aguardando janela de programação de lote de OS...
2026-03-04 18:57:00,541 - INFO - ⌛ aguardando janela de programação de lote de OS...
2026-03-04 18:57:21,046 - INFO - ⌛ aguardando janela de programação de lote de OS...
2026-03-04 18:57:41,561 - INFO - ⌛ aguardando janela de programação de lote de OS...
2026-03-04 18:58:02,138 - INFO - ⌛ aguardando janela de programação de lote de OS...
2026-03-04 18:58:22,677 - INFO - ⌛ aguardando janela de programação de lote de OS...
2026-03-04 18:58:43,263 - INFO - ⌛ aguardando janela de programação de lote de OS...
2026-03-04 18:59:03,834 - INFO - ⌛ aguardando janela de programação de lote de OS...
2026-03-04 18:59:24,408 - INFO - ⌛ aguardando janela de programação de lote de OS...
2026-03-04 18:59:44,900 - INFO - ⌛ aguardando janela de programação de lote de OS...
2026-03-04 19:00:05,411 - INFO - ⌛ aguardando janela de programação de lote de OS...
2026-03-04 19:00:25,893 - INFO - ⌛ aguardando janela de programação de lote de OS...
2026-03-04 19:00:46,366 - INFO - ⌛ aguardando janela de programação de lote de OS...
2026-03-04 19:01:06,844 - INFO - ⌛ aguardando janela de programação de lote de OS...
2026-03-04 19:01:27,332 - INFO - ⌛ aguardando janela de programação de lote de OS...
2026-03-04 19:01:47,939 - INFO - ⌛ aguardando janela de programação de lote de OS...
2026-03-04 19:02:08,451 - INFO - ⌛ aguardando janela de programação de lote de OS...
2026-03-04 19:02:28,950 - INFO - ⌛ aguardando janela de programação de lote de OS...
2026-03-04 19:02:49,455 - INFO - ⌛ aguardando janela de programação de lote de OS...
2026-03-04 19:03:09,973 - INFO - ⌛ aguardando janela de programação de lote de OS...
2026-03-04 19:03:30,478 - INFO - ⌛ aguardando janela de programação de lote de OS...
2026-03-04 19:03:50,965 - INFO - ⌛ aguardando janela de programação de lote de OS...
2026-03-04 19:04:11,446 - INFO - ⌛ aguardando janela de programação de lote de OS...
2026-03-04 19:04:31,976 - INFO - ⌛ aguardando janela de programação de lote de OS...
2026-03-04 19:04:52,474 - INFO - ⌛ aguardando janela de programação de lote de OS...
2026-03-04 19:05:12,980 - INFO - ⌛ aguardando janela de programação de lote de OS...
2026-03-04 19:05:33,487 - INFO - ⌛ aguardando janela de programação de lote de OS...
2026-03-04 19:05:53,979 - INFO - ⌛ aguardando janela de programação de lote de OS...
2026-03-04 19:06:14,470 - INFO - ⌛ aguardando janela de programação de lote de OS...
2026-03-04 19:06:35,026 - INFO - ⌛ aguardando janela de programação de lote de OS...
2026-03-04 19:06:55,623 - INFO - ⌛ aguardando janela de programação de lote de OS...
2026-03-04 19:07:16,135 - INFO - ⌛ aguardando janela de programação de lote de OS...
2026-03-04 19:07:36,645 - INFO - ⌛ aguardando janela de programação de lote de OS...
2026-03-04 19:07:57,150 - INFO - ⌛ aguardando janela de programação de lote de OS...
2026-03-04 19:08:17,693 - INFO - ⌛ aguardando janela de programação de lote de OS...
2026-03-04 19:08:38,222 - INFO - verificando janela oculta
2026-03-04 19:09:00,704 - INFO - Janela restaurada
2026-03-04 19:09:00,704 - INFO - ⌛ aguardando janela de programação de lote de OS...
2026-03-04 19:09:21,300 - INFO - 🟨 Janela de programação de lote de OS detectada
2026-03-04 19:09:58,843 - INFO - 🟨 Janela de confirmação de programação de lote de OS detectada
2026-03-04 19:10:03,139 - INFO - ⌛ aguardando confirmação final de programação do lote
2026-03-04 19:10:23,732 - INFO - 🟨 programação do lote 29 efetuado com sucesso
2026-03-04 19:10:33,900 - INFO - 
=== Iniciando lote 30/81 [LV] ===
2026-03-04 19:10:40,266 - INFO - Janela de seleção aberta
2026-03-04 19:10:44,490 - INFO - DEBUG: idx=29, inicio=725, fim=750
2026-03-04 19:10:44,490 - INFO - ✅ 25 OS copiadas para a área de transferência.
2026-03-04 19:10:44,490 - INFO - 📋 Lote 30 copiado.
2026-03-04 19:10:52,823 - INFO - ⌛ Esperando mudança visual...
2026-03-04 19:10:53,841 - INFO - ⌛ Esperando mudança visual...
2026-03-04 19:10:54,856 - INFO - ⌛ Esperando mudança visual...
2026-03-04 19:10:55,872 - INFO - ⌛ Esperando mudança visual...
2026-03-04 19:10:56,888 - INFO - ⌛ Esperando mudança visual...
2026-03-04 19:10:57,903 - INFO - ⌛ Esperando mudança visual...
2026-03-04 19:10:58,919 - INFO - ⌛ Esperando mudança visual...
2026-03-04 19:10:59,934 - INFO - ⌛ Esperando mudança visual...
2026-03-04 19:11:00,937 - INFO - ⌛ Esperando mudança visual...
2026-03-04 19:11:01,949 - INFO - ⌛ Esperando mudança visual...
2026-03-04 19:11:02,964 - INFO - ⌛ Esperando mudança visual...
2026-03-04 19:11:03,980 - INFO - ✅ Tela carregada!
2026-03-04 19:11:14,448 - INFO - ⌛ Aguardando janela de confirmação de desbloqueio...
2026-03-04 19:11:29,923 - INFO - 🟨 Registros desbloqueados com sucesso
2026-03-04 19:11:43,474 - INFO - ⌛ Aguardando janela de edição de OS...
2026-03-04 19:11:59,020 - INFO - 🟨 OS programadas detectadas
2026-03-04 19:12:02,193 - INFO - ⌛ Aguardando janela de edição de OS...
2026-03-04 19:12:17,767 - INFO - 🟨 Janela de edição de OS detectada
2026-03-04 19:12:39,129 - INFO - 🟨 Janela de edição de habilidade da turma detectada
2026-03-04 19:13:57,405 - INFO - ⌛ Aguardando detecção do campo de caracteristica 'EQUIPE PRÓPRIA OU EPS' ...
2026-03-04 19:14:16,740 - INFO - 🟨 campo de caracteristica 'EQUIPE PRÓPRIA OU EPS detectado
2026-03-04 19:14:38,518 - INFO - ⌛ Aguardando confirmação 4 - editar OS...
2026-03-04 19:14:54,035 - INFO - ⌛ Aguardando confirmação 4 - editar OS...
2026-03-04 19:15:09,565 - INFO - ⌛ Aguardando confirmação 4 - editar OS...
2026-03-04 19:15:25,000 - INFO - 🟨 Janela de confirmação 4 de edição de OS detectada
2026-03-04 19:15:55,683 - INFO - ⌛ Aguardando janela de confirmação de programação de OS...
2026-03-04 19:16:16,023 - INFO - 🟨 Janela de confirmação de programação de OS detectada
2026-03-04 19:16:29,354 - INFO - 🟨 Janela de aviso de edição de OS programadas detectada
2026-03-04 19:16:33,626 - INFO - ⌛ aguardando janela de programação de lote de OS...
2026-03-04 19:16:54,254 - INFO - 🟨 Janela de aviso de substituição de lote de OS detectada
2026-03-04 19:17:00,506 - INFO - ⌛ aguardando janela de programação de lote de OS...
2026-03-04 19:17:21,026 - INFO - ⌛ aguardando janela de programação de lote de OS...
2026-03-04 19:17:41,520 - INFO - ⌛ aguardando janela de programação de lote de OS...
2026-03-04 19:18:02,055 - INFO - ⌛ aguardando janela de programação de lote de OS...
2026-03-04 19:18:22,579 - INFO - ⌛ aguardando janela de programação de lote de OS...
2026-03-04 19:18:43,089 - INFO - ⌛ aguardando janela de programação de lote de OS...
2026-03-04 19:19:03,588 - INFO - ⌛ aguardando janela de programação de lote de OS...
2026-03-04 19:19:24,151 - INFO - ⌛ aguardando janela de programação de lote de OS...
2026-03-04 19:19:44,636 - INFO - ⌛ aguardando janela de programação de lote de OS...
2026-03-04 19:20:05,107 - INFO - ⌛ aguardando janela de programação de lote de OS...
2026-03-04 19:20:25,638 - INFO - ⌛ aguardando janela de programação de lote de OS...
2026-03-04 19:20:46,186 - INFO - ⌛ aguardando janela de programação de lote de OS...
2026-03-04 19:21:06,685 - INFO - ⌛ aguardando janela de programação de lote de OS...
2026-03-04 19:21:27,203 - INFO - ⌛ aguardando janela de programação de lote de OS...
2026-03-04 19:21:47,757 - INFO - ⌛ aguardando janela de programação de lote de OS...
2026-03-04 19:22:08,267 - INFO - ⌛ aguardando janela de programação de lote de OS...
2026-03-04 19:22:28,793 - INFO - ⌛ aguardando janela de programação de lote de OS...
2026-03-04 19:22:49,279 - INFO - ⌛ aguardando janela de programação de lote de OS...
2026-03-04 19:23:09,782 - INFO - ⌛ aguardando janela de programação de lote de OS...
2026-03-04 19:23:30,308 - INFO - ⌛ aguardando janela de programação de lote de OS...
2026-03-04 19:23:50,810 - INFO - ⌛ aguardando janela de programação de lote de OS...
2026-03-04 19:24:11,330 - INFO - ⌛ aguardando janela de programação de lote de OS...
2026-03-04 19:24:31,826 - INFO - ⌛ aguardando janela de programação de lote de OS...
2026-03-04 19:24:52,322 - INFO - ⌛ aguardando janela de programação de lote de OS...
2026-03-04 19:25:12,813 - INFO - ⌛ aguardando janela de programação de lote de OS...
2026-03-04 19:25:33,283 - INFO - ⌛ aguardando janela de programação de lote de OS...
2026-03-04 19:25:53,785 - INFO - ⌛ aguardando janela de programação de lote de OS...
2026-03-04 19:26:14,289 - INFO - ⌛ aguardando janela de programação de lote de OS...
2026-03-04 19:26:34,846 - INFO - ⌛ aguardando janela de programação de lote de OS...
2026-03-04 19:26:55,401 - INFO - ⌛ aguardando janela de programação de lote de OS...
2026-03-04 19:27:15,909 - INFO - ⌛ aguardando janela de programação de lote de OS...
2026-03-04 19:27:36,413 - INFO - ⌛ aguardando janela de programação de lote de OS...
2026-03-04 19:27:56,918 - INFO - ⌛ aguardando janela de programação de lote de OS...
2026-03-04 19:28:17,422 - INFO - ⌛ aguardando janela de programação de lote de OS...
2026-03-04 19:28:37,894 - INFO - ⌛ aguardando janela de programação de lote de OS...
2026-03-04 19:28:58,411 - INFO - ⌛ aguardando janela de programação de lote de OS...
2026-03-04 19:29:18,896 - INFO - ⌛ aguardando janela de programação de lote de OS...
2026-03-04 19:29:39,424 - INFO - ⌛ aguardando janela de programação de lote de OS...
2026-03-04 19:29:59,959 - INFO - ⌛ aguardando janela de programação de lote de OS...
2026-03-04 19:30:20,499 - INFO - ⌛ aguardando janela de programação de lote de OS...
2026-03-04 19:30:41,006 - INFO - ⌛ aguardando janela de programação de lote de OS...
2026-03-04 19:31:01,502 - INFO - ⌛ aguardando janela de programação de lote de OS...
2026-03-04 19:31:22,096 - INFO - ⌛ aguardando janela de programação de lote de OS...
2026-03-04 19:31:42,686 - INFO - ⌛ aguardando janela de programação de lote de OS...
2026-03-04 19:32:03,285 - INFO - ⌛ aguardando janela de programação de lote de OS...
2026-03-04 19:32:23,893 - INFO - ⌛ aguardando janela de programação de lote de OS...
2026-03-04 19:32:44,445 - INFO - ⌛ aguardando janela de programação de lote de OS...
2026-03-04 19:33:04,961 - INFO - ⌛ aguardando janela de programação de lote de OS...
2026-03-04 19:33:25,496 - INFO - ⌛ aguardando janela de programação de lote de OS...
2026-03-04 19:33:45,968 - INFO - ⌛ aguardando janela de programação de lote de OS...
2026-03-04 19:34:06,474 - INFO - ⌛ aguardando janela de programação de lote de OS...
2026-03-04 19:34:27,030 - INFO - ⌛ aguardando janela de programação de lote de OS...
2026-03-04 19:34:47,607 - INFO - ⌛ aguardando janela de programação de lote de OS...
2026-03-04 19:35:08,146 - INFO - ⌛ aguardando janela de programação de lote de OS...
2026-03-04 19:35:28,722 - INFO - ⌛ aguardando janela de programação de lote de OS...
2026-03-04 19:35:49,214 - INFO - ⌛ aguardando janela de programação de lote de OS...
2026-03-04 19:36:09,731 - INFO - ⌛ aguardando janela de programação de lote de OS...
2026-03-04 19:36:30,225 - INFO - verificando janela oculta
2026-03-04 19:36:52,694 - INFO - Janela restaurada
2026-03-04 19:36:52,694 - INFO - ⌛ aguardando janela de programação de lote de OS...
2026-03-04 19:37:13,173 - INFO - 🟨 Janela de programação de lote de OS detectada
2026-03-04 19:37:50,732 - INFO - 🟨 Janela de confirmação de programação de lote de OS detectada
2026-03-04 19:37:54,987 - INFO - ⌛ aguardando confirmação final de programação do lote
2026-03-04 19:38:15,494 - INFO - 🟨 programação do lote 30 efetuado com sucesso
2026-03-04 19:38:25,655 - INFO - 
=== Iniciando lote 31/81 [LV] ===
2026-03-04 19:38:32,014 - INFO - Janela de seleção aberta
2026-03-04 19:38:36,257 - INFO - DEBUG: idx=30, inicio=750, fim=775
2026-03-04 19:38:36,257 - INFO - ✅ 25 OS copiadas para a área de transferência.
2026-03-04 19:38:36,257 - INFO - 📋 Lote 31 copiado.
2026-03-04 19:38:44,599 - INFO - ⌛ Esperando mudança visual...
2026-03-04 19:38:45,614 - INFO - ⌛ Esperando mudança visual...
2026-03-04 19:38:46,630 - INFO - ⌛ Esperando mudança visual...
2026-03-04 19:38:47,645 - INFO - ⌛ Esperando mudança visual...
2026-03-04 19:38:48,661 - INFO - ⌛ Esperando mudança visual...
2026-03-04 19:38:49,677 - INFO - ⌛ Esperando mudança visual...
2026-03-04 19:38:50,692 - INFO - ⌛ Esperando mudança visual...
2026-03-04 19:38:51,707 - INFO - ⌛ Esperando mudança visual...
2026-03-04 19:38:52,723 - INFO - ⌛ Esperando mudança visual...
2026-03-04 19:38:53,739 - INFO - ⌛ Esperando mudança visual...
2026-03-04 19:38:54,755 - INFO - ✅ Tela carregada!
2026-03-04 19:39:05,225 - INFO - ⌛ Aguardando janela de confirmação de desbloqueio...
2026-03-04 19:39:20,646 - INFO - 🟨 Registros desbloqueados com sucesso
2026-03-04 19:39:34,161 - INFO - ⌛ Aguardando janela de edição de OS...
2026-03-04 19:39:49,612 - INFO - 🟨 OS programadas detectadas
2026-03-04 19:39:52,783 - INFO - ⌛ Aguardando janela de edição de OS...
2026-03-04 19:40:08,225 - INFO - 🟨 Janela de edição de OS detectada
2026-03-04 19:40:29,585 - INFO - 🟨 Janela de edição de habilidade da turma detectada
2026-03-04 19:41:47,892 - INFO - ⌛ Aguardando detecção do campo de caracteristica 'EQUIPE PRÓPRIA OU EPS' ...
2026-03-04 19:42:07,262 - INFO - 🟨 campo de caracteristica 'EQUIPE PRÓPRIA OU EPS detectado
2026-03-04 19:42:29,051 - INFO - ⌛ Aguardando confirmação 4 - editar OS...
2026-03-04 19:42:44,551 - INFO - ⌛ Aguardando confirmação 4 - editar OS...
2026-03-04 19:43:00,126 - INFO - ⌛ Aguardando confirmação 4 - editar OS...
2026-03-04 19:43:15,643 - INFO - 🟨 Janela de confirmação 4 de edição de OS detectada
2026-03-04 19:43:46,360 - INFO - ⌛ Aguardando janela de confirmação de programação de OS...
2026-03-04 19:44:06,766 - INFO - 🟨 Janela de confirmação de programação de OS detectada
2026-03-04 19:44:20,090 - INFO - 🟨 Janela de aviso de edição de OS programadas detectada
2026-03-04 19:44:24,365 - INFO - ⌛ aguardando janela de programação de lote de OS...
2026-03-04 19:44:45,006 - INFO - 🟨 Janela de aviso de substituição de lote de OS detectada
2026-03-04 19:44:51,275 - INFO - ⌛ aguardando janela de programação de lote de OS...
2026-03-04 19:45:11,882 - INFO - 🟨 Janela de programação de lote de OS detectada
2026-03-04 19:45:49,452 - INFO - 🟨 Janela de confirmação de programação de lote de OS detectada
2026-03-04 19:45:53,774 - INFO - ⌛ aguardando confirmação final de programação do lote
2026-03-04 19:46:14,302 - INFO - 🟨 programação do lote 31 efetuado com sucesso
2026-03-04 19:46:24,474 - INFO - 
=== Iniciando lote 32/81 [LV] ===
2026-03-04 19:46:30,835 - INFO - Janela de seleção aberta
2026-03-04 19:46:35,073 - INFO - DEBUG: idx=31, inicio=775, fim=800
2026-03-04 19:46:35,073 - INFO - ✅ 25 OS copiadas para a área de transferência.
2026-03-04 19:46:35,073 - INFO - 📋 Lote 32 copiado.
2026-03-04 19:46:43,389 - INFO - ⌛ Esperando mudança visual...
2026-03-04 19:46:44,410 - INFO - ⌛ Esperando mudança visual...
2026-03-04 19:46:45,426 - INFO - ⌛ Esperando mudança visual...
2026-03-04 19:46:46,441 - INFO - ⌛ Esperando mudança visual...
2026-03-04 19:46:47,456 - INFO - ⌛ Esperando mudança visual...
2026-03-04 19:46:48,459 - INFO - ⌛ Esperando mudança visual...
2026-03-04 19:46:49,472 - INFO - ⌛ Esperando mudança visual...
2026-03-04 19:46:50,487 - INFO - ⌛ Esperando mudança visual...
2026-03-04 19:46:51,503 - INFO - ⌛ Esperando mudança visual...
2026-03-04 19:46:52,518 - INFO - ⌛ Esperando mudança visual...
2026-03-04 19:46:53,549 - INFO - ⌛ Esperando mudança visual...
2026-03-04 19:46:54,567 - INFO - ✅ Tela carregada!
2026-03-04 19:47:05,048 - INFO - ⌛ Aguardando janela de confirmação de desbloqueio...
2026-03-04 19:47:20,458 - INFO - 🟨 Registros desbloqueados com sucesso
2026-03-04 19:47:33,969 - INFO - ⌛ Aguardando janela de edição de OS...
2026-03-04 19:47:49,425 - INFO - 🟨 OS programadas detectadas
2026-03-04 19:47:52,591 - INFO - ⌛ Aguardando janela de edição de OS...
2026-03-04 19:48:08,036 - INFO - 🟨 Janela de edição de OS detectada
2026-03-04 19:48:29,412 - INFO - 🟨 Janela de edição de habilidade da turma detectada
2026-03-04 19:49:47,705 - INFO - ⌛ Aguardando detecção do campo de caracteristica 'EQUIPE PRÓPRIA OU EPS' ...
2026-03-04 19:50:07,051 - INFO - 🟨 campo de caracteristica 'EQUIPE PRÓPRIA OU EPS detectado
2026-03-04 19:50:28,839 - INFO - ⌛ Aguardando confirmação 4 - editar OS...
2026-03-04 19:50:44,326 - INFO - ⌛ Aguardando confirmação 4 - editar OS...
2026-03-04 19:50:59,823 - INFO - ⌛ Aguardando confirmação 4 - editar OS...
2026-03-04 19:51:15,299 - INFO - 🟨 Janela de confirmação 4 de edição de OS detectada
2026-03-04 19:51:46,032 - INFO - ⌛ Aguardando janela de confirmação de programação de OS...
2026-03-04 19:52:06,470 - INFO - 🟨 Janela de confirmação de programação de OS detectada
2026-03-04 19:52:19,852 - INFO - 🟨 Janela de aviso de edição de OS programadas detectada
2026-03-04 19:52:24,115 - INFO - ⌛ aguardando janela de programação de lote de OS...
2026-03-04 19:52:44,694 - INFO - 🟨 Janela de aviso de substituição de lote de OS detectada
2026-03-04 19:52:50,960 - INFO - ⌛ aguardando janela de programação de lote de OS...
2026-03-04 19:53:11,486 - INFO - 🟨 Janela de programação de lote de OS detectada
2026-03-04 19:53:49,087 - INFO - 🟨 Janela de confirmação de programação de lote de OS detectada
2026-03-04 19:53:53,376 - INFO - ⌛ aguardando confirmação final de programação do lote
2026-03-04 19:54:13,934 - INFO - 🟨 programação do lote 32 efetuado com sucesso
2026-03-04 19:54:24,088 - INFO - 
=== Iniciando lote 33/81 [LV] ===
2026-03-04 19:54:30,447 - INFO - Janela de seleção aberta
2026-03-04 19:54:34,682 - INFO - DEBUG: idx=32, inicio=800, fim=825
2026-03-04 19:54:34,682 - INFO - ✅ 25 OS copiadas para a área de transferência.
2026-03-04 19:54:34,682 - INFO - 📋 Lote 33 copiado.
2026-03-04 19:54:43,007 - INFO - ⌛ Esperando mudança visual...
2026-03-04 19:54:44,030 - INFO - ⌛ Esperando mudança visual...
2026-03-04 19:54:45,049 - INFO - ⌛ Esperando mudança visual...
2026-03-04 19:54:46,058 - INFO - ⌛ Esperando mudança visual...
2026-03-04 19:54:47,074 - INFO - ⌛ Esperando mudança visual...
2026-03-04 19:54:48,090 - INFO - ⌛ Esperando mudança visual...
2026-03-04 19:54:49,105 - INFO - ⌛ Esperando mudança visual...
2026-03-04 19:54:50,121 - INFO - ⌛ Esperando mudança visual...
2026-03-04 19:54:51,135 - INFO - ⌛ Esperando mudança visual...
2026-03-04 19:54:52,152 - INFO - ⌛ Esperando mudança visual...
2026-03-04 19:54:53,168 - INFO - ✅ Tela carregada!
2026-03-04 19:55:03,629 - INFO - ⌛ Aguardando janela de confirmação de desbloqueio...
2026-03-04 19:55:19,045 - INFO - 🟨 Registros desbloqueados com sucesso
2026-03-04 19:55:32,563 - INFO - ⌛ Aguardando janela de edição de OS...
2026-03-04 19:55:48,004 - INFO - 🟨 OS programadas detectadas
2026-03-04 19:55:51,160 - INFO - ⌛ Aguardando janela de edição de OS...
2026-03-04 19:56:06,593 - INFO - 🟨 Janela de edição de OS detectada
2026-03-04 19:56:27,955 - INFO - 🟨 Janela de edição de habilidade da turma detectada
2026-03-04 19:57:46,268 - INFO - ⌛ Aguardando detecção do campo de caracteristica 'EQUIPE PRÓPRIA OU EPS' ...
2026-03-04 19:58:05,609 - INFO - 🟨 campo de caracteristica 'EQUIPE PRÓPRIA OU EPS detectado
2026-03-04 19:58:27,394 - INFO - ⌛ Aguardando confirmação 4 - editar OS...
2026-03-04 19:58:42,851 - INFO - ⌛ Aguardando confirmação 4 - editar OS...
2026-03-04 19:58:58,331 - INFO - 🟨 Janela de confirmação 4 de edição de OS detectada
2026-03-04 19:59:29,001 - INFO - ⌛ Aguardando janela de confirmação de programação de OS...
2026-03-04 19:59:49,333 - INFO - 🟨 Janela de confirmação de programação de OS detectada
2026-03-04 20:00:02,660 - INFO - 🟨 Janela de aviso de edição de OS programadas detectada
2026-03-04 20:00:06,935 - INFO - ⌛ aguardando janela de programação de lote de OS...
2026-03-04 20:00:27,469 - INFO - 🟨 Janela de aviso de substituição de lote de OS detectada
2026-03-04 20:00:33,726 - INFO - ⌛ aguardando janela de programação de lote de OS...
2026-03-04 20:00:54,232 - INFO - 🟨 Janela de programação de lote de OS detectada
2026-03-04 20:01:31,829 - INFO - 🟨 Janela de confirmação de programação de lote de OS detectada
2026-03-04 20:01:36,195 - INFO - ⌛ aguardando confirmação final de programação do lote
2026-03-04 20:01:56,793 - INFO - 🟨 programação do lote 33 efetuado com sucesso
2026-03-04 20:02:06,957 - INFO - 
=== Iniciando lote 34/81 [LV] ===
2026-03-04 20:02:13,331 - INFO - Janela de seleção aberta
2026-03-04 20:02:17,570 - INFO - DEBUG: idx=33, inicio=825, fim=850
2026-03-04 20:02:17,570 - INFO - ✅ 25 OS copiadas para a área de transferência.
2026-03-04 20:02:17,570 - INFO - 📋 Lote 34 copiado.
2026-03-04 20:02:25,917 - INFO - ⌛ Esperando mudança visual...
2026-03-04 20:02:26,928 - INFO - ⌛ Esperando mudança visual...
2026-03-04 20:02:27,939 - INFO - ⌛ Esperando mudança visual...
2026-03-04 20:02:28,956 - INFO - ⌛ Esperando mudança visual...
2026-03-04 20:02:29,973 - INFO - ⌛ Esperando mudança visual...
2026-03-04 20:02:31,005 - INFO - ⌛ Esperando mudança visual...
2026-03-04 20:02:32,021 - INFO - ⌛ Esperando mudança visual...
2026-03-04 20:02:33,035 - INFO - ⌛ Esperando mudança visual...
2026-03-04 20:02:34,059 - INFO - ⌛ Esperando mudança visual...
2026-03-04 20:02:35,068 - INFO - ⌛ Esperando mudança visual...
2026-03-04 20:02:36,088 - INFO - ⌛ Esperando mudança visual...
2026-03-04 20:02:37,099 - INFO - ⌛ Esperando mudança visual...
2026-03-04 20:02:38,112 - INFO - ⌛ Esperando mudança visual...
2026-03-04 20:02:39,128 - INFO - ✅ Tela carregada!
2026-03-04 20:02:49,621 - INFO - ⌛ Aguardando janela de confirmação de desbloqueio...
2026-03-04 20:03:05,049 - INFO - 🟨 Registros desbloqueados com sucesso
2026-03-04 20:03:18,555 - INFO - ⌛ Aguardando janela de edição de OS...
2026-03-04 20:03:33,995 - INFO - 🟨 OS programadas detectadas
2026-03-04 20:03:37,148 - INFO - ⌛ Aguardando janela de edição de OS...
2026-03-04 20:03:52,555 - INFO - 🟨 Janela de edição de OS detectada
2026-03-04 20:04:13,904 - INFO - 🟨 Janela de edição de habilidade da turma detectada
2026-03-04 20:05:32,206 - INFO - ⌛ Aguardando detecção do campo de caracteristica 'EQUIPE PRÓPRIA OU EPS' ...
2026-03-04 20:05:51,570 - INFO - 🟨 campo de caracteristica 'EQUIPE PRÓPRIA OU EPS detectado
2026-03-04 20:06:13,369 - INFO - ⌛ Aguardando confirmação 4 - editar OS...
2026-03-04 20:06:28,817 - INFO - ⌛ Aguardando confirmação 4 - editar OS...
2026-03-04 20:06:44,324 - INFO - ⌛ Aguardando confirmação 4 - editar OS...
2026-03-04 20:06:59,813 - INFO - 🟨 Janela de confirmação 4 de edição de OS detectada
2026-03-04 20:07:30,505 - INFO - ⌛ Aguardando janela de confirmação de programação de OS...
2026-03-04 20:07:50,998 - INFO - 🟨 Janela de confirmação de programação de OS detectada
2026-03-04 20:08:04,326 - INFO - 🟨 Janela de aviso de edição de OS programadas detectada
2026-03-04 20:08:08,587 - INFO - ⌛ aguardando janela de programação de lote de OS...
2026-03-04 20:08:29,153 - INFO - 🟨 Janela de aviso de substituição de lote de OS detectada
2026-03-04 20:08:35,417 - INFO - ⌛ aguardando janela de programação de lote de OS...
2026-03-04 20:08:56,017 - INFO - ⌛ aguardando janela de programação de lote de OS...
2026-03-04 20:09:16,521 - INFO - ⌛ aguardando janela de programação de lote de OS...
2026-03-04 20:09:37,055 - INFO - ⌛ aguardando janela de programação de lote de OS...
2026-03-04 20:09:57,551 - INFO - ⌛ aguardando janela de programação de lote de OS...
2026-03-04 20:10:18,082 - INFO - ⌛ aguardando janela de programação de lote de OS...
2026-03-04 20:10:38,614 - INFO - ⌛ aguardando janela de programação de lote de OS...
2026-03-04 20:10:59,171 - INFO - ⌛ aguardando janela de programação de lote de OS...
2026-03-04 20:11:19,777 - INFO - ⌛ aguardando janela de programação de lote de OS...
2026-03-04 20:11:40,253 - INFO - ⌛ aguardando janela de programação de lote de OS...
2026-03-04 20:12:00,751 - INFO - ⌛ aguardando janela de programação de lote de OS...
2026-03-04 20:12:21,233 - INFO - ⌛ aguardando janela de programação de lote de OS...
2026-03-04 20:12:41,720 - INFO - ⌛ aguardando janela de programação de lote de OS...
2026-03-04 20:13:02,230 - INFO - ⌛ aguardando janela de programação de lote de OS...
2026-03-04 20:13:22,743 - INFO - ⌛ aguardando janela de programação de lote de OS...
2026-03-04 20:13:43,292 - INFO - ⌛ aguardando janela de programação de lote de OS...
2026-03-04 20:14:03,820 - INFO - ⌛ aguardando janela de programação de lote de OS...
2026-03-04 20:14:24,333 - INFO - ⌛ aguardando janela de programação de lote de OS...
2026-03-04 20:14:44,858 - INFO - ⌛ aguardando janela de programação de lote de OS...
2026-03-04 20:15:05,423 - INFO - ⌛ aguardando janela de programação de lote de OS...
2026-03-04 20:15:25,921 - INFO - ⌛ aguardando janela de programação de lote de OS...
2026-03-04 20:15:46,410 - INFO - ⌛ aguardando janela de programação de lote de OS...
2026-03-04 20:16:06,887 - INFO - ⌛ aguardando janela de programação de lote de OS...
2026-03-04 20:16:27,360 - INFO - ⌛ aguardando janela de programação de lote de OS...
2026-03-04 20:16:47,876 - INFO - ⌛ aguardando janela de programação de lote de OS...
2026-03-04 20:17:08,370 - INFO - ⌛ aguardando janela de programação de lote de OS...
2026-03-04 20:17:28,864 - INFO - ⌛ aguardando janela de programação de lote de OS...
2026-03-04 20:17:49,358 - INFO - ⌛ aguardando janela de programação de lote de OS...
2026-03-04 20:18:09,853 - INFO - ⌛ aguardando janela de programação de lote de OS...
2026-03-04 20:18:30,339 - INFO - ⌛ aguardando janela de programação de lote de OS...
2026-03-04 20:18:50,917 - INFO - ⌛ aguardando janela de programação de lote de OS...
2026-03-04 20:19:11,393 - INFO - ⌛ aguardando janela de programação de lote de OS...
2026-03-04 20:19:31,858 - INFO - ⌛ aguardando janela de programação de lote de OS...
2026-03-04 20:19:52,429 - INFO - ⌛ aguardando janela de programação de lote de OS...
2026-03-04 20:20:12,912 - INFO - ⌛ aguardando janela de programação de lote de OS...
2026-03-04 20:20:33,409 - INFO - ⌛ aguardando janela de programação de lote de OS...
2026-03-04 20:20:53,981 - INFO - ⌛ aguardando janela de programação de lote de OS...
2026-03-04 20:21:14,521 - INFO - ⌛ aguardando janela de programação de lote de OS...
2026-03-04 20:21:35,089 - INFO - ⌛ aguardando janela de programação de lote de OS...
2026-03-04 20:21:55,645 - INFO - ⌛ aguardando janela de programação de lote de OS...
2026-03-04 20:22:16,170 - INFO - ⌛ aguardando janela de programação de lote de OS...
2026-03-04 20:22:36,639 - INFO - ⌛ aguardando janela de programação de lote de OS...
2026-03-04 20:22:57,211 - INFO - ⌛ aguardando janela de programação de lote de OS...
2026-03-04 20:23:17,724 - INFO - ⌛ aguardando janela de programação de lote de OS...
2026-03-04 20:23:38,258 - INFO - ⌛ aguardando janela de programação de lote de OS...
2026-03-04 20:23:58,761 - INFO - ⌛ aguardando janela de programação de lote de OS...
2026-03-04 20:24:19,284 - INFO - ⌛ aguardando janela de programação de lote de OS...
2026-03-04 20:24:39,789 - INFO - ⌛ aguardando janela de programação de lote de OS...
2026-03-04 20:25:00,279 - INFO - ⌛ aguardando janela de programação de lote de OS...
2026-03-04 20:25:20,765 - INFO - ⌛ aguardando janela de programação de lote de OS...
2026-03-04 20:25:41,258 - INFO - ⌛ aguardando janela de programação de lote de OS...
2026-03-04 20:26:01,836 - INFO - ⌛ aguardando janela de programação de lote de OS...
2026-03-04 20:26:22,370 - INFO - ⌛ aguardando janela de programação de lote de OS...
2026-03-04 20:26:42,897 - INFO - ⌛ aguardando janela de programação de lote de OS...
2026-03-04 20:27:03,386 - INFO - ⌛ aguardando janela de programação de lote de OS...
2026-03-04 20:27:23,887 - INFO - ⌛ aguardando janela de programação de lote de OS...
2026-03-04 20:27:44,439 - INFO - ⌛ aguardando janela de programação de lote de OS...
2026-03-04 20:28:04,968 - INFO - verificando janela oculta
2026-03-04 20:28:27,439 - INFO - Janela restaurada
2026-03-04 20:28:27,439 - INFO - ⌛ aguardando janela de programação de lote de OS...
2026-03-04 20:28:47,961 - INFO - 🟨 Janela de programação de lote de OS detectada
2026-03-04 20:29:25,520 - INFO - 🟨 Janela de confirmação de programação de lote de OS detectada
2026-03-04 20:29:29,788 - INFO - ⌛ aguardando confirmação final de programação do lote
2026-03-04 20:29:50,263 - INFO - 🟨 programação do lote 34 efetuado com sucesso
2026-03-04 20:30:00,415 - INFO - 
=== Iniciando lote 35/81 [LV] ===
2026-03-04 20:30:06,778 - INFO - Janela de seleção aberta
2026-03-04 20:30:11,007 - INFO - DEBUG: idx=34, inicio=850, fim=875
2026-03-04 20:30:11,007 - INFO - ✅ 25 OS copiadas para a área de transferência.
2026-03-04 20:30:11,007 - INFO - 📋 Lote 35 copiado.
2026-03-04 20:30:19,338 - INFO - ⌛ Esperando mudança visual...
2026-03-04 20:30:20,358 - INFO - ⌛ Esperando mudança visual...
2026-03-04 20:30:21,368 - INFO - ⌛ Esperando mudança visual...
2026-03-04 20:30:22,387 - INFO - ⌛ Esperando mudança visual...
2026-03-04 20:30:23,399 - INFO - ⌛ Esperando mudança visual...
2026-03-04 20:30:24,418 - INFO - ⌛ Esperando mudança visual...
2026-03-04 20:30:25,430 - INFO - ⌛ Esperando mudança visual...
2026-03-04 20:30:26,446 - INFO - ⌛ Esperando mudança visual...
2026-03-04 20:30:27,459 - INFO - ⌛ Esperando mudança visual...
2026-03-04 20:30:28,491 - INFO - ⌛ Esperando mudança visual...
2026-03-04 20:30:29,511 - INFO - ✅ Tela carregada!
2026-03-04 20:30:39,973 - INFO - ⌛ Aguardando janela de confirmação de desbloqueio...
2026-03-04 20:30:55,398 - INFO - 🟨 Registros desbloqueados com sucesso
2026-03-04 20:31:08,913 - INFO - ⌛ Aguardando janela de edição de OS...
2026-03-04 20:31:24,338 - INFO - 🟨 OS programadas detectadas
2026-03-04 20:31:27,498 - INFO - ⌛ Aguardando janela de edição de OS...
2026-03-04 20:31:42,964 - INFO - 🟨 Janela de edição de OS detectada
2026-03-04 20:32:04,312 - INFO - 🟨 Janela de edição de habilidade da turma detectada
2026-03-04 20:33:22,640 - INFO - ⌛ Aguardando detecção do campo de caracteristica 'EQUIPE PRÓPRIA OU EPS' ...
2026-03-04 20:33:41,999 - INFO - 🟨 campo de caracteristica 'EQUIPE PRÓPRIA OU EPS detectado
2026-03-04 20:34:03,784 - INFO - ⌛ Aguardando confirmação 4 - editar OS...
2026-03-04 20:34:19,195 - INFO - ⌛ Aguardando confirmação 4 - editar OS...
2026-03-04 20:34:34,634 - INFO - 🟨 Janela de confirmação 4 de edição de OS detectada
2026-03-04 20:35:05,329 - INFO - ⌛ Aguardando janela de confirmação de programação de OS...
2026-03-04 20:35:25,648 - INFO - 🟨 Janela de confirmação de programação de OS detectada
2026-03-04 20:35:38,983 - INFO - 🟨 Janela de aviso de edição de OS programadas detectada
2026-03-04 20:35:43,234 - INFO - ⌛ aguardando janela de programação de lote de OS...
2026-03-04 20:36:03,745 - INFO - 🟨 Janela de aviso de substituição de lote de OS detectada
2026-03-04 20:36:10,008 - INFO - ⌛ aguardando janela de programação de lote de OS...
2026-03-04 20:36:30,525 - INFO - ⌛ aguardando janela de programação de lote de OS...
2026-03-04 20:36:51,092 - INFO - ⌛ aguardando janela de programação de lote de OS...
2026-03-04 20:37:11,626 - INFO - ⌛ aguardando janela de programação de lote de OS...
2026-03-04 20:37:32,133 - INFO - ⌛ aguardando janela de programação de lote de OS...
2026-03-04 20:37:52,619 - INFO - ⌛ aguardando janela de programação de lote de OS...
2026-03-04 20:38:13,080 - INFO - ⌛ aguardando janela de programação de lote de OS...
2026-03-04 20:38:33,605 - INFO - ⌛ aguardando janela de programação de lote de OS...
2026-03-04 20:38:54,088 - INFO - ⌛ aguardando janela de programação de lote de OS...
2026-03-04 20:39:14,575 - INFO - ⌛ aguardando janela de programação de lote de OS...
2026-03-04 20:39:35,107 - INFO - ⌛ aguardando janela de programação de lote de OS...
2026-03-04 20:39:55,569 - INFO - ⌛ aguardando janela de programação de lote de OS...
2026-03-04 20:40:16,072 - INFO - ⌛ aguardando janela de programação de lote de OS...
2026-03-04 20:40:36,553 - INFO - ⌛ aguardando janela de programação de lote de OS...
2026-03-04 20:40:57,029 - INFO - ⌛ aguardando janela de programação de lote de OS...
2026-03-04 20:41:17,521 - INFO - ⌛ aguardando janela de programação de lote de OS...
2026-03-04 20:41:38,012 - INFO - ⌛ aguardando janela de programação de lote de OS...
2026-03-04 20:41:58,522 - INFO - ⌛ aguardando janela de programação de lote de OS...
2026-03-04 20:42:19,086 - INFO - ⌛ aguardando janela de programação de lote de OS...
2026-03-04 20:42:39,598 - INFO - ⌛ aguardando janela de programação de lote de OS...
2026-03-04 20:43:00,098 - INFO - ⌛ aguardando janela de programação de lote de OS...
2026-03-04 20:43:20,567 - INFO - ⌛ aguardando janela de programação de lote de OS...
2026-03-04 20:43:41,059 - INFO - ⌛ aguardando janela de programação de lote de OS...
2026-03-04 20:44:01,559 - INFO - ⌛ aguardando janela de programação de lote de OS...
2026-03-04 20:44:22,051 - INFO - ⌛ aguardando janela de programação de lote de OS...
2026-03-04 20:44:42,527 - INFO - ⌛ aguardando janela de programação de lote de OS...
2026-03-04 20:45:03,013 - INFO - ⌛ aguardando janela de programação de lote de OS...
2026-03-04 20:45:23,519 - INFO - ⌛ aguardando janela de programação de lote de OS...
2026-03-04 20:45:44,047 - INFO - ⌛ aguardando janela de programação de lote de OS...
2026-03-04 20:46:04,520 - INFO - ⌛ aguardando janela de programação de lote de OS...
2026-03-04 20:46:25,031 - INFO - ⌛ aguardando janela de programação de lote de OS...
2026-03-04 20:46:45,553 - INFO - ⌛ aguardando janela de programação de lote de OS...
2026-03-04 20:47:06,082 - INFO - ⌛ aguardando janela de programação de lote de OS...
2026-03-04 20:47:26,568 - INFO - ⌛ aguardando janela de programação de lote de OS...
2026-03-04 20:47:47,116 - INFO - ⌛ aguardando janela de programação de lote de OS...
2026-03-04 20:48:07,645 - INFO - ⌛ aguardando janela de programação de lote de OS...
2026-03-04 20:48:28,183 - INFO - ⌛ aguardando janela de programação de lote de OS...
2026-03-04 20:48:48,715 - INFO - ⌛ aguardando janela de programação de lote de OS...
2026-03-04 20:49:09,307 - INFO - ⌛ aguardando janela de programação de lote de OS...
2026-03-04 20:49:29,822 - INFO - ⌛ aguardando janela de programação de lote de OS...
2026-03-04 20:49:50,306 - INFO - ⌛ aguardando janela de programação de lote de OS...
2026-03-04 20:50:10,782 - INFO - ⌛ aguardando janela de programação de lote de OS...
2026-03-04 20:50:31,348 - INFO - ⌛ aguardando janela de programação de lote de OS...
2026-03-04 20:50:51,969 - INFO - ⌛ aguardando janela de programação de lote de OS...
2026-03-04 20:51:12,517 - INFO - ⌛ aguardando janela de programação de lote de OS...
2026-03-04 20:51:33,052 - INFO - ⌛ aguardando janela de programação de lote de OS...
2026-03-04 20:51:53,683 - INFO - ⌛ aguardando janela de programação de lote de OS...
2026-03-04 20:52:14,202 - INFO - ⌛ aguardando janela de programação de lote de OS...
2026-03-04 20:52:34,693 - INFO - ⌛ aguardando janela de programação de lote de OS...
2026-03-04 20:52:55,185 - INFO - ⌛ aguardando janela de programação de lote de OS...
2026-03-04 20:53:15,697 - INFO - ⌛ aguardando janela de programação de lote de OS...
2026-03-04 20:53:36,195 - INFO - ⌛ aguardando janela de programação de lote de OS...
2026-03-04 20:53:56,710 - INFO - ⌛ aguardando janela de programação de lote de OS...
2026-03-04 20:54:17,184 - INFO - ⌛ aguardando janela de programação de lote de OS...
2026-03-04 20:54:37,698 - INFO - ⌛ aguardando janela de programação de lote de OS...
2026-03-04 20:54:58,163 - INFO - ⌛ aguardando janela de programação de lote de OS...
2026-03-04 20:55:18,661 - INFO - ⌛ aguardando janela de programação de lote de OS...
2026-03-04 20:55:39,168 - INFO - verificando janela oculta
2026-03-04 20:56:01,634 - INFO - Janela restaurada
2026-03-04 20:56:01,634 - INFO - ⌛ aguardando janela de programação de lote de OS...
2026-03-04 20:56:22,223 - INFO - 🟨 Janela de programação de lote de OS detectada
2026-03-04 20:56:59,818 - INFO - 🟨 Janela de confirmação de programação de lote de OS detectada
2026-03-04 20:57:04,078 - INFO - ⌛ aguardando confirmação final de programação do lote
2026-03-04 20:57:24,573 - INFO - 🟨 programação do lote 35 efetuado com sucesso
2026-03-04 20:57:34,731 - INFO - 
=== Iniciando lote 36/81 [LV] ===
2026-03-04 20:57:41,080 - INFO - Janela de seleção aberta
2026-03-04 20:57:45,326 - INFO - DEBUG: idx=35, inicio=875, fim=900
2026-03-04 20:57:45,326 - INFO - ✅ 25 OS copiadas para a área de transferência.
2026-03-04 20:57:45,326 - INFO - 📋 Lote 36 copiado.
2026-03-04 20:57:53,658 - INFO - ⌛ Esperando mudança visual...
2026-03-04 20:57:54,664 - INFO - ⌛ Esperando mudança visual...
2026-03-04 20:57:55,686 - INFO - ⌛ Esperando mudança visual...
2026-03-04 20:57:56,706 - INFO - ⌛ Esperando mudança visual...
2026-03-04 20:57:57,717 - INFO - ⌛ Esperando mudança visual...
2026-03-04 20:57:58,747 - INFO - ⌛ Esperando mudança visual...
2026-03-04 20:57:59,765 - INFO - ⌛ Esperando mudança visual...
2026-03-04 20:58:00,781 - INFO - ⌛ Esperando mudança visual...
2026-03-04 20:58:01,796 - INFO - ⌛ Esperando mudança visual...
2026-03-04 20:58:02,814 - INFO - ⌛ Esperando mudança visual...
2026-03-04 20:58:03,827 - INFO - ⌛ Esperando mudança visual...
2026-03-04 20:58:04,843 - INFO - ✅ Tela carregada!
2026-03-04 20:58:15,304 - INFO - ⌛ Aguardando janela de confirmação de desbloqueio...
2026-03-04 20:58:30,694 - INFO - 🟨 Registros desbloqueados com sucesso
2026-03-04 20:58:44,214 - INFO - ⌛ Aguardando janela de edição de OS...
2026-03-04 20:58:59,697 - INFO - 🟨 OS programadas detectadas
2026-03-04 20:59:02,852 - INFO - ⌛ Aguardando janela de edição de OS...
2026-03-04 20:59:18,301 - INFO - 🟨 Janela de edição de OS detectada
2026-03-04 20:59:39,653 - INFO - 🟨 Janela de edição de habilidade da turma detectada
2026-03-04 21:00:57,960 - INFO - ⌛ Aguardando detecção do campo de caracteristica 'EQUIPE PRÓPRIA OU EPS' ...
2026-03-04 21:01:17,321 - INFO - 🟨 campo de caracteristica 'EQUIPE PRÓPRIA OU EPS detectado
2026-03-04 21:01:39,113 - INFO - ⌛ Aguardando confirmação 4 - editar OS...
2026-03-04 21:01:54,546 - INFO - ⌛ Aguardando confirmação 4 - editar OS...
2026-03-04 21:02:10,013 - INFO - ⌛ Aguardando confirmação 4 - editar OS...
2026-03-04 21:02:25,511 - INFO - 🟨 Janela de confirmação 4 de edição de OS detectada
2026-03-04 21:02:56,201 - INFO - ⌛ Aguardando janela de confirmação de programação de OS...
2026-03-04 21:03:16,598 - INFO - 🟨 Janela de confirmação de programação de OS detectada
2026-03-04 21:03:29,885 - INFO - 🟨 Janela de aviso de edição de OS programadas detectada
2026-03-04 21:03:34,149 - INFO - ⌛ aguardando janela de programação de lote de OS...
2026-03-04 21:03:54,740 - INFO - 🟨 Janela de aviso de substituição de lote de OS detectada
2026-03-04 21:04:00,990 - INFO - ⌛ aguardando janela de programação de lote de OS...
2026-03-04 21:04:21,478 - INFO - 🟨 Janela de programação de lote de OS detectada
2026-03-04 21:04:59,044 - INFO - 🟨 Janela de confirmação de programação de lote de OS detectada
