2026-02-09 08:24:52,033 - INFO - Data hoje: 09/02/2026
2026-02-09 08:24:52,033 - INFO - Data de referência: 28/02/2026
2026-02-09 08:25:57,723 - INFO - 
Qtde OS de LINHA VIVA: 1318
2026-02-09 08:25:57,723 - INFO - Qtde OS poda de LINHA MORTA: 478
2026-02-09 08:25:57,723 - INFO - 
Qtde OS estrutural de LINHA MORTA : 124
2026-02-09 08:25:57,723 - INFO - Qtde OS poda de LINHA MORTA fora carteira: 2054
2026-02-09 08:25:57,723 - INFO - Qtde OS para desprogramar: 6798
2026-02-09 08:25:57,723 - INFO - 
 Qtd de lotes de LM: 20
2026-02-09 08:25:57,723 - INFO - 
 Qtd de lotes de LV: 53
2026-02-09 08:25:57,738 - INFO - 
 Qtd de lotes de ESTRUTURAL LM: 5
2026-02-09 08:25:57,738 - INFO - 
 Qtd de lotes de LEVE: 83
2026-02-09 08:25:57,738 - INFO - 
 Qtd de lotes para desprogramar: 272
2026-02-09 08:25:57,738 - INFO - 
=== Iniciando lote 1/5 [REDES] ===
2026-02-09 08:26:04,213 - INFO - ⌛ Aguardando janela de seleção...
2026-02-09 08:26:14,682 - INFO - ⌛ Aguardando janela de seleção...
2026-02-09 08:26:25,053 - INFO - ⌛ Aguardando janela de seleção...
2026-02-09 08:26:35,464 - INFO - ⌛ Aguardando janela de seleção...
2026-02-09 10:12:29,921 - INFO - Data hoje: 09/02/2026
2026-02-09 10:12:29,922 - INFO - Data de referência: 28/02/2026
2026-02-09 10:13:38,953 - INFO - 
Qtde OS de LINHA VIVA: 2402
2026-02-09 10:13:38,953 - INFO - Qtde OS poda de LINHA MORTA: 1261
2026-02-09 10:13:38,953 - INFO - 
Qtde OS estrutural de LINHA MORTA : 298
2026-02-09 10:13:38,953 - INFO - Qtde OS poda de LINHA MORTA fora carteira: 3405
2026-02-09 10:13:38,953 - INFO - Qtde OS para desprogramar: 129
2026-02-09 10:13:38,953 - INFO - 
 Qtd de lotes de LM: 51
2026-02-09 10:13:38,953 - INFO - 
 Qtd de lotes de LV: 97
2026-02-09 10:13:38,953 - INFO - 
 Qtd de lotes de ESTRUTURAL LM: 12
2026-02-09 10:13:38,953 - INFO - 
 Qtd de lotes de LEVE: 137
2026-02-09 10:13:38,953 - INFO - 
 Qtd de lotes para desprogramar: 6
2026-02-09 10:13:38,953 - INFO - 
=== Iniciando lote 1/12 [REDES] ===
2026-02-09 11:53:05,303 - INFO - Data hoje: 09/02/2026
2026-02-09 11:53:05,303 - INFO - Data de referência: 28/02/2026
2026-02-09 15:44:51,858 - INFO - Data hoje: 09/02/2026
2026-02-09 15:44:51,859 - INFO - Data de referência: 28/02/2026
2026-02-09 15:46:04,359 - INFO - 
Qtde OS de LINHA VIVA: 1556
2026-02-09 15:46:04,359 - INFO - Qtde OS poda de LINHA MORTA: 1043
2026-02-09 15:46:04,359 - INFO - 
Qtde OS estrutural de LINHA MORTA : 0
2026-02-09 15:46:04,359 - INFO - Qtde OS poda de LINHA MORTA fora carteira: 2771
2026-02-09 15:46:04,359 - INFO - Qtde OS para desprogramar: 111
2026-02-09 15:46:04,360 - INFO - 
 Qtd de lotes de LM: 42
2026-02-09 15:46:04,360 - INFO - 
 Qtd de lotes de LV: 63
2026-02-09 15:46:04,360 - INFO - 
 Qtd de lotes de ESTRUTURAL LM: 0
2026-02-09 15:46:04,360 - INFO - 
 Qtd de lotes de LEVE: 111
2026-02-09 15:46:04,360 - INFO - 
 Qtd de lotes para desprogramar: 5
2026-02-09 15:46:04,361 - INFO - 
=== Iniciando lote 1/42 [LM] ===
2026-02-09 15:46:10,828 - INFO - ⌛ Aguardando janela de seleção...
2026-02-09 15:46:11,108 - INFO - 🟨 Identificado falha no EQM
2026-02-09 15:46:47,829 - INFO - ⌛ Aguardando janela de seleção...
2026-02-09 15:46:48,061 - INFO - 🟨 Identificado falha no EQM
2026-02-09 15:51:36,815 - INFO - Data hoje: 09/02/2026
2026-02-09 15:51:36,815 - INFO - Data de referência: 28/02/2026
2026-02-09 15:52:48,209 - INFO - 
Qtde OS de LINHA VIVA: 546
2026-02-09 15:52:48,210 - INFO - Qtde OS poda de LINHA MORTA: 145
2026-02-09 15:52:48,210 - INFO - 
Qtde OS estrutural de LINHA MORTA : 0
2026-02-09 15:52:48,210 - INFO - Qtde OS poda de LINHA MORTA fora carteira: 1016
2026-02-09 15:52:48,210 - INFO - Qtde OS para desprogramar: 981
2026-02-09 15:52:48,211 - INFO - 
 Qtd de lotes de LM: 6
2026-02-09 15:52:48,211 - INFO - 
 Qtd de lotes de LV: 22
2026-02-09 15:52:48,211 - INFO - 
 Qtd de lotes de ESTRUTURAL LM: 0
2026-02-09 15:52:48,211 - INFO - 
 Qtd de lotes de LEVE: 41
2026-02-09 15:52:48,211 - INFO - 
 Qtd de lotes para desprogramar: 40
2026-02-09 15:52:48,211 - INFO - 
=== Iniciando lote 1/6 [LM] ===
2026-02-09 15:52:54,618 - INFO - Janela de seleção aberta
2026-02-09 15:52:58,860 - INFO - DEBUG: idx=0, inicio=0, fim=25
2026-02-09 15:52:58,860 - INFO - ✅ 25 OS copiadas para a área de transferência.
2026-02-09 15:52:58,860 - INFO - 📋 Lote 1 copiado.
2026-02-09 15:53:07,186 - INFO - ⌛ Esperando mudança visual...
2026-02-09 15:53:08,204 - INFO - ⌛ Esperando mudança visual...
2026-02-09 15:53:09,219 - INFO - ⌛ Esperando mudança visual...
2026-02-09 15:53:10,236 - INFO - ⌛ Esperando mudança visual...
2026-02-09 15:53:11,252 - INFO - ⌛ Esperando mudança visual...
2026-02-09 15:53:12,267 - INFO - ⌛ Esperando mudança visual...
2026-02-09 15:53:13,282 - INFO - ⌛ Esperando mudança visual...
2026-02-09 15:53:14,295 - INFO - ⌛ Esperando mudança visual...
2026-02-09 15:53:15,311 - INFO - ⌛ Esperando mudança visual...
2026-02-09 15:53:16,328 - INFO - ⌛ Esperando mudança visual...
2026-02-09 15:53:17,344 - INFO - ⌛ Esperando mudança visual...
2026-02-09 15:53:18,360 - INFO - ✅ Tela carregada!
2026-02-09 15:53:28,831 - INFO - ⌛ Aguardando janela de confirmação de desbloqueio...
2026-02-09 15:53:39,249 - INFO - 🟨 Registros desbloqueados com sucesso
2026-02-09 15:53:52,785 - INFO - 🟨 OS programadas detectadas
2026-02-09 15:53:55,950 - INFO - ⌛ Aguardando janela de edição de OS...
2026-02-09 15:54:11,538 - INFO - 🟨 Janela de edição de OS detectada
2026-02-09 15:54:32,906 - INFO - 🟨 Janela de edição de habilidade da turma detectada
2026-02-09 15:55:51,231 - INFO - ⌛ Aguardando detecção do campo de caracteristica 'EQUIPE PRÓPRIA OU EPS' ...
2026-02-09 15:56:10,589 - INFO - 🟨 campo de caracteristica 'EQUIPE PRÓPRIA OU EPS detectado
2026-02-09 15:56:32,404 - INFO - ⌛ Aguardando confirmação 4 - editar OS...
2026-02-09 15:56:47,896 - INFO - ⌛ Aguardando confirmação 4 - editar OS...
2026-02-09 15:57:03,405 - INFO - 🟨 Janela de confirmação 4 de edição de OS detectada
2026-02-09 15:57:34,169 - INFO - ⌛ Aguardando janela de confirmação de programação de OS...
2026-02-09 15:57:34,454 - INFO - 🟨 Identificado falha no EQM
2026-02-09 15:58:16,152 - INFO - ⌛ Aguardando janela de confirmação de programação de OS...
2026-02-09 15:58:16,386 - INFO - 🟨 Identificado falha no EQM
2026-02-09 16:05:45,716 - INFO - Data hoje: 09/02/2026
2026-02-09 16:05:45,716 - INFO - Data de referência: 28/02/2026
2026-02-09 16:06:59,336 - INFO - 
Qtde OS de LINHA VIVA: 1242
2026-02-09 16:06:59,336 - INFO - Qtde OS poda de LINHA MORTA: 497
2026-02-09 16:06:59,337 - INFO - 
Qtde OS estrutural de LINHA MORTA : 0
2026-02-09 16:06:59,337 - INFO - Qtde OS poda de LINHA MORTA fora carteira: 1709
2026-02-09 16:06:59,337 - INFO - Qtde OS para desprogramar: 185
2026-02-09 16:06:59,338 - INFO - 
 Qtd de lotes de LM: 20
2026-02-09 16:06:59,338 - INFO - 
 Qtd de lotes de LV: 50
2026-02-09 16:06:59,338 - INFO - 
 Qtd de lotes de ESTRUTURAL LM: 0
2026-02-09 16:06:59,338 - INFO - 
 Qtd de lotes de LEVE: 69
2026-02-09 16:06:59,338 - INFO - 
 Qtd de lotes para desprogramar: 8
2026-02-09 16:06:59,339 - INFO - 
=== Iniciando lote 1/8 [DESPROGAMAR] ===
2026-02-09 16:07:05,769 - INFO - Janela de seleção aberta
2026-02-09 16:07:10,015 - INFO - DEBUG: idx=0, inicio=0, fim=25
2026-02-09 16:07:10,015 - INFO - ✅ 25 OS copiadas para a área de transferência.
2026-02-09 16:07:10,015 - INFO - 📋 Lote 1 copiado.
2026-02-09 16:07:27,175 - INFO - Data hoje: 09/02/2026
2026-02-09 16:07:27,175 - INFO - Data de referência: 28/02/2026
2026-02-09 16:08:41,732 - INFO - 
Qtde OS de LINHA VIVA: 1242
2026-02-09 16:08:41,732 - INFO - Qtde OS poda de LINHA MORTA: 497
2026-02-09 16:08:41,732 - INFO - 
Qtde OS estrutural de LINHA MORTA : 0
2026-02-09 16:08:41,732 - INFO - Qtde OS poda de LINHA MORTA fora carteira: 1709
2026-02-09 16:08:41,732 - INFO - Qtde OS para desprogramar: 185
2026-02-09 16:08:41,733 - INFO - 
 Qtd de lotes de LM: 20
2026-02-09 16:08:41,733 - INFO - 
 Qtd de lotes de LV: 50
2026-02-09 16:08:41,733 - INFO - 
 Qtd de lotes de ESTRUTURAL LM: 0
2026-02-09 16:08:41,733 - INFO - 
 Qtd de lotes de LEVE: 69
2026-02-09 16:08:41,733 - INFO - 
 Qtd de lotes para desprogramar: 8
2026-02-09 16:08:41,734 - INFO - 
=== Iniciando lote 1/8 [DESPROGAMAR] ===
2026-02-09 16:08:48,148 - INFO - Janela de seleção aberta
2026-02-09 16:08:52,394 - INFO - DEBUG: idx=0, inicio=0, fim=25
2026-02-09 16:08:52,394 - INFO - ✅ 25 OS copiadas para a área de transferência.
2026-02-09 16:08:52,394 - INFO - 📋 Lote 1 copiado.
2026-02-09 16:09:00,721 - INFO - ⌛ Esperando mudança visual...
2026-02-09 16:09:01,736 - INFO - ⌛ Esperando mudança visual...
2026-02-09 16:09:02,752 - INFO - ✅ Tela carregada!
2026-02-09 16:09:13,248 - INFO - ⌛ Aguardando janela de confirmação de desbloqueio...
2026-02-09 16:09:13,530 - INFO - 🟨 Identificado falha no EQM
2026-02-09 16:24:59,329 - INFO - Data hoje: 09/02/2026
2026-02-09 16:24:59,329 - INFO - Data de referência: 28/02/2026
2026-02-09 16:26:17,609 - INFO - 
Qtde OS de LINHA VIVA: 1242
2026-02-09 16:26:17,609 - INFO - Qtde OS poda de LINHA MORTA: 497
2026-02-09 16:26:17,610 - INFO - 
Qtde OS estrutural de LINHA MORTA : 0
2026-02-09 16:26:17,610 - INFO - Qtde OS poda de LINHA MORTA fora carteira: 1709
2026-02-09 16:26:17,610 - INFO - Qtde OS para desprogramar: 182
2026-02-09 16:26:17,611 - INFO - 
 Qtd de lotes de LM: 20
2026-02-09 16:26:17,611 - INFO - 
 Qtd de lotes de LV: 50
2026-02-09 16:26:17,611 - INFO - 
 Qtd de lotes de ESTRUTURAL LM: 0
2026-02-09 16:26:17,611 - INFO - 
 Qtd de lotes de LEVE: 69
2026-02-09 16:26:17,611 - INFO - 
 Qtd de lotes para desprogramar: 8
2026-02-09 16:26:17,611 - INFO - 
=== Iniciando lote 1/20 [LM] ===
2026-02-09 16:26:24,084 - INFO - ⌛ Aguardando janela de seleção...
2026-02-09 16:26:34,609 - INFO - Janela de seleção aberta
2026-02-09 16:26:38,850 - INFO - DEBUG: idx=0, inicio=0, fim=25
2026-02-09 16:26:38,850 - INFO - ✅ 25 OS copiadas para a área de transferência.
2026-02-09 16:26:38,850 - INFO - 📋 Lote 1 copiado.
2026-02-09 16:26:47,171 - INFO - ⌛ Esperando mudança visual...
2026-02-09 16:26:48,188 - INFO - ⌛ Esperando mudança visual...
2026-02-09 16:26:49,202 - INFO - ✅ Tela carregada!
2026-02-09 16:26:59,671 - INFO - ⌛ Aguardando janela de confirmação de desbloqueio...
2026-02-09 16:27:10,080 - INFO - ⌛ Aguardando janela de confirmação de desbloqueio...
2026-02-09 16:27:20,503 - INFO - 🟨 Registros desbloqueados com sucesso
2026-02-09 16:27:34,034 - INFO - ⌛ Aguardando janela de edição de OS...
2026-02-09 16:27:49,483 - INFO - 🟨 OS programadas detectadas
2026-02-09 16:27:52,640 - INFO - ⌛ Aguardando janela de edição de OS...
2026-02-09 16:28:08,124 - INFO - 🟨 Janela de edição de OS detectada
2026-02-09 16:28:29,483 - INFO - 🟨 Janela de edição de habilidade da turma detectada
2026-02-09 16:29:47,793 - INFO - ⌛ Aguardando detecção do campo de caracteristica 'EQUIPE PRÓPRIA OU EPS' ...
2026-02-09 16:30:07,154 - INFO - 🟨 campo de caracteristica 'EQUIPE PRÓPRIA OU EPS detectado
2026-02-09 16:30:28,966 - INFO - ⌛ Aguardando confirmação 4 - editar OS...
2026-02-09 16:30:44,467 - INFO - ⌛ Aguardando confirmação 4 - editar OS...
2026-02-09 16:30:59,953 - INFO - ⌛ Aguardando confirmação 4 - editar OS...
2026-02-09 16:31:15,423 - INFO - 🟨 Janela de confirmação 4 de edição de OS detectada
2026-02-09 16:31:46,158 - INFO - ⌛ Aguardando janela de confirmação de programação de OS...
2026-02-09 16:32:06,554 - INFO - 🟨 Janela de confirmação de programação de OS detectada
2026-02-09 16:32:19,891 - INFO - 🟨 Janela de aviso de edição de OS programadas detectada
2026-02-09 16:32:24,154 - INFO - ⌛ aguardando janela de programação de lote de OS...
2026-02-09 16:32:44,736 - INFO - 🟨 Janela de aviso de substituição de lote de OS detectada
2026-02-09 16:32:50,990 - INFO - ⌛ aguardando janela de programação de lote de OS...
2026-02-09 16:33:11,501 - INFO - ⌛ aguardando janela de programação de lote de OS...
2026-02-09 16:33:32,015 - INFO - 🟨 Janela de programação de lote de OS detectada
2026-02-09 16:34:09,535 - INFO - 🟨 Janela de confirmação de programação de lote de OS detectada
2026-02-09 16:34:13,865 - INFO - ⌛ aguardando confirmação final de programação do lote
2026-02-09 16:34:34,427 - INFO - 🟨 programação do lote 1 efetuado com sucesso
2026-02-09 16:34:44,595 - INFO - 
=== Iniciando lote 2/20 [LM] ===
2026-02-09 16:34:50,954 - INFO - Janela de seleção aberta
2026-02-09 16:34:55,187 - INFO - DEBUG: idx=1, inicio=25, fim=50
2026-02-09 16:34:55,187 - INFO - ✅ 25 OS copiadas para a área de transferência.
2026-02-09 16:34:55,187 - INFO - 📋 Lote 2 copiado.
2026-02-09 16:35:03,516 - INFO - ⌛ Esperando mudança visual...
2026-02-09 16:35:04,533 - INFO - ⌛ Esperando mudança visual...
2026-02-09 16:35:05,550 - INFO - ⌛ Esperando mudança visual...
2026-02-09 16:35:06,563 - INFO - ⌛ Esperando mudança visual...
2026-02-09 16:35:07,579 - INFO - ⌛ Esperando mudança visual...
2026-02-09 16:35:08,595 - INFO - ⌛ Esperando mudança visual...
2026-02-09 16:35:09,611 - INFO - ⌛ Esperando mudança visual...
2026-02-09 16:35:10,626 - INFO - ⌛ Esperando mudança visual...
2026-02-09 16:35:11,641 - INFO - ⌛ Esperando mudança visual...
2026-02-09 16:35:12,658 - INFO - ⌛ Esperando mudança visual...
2026-02-09 16:35:13,673 - INFO - ⌛ Esperando mudança visual...
2026-02-09 16:35:14,690 - INFO - ⌛ Esperando mudança visual...
2026-02-09 16:35:15,704 - INFO - ⌛ Esperando mudança visual...
2026-02-09 16:35:16,721 - INFO - ⌛ Esperando mudança visual...
2026-02-09 16:35:17,736 - INFO - ⌛ Esperando mudança visual...
2026-02-09 16:35:18,754 - INFO - ⌛ Esperando mudança visual...
2026-02-09 16:35:19,769 - INFO - ⌛ Esperando mudança visual...
2026-02-09 16:35:20,785 - INFO - ⌛ Esperando mudança visual...
2026-02-09 16:35:21,800 - INFO - ⌛ Esperando mudança visual...
2026-02-09 16:35:22,814 - INFO - ⌛ Esperando mudança visual...
2026-02-09 16:35:23,830 - INFO - ✅ Tela carregada!
2026-02-09 16:35:34,325 - INFO - ⌛ Aguardando janela de confirmação de desbloqueio...
2026-02-09 16:35:44,764 - INFO - 🟨 Registros desbloqueados com sucesso
2026-02-09 16:35:58,326 - INFO - ⌛ Aguardando janela de edição de OS...
2026-02-09 16:36:13,826 - INFO - 🟨 OS programadas detectadas
2026-02-09 16:36:17,004 - INFO - ⌛ Aguardando janela de edição de OS...
2026-02-09 16:36:32,460 - INFO - 🟨 Janela de edição de OS detectada
2026-02-09 16:36:53,829 - INFO - 🟨 Janela de edição de habilidade da turma detectada
2026-02-09 16:38:12,150 - INFO - ⌛ Aguardando detecção do campo de caracteristica 'EQUIPE PRÓPRIA OU EPS' ...
2026-02-09 16:38:31,515 - INFO - 🟨 campo de caracteristica 'EQUIPE PRÓPRIA OU EPS detectado
2026-02-09 16:38:53,318 - INFO - ⌛ Aguardando confirmação 4 - editar OS...
2026-02-09 16:39:08,821 - INFO - ⌛ Aguardando confirmação 4 - editar OS...
2026-02-09 16:39:24,289 - INFO - 🟨 Janela de confirmação 4 de edição de OS detectada
2026-02-09 16:39:55,011 - INFO - ⌛ Aguardando janela de confirmação de programação de OS...
2026-02-09 16:40:15,399 - INFO - 🟨 Janela de confirmação de programação de OS detectada
2026-02-09 16:40:28,750 - INFO - 🟨 Janela de aviso de edição de OS programadas detectada
2026-02-09 16:40:33,020 - INFO - ⌛ aguardando janela de programação de lote de OS...
2026-02-09 16:40:53,525 - INFO - 🟨 Janela de aviso de substituição de lote de OS detectada
2026-02-09 16:40:59,792 - INFO - ⌛ aguardando janela de programação de lote de OS...
2026-02-09 16:41:20,332 - INFO - 🟨 Janela de programação de lote de OS detectada
2026-02-09 16:41:57,899 - INFO - 🟨 Janela de confirmação de programação de lote de OS detectada
2026-02-09 16:42:02,196 - INFO - ⌛ aguardando confirmação final de programação do lote
2026-02-09 16:42:22,717 - INFO - 🟨 programação do lote 2 efetuado com sucesso
2026-02-09 16:42:32,867 - INFO - 
=== Iniciando lote 3/20 [LM] ===
2026-02-09 16:42:39,233 - INFO - Janela de seleção aberta
2026-02-09 16:42:43,468 - INFO - DEBUG: idx=2, inicio=50, fim=75
2026-02-09 16:42:43,468 - INFO - ✅ 25 OS copiadas para a área de transferência.
2026-02-09 16:42:43,468 - INFO - 📋 Lote 3 copiado.
2026-02-09 16:42:51,800 - INFO - ⌛ Esperando mudança visual...
2026-02-09 16:42:52,815 - INFO - ⌛ Esperando mudança visual...
2026-02-09 16:42:53,829 - INFO - ⌛ Esperando mudança visual...
2026-02-09 16:42:54,847 - INFO - ⌛ Esperando mudança visual...
2026-02-09 16:42:55,863 - INFO - ⌛ Esperando mudança visual...
2026-02-09 16:42:56,876 - INFO - ⌛ Esperando mudança visual...
2026-02-09 16:42:57,895 - INFO - ⌛ Esperando mudança visual...
2026-02-09 16:42:58,911 - INFO - ⌛ Esperando mudança visual...
2026-02-09 16:42:59,926 - INFO - ⌛ Esperando mudança visual...
2026-02-09 16:43:00,941 - INFO - ⌛ Esperando mudança visual...
2026-02-09 16:43:01,958 - INFO - ⌛ Esperando mudança visual...
2026-02-09 16:43:02,971 - INFO - ⌛ Esperando mudança visual...
2026-02-09 16:43:03,986 - INFO - ⌛ Esperando mudança visual...
2026-02-09 16:43:05,002 - INFO - ⌛ Esperando mudança visual...
2026-02-09 16:43:06,017 - INFO - ⌛ Esperando mudança visual...
2026-02-09 16:43:07,033 - INFO - ⌛ Esperando mudança visual...
2026-02-09 16:43:08,049 - INFO - ⌛ Esperando mudança visual...
2026-02-09 16:43:09,065 - INFO - ✅ Tela carregada!
2026-02-09 16:43:19,535 - INFO - ⌛ Aguardando janela de confirmação de desbloqueio...
2026-02-09 16:43:29,944 - INFO - ⌛ Aguardando janela de confirmação de desbloqueio...
2026-02-09 16:43:40,348 - INFO - 🟨 Registros desbloqueados com sucesso
2026-02-09 16:43:53,862 - INFO - ⌛ Aguardando janela de edição de OS...
2026-02-09 16:44:09,302 - INFO - 🟨 OS programadas detectadas
2026-02-09 16:44:12,472 - INFO - ⌛ Aguardando janela de edição de OS...
2026-02-09 16:44:27,930 - INFO - 🟨 Janela de edição de OS detectada
2026-02-09 16:44:49,290 - INFO - 🟨 Janela de edição de habilidade da turma detectada
2026-02-09 16:46:07,601 - INFO - ⌛ Aguardando detecção do campo de caracteristica 'EQUIPE PRÓPRIA OU EPS' ...
2026-02-09 16:46:26,967 - INFO - 🟨 campo de caracteristica 'EQUIPE PRÓPRIA OU EPS detectado
2026-02-09 16:46:48,794 - INFO - ⌛ Aguardando confirmação 4 - editar OS...
2026-02-09 16:47:04,296 - INFO - ⌛ Aguardando confirmação 4 - editar OS...
2026-02-09 16:47:19,788 - INFO - ⌛ Aguardando confirmação 4 - editar OS...
2026-02-09 16:47:35,217 - INFO - 🟨 Janela de confirmação 4 de edição de OS detectada
2026-02-09 16:48:05,956 - INFO - ⌛ Aguardando janela de confirmação de programação de OS...
2026-02-09 16:48:26,333 - INFO - 🟨 Janela de confirmação de programação de OS detectada
2026-02-09 16:48:39,668 - INFO - 🟨 Janela de aviso de edição de OS programadas detectada
2026-02-09 16:48:43,935 - INFO - ⌛ aguardando janela de programação de lote de OS...
2026-02-09 16:49:04,493 - INFO - 🟨 Janela de aviso de substituição de lote de OS detectada
2026-02-09 16:49:10,760 - INFO - ⌛ aguardando janela de programação de lote de OS...
2026-02-09 16:49:31,366 - INFO - 🟨 Janela de programação de lote de OS detectada
2026-02-09 16:50:08,903 - INFO - 🟨 Janela de confirmação de programação de lote de OS detectada
2026-02-09 16:50:13,183 - INFO - ⌛ aguardando confirmação final de programação do lote
2026-02-09 16:50:33,725 - INFO - 🟨 programação do lote 3 efetuado com sucesso
2026-02-09 16:50:43,893 - INFO - 
=== Iniciando lote 4/20 [LM] ===
2026-02-09 16:50:50,257 - INFO - Janela de seleção aberta
2026-02-09 16:50:54,486 - INFO - DEBUG: idx=3, inicio=75, fim=100
2026-02-09 16:50:54,486 - INFO - ✅ 25 OS copiadas para a área de transferência.
2026-02-09 16:50:54,486 - INFO - 📋 Lote 4 copiado.
2026-02-09 16:51:02,818 - INFO - ⌛ Esperando mudança visual...
2026-02-09 16:51:03,833 - INFO - ⌛ Esperando mudança visual...
2026-02-09 16:51:04,848 - INFO - ⌛ Esperando mudança visual...
2026-02-09 16:51:05,866 - INFO - ⌛ Esperando mudança visual...
2026-02-09 16:51:06,881 - INFO - ⌛ Esperando mudança visual...
2026-02-09 16:51:07,898 - INFO - ⌛ Esperando mudança visual...
2026-02-09 16:51:08,911 - INFO - ⌛ Esperando mudança visual...
2026-02-09 16:51:09,928 - INFO - ⌛ Esperando mudança visual...
2026-02-09 16:51:10,945 - INFO - ⌛ Esperando mudança visual...
2026-02-09 16:51:11,959 - INFO - ⌛ Esperando mudança visual...
2026-02-09 16:51:12,977 - INFO - ⌛ Esperando mudança visual...
2026-02-09 16:51:13,993 - INFO - ⌛ Esperando mudança visual...
2026-02-09 16:51:15,006 - INFO - ⌛ Esperando mudança visual...
2026-02-09 16:51:16,023 - INFO - ⌛ Esperando mudança visual...
2026-02-09 16:51:17,038 - INFO - ⌛ Esperando mudança visual...
2026-02-09 16:51:18,053 - INFO - ⌛ Esperando mudança visual...
2026-02-09 16:51:19,068 - INFO - ⌛ Esperando mudança visual...
2026-02-09 16:51:20,084 - INFO - ⌛ Esperando mudança visual...
2026-02-09 16:51:21,099 - INFO - ✅ Tela carregada!
2026-02-09 16:51:31,584 - INFO - ⌛ Aguardando janela de confirmação de desbloqueio...
2026-02-09 16:51:41,973 - INFO - 🟨 Registros desbloqueados com sucesso
2026-02-09 16:51:55,490 - INFO - ⌛ Aguardando janela de edição de OS...
2026-02-09 16:52:10,929 - INFO - 🟨 OS programadas detectadas
2026-02-09 16:52:14,094 - INFO - ⌛ Aguardando janela de edição de OS...
2026-02-09 16:52:29,542 - INFO - 🟨 Janela de edição de OS detectada
2026-02-09 16:52:50,899 - INFO - 🟨 Janela de edição de habilidade da turma detectada
2026-02-09 16:54:09,212 - INFO - ⌛ Aguardando detecção do campo de caracteristica 'EQUIPE PRÓPRIA OU EPS' ...
2026-02-09 16:54:28,575 - INFO - 🟨 campo de caracteristica 'EQUIPE PRÓPRIA OU EPS detectado
2026-02-09 16:54:50,354 - INFO - ⌛ Aguardando confirmação 4 - editar OS...
2026-02-09 16:55:05,771 - INFO - ⌛ Aguardando confirmação 4 - editar OS...
2026-02-09 16:55:21,250 - INFO - ⌛ Aguardando confirmação 4 - editar OS...
2026-02-09 16:55:36,673 - INFO - 🟨 Janela de confirmação 4 de edição de OS detectada
2026-02-09 16:56:07,356 - INFO - ⌛ Aguardando janela de confirmação de programação de OS...
2026-02-09 16:56:27,736 - INFO - 🟨 Janela de confirmação de programação de OS detectada
2026-02-09 16:56:41,037 - INFO - 🟨 Janela de aviso de edição de OS programadas detectada
2026-02-09 16:56:45,314 - INFO - ⌛ aguardando janela de programação de lote de OS...
2026-02-09 16:57:05,797 - INFO - 🟨 Janela de aviso de substituição de lote de OS detectada
2026-02-09 16:57:12,063 - INFO - ⌛ aguardando janela de programação de lote de OS...
2026-02-09 16:57:32,536 - INFO - ⌛ aguardando janela de programação de lote de OS...
2026-02-09 16:57:32,769 - INFO - 🟨 Identificado falha no EQM
2026-02-09 16:57:47,962 - INFO - ⌛ Aguardando janela de confirmação de programação de OS...
2026-02-09 16:58:08,303 - INFO - ⌛ Aguardando janela de confirmação de programação de OS...
2026-02-09 16:58:28,636 - INFO - ⌛ Aguardando janela de confirmação de programação de OS...
2026-02-09 16:58:48,980 - INFO - ⌛ Aguardando janela de confirmação de programação de OS...
2026-02-09 16:59:09,330 - INFO - ⌛ Aguardando janela de confirmação de programação de OS...
2026-02-09 16:59:29,697 - INFO - ⌛ Aguardando janela de confirmação de programação de OS...
2026-02-09 16:59:50,091 - INFO - ⌛ Aguardando janela de confirmação de programação de OS...
2026-02-09 17:00:10,487 - INFO - ⌛ Aguardando janela de confirmação de programação de OS...
2026-02-09 17:00:30,865 - INFO - ⌛ Aguardando janela de confirmação de programação de OS...
2026-02-09 17:00:51,214 - INFO - ⌛ Aguardando janela de confirmação de programação de OS...
2026-02-09 17:01:11,589 - INFO - ⌛ Aguardando janela de confirmação de programação de OS...
2026-02-09 17:01:31,918 - INFO - ⌛ Aguardando janela de confirmação de programação de OS...
2026-02-09 17:01:52,250 - INFO - ⌛ Aguardando janela de confirmação de programação de OS...
2026-02-09 17:02:12,644 - INFO - ⌛ Aguardando janela de confirmação de programação de OS...
2026-02-09 17:02:32,974 - INFO - ⌛ Aguardando janela de confirmação de programação de OS...
2026-02-09 17:02:53,320 - INFO - ⌛ Aguardando janela de confirmação de programação de OS...
2026-02-09 17:03:13,651 - INFO - ⌛ Aguardando janela de confirmação de programação de OS...
2026-02-09 17:03:33,980 - INFO - ⌛ Aguardando janela de confirmação de programação de OS...
2026-02-09 17:03:54,311 - INFO - ⌛ Aguardando janela de confirmação de programação de OS...
2026-02-09 17:04:14,696 - INFO - ⌛ Aguardando janela de confirmação de programação de OS...
2026-02-09 17:04:35,120 - INFO - ⌛ Aguardando janela de confirmação de programação de OS...
2026-02-09 17:04:55,451 - INFO - ⌛ Aguardando janela de confirmação de programação de OS...
2026-02-09 17:05:15,786 - INFO - ⌛ Aguardando janela de confirmação de programação de OS...
2026-02-09 17:05:36,112 - INFO - ⌛ Aguardando janela de confirmação de programação de OS...
2026-02-09 17:05:56,459 - INFO - ⌛ Aguardando janela de confirmação de programação de OS...
2026-02-09 17:06:16,789 - INFO - ⌛ Aguardando janela de confirmação de programação de OS...
2026-02-09 17:06:37,118 - INFO - ⌛ Aguardando janela de confirmação de programação de OS...
2026-02-09 17:06:57,468 - INFO - ⌛ Aguardando janela de confirmação de programação de OS...
2026-02-09 17:07:17,795 - INFO - ⌛ Aguardando janela de confirmação de programação de OS...
2026-02-09 17:07:38,918 - INFO - ⌛ Aguardando janela de confirmação de programação de OS...
2026-02-09 17:08:00,879 - INFO - verificando janela oculta
2026-02-09 17:08:21,815 - INFO - ⏱️ Tempo limite atingido. Abortando seleção
