2026-06-29 09:14:23,071 - INFO - Data hoje: 29/06/2026
2026-06-29 09:14:23,071 - INFO - Data de referência: 30/06/2026
2026-06-29 09:15:46,487 - INFO - Qtde OS de LINHA VIVA: 2511
2026-06-29 09:15:46,488 - INFO - Qtde OS poda de LINHA MORTA: 1514
2026-06-29 09:15:46,488 - INFO - Qtde OS estrutural de LINHA MORTA : 16284
2026-06-29 09:15:46,488 - INFO - Qtde OS poda de LINHA MORTA fora carteira: 99
2026-06-29 09:15:46,488 - INFO - Qtde OS para desprogramar: 2691
2026-06-29 09:15:46,488 - INFO - 
 Qtd de lotes de LM: 61
2026-06-29 09:15:46,488 - INFO - 
 Qtd de lotes de LV: 101
2026-06-29 09:15:46,491 - INFO - 
 Qtd de lotes de ESTRUTURAL LM: 652
2026-06-29 09:15:46,491 - INFO - 
 Qtd de lotes de LEVE: 4
2026-06-29 09:15:46,491 - INFO - 
 Qtd de lotes para desprogramar: 108
2026-06-29 09:15:46,491 - INFO - 
=== Iniciando lote 46/61 [LM] ===
2026-06-29 09:15:46,491 - INFO - 
=== abrir_janela_selecao ===
2026-06-29 09:15:52,812 - INFO - 
=== rotina abrir_selecao_colar_os ===
2026-06-29 09:15:52,903 - INFO - Janela de seleção aberta
2026-06-29 09:15:57,147 - INFO - DEBUG: idx=45, inicio=1125, fim=1150
2026-06-29 09:15:57,148 - INFO - ✅ 25 OS copiadas para a área de transferência.
2026-06-29 09:15:57,148 - INFO - 📋 Lote 46 copiado.
2026-06-29 09:16:05,475 - INFO - ⌛ Esperando mudança visual...
2026-06-29 09:16:06,493 - INFO - ✅ Tela carregada!
2026-06-29 09:16:10,494 - INFO - 
=== rotina desbloquear_os ===
2026-06-29 09:16:16,984 - INFO - ⌛ Aguardando janela de confirmação de desbloqueio...
2026-06-29 09:16:32,401 - INFO - 🟨 Registros desbloqueados com sucesso
2026-06-29 09:16:36,509 - INFO - 
=== rotina editar_os ===
2026-06-29 09:16:45,945 - INFO - 🟨 OS programadas detectadas
2026-06-29 09:16:49,050 - INFO - ⌛ Aguardando janela de edição de OS...
2026-06-29 09:17:04,491 - INFO - 🟨 Janela de edição de OS detectada
2026-06-29 09:17:25,858 - INFO - 🟨 Janela de edição de habilidade da turma detectada
2026-06-29 09:18:44,159 - INFO - ⌛ Aguardando detecção do campo de caracteristica 'EQUIPE PRÓPRIA OU EPS' ...
2026-06-29 09:19:03,524 - INFO - 🟨 campo de caracteristica 'EQUIPE PRÓPRIA OU EPS detectado
2026-06-29 09:19:25,325 - INFO - ⌛ Aguardando confirmação 4 - editar OS...
2026-06-29 09:19:25,325 - INFO - 🟨 verificando algum erro de impedimento do lote
2026-06-29 09:19:30,508 - INFO - 🟨 Identificado travamento no EQM, reiniciando contador de espera
2026-06-29 09:19:45,854 - INFO - ⌛ Aguardando confirmação 4 - editar OS...
2026-06-29 09:19:45,854 - INFO - 🟨 verificando algum erro de impedimento do lote
2026-06-29 09:20:06,343 - INFO - 🟨 Janela de confirmação 4 de edição de OS detectada
2026-06-29 09:20:10,446 - INFO - 
=== rotina programar_os ===
2026-06-29 09:20:36,980 - INFO - ⌛ Aguardando janela de confirmação de programação de OS...
2026-06-29 09:21:02,399 - INFO - 🟨 Janela de confirmação de programação de OS detectada
2026-06-29 09:21:15,653 - INFO - 🟨 Janela de aviso de edição de OS programadas detectada
2026-06-29 09:21:22,877 - INFO - ⌛ aguardando janela de programação de lote de OS...
2026-06-29 09:21:48,651 - INFO - 🟨 Janela de aviso de substituição de lote de OS detectada
2026-06-29 09:22:08,762 - INFO - ⌛ aguardando janela de programação de lote de OS...
2026-06-29 09:22:08,995 - INFO - 🟨 Identificado falha no EQM
2026-06-29 09:22:08,995 - INFO - Capturando print...
2026-06-29 09:22:54,642 - INFO - ⌛ Aguardando janela de confirmação de programação de OS...
2026-06-29 09:23:20,126 - INFO - 🟨 Janela de confirmação de programação de OS detectada
2026-06-29 09:23:33,415 - INFO - 🟨 Janela de aviso de edição de OS programadas detectada
2026-06-29 09:23:40,641 - INFO - ⌛ aguardando janela de programação de lote de OS...
2026-06-29 09:24:06,455 - INFO - 🟨 Janela de aviso de substituição de lote de OS detectada
2026-06-29 09:24:26,576 - INFO - ⌛ aguardando janela de programação de lote de OS...
2026-06-29 09:24:52,163 - INFO - 🟨 Janela de programação de lote de OS detectada
2026-06-29 09:25:41,686 - INFO - 🟨 Janela de confirmação de programação de lote de OS detectada
2026-06-29 09:25:45,927 - INFO - ⌛ aguardando confirmação final de programação do lote
2026-06-29 09:26:11,357 - INFO - 🟨 programação do lote 46 efetuado com sucesso
2026-06-29 09:26:21,466 - INFO - 
=== Iniciando lote 47/61 [LM] ===
2026-06-29 09:26:21,467 - INFO - 
=== abrir_janela_selecao ===
2026-06-29 09:26:27,774 - INFO - 
=== rotina abrir_selecao_colar_os ===
2026-06-29 09:26:27,822 - INFO - Janela de seleção aberta
2026-06-29 09:26:32,062 - INFO - DEBUG: idx=46, inicio=1150, fim=1175
2026-06-29 09:26:32,062 - INFO - ✅ 25 OS copiadas para a área de transferência.
2026-06-29 09:26:32,063 - INFO - 📋 Lote 47 copiado.
2026-06-29 09:26:40,410 - INFO - ⌛ Esperando mudança visual...
2026-06-29 09:26:41,426 - INFO - ⌛ Esperando mudança visual...
2026-06-29 09:26:42,441 - INFO - ⌛ Esperando mudança visual...
2026-06-29 09:26:43,457 - INFO - ⌛ Esperando mudança visual...
2026-06-29 09:26:44,471 - INFO - ⌛ Esperando mudança visual...
2026-06-29 09:26:45,487 - INFO - ⌛ Esperando mudança visual...
2026-06-29 09:26:46,503 - INFO - ⌛ Esperando mudança visual...
2026-06-29 09:26:47,519 - INFO - ⌛ Esperando mudança visual...
2026-06-29 09:26:48,533 - INFO - ⌛ Esperando mudança visual...
2026-06-29 09:26:49,551 - INFO - ⌛ Esperando mudança visual...
2026-06-29 09:26:50,567 - INFO - ✅ Tela carregada!
2026-06-29 09:26:54,569 - INFO - 
=== rotina desbloquear_os ===
2026-06-29 09:27:05,183 - INFO - Data hoje: 29/06/2026
2026-06-29 09:27:05,183 - INFO - Data de referência: 30/06/2026
2026-06-29 09:28:39,006 - INFO - Qtde OS de LINHA VIVA: 2511
2026-06-29 09:28:39,006 - INFO - Qtde OS poda de LINHA MORTA: 1514
2026-06-29 09:28:39,006 - INFO - Qtde OS estrutural de LINHA MORTA : 16284
2026-06-29 09:28:39,006 - INFO - Qtde OS poda de LINHA MORTA fora carteira: 99
2026-06-29 09:28:39,006 - INFO - Qtde OS para desprogramar: 2691
2026-06-29 09:28:39,006 - INFO - 
 Qtd de lotes de LM: 61
2026-06-29 09:28:39,006 - INFO - 
 Qtd de lotes de LV: 101
2026-06-29 09:28:39,006 - INFO - 
 Qtd de lotes de ESTRUTURAL LM: 652
2026-06-29 09:28:39,006 - INFO - 
 Qtd de lotes de LEVE: 4
2026-06-29 09:28:39,006 - INFO - 
 Qtd de lotes para desprogramar: 108
2026-06-29 09:28:39,006 - INFO - 
=== Iniciando lote 46/61 [LM] ===
2026-06-29 09:28:39,006 - INFO - 
=== abrir_janela_selecao ===
2026-06-29 09:28:45,348 - INFO - 
=== rotina abrir_selecao_colar_os ===
2026-06-29 09:28:45,435 - INFO - ⌛ Aguardando janela de seleção...
2026-06-29 09:28:56,005 - INFO - ⌛ Aguardando janela de seleção...
2026-06-29 09:29:06,444 - INFO - ⌛ Aguardando janela de seleção...
2026-06-29 09:29:16,946 - INFO - ⌛ Aguardando janela de seleção...
2026-06-29 12:44:31,873 - INFO - Data hoje: 29/06/2026
2026-06-29 12:44:31,873 - INFO - Data de referência: 30/06/2026
2026-06-29 12:45:53,748 - INFO - Qtde OS de LINHA VIVA: 2194
2026-06-29 12:45:53,748 - INFO - Qtde OS poda de LINHA MORTA: 506
2026-06-29 12:45:53,748 - INFO - Qtde OS estrutural de LINHA MORTA : 16292
2026-06-29 12:45:53,748 - INFO - Qtde OS poda de LINHA MORTA fora carteira: 98
2026-06-29 12:45:53,748 - INFO - Qtde OS para desprogramar: 2682
2026-06-29 12:45:53,748 - INFO - 
 Qtd de lotes de LM: 21
2026-06-29 12:45:53,748 - INFO - 
 Qtd de lotes de LV: 88
2026-06-29 12:45:53,748 - INFO - 
 Qtd de lotes de ESTRUTURAL LM: 652
2026-06-29 12:45:53,748 - INFO - 
 Qtd de lotes de LEVE: 4
2026-06-29 12:45:53,748 - INFO - 
 Qtd de lotes para desprogramar: 108
2026-06-29 12:45:53,748 - INFO - 
=== Iniciando lote 1/21 [LM] ===
2026-06-29 12:45:53,748 - INFO - 
=== abrir_janela_selecao ===
2026-06-29 12:46:00,079 - INFO - 
=== rotina abrir_selecao_colar_os ===
2026-06-29 12:46:00,204 - INFO - Janela de seleção aberta
2026-06-29 12:46:06,539 - INFO - DEBUG: idx=0, inicio=0, fim=25
2026-06-29 12:46:06,539 - INFO - ✅ 25 OS copiadas para a área de transferência.
2026-06-29 12:46:06,539 - INFO - 📋 Lote 1 copiado.
2026-06-29 12:46:14,882 - INFO - ⌛ Esperando mudança visual...
2026-06-29 12:46:15,900 - INFO - ⌛ Esperando mudança visual...
2026-06-29 12:46:16,903 - INFO - ⌛ Esperando mudança visual...
2026-06-29 12:46:17,936 - INFO - ⌛ Esperando mudança visual...
2026-06-29 12:46:18,951 - INFO - ⌛ Esperando mudança visual...
2026-06-29 12:46:19,968 - INFO - ✅ Tela carregada!
2026-06-29 12:46:23,970 - INFO - 
=== rotina desbloquear_os ===
2026-06-29 12:46:30,465 - INFO - ⌛ Aguardando janela de confirmação de desbloqueio...
2026-06-29 12:46:45,906 - INFO - 🟨 Registros desbloqueados com sucesso
2026-06-29 12:46:50,011 - INFO - 
=== rotina editar_os ===
2026-06-29 12:46:59,431 - INFO - ⌛ Aguardando janela de edição de OS...
2026-06-29 12:47:14,906 - INFO - 🟨 OS programadas detectadas
2026-06-29 12:47:18,029 - INFO - ⌛ Aguardando janela de edição de OS...
2026-06-29 12:47:33,459 - INFO - 🟨 Janela de edição de OS detectada
2026-06-29 12:47:54,849 - INFO - 🟨 Janela de edição de habilidade da turma detectada
2026-06-29 12:49:13,163 - INFO - ⌛ Aguardando detecção do campo de caracteristica 'EQUIPE PRÓPRIA OU EPS' ...
2026-06-29 12:49:32,506 - INFO - 🟨 campo de caracteristica 'EQUIPE PRÓPRIA OU EPS detectado
2026-06-29 12:49:54,280 - INFO - ⌛ Aguardando confirmação 4 - editar OS...
2026-06-29 12:49:54,280 - INFO - 🟨 verificando algum erro de impedimento do lote
2026-06-29 12:50:14,845 - INFO - ⌛ Aguardando confirmação 4 - editar OS...
2026-06-29 12:50:14,845 - INFO - 🟨 verificando algum erro de impedimento do lote
2026-06-29 12:50:35,335 - INFO - 🟨 Janela de confirmação 4 de edição de OS detectada
2026-06-29 12:50:39,443 - INFO - 
=== rotina programar_os ===
2026-06-29 12:51:05,970 - INFO - ⌛ Aguardando janela de confirmação de programação de OS...
2026-06-29 12:51:31,384 - INFO - 🟨 Janela de confirmação de programação de OS detectada
2026-06-29 12:51:44,671 - INFO - 🟨 Janela de aviso de edição de OS programadas detectada
2026-06-29 12:51:51,896 - INFO - ⌛ aguardando janela de programação de lote de OS...
2026-06-29 12:52:17,405 - INFO - 🟨 Janela de aviso de substituição de lote de OS detectada
2026-06-29 12:52:37,508 - INFO - ⌛ aguardando janela de programação de lote de OS...
2026-06-29 12:53:03,002 - INFO - 🟨 Janela de aviso de substituição de lote de OS detectada
2026-06-29 12:53:23,106 - INFO - ⌛ aguardando janela de programação de lote de OS...
2026-06-29 12:53:23,235 - INFO - 🟨 Identificado travamento no EQM, reiniciando contador de espera
2026-06-29 12:53:48,596 - INFO - 🟨 Janela de programação de lote de OS detectada
2026-06-29 12:54:38,094 - INFO - 🟨 Janela de confirmação de programação de lote de OS detectada
2026-06-29 12:54:42,303 - INFO - ⌛ aguardando confirmação final de programação do lote
2026-06-29 12:55:07,756 - INFO - 🟨 programação do lote 1 efetuado com sucesso
2026-06-29 12:55:17,860 - INFO - 
=== Iniciando lote 2/21 [LM] ===
2026-06-29 12:55:17,860 - INFO - 
=== abrir_janela_selecao ===
2026-06-29 12:55:24,168 - INFO - 
=== rotina abrir_selecao_colar_os ===
2026-06-29 12:55:24,215 - INFO - Janela de seleção aberta
2026-06-29 12:55:28,434 - INFO - DEBUG: idx=1, inicio=25, fim=50
2026-06-29 12:55:28,434 - INFO - ✅ 25 OS copiadas para a área de transferência.
2026-06-29 12:55:28,434 - INFO - 📋 Lote 2 copiado.
2026-06-29 12:55:36,770 - INFO - ⌛ Esperando mudança visual...
2026-06-29 12:55:37,785 - INFO - ⌛ Esperando mudança visual...
2026-06-29 12:55:38,788 - INFO - ⌛ Esperando mudança visual...
2026-06-29 12:55:39,815 - INFO - ⌛ Esperando mudança visual...
2026-06-29 12:55:40,831 - INFO - ⌛ Esperando mudança visual...
2026-06-29 12:55:41,847 - INFO - ⌛ Esperando mudança visual...
2026-06-29 12:55:42,863 - INFO - ⌛ Esperando mudança visual...
2026-06-29 12:55:43,880 - INFO - ⌛ Esperando mudança visual...
2026-06-29 12:55:44,894 - INFO - ⌛ Esperando mudança visual...
2026-06-29 12:55:45,910 - INFO - ⌛ Esperando mudança visual...
2026-06-29 12:55:46,926 - INFO - ✅ Tela carregada!
2026-06-29 12:55:50,932 - INFO - 
=== rotina desbloquear_os ===
2026-06-29 12:55:57,390 - INFO - ⌛ Aguardando janela de confirmação de desbloqueio...
2026-06-29 12:56:12,789 - INFO - 🟨 Registros desbloqueados com sucesso
2026-06-29 12:56:16,893 - INFO - 
=== rotina editar_os ===
2026-06-29 12:56:26,308 - INFO - ⌛ Aguardando janela de edição de OS...
2026-06-29 12:56:41,783 - INFO - 🟨 OS programadas detectadas
2026-06-29 12:56:44,902 - INFO - ⌛ Aguardando janela de edição de OS...
2026-06-29 12:57:00,363 - INFO - 🟨 Janela de edição de OS detectada
2026-06-29 12:57:21,722 - INFO - 🟨 Janela de edição de habilidade da turma detectada
2026-06-29 12:58:40,011 - INFO - ⌛ Aguardando detecção do campo de caracteristica 'EQUIPE PRÓPRIA OU EPS' ...
2026-06-29 12:58:59,353 - INFO - 🟨 campo de caracteristica 'EQUIPE PRÓPRIA OU EPS detectado
2026-06-29 12:59:21,178 - INFO - ⌛ Aguardando confirmação 4 - editar OS...
2026-06-29 12:59:21,183 - INFO - 🟨 verificando algum erro de impedimento do lote
2026-06-29 12:59:28,257 - INFO - identificado impedimento, pulando lote
2026-06-29 12:59:42,478 - INFO - 
=== Iniciando lote 3/21 [LM] ===
2026-06-29 12:59:42,478 - INFO - 
=== abrir_janela_selecao ===
2026-06-29 12:59:48,785 - INFO - 
=== rotina abrir_selecao_colar_os ===
2026-06-29 12:59:48,837 - INFO - Janela de seleção aberta
2026-06-29 12:59:53,064 - INFO - DEBUG: idx=2, inicio=50, fim=75
2026-06-29 12:59:53,064 - INFO - ✅ 25 OS copiadas para a área de transferência.
2026-06-29 12:59:53,064 - INFO - 📋 Lote 3 copiado.
2026-06-29 13:00:01,394 - INFO - ⌛ Esperando mudança visual...
2026-06-29 13:00:02,408 - INFO - ⌛ Esperando mudança visual...
2026-06-29 13:00:03,423 - INFO - ⌛ Esperando mudança visual...
2026-06-29 13:00:04,438 - INFO - ⌛ Esperando mudança visual...
2026-06-29 13:00:05,454 - INFO - ⌛ Esperando mudança visual...
2026-06-29 13:00:06,469 - INFO - ⌛ Esperando mudança visual...
2026-06-29 13:00:07,486 - INFO - ⌛ Esperando mudança visual...
2026-06-29 13:00:08,502 - INFO - ⌛ Esperando mudança visual...
2026-06-29 13:00:09,517 - INFO - ⌛ Esperando mudança visual...
2026-06-29 13:00:10,533 - INFO - ⌛ Esperando mudança visual...
2026-06-29 13:00:11,548 - INFO - ⌛ Esperando mudança visual...
2026-06-29 13:00:12,566 - INFO - ✅ Tela carregada!
2026-06-29 13:00:16,568 - INFO - 
=== rotina desbloquear_os ===
2026-06-29 13:00:23,042 - INFO - ⌛ Aguardando janela de confirmação de desbloqueio...
2026-06-29 13:00:38,495 - INFO - 🟨 Registros desbloqueados com sucesso
2026-06-29 13:00:42,597 - INFO - 
=== rotina editar_os ===
2026-06-29 13:00:51,996 - INFO - ⌛ Aguardando janela de edição de OS...
2026-06-29 13:01:07,450 - INFO - 🟨 OS programadas detectadas
2026-06-29 13:01:10,554 - INFO - ⌛ Aguardando janela de edição de OS...
2026-06-29 13:01:25,982 - INFO - 🟨 Janela de edição de OS detectada
2026-06-29 13:01:47,331 - INFO - 🟨 Janela de edição de habilidade da turma detectada
2026-06-29 13:03:05,642 - INFO - ⌛ Aguardando detecção do campo de caracteristica 'EQUIPE PRÓPRIA OU EPS' ...
2026-06-29 13:03:24,983 - INFO - 🟨 campo de caracteristica 'EQUIPE PRÓPRIA OU EPS detectado
2026-06-29 13:03:46,748 - INFO - ⌛ Aguardando confirmação 4 - editar OS...
2026-06-29 13:03:46,748 - INFO - 🟨 verificando algum erro de impedimento do lote
2026-06-29 13:04:07,274 - INFO - ⌛ Aguardando confirmação 4 - editar OS...
2026-06-29 13:04:07,274 - INFO - 🟨 verificando algum erro de impedimento do lote
2026-06-29 13:04:27,792 - INFO - 🟨 Janela de confirmação 4 de edição de OS detectada
2026-06-29 13:04:31,914 - INFO - 
=== rotina programar_os ===
2026-06-29 13:04:58,454 - INFO - ⌛ Aguardando janela de confirmação de programação de OS...
2026-06-29 13:05:23,879 - INFO - 🟨 Janela de confirmação de programação de OS detectada
2026-06-29 13:05:37,135 - INFO - 🟨 Janela de aviso de edição de OS programadas detectada
2026-06-29 13:05:44,356 - INFO - ⌛ aguardando janela de programação de lote de OS...
2026-06-29 13:06:09,850 - INFO - 🟨 Janela de aviso de substituição de lote de OS detectada
2026-06-29 13:06:29,955 - INFO - ⌛ aguardando janela de programação de lote de OS...
2026-06-29 13:06:30,173 - INFO - 🟨 Identificado falha no EQM
2026-06-29 13:06:30,173 - INFO - Capturando print...
2026-06-29 13:07:15,807 - INFO - ⌛ Aguardando janela de confirmação de programação de OS...
2026-06-29 13:07:41,216 - INFO - 🟨 Janela de confirmação de programação de OS detectada
2026-06-29 13:07:54,494 - INFO - 🟨 Janela de aviso de edição de OS programadas detectada
2026-06-29 13:08:01,704 - INFO - ⌛ aguardando janela de programação de lote de OS...
2026-06-29 13:08:27,191 - INFO - 🟨 Janela de aviso de substituição de lote de OS detectada
2026-06-29 13:08:47,305 - INFO - ⌛ aguardando janela de programação de lote de OS...
2026-06-29 13:09:12,803 - INFO - 🟨 Janela de aviso de substituição de lote de OS detectada
2026-06-29 13:09:32,916 - INFO - ⌛ aguardando janela de programação de lote de OS...
2026-06-29 13:09:58,442 - INFO - 🟨 Janela de programação de lote de OS detectada
2026-06-29 13:10:47,946 - INFO - 🟨 Janela de confirmação de programação de lote de OS detectada
2026-06-29 13:10:52,147 - INFO - ⌛ aguardando confirmação final de programação do lote
2026-06-29 13:11:17,628 - INFO - 🟨 programação do lote 3 efetuado com sucesso
2026-06-29 13:11:27,733 - INFO - 
=== Iniciando lote 4/21 [LM] ===
2026-06-29 13:11:27,733 - INFO - 
=== abrir_janela_selecao ===
2026-06-29 13:11:34,041 - INFO - 
=== rotina abrir_selecao_colar_os ===
2026-06-29 13:11:34,076 - INFO - Janela de seleção aberta
2026-06-29 13:11:38,308 - INFO - DEBUG: idx=3, inicio=75, fim=100
2026-06-29 13:11:38,308 - INFO - ✅ 25 OS copiadas para a área de transferência.
2026-06-29 13:11:38,308 - INFO - 📋 Lote 4 copiado.
2026-06-29 13:11:46,653 - INFO - ⌛ Esperando mudança visual...
2026-06-29 13:11:47,663 - INFO - ⌛ Esperando mudança visual...
2026-06-29 13:11:48,679 - INFO - ⌛ Esperando mudança visual...
2026-06-29 13:11:49,710 - INFO - ⌛ Esperando mudança visual...
2026-06-29 13:11:50,727 - INFO - ⌛ Esperando mudança visual...
2026-06-29 13:11:51,742 - INFO - ⌛ Esperando mudança visual...
2026-06-29 13:11:52,758 - INFO - ⌛ Esperando mudança visual...
2026-06-29 13:11:53,776 - INFO - ⌛ Esperando mudança visual...
2026-06-29 13:11:54,789 - INFO - ⌛ Esperando mudança visual...
2026-06-29 13:11:55,805 - INFO - ✅ Tela carregada!
2026-06-29 13:11:59,809 - INFO - 
=== rotina desbloquear_os ===
2026-06-29 13:12:06,273 - INFO - ⌛ Aguardando janela de confirmação de desbloqueio...
2026-06-29 13:12:21,663 - INFO - 🟨 Registros desbloqueados com sucesso
2026-06-29 13:12:25,769 - INFO - 
=== rotina editar_os ===
2026-06-29 13:12:35,188 - INFO - 🟨 OS programadas detectadas
2026-06-29 13:12:38,294 - INFO - ⌛ Aguardando janela de edição de OS...
2026-06-29 13:12:53,699 - INFO - 🟨 Janela de edição de OS detectada
2026-06-29 13:13:15,053 - INFO - 🟨 Janela de edição de habilidade da turma detectada
2026-06-29 13:14:33,370 - INFO - ⌛ Aguardando detecção do campo de caracteristica 'EQUIPE PRÓPRIA OU EPS' ...
2026-06-29 13:14:52,729 - INFO - 🟨 campo de caracteristica 'EQUIPE PRÓPRIA OU EPS detectado
2026-06-29 13:15:14,499 - INFO - ⌛ Aguardando confirmação 4 - editar OS...
2026-06-29 13:15:14,499 - INFO - 🟨 verificando algum erro de impedimento do lote
2026-06-29 13:15:34,963 - INFO - ⌛ Aguardando confirmação 4 - editar OS...
2026-06-29 13:15:34,963 - INFO - 🟨 verificando algum erro de impedimento do lote
2026-06-29 13:15:55,430 - INFO - 🟨 Janela de confirmação 4 de edição de OS detectada
2026-06-29 13:15:59,546 - INFO - 
=== rotina programar_os ===
2026-06-29 13:16:26,056 - INFO - ⌛ Aguardando janela de confirmação de programação de OS...
2026-06-29 13:16:51,488 - INFO - 🟨 Janela de confirmação de programação de OS detectada
2026-06-29 13:17:04,744 - INFO - 🟨 Janela de aviso de edição de OS programadas detectada
2026-06-29 13:17:11,964 - INFO - ⌛ aguardando janela de programação de lote de OS...
2026-06-29 13:17:37,450 - INFO - 🟨 Janela de aviso de substituição de lote de OS detectada
2026-06-29 13:17:57,564 - INFO - ⌛ aguardando janela de programação de lote de OS...
2026-06-29 13:18:23,114 - INFO - 🟨 Janela de programação de lote de OS detectada
2026-06-29 13:19:12,618 - INFO - 🟨 Janela de confirmação de programação de lote de OS detectada
2026-06-29 13:19:16,831 - INFO - ⌛ aguardando confirmação final de programação do lote
2026-06-29 13:19:42,303 - INFO - 🟨 programação do lote 4 efetuado com sucesso
2026-06-29 13:19:52,409 - INFO - 
=== Iniciando lote 5/21 [LM] ===
2026-06-29 13:19:52,409 - INFO - 
=== abrir_janela_selecao ===
2026-06-29 13:19:58,716 - INFO - 
=== rotina abrir_selecao_colar_os ===
2026-06-29 13:19:58,763 - INFO - Janela de seleção aberta
2026-06-29 13:20:02,976 - INFO - DEBUG: idx=4, inicio=100, fim=125
2026-06-29 13:20:02,976 - INFO - ✅ 25 OS copiadas para a área de transferência.
2026-06-29 13:20:02,976 - INFO - 📋 Lote 5 copiado.
2026-06-29 13:20:11,296 - INFO - ⌛ Esperando mudança visual...
2026-06-29 13:20:12,320 - INFO - ⌛ Esperando mudança visual...
2026-06-29 13:20:13,334 - INFO - ⌛ Esperando mudança visual...
2026-06-29 13:20:14,350 - INFO - ⌛ Esperando mudança visual...
2026-06-29 13:20:15,363 - INFO - ⌛ Esperando mudança visual...
2026-06-29 13:20:16,379 - INFO - ⌛ Esperando mudança visual...
2026-06-29 13:20:17,395 - INFO - ⌛ Esperando mudança visual...
2026-06-29 13:20:18,399 - INFO - ⌛ Esperando mudança visual...
2026-06-29 13:20:19,409 - INFO - ⌛ Esperando mudança visual...
2026-06-29 13:20:20,424 - INFO - ✅ Tela carregada!
2026-06-29 13:20:24,427 - INFO - 
=== rotina desbloquear_os ===
2026-06-29 13:20:30,891 - INFO - ⌛ Aguardando janela de confirmação de desbloqueio...
2026-06-29 13:20:46,272 - INFO - 🟨 Registros desbloqueados com sucesso
2026-06-29 13:20:50,380 - INFO - 
=== rotina editar_os ===
2026-06-29 13:20:59,841 - INFO - ⌛ Aguardando janela de edição de OS...
2026-06-29 13:21:15,368 - INFO - 🟨 OS programadas detectadas
2026-06-29 13:21:18,471 - INFO - ⌛ Aguardando janela de edição de OS...
2026-06-29 13:21:33,912 - INFO - 🟨 Janela de edição de OS detectada
2026-06-29 13:21:55,278 - INFO - 🟨 Janela de edição de habilidade da turma detectada
2026-06-29 13:23:13,584 - INFO - ⌛ Aguardando detecção do campo de caracteristica 'EQUIPE PRÓPRIA OU EPS' ...
2026-06-29 13:23:32,938 - INFO - 🟨 campo de caracteristica 'EQUIPE PRÓPRIA OU EPS detectado
2026-06-29 13:23:54,730 - INFO - ⌛ Aguardando confirmação 4 - editar OS...
2026-06-29 13:23:54,730 - INFO - 🟨 verificando algum erro de impedimento do lote
2026-06-29 13:24:15,221 - INFO - ⌛ Aguardando confirmação 4 - editar OS...
2026-06-29 13:24:15,221 - INFO - 🟨 verificando algum erro de impedimento do lote
2026-06-29 13:24:35,687 - INFO - 🟨 Janela de confirmação 4 de edição de OS detectada
2026-06-29 13:24:39,801 - INFO - 
=== rotina programar_os ===
2026-06-29 13:25:06,321 - INFO - ⌛ Aguardando janela de confirmação de programação de OS...
2026-06-29 13:25:31,800 - INFO - 🟨 Janela de confirmação de programação de OS detectada
2026-06-29 13:25:45,078 - INFO - 🟨 Janela de aviso de edição de OS programadas detectada
2026-06-29 13:25:52,292 - INFO - ⌛ aguardando janela de programação de lote de OS...
2026-06-29 13:26:17,787 - INFO - 🟨 Janela de aviso de substituição de lote de OS detectada
2026-06-29 13:26:37,903 - INFO - ⌛ aguardando janela de programação de lote de OS...
2026-06-29 13:27:03,490 - INFO - 🟨 Janela de programação de lote de OS detectada
2026-06-29 13:27:52,983 - INFO - 🟨 Janela de confirmação de programação de lote de OS detectada
2026-06-29 13:27:57,218 - INFO - ⌛ aguardando confirmação final de programação do lote
2026-06-29 13:28:22,712 - INFO - 🟨 programação do lote 5 efetuado com sucesso
2026-06-29 13:28:32,815 - INFO - 
=== Iniciando lote 6/21 [LM] ===
2026-06-29 13:28:32,815 - INFO - 
=== abrir_janela_selecao ===
2026-06-29 13:28:39,122 - INFO - 
=== rotina abrir_selecao_colar_os ===
2026-06-29 13:28:39,183 - INFO - Janela de seleção aberta
2026-06-29 13:28:43,405 - INFO - DEBUG: idx=5, inicio=125, fim=150
2026-06-29 13:28:43,405 - INFO - ✅ 25 OS copiadas para a área de transferência.
2026-06-29 13:28:43,405 - INFO - 📋 Lote 6 copiado.
2026-06-29 13:28:51,755 - INFO - ⌛ Esperando mudança visual...
2026-06-29 13:28:52,759 - INFO - ⌛ Esperando mudança visual...
2026-06-29 13:28:53,785 - INFO - ⌛ Esperando mudança visual...
2026-06-29 13:28:54,801 - INFO - ⌛ Esperando mudança visual...
2026-06-29 13:28:55,819 - INFO - ⌛ Esperando mudança visual...
2026-06-29 13:28:56,832 - INFO - ⌛ Esperando mudança visual...
2026-06-29 13:28:57,848 - INFO - ⌛ Esperando mudança visual...
2026-06-29 13:28:58,863 - INFO - ⌛ Esperando mudança visual...
2026-06-29 13:28:59,880 - INFO - ⌛ Esperando mudança visual...
2026-06-29 13:29:00,895 - INFO - ⌛ Esperando mudança visual...
2026-06-29 13:29:01,912 - INFO - ✅ Tela carregada!
2026-06-29 13:29:05,913 - INFO - 
=== rotina desbloquear_os ===
2026-06-29 13:29:12,399 - INFO - ⌛ Aguardando janela de confirmação de desbloqueio...
2026-06-29 13:29:27,863 - INFO - 🟨 Registros desbloqueados com sucesso
2026-06-29 13:29:31,971 - INFO - 
=== rotina editar_os ===
2026-06-29 13:29:41,384 - INFO - ⌛ Aguardando janela de edição de OS...
2026-06-29 13:29:56,837 - INFO - 🟨 OS programadas detectadas
2026-06-29 13:29:59,941 - INFO - ⌛ Aguardando janela de edição de OS...
2026-06-29 13:30:15,385 - INFO - 🟨 Janela de edição de OS detectada
2026-06-29 13:30:36,748 - INFO - 🟨 Janela de edição de habilidade da turma detectada
2026-06-29 13:31:55,058 - INFO - ⌛ Aguardando detecção do campo de caracteristica 'EQUIPE PRÓPRIA OU EPS' ...
2026-06-29 13:32:14,419 - INFO - 🟨 campo de caracteristica 'EQUIPE PRÓPRIA OU EPS detectado
2026-06-29 13:32:36,207 - INFO - ⌛ Aguardando confirmação 4 - editar OS...
2026-06-29 13:32:36,207 - INFO - 🟨 verificando algum erro de impedimento do lote
2026-06-29 13:32:56,733 - INFO - ⌛ Aguardando confirmação 4 - editar OS...
2026-06-29 13:32:56,733 - INFO - 🟨 verificando algum erro de impedimento do lote
2026-06-29 13:33:17,237 - INFO - 🟨 Janela de confirmação 4 de edição de OS detectada
2026-06-29 13:33:21,354 - INFO - 
=== rotina programar_os ===
2026-06-29 13:33:47,885 - INFO - ⌛ Aguardando janela de confirmação de programação de OS...
2026-06-29 13:34:13,316 - INFO - 🟨 Janela de confirmação de programação de OS detectada
2026-06-29 13:34:26,565 - INFO - 🟨 Janela de aviso de edição de OS programadas detectada
2026-06-29 13:34:33,784 - INFO - ⌛ aguardando janela de programação de lote de OS...
2026-06-29 13:34:59,265 - INFO - 🟨 Janela de aviso de substituição de lote de OS detectada
2026-06-29 13:35:19,380 - INFO - ⌛ aguardando janela de programação de lote de OS...
2026-06-29 13:35:44,891 - INFO - 🟨 Janela de programação de lote de OS detectada
2026-06-29 13:36:34,411 - INFO - 🟨 Janela de confirmação de programação de lote de OS detectada
2026-06-29 13:36:38,631 - INFO - ⌛ aguardando confirmação final de programação do lote
2026-06-29 13:37:04,107 - INFO - 🟨 programação do lote 6 efetuado com sucesso
2026-06-29 13:37:14,211 - INFO - 
=== Iniciando lote 7/21 [LM] ===
2026-06-29 13:37:14,211 - INFO - 
=== abrir_janela_selecao ===
2026-06-29 13:37:20,520 - INFO - 
=== rotina abrir_selecao_colar_os ===
2026-06-29 13:37:20,564 - INFO - Janela de seleção aberta
2026-06-29 13:37:24,789 - INFO - DEBUG: idx=6, inicio=150, fim=175
2026-06-29 13:37:24,789 - INFO - ✅ 25 OS copiadas para a área de transferência.
2026-06-29 13:37:24,789 - INFO - 📋 Lote 7 copiado.
2026-06-29 13:37:33,118 - INFO - ⌛ Esperando mudança visual...
2026-06-29 13:37:34,135 - INFO - ⌛ Esperando mudança visual...
2026-06-29 13:37:35,152 - INFO - ⌛ Esperando mudança visual...
2026-06-29 13:37:36,166 - INFO - ⌛ Esperando mudança visual...
2026-06-29 13:37:37,168 - INFO - ⌛ Esperando mudança visual...
2026-06-29 13:37:38,180 - INFO - ⌛ Esperando mudança visual...
2026-06-29 13:37:39,196 - INFO - ⌛ Esperando mudança visual...
2026-06-29 13:37:40,211 - INFO - ⌛ Esperando mudança visual...
2026-06-29 13:37:41,227 - INFO - ⌛ Esperando mudança visual...
2026-06-29 13:37:42,231 - INFO - ✅ Tela carregada!
2026-06-29 13:37:46,243 - INFO - 
=== rotina desbloquear_os ===
2026-06-29 13:37:52,712 - INFO - ⌛ Aguardando janela de confirmação de desbloqueio...
2026-06-29 13:38:08,136 - INFO - 🟨 Registros desbloqueados com sucesso
2026-06-29 13:38:12,239 - INFO - 
=== rotina editar_os ===
2026-06-29 13:38:21,643 - INFO - ⌛ Aguardando janela de edição de OS...
2026-06-29 13:38:37,078 - INFO - 🟨 OS programadas detectadas
2026-06-29 13:38:40,182 - INFO - ⌛ Aguardando janela de edição de OS...
2026-06-29 13:38:55,615 - INFO - 🟨 Janela de edição de OS detectada
2026-06-29 13:39:16,994 - INFO - 🟨 Janela de edição de habilidade da turma detectada
2026-06-29 13:40:35,295 - INFO - ⌛ Aguardando detecção do campo de caracteristica 'EQUIPE PRÓPRIA OU EPS' ...
2026-06-29 13:40:54,642 - INFO - 🟨 campo de caracteristica 'EQUIPE PRÓPRIA OU EPS detectado
2026-06-29 13:41:16,429 - INFO - ⌛ Aguardando confirmação 4 - editar OS...
2026-06-29 13:41:16,429 - INFO - 🟨 verificando algum erro de impedimento do lote
2026-06-29 13:41:36,941 - INFO - ⌛ Aguardando confirmação 4 - editar OS...
2026-06-29 13:41:36,941 - INFO - 🟨 verificando algum erro de impedimento do lote
2026-06-29 13:41:57,400 - INFO - 🟨 Janela de confirmação 4 de edição de OS detectada
2026-06-29 13:42:01,516 - INFO - 
=== rotina programar_os ===
2026-06-29 13:42:28,048 - INFO - ⌛ Aguardando janela de confirmação de programação de OS...
2026-06-29 13:42:53,507 - INFO - 🟨 Janela de confirmação de programação de OS detectada
2026-06-29 13:43:06,785 - INFO - 🟨 Janela de aviso de edição de OS programadas detectada
2026-06-29 13:43:14,004 - INFO - ⌛ aguardando janela de programação de lote de OS...
2026-06-29 13:43:39,553 - INFO - 🟨 Janela de aviso de substituição de lote de OS detectada
2026-06-29 13:43:59,658 - INFO - ⌛ aguardando janela de programação de lote de OS...
2026-06-29 13:44:25,147 - INFO - 🟨 Janela de programação de lote de OS detectada
2026-06-29 13:45:14,683 - INFO - 🟨 Janela de confirmação de programação de lote de OS detectada
2026-06-29 13:45:18,895 - INFO - ⌛ aguardando confirmação final de programação do lote
2026-06-29 13:45:44,343 - INFO - 🟨 programação do lote 7 efetuado com sucesso
2026-06-29 13:45:54,457 - INFO - 
=== Iniciando lote 8/21 [LM] ===
2026-06-29 13:45:54,457 - INFO - 
=== abrir_janela_selecao ===
2026-06-29 13:46:00,766 - INFO - 
=== rotina abrir_selecao_colar_os ===
2026-06-29 13:46:00,821 - INFO - Janela de seleção aberta
2026-06-29 13:46:05,042 - INFO - DEBUG: idx=7, inicio=175, fim=200
2026-06-29 13:46:05,042 - INFO - ✅ 25 OS copiadas para a área de transferência.
2026-06-29 13:46:05,042 - INFO - 📋 Lote 8 copiado.
2026-06-29 13:46:13,360 - INFO - ⌛ Esperando mudança visual...
2026-06-29 13:46:14,384 - INFO - ⌛ Esperando mudança visual...
2026-06-29 13:46:15,400 - INFO - ⌛ Esperando mudança visual...
2026-06-29 13:46:16,416 - INFO - ⌛ Esperando mudança visual...
2026-06-29 13:46:17,431 - INFO - ⌛ Esperando mudança visual...
2026-06-29 13:46:18,447 - INFO - ⌛ Esperando mudança visual...
2026-06-29 13:46:19,462 - INFO - ⌛ Esperando mudança visual...
2026-06-29 13:46:20,478 - INFO - ⌛ Esperando mudança visual...
2026-06-29 13:46:21,494 - INFO - ⌛ Esperando mudança visual...
2026-06-29 13:46:22,509 - INFO - ✅ Tela carregada!
2026-06-29 13:46:26,519 - INFO - 
=== rotina desbloquear_os ===
2026-06-29 13:46:32,992 - INFO - ⌛ Aguardando janela de confirmação de desbloqueio...
2026-06-29 13:46:48,389 - INFO - 🟨 Registros desbloqueados com sucesso
2026-06-29 13:46:52,493 - INFO - 
=== rotina editar_os ===
2026-06-29 13:47:01,889 - INFO - ⌛ Aguardando janela de edição de OS...
2026-06-29 13:47:17,314 - INFO - 🟨 OS programadas detectadas
2026-06-29 13:47:20,438 - INFO - ⌛ Aguardando janela de edição de OS...
2026-06-29 13:47:35,882 - INFO - 🟨 Janela de edição de OS detectada
2026-06-29 13:47:57,257 - INFO - 🟨 Janela de edição de habilidade da turma detectada
2026-06-29 13:49:15,535 - INFO - ⌛ Aguardando detecção do campo de caracteristica 'EQUIPE PRÓPRIA OU EPS' ...
2026-06-29 13:49:34,887 - INFO - 🟨 campo de caracteristica 'EQUIPE PRÓPRIA OU EPS detectado
2026-06-29 13:49:56,644 - INFO - ⌛ Aguardando confirmação 4 - editar OS...
2026-06-29 13:49:56,644 - INFO - 🟨 verificando algum erro de impedimento do lote
2026-06-29 13:50:17,131 - INFO - ⌛ Aguardando confirmação 4 - editar OS...
2026-06-29 13:50:17,131 - INFO - 🟨 verificando algum erro de impedimento do lote
2026-06-29 13:50:37,620 - INFO - 🟨 Janela de confirmação 4 de edição de OS detectada
2026-06-29 13:50:41,734 - INFO - 
=== rotina programar_os ===
2026-06-29 13:51:08,245 - INFO - ⌛ Aguardando janela de confirmação de programação de OS...
2026-06-29 13:51:33,672 - INFO - 🟨 Janela de confirmação de programação de OS detectada
2026-06-29 13:51:46,912 - INFO - 🟨 Janela de aviso de edição de OS programadas detectada
2026-06-29 13:51:54,136 - INFO - ⌛ aguardando janela de programação de lote de OS...
2026-06-29 13:52:19,643 - INFO - 🟨 Janela de aviso de substituição de lote de OS detectada
2026-06-29 13:52:39,746 - INFO - ⌛ aguardando janela de programação de lote de OS...
2026-06-29 13:53:05,295 - INFO - 🟨 Janela de programação de lote de OS detectada
2026-06-29 13:53:54,814 - INFO - 🟨 Janela de confirmação de programação de lote de OS detectada
2026-06-29 13:53:59,003 - INFO - ⌛ aguardando confirmação final de programação do lote
2026-06-29 13:54:24,456 - INFO - 🟨 programação do lote 8 efetuado com sucesso
2026-06-29 13:54:34,561 - INFO - 
=== Iniciando lote 9/21 [LM] ===
2026-06-29 13:54:34,561 - INFO - 
=== abrir_janela_selecao ===
2026-06-29 13:54:40,870 - INFO - 
=== rotina abrir_selecao_colar_os ===
2026-06-29 13:54:40,915 - INFO - Janela de seleção aberta
2026-06-29 13:54:45,145 - INFO - DEBUG: idx=8, inicio=200, fim=225
2026-06-29 13:54:45,145 - INFO - ✅ 25 OS copiadas para a área de transferência.
2026-06-29 13:54:45,145 - INFO - 📋 Lote 9 copiado.
2026-06-29 13:54:53,465 - INFO - ⌛ Esperando mudança visual...
2026-06-29 13:54:54,472 - INFO - ⌛ Esperando mudança visual...
2026-06-29 13:54:55,483 - INFO - ⌛ Esperando mudança visual...
2026-06-29 13:54:56,499 - INFO - ⌛ Esperando mudança visual...
2026-06-29 13:54:57,501 - INFO - ⌛ Esperando mudança visual...
2026-06-29 13:54:58,515 - INFO - ⌛ Esperando mudança visual...
2026-06-29 13:54:59,516 - INFO - ⌛ Esperando mudança visual...
2026-06-29 13:55:00,536 - INFO - ⌛ Esperando mudança visual...
2026-06-29 13:55:01,545 - INFO - ⌛ Esperando mudança visual...
2026-06-29 13:55:02,576 - INFO - ⌛ Esperando mudança visual...
2026-06-29 13:55:03,592 - INFO - ✅ Tela carregada!
2026-06-29 13:55:07,595 - INFO - 
=== rotina desbloquear_os ===
2026-06-29 13:55:14,056 - INFO - ⌛ Aguardando janela de confirmação de desbloqueio...
2026-06-29 13:55:29,458 - INFO - 🟨 Registros desbloqueados com sucesso
2026-06-29 13:55:33,566 - INFO - 
=== rotina editar_os ===
2026-06-29 13:55:42,973 - INFO - ⌛ Aguardando janela de edição de OS...
2026-06-29 13:55:58,440 - INFO - 🟨 OS programadas detectadas
2026-06-29 13:56:01,542 - INFO - ⌛ Aguardando janela de edição de OS...
2026-06-29 13:56:16,975 - INFO - 🟨 Janela de edição de OS detectada
2026-06-29 13:56:38,330 - INFO - 🟨 Janela de edição de habilidade da turma detectada
2026-06-29 13:57:56,653 - INFO - ⌛ Aguardando detecção do campo de caracteristica 'EQUIPE PRÓPRIA OU EPS' ...
2026-06-29 13:58:15,999 - INFO - 🟨 campo de caracteristica 'EQUIPE PRÓPRIA OU EPS detectado
2026-06-29 13:58:37,783 - INFO - ⌛ Aguardando confirmação 4 - editar OS...
2026-06-29 13:58:37,783 - INFO - 🟨 verificando algum erro de impedimento do lote
2026-06-29 13:58:58,300 - INFO - ⌛ Aguardando confirmação 4 - editar OS...
2026-06-29 13:58:58,300 - INFO - 🟨 verificando algum erro de impedimento do lote
2026-06-29 13:59:18,788 - INFO - 🟨 Janela de confirmação 4 de edição de OS detectada
2026-06-29 13:59:22,899 - INFO - 
=== rotina programar_os ===
2026-06-29 13:59:49,418 - INFO - ⌛ Aguardando janela de confirmação de programação de OS...
2026-06-29 14:00:14,855 - INFO - 🟨 Janela de confirmação de programação de OS detectada
2026-06-29 14:00:28,118 - INFO - 🟨 Janela de aviso de edição de OS programadas detectada
2026-06-29 14:00:35,332 - INFO - ⌛ aguardando janela de programação de lote de OS...
2026-06-29 14:01:00,851 - INFO - 🟨 Janela de aviso de substituição de lote de OS detectada
2026-06-29 14:01:20,967 - INFO - ⌛ aguardando janela de programação de lote de OS...
2026-06-29 14:01:46,458 - INFO - 🟨 Janela de aviso de substituição de lote de OS detectada
2026-06-29 14:02:06,569 - INFO - ⌛ aguardando janela de programação de lote de OS...
2026-06-29 14:02:32,037 - INFO - 🟨 Janela de programação de lote de OS detectada
2026-06-29 14:03:21,568 - INFO - 🟨 Janela de confirmação de programação de lote de OS detectada
2026-06-29 14:03:25,812 - INFO - ⌛ aguardando confirmação final de programação do lote
2026-06-29 14:03:51,296 - INFO - 🟨 programação do lote 9 efetuado com sucesso
2026-06-29 14:04:01,404 - INFO - 
=== Iniciando lote 10/21 [LM] ===
2026-06-29 14:04:01,404 - INFO - 
=== abrir_janela_selecao ===
2026-06-29 14:04:07,713 - INFO - 
=== rotina abrir_selecao_colar_os ===
2026-06-29 14:04:07,758 - INFO - Janela de seleção aberta
2026-06-29 14:04:11,979 - INFO - DEBUG: idx=9, inicio=225, fim=250
2026-06-29 14:04:11,979 - INFO - ✅ 25 OS copiadas para a área de transferência.
2026-06-29 14:04:11,979 - INFO - 📋 Lote 10 copiado.
2026-06-29 14:04:20,319 - INFO - ⌛ Esperando mudança visual...
2026-06-29 14:04:21,339 - INFO - ⌛ Esperando mudança visual...
2026-06-29 14:04:22,360 - INFO - ⌛ Esperando mudança visual...
2026-06-29 14:04:23,370 - INFO - ⌛ Esperando mudança visual...
2026-06-29 14:04:24,384 - INFO - ⌛ Esperando mudança visual...
2026-06-29 14:04:25,401 - INFO - ⌛ Esperando mudança visual...
2026-06-29 14:04:26,417 - INFO - ⌛ Esperando mudança visual...
2026-06-29 14:04:27,434 - INFO - ⌛ Esperando mudança visual...
2026-06-29 14:04:28,450 - INFO - ⌛ Esperando mudança visual...
2026-06-29 14:04:29,464 - INFO - ⌛ Esperando mudança visual...
2026-06-29 14:04:30,480 - INFO - ✅ Tela carregada!
2026-06-29 14:04:34,487 - INFO - 
=== rotina desbloquear_os ===
2026-06-29 14:04:40,958 - INFO - ⌛ Aguardando janela de confirmação de desbloqueio...
2026-06-29 14:04:56,397 - INFO - 🟨 Registros desbloqueados com sucesso
2026-06-29 14:05:00,501 - INFO - 
=== rotina editar_os ===
2026-06-29 14:05:09,906 - INFO - ⌛ Aguardando janela de edição de OS...
2026-06-29 14:05:25,372 - INFO - 🟨 OS programadas detectadas
2026-06-29 14:05:28,483 - INFO - ⌛ Aguardando janela de edição de OS...
2026-06-29 14:05:43,934 - INFO - 🟨 Janela de edição de OS detectada
2026-06-29 14:06:05,306 - INFO - 🟨 Janela de edição de habilidade da turma detectada
2026-06-29 14:07:23,615 - INFO - ⌛ Aguardando detecção do campo de caracteristica 'EQUIPE PRÓPRIA OU EPS' ...
2026-06-29 14:07:42,952 - INFO - 🟨 campo de caracteristica 'EQUIPE PRÓPRIA OU EPS detectado
2026-06-29 14:08:04,727 - INFO - ⌛ Aguardando confirmação 4 - editar OS...
2026-06-29 14:08:04,727 - INFO - 🟨 verificando algum erro de impedimento do lote
2026-06-29 14:08:25,213 - INFO - ⌛ Aguardando confirmação 4 - editar OS...
2026-06-29 14:08:25,213 - INFO - 🟨 verificando algum erro de impedimento do lote
2026-06-29 14:08:45,767 - INFO - 🟨 Janela de confirmação 4 de edição de OS detectada
2026-06-29 14:08:49,871 - INFO - 
=== rotina programar_os ===
2026-06-29 14:09:16,405 - INFO - ⌛ Aguardando janela de confirmação de programação de OS...
2026-06-29 14:09:41,850 - INFO - 🟨 Janela de confirmação de programação de OS detectada
2026-06-29 14:09:55,129 - INFO - 🟨 Janela de aviso de edição de OS programadas detectada
2026-06-29 14:10:02,335 - INFO - ⌛ aguardando janela de programação de lote de OS...
2026-06-29 14:10:27,849 - INFO - 🟨 Janela de aviso de substituição de lote de OS detectada
2026-06-29 14:10:47,952 - INFO - ⌛ aguardando janela de programação de lote de OS...
2026-06-29 14:11:13,424 - INFO - ⌛ aguardando janela de programação de lote de OS...
2026-06-29 14:11:13,668 - INFO - 🟨 Identificado falha no EQM
2026-06-29 14:11:13,668 - INFO - Capturando print...
2026-06-29 14:11:59,243 - INFO - ⌛ Aguardando janela de confirmação de programação de OS...
2026-06-29 14:12:24,659 - INFO - ⌛ Aguardando janela de confirmação de programação de OS...
2026-06-29 14:12:50,083 - INFO - ⌛ Aguardando janela de confirmação de programação de OS...
2026-06-29 14:13:15,521 - INFO - ⌛ Aguardando janela de confirmação de programação de OS...
2026-06-29 14:13:40,978 - INFO - ⌛ Aguardando janela de confirmação de programação de OS...
2026-06-29 14:14:06,421 - INFO - ⌛ Aguardando janela de confirmação de programação de OS...
2026-06-29 14:14:31,845 - INFO - ⌛ Aguardando janela de confirmação de programação de OS...
2026-06-29 14:14:57,282 - INFO - ⌛ Aguardando janela de confirmação de programação de OS...
2026-06-29 14:15:22,717 - INFO - ⌛ Aguardando janela de confirmação de programação de OS...
2026-06-29 14:15:48,147 - INFO - ⌛ Aguardando janela de confirmação de programação de OS...
2026-06-29 14:16:13,586 - INFO - ⌛ Aguardando janela de confirmação de programação de OS...
2026-06-29 14:16:39,023 - INFO - ⌛ Aguardando janela de confirmação de programação de OS...
2026-06-29 14:17:04,471 - INFO - ⌛ Aguardando janela de confirmação de programação de OS...
2026-06-29 14:17:29,884 - INFO - ⌛ Aguardando janela de confirmação de programação de OS...
2026-06-29 14:17:55,374 - INFO - ⌛ Aguardando janela de confirmação de programação de OS...
2026-06-29 14:18:20,868 - INFO - ⌛ Aguardando janela de confirmação de programação de OS...
2026-06-29 14:18:46,338 - INFO - ⌛ Aguardando janela de confirmação de programação de OS...
2026-06-29 14:19:11,780 - INFO - ⌛ Aguardando janela de confirmação de programação de OS...
2026-06-29 14:19:37,227 - INFO - ⌛ Aguardando janela de confirmação de programação de OS...
2026-06-29 14:20:02,665 - INFO - ⌛ Aguardando janela de confirmação de programação de OS...
2026-06-29 14:20:28,115 - INFO - ⌛ Aguardando janela de confirmação de programação de OS...
2026-06-29 14:20:53,555 - INFO - ⌛ Aguardando janela de confirmação de programação de OS...
2026-06-29 14:21:19,006 - INFO - ⌛ Aguardando janela de confirmação de programação de OS...
2026-06-29 14:21:44,437 - INFO - ⌛ Aguardando janela de confirmação de programação de OS...
2026-06-29 14:22:09,885 - INFO - ⌛ Aguardando janela de confirmação de programação de OS...
2026-06-29 14:22:35,305 - INFO - ⌛ Aguardando janela de confirmação de programação de OS...
2026-06-29 14:23:00,721 - INFO - ⌛ Aguardando janela de confirmação de programação de OS...
2026-06-29 14:23:26,181 - INFO - ⌛ Aguardando janela de confirmação de programação de OS...
2026-06-29 14:23:51,616 - INFO - ⌛ Aguardando janela de confirmação de programação de OS...
2026-06-29 14:24:17,061 - INFO - ⌛ Aguardando janela de confirmação de programação de OS...
2026-06-29 14:24:42,485 - INFO - ⌛ Aguardando janela de confirmação de programação de OS...
2026-06-29 14:25:07,905 - INFO - ⌛ Aguardando janela de confirmação de programação de OS...
2026-06-29 14:25:33,323 - INFO - ⌛ Aguardando janela de confirmação de programação de OS...
2026-06-29 14:25:58,801 - INFO - ⌛ Aguardando janela de confirmação de programação de OS...
2026-06-29 14:26:24,300 - INFO - ⌛ Aguardando janela de confirmação de programação de OS...
2026-06-29 14:26:49,727 - INFO - ⌛ Aguardando janela de confirmação de programação de OS...
2026-06-29 14:27:15,184 - INFO - ⌛ Aguardando janela de confirmação de programação de OS...
2026-06-29 14:27:40,607 - INFO - ⌛ Aguardando janela de confirmação de programação de OS...
2026-06-29 14:28:06,040 - INFO - ⌛ Aguardando janela de confirmação de programação de OS...
2026-06-29 14:28:31,500 - INFO - ⌛ Aguardando janela de confirmação de programação de OS...
2026-06-29 14:28:56,903 - INFO - ⌛ Aguardando janela de confirmação de programação de OS...
2026-06-29 14:29:22,358 - INFO - ⌛ Aguardando janela de confirmação de programação de OS...
2026-06-29 14:29:47,771 - INFO - ⌛ Aguardando janela de confirmação de programação de OS...
2026-06-29 14:30:13,198 - INFO - ⌛ Aguardando janela de confirmação de programação de OS...
2026-06-29 14:30:38,645 - INFO - ⌛ Aguardando janela de confirmação de programação de OS...
2026-06-29 14:31:04,088 - INFO - ⌛ Aguardando janela de confirmação de programação de OS...
2026-06-29 14:31:29,515 - INFO - ⌛ Aguardando janela de confirmação de programação de OS...
2026-06-29 14:31:54,914 - INFO - ⌛ Aguardando janela de confirmação de programação de OS...
2026-06-29 14:32:20,372 - INFO - ⌛ Aguardando janela de confirmação de programação de OS...
2026-06-29 14:32:45,890 - INFO - ⌛ Aguardando janela de confirmação de programação de OS...
2026-06-29 14:33:11,402 - INFO - ⌛ Aguardando janela de confirmação de programação de OS...
2026-06-29 14:33:36,874 - INFO - ⌛ Aguardando janela de confirmação de programação de OS...
2026-06-29 14:34:02,345 - INFO - ⌛ Aguardando janela de confirmação de programação de OS...
2026-06-29 14:34:27,788 - INFO - ⌛ Aguardando janela de confirmação de programação de OS...
2026-06-29 14:34:53,199 - INFO - ⌛ Aguardando janela de confirmação de programação de OS...
2026-06-29 14:35:18,642 - INFO - ⌛ Aguardando janela de confirmação de programação de OS...
2026-06-29 14:35:44,109 - INFO - ⌛ Aguardando janela de confirmação de programação de OS...
2026-06-29 14:36:09,526 - INFO - ⌛ Aguardando janela de confirmação de programação de OS...
2026-06-29 14:36:34,961 - INFO - ⌛ Aguardando janela de confirmação de programação de OS...
2026-06-29 14:37:00,421 - INFO - ⌛ Aguardando janela de confirmação de programação de OS...
2026-06-29 14:37:25,904 - INFO - ⌛ Aguardando janela de confirmação de programação de OS...
2026-06-29 14:37:51,364 - INFO - ⌛ Aguardando janela de confirmação de programação de OS...
2026-06-29 14:38:16,788 - INFO - ⌛ Aguardando janela de confirmação de programação de OS...
2026-06-29 14:38:42,237 - INFO - ⌛ Aguardando janela de confirmação de programação de OS...
2026-06-29 14:39:07,652 - INFO - ⌛ Aguardando janela de confirmação de programação de OS...
2026-06-29 14:39:33,064 - INFO - ⌛ Aguardando janela de confirmação de programação de OS...
2026-06-29 14:39:58,541 - INFO - ⌛ Aguardando janela de confirmação de programação de OS...
2026-06-29 14:40:23,964 - INFO - ⌛ Aguardando janela de confirmação de programação de OS...
2026-06-29 14:40:49,394 - INFO - ⌛ Aguardando janela de confirmação de programação de OS...
2026-06-29 14:41:14,819 - INFO - ⌛ Aguardando janela de confirmação de programação de OS...
2026-06-29 14:41:40,236 - INFO - ⌛ Aguardando janela de confirmação de programação de OS...
2026-06-29 14:42:05,722 - INFO - verificando janela oculta
2026-06-29 14:42:26,204 - INFO - ⏱️ Tempo limite atingido. Abortando seleção
2026-06-29 14:42:26,206 - INFO - Capturando print...
