2026-03-11 10:55:57,958 - INFO - Data hoje: 11/03/2026
2026-03-11 10:55:57,958 - INFO - Data de referência: 31/03/2026
2026-03-11 10:57:21,687 - INFO - Qtde OS de LINHA VIVA: 3793
2026-03-11 10:57:21,687 - INFO - Qtde OS poda de LINHA MORTA: 1256
2026-03-11 10:57:21,687 - INFO - Qtde OS estrutural de LINHA MORTA : 1735
2026-03-11 10:57:21,687 - INFO - Qtde OS poda de LINHA MORTA fora carteira: 1829
2026-03-11 10:57:21,687 - INFO - Qtde OS para desprogramar: 14457
2026-03-11 10:57:21,687 - INFO - 
 Qtd de lotes de LM: 51
2026-03-11 10:57:21,687 - INFO - 
 Qtd de lotes de LV: 152
2026-03-11 10:57:21,687 - INFO - 
 Qtd de lotes de ESTRUTURAL LM: 70
2026-03-11 10:57:21,687 - INFO - 
 Qtd de lotes de LEVE: 74
2026-03-11 10:57:21,687 - INFO - 
 Qtd de lotes para desprogramar: 579
2026-03-11 14:24:55,507 - INFO - Data hoje: 11/03/2026
2026-03-11 14:24:55,507 - INFO - Data de referência: 31/03/2026
2026-03-11 14:27:04,652 - INFO - Qtde OS de LINHA VIVA: 3773
2026-03-11 14:27:04,666 - INFO - Qtde OS poda de LINHA MORTA: 1216
2026-03-11 14:27:04,666 - INFO - Qtde OS estrutural de LINHA MORTA : 1727
2026-03-11 14:27:04,666 - INFO - Qtde OS poda de LINHA MORTA fora carteira: 1900
2026-03-11 14:27:04,666 - INFO - Qtde OS para desprogramar: 14448
2026-03-11 14:27:04,666 - INFO - 
 Qtd de lotes de LM: 49
2026-03-11 14:27:04,666 - INFO - 
 Qtd de lotes de LV: 151
2026-03-11 14:27:04,666 - INFO - 
 Qtd de lotes de ESTRUTURAL LM: 70
2026-03-11 14:27:04,666 - INFO - 
 Qtd de lotes de LEVE: 76
2026-03-11 14:27:04,666 - INFO - 
 Qtd de lotes para desprogramar: 578
2026-03-11 14:49:37,935 - INFO - Data hoje: 11/03/2026
2026-03-11 14:49:37,935 - INFO - Data de referência: 31/03/2026
2026-03-11 14:50:22,180 - INFO - Data hoje: 11/03/2026
2026-03-11 14:50:22,180 - INFO - Data de referência: 31/03/2026
2026-03-11 14:52:21,189 - INFO - Qtde OS de LINHA VIVA: 1324
2026-03-11 14:52:21,189 - INFO - Qtde OS poda de LINHA MORTA: 495
2026-03-11 14:52:21,189 - INFO - Qtde OS estrutural de LINHA MORTA : 225
2026-03-11 14:52:21,189 - INFO - Qtde OS poda de LINHA MORTA fora carteira: 2615
2026-03-11 14:52:21,195 - INFO - Qtde OS para desprogramar: 11604
2026-03-11 14:52:21,195 - INFO - 
 Qtd de lotes de LM: 20
2026-03-11 14:52:21,196 - INFO - 
 Qtd de lotes de LV: 53
2026-03-11 14:52:21,196 - INFO - 
 Qtd de lotes de ESTRUTURAL LM: 9
2026-03-11 14:52:21,196 - INFO - 
 Qtd de lotes de LEVE: 105
2026-03-11 14:52:21,196 - INFO - 
 Qtd de lotes para desprogramar: 465
2026-03-11 15:00:52,664 - INFO - Data hoje: 11/03/2026
2026-03-11 15:00:52,664 - INFO - Data de referência: 31/03/2026
2026-03-11 15:06:54,605 - INFO - Data hoje: 11/03/2026
2026-03-11 15:06:54,605 - INFO - Data de referência: 31/03/2026
2026-03-11 15:08:19,921 - INFO - Qtde OS de LINHA VIVA: 1295
2026-03-11 15:08:19,921 - INFO - Qtde OS poda de LINHA MORTA: 492
2026-03-11 15:08:19,921 - INFO - Qtde OS estrutural de LINHA MORTA : 203
2026-03-11 15:08:19,921 - INFO - Qtde OS poda de LINHA MORTA fora carteira: 2615
2026-03-11 15:08:19,921 - INFO - Qtde OS para desprogramar: 10911
2026-03-11 15:08:19,921 - INFO - 
 Qtd de lotes de LM: 20
2026-03-11 15:08:19,921 - INFO - 
 Qtd de lotes de LV: 52
2026-03-11 15:08:19,921 - INFO - 
 Qtd de lotes de ESTRUTURAL LM: 9
2026-03-11 15:08:19,923 - INFO - 
 Qtd de lotes de LEVE: 105
2026-03-11 15:08:19,923 - INFO - 
 Qtd de lotes para desprogramar: 437
2026-03-11 15:33:55,988 - INFO - Data hoje: 11/03/2026
2026-03-11 15:33:55,988 - INFO - Data de referência: 31/03/2026
2026-03-11 15:35:24,016 - INFO - Qtde OS de LINHA VIVA: 1295
2026-03-11 15:35:24,016 - INFO - Qtde OS poda de LINHA MORTA: 492
2026-03-11 15:35:24,016 - INFO - Qtde OS estrutural de LINHA MORTA : 203
2026-03-11 15:35:24,016 - INFO - Qtde OS poda de LINHA MORTA fora carteira: 2615
2026-03-11 15:35:24,016 - INFO - Qtde OS para desprogramar: 10911
2026-03-11 15:35:24,016 - INFO - 
 Qtd de lotes de LM: 20
2026-03-11 15:35:24,016 - INFO - 
 Qtd de lotes de LV: 52
2026-03-11 15:35:24,016 - INFO - 
 Qtd de lotes de ESTRUTURAL LM: 9
2026-03-11 15:35:24,016 - INFO - 
 Qtd de lotes de LEVE: 105
2026-03-11 15:35:24,016 - INFO - 
 Qtd de lotes para desprogramar: 437
2026-03-11 15:45:21,363 - INFO - Data hoje: 11/03/2026
2026-03-11 15:45:21,363 - INFO - Data de referência: 31/03/2026
2026-03-11 15:46:40,281 - INFO - Qtde OS de LINHA VIVA: 1232
2026-03-11 15:46:40,281 - INFO - Qtde OS poda de LINHA MORTA: 444
2026-03-11 15:46:40,281 - INFO - Qtde OS estrutural de LINHA MORTA : 205
2026-03-11 15:46:40,281 - INFO - Qtde OS poda de LINHA MORTA fora carteira: 2564
2026-03-11 15:46:40,281 - INFO - Qtde OS para desprogramar: 11181
2026-03-11 15:46:40,281 - INFO - 
 Qtd de lotes de LM: 18
2026-03-11 15:46:40,281 - INFO - 
 Qtd de lotes de LV: 50
2026-03-11 15:46:40,281 - INFO - 
 Qtd de lotes de ESTRUTURAL LM: 9
2026-03-11 15:46:40,281 - INFO - 
 Qtd de lotes de LEVE: 103
2026-03-11 15:46:40,281 - INFO - 
 Qtd de lotes para desprogramar: 448
2026-03-11 15:54:28,231 - INFO - Data hoje: 11/03/2026
2026-03-11 15:54:28,231 - INFO - Data de referência: 31/03/2026
2026-03-11 15:55:44,958 - INFO - Qtde OS de LINHA VIVA: 1207
2026-03-11 15:55:44,958 - INFO - Qtde OS poda de LINHA MORTA: 443
2026-03-11 15:55:44,958 - INFO - Qtde OS estrutural de LINHA MORTA : 205
2026-03-11 15:55:44,958 - INFO - Qtde OS poda de LINHA MORTA fora carteira: 2564
2026-03-11 15:55:44,958 - INFO - Qtde OS para desprogramar: 10729
2026-03-11 15:55:44,958 - INFO - 
 Qtd de lotes de LM: 18
2026-03-11 15:55:44,958 - INFO - 
 Qtd de lotes de LV: 49
2026-03-11 15:55:44,958 - INFO - 
 Qtd de lotes de ESTRUTURAL LM: 9
2026-03-11 15:55:44,958 - INFO - 
 Qtd de lotes de LEVE: 103
2026-03-11 15:55:44,958 - INFO - 
 Qtd de lotes para desprogramar: 430
2026-03-11 16:04:24,622 - INFO - Data hoje: 11/03/2026
2026-03-11 16:04:24,622 - INFO - Data de referência: 31/03/2026
2026-03-11 16:05:38,408 - INFO - Qtde OS de LINHA VIVA: 890
2026-03-11 16:05:38,408 - INFO - Qtde OS poda de LINHA MORTA: 306
2026-03-11 16:05:38,408 - INFO - Qtde OS estrutural de LINHA MORTA : 56
2026-03-11 16:05:38,408 - INFO - Qtde OS poda de LINHA MORTA fora carteira: 2564
2026-03-11 16:05:38,408 - INFO - Qtde OS para desprogramar: 10729
2026-03-11 16:05:38,408 - INFO - 
 Qtd de lotes de LM: 13
2026-03-11 16:05:38,408 - INFO - 
 Qtd de lotes de LV: 36
2026-03-11 16:05:38,408 - INFO - 
 Qtd de lotes de ESTRUTURAL LM: 3
2026-03-11 16:05:38,408 - INFO - 
 Qtd de lotes de LEVE: 103
2026-03-11 16:05:38,408 - INFO - 
 Qtd de lotes para desprogramar: 430
2026-03-11 16:08:41,947 - INFO - Data hoje: 11/03/2026
2026-03-11 16:08:41,947 - INFO - Data de referência: 31/03/2026
2026-03-11 16:09:54,639 - INFO - Qtde OS de LINHA VIVA: 890
2026-03-11 16:09:54,639 - INFO - Qtde OS poda de LINHA MORTA: 306
2026-03-11 16:09:54,639 - INFO - Qtde OS estrutural de LINHA MORTA : 56
2026-03-11 16:09:54,639 - INFO - Qtde OS poda de LINHA MORTA fora carteira: 2564
2026-03-11 16:09:54,639 - INFO - Qtde OS para desprogramar: 10729
2026-03-11 16:09:54,639 - INFO - 
 Qtd de lotes de LM: 13
2026-03-11 16:09:54,639 - INFO - 
 Qtd de lotes de LV: 36
2026-03-11 16:09:54,639 - INFO - 
 Qtd de lotes de ESTRUTURAL LM: 3
2026-03-11 16:09:54,639 - INFO - 
 Qtd de lotes de LEVE: 103
2026-03-11 16:09:54,639 - INFO - 
 Qtd de lotes para desprogramar: 430
2026-03-11 16:09:54,639 - INFO - 
=== Iniciando lote 1/36 [LV] ===
2026-03-11 16:10:01,149 - INFO - Janela de seleção aberta
2026-03-11 16:10:05,379 - INFO - DEBUG: idx=0, inicio=0, fim=25
2026-03-11 16:10:05,379 - INFO - ✅ 25 OS copiadas para a área de transferência.
2026-03-11 16:10:05,379 - INFO - 📋 Lote 1 copiado.
2026-03-11 16:10:13,713 - INFO - ⌛ Esperando mudança visual...
2026-03-11 16:10:14,718 - INFO - ✅ Tela carregada!
2026-03-11 16:10:25,226 - INFO - ⌛ Aguardando janela de confirmação de desbloqueio...
2026-03-11 16:10:40,653 - INFO - 🟨 Registros desbloqueados com sucesso
2026-03-11 16:10:54,228 - INFO - ⌛ Aguardando janela de edição de OS...
2026-03-11 16:11:09,803 - INFO - 🟨 OS programadas detectadas
2026-03-11 16:11:13,001 - INFO - ⌛ Aguardando janela de edição de OS...
2026-03-11 16:11:28,545 - INFO - 🟨 Janela de edição de OS detectada
2026-03-11 16:11:49,898 - INFO - 🟨 Janela de edição de habilidade da turma detectada
2026-03-11 16:13:08,223 - INFO - ⌛ Aguardando detecção do campo de caracteristica 'EQUIPE PRÓPRIA OU EPS' ...
2026-03-11 16:13:27,574 - INFO - 🟨 campo de caracteristica 'EQUIPE PRÓPRIA OU EPS detectado
2026-03-11 16:13:49,370 - INFO - ⌛ Aguardando confirmação 4 - editar OS...
2026-03-11 16:14:04,802 - INFO - ⌛ Aguardando confirmação 4 - editar OS...
2026-03-11 16:14:20,261 - INFO - ⌛ Aguardando confirmação 4 - editar OS...
2026-03-11 16:14:35,771 - INFO - 🟨 Janela de confirmação 4 de edição de OS detectada
2026-03-11 16:15:06,446 - INFO - ⌛ Aguardando janela de confirmação de programação de OS...
2026-03-11 16:15:26,795 - INFO - 🟨 Janela de confirmação de programação de OS detectada
2026-03-11 16:15:40,122 - INFO - 🟨 Janela de aviso de edição de OS programadas detectada
2026-03-11 16:15:44,409 - INFO - ⌛ aguardando janela de programação de lote de OS...
2026-03-11 16:16:05,059 - INFO - 🟨 Janela de aviso de substituição de lote de OS detectada
2026-03-11 16:16:11,339 - INFO - ⌛ aguardando janela de programação de lote de OS...
2026-03-11 16:16:31,888 - INFO - 🟨 Janela de programação de lote de OS detectada
2026-03-11 16:17:09,496 - INFO - 🟨 Janela de confirmação de programação de lote de OS detectada
2026-03-11 16:17:13,814 - INFO - ⌛ aguardando confirmação final de programação do lote
2026-03-11 16:17:34,446 - INFO - 🟨 programação do lote 1 efetuado com sucesso
2026-03-11 16:17:44,621 - INFO - 
=== Iniciando lote 2/36 [LV] ===
2026-03-11 16:17:50,972 - INFO - Janela de seleção aberta
2026-03-11 16:17:55,217 - INFO - DEBUG: idx=1, inicio=25, fim=50
2026-03-11 16:17:55,217 - INFO - ✅ 25 OS copiadas para a área de transferência.
2026-03-11 16:17:55,217 - INFO - 📋 Lote 2 copiado.
2026-03-11 16:18:03,555 - INFO - ⌛ Esperando mudança visual...
2026-03-11 16:18:04,575 - INFO - ⌛ Esperando mudança visual...
2026-03-11 16:18:05,590 - INFO - ⌛ Esperando mudança visual...
2026-03-11 16:18:06,606 - INFO - ⌛ Esperando mudança visual...
2026-03-11 16:18:07,622 - INFO - ⌛ Esperando mudança visual...
2026-03-11 16:18:08,643 - INFO - ⌛ Esperando mudança visual...
2026-03-11 16:18:09,656 - INFO - ⌛ Esperando mudança visual...
2026-03-11 16:18:10,669 - INFO - ⌛ Esperando mudança visual...
2026-03-11 16:18:11,684 - INFO - ⌛ Esperando mudança visual...
2026-03-11 16:18:12,700 - INFO - ⌛ Esperando mudança visual...
2026-03-11 16:18:13,718 - INFO - ✅ Tela carregada!
2026-03-11 16:18:24,197 - INFO - ⌛ Aguardando janela de confirmação de desbloqueio...
2026-03-11 16:18:39,689 - INFO - 🟨 Registros desbloqueados com sucesso
2026-03-11 16:18:53,293 - INFO - 🟨 OS programadas detectadas
2026-03-11 16:18:56,454 - INFO - ⌛ Aguardando janela de edição de OS...
2026-03-11 16:19:11,917 - INFO - 🟨 Janela de edição de OS detectada
2026-03-11 16:19:33,277 - INFO - 🟨 Janela de edição de habilidade da turma detectada
2026-03-11 16:20:51,607 - INFO - ⌛ Aguardando detecção do campo de caracteristica 'EQUIPE PRÓPRIA OU EPS' ...
2026-03-11 16:21:10,974 - INFO - 🟨 campo de caracteristica 'EQUIPE PRÓPRIA OU EPS detectado
2026-03-11 16:21:32,834 - INFO - ⌛ Aguardando confirmação 4 - editar OS...
2026-03-11 16:21:48,300 - INFO - ⌛ Aguardando confirmação 4 - editar OS...
2026-03-11 16:22:03,809 - INFO - 🟨 Janela de confirmação 4 de edição de OS detectada
2026-03-11 16:22:34,518 - INFO - ⌛ Aguardando janela de confirmação de programação de OS...
2026-03-11 16:22:54,904 - INFO - 🟨 Janela de confirmação de programação de OS detectada
2026-03-11 16:23:08,231 - INFO - 🟨 Janela de aviso de edição de OS programadas detectada
2026-03-11 16:23:12,504 - INFO - ⌛ aguardando janela de programação de lote de OS...
2026-03-11 16:23:33,110 - INFO - 🟨 Janela de aviso de substituição de lote de OS detectada
2026-03-11 16:23:39,381 - INFO - ⌛ aguardando janela de programação de lote de OS...
2026-03-11 16:23:59,961 - INFO - ⌛ aguardando janela de programação de lote de OS...
2026-03-11 16:24:20,535 - INFO - 🟨 Janela de programação de lote de OS detectada
2026-03-11 16:24:58,158 - INFO - 🟨 Janela de confirmação de programação de lote de OS detectada
2026-03-11 16:25:02,446 - INFO - ⌛ aguardando confirmação final de programação do lote
2026-03-11 16:25:23,122 - INFO - 🟨 programação do lote 2 efetuado com sucesso
2026-03-11 16:25:33,282 - INFO - 
=== Iniciando lote 3/36 [LV] ===
2026-03-11 16:25:39,680 - INFO - Janela de seleção aberta
2026-03-11 16:25:43,921 - INFO - DEBUG: idx=2, inicio=50, fim=75
2026-03-11 16:25:43,921 - INFO - ✅ 25 OS copiadas para a área de transferência.
2026-03-11 16:25:43,936 - INFO - 📋 Lote 3 copiado.
2026-03-11 16:25:52,267 - INFO - ⌛ Esperando mudança visual...
2026-03-11 16:25:53,279 - INFO - ⌛ Esperando mudança visual...
2026-03-11 16:25:54,295 - INFO - ⌛ Esperando mudança visual...
2026-03-11 16:25:55,300 - INFO - ⌛ Esperando mudança visual...
2026-03-11 16:25:56,310 - INFO - ⌛ Esperando mudança visual...
2026-03-11 16:25:57,325 - INFO - ⌛ Esperando mudança visual...
2026-03-11 16:25:58,344 - INFO - ⌛ Esperando mudança visual...
2026-03-11 16:25:59,358 - INFO - ⌛ Esperando mudança visual...
2026-03-11 16:26:00,372 - INFO - ⌛ Esperando mudança visual...
2026-03-11 16:26:01,388 - INFO - ⌛ Esperando mudança visual...
2026-03-11 16:26:02,405 - INFO - ⌛ Esperando mudança visual...
2026-03-11 16:26:03,421 - INFO - ⌛ Esperando mudança visual...
2026-03-11 16:26:04,434 - INFO - ✅ Tela carregada!
2026-03-11 16:26:14,928 - INFO - ⌛ Aguardando janela de confirmação de desbloqueio...
2026-03-11 16:26:30,352 - INFO - 🟨 Registros desbloqueados com sucesso
2026-03-11 16:26:43,887 - INFO - ⌛ Aguardando janela de edição de OS...
2026-03-11 16:26:59,363 - INFO - 🟨 OS programadas detectadas
2026-03-11 16:27:02,522 - INFO - ⌛ Aguardando janela de edição de OS...
2026-03-11 16:27:17,952 - INFO - 🟨 Janela de edição de OS detectada
2026-03-11 16:27:39,306 - INFO - 🟨 Janela de edição de habilidade da turma detectada
2026-03-11 16:28:57,618 - INFO - ⌛ Aguardando detecção do campo de caracteristica 'EQUIPE PRÓPRIA OU EPS' ...
2026-03-11 16:29:16,986 - INFO - 🟨 campo de caracteristica 'EQUIPE PRÓPRIA OU EPS detectado
2026-03-11 16:29:38,791 - INFO - ⌛ Aguardando confirmação 4 - editar OS...
2026-03-11 16:29:54,315 - INFO - ⌛ Aguardando confirmação 4 - editar OS...
2026-03-11 16:30:09,743 - INFO - ⌛ Aguardando confirmação 4 - editar OS...
2026-03-11 16:30:25,190 - INFO - 🟨 Janela de confirmação 4 de edição de OS detectada
2026-03-11 16:30:55,887 - INFO - ⌛ Aguardando janela de confirmação de programação de OS...
2026-03-11 16:31:16,221 - INFO - 🟨 Janela de confirmação de programação de OS detectada
2026-03-11 16:31:29,545 - INFO - 🟨 Janela de aviso de edição de OS programadas detectada
2026-03-11 16:31:33,826 - INFO - ⌛ aguardando janela de programação de lote de OS...
2026-03-11 16:31:54,374 - INFO - 🟨 Janela de aviso de substituição de lote de OS detectada
2026-03-11 16:32:00,629 - INFO - ⌛ aguardando janela de programação de lote de OS...
2026-03-11 16:32:21,182 - INFO - 🟨 Janela de programação de lote de OS detectada
2026-03-11 16:32:58,742 - INFO - 🟨 Janela de confirmação de programação de lote de OS detectada
2026-03-11 16:33:03,002 - INFO - ⌛ aguardando confirmação final de programação do lote
2026-03-11 16:33:23,502 - INFO - ⌛ aguardando confirmação final de programação do lote
2026-03-11 16:33:44,072 - INFO - 🟨 programação do lote 3 efetuado com sucesso
2026-03-11 16:33:54,231 - INFO - 
=== Iniciando lote 4/36 [LV] ===
2026-03-11 16:34:00,620 - INFO - Janela de seleção aberta
2026-03-11 16:34:04,869 - INFO - DEBUG: idx=3, inicio=75, fim=100
2026-03-11 16:34:04,869 - INFO - ✅ 25 OS copiadas para a área de transferência.
2026-03-11 16:34:04,869 - INFO - 📋 Lote 4 copiado.
2026-03-11 16:34:13,195 - INFO - ⌛ Esperando mudança visual...
2026-03-11 16:34:14,215 - INFO - ⌛ Esperando mudança visual...
2026-03-11 16:34:15,233 - INFO - ⌛ Esperando mudança visual...
2026-03-11 16:34:16,249 - INFO - ⌛ Esperando mudança visual...
2026-03-11 16:34:17,264 - INFO - ⌛ Esperando mudança visual...
2026-03-11 16:34:18,281 - INFO - ⌛ Esperando mudança visual...
2026-03-11 16:34:19,296 - INFO - ⌛ Esperando mudança visual...
2026-03-11 16:34:20,311 - INFO - ⌛ Esperando mudança visual...
2026-03-11 16:34:21,327 - INFO - ⌛ Esperando mudança visual...
2026-03-11 16:34:22,342 - INFO - ⌛ Esperando mudança visual...
2026-03-11 16:34:23,358 - INFO - ⌛ Esperando mudança visual...
2026-03-11 16:34:24,374 - INFO - ⌛ Esperando mudança visual...
2026-03-11 16:34:25,389 - INFO - ⌛ Esperando mudança visual...
2026-03-11 16:34:26,406 - INFO - ⌛ Esperando mudança visual...
2026-03-11 16:34:27,423 - INFO - ✅ Tela carregada!
2026-03-11 16:34:37,943 - INFO - ⌛ Aguardando janela de confirmação de desbloqueio...
2026-03-11 16:34:53,355 - INFO - 🟨 Registros desbloqueados com sucesso
2026-03-11 16:35:06,881 - INFO - 🟨 OS programadas detectadas
2026-03-11 16:35:10,043 - INFO - ⌛ Aguardando janela de edição de OS...
2026-03-11 16:35:25,485 - INFO - 🟨 Janela de edição de OS detectada
2026-03-11 16:35:46,848 - INFO - 🟨 Janela de edição de habilidade da turma detectada
2026-03-11 16:37:05,141 - INFO - ⌛ Aguardando detecção do campo de caracteristica 'EQUIPE PRÓPRIA OU EPS' ...
2026-03-11 16:37:24,504 - INFO - 🟨 campo de caracteristica 'EQUIPE PRÓPRIA OU EPS detectado
2026-03-11 16:37:46,318 - INFO - ⌛ Aguardando confirmação 4 - editar OS...
2026-03-11 16:38:01,842 - INFO - ⌛ Aguardando confirmação 4 - editar OS...
2026-03-11 16:38:17,454 - INFO - ⌛ Aguardando confirmação 4 - editar OS...
2026-03-11 16:38:32,983 - INFO - 🟨 Janela de confirmação 4 de edição de OS detectada
2026-03-11 16:39:03,722 - INFO - ⌛ Aguardando janela de confirmação de programação de OS...
2026-03-11 16:39:24,106 - INFO - 🟨 Janela de confirmação de programação de OS detectada
2026-03-11 16:39:37,572 - INFO - 🟨 Janela de aviso de edição de OS programadas detectada
2026-03-11 16:39:41,849 - INFO - ⌛ aguardando janela de programação de lote de OS...
2026-03-11 16:40:02,475 - INFO - 🟨 Janela de aviso de substituição de lote de OS detectada
2026-03-11 16:40:08,755 - INFO - ⌛ aguardando janela de programação de lote de OS...
2026-03-11 16:40:29,285 - INFO - ⌛ aguardando janela de programação de lote de OS...
2026-03-11 16:40:49,833 - INFO - ⌛ aguardando janela de programação de lote de OS...
2026-03-11 16:41:10,360 - INFO - ⌛ aguardando janela de programação de lote de OS...
2026-03-11 16:41:30,969 - INFO - ⌛ aguardando janela de programação de lote de OS...
2026-03-11 16:41:51,604 - INFO - ⌛ aguardando janela de programação de lote de OS...
2026-03-11 16:42:12,228 - INFO - ⌛ aguardando janela de programação de lote de OS...
2026-03-11 16:42:32,821 - INFO - ⌛ aguardando janela de programação de lote de OS...
2026-03-11 16:42:53,378 - INFO - ⌛ aguardando janela de programação de lote de OS...
2026-03-11 16:43:13,963 - INFO - ⌛ aguardando janela de programação de lote de OS...
2026-03-11 16:43:34,544 - INFO - ⌛ aguardando janela de programação de lote de OS...
2026-03-11 16:43:55,175 - INFO - ⌛ aguardando janela de programação de lote de OS...
2026-03-11 16:44:15,784 - INFO - ⌛ aguardando janela de programação de lote de OS...
2026-03-11 16:44:36,363 - INFO - ⌛ aguardando janela de programação de lote de OS...
2026-03-11 16:44:56,929 - INFO - ⌛ aguardando janela de programação de lote de OS...
2026-03-11 16:45:17,534 - INFO - ⌛ aguardando janela de programação de lote de OS...
2026-03-11 16:45:38,116 - INFO - ⌛ aguardando janela de programação de lote de OS...
2026-03-11 16:45:58,698 - INFO - ⌛ aguardando janela de programação de lote de OS...
2026-03-11 16:46:19,291 - INFO - ⌛ aguardando janela de programação de lote de OS...
2026-03-11 16:46:39,865 - INFO - ⌛ aguardando janela de programação de lote de OS...
2026-03-11 16:47:00,511 - INFO - ⌛ aguardando janela de programação de lote de OS...
2026-03-11 16:58:41,975 - INFO - Data hoje: 11/03/2026
2026-03-11 16:58:41,975 - INFO - Data de referência: 31/03/2026
2026-03-11 16:59:55,527 - INFO - Qtde OS de LINHA VIVA: 890
2026-03-11 16:59:55,527 - INFO - Qtde OS poda de LINHA MORTA: 306
2026-03-11 16:59:55,527 - INFO - Qtde OS estrutural de LINHA MORTA : 56
2026-03-11 16:59:55,527 - INFO - Qtde OS poda de LINHA MORTA fora carteira: 2564
2026-03-11 16:59:55,527 - INFO - Qtde OS para desprogramar: 10729
2026-03-11 16:59:55,531 - INFO - 
 Qtd de lotes de LM: 13
2026-03-11 16:59:55,531 - INFO - 
 Qtd de lotes de LV: 36
2026-03-11 16:59:55,531 - INFO - 
 Qtd de lotes de ESTRUTURAL LM: 3
2026-03-11 16:59:55,531 - INFO - 
 Qtd de lotes de LEVE: 103
2026-03-11 16:59:55,531 - INFO - 
 Qtd de lotes para desprogramar: 430
2026-03-11 16:59:55,531 - INFO - 
=== Iniciando lote 5/36 [LV] ===
2026-03-11 17:00:01,947 - INFO - Janela de seleção aberta
2026-03-11 17:00:06,177 - INFO - DEBUG: idx=4, inicio=100, fim=125
2026-03-11 17:00:06,177 - INFO - ✅ 25 OS copiadas para a área de transferência.
2026-03-11 17:00:06,177 - INFO - 📋 Lote 5 copiado.
2026-03-11 17:00:14,523 - INFO - ⌛ Esperando mudança visual...
2026-03-11 17:00:15,533 - INFO - ⌛ Esperando mudança visual...
2026-03-11 17:00:16,544 - INFO - ⌛ Esperando mudança visual...
2026-03-11 17:00:17,566 - INFO - ⌛ Esperando mudança visual...
2026-03-11 17:00:18,577 - INFO - ⌛ Esperando mudança visual...
2026-03-11 17:00:19,589 - INFO - ⌛ Esperando mudança visual...
2026-03-11 17:00:20,604 - INFO - ⌛ Esperando mudança visual...
2026-03-11 17:00:21,616 - INFO - ⌛ Esperando mudança visual...
2026-03-11 17:00:22,623 - INFO - ⌛ Esperando mudança visual...
2026-03-11 17:00:23,633 - INFO - ⌛ Esperando mudança visual...
2026-03-11 17:00:24,643 - INFO - ⌛ Esperando mudança visual...
2026-03-11 17:00:25,678 - INFO - ⌛ Esperando mudança visual...
2026-03-11 17:00:26,703 - INFO - ✅ Tela carregada!
2026-03-11 17:00:37,173 - INFO - ⌛ Aguardando janela de confirmação de desbloqueio...
2026-03-11 17:00:52,623 - INFO - 🟨 Registros desbloqueados com sucesso
2026-03-11 17:01:06,140 - INFO - ⌛ Aguardando janela de edição de OS...
2026-03-11 17:01:21,623 - INFO - 🟨 OS programadas detectadas
2026-03-11 17:01:24,795 - INFO - ⌛ Aguardando janela de edição de OS...
2026-03-11 17:01:40,249 - INFO - 🟨 Janela de edição de OS detectada
2026-03-11 17:02:01,619 - INFO - 🟨 Janela de edição de habilidade da turma detectada
2026-03-11 17:03:19,953 - INFO - ⌛ Aguardando detecção do campo de caracteristica 'EQUIPE PRÓPRIA OU EPS' ...
2026-03-11 17:03:39,298 - INFO - 🟨 campo de caracteristica 'EQUIPE PRÓPRIA OU EPS detectado
2026-03-11 17:04:01,102 - INFO - ⌛ Aguardando confirmação 4 - editar OS...
2026-03-11 17:04:16,573 - INFO - ⌛ Aguardando confirmação 4 - editar OS...
2026-03-11 17:04:32,084 - INFO - ⌛ Aguardando confirmação 4 - editar OS...
2026-03-11 17:04:47,648 - INFO - 🟨 Janela de confirmação 4 de edição de OS detectada
2026-03-11 17:05:18,363 - INFO - ⌛ Aguardando janela de confirmação de programação de OS...
2026-03-11 17:05:38,760 - INFO - 🟨 Janela de confirmação de programação de OS detectada
2026-03-11 17:05:52,095 - INFO - 🟨 Janela de aviso de edição de OS programadas detectada
2026-03-11 17:05:56,371 - INFO - ⌛ aguardando janela de programação de lote de OS...
2026-03-11 17:06:17,062 - INFO - 🟨 Janela de aviso de substituição de lote de OS detectada
2026-03-11 17:06:23,328 - INFO - ⌛ aguardando janela de programação de lote de OS...
2026-03-11 17:06:43,831 - INFO - 🟨 Janela de programação de lote de OS detectada
2026-03-11 17:07:21,409 - INFO - 🟨 Janela de confirmação de programação de lote de OS detectada
2026-03-11 17:07:25,705 - INFO - ⌛ aguardando confirmação final de programação do lote
2026-03-11 17:07:46,269 - INFO - 🟨 programação do lote 5 efetuado com sucesso
2026-03-11 17:07:56,432 - INFO - 
=== Iniciando lote 6/36 [LV] ===
2026-03-11 17:08:02,793 - INFO - Janela de seleção aberta
2026-03-11 17:08:07,025 - INFO - DEBUG: idx=5, inicio=125, fim=150
2026-03-11 17:08:07,025 - INFO - ✅ 25 OS copiadas para a área de transferência.
2026-03-11 17:08:07,025 - INFO - 📋 Lote 6 copiado.
2026-03-11 17:08:15,388 - INFO - ⌛ Esperando mudança visual...
2026-03-11 17:08:16,391 - INFO - ⌛ Esperando mudança visual...
2026-03-11 17:08:17,413 - INFO - ⌛ Esperando mudança visual...
2026-03-11 17:08:18,428 - INFO - ⌛ Esperando mudança visual...
2026-03-11 17:08:19,446 - INFO - ⌛ Esperando mudança visual...
2026-03-11 17:08:20,459 - INFO - ⌛ Esperando mudança visual...
2026-03-11 17:08:21,477 - INFO - ⌛ Esperando mudança visual...
2026-03-11 17:08:22,489 - INFO - ⌛ Esperando mudança visual...
2026-03-11 17:08:23,498 - INFO - ⌛ Esperando mudança visual...
2026-03-11 17:08:24,505 - INFO - ✅ Tela carregada!
2026-03-11 17:08:35,010 - INFO - ⌛ Aguardando janela de confirmação de desbloqueio...
2026-03-11 17:08:50,452 - INFO - 🟨 Registros desbloqueados com sucesso
2026-03-11 17:09:03,980 - INFO - 🟨 OS programadas detectadas
2026-03-11 17:09:07,154 - INFO - ⌛ Aguardando janela de edição de OS...
2026-03-11 17:09:22,615 - INFO - 🟨 Janela de edição de OS detectada
2026-03-11 17:09:43,963 - INFO - 🟨 Janela de edição de habilidade da turma detectada
2026-03-11 17:11:02,293 - INFO - ⌛ Aguardando detecção do campo de caracteristica 'EQUIPE PRÓPRIA OU EPS' ...
2026-03-11 17:11:21,656 - INFO - 🟨 campo de caracteristica 'EQUIPE PRÓPRIA OU EPS detectado
2026-03-11 17:11:43,450 - INFO - ⌛ Aguardando confirmação 4 - editar OS...
2026-03-11 17:11:58,904 - INFO - ⌛ Aguardando confirmação 4 - editar OS...
2026-03-11 17:12:14,463 - INFO - 🟨 Janela de confirmação 4 de edição de OS detectada
2026-03-11 17:12:45,163 - INFO - ⌛ Aguardando janela de confirmação de programação de OS...
2026-03-11 17:13:05,508 - INFO - 🟨 Janela de confirmação de programação de OS detectada
2026-03-11 17:13:18,812 - INFO - 🟨 Janela de aviso de edição de OS programadas detectada
2026-03-11 17:13:23,077 - INFO - ⌛ aguardando janela de programação de lote de OS...
2026-03-11 17:13:43,597 - INFO - 🟨 Janela de aviso de substituição de lote de OS detectada
2026-03-11 17:13:49,853 - INFO - ⌛ aguardando janela de programação de lote de OS...
2026-03-11 17:14:10,317 - INFO - 🟨 Janela de programação de lote de OS detectada
2026-03-11 17:14:47,877 - INFO - 🟨 Janela de confirmação de programação de lote de OS detectada
2026-03-11 17:14:52,135 - INFO - ⌛ aguardando confirmação final de programação do lote
2026-03-11 17:15:12,666 - INFO - 🟨 programação do lote 6 efetuado com sucesso
2026-03-11 17:15:22,819 - INFO - 
=== Iniciando lote 7/36 [LV] ===
2026-03-11 17:15:29,185 - INFO - Janela de seleção aberta
2026-03-11 17:15:33,433 - INFO - DEBUG: idx=6, inicio=150, fim=175
2026-03-11 17:15:33,433 - INFO - ✅ 25 OS copiadas para a área de transferência.
2026-03-11 17:15:33,433 - INFO - 📋 Lote 7 copiado.
2026-03-11 17:15:41,764 - INFO - ⌛ Esperando mudança visual...
2026-03-11 17:15:42,773 - INFO - ⌛ Esperando mudança visual...
2026-03-11 17:15:43,789 - INFO - ⌛ Esperando mudança visual...
2026-03-11 17:15:44,804 - INFO - ⌛ Esperando mudança visual...
2026-03-11 17:15:45,815 - INFO - ⌛ Esperando mudança visual...
2026-03-11 17:15:46,834 - INFO - ⌛ Esperando mudança visual...
2026-03-11 17:15:47,853 - INFO - ⌛ Esperando mudança visual...
2026-03-11 17:15:48,866 - INFO - ⌛ Esperando mudança visual...
2026-03-11 17:15:49,888 - INFO - ⌛ Esperando mudança visual...
2026-03-11 17:15:50,910 - INFO - ⌛ Esperando mudança visual...
2026-03-11 17:15:51,915 - INFO - ⌛ Esperando mudança visual...
2026-03-11 17:15:52,930 - INFO - ✅ Tela carregada!
2026-03-11 17:16:03,412 - INFO - ⌛ Aguardando janela de confirmação de desbloqueio...
2026-03-11 17:16:18,827 - INFO - 🟨 Registros desbloqueados com sucesso
2026-03-11 17:16:32,355 - INFO - ⌛ Aguardando janela de edição de OS...
2026-03-11 17:16:47,841 - INFO - 🟨 OS programadas detectadas
2026-03-11 17:16:51,014 - INFO - ⌛ Aguardando janela de edição de OS...
2026-03-11 17:17:06,457 - INFO - 🟨 Janela de edição de OS detectada
2026-03-11 17:17:27,825 - INFO - 🟨 Janela de edição de habilidade da turma detectada
2026-03-11 17:18:46,179 - INFO - ⌛ Aguardando detecção do campo de caracteristica 'EQUIPE PRÓPRIA OU EPS' ...
2026-03-11 17:19:05,541 - INFO - 🟨 campo de caracteristica 'EQUIPE PRÓPRIA OU EPS detectado
2026-03-11 17:19:27,347 - INFO - ⌛ Aguardando confirmação 4 - editar OS...
2026-03-11 17:19:42,810 - INFO - ⌛ Aguardando confirmação 4 - editar OS...
2026-03-11 17:19:58,278 - INFO - ⌛ Aguardando confirmação 4 - editar OS...
2026-03-11 17:20:13,803 - INFO - 🟨 Janela de confirmação 4 de edição de OS detectada
2026-03-11 17:20:44,500 - INFO - ⌛ Aguardando janela de confirmação de programação de OS...
2026-03-11 17:21:04,841 - INFO - 🟨 Janela de confirmação de programação de OS detectada
2026-03-11 17:21:18,198 - INFO - 🟨 Janela de aviso de edição de OS programadas detectada
2026-03-11 17:21:22,479 - INFO - ⌛ aguardando janela de programação de lote de OS...
2026-03-11 17:21:43,093 - INFO - 🟨 Janela de aviso de substituição de lote de OS detectada
2026-03-11 17:21:49,372 - INFO - ⌛ aguardando janela de programação de lote de OS...
2026-03-11 17:22:09,890 - INFO - 🟨 Janela de programação de lote de OS detectada
2026-03-11 17:22:47,495 - INFO - 🟨 Janela de confirmação de programação de lote de OS detectada
2026-03-11 17:22:51,791 - INFO - ⌛ aguardando confirmação final de programação do lote
2026-03-11 17:23:12,368 - INFO - 🟨 programação do lote 7 efetuado com sucesso
2026-03-11 17:23:22,533 - INFO - 
=== Iniciando lote 8/36 [LV] ===
2026-03-11 17:23:28,927 - INFO - ⌛ Aguardando janela de seleção...
2026-03-11 17:23:39,385 - INFO - ⌛ Aguardando janela de seleção...
2026-03-11 17:23:49,805 - INFO - ⌛ Aguardando janela de seleção...
2026-03-11 17:24:00,197 - INFO - ⌛ Aguardando janela de seleção...
2026-03-11 17:24:10,611 - INFO - ⌛ Aguardando janela de seleção...
2026-03-11 17:24:20,992 - INFO - ⌛ Aguardando janela de seleção...
2026-03-11 17:24:31,425 - INFO - ⌛ Aguardando janela de seleção...
2026-03-11 17:24:41,835 - INFO - ⌛ Aguardando janela de seleção...
2026-03-11 17:24:52,277 - INFO - ⌛ Aguardando janela de seleção...
2026-03-11 17:25:02,678 - INFO - ⌛ Aguardando janela de seleção...
2026-03-11 17:25:13,070 - INFO - ⌛ Aguardando janela de seleção...
2026-03-11 17:25:23,510 - INFO - ⌛ Aguardando janela de seleção...
2026-03-11 17:25:33,900 - INFO - ⌛ Aguardando janela de seleção...
2026-03-11 17:25:44,261 - INFO - ⌛ Aguardando janela de seleção...
2026-03-11 17:25:54,647 - INFO - ⌛ Aguardando janela de seleção...
2026-03-11 17:26:05,053 - INFO - ⌛ Aguardando janela de seleção...
2026-03-11 17:26:15,446 - INFO - ⌛ Aguardando janela de seleção...
2026-03-11 17:26:25,852 - INFO - ⌛ Aguardando janela de seleção...
2026-03-11 17:26:36,276 - INFO - ⌛ Aguardando janela de seleção...
2026-03-11 17:26:46,692 - INFO - ⌛ Aguardando janela de seleção...
2026-03-11 17:26:57,080 - INFO - Janela de seleção aberta
2026-03-11 17:27:01,323 - INFO - DEBUG: idx=7, inicio=175, fim=200
2026-03-11 17:27:01,323 - INFO - ✅ 25 OS copiadas para a área de transferência.
2026-03-11 17:27:01,323 - INFO - 📋 Lote 8 copiado.
2026-03-11 17:27:09,667 - INFO - ⌛ Esperando mudança visual...
2026-03-11 17:27:10,682 - INFO - ⌛ Esperando mudança visual...
2026-03-11 17:27:11,697 - INFO - ⌛ Esperando mudança visual...
2026-03-11 17:27:12,711 - INFO - ⌛ Esperando mudança visual...
2026-03-11 17:27:13,731 - INFO - ⌛ Esperando mudança visual...
2026-03-11 17:27:14,749 - INFO - ⌛ Esperando mudança visual...
2026-03-11 17:27:15,761 - INFO - ⌛ Esperando mudança visual...
2026-03-11 17:27:16,773 - INFO - ⌛ Esperando mudança visual...
2026-03-11 17:27:17,791 - INFO - ⌛ Esperando mudança visual...
2026-03-11 17:27:18,806 - INFO - ⌛ Esperando mudança visual...
2026-03-11 17:27:19,827 - INFO - ⌛ Esperando mudança visual...
2026-03-11 17:27:20,832 - INFO - ⌛ Esperando mudança visual...
2026-03-11 17:27:21,849 - INFO - ✅ Tela carregada!
2026-03-11 17:27:32,333 - INFO - ⌛ Aguardando janela de confirmação de desbloqueio...
2026-03-11 17:27:47,803 - INFO - 🟨 Registros desbloqueados com sucesso
2026-03-11 17:28:01,327 - INFO - ⌛ Aguardando janela de edição de OS...
2026-03-11 17:28:16,778 - INFO - 🟨 OS programadas detectadas
2026-03-11 17:28:19,929 - INFO - ⌛ Aguardando janela de edição de OS...
2026-03-11 17:28:35,376 - INFO - 🟨 Janela de edição de OS detectada
2026-03-11 17:28:56,737 - INFO - 🟨 Janela de edição de habilidade da turma detectada
2026-03-11 17:30:15,044 - INFO - ⌛ Aguardando detecção do campo de caracteristica 'EQUIPE PRÓPRIA OU EPS' ...
2026-03-11 17:30:34,412 - INFO - 🟨 campo de caracteristica 'EQUIPE PRÓPRIA OU EPS detectado
2026-03-11 17:30:56,206 - INFO - ⌛ Aguardando confirmação 4 - editar OS...
2026-03-11 17:31:11,659 - INFO - ⌛ Aguardando confirmação 4 - editar OS...
2026-03-11 17:31:27,152 - INFO - ⌛ Aguardando confirmação 4 - editar OS...
2026-03-11 17:31:42,649 - INFO - 🟨 Janela de confirmação 4 de edição de OS detectada
2026-03-11 17:32:13,359 - INFO - ⌛ Aguardando janela de confirmação de programação de OS...
2026-03-11 17:32:33,720 - INFO - 🟨 Janela de confirmação de programação de OS detectada
2026-03-11 17:32:47,061 - INFO - 🟨 Janela de aviso de edição de OS programadas detectada
2026-03-11 17:32:51,327 - INFO - ⌛ aguardando janela de programação de lote de OS...
2026-03-11 17:33:11,899 - INFO - 🟨 Janela de aviso de substituição de lote de OS detectada
2026-03-11 17:33:18,170 - INFO - ⌛ aguardando janela de programação de lote de OS...
2026-03-11 17:33:38,704 - INFO - 🟨 Janela de programação de lote de OS detectada
2026-03-11 17:34:16,303 - INFO - 🟨 Janela de confirmação de programação de lote de OS detectada
2026-03-11 17:34:20,623 - INFO - ⌛ aguardando confirmação final de programação do lote
2026-03-11 17:34:41,195 - INFO - 🟨 programação do lote 8 efetuado com sucesso
2026-03-11 17:34:51,349 - INFO - 
=== Iniciando lote 9/36 [LV] ===
2026-03-11 17:34:57,700 - INFO - Janela de seleção aberta
2026-03-11 17:35:01,952 - INFO - DEBUG: idx=8, inicio=200, fim=225
2026-03-11 17:35:01,952 - INFO - ✅ 25 OS copiadas para a área de transferência.
2026-03-11 17:35:01,952 - INFO - 📋 Lote 9 copiado.
2026-03-11 17:35:10,273 - INFO - ⌛ Esperando mudança visual...
2026-03-11 17:35:11,294 - INFO - ⌛ Esperando mudança visual...
2026-03-11 17:35:12,311 - INFO - ⌛ Esperando mudança visual...
2026-03-11 17:35:13,320 - INFO - ⌛ Esperando mudança visual...
2026-03-11 17:35:14,337 - INFO - ⌛ Esperando mudança visual...
2026-03-11 17:35:15,356 - INFO - ⌛ Esperando mudança visual...
2026-03-11 17:35:16,369 - INFO - ⌛ Esperando mudança visual...
2026-03-11 17:35:17,390 - INFO - ⌛ Esperando mudança visual...
2026-03-11 17:35:18,403 - INFO - ⌛ Esperando mudança visual...
2026-03-11 17:35:19,415 - INFO - ⌛ Esperando mudança visual...
2026-03-11 17:35:20,433 - INFO - ⌛ Esperando mudança visual...
2026-03-11 17:35:21,446 - INFO - ⌛ Esperando mudança visual...
2026-03-11 17:35:22,462 - INFO - ✅ Tela carregada!
2026-03-11 17:35:32,952 - INFO - ⌛ Aguardando janela de confirmação de desbloqueio...
2026-03-11 17:35:48,347 - INFO - 🟨 Registros desbloqueados com sucesso
2026-03-11 17:36:01,845 - INFO - ⌛ Aguardando janela de edição de OS...
2026-03-11 17:36:17,291 - INFO - 🟨 OS programadas detectadas
2026-03-11 17:36:20,455 - INFO - ⌛ Aguardando janela de edição de OS...
2026-03-11 17:36:35,868 - INFO - 🟨 Janela de edição de OS detectada
2026-03-11 17:36:57,230 - INFO - 🟨 Janela de edição de habilidade da turma detectada
2026-03-11 17:38:15,555 - INFO - ⌛ Aguardando detecção do campo de caracteristica 'EQUIPE PRÓPRIA OU EPS' ...
2026-03-11 17:38:34,913 - INFO - 🟨 campo de caracteristica 'EQUIPE PRÓPRIA OU EPS detectado
2026-03-11 17:38:56,696 - INFO - ⌛ Aguardando confirmação 4 - editar OS...
2026-03-11 17:39:12,251 - INFO - ⌛ Aguardando confirmação 4 - editar OS...
2026-03-11 17:39:27,901 - INFO - ⌛ Aguardando confirmação 4 - editar OS...
2026-03-11 17:39:43,350 - INFO - 🟨 Janela de confirmação 4 de edição de OS detectada
2026-03-11 17:40:14,028 - INFO - ⌛ Aguardando janela de confirmação de programação de OS...
2026-03-11 17:40:34,372 - INFO - 🟨 Janela de confirmação de programação de OS detectada
2026-03-11 17:40:47,665 - INFO - 🟨 Janela de aviso de edição de OS programadas detectada
2026-03-11 17:40:51,928 - INFO - ⌛ aguardando janela de programação de lote de OS...
2026-03-11 17:41:12,481 - INFO - 🟨 Janela de aviso de substituição de lote de OS detectada
2026-03-11 17:41:18,743 - INFO - ⌛ aguardando janela de programação de lote de OS...
2026-03-11 17:41:39,251 - INFO - 🟨 Janela de programação de lote de OS detectada
2026-03-11 17:42:16,836 - INFO - 🟨 Janela de confirmação de programação de lote de OS detectada
2026-03-11 17:42:21,125 - INFO - ⌛ aguardando confirmação final de programação do lote
2026-03-11 17:42:41,624 - INFO - 🟨 programação do lote 9 efetuado com sucesso
2026-03-11 17:42:51,777 - INFO - 
=== Iniciando lote 10/36 [LV] ===
2026-03-11 17:42:58,137 - INFO - Janela de seleção aberta
2026-03-11 17:43:02,362 - INFO - DEBUG: idx=9, inicio=225, fim=250
2026-03-11 17:43:02,362 - INFO - ✅ 25 OS copiadas para a área de transferência.
2026-03-11 17:43:02,362 - INFO - 📋 Lote 10 copiado.
2026-03-11 17:43:10,715 - INFO - ⌛ Esperando mudança visual...
2026-03-11 17:43:11,726 - INFO - ⌛ Esperando mudança visual...
2026-03-11 17:43:12,737 - INFO - ⌛ Esperando mudança visual...
2026-03-11 17:43:13,768 - INFO - ⌛ Esperando mudança visual...
2026-03-11 17:43:14,782 - INFO - ⌛ Esperando mudança visual...
2026-03-11 17:43:15,800 - INFO - ⌛ Esperando mudança visual...
2026-03-11 17:43:16,816 - INFO - ⌛ Esperando mudança visual...
2026-03-11 17:43:17,832 - INFO - ⌛ Esperando mudança visual...
2026-03-11 17:43:18,847 - INFO - ⌛ Esperando mudança visual...
2026-03-11 17:43:19,863 - INFO - ⌛ Esperando mudança visual...
2026-03-11 17:43:20,879 - INFO - ✅ Tela carregada!
2026-03-11 17:43:31,347 - INFO - ⌛ Aguardando janela de confirmação de desbloqueio...
2026-03-11 17:43:46,774 - INFO - 🟨 Registros desbloqueados com sucesso
2026-03-11 17:44:00,298 - INFO - ⌛ Aguardando janela de edição de OS...
2026-03-11 17:44:15,781 - INFO - 🟨 OS programadas detectadas
2026-03-11 17:44:18,939 - INFO - ⌛ Aguardando janela de edição de OS...
2026-03-11 17:44:34,450 - INFO - 🟨 Janela de edição de OS detectada
2026-03-11 17:44:55,813 - INFO - 🟨 Janela de edição de habilidade da turma detectada
2026-03-11 17:46:14,147 - INFO - ⌛ Aguardando detecção do campo de caracteristica 'EQUIPE PRÓPRIA OU EPS' ...
2026-03-11 17:46:33,503 - INFO - 🟨 campo de caracteristica 'EQUIPE PRÓPRIA OU EPS detectado
2026-03-11 17:46:55,293 - INFO - ⌛ Aguardando confirmação 4 - editar OS...
2026-03-11 17:47:10,779 - INFO - ⌛ Aguardando confirmação 4 - editar OS...
2026-03-11 17:47:26,277 - INFO - ⌛ Aguardando confirmação 4 - editar OS...
2026-03-11 17:47:41,720 - INFO - 🟨 Janela de confirmação 4 de edição de OS detectada
2026-03-11 17:48:12,437 - INFO - ⌛ Aguardando janela de confirmação de programação de OS...
2026-03-11 17:48:32,771 - INFO - 🟨 Janela de confirmação de programação de OS detectada
2026-03-11 17:48:46,080 - INFO - 🟨 Janela de aviso de edição de OS programadas detectada
2026-03-11 17:48:50,333 - INFO - ⌛ aguardando janela de programação de lote de OS...
2026-03-11 17:49:10,877 - INFO - 🟨 Janela de aviso de substituição de lote de OS detectada
2026-03-11 17:49:17,140 - INFO - ⌛ aguardando janela de programação de lote de OS...
2026-03-11 17:49:37,734 - INFO - ⌛ aguardando janela de programação de lote de OS...
2026-03-11 17:49:58,323 - INFO - ⌛ aguardando janela de programação de lote de OS...
2026-03-11 17:50:18,878 - INFO - ⌛ aguardando janela de programação de lote de OS...
2026-03-11 17:50:39,372 - INFO - 🟨 Janela de programação de lote de OS detectada
2026-03-11 17:51:16,931 - INFO - 🟨 Janela de confirmação de programação de lote de OS detectada
2026-03-11 17:51:21,227 - INFO - ⌛ aguardando confirmação final de programação do lote
2026-03-11 17:51:41,776 - INFO - 🟨 programação do lote 10 efetuado com sucesso
2026-03-11 17:51:51,936 - INFO - 
=== Iniciando lote 11/36 [LV] ===
2026-03-11 17:51:58,309 - INFO - Janela de seleção aberta
2026-03-11 17:52:02,558 - INFO - DEBUG: idx=10, inicio=250, fim=275
2026-03-11 17:52:02,558 - INFO - ✅ 25 OS copiadas para a área de transferência.
2026-03-11 17:52:02,558 - INFO - 📋 Lote 11 copiado.
2026-03-11 17:52:10,889 - INFO - ⌛ Esperando mudança visual...
2026-03-11 17:52:11,905 - INFO - ⌛ Esperando mudança visual...
2026-03-11 17:52:12,923 - INFO - ⌛ Esperando mudança visual...
2026-03-11 17:52:13,939 - INFO - ⌛ Esperando mudança visual...
2026-03-11 17:52:14,953 - INFO - ⌛ Esperando mudança visual...
2026-03-11 17:52:15,968 - INFO - ⌛ Esperando mudança visual...
2026-03-11 17:52:16,984 - INFO - ⌛ Esperando mudança visual...
2026-03-11 17:52:17,995 - INFO - ⌛ Esperando mudança visual...
2026-03-11 17:52:19,011 - INFO - ⌛ Esperando mudança visual...
2026-03-11 17:52:20,015 - INFO - ⌛ Esperando mudança visual...
2026-03-11 17:52:21,046 - INFO - ⌛ Esperando mudança visual...
2026-03-11 17:52:22,062 - INFO - ✅ Tela carregada!
2026-03-11 17:52:32,567 - INFO - ⌛ Aguardando janela de confirmação de desbloqueio...
2026-03-11 17:52:48,067 - INFO - 🟨 Registros desbloqueados com sucesso
2026-03-11 17:53:01,572 - INFO - ⌛ Aguardando janela de edição de OS...
2026-03-11 17:53:17,006 - INFO - 🟨 OS programadas detectadas
2026-03-11 17:53:20,167 - INFO - ⌛ Aguardando janela de edição de OS...
2026-03-11 17:53:35,598 - INFO - 🟨 Janela de edição de OS detectada
2026-03-11 17:53:56,960 - INFO - 🟨 Janela de edição de habilidade da turma detectada
2026-03-11 17:55:15,257 - INFO - ⌛ Aguardando detecção do campo de caracteristica 'EQUIPE PRÓPRIA OU EPS' ...
2026-03-11 17:55:34,616 - INFO - 🟨 campo de caracteristica 'EQUIPE PRÓPRIA OU EPS detectado
2026-03-11 17:55:56,368 - INFO - ⌛ Aguardando confirmação 4 - editar OS...
2026-03-11 17:56:11,808 - INFO - ⌛ Aguardando confirmação 4 - editar OS...
2026-03-11 17:56:27,289 - INFO - ⌛ Aguardando confirmação 4 - editar OS...
2026-03-11 17:56:42,734 - INFO - 🟨 Janela de confirmação 4 de edição de OS detectada
2026-03-11 17:57:13,433 - INFO - ⌛ Aguardando janela de confirmação de programação de OS...
2026-03-11 17:57:33,759 - INFO - 🟨 Janela de confirmação de programação de OS detectada
2026-03-11 17:57:47,054 - INFO - 🟨 Janela de aviso de edição de OS programadas detectada
2026-03-11 17:57:51,318 - INFO - ⌛ aguardando janela de programação de lote de OS...
2026-03-11 17:58:11,858 - INFO - 🟨 Janela de aviso de substituição de lote de OS detectada
2026-03-11 17:58:18,137 - INFO - ⌛ aguardando janela de programação de lote de OS...
2026-03-11 17:58:38,660 - INFO - ⌛ aguardando janela de programação de lote de OS...
2026-03-11 17:58:59,170 - INFO - ⌛ aguardando janela de programação de lote de OS...
2026-03-11 17:58:59,404 - INFO - 🟨 Identificado falha no EQM
2026-03-11 17:58:59,404 - INFO - Capturando print...
2026-03-11 17:59:36,044 - INFO - ⌛ Aguardando janela de confirmação de programação de OS...
2026-03-11 17:59:56,366 - INFO - 🟨 Janela de confirmação de programação de OS detectada
2026-03-11 18:00:09,694 - INFO - ⌛ aguardando janela de programação de lote de OS...
2026-03-11 18:00:30,246 - INFO - ⌛ aguardando janela de programação de lote de OS...
2026-03-11 18:00:50,830 - INFO - ⌛ aguardando janela de programação de lote de OS...
2026-03-11 18:01:11,414 - INFO - ⌛ aguardando janela de programação de lote de OS...
2026-03-11 18:01:32,017 - INFO - ⌛ aguardando janela de programação de lote de OS...
2026-03-11 18:01:52,653 - INFO - ⌛ aguardando janela de programação de lote de OS...
2026-03-11 18:02:13,226 - INFO - ⌛ aguardando janela de programação de lote de OS...
2026-03-11 18:02:33,805 - INFO - ⌛ aguardando janela de programação de lote de OS...
2026-03-11 18:02:54,379 - INFO - ⌛ aguardando janela de programação de lote de OS...
2026-03-11 18:03:14,916 - INFO - ⌛ aguardando janela de programação de lote de OS...
2026-03-11 18:03:35,474 - INFO - ⌛ aguardando janela de programação de lote de OS...
2026-03-11 18:03:56,024 - INFO - ⌛ aguardando janela de programação de lote de OS...
2026-03-11 18:04:16,640 - INFO - ⌛ aguardando janela de programação de lote de OS...
2026-03-11 18:04:37,425 - INFO - ⌛ aguardando janela de programação de lote de OS...
2026-03-11 18:04:58,278 - INFO - ⌛ aguardando janela de programação de lote de OS...
2026-03-11 18:05:18,829 - INFO - ⌛ aguardando janela de programação de lote de OS...
2026-03-11 18:05:39,474 - INFO - ⌛ aguardando janela de programação de lote de OS...
2026-03-11 18:06:00,173 - INFO - ⌛ aguardando janela de programação de lote de OS...
2026-03-11 18:06:20,785 - INFO - ⌛ aguardando janela de programação de lote de OS...
2026-03-11 18:06:41,391 - INFO - ⌛ aguardando janela de programação de lote de OS...
2026-03-11 18:07:02,002 - INFO - ⌛ aguardando janela de programação de lote de OS...
2026-03-11 18:07:22,570 - INFO - ⌛ aguardando janela de programação de lote de OS...
2026-03-11 18:07:43,102 - INFO - ⌛ aguardando janela de programação de lote de OS...
2026-03-11 18:08:03,673 - INFO - ⌛ aguardando janela de programação de lote de OS...
2026-03-11 18:08:24,257 - INFO - ⌛ aguardando janela de programação de lote de OS...
2026-03-11 18:08:44,795 - INFO - ⌛ aguardando janela de programação de lote de OS...
2026-03-11 18:09:05,344 - INFO - ⌛ aguardando janela de programação de lote de OS...
2026-03-11 18:09:25,885 - INFO - ⌛ aguardando janela de programação de lote de OS...
2026-03-11 18:09:46,454 - INFO - ⌛ aguardando janela de programação de lote de OS...
2026-03-11 18:10:07,017 - INFO - ⌛ aguardando janela de programação de lote de OS...
2026-03-11 18:10:27,582 - INFO - ⌛ aguardando janela de programação de lote de OS...
2026-03-11 18:10:48,138 - INFO - ⌛ aguardando janela de programação de lote de OS...
2026-03-11 18:11:08,686 - INFO - ⌛ aguardando janela de programação de lote de OS...
2026-03-11 18:11:29,242 - INFO - ⌛ aguardando janela de programação de lote de OS...
2026-03-11 18:11:49,782 - INFO - ⌛ aguardando janela de programação de lote de OS...
2026-03-11 18:12:10,345 - INFO - ⌛ aguardando janela de programação de lote de OS...
2026-03-11 18:12:30,903 - INFO - ⌛ aguardando janela de programação de lote de OS...
2026-03-11 18:12:51,469 - INFO - ⌛ aguardando janela de programação de lote de OS...
2026-03-11 18:13:12,039 - INFO - ⌛ aguardando janela de programação de lote de OS...
2026-03-11 18:13:32,588 - INFO - ⌛ aguardando janela de programação de lote de OS...
2026-03-11 18:13:53,126 - INFO - ⌛ aguardando janela de programação de lote de OS...
2026-03-11 18:14:13,668 - INFO - ⌛ aguardando janela de programação de lote de OS...
2026-03-11 18:14:34,263 - INFO - ⌛ aguardando janela de programação de lote de OS...
2026-03-11 18:14:54,885 - INFO - ⌛ aguardando janela de programação de lote de OS...
2026-03-11 18:15:15,521 - INFO - ⌛ aguardando janela de programação de lote de OS...
2026-03-11 18:15:36,158 - INFO - ⌛ aguardando janela de programação de lote de OS...
2026-03-11 18:15:56,766 - INFO - ⌛ aguardando janela de programação de lote de OS...
2026-03-11 18:16:17,347 - INFO - ⌛ aguardando janela de programação de lote de OS...
2026-03-11 18:16:37,957 - INFO - ⌛ aguardando janela de programação de lote de OS...
2026-03-11 18:16:58,584 - INFO - ⌛ aguardando janela de programação de lote de OS...
2026-03-11 18:17:19,190 - INFO - ⌛ aguardando janela de programação de lote de OS...
2026-03-11 18:17:39,816 - INFO - ⌛ aguardando janela de programação de lote de OS...
2026-03-11 18:18:00,394 - INFO - ⌛ aguardando janela de programação de lote de OS...
2026-03-11 18:18:20,973 - INFO - ⌛ aguardando janela de programação de lote de OS...
2026-03-11 18:18:41,575 - INFO - ⌛ aguardando janela de programação de lote de OS...
2026-03-11 18:19:02,177 - INFO - ⌛ aguardando janela de programação de lote de OS...
2026-03-11 18:19:22,773 - INFO - ⌛ aguardando janela de programação de lote de OS...
2026-03-11 18:19:43,347 - INFO - ⌛ aguardando janela de programação de lote de OS...
2026-03-11 18:20:03,962 - INFO - verificando janela oculta
2026-03-11 18:20:24,445 - INFO - ⏱️ Tempo limite atingido. Abortando seleção
2026-03-11 18:20:24,445 - INFO - Capturando print...
