2025-11-17 09:36:06,659 - INFO - Data hoje: 17/11/2025
2025-11-17 09:36:06,659 - INFO - Data de referência: 30/11/2025
2025-11-17 09:36:11,092 - INFO - 
Qtde LINHA VIVA: 362
2025-11-17 09:36:11,092 - INFO - Qtde LINHA MORTA/PESADA/FAIXA: 261
2025-11-17 09:36:11,784 - INFO - 
Arquivo gerado: C:\Users\U469784\venvs\py311\bot_programacao\EXCEL\pendentes_20251117.xlsx
2025-11-17 09:36:11,875 - INFO - 
 Qtd de lotes de LM: 11
2025-11-17 09:36:11,875 - INFO - 
 Qtd de lotes de LV: 15
2025-11-17 09:36:11,876 - INFO - 
=== Iniciando lote 1/15 [LV] ===
2025-11-17 11:53:46,614 - INFO - Data hoje: 17/11/2025
2025-11-17 11:53:46,614 - INFO - Data de referência: 30/11/2025
2025-11-17 11:53:58,263 - INFO - Data hoje: 17/11/2025
2025-11-17 11:53:58,263 - INFO - Data de referência: 30/11/2025
2025-11-17 11:54:04,740 - INFO - Data hoje: 17/11/2025
2025-11-17 11:54:04,740 - INFO - Data de referência: 30/11/2025
2025-11-17 11:54:34,727 - INFO - Data hoje: 17/11/2025
2025-11-17 11:54:34,727 - INFO - Data de referência: 30/11/2025
2025-11-17 11:56:19,637 - INFO - Data hoje: 17/11/2025
2025-11-17 11:56:19,637 - INFO - Data de referência: 30/11/2025
2025-11-17 11:56:27,248 - INFO - 
Qtde LINHA VIVA: 371
2025-11-17 11:56:27,248 - INFO - Qtde LINHA MORTA/PESADA/FAIXA: 261
2025-11-17 11:56:27,809 - INFO - 
Arquivo gerado: C:\Users\U469784\venvs\py311\bot_programacao\EXCEL\pendentes_20251117.xlsx
2025-11-17 11:56:27,904 - INFO - 
 Qtd de lotes de LM: 11
2025-11-17 11:56:27,904 - INFO - 
 Qtd de lotes de LV: 15
2025-11-17 11:56:27,904 - INFO - 
=== Iniciando lote 1/15 [LV] ===
2025-11-17 11:56:34,316 - INFO - Janela de seleção aberta
2025-11-17 11:56:44,553 - INFO - DEBUG: idx=0, inicio=0, fim=25
2025-11-17 11:56:44,565 - INFO - ✅ 25 OS copiadas para a área de transferência.
2025-11-17 11:56:44,565 - INFO - 📋 Lote 1 copiado.
2025-11-17 11:56:58,903 - INFO - ⌛ Esperando mudança visual...
2025-11-17 11:56:59,912 - INFO - ⌛ Esperando mudança visual...
2025-11-17 11:57:00,926 - INFO - ✅ Tela carregada!
2025-11-17 11:57:11,410 - INFO - ⌛ Aguardando janela de confirmação de desbloqueio...
2025-11-17 11:57:31,707 - INFO - 🟨 Registros desbloqueados com sucesso
2025-11-17 11:57:49,316 - INFO - ⌛ Aguardando janela de edição de OS...
2025-11-17 11:58:09,662 - INFO - 🟨 OS programadas detectadas
2025-11-17 11:58:15,824 - INFO - ⌛ Aguardando janela de edição de OS...
2025-11-17 11:58:36,154 - INFO - 🟨 Janela de edição de OS detectada
2025-11-17 11:58:56,517 - INFO - 🟨 Janela de edição de habilidade da turma detectada
2025-11-17 11:59:44,843 - INFO - ⌛ Aguardando detecção do campo de caracteristica 'EQUIPE PRÓPRIA OU EPS' ...
2025-11-17 12:00:04,982 - INFO - ⌛ Aguardando detecção do campo de caracteristica 'EQUIPE PRÓPRIA OU EPS' ...
2025-11-17 12:00:25,134 - INFO - ⌛ Aguardando detecção do campo de caracteristica 'EQUIPE PRÓPRIA OU EPS' ...
2025-11-17 12:00:45,298 - INFO - 🟨 campo de caracteristica 'EQUIPE PRÓPRIA OU EPS detectado
2025-11-17 12:01:07,051 - INFO - ⌛ Aguardando confirmação 4 - editar OS...
2025-11-17 12:01:27,337 - INFO - ⌛ Aguardando confirmação 4 - editar OS...
2025-11-17 12:03:07,294 - INFO - ⌛ Aguardando janela de confirmação de programação de OS...
2025-11-17 12:03:27,587 - INFO - 🟨 Janela de confirmação de programação de OS detectada
2025-11-17 12:03:34,932 - INFO - ⌛ aguardando janela de programação de lote de OS...
2025-11-17 12:03:55,325 - INFO - 🟨 Janela de aviso de edição de OS programadas detectada
2025-11-17 12:04:05,596 - INFO - ⌛ aguardando janela de programação de lote de OS...
2025-11-17 12:04:25,997 - INFO - 🟨 Janela de aviso de substituição de lote de OS detectada
2025-11-17 12:04:38,262 - INFO - ⌛ aguardando janela de programação de lote de OS...
2025-11-17 12:04:58,633 - INFO - ⌛ aguardando janela de programação de lote de OS...
2025-11-17 12:04:58,743 - INFO - 🟨 Identificado travamento no EQM, reiniciando contador de espera
2025-11-17 12:05:18,989 - INFO - 🟨 Janela de programação de lote de OS detectada
2025-11-17 12:06:16,420 - INFO - ⌛ aguardando janela de confirmação de programação de lote de OS...
2025-11-17 12:06:36,735 - INFO - 🟨 Janela de confirmação de programação de lote de OS detectada
2025-11-17 12:06:48,994 - INFO - ⌛ aguardando confirmação final de programação do lote
2025-11-17 12:07:09,323 - INFO - 🟨 programação do lote 1 efetuado com sucesso
2025-11-17 12:07:36,485 - INFO - 
=== Iniciando lote 2/15 [LV] ===
2025-11-17 12:07:42,834 - INFO - Janela de seleção aberta
2025-11-17 12:07:53,060 - INFO - DEBUG: idx=1, inicio=25, fim=50
2025-11-17 12:07:53,060 - INFO - ✅ 25 OS copiadas para a área de transferência.
2025-11-17 12:07:53,060 - INFO - 📋 Lote 2 copiado.
2025-11-17 12:08:07,383 - INFO - ⌛ Esperando mudança visual...
2025-11-17 12:08:08,402 - INFO - ⌛ Esperando mudança visual...
2025-11-17 12:08:09,425 - INFO - ⌛ Esperando mudança visual...
2025-11-17 12:08:10,442 - INFO - ⌛ Esperando mudança visual...
2025-11-17 12:08:11,448 - INFO - ⌛ Esperando mudança visual...
2025-11-17 12:08:12,465 - INFO - ⌛ Esperando mudança visual...
2025-11-17 12:08:13,482 - INFO - ⌛ Esperando mudança visual...
2025-11-17 12:08:14,494 - INFO - ⌛ Esperando mudança visual...
2025-11-17 12:08:15,512 - INFO - ⌛ Esperando mudança visual...
2025-11-17 12:08:16,534 - INFO - ⌛ Esperando mudança visual...
2025-11-17 12:08:17,545 - INFO - ⌛ Esperando mudança visual...
2025-11-17 12:08:18,558 - INFO - ⌛ Esperando mudança visual...
2025-11-17 12:08:19,579 - INFO - ⌛ Esperando mudança visual...
2025-11-17 12:08:20,591 - INFO - ✅ Tela carregada!
2025-11-17 12:08:31,065 - INFO - ⌛ Aguardando janela de confirmação de desbloqueio...
2025-11-17 12:08:51,343 - INFO - 🟨 Registros desbloqueados com sucesso
2025-11-17 12:09:08,920 - INFO - ⌛ Aguardando janela de edição de OS...
2025-11-17 12:09:29,238 - INFO - 🟨 OS programadas detectadas
2025-11-17 12:09:35,401 - INFO - ⌛ Aguardando janela de edição de OS...
2025-11-17 12:09:55,721 - INFO - 🟨 Janela de edição de OS detectada
2025-11-17 12:10:16,083 - INFO - 🟨 Janela de edição de habilidade da turma detectada
2025-11-17 12:11:04,414 - INFO - ⌛ Aguardando detecção do campo de caracteristica 'EQUIPE PRÓPRIA OU EPS' ...
2025-11-17 12:11:24,574 - INFO - ⌛ Aguardando detecção do campo de caracteristica 'EQUIPE PRÓPRIA OU EPS' ...
2025-11-17 12:11:44,724 - INFO - ⌛ Aguardando detecção do campo de caracteristica 'EQUIPE PRÓPRIA OU EPS' ...
2025-11-17 12:12:04,868 - INFO - 🟨 campo de caracteristica 'EQUIPE PRÓPRIA OU EPS detectado
2025-11-17 12:12:26,604 - INFO - ⌛ Aguardando confirmação 4 - editar OS...
2025-11-17 12:12:46,892 - INFO - ⌛ Aguardando confirmação 4 - editar OS...
2025-11-17 12:14:26,820 - INFO - ⌛ Aguardando janela de confirmação de programação de OS...
2025-11-17 12:14:47,117 - INFO - 🟨 Janela de confirmação de programação de OS detectada
2025-11-17 12:14:54,458 - INFO - ⌛ aguardando janela de programação de lote de OS...
2025-11-17 12:15:14,913 - INFO - 🟨 Janela de aviso de edição de OS programadas detectada
2025-11-17 12:15:25,210 - INFO - ⌛ aguardando janela de programação de lote de OS...
2025-11-17 12:15:45,608 - INFO - 🟨 Janela de aviso de substituição de lote de OS detectada
2025-11-17 12:15:57,880 - INFO - ⌛ aguardando janela de programação de lote de OS...
2025-11-17 12:16:18,252 - INFO - 🟨 Janela de programação de lote de OS detectada
2025-11-17 12:17:15,723 - INFO - ⌛ aguardando janela de confirmação de programação de lote de OS...
2025-11-17 12:17:36,019 - INFO - 🟨 Janela de confirmação de programação de lote de OS detectada
2025-11-17 12:17:48,316 - INFO - ⌛ aguardando confirmação final de programação do lote
2025-11-17 12:18:08,678 - INFO - 🟨 programação do lote 2 efetuado com sucesso
2025-11-17 12:18:35,836 - INFO - 
=== Iniciando lote 3/15 [LV] ===
2025-11-17 12:18:42,185 - INFO - Janela de seleção aberta
2025-11-17 12:18:52,413 - INFO - DEBUG: idx=2, inicio=50, fim=75
2025-11-17 12:18:52,413 - INFO - ✅ 25 OS copiadas para a área de transferência.
2025-11-17 12:18:52,413 - INFO - 📋 Lote 3 copiado.
2025-11-17 12:19:06,759 - INFO - ⌛ Esperando mudança visual...
2025-11-17 12:19:07,774 - INFO - ⌛ Esperando mudança visual...
2025-11-17 12:19:08,784 - INFO - ⌛ Esperando mudança visual...
2025-11-17 12:19:09,806 - INFO - ⌛ Esperando mudança visual...
2025-11-17 12:19:10,817 - INFO - ⌛ Esperando mudança visual...
2025-11-17 12:19:11,837 - INFO - ⌛ Esperando mudança visual...
2025-11-17 12:19:12,849 - INFO - ⌛ Esperando mudança visual...
2025-11-17 12:19:13,862 - INFO - ⌛ Esperando mudança visual...
2025-11-17 12:19:14,877 - INFO - ⌛ Esperando mudança visual...
2025-11-17 12:19:15,900 - INFO - ⌛ Esperando mudança visual...
2025-11-17 12:19:16,910 - INFO - ⌛ Esperando mudança visual...
2025-11-17 12:19:17,923 - INFO - ⌛ Esperando mudança visual...
2025-11-17 12:19:18,947 - INFO - ✅ Tela carregada!
2025-11-17 12:19:29,442 - INFO - ⌛ Aguardando janela de confirmação de desbloqueio...
2025-11-17 12:19:49,735 - INFO - 🟨 Registros desbloqueados com sucesso
2025-11-17 12:20:07,311 - INFO - ⌛ Aguardando janela de edição de OS...
2025-11-17 12:20:27,674 - INFO - 🟨 OS programadas detectadas
2025-11-17 12:20:33,841 - INFO - ⌛ Aguardando janela de edição de OS...
2025-11-17 12:20:54,197 - INFO - 🟨 Janela de edição de OS detectada
2025-11-17 12:21:14,585 - INFO - 🟨 Janela de edição de habilidade da turma detectada
2025-11-17 12:22:02,897 - INFO - ⌛ Aguardando detecção do campo de caracteristica 'EQUIPE PRÓPRIA OU EPS' ...
2025-11-17 12:22:23,060 - INFO - ⌛ Aguardando detecção do campo de caracteristica 'EQUIPE PRÓPRIA OU EPS' ...
2025-11-17 12:22:43,211 - INFO - ⌛ Aguardando detecção do campo de caracteristica 'EQUIPE PRÓPRIA OU EPS' ...
2025-11-17 12:23:03,382 - INFO - 🟨 campo de caracteristica 'EQUIPE PRÓPRIA OU EPS detectado
2025-11-17 12:23:25,138 - INFO - ⌛ Aguardando confirmação 4 - editar OS...
2025-11-17 12:23:45,444 - INFO - ⌛ Aguardando confirmação 4 - editar OS...
2025-11-17 12:25:25,408 - INFO - ⌛ Aguardando janela de confirmação de programação de OS...
2025-11-17 12:25:45,672 - INFO - 🟨 Janela de confirmação de programação de OS detectada
2025-11-17 12:25:52,975 - INFO - ⌛ aguardando janela de programação de lote de OS...
2025-11-17 12:26:13,353 - INFO - 🟨 Janela de aviso de edição de OS programadas detectada
2025-11-17 12:26:23,625 - INFO - ⌛ aguardando janela de programação de lote de OS...
2025-11-17 12:26:44,028 - INFO - 🟨 Janela de aviso de substituição de lote de OS detectada
2025-11-17 12:26:56,294 - INFO - ⌛ aguardando janela de programação de lote de OS...
2025-11-17 12:27:16,690 - INFO - ⌛ aguardando janela de programação de lote de OS...
2025-11-17 12:27:16,823 - INFO - 🟨 Identificado travamento no EQM, reiniciando contador de espera
2025-11-17 12:27:37,099 - INFO - ⌛ aguardando janela de programação de lote de OS...
2025-11-17 12:27:57,473 - INFO - ⌛ aguardando janela de programação de lote de OS...
2025-11-17 12:28:17,861 - INFO - ⌛ aguardando janela de programação de lote de OS...
2025-11-17 12:28:38,238 - INFO - ⌛ aguardando janela de programação de lote de OS...
2025-11-17 12:28:58,665 - INFO - ⌛ aguardando janela de programação de lote de OS...
2025-11-17 12:29:19,073 - INFO - ⌛ aguardando janela de programação de lote de OS...
2025-11-17 12:29:39,491 - INFO - ⌛ aguardando janela de programação de lote de OS...
2025-11-17 12:29:59,870 - INFO - ⌛ aguardando janela de programação de lote de OS...
2025-11-17 12:30:20,282 - INFO - ⌛ aguardando janela de programação de lote de OS...
2025-11-17 12:30:40,689 - INFO - ⌛ aguardando janela de programação de lote de OS...
2025-11-17 12:31:01,087 - INFO - ⌛ aguardando janela de programação de lote de OS...
2025-11-17 12:31:21,469 - INFO - ⌛ aguardando janela de programação de lote de OS...
2025-11-17 12:31:41,880 - INFO - ⌛ aguardando janela de programação de lote de OS...
2025-11-17 12:32:02,266 - INFO - ⌛ aguardando janela de programação de lote de OS...
2025-11-17 12:32:22,672 - INFO - ⌛ aguardando janela de programação de lote de OS...
2025-11-17 12:32:43,087 - INFO - ⌛ aguardando janela de programação de lote de OS...
2025-11-17 12:33:03,488 - INFO - ⌛ aguardando janela de programação de lote de OS...
2025-11-17 12:33:23,887 - INFO - ⌛ aguardando janela de programação de lote de OS...
2025-11-17 12:33:44,335 - INFO - ⌛ aguardando janela de programação de lote de OS...
2025-11-17 12:34:04,762 - INFO - ⌛ aguardando janela de programação de lote de OS...
2025-11-17 12:34:25,178 - INFO - ⌛ aguardando janela de programação de lote de OS...
2025-11-17 12:34:45,584 - INFO - ⌛ aguardando janela de programação de lote de OS...
2025-11-17 12:35:06,004 - INFO - ⌛ aguardando janela de programação de lote de OS...
2025-11-17 12:35:26,414 - INFO - ⌛ aguardando janela de programação de lote de OS...
2025-11-17 12:35:46,807 - INFO - ⌛ aguardando janela de programação de lote de OS...
2025-11-17 12:36:07,176 - INFO - ⏱️ Tempo limite atingido. Abortando seleção
2025-11-17 12:36:07,255 - INFO - 🟨 Identificado falha no EQM, abortando programa
2025-11-17 14:00:57,167 - INFO - Data hoje: 17/11/2025
2025-11-17 14:00:57,167 - INFO - Data de referência: 30/11/2025
2025-11-17 14:01:03,250 - INFO - 
Qtde LINHA VIVA: 371
2025-11-17 14:01:03,250 - INFO - Qtde LINHA MORTA/PESADA/FAIXA: 261
2025-11-17 14:01:03,777 - INFO - 
Arquivo gerado: C:\Users\U469784\venvs\py311\bot_programacao\EXCEL\pendentes_20251117.xlsx
2025-11-17 14:01:03,888 - INFO - 
 Qtd de lotes de LM: 11
2025-11-17 14:01:03,888 - INFO - 
 Qtd de lotes de LV: 15
2025-11-17 14:01:03,889 - INFO - 
=== Iniciando lote 3/15 [LV] ===
2025-11-17 14:01:10,263 - INFO - Janela de seleção aberta
2025-11-17 14:01:20,526 - INFO - DEBUG: idx=2, inicio=50, fim=75
2025-11-17 14:01:20,526 - INFO - ✅ 25 OS copiadas para a área de transferência.
2025-11-17 14:01:20,526 - INFO - 📋 Lote 3 copiado.
2025-11-17 14:01:34,863 - INFO - ⌛ Esperando mudança visual...
2025-11-17 14:01:35,884 - INFO - ✅ Tela carregada!
2025-11-17 14:12:13,336 - INFO - Data hoje: 17/11/2025
2025-11-17 14:12:13,336 - INFO - Data de referência: 30/11/2025
2025-11-17 14:12:20,461 - INFO - 
Qtde LINHA VIVA: 371
2025-11-17 14:12:20,464 - INFO - Qtde LINHA MORTA/PESADA/FAIXA: 261
2025-11-17 14:12:21,091 - INFO - 
Arquivo gerado: C:\Users\U469784\venvs\py311\bot_programacao\EXCEL\pendentes_20251117.xlsx
2025-11-17 14:12:21,217 - INFO - 
 Qtd de lotes de LM: 11
2025-11-17 14:12:21,217 - INFO - 
 Qtd de lotes de LV: 15
2025-11-17 14:12:21,217 - INFO - 
=== Iniciando lote 3/15 [LV] ===
2025-11-17 14:12:27,672 - INFO - Janela de seleção aberta
2025-11-17 14:12:37,931 - INFO - DEBUG: idx=2, inicio=50, fim=75
2025-11-17 14:12:37,931 - INFO - ✅ 25 OS copiadas para a área de transferência.
2025-11-17 14:12:37,931 - INFO - 📋 Lote 3 copiado.
2025-11-17 14:12:52,258 - INFO - ⌛ Esperando mudança visual...
2025-11-17 14:12:53,270 - INFO - ⌛ Esperando mudança visual...
2025-11-17 14:12:54,282 - INFO - ⌛ Esperando mudança visual...
2025-11-17 14:12:55,304 - INFO - ⌛ Esperando mudança visual...
2025-11-17 14:12:56,320 - INFO - ⌛ Esperando mudança visual...
2025-11-17 14:12:57,334 - INFO - ⌛ Esperando mudança visual...
2025-11-17 14:12:58,351 - INFO - ✅ Tela carregada!
2025-11-17 14:13:08,860 - INFO - ⌛ Aguardando janela de confirmação de desbloqueio...
2025-11-17 14:13:29,166 - INFO - 🟨 Registros desbloqueados com sucesso
2025-11-17 14:13:46,806 - INFO - ⌛ Aguardando janela de edição de OS...
2025-11-17 14:14:07,165 - INFO - 🟨 OS programadas detectadas
2025-11-17 14:14:13,326 - INFO - ⌛ Aguardando janela de edição de OS...
2025-11-17 14:14:33,717 - INFO - 🟨 Janela de edição de OS detectada
2025-11-17 14:14:54,111 - INFO - 🟨 Janela de edição de habilidade da turma detectada
2025-11-17 14:15:42,429 - INFO - ⌛ Aguardando detecção do campo de caracteristica 'EQUIPE PRÓPRIA OU EPS' ...
2025-11-17 14:16:02,583 - INFO - ⌛ Aguardando detecção do campo de caracteristica 'EQUIPE PRÓPRIA OU EPS' ...
2025-11-17 14:16:22,731 - INFO - ⌛ Aguardando detecção do campo de caracteristica 'EQUIPE PRÓPRIA OU EPS' ...
2025-11-17 14:16:42,908 - INFO - 🟨 campo de caracteristica 'EQUIPE PRÓPRIA OU EPS detectado
2025-11-17 14:17:04,640 - INFO - ⌛ Aguardando confirmação 4 - editar OS...
2025-11-17 14:17:24,983 - INFO - ⌛ Aguardando confirmação 4 - editar OS...
2025-11-17 14:19:05,024 - INFO - ⌛ Aguardando janela de confirmação de programação de OS...
2025-11-17 14:19:25,340 - INFO - 🟨 Janela de confirmação de programação de OS detectada
2025-11-17 14:19:32,639 - INFO - ⌛ aguardando janela de programação de lote de OS...
2025-11-17 14:19:53,056 - INFO - 🟨 Janela de aviso de edição de OS programadas detectada
2025-11-17 14:20:03,311 - INFO - ⌛ aguardando janela de programação de lote de OS...
2025-11-17 14:20:23,767 - INFO - 🟨 Janela de aviso de substituição de lote de OS detectada
2025-11-17 14:20:36,037 - INFO - ⌛ aguardando janela de programação de lote de OS...
2025-11-17 14:20:56,422 - INFO - ⌛ aguardando janela de programação de lote de OS...
2025-11-17 14:20:56,560 - INFO - 🟨 Identificado travamento no EQM, reiniciando contador de espera
2025-11-17 14:21:16,839 - INFO - ⌛ aguardando janela de programação de lote de OS...
2025-11-17 14:21:16,984 - INFO - 🟨 Identificado travamento no EQM, reiniciando contador de espera
2025-11-17 14:21:37,248 - INFO - ⌛ aguardando janela de programação de lote de OS...
2025-11-17 14:21:57,626 - INFO - ⌛ aguardando janela de programação de lote de OS...
2025-11-17 14:22:18,047 - INFO - ⌛ aguardando janela de programação de lote de OS...
2025-11-17 14:22:38,426 - INFO - ⌛ aguardando janela de programação de lote de OS...
2025-11-17 14:22:58,832 - INFO - ⌛ aguardando janela de programação de lote de OS...
2025-11-17 14:23:19,233 - INFO - ⌛ aguardando janela de programação de lote de OS...
2025-11-17 14:23:39,634 - INFO - ⌛ aguardando janela de programação de lote de OS...
2025-11-17 14:24:00,028 - INFO - ⌛ aguardando janela de programação de lote de OS...
2025-11-17 14:24:20,400 - INFO - ⌛ aguardando janela de programação de lote de OS...
2025-11-17 14:24:40,771 - INFO - ⌛ aguardando janela de programação de lote de OS...
2025-11-17 14:25:01,136 - INFO - ⌛ aguardando janela de programação de lote de OS...
2025-11-17 14:25:21,550 - INFO - ⌛ aguardando janela de programação de lote de OS...
2025-11-17 14:25:41,983 - INFO - ⌛ aguardando janela de programação de lote de OS...
2025-11-17 14:26:02,393 - INFO - ⌛ aguardando janela de programação de lote de OS...
2025-11-17 14:26:22,828 - INFO - ⌛ aguardando janela de programação de lote de OS...
2025-11-17 14:26:43,265 - INFO - ⌛ aguardando janela de programação de lote de OS...
2025-11-17 14:27:03,650 - INFO - ⌛ aguardando janela de programação de lote de OS...
2025-11-17 14:27:24,131 - INFO - ⌛ aguardando janela de programação de lote de OS...
2025-11-17 14:27:44,559 - INFO - ⌛ aguardando janela de programação de lote de OS...
2025-11-17 14:28:04,970 - INFO - ⌛ aguardando janela de programação de lote de OS...
2025-11-17 14:28:25,348 - INFO - ⌛ aguardando janela de programação de lote de OS...
2025-11-17 14:28:45,812 - INFO - ⌛ aguardando janela de programação de lote de OS...
2025-11-17 14:29:06,192 - INFO - ⌛ aguardando janela de programação de lote de OS...
2025-11-17 14:29:26,592 - INFO - ⌛ aguardando janela de programação de lote de OS...
2025-11-17 14:29:47,049 - INFO - ⏱️ Tempo limite atingido. Abortando seleção
2025-11-17 17:56:06,493 - INFO - Data hoje: 17/11/2025
2025-11-17 17:56:06,493 - INFO - Data de referência: 30/11/2025
2025-11-17 17:56:12,288 - INFO - 
Qtde LINHA VIVA: 373
2025-11-17 17:56:12,288 - INFO - Qtde LINHA MORTA/PESADA/FAIXA: 261
2025-11-17 17:56:12,758 - INFO - 
Arquivo gerado: C:\Users\U469784\venvs\py311\bot_programacao\EXCEL\pendentes_20251117.xlsx
2025-11-17 17:56:12,845 - INFO - 
 Qtd de lotes de LM: 18
2025-11-17 17:56:12,845 - INFO - 
 Qtd de lotes de LV: 25
2025-11-17 17:56:12,846 - INFO - 
=== Iniciando lote 3/25 [LV] ===
2025-11-17 17:56:19,303 - INFO - Janela de seleção aberta
2025-11-17 17:56:29,562 - INFO - DEBUG: idx=2, inicio=30, fim=45
2025-11-17 17:56:29,562 - INFO - ✅ 15 OS copiadas para a área de transferência.
2025-11-17 17:56:29,562 - INFO - 📋 Lote 3 copiado.
2025-11-17 17:56:43,896 - INFO - ⌛ Esperando mudança visual...
2025-11-17 17:56:44,913 - INFO - ✅ Tela carregada!
2025-11-17 17:56:55,399 - INFO - ⌛ Aguardando janela de confirmação de desbloqueio...
2025-11-17 17:57:15,687 - INFO - 🟨 Registros desbloqueados com sucesso
2025-11-17 17:57:33,288 - INFO - 🟨 OS programadas detectadas
2025-11-17 17:57:39,462 - INFO - ⌛ Aguardando janela de edição de OS...
2025-11-17 17:57:59,840 - INFO - ⌛ Aguardando janela de edição de OS...
2025-11-17 17:58:20,214 - INFO - 🟨 Janela de edição de OS detectada
2025-11-17 17:58:40,578 - INFO - 🟨 Janela de edição de habilidade da turma detectada
2025-11-17 17:59:28,918 - INFO - ⌛ Aguardando detecção do campo de caracteristica 'EQUIPE PRÓPRIA OU EPS' ...
2025-11-17 17:59:49,094 - INFO - ⌛ Aguardando detecção do campo de caracteristica 'EQUIPE PRÓPRIA OU EPS' ...
2025-11-17 18:00:09,239 - INFO - ⌛ Aguardando detecção do campo de caracteristica 'EQUIPE PRÓPRIA OU EPS' ...
2025-11-17 18:00:29,382 - INFO - 🟨 campo de caracteristica 'EQUIPE PRÓPRIA OU EPS detectado
2025-11-17 18:00:51,124 - INFO - ⌛ Aguardando confirmação 4 - editar OS...
2025-11-17 18:02:31,068 - INFO - ⌛ Aguardando janela de confirmação de programação de OS...
2025-11-17 18:02:51,338 - INFO - 🟨 Janela de confirmação de programação de OS detectada
2025-11-17 18:02:58,649 - INFO - ⌛ aguardando janela de programação de lote de OS...
2025-11-17 18:03:19,011 - INFO - 🟨 Janela de aviso de edição de OS programadas detectada
2025-11-17 18:03:29,285 - INFO - ⌛ aguardando janela de programação de lote de OS...
2025-11-17 18:03:49,662 - INFO - 🟨 Janela de aviso de substituição de lote de OS detectada
2025-11-17 18:04:01,943 - INFO - ⌛ aguardando janela de programação de lote de OS...
2025-11-17 18:04:22,319 - INFO - 🟨 Janela de programação de lote de OS detectada
2025-11-17 18:05:19,769 - INFO - ⌛ aguardando janela de confirmação de programação de lote de OS...
2025-11-17 18:05:40,039 - INFO - 🟨 Janela de confirmação de programação de lote de OS detectada
2025-11-17 18:05:52,305 - INFO - ⌛ aguardando confirmação final de programação do lote
2025-11-17 18:06:12,685 - INFO - 🟨 programação do lote 3 efetuado com sucesso
2025-11-17 18:06:39,846 - INFO - 
=== Iniciando lote 4/25 [LV] ===
2025-11-17 18:06:46,205 - INFO - Janela de seleção aberta
2025-11-17 18:06:56,442 - INFO - DEBUG: idx=3, inicio=45, fim=60
2025-11-17 18:06:56,442 - INFO - ✅ 15 OS copiadas para a área de transferência.
2025-11-17 18:06:56,442 - INFO - 📋 Lote 4 copiado.
2025-11-17 18:07:10,787 - INFO - ⌛ Esperando mudança visual...
2025-11-17 18:07:11,796 - INFO - ⌛ Esperando mudança visual...
2025-11-17 18:07:12,815 - INFO - ⌛ Esperando mudança visual...
2025-11-17 18:07:13,830 - INFO - ⌛ Esperando mudança visual...
2025-11-17 18:07:14,847 - INFO - ⌛ Esperando mudança visual...
2025-11-17 18:07:15,857 - INFO - ⌛ Esperando mudança visual...
2025-11-17 18:07:16,872 - INFO - ⌛ Esperando mudança visual...
2025-11-17 18:07:17,886 - INFO - ⌛ Esperando mudança visual...
2025-11-17 18:07:18,910 - INFO - ⌛ Esperando mudança visual...
2025-11-17 18:07:19,925 - INFO - ⌛ Esperando mudança visual...
2025-11-17 18:07:20,941 - INFO - ⌛ Esperando mudança visual...
2025-11-17 18:07:21,952 - INFO - ✅ Tela carregada!
2025-11-17 18:07:32,416 - INFO - ⌛ Aguardando janela de confirmação de desbloqueio...
2025-11-17 18:07:52,712 - INFO - 🟨 Registros desbloqueados com sucesso
2025-11-17 18:08:10,300 - INFO - 🟨 OS programadas detectadas
2025-11-17 18:08:16,456 - INFO - ⌛ Aguardando janela de edição de OS...
2025-11-17 18:08:36,805 - INFO - 🟨 Janela de edição de OS detectada
2025-11-17 18:08:57,163 - INFO - 🟨 Janela de edição de habilidade da turma detectada
2025-11-17 18:09:45,480 - INFO - ⌛ Aguardando detecção do campo de caracteristica 'EQUIPE PRÓPRIA OU EPS' ...
2025-11-17 18:10:05,631 - INFO - ⌛ Aguardando detecção do campo de caracteristica 'EQUIPE PRÓPRIA OU EPS' ...
2025-11-17 18:10:25,777 - INFO - ⌛ Aguardando detecção do campo de caracteristica 'EQUIPE PRÓPRIA OU EPS' ...
2025-11-17 18:10:45,913 - INFO - 🟨 campo de caracteristica 'EQUIPE PRÓPRIA OU EPS detectado
2025-11-17 18:11:07,652 - INFO - ⌛ Aguardando confirmação 4 - editar OS...
2025-11-17 18:11:27,942 - INFO - ⌛ Aguardando confirmação 4 - editar OS...
2025-11-17 18:13:07,838 - INFO - ⌛ Aguardando janela de confirmação de programação de OS...
2025-11-17 18:13:28,135 - INFO - 🟨 Janela de confirmação de programação de OS detectada
2025-11-17 18:13:35,426 - INFO - 🟨 Janela de aviso de edição de OS programadas detectada
2025-11-17 18:13:45,684 - INFO - ⌛ aguardando janela de programação de lote de OS...
2025-11-17 18:14:06,067 - INFO - 🟨 Janela de aviso de substituição de lote de OS detectada
2025-11-17 18:14:18,340 - INFO - ⌛ aguardando janela de programação de lote de OS...
2025-11-17 18:14:38,733 - INFO - 🟨 Janela de programação de lote de OS detectada
2025-11-17 18:15:36,143 - INFO - ⌛ aguardando janela de confirmação de programação de lote de OS...
2025-11-17 18:15:56,420 - INFO - 🟨 Janela de confirmação de programação de lote de OS detectada
2025-11-17 18:16:08,712 - INFO - ⌛ aguardando confirmação final de programação do lote
2025-11-17 18:16:29,065 - INFO - 🟨 programação do lote 4 efetuado com sucesso
2025-11-17 18:16:56,238 - INFO - 
=== Iniciando lote 5/25 [LV] ===
2025-11-17 18:17:02,612 - INFO - Janela de seleção aberta
2025-11-17 18:17:12,858 - INFO - DEBUG: idx=4, inicio=60, fim=75
2025-11-17 18:17:12,858 - INFO - ✅ 15 OS copiadas para a área de transferência.
2025-11-17 18:17:12,858 - INFO - 📋 Lote 5 copiado.
2025-11-17 18:17:27,181 - INFO - ⌛ Esperando mudança visual...
2025-11-17 18:17:28,200 - INFO - ⌛ Esperando mudança visual...
2025-11-17 18:17:29,221 - INFO - ⌛ Esperando mudança visual...
2025-11-17 18:17:30,232 - INFO - ⌛ Esperando mudança visual...
2025-11-17 18:17:31,246 - INFO - ⌛ Esperando mudança visual...
2025-11-17 18:17:32,265 - INFO - ⌛ Esperando mudança visual...
2025-11-17 18:17:33,282 - INFO - ⌛ Esperando mudança visual...
2025-11-17 18:17:34,295 - INFO - ⌛ Esperando mudança visual...
2025-11-17 18:17:35,311 - INFO - ⌛ Esperando mudança visual...
2025-11-17 18:17:36,324 - INFO - ⌛ Esperando mudança visual...
2025-11-17 18:17:37,337 - INFO - ✅ Tela carregada!
2025-11-17 18:17:47,805 - INFO - ⌛ Aguardando janela de confirmação de desbloqueio...
2025-11-17 18:18:08,098 - INFO - 🟨 Registros desbloqueados com sucesso
2025-11-17 18:18:25,666 - INFO - 🟨 OS programadas detectadas
2025-11-17 18:18:31,837 - INFO - ⌛ Aguardando janela de edição de OS...
2025-11-17 18:18:52,157 - INFO - 🟨 Janela de edição de OS detectada
2025-11-17 18:19:12,526 - INFO - 🟨 Janela de edição de habilidade da turma detectada
2025-11-17 18:20:00,838 - INFO - ⌛ Aguardando detecção do campo de caracteristica 'EQUIPE PRÓPRIA OU EPS' ...
2025-11-17 18:20:20,986 - INFO - ⌛ Aguardando detecção do campo de caracteristica 'EQUIPE PRÓPRIA OU EPS' ...
2025-11-17 18:20:41,148 - INFO - ⌛ Aguardando detecção do campo de caracteristica 'EQUIPE PRÓPRIA OU EPS' ...
2025-11-17 18:21:01,293 - INFO - 🟨 campo de caracteristica 'EQUIPE PRÓPRIA OU EPS detectado
2025-11-17 18:21:23,014 - INFO - ⌛ Aguardando confirmação 4 - editar OS...
2025-11-17 18:23:02,928 - INFO - ⌛ Aguardando janela de confirmação de programação de OS...
2025-11-17 18:23:23,211 - INFO - 🟨 Janela de confirmação de programação de OS detectada
2025-11-17 18:23:30,533 - INFO - 🟨 Janela de aviso de edição de OS programadas detectada
2025-11-17 18:23:40,800 - INFO - ⌛ aguardando janela de programação de lote de OS...
2025-11-17 18:24:01,171 - INFO - 🟨 Janela de aviso de substituição de lote de OS detectada
2025-11-17 18:24:13,434 - INFO - ⌛ aguardando janela de programação de lote de OS...
2025-11-17 18:24:33,804 - INFO - 🟨 Janela de programação de lote de OS detectada
2025-11-17 18:25:31,246 - INFO - ⌛ aguardando janela de confirmação de programação de lote de OS...
2025-11-17 18:25:51,533 - INFO - 🟨 Janela de confirmação de programação de lote de OS detectada
2025-11-17 18:26:03,807 - INFO - ⌛ aguardando confirmação final de programação do lote
2025-11-17 18:26:24,134 - INFO - 🟨 programação do lote 5 efetuado com sucesso
2025-11-17 18:26:51,301 - INFO - 
=== Iniciando lote 6/25 [LV] ===
2025-11-17 18:26:57,657 - INFO - Janela de seleção aberta
2025-11-17 18:27:07,897 - INFO - DEBUG: idx=5, inicio=75, fim=90
2025-11-17 18:27:07,897 - INFO - ✅ 15 OS copiadas para a área de transferência.
2025-11-17 18:27:07,897 - INFO - 📋 Lote 6 copiado.
2025-11-17 18:27:22,238 - INFO - ⌛ Esperando mudança visual...
2025-11-17 18:27:23,253 - INFO - ⌛ Esperando mudança visual...
2025-11-17 18:27:24,272 - INFO - ⌛ Esperando mudança visual...
2025-11-17 18:27:25,280 - INFO - ⌛ Esperando mudança visual...
2025-11-17 18:27:26,297 - INFO - ⌛ Esperando mudança visual...
2025-11-17 18:27:27,319 - INFO - ⌛ Esperando mudança visual...
2025-11-17 18:27:28,328 - INFO - ⌛ Esperando mudança visual...
2025-11-17 18:27:29,345 - INFO - ⌛ Esperando mudança visual...
2025-11-17 18:27:30,364 - INFO - ⌛ Esperando mudança visual...
2025-11-17 18:27:31,376 - INFO - ⌛ Esperando mudança visual...
2025-11-17 18:27:32,396 - INFO - ✅ Tela carregada!
2025-11-17 18:27:42,863 - INFO - ⌛ Aguardando janela de confirmação de desbloqueio...
2025-11-17 18:28:03,117 - INFO - 🟨 Registros desbloqueados com sucesso
2025-11-17 18:28:20,696 - INFO - 🟨 OS programadas detectadas
2025-11-17 18:28:26,873 - INFO - ⌛ Aguardando janela de edição de OS...
2025-11-17 18:28:47,196 - INFO - 🟨 Janela de edição de OS detectada
2025-11-17 18:29:07,557 - INFO - 🟨 Janela de edição de habilidade da turma detectada
2025-11-17 18:29:55,878 - INFO - ⌛ Aguardando detecção do campo de caracteristica 'EQUIPE PRÓPRIA OU EPS' ...
2025-11-17 18:30:16,023 - INFO - ⌛ Aguardando detecção do campo de caracteristica 'EQUIPE PRÓPRIA OU EPS' ...
2025-11-17 18:30:36,163 - INFO - ⌛ Aguardando detecção do campo de caracteristica 'EQUIPE PRÓPRIA OU EPS' ...
2025-11-17 18:30:56,317 - INFO - 🟨 campo de caracteristica 'EQUIPE PRÓPRIA OU EPS detectado
2025-11-17 18:31:18,046 - INFO - ⌛ Aguardando confirmação 4 - editar OS...
2025-11-17 18:31:38,336 - INFO - ⌛ Aguardando confirmação 4 - editar OS...
2025-11-17 18:33:18,288 - INFO - ⌛ Aguardando janela de confirmação de programação de OS...
2025-11-17 18:33:38,590 - INFO - 🟨 Janela de confirmação de programação de OS detectada
2025-11-17 18:33:45,885 - INFO - 🟨 Janela de aviso de edição de OS programadas detectada
2025-11-17 18:33:56,153 - INFO - ⌛ aguardando janela de programação de lote de OS...
2025-11-17 18:34:16,532 - INFO - 🟨 Janela de aviso de substituição de lote de OS detectada
2025-11-17 18:34:28,792 - INFO - ⌛ aguardando janela de programação de lote de OS...
2025-11-17 18:34:49,167 - INFO - 🟨 Janela de programação de lote de OS detectada
2025-11-17 18:35:46,593 - INFO - ⌛ aguardando janela de confirmação de programação de lote de OS...
2025-11-17 18:36:06,849 - INFO - 🟨 Janela de confirmação de programação de lote de OS detectada
2025-11-17 18:36:19,103 - INFO - ⌛ aguardando confirmação final de programação do lote
2025-11-17 18:36:39,454 - INFO - 🟨 programação do lote 6 efetuado com sucesso
2025-11-17 18:37:06,619 - INFO - 
=== Iniciando lote 7/25 [LV] ===
2025-11-17 18:37:12,960 - INFO - Janela de seleção aberta
2025-11-17 18:37:23,211 - INFO - DEBUG: idx=6, inicio=90, fim=105
2025-11-17 18:37:23,211 - INFO - ✅ 15 OS copiadas para a área de transferência.
2025-11-17 18:37:23,211 - INFO - 📋 Lote 7 copiado.
2025-11-17 18:37:37,539 - INFO - ⌛ Esperando mudança visual...
2025-11-17 18:37:38,556 - INFO - ⌛ Esperando mudança visual...
2025-11-17 18:37:39,577 - INFO - ⌛ Esperando mudança visual...
2025-11-17 18:37:40,588 - INFO - ⌛ Esperando mudança visual...
2025-11-17 18:37:41,602 - INFO - ⌛ Esperando mudança visual...
2025-11-17 18:37:42,618 - INFO - ⌛ Esperando mudança visual...
2025-11-17 18:37:43,634 - INFO - ⌛ Esperando mudança visual...
2025-11-17 18:37:44,653 - INFO - ⌛ Esperando mudança visual...
2025-11-17 18:37:45,670 - INFO - ⌛ Esperando mudança visual...
2025-11-17 18:37:46,681 - INFO - ⌛ Esperando mudança visual...
2025-11-17 18:37:47,700 - INFO - ✅ Tela carregada!
2025-11-17 18:37:58,165 - INFO - ⌛ Aguardando janela de confirmação de desbloqueio...
2025-11-17 18:38:18,434 - INFO - 🟨 Registros desbloqueados com sucesso
2025-11-17 18:38:36,015 - INFO - 🟨 OS programadas detectadas
2025-11-17 18:38:42,177 - INFO - ⌛ Aguardando janela de edição de OS...
2025-11-17 18:39:02,496 - INFO - 🟨 Janela de edição de OS detectada
2025-11-17 18:39:22,856 - INFO - 🟨 Janela de edição de habilidade da turma detectada
2025-11-17 18:40:11,153 - INFO - ⌛ Aguardando detecção do campo de caracteristica 'EQUIPE PRÓPRIA OU EPS' ...
2025-11-17 18:40:31,329 - INFO - ⌛ Aguardando detecção do campo de caracteristica 'EQUIPE PRÓPRIA OU EPS' ...
2025-11-17 18:40:51,478 - INFO - ⌛ Aguardando detecção do campo de caracteristica 'EQUIPE PRÓPRIA OU EPS' ...
2025-11-17 18:41:11,645 - INFO - 🟨 campo de caracteristica 'EQUIPE PRÓPRIA OU EPS detectado
2025-11-17 18:41:33,374 - INFO - ⌛ Aguardando confirmação 4 - editar OS...
2025-11-17 18:43:13,310 - INFO - ⌛ Aguardando janela de confirmação de programação de OS...
2025-11-17 18:43:33,563 - INFO - 🟨 Janela de confirmação de programação de OS detectada
2025-11-17 18:43:40,866 - INFO - 🟨 Janela de aviso de edição de OS programadas detectada
2025-11-17 18:43:51,138 - INFO - ⌛ aguardando janela de programação de lote de OS...
2025-11-17 18:44:11,526 - INFO - 🟨 Janela de aviso de substituição de lote de OS detectada
2025-11-17 18:44:23,792 - INFO - ⌛ aguardando janela de programação de lote de OS...
2025-11-17 18:44:44,178 - INFO - 🟨 Janela de programação de lote de OS detectada
2025-11-17 18:45:41,604 - INFO - ⌛ aguardando janela de confirmação de programação de lote de OS...
2025-11-17 18:46:01,890 - INFO - 🟨 Janela de confirmação de programação de lote de OS detectada
2025-11-17 18:46:14,151 - INFO - ⌛ aguardando confirmação final de programação do lote
2025-11-17 18:46:34,506 - INFO - 🟨 programação do lote 7 efetuado com sucesso
2025-11-17 18:47:01,677 - INFO - 
=== Iniciando lote 8/25 [LV] ===
2025-11-17 18:47:08,031 - INFO - Janela de seleção aberta
2025-11-17 18:47:18,269 - INFO - DEBUG: idx=7, inicio=105, fim=120
2025-11-17 18:47:18,269 - INFO - ✅ 15 OS copiadas para a área de transferência.
2025-11-17 18:47:18,269 - INFO - 📋 Lote 8 copiado.
2025-11-17 18:47:32,602 - INFO - ⌛ Esperando mudança visual...
2025-11-17 18:47:33,627 - INFO - ⌛ Esperando mudança visual...
2025-11-17 18:47:34,641 - INFO - ⌛ Esperando mudança visual...
2025-11-17 18:47:35,655 - INFO - ⌛ Esperando mudança visual...
2025-11-17 18:47:36,667 - INFO - ⌛ Esperando mudança visual...
2025-11-17 18:47:37,683 - INFO - ⌛ Esperando mudança visual...
2025-11-17 18:47:38,704 - INFO - ⌛ Esperando mudança visual...
2025-11-17 18:47:39,720 - INFO - ⌛ Esperando mudança visual...
2025-11-17 18:47:40,730 - INFO - ⌛ Esperando mudança visual...
2025-11-17 18:47:41,744 - INFO - ⌛ Esperando mudança visual...
2025-11-17 18:47:42,765 - INFO - ✅ Tela carregada!
2025-11-17 18:47:53,221 - INFO - ⌛ Aguardando janela de confirmação de desbloqueio...
2025-11-17 18:48:13,506 - INFO - 🟨 Registros desbloqueados com sucesso
2025-11-17 18:48:31,083 - INFO - 🟨 OS programadas detectadas
2025-11-17 18:48:37,247 - INFO - ⌛ Aguardando janela de edição de OS...
2025-11-17 18:48:57,606 - INFO - 🟨 Janela de edição de OS detectada
2025-11-17 18:49:17,955 - INFO - 🟨 Janela de edição de habilidade da turma detectada
2025-11-17 18:50:06,260 - INFO - ⌛ Aguardando detecção do campo de caracteristica 'EQUIPE PRÓPRIA OU EPS' ...
2025-11-17 18:50:26,412 - INFO - ⌛ Aguardando detecção do campo de caracteristica 'EQUIPE PRÓPRIA OU EPS' ...
2025-11-17 18:50:46,567 - INFO - ⌛ Aguardando detecção do campo de caracteristica 'EQUIPE PRÓPRIA OU EPS' ...
2025-11-17 18:51:06,710 - INFO - 🟨 campo de caracteristica 'EQUIPE PRÓPRIA OU EPS detectado
2025-11-17 18:51:28,431 - INFO - ⌛ Aguardando confirmação 4 - editar OS...
2025-11-17 18:53:08,325 - INFO - ⌛ Aguardando janela de confirmação de programação de OS...
2025-11-17 18:53:28,654 - INFO - 🟨 Janela de confirmação de programação de OS detectada
2025-11-17 18:53:35,948 - INFO - 🟨 Janela de aviso de edição de OS programadas detectada
2025-11-17 18:53:46,238 - INFO - ⌛ aguardando janela de programação de lote de OS...
2025-11-17 18:54:06,625 - INFO - 🟨 Janela de aviso de substituição de lote de OS detectada
2025-11-17 18:54:18,901 - INFO - ⌛ aguardando janela de programação de lote de OS...
2025-11-17 18:54:39,288 - INFO - 🟨 Janela de programação de lote de OS detectada
2025-11-17 18:55:36,706 - INFO - ⌛ aguardando janela de confirmação de programação de lote de OS...
2025-11-17 18:55:56,993 - INFO - 🟨 Janela de confirmação de programação de lote de OS detectada
2025-11-17 18:56:09,255 - INFO - ⌛ aguardando confirmação final de programação do lote
2025-11-17 18:56:29,596 - INFO - 🟨 programação do lote 8 efetuado com sucesso
2025-11-17 18:56:56,770 - INFO - 
=== Iniciando lote 9/25 [LV] ===
2025-11-17 18:57:03,134 - INFO - Janela de seleção aberta
2025-11-17 18:57:13,394 - INFO - DEBUG: idx=8, inicio=120, fim=135
2025-11-17 18:57:13,394 - INFO - ✅ 15 OS copiadas para a área de transferência.
2025-11-17 18:57:13,394 - INFO - 📋 Lote 9 copiado.
2025-11-17 18:57:27,721 - INFO - ⌛ Esperando mudança visual...
2025-11-17 18:57:28,733 - INFO - ⌛ Esperando mudança visual...
2025-11-17 18:57:29,748 - INFO - ⌛ Esperando mudança visual...
2025-11-17 18:57:30,768 - INFO - ⌛ Esperando mudança visual...
2025-11-17 18:57:31,782 - INFO - ⌛ Esperando mudança visual...
2025-11-17 18:57:32,795 - INFO - ⌛ Esperando mudança visual...
2025-11-17 18:57:33,804 - INFO - ⌛ Esperando mudança visual...
2025-11-17 18:57:34,826 - INFO - ⌛ Esperando mudança visual...
2025-11-17 18:57:35,844 - INFO - ⌛ Esperando mudança visual...
2025-11-17 18:57:36,860 - INFO - ⌛ Esperando mudança visual...
2025-11-17 18:57:37,869 - INFO - ✅ Tela carregada!
2025-11-17 18:57:48,362 - INFO - ⌛ Aguardando janela de confirmação de desbloqueio...
2025-11-17 18:58:08,647 - INFO - 🟨 Registros desbloqueados com sucesso
2025-11-17 18:58:26,249 - INFO - 🟨 OS programadas detectadas
2025-11-17 18:58:32,409 - INFO - ⌛ Aguardando janela de edição de OS...
2025-11-17 18:58:52,735 - INFO - 🟨 Janela de edição de OS detectada
2025-11-17 18:59:13,111 - INFO - 🟨 Janela de edição de habilidade da turma detectada
2025-11-17 19:00:01,412 - INFO - ⌛ Aguardando detecção do campo de caracteristica 'EQUIPE PRÓPRIA OU EPS' ...
2025-11-17 19:00:21,573 - INFO - ⌛ Aguardando detecção do campo de caracteristica 'EQUIPE PRÓPRIA OU EPS' ...
2025-11-17 19:00:41,721 - INFO - ⌛ Aguardando detecção do campo de caracteristica 'EQUIPE PRÓPRIA OU EPS' ...
2025-11-17 19:01:01,861 - INFO - 🟨 campo de caracteristica 'EQUIPE PRÓPRIA OU EPS detectado
2025-11-17 19:01:23,599 - INFO - ⌛ Aguardando confirmação 4 - editar OS...
2025-11-17 19:03:03,519 - INFO - ⌛ Aguardando janela de confirmação de programação de OS...
2025-11-17 19:03:23,802 - INFO - 🟨 Janela de confirmação de programação de OS detectada
2025-11-17 19:03:31,114 - INFO - 🟨 Janela de aviso de edição de OS programadas detectada
2025-11-17 19:03:41,382 - INFO - ⌛ aguardando janela de programação de lote de OS...
2025-11-17 19:04:01,768 - INFO - 🟨 Janela de aviso de substituição de lote de OS detectada
2025-11-17 19:04:14,035 - INFO - ⌛ aguardando janela de programação de lote de OS...
2025-11-17 19:04:34,420 - INFO - 🟨 Janela de programação de lote de OS detectada
2025-11-17 19:05:31,864 - INFO - ⌛ aguardando janela de confirmação de programação de lote de OS...
2025-11-17 19:05:52,173 - INFO - 🟨 Janela de confirmação de programação de lote de OS detectada
2025-11-17 19:06:04,456 - INFO - ⌛ aguardando confirmação final de programação do lote
2025-11-17 19:06:24,851 - INFO - 🟨 programação do lote 9 efetuado com sucesso
2025-11-17 19:06:52,007 - INFO - 
=== Iniciando lote 10/25 [LV] ===
2025-11-17 19:06:58,355 - INFO - Janela de seleção aberta
2025-11-17 19:07:08,600 - INFO - DEBUG: idx=9, inicio=135, fim=150
2025-11-17 19:07:08,600 - INFO - ✅ 15 OS copiadas para a área de transferência.
2025-11-17 19:07:08,600 - INFO - 📋 Lote 10 copiado.
2025-11-17 19:07:22,927 - INFO - ⌛ Esperando mudança visual...
2025-11-17 19:07:23,950 - INFO - ⌛ Esperando mudança visual...
2025-11-17 19:07:24,965 - INFO - ⌛ Esperando mudança visual...
2025-11-17 19:07:25,969 - INFO - ⌛ Esperando mudança visual...
2025-11-17 19:07:26,996 - INFO - ⌛ Esperando mudança visual...
2025-11-17 19:07:28,001 - INFO - ⌛ Esperando mudança visual...
2025-11-17 19:07:29,017 - INFO - ⌛ Esperando mudança visual...
2025-11-17 19:07:30,044 - INFO - ⌛ Esperando mudança visual...
2025-11-17 19:07:31,045 - INFO - ⌛ Esperando mudança visual...
2025-11-17 19:07:32,075 - INFO - ⌛ Esperando mudança visual...
2025-11-17 19:07:33,087 - INFO - ✅ Tela carregada!
2025-11-17 19:07:43,558 - INFO - ⌛ Aguardando janela de confirmação de desbloqueio...
2025-11-17 19:08:03,833 - INFO - 🟨 Registros desbloqueados com sucesso
2025-11-17 19:08:21,415 - INFO - 🟨 OS programadas detectadas
2025-11-17 19:08:27,580 - INFO - ⌛ Aguardando janela de edição de OS...
2025-11-17 19:08:47,911 - INFO - 🟨 Janela de edição de OS detectada
2025-11-17 19:09:08,276 - INFO - 🟨 Janela de edição de habilidade da turma detectada
2025-11-17 19:09:56,594 - INFO - ⌛ Aguardando detecção do campo de caracteristica 'EQUIPE PRÓPRIA OU EPS' ...
2025-11-17 19:10:16,748 - INFO - ⌛ Aguardando detecção do campo de caracteristica 'EQUIPE PRÓPRIA OU EPS' ...
2025-11-17 19:10:36,893 - INFO - ⌛ Aguardando detecção do campo de caracteristica 'EQUIPE PRÓPRIA OU EPS' ...
2025-11-17 19:10:57,031 - INFO - 🟨 campo de caracteristica 'EQUIPE PRÓPRIA OU EPS detectado
2025-11-17 19:11:18,792 - INFO - ⌛ Aguardando confirmação 4 - editar OS...
2025-11-17 19:12:58,693 - INFO - ⌛ Aguardando janela de confirmação de programação de OS...
2025-11-17 19:13:18,974 - INFO - 🟨 Janela de confirmação de programação de OS detectada
2025-11-17 19:13:26,351 - INFO - 🟨 Janela de aviso de edição de OS programadas detectada
2025-11-17 19:13:36,621 - INFO - ⌛ aguardando janela de programação de lote de OS...
2025-11-17 19:13:56,990 - INFO - 🟨 Janela de aviso de substituição de lote de OS detectada
2025-11-17 19:14:09,262 - INFO - ⌛ aguardando janela de programação de lote de OS...
2025-11-17 19:14:29,634 - INFO - 🟨 Janela de programação de lote de OS detectada
2025-11-17 19:15:27,075 - INFO - ⌛ aguardando janela de confirmação de programação de lote de OS...
2025-11-17 19:15:47,388 - INFO - 🟨 Janela de confirmação de programação de lote de OS detectada
2025-11-17 19:15:59,666 - INFO - ⌛ aguardando confirmação final de programação do lote
2025-11-17 19:16:19,975 - INFO - 🟨 programação do lote 10 efetuado com sucesso
2025-11-17 19:16:47,140 - INFO - 
=== Iniciando lote 11/25 [LV] ===
2025-11-17 19:16:53,493 - INFO - Janela de seleção aberta
2025-11-17 19:17:03,724 - INFO - DEBUG: idx=10, inicio=150, fim=165
2025-11-17 19:17:03,724 - INFO - ✅ 15 OS copiadas para a área de transferência.
2025-11-17 19:17:03,724 - INFO - 📋 Lote 11 copiado.
2025-11-17 19:17:18,055 - INFO - ⌛ Esperando mudança visual...
2025-11-17 19:17:19,082 - INFO - ⌛ Esperando mudança visual...
2025-11-17 19:17:20,098 - INFO - ⌛ Esperando mudança visual...
2025-11-17 19:17:21,102 - INFO - ⌛ Esperando mudança visual...
2025-11-17 19:17:22,127 - INFO - ⌛ Esperando mudança visual...
2025-11-17 19:17:23,140 - INFO - ⌛ Esperando mudança visual...
2025-11-17 19:17:24,152 - INFO - ⌛ Esperando mudança visual...
2025-11-17 19:17:25,174 - INFO - ⌛ Esperando mudança visual...
2025-11-17 19:17:26,190 - INFO - ⌛ Esperando mudança visual...
2025-11-17 19:17:27,203 - INFO - ⌛ Esperando mudança visual...
2025-11-17 19:17:28,214 - INFO - ✅ Tela carregada!
2025-11-17 19:17:38,688 - INFO - ⌛ Aguardando janela de confirmação de desbloqueio...
2025-11-17 19:17:58,948 - INFO - 🟨 Registros desbloqueados com sucesso
2025-11-17 19:18:16,502 - INFO - 🟨 OS programadas detectadas
2025-11-17 19:18:22,679 - INFO - ⌛ Aguardando janela de edição de OS...
2025-11-17 19:18:42,987 - INFO - 🟨 Janela de edição de OS detectada
2025-11-17 19:19:03,364 - INFO - 🟨 Janela de edição de habilidade da turma detectada
2025-11-17 19:19:51,682 - INFO - ⌛ Aguardando detecção do campo de caracteristica 'EQUIPE PRÓPRIA OU EPS' ...
2025-11-17 19:20:11,831 - INFO - ⌛ Aguardando detecção do campo de caracteristica 'EQUIPE PRÓPRIA OU EPS' ...
2025-11-17 19:20:31,977 - INFO - ⌛ Aguardando detecção do campo de caracteristica 'EQUIPE PRÓPRIA OU EPS' ...
2025-11-17 19:20:52,110 - INFO - 🟨 campo de caracteristica 'EQUIPE PRÓPRIA OU EPS detectado
2025-11-17 19:21:13,850 - INFO - ⌛ Aguardando confirmação 4 - editar OS...
2025-11-17 19:22:53,748 - INFO - ⌛ Aguardando janela de confirmação de programação de OS...
2025-11-17 19:23:14,033 - INFO - 🟨 Janela de confirmação de programação de OS detectada
2025-11-17 19:23:21,337 - INFO - 🟨 Janela de aviso de edição de OS programadas detectada
2025-11-17 19:23:31,612 - INFO - ⌛ aguardando janela de programação de lote de OS...
2025-11-17 19:23:51,988 - INFO - 🟨 Janela de aviso de substituição de lote de OS detectada
2025-11-17 19:24:04,258 - INFO - ⌛ aguardando janela de programação de lote de OS...
2025-11-17 19:24:24,660 - INFO - 🟨 Janela de programação de lote de OS detectada
2025-11-17 19:25:22,072 - INFO - ⌛ aguardando janela de confirmação de programação de lote de OS...
2025-11-17 19:25:42,368 - INFO - 🟨 Janela de confirmação de programação de lote de OS detectada
2025-11-17 19:25:54,646 - INFO - ⌛ aguardando confirmação final de programação do lote
2025-11-17 19:26:14,967 - INFO - 🟨 programação do lote 11 efetuado com sucesso
2025-11-17 19:26:42,142 - INFO - 
=== Iniciando lote 12/25 [LV] ===
2025-11-17 19:26:48,512 - INFO - Janela de seleção aberta
2025-11-17 19:26:58,760 - INFO - DEBUG: idx=11, inicio=165, fim=180
2025-11-17 19:26:58,760 - INFO - ✅ 15 OS copiadas para a área de transferência.
2025-11-17 19:26:58,760 - INFO - 📋 Lote 12 copiado.
2025-11-17 19:27:13,091 - INFO - ⌛ Esperando mudança visual...
2025-11-17 19:27:14,102 - INFO - ⌛ Esperando mudança visual...
2025-11-17 19:27:15,117 - INFO - ⌛ Esperando mudança visual...
2025-11-17 19:27:16,139 - INFO - ⌛ Esperando mudança visual...
2025-11-17 19:27:17,155 - INFO - ⌛ Esperando mudança visual...
2025-11-17 19:27:18,162 - INFO - ⌛ Esperando mudança visual...
2025-11-17 19:27:19,186 - INFO - ⌛ Esperando mudança visual...
2025-11-17 19:27:20,196 - INFO - ⌛ Esperando mudança visual...
2025-11-17 19:27:21,218 - INFO - ⌛ Esperando mudança visual...
2025-11-17 19:27:22,229 - INFO - ⌛ Esperando mudança visual...
2025-11-17 19:27:23,249 - INFO - ✅ Tela carregada!
2025-11-17 19:27:33,727 - INFO - ⌛ Aguardando janela de confirmação de desbloqueio...
2025-11-17 19:27:54,029 - INFO - 🟨 Registros desbloqueados com sucesso
2025-11-17 19:28:11,599 - INFO - 🟨 OS programadas detectadas
2025-11-17 19:28:17,774 - INFO - ⌛ Aguardando janela de edição de OS...
2025-11-17 19:28:38,096 - INFO - 🟨 Janela de edição de OS detectada
2025-11-17 19:28:58,453 - INFO - 🟨 Janela de edição de habilidade da turma detectada
2025-11-17 19:29:46,778 - INFO - ⌛ Aguardando detecção do campo de caracteristica 'EQUIPE PRÓPRIA OU EPS' ...
2025-11-17 19:30:06,918 - INFO - ⌛ Aguardando detecção do campo de caracteristica 'EQUIPE PRÓPRIA OU EPS' ...
2025-11-17 19:30:27,079 - INFO - ⌛ Aguardando detecção do campo de caracteristica 'EQUIPE PRÓPRIA OU EPS' ...
2025-11-17 19:30:47,230 - INFO - 🟨 campo de caracteristica 'EQUIPE PRÓPRIA OU EPS detectado
2025-11-17 19:31:08,974 - INFO - ⌛ Aguardando confirmação 4 - editar OS...
2025-11-17 19:32:48,895 - INFO - ⌛ Aguardando janela de confirmação de programação de OS...
2025-11-17 19:33:09,172 - INFO - 🟨 Janela de confirmação de programação de OS detectada
2025-11-17 19:33:16,496 - INFO - 🟨 Janela de aviso de edição de OS programadas detectada
2025-11-17 19:33:26,768 - INFO - ⌛ aguardando janela de programação de lote de OS...
2025-11-17 19:33:47,138 - INFO - 🟨 Janela de aviso de substituição de lote de OS detectada
2025-11-17 19:33:59,406 - INFO - ⌛ aguardando janela de programação de lote de OS...
2025-11-17 19:34:19,765 - INFO - 🟨 Janela de programação de lote de OS detectada
2025-11-17 19:35:17,204 - INFO - ⌛ aguardando janela de confirmação de programação de lote de OS...
2025-11-17 19:35:37,468 - INFO - 🟨 Janela de confirmação de programação de lote de OS detectada
2025-11-17 19:35:49,716 - INFO - ⌛ aguardando confirmação final de programação do lote
2025-11-17 19:36:10,038 - INFO - 🟨 programação do lote 12 efetuado com sucesso
2025-11-17 19:36:37,200 - INFO - 
=== Iniciando lote 13/25 [LV] ===
2025-11-17 19:36:43,555 - INFO - Janela de seleção aberta
2025-11-17 19:36:53,778 - INFO - DEBUG: idx=12, inicio=180, fim=195
2025-11-17 19:36:53,791 - INFO - ✅ 15 OS copiadas para a área de transferência.
2025-11-17 19:36:53,791 - INFO - 📋 Lote 13 copiado.
2025-11-17 19:37:08,126 - INFO - ⌛ Esperando mudança visual...
2025-11-17 19:37:09,141 - INFO - ⌛ Esperando mudança visual...
2025-11-17 19:37:10,155 - INFO - ⌛ Esperando mudança visual...
2025-11-17 19:37:11,169 - INFO - ⌛ Esperando mudança visual...
2025-11-17 19:37:12,189 - INFO - ⌛ Esperando mudança visual...
2025-11-17 19:37:13,197 - INFO - ⌛ Esperando mudança visual...
2025-11-17 19:37:14,211 - INFO - ⌛ Esperando mudança visual...
2025-11-17 19:37:15,229 - INFO - ⌛ Esperando mudança visual...
2025-11-17 19:37:16,244 - INFO - ⌛ Esperando mudança visual...
2025-11-17 19:37:17,264 - INFO - ⌛ Esperando mudança visual...
2025-11-17 19:37:18,281 - INFO - ✅ Tela carregada!
2025-11-17 19:37:28,742 - INFO - ⌛ Aguardando janela de confirmação de desbloqueio...
2025-11-17 19:37:49,024 - INFO - 🟨 Registros desbloqueados com sucesso
2025-11-17 19:38:06,607 - INFO - 🟨 OS programadas detectadas
2025-11-17 19:38:12,771 - INFO - ⌛ Aguardando janela de edição de OS...
2025-11-17 19:38:33,081 - INFO - 🟨 Janela de edição de OS detectada
2025-11-17 19:38:53,432 - INFO - 🟨 Janela de edição de habilidade da turma detectada
2025-11-17 19:39:41,747 - INFO - ⌛ Aguardando detecção do campo de caracteristica 'EQUIPE PRÓPRIA OU EPS' ...
2025-11-17 19:40:01,893 - INFO - ⌛ Aguardando detecção do campo de caracteristica 'EQUIPE PRÓPRIA OU EPS' ...
2025-11-17 19:40:22,041 - INFO - ⌛ Aguardando detecção do campo de caracteristica 'EQUIPE PRÓPRIA OU EPS' ...
2025-11-17 19:40:42,193 - INFO - 🟨 campo de caracteristica 'EQUIPE PRÓPRIA OU EPS detectado
2025-11-17 19:41:03,922 - INFO - ⌛ Aguardando confirmação 4 - editar OS...
2025-11-17 19:42:43,827 - INFO - ⌛ Aguardando janela de confirmação de programação de OS...
2025-11-17 19:43:04,097 - INFO - 🟨 Janela de confirmação de programação de OS detectada
2025-11-17 19:43:11,395 - INFO - 🟨 Janela de aviso de edição de OS programadas detectada
2025-11-17 19:43:21,662 - INFO - ⌛ aguardando janela de programação de lote de OS...
2025-11-17 19:43:42,029 - INFO - 🟨 Janela de aviso de substituição de lote de OS detectada
2025-11-17 19:43:54,299 - INFO - ⌛ aguardando janela de programação de lote de OS...
2025-11-17 19:44:14,682 - INFO - 🟨 Janela de programação de lote de OS detectada
2025-11-17 19:45:12,143 - INFO - ⌛ aguardando janela de confirmação de programação de lote de OS...
2025-11-17 19:45:32,437 - INFO - 🟨 Janela de confirmação de programação de lote de OS detectada
2025-11-17 19:45:44,697 - INFO - ⌛ aguardando confirmação final de programação do lote
2025-11-17 19:46:05,050 - INFO - 🟨 programação do lote 13 efetuado com sucesso
2025-11-17 19:46:32,209 - INFO - 
=== Iniciando lote 14/25 [LV] ===
2025-11-17 19:46:38,555 - INFO - Janela de seleção aberta
2025-11-17 19:46:48,806 - INFO - DEBUG: idx=13, inicio=195, fim=210
2025-11-17 19:46:48,806 - INFO - ✅ 15 OS copiadas para a área de transferência.
2025-11-17 19:46:48,806 - INFO - 📋 Lote 14 copiado.
2025-11-17 19:47:03,142 - INFO - ⌛ Esperando mudança visual...
2025-11-17 19:47:04,164 - INFO - ⌛ Esperando mudança visual...
2025-11-17 19:47:05,182 - INFO - ⌛ Esperando mudança visual...
2025-11-17 19:47:06,193 - INFO - ⌛ Esperando mudança visual...
2025-11-17 19:47:07,208 - INFO - ⌛ Esperando mudança visual...
2025-11-17 19:47:08,222 - INFO - ⌛ Esperando mudança visual...
2025-11-17 19:47:09,243 - INFO - ⌛ Esperando mudança visual...
2025-11-17 19:47:10,260 - INFO - ⌛ Esperando mudança visual...
2025-11-17 19:47:11,271 - INFO - ⌛ Esperando mudança visual...
2025-11-17 19:47:12,286 - INFO - ✅ Tela carregada!
2025-11-17 19:47:22,757 - INFO - ⌛ Aguardando janela de confirmação de desbloqueio...
2025-11-17 19:47:43,023 - INFO - 🟨 Registros desbloqueados com sucesso
2025-11-17 19:48:00,591 - INFO - 🟨 OS programadas detectadas
2025-11-17 19:48:06,749 - INFO - ⌛ Aguardando janela de edição de OS...
2025-11-17 19:48:27,075 - INFO - 🟨 Janela de edição de OS detectada
2025-11-17 19:48:47,427 - INFO - 🟨 Janela de edição de habilidade da turma detectada
2025-11-17 19:49:35,746 - INFO - ⌛ Aguardando detecção do campo de caracteristica 'EQUIPE PRÓPRIA OU EPS' ...
2025-11-17 19:49:55,899 - INFO - ⌛ Aguardando detecção do campo de caracteristica 'EQUIPE PRÓPRIA OU EPS' ...
2025-11-17 19:50:16,049 - INFO - ⌛ Aguardando detecção do campo de caracteristica 'EQUIPE PRÓPRIA OU EPS' ...
2025-11-17 19:50:36,194 - INFO - 🟨 campo de caracteristica 'EQUIPE PRÓPRIA OU EPS detectado
2025-11-17 19:50:57,911 - INFO - ⌛ Aguardando confirmação 4 - editar OS...
2025-11-17 19:52:37,793 - INFO - ⌛ Aguardando janela de confirmação de programação de OS...
2025-11-17 19:52:58,067 - INFO - 🟨 Janela de confirmação de programação de OS detectada
2025-11-17 19:53:05,364 - INFO - 🟨 Janela de aviso de edição de OS programadas detectada
2025-11-17 19:53:15,626 - INFO - ⌛ aguardando janela de programação de lote de OS...
2025-11-17 19:53:35,984 - INFO - 🟨 Janela de aviso de substituição de lote de OS detectada
2025-11-17 19:53:48,250 - INFO - ⌛ aguardando janela de programação de lote de OS...
2025-11-17 19:54:08,628 - INFO - 🟨 Janela de programação de lote de OS detectada
2025-11-17 19:55:06,056 - INFO - ⌛ aguardando janela de confirmação de programação de lote de OS...
2025-11-17 19:55:26,333 - INFO - 🟨 Janela de confirmação de programação de lote de OS detectada
2025-11-17 19:55:38,583 - INFO - ⌛ aguardando confirmação final de programação do lote
2025-11-17 19:55:58,906 - INFO - 🟨 programação do lote 14 efetuado com sucesso
2025-11-17 19:56:26,075 - INFO - 
=== Iniciando lote 15/25 [LV] ===
2025-11-17 19:56:32,423 - INFO - Janela de seleção aberta
2025-11-17 19:56:42,668 - INFO - DEBUG: idx=14, inicio=210, fim=225
2025-11-17 19:56:42,668 - INFO - ✅ 15 OS copiadas para a área de transferência.
2025-11-17 19:56:42,668 - INFO - 📋 Lote 15 copiado.
2025-11-17 19:56:57,004 - INFO - ⌛ Esperando mudança visual...
2025-11-17 19:56:58,010 - INFO - ⌛ Esperando mudança visual...
2025-11-17 19:56:59,033 - INFO - ⌛ Esperando mudança visual...
2025-11-17 19:57:00,042 - INFO - ⌛ Esperando mudança visual...
2025-11-17 19:57:01,058 - INFO - ⌛ Esperando mudança visual...
2025-11-17 19:57:02,079 - INFO - ⌛ Esperando mudança visual...
2025-11-17 19:57:03,090 - INFO - ⌛ Esperando mudança visual...
2025-11-17 19:57:04,110 - INFO - ⌛ Esperando mudança visual...
2025-11-17 19:57:05,124 - INFO - ⌛ Esperando mudança visual...
2025-11-17 19:57:06,139 - INFO - ✅ Tela carregada!
2025-11-17 19:57:16,610 - INFO - ⌛ Aguardando janela de confirmação de desbloqueio...
2025-11-17 19:57:36,884 - INFO - 🟨 Registros desbloqueados com sucesso
2025-11-17 19:57:54,470 - INFO - 🟨 OS programadas detectadas
2025-11-17 19:58:00,634 - INFO - ⌛ Aguardando janela de edição de OS...
2025-11-17 19:58:20,958 - INFO - 🟨 Janela de edição de OS detectada
2025-11-17 19:58:41,319 - INFO - 🟨 Janela de edição de habilidade da turma detectada
2025-11-17 19:59:29,659 - INFO - ⌛ Aguardando detecção do campo de caracteristica 'EQUIPE PRÓPRIA OU EPS' ...
2025-11-17 19:59:49,802 - INFO - ⌛ Aguardando detecção do campo de caracteristica 'EQUIPE PRÓPRIA OU EPS' ...
2025-11-17 20:00:09,950 - INFO - ⌛ Aguardando detecção do campo de caracteristica 'EQUIPE PRÓPRIA OU EPS' ...
2025-11-17 20:00:30,097 - INFO - 🟨 campo de caracteristica 'EQUIPE PRÓPRIA OU EPS detectado
2025-11-17 20:00:51,826 - INFO - ⌛ Aguardando confirmação 4 - editar OS...
2025-11-17 20:02:31,770 - INFO - ⌛ Aguardando janela de confirmação de programação de OS...
2025-11-17 20:02:52,034 - INFO - 🟨 Janela de confirmação de programação de OS detectada
2025-11-17 20:02:59,333 - INFO - 🟨 Janela de aviso de edição de OS programadas detectada
2025-11-17 20:03:09,596 - INFO - ⌛ aguardando janela de programação de lote de OS...
2025-11-17 20:03:29,969 - INFO - 🟨 Janela de aviso de substituição de lote de OS detectada
2025-11-17 20:03:42,233 - INFO - ⌛ aguardando janela de programação de lote de OS...
2025-11-17 20:04:02,598 - INFO - 🟨 Janela de programação de lote de OS detectada
2025-11-17 20:05:00,039 - INFO - ⌛ aguardando janela de confirmação de programação de lote de OS...
2025-11-17 20:05:20,312 - INFO - 🟨 Janela de confirmação de programação de lote de OS detectada
2025-11-17 20:05:32,562 - INFO - ⌛ aguardando confirmação final de programação do lote
2025-11-17 20:05:52,885 - INFO - 🟨 programação do lote 15 efetuado com sucesso
2025-11-17 20:06:20,051 - INFO - 
=== Iniciando lote 16/25 [LV] ===
2025-11-17 20:06:26,419 - INFO - Janela de seleção aberta
2025-11-17 20:06:36,661 - INFO - DEBUG: idx=15, inicio=225, fim=240
2025-11-17 20:06:36,661 - INFO - ✅ 15 OS copiadas para a área de transferência.
2025-11-17 20:06:36,661 - INFO - 📋 Lote 16 copiado.
2025-11-17 20:06:51,006 - INFO - ⌛ Esperando mudança visual...
2025-11-17 20:06:52,011 - INFO - ⌛ Esperando mudança visual...
2025-11-17 20:06:53,030 - INFO - ⌛ Esperando mudança visual...
2025-11-17 20:06:54,044 - INFO - ⌛ Esperando mudança visual...
2025-11-17 20:06:55,065 - INFO - ⌛ Esperando mudança visual...
2025-11-17 20:06:56,072 - INFO - ⌛ Esperando mudança visual...
2025-11-17 20:06:57,089 - INFO - ⌛ Esperando mudança visual...
2025-11-17 20:06:58,112 - INFO - ⌛ Esperando mudança visual...
2025-11-17 20:06:59,128 - INFO - ⌛ Esperando mudança visual...
2025-11-17 20:07:00,137 - INFO - ✅ Tela carregada!
2025-11-17 20:07:10,607 - INFO - ⌛ Aguardando janela de confirmação de desbloqueio...
2025-11-17 20:07:30,893 - INFO - 🟨 Registros desbloqueados com sucesso
2025-11-17 20:07:48,464 - INFO - 🟨 OS programadas detectadas
2025-11-17 20:07:54,618 - INFO - ⌛ Aguardando janela de edição de OS...
2025-11-17 20:08:14,932 - INFO - 🟨 Janela de edição de OS detectada
2025-11-17 20:08:35,296 - INFO - 🟨 Janela de edição de habilidade da turma detectada
2025-11-17 20:09:23,598 - INFO - ⌛ Aguardando detecção do campo de caracteristica 'EQUIPE PRÓPRIA OU EPS' ...
2025-11-17 20:09:43,763 - INFO - ⌛ Aguardando detecção do campo de caracteristica 'EQUIPE PRÓPRIA OU EPS' ...
2025-11-17 20:10:03,919 - INFO - ⌛ Aguardando detecção do campo de caracteristica 'EQUIPE PRÓPRIA OU EPS' ...
2025-11-17 20:10:24,056 - INFO - 🟨 campo de caracteristica 'EQUIPE PRÓPRIA OU EPS detectado
2025-11-17 20:10:45,786 - INFO - ⌛ Aguardando confirmação 4 - editar OS...
2025-11-17 20:12:25,705 - INFO - ⌛ Aguardando janela de confirmação de programação de OS...
2025-11-17 20:12:45,974 - INFO - 🟨 Janela de confirmação de programação de OS detectada
2025-11-17 20:12:53,283 - INFO - 🟨 Janela de aviso de edição de OS programadas detectada
2025-11-17 20:13:03,542 - INFO - ⌛ aguardando janela de programação de lote de OS...
2025-11-17 20:13:23,897 - INFO - 🟨 Janela de aviso de substituição de lote de OS detectada
2025-11-17 20:13:36,161 - INFO - ⌛ aguardando janela de programação de lote de OS...
2025-11-17 20:13:56,568 - INFO - 🟨 Janela de programação de lote de OS detectada
2025-11-17 20:14:54,032 - INFO - ⌛ aguardando janela de confirmação de programação de lote de OS...
2025-11-17 20:15:14,325 - INFO - 🟨 Janela de confirmação de programação de lote de OS detectada
2025-11-17 20:15:26,589 - INFO - ⌛ aguardando confirmação final de programação do lote
2025-11-17 20:15:46,939 - INFO - 🟨 programação do lote 16 efetuado com sucesso
2025-11-17 20:16:14,110 - INFO - 
=== Iniciando lote 17/25 [LV] ===
2025-11-17 20:16:20,472 - INFO - Janela de seleção aberta
2025-11-17 20:16:30,708 - INFO - DEBUG: idx=16, inicio=240, fim=255
2025-11-17 20:16:30,708 - INFO - ✅ 15 OS copiadas para a área de transferência.
2025-11-17 20:16:30,708 - INFO - 📋 Lote 17 copiado.
2025-11-17 20:16:45,044 - INFO - ⌛ Esperando mudança visual...
2025-11-17 20:16:46,054 - INFO - ⌛ Esperando mudança visual...
2025-11-17 20:16:47,072 - INFO - ⌛ Esperando mudança visual...
2025-11-17 20:16:48,086 - INFO - ⌛ Esperando mudança visual...
2025-11-17 20:16:49,101 - INFO - ⌛ Esperando mudança visual...
2025-11-17 20:16:50,115 - INFO - ⌛ Esperando mudança visual...
2025-11-17 20:16:51,130 - INFO - ⌛ Esperando mudança visual...
2025-11-17 20:16:52,141 - INFO - ⌛ Esperando mudança visual...
2025-11-17 20:16:53,158 - INFO - ⌛ Esperando mudança visual...
2025-11-17 20:16:54,175 - INFO - ✅ Tela carregada!
2025-11-17 20:17:04,654 - INFO - ⌛ Aguardando janela de confirmação de desbloqueio...
2025-11-17 20:17:24,932 - INFO - 🟨 Registros desbloqueados com sucesso
2025-11-17 20:17:42,495 - INFO - 🟨 OS programadas detectadas
2025-11-17 20:17:48,658 - INFO - ⌛ Aguardando janela de edição de OS...
2025-11-17 20:18:08,983 - INFO - 🟨 Janela de edição de OS detectada
2025-11-17 20:18:29,343 - INFO - 🟨 Janela de edição de habilidade da turma detectada
2025-11-17 20:19:17,675 - INFO - ⌛ Aguardando detecção do campo de caracteristica 'EQUIPE PRÓPRIA OU EPS' ...
2025-11-17 20:19:37,825 - INFO - ⌛ Aguardando detecção do campo de caracteristica 'EQUIPE PRÓPRIA OU EPS' ...
2025-11-17 20:19:57,978 - INFO - ⌛ Aguardando detecção do campo de caracteristica 'EQUIPE PRÓPRIA OU EPS' ...
2025-11-17 20:20:18,137 - INFO - 🟨 campo de caracteristica 'EQUIPE PRÓPRIA OU EPS detectado
2025-11-17 20:20:39,860 - INFO - ⌛ Aguardando confirmação 4 - editar OS...
2025-11-17 20:22:19,748 - INFO - ⌛ Aguardando janela de confirmação de programação de OS...
2025-11-17 20:22:40,021 - INFO - 🟨 Janela de confirmação de programação de OS detectada
2025-11-17 20:22:47,323 - INFO - 🟨 Janela de aviso de edição de OS programadas detectada
2025-11-17 20:22:57,587 - INFO - ⌛ aguardando janela de programação de lote de OS...
2025-11-17 20:23:18,007 - INFO - 🟨 Janela de aviso de substituição de lote de OS detectada
2025-11-17 20:23:30,289 - INFO - ⌛ aguardando janela de programação de lote de OS...
2025-11-17 20:23:50,672 - INFO - 🟨 Janela de programação de lote de OS detectada
2025-11-17 20:24:48,109 - INFO - ⌛ aguardando janela de confirmação de programação de lote de OS...
2025-11-17 20:25:08,376 - INFO - 🟨 Janela de confirmação de programação de lote de OS detectada
2025-11-17 20:25:20,639 - INFO - ⌛ aguardando confirmação final de programação do lote
2025-11-17 20:25:40,970 - INFO - 🟨 programação do lote 17 efetuado com sucesso
2025-11-17 20:26:08,149 - INFO - 
=== Iniciando lote 18/25 [LV] ===
2025-11-17 20:26:14,486 - INFO - Janela de seleção aberta
2025-11-17 20:26:24,725 - INFO - DEBUG: idx=17, inicio=255, fim=270
2025-11-17 20:26:24,725 - INFO - ✅ 15 OS copiadas para a área de transferência.
2025-11-17 20:26:24,725 - INFO - 📋 Lote 18 copiado.
2025-11-17 20:26:39,085 - INFO - ⌛ Esperando mudança visual...
2025-11-17 20:26:40,105 - INFO - ⌛ Esperando mudança visual...
2025-11-17 20:26:41,115 - INFO - ⌛ Esperando mudança visual...
2025-11-17 20:26:42,131 - INFO - ⌛ Esperando mudança visual...
2025-11-17 20:26:43,147 - INFO - ⌛ Esperando mudança visual...
2025-11-17 20:26:44,163 - INFO - ⌛ Esperando mudança visual...
2025-11-17 20:26:45,176 - INFO - ⌛ Esperando mudança visual...
2025-11-17 20:26:46,190 - INFO - ⌛ Esperando mudança visual...
2025-11-17 20:26:47,215 - INFO - ✅ Tela carregada!
2025-11-17 20:26:57,666 - INFO - ⌛ Aguardando janela de confirmação de desbloqueio...
2025-11-17 20:27:17,946 - INFO - 🟨 Registros desbloqueados com sucesso
2025-11-17 20:27:35,520 - INFO - 🟨 OS programadas detectadas
2025-11-17 20:27:41,688 - INFO - ⌛ Aguardando janela de edição de OS...
2025-11-17 20:28:02,003 - INFO - 🟨 Janela de edição de OS detectada
2025-11-17 20:28:22,379 - INFO - 🟨 Janela de edição de habilidade da turma detectada
2025-11-17 20:29:10,696 - INFO - ⌛ Aguardando detecção do campo de caracteristica 'EQUIPE PRÓPRIA OU EPS' ...
2025-11-17 20:29:30,848 - INFO - ⌛ Aguardando detecção do campo de caracteristica 'EQUIPE PRÓPRIA OU EPS' ...
2025-11-17 20:29:51,005 - INFO - ⌛ Aguardando detecção do campo de caracteristica 'EQUIPE PRÓPRIA OU EPS' ...
2025-11-17 20:30:11,139 - INFO - 🟨 campo de caracteristica 'EQUIPE PRÓPRIA OU EPS detectado
2025-11-17 20:30:32,920 - INFO - ⌛ Aguardando confirmação 4 - editar OS...
2025-11-17 20:32:12,907 - INFO - ⌛ Aguardando janela de confirmação de programação de OS...
2025-11-17 20:32:33,177 - INFO - 🟨 Janela de confirmação de programação de OS detectada
2025-11-17 20:32:40,477 - INFO - 🟨 Janela de aviso de edição de OS programadas detectada
2025-11-17 20:32:50,750 - INFO - ⌛ aguardando janela de programação de lote de OS...
2025-11-17 20:33:11,116 - INFO - 🟨 Janela de aviso de substituição de lote de OS detectada
2025-11-17 20:33:23,386 - INFO - ⌛ aguardando janela de programação de lote de OS...
2025-11-17 20:33:43,772 - INFO - 🟨 Janela de programação de lote de OS detectada
2025-11-17 20:34:41,223 - INFO - ⌛ aguardando janela de confirmação de programação de lote de OS...
2025-11-17 20:35:01,496 - INFO - 🟨 Janela de confirmação de programação de lote de OS detectada
2025-11-17 20:35:13,773 - INFO - ⌛ aguardando confirmação final de programação do lote
2025-11-17 20:35:34,091 - INFO - 🟨 programação do lote 18 efetuado com sucesso
2025-11-17 20:36:01,267 - INFO - 
=== Iniciando lote 19/25 [LV] ===
2025-11-17 20:36:07,612 - INFO - Janela de seleção aberta
2025-11-17 20:36:17,844 - INFO - DEBUG: idx=18, inicio=270, fim=285
2025-11-17 20:36:17,844 - INFO - ✅ 15 OS copiadas para a área de transferência.
2025-11-17 20:36:17,844 - INFO - 📋 Lote 19 copiado.
2025-11-17 20:36:32,183 - INFO - ⌛ Esperando mudança visual...
2025-11-17 20:36:33,206 - INFO - ⌛ Esperando mudança visual...
2025-11-17 20:36:34,213 - INFO - ⌛ Esperando mudança visual...
2025-11-17 20:36:35,234 - INFO - ⌛ Esperando mudança visual...
2025-11-17 20:36:36,249 - INFO - ⌛ Esperando mudança visual...
2025-11-17 20:36:37,265 - INFO - ⌛ Esperando mudança visual...
2025-11-17 20:36:38,277 - INFO - ⌛ Esperando mudança visual...
2025-11-17 20:36:39,294 - INFO - ⌛ Esperando mudança visual...
2025-11-17 20:36:40,311 - INFO - ✅ Tela carregada!
2025-11-17 20:36:50,803 - INFO - ⌛ Aguardando janela de confirmação de desbloqueio...
2025-11-17 20:37:11,077 - INFO - 🟨 Registros desbloqueados com sucesso
2025-11-17 20:37:28,675 - INFO - 🟨 OS programadas detectadas
2025-11-17 20:37:34,824 - INFO - ⌛ Aguardando janela de edição de OS...
2025-11-17 20:37:55,178 - INFO - 🟨 Janela de edição de OS detectada
2025-11-17 20:38:15,536 - INFO - 🟨 Janela de edição de habilidade da turma detectada
2025-11-17 20:39:03,863 - INFO - ⌛ Aguardando detecção do campo de caracteristica 'EQUIPE PRÓPRIA OU EPS' ...
2025-11-17 20:39:24,006 - INFO - ⌛ Aguardando detecção do campo de caracteristica 'EQUIPE PRÓPRIA OU EPS' ...
2025-11-17 20:39:44,155 - INFO - ⌛ Aguardando detecção do campo de caracteristica 'EQUIPE PRÓPRIA OU EPS' ...
2025-11-17 20:40:04,305 - INFO - 🟨 campo de caracteristica 'EQUIPE PRÓPRIA OU EPS detectado
2025-11-17 20:40:26,035 - INFO - ⌛ Aguardando confirmação 4 - editar OS...
2025-11-17 20:42:05,936 - INFO - ⌛ Aguardando janela de confirmação de programação de OS...
2025-11-17 20:42:26,204 - INFO - 🟨 Janela de confirmação de programação de OS detectada
2025-11-17 20:42:33,512 - INFO - 🟨 Janela de aviso de edição de OS programadas detectada
2025-11-17 20:42:43,769 - INFO - ⌛ aguardando janela de programação de lote de OS...
2025-11-17 20:43:04,133 - INFO - 🟨 Janela de aviso de substituição de lote de OS detectada
2025-11-17 20:43:16,405 - INFO - ⌛ aguardando janela de programação de lote de OS...
2025-11-17 20:43:36,780 - INFO - 🟨 Janela de programação de lote de OS detectada
2025-11-17 20:44:34,215 - INFO - ⌛ aguardando janela de confirmação de programação de lote de OS...
2025-11-17 20:44:54,487 - INFO - 🟨 Janela de confirmação de programação de lote de OS detectada
2025-11-17 20:45:06,734 - INFO - ⌛ aguardando confirmação final de programação do lote
2025-11-17 20:45:27,079 - INFO - 🟨 programação do lote 19 efetuado com sucesso
2025-11-17 20:45:54,256 - INFO - 
=== Iniciando lote 20/25 [LV] ===
2025-11-17 20:46:00,612 - INFO - Janela de seleção aberta
2025-11-17 20:46:10,854 - INFO - DEBUG: idx=19, inicio=285, fim=300
2025-11-17 20:46:10,854 - INFO - ✅ 15 OS copiadas para a área de transferência.
2025-11-17 20:46:10,854 - INFO - 📋 Lote 20 copiado.
2025-11-17 20:46:25,185 - INFO - ⌛ Esperando mudança visual...
2025-11-17 20:46:26,194 - INFO - ⌛ Esperando mudança visual...
2025-11-17 20:46:27,211 - INFO - ⌛ Esperando mudança visual...
2025-11-17 20:46:28,228 - INFO - ⌛ Esperando mudança visual...
2025-11-17 20:46:29,247 - INFO - ⌛ Esperando mudança visual...
2025-11-17 20:46:30,262 - INFO - ⌛ Esperando mudança visual...
2025-11-17 20:46:31,271 - INFO - ⌛ Esperando mudança visual...
2025-11-17 20:46:32,293 - INFO - ⌛ Esperando mudança visual...
2025-11-17 20:46:33,310 - INFO - ✅ Tela carregada!
2025-11-17 20:46:43,788 - INFO - ⌛ Aguardando janela de confirmação de desbloqueio...
2025-11-17 20:47:04,047 - INFO - 🟨 Registros desbloqueados com sucesso
2025-11-17 20:47:21,625 - INFO - 🟨 OS programadas detectadas
2025-11-17 20:47:27,788 - INFO - ⌛ Aguardando janela de edição de OS...
2025-11-17 20:47:48,104 - INFO - 🟨 Janela de edição de OS detectada
2025-11-17 20:48:08,469 - INFO - 🟨 Janela de edição de habilidade da turma detectada
2025-11-17 20:48:56,789 - INFO - ⌛ Aguardando detecção do campo de caracteristica 'EQUIPE PRÓPRIA OU EPS' ...
2025-11-17 20:49:16,926 - INFO - ⌛ Aguardando detecção do campo de caracteristica 'EQUIPE PRÓPRIA OU EPS' ...
2025-11-17 20:49:37,070 - INFO - ⌛ Aguardando detecção do campo de caracteristica 'EQUIPE PRÓPRIA OU EPS' ...
2025-11-17 20:49:57,236 - INFO - 🟨 campo de caracteristica 'EQUIPE PRÓPRIA OU EPS detectado
2025-11-17 20:50:18,953 - INFO - ⌛ Aguardando confirmação 4 - editar OS...
2025-11-17 20:51:58,844 - INFO - ⌛ Aguardando janela de confirmação de programação de OS...
2025-11-17 20:52:19,101 - INFO - 🟨 Janela de confirmação de programação de OS detectada
2025-11-17 20:52:26,427 - INFO - 🟨 Janela de aviso de edição de OS programadas detectada
2025-11-17 20:52:36,688 - INFO - ⌛ aguardando janela de programação de lote de OS...
2025-11-17 20:52:57,066 - INFO - 🟨 Janela de aviso de substituição de lote de OS detectada
2025-11-17 20:53:09,339 - INFO - ⌛ aguardando janela de programação de lote de OS...
2025-11-17 20:53:29,726 - INFO - 🟨 Janela de programação de lote de OS detectada
2025-11-17 20:54:27,146 - INFO - ⌛ aguardando janela de confirmação de programação de lote de OS...
2025-11-17 20:54:47,411 - INFO - 🟨 Janela de confirmação de programação de lote de OS detectada
2025-11-17 20:54:59,666 - INFO - ⌛ aguardando confirmação final de programação do lote
2025-11-17 20:55:19,990 - INFO - 🟨 programação do lote 20 efetuado com sucesso
2025-11-17 20:55:47,166 - INFO - 
=== Iniciando lote 21/25 [LV] ===
2025-11-17 20:55:53,533 - INFO - Janela de seleção aberta
2025-11-17 20:56:03,782 - INFO - DEBUG: idx=20, inicio=300, fim=315
2025-11-17 20:56:03,782 - INFO - ✅ 15 OS copiadas para a área de transferência.
2025-11-17 20:56:03,782 - INFO - 📋 Lote 21 copiado.
2025-11-17 20:56:18,119 - INFO - ⌛ Esperando mudança visual...
2025-11-17 20:56:19,125 - INFO - ⌛ Esperando mudança visual...
2025-11-17 20:56:20,148 - INFO - ⌛ Esperando mudança visual...
2025-11-17 20:56:21,160 - INFO - ⌛ Esperando mudança visual...
2025-11-17 20:56:22,177 - INFO - ⌛ Esperando mudança visual...
2025-11-17 20:56:23,197 - INFO - ⌛ Esperando mudança visual...
2025-11-17 20:56:24,205 - INFO - ⌛ Esperando mudança visual...
2025-11-17 20:56:25,220 - INFO - ⌛ Esperando mudança visual...
2025-11-17 20:56:26,234 - INFO - ⌛ Esperando mudança visual...
2025-11-17 20:56:27,259 - INFO - ✅ Tela carregada!
2025-11-17 20:56:37,763 - INFO - ⌛ Aguardando janela de confirmação de desbloqueio...
2025-11-17 20:56:58,033 - INFO - 🟨 Registros desbloqueados com sucesso
2025-11-17 20:57:15,590 - INFO - 🟨 OS programadas detectadas
2025-11-17 20:57:21,764 - INFO - ⌛ Aguardando janela de edição de OS...
2025-11-17 20:57:42,089 - INFO - 🟨 Janela de edição de OS detectada
2025-11-17 20:58:02,450 - INFO - 🟨 Janela de edição de habilidade da turma detectada
2025-11-17 20:58:50,762 - INFO - ⌛ Aguardando detecção do campo de caracteristica 'EQUIPE PRÓPRIA OU EPS' ...
2025-11-17 20:59:10,915 - INFO - ⌛ Aguardando detecção do campo de caracteristica 'EQUIPE PRÓPRIA OU EPS' ...
2025-11-17 20:59:31,049 - INFO - ⌛ Aguardando detecção do campo de caracteristica 'EQUIPE PRÓPRIA OU EPS' ...
2025-11-17 20:59:51,203 - INFO - 🟨 campo de caracteristica 'EQUIPE PRÓPRIA OU EPS detectado
2025-11-17 21:00:12,955 - INFO - ⌛ Aguardando confirmação 4 - editar OS...
2025-11-17 21:01:52,920 - INFO - ⌛ Aguardando janela de confirmação de programação de OS...
2025-11-17 21:02:13,265 - INFO - 🟨 Janela de confirmação de programação de OS detectada
2025-11-17 21:02:20,575 - INFO - 🟨 Janela de aviso de edição de OS programadas detectada
2025-11-17 21:02:30,840 - INFO - ⌛ aguardando janela de programação de lote de OS...
2025-11-17 21:02:51,229 - INFO - 🟨 Janela de aviso de substituição de lote de OS detectada
2025-11-17 21:03:03,489 - INFO - ⌛ aguardando janela de programação de lote de OS...
2025-11-17 21:03:23,863 - INFO - 🟨 Janela de programação de lote de OS detectada
2025-11-17 21:04:21,280 - INFO - ⌛ aguardando janela de confirmação de programação de lote de OS...
2025-11-17 21:04:41,559 - INFO - 🟨 Janela de confirmação de programação de lote de OS detectada
2025-11-17 21:04:53,816 - INFO - ⌛ aguardando confirmação final de programação do lote
2025-11-17 21:05:14,134 - INFO - 🟨 programação do lote 21 efetuado com sucesso
2025-11-17 21:05:41,300 - INFO - 
=== Iniciando lote 22/25 [LV] ===
2025-11-17 21:05:47,641 - INFO - Janela de seleção aberta
2025-11-17 21:05:57,881 - INFO - DEBUG: idx=21, inicio=315, fim=330
2025-11-17 21:05:57,881 - INFO - ✅ 15 OS copiadas para a área de transferência.
2025-11-17 21:05:57,881 - INFO - 📋 Lote 22 copiado.
2025-11-17 21:06:12,216 - INFO - ⌛ Esperando mudança visual...
2025-11-17 21:06:13,234 - INFO - ⌛ Esperando mudança visual...
2025-11-17 21:06:14,251 - INFO - ⌛ Esperando mudança visual...
2025-11-17 21:06:15,265 - INFO - ⌛ Esperando mudança visual...
2025-11-17 21:06:16,281 - INFO - ⌛ Esperando mudança visual...
2025-11-17 21:06:17,296 - INFO - ⌛ Esperando mudança visual...
2025-11-17 21:06:18,309 - INFO - ⌛ Esperando mudança visual...
2025-11-17 21:06:19,330 - INFO - ⌛ Esperando mudança visual...
2025-11-17 21:06:20,347 - INFO - ⌛ Esperando mudança visual...
2025-11-17 21:06:21,362 - INFO - ⌛ Esperando mudança visual...
2025-11-17 21:06:22,382 - INFO - ✅ Tela carregada!
2025-11-17 21:06:32,842 - INFO - ⌛ Aguardando janela de confirmação de desbloqueio...
2025-11-17 21:06:53,127 - INFO - 🟨 Registros desbloqueados com sucesso
2025-11-17 21:07:10,706 - INFO - 🟨 OS programadas detectadas
2025-11-17 21:07:16,857 - INFO - ⌛ Aguardando janela de edição de OS...
2025-11-17 21:07:37,171 - INFO - 🟨 Janela de edição de OS detectada
2025-11-17 21:07:57,533 - INFO - 🟨 Janela de edição de habilidade da turma detectada
2025-11-17 21:08:45,864 - INFO - ⌛ Aguardando detecção do campo de caracteristica 'EQUIPE PRÓPRIA OU EPS' ...
2025-11-17 21:09:06,006 - INFO - ⌛ Aguardando detecção do campo de caracteristica 'EQUIPE PRÓPRIA OU EPS' ...
2025-11-17 21:09:26,158 - INFO - ⌛ Aguardando detecção do campo de caracteristica 'EQUIPE PRÓPRIA OU EPS' ...
2025-11-17 21:09:46,292 - INFO - 🟨 campo de caracteristica 'EQUIPE PRÓPRIA OU EPS detectado
2025-11-17 21:10:08,016 - INFO - ⌛ Aguardando confirmação 4 - editar OS...
2025-11-17 21:11:47,922 - INFO - ⌛ Aguardando janela de confirmação de programação de OS...
2025-11-17 21:12:08,190 - INFO - 🟨 Janela de confirmação de programação de OS detectada
2025-11-17 21:12:15,480 - INFO - 🟨 Janela de aviso de edição de OS programadas detectada
2025-11-17 21:12:25,751 - INFO - ⌛ aguardando janela de programação de lote de OS...
2025-11-17 21:12:46,127 - INFO - 🟨 Janela de aviso de substituição de lote de OS detectada
2025-11-17 21:12:58,389 - INFO - ⌛ aguardando janela de programação de lote de OS...
2025-11-17 21:13:18,749 - INFO - 🟨 Janela de programação de lote de OS detectada
2025-11-17 21:14:16,161 - INFO - ⌛ aguardando janela de confirmação de programação de lote de OS...
2025-11-17 21:14:36,472 - INFO - 🟨 Janela de confirmação de programação de lote de OS detectada
2025-11-17 21:14:48,735 - INFO - ⌛ aguardando confirmação final de programação do lote
2025-11-17 21:15:09,089 - INFO - ⌛ aguardando confirmação final de programação do lote
2025-11-17 21:15:29,431 - INFO - 🟨 programação do lote 22 efetuado com sucesso
2025-11-17 21:15:56,603 - INFO - 
=== Iniciando lote 23/25 [LV] ===
2025-11-17 21:16:02,963 - INFO - Janela de seleção aberta
2025-11-17 21:16:13,206 - INFO - DEBUG: idx=22, inicio=330, fim=345
2025-11-17 21:16:13,206 - INFO - ✅ 15 OS copiadas para a área de transferência.
2025-11-17 21:16:13,206 - INFO - 📋 Lote 23 copiado.
2025-11-17 21:16:27,535 - INFO - ⌛ Esperando mudança visual...
2025-11-17 21:16:28,547 - INFO - ⌛ Esperando mudança visual...
2025-11-17 21:16:29,566 - INFO - ⌛ Esperando mudança visual...
2025-11-17 21:16:30,584 - INFO - ⌛ Esperando mudança visual...
2025-11-17 21:16:31,594 - INFO - ⌛ Esperando mudança visual...
2025-11-17 21:16:32,616 - INFO - ⌛ Esperando mudança visual...
2025-11-17 21:16:33,630 - INFO - ⌛ Esperando mudança visual...
2025-11-17 21:16:34,643 - INFO - ⌛ Esperando mudança visual...
2025-11-17 21:16:35,661 - INFO - ⌛ Esperando mudança visual...
2025-11-17 21:16:36,675 - INFO - ✅ Tela carregada!
2025-11-17 21:16:47,160 - INFO - ⌛ Aguardando janela de confirmação de desbloqueio...
2025-11-17 21:17:07,422 - INFO - 🟨 Registros desbloqueados com sucesso
2025-11-17 21:17:25,013 - INFO - 🟨 OS programadas detectadas
2025-11-17 21:17:31,193 - INFO - ⌛ Aguardando janela de edição de OS...
2025-11-17 21:17:51,511 - INFO - 🟨 Janela de edição de OS detectada
2025-11-17 21:18:11,866 - INFO - 🟨 Janela de edição de habilidade da turma detectada
2025-11-17 21:19:00,217 - INFO - ⌛ Aguardando detecção do campo de caracteristica 'EQUIPE PRÓPRIA OU EPS' ...
2025-11-17 21:19:20,363 - INFO - ⌛ Aguardando detecção do campo de caracteristica 'EQUIPE PRÓPRIA OU EPS' ...
2025-11-17 21:19:40,519 - INFO - ⌛ Aguardando detecção do campo de caracteristica 'EQUIPE PRÓPRIA OU EPS' ...
2025-11-17 21:20:00,669 - INFO - 🟨 campo de caracteristica 'EQUIPE PRÓPRIA OU EPS detectado
2025-11-17 21:20:22,392 - INFO - ⌛ Aguardando confirmação 4 - editar OS...
2025-11-17 21:22:02,305 - INFO - ⌛ Aguardando janela de confirmação de programação de OS...
2025-11-17 21:22:22,602 - INFO - 🟨 Janela de confirmação de programação de OS detectada
2025-11-17 21:22:29,900 - INFO - 🟨 Janela de aviso de edição de OS programadas detectada
2025-11-17 21:22:40,167 - INFO - ⌛ aguardando janela de programação de lote de OS...
2025-11-17 21:23:00,540 - INFO - 🟨 Janela de aviso de substituição de lote de OS detectada
2025-11-17 21:23:12,804 - INFO - ⌛ aguardando janela de programação de lote de OS...
2025-11-17 21:23:33,153 - INFO - 🟨 Janela de programação de lote de OS detectada
2025-11-17 21:24:30,622 - INFO - ⌛ aguardando janela de confirmação de programação de lote de OS...
2025-11-17 21:24:50,887 - INFO - 🟨 Janela de confirmação de programação de lote de OS detectada
2025-11-17 21:25:03,157 - INFO - ⌛ aguardando confirmação final de programação do lote
2025-11-17 21:25:23,471 - INFO - 🟨 programação do lote 23 efetuado com sucesso
2025-11-17 21:25:50,640 - INFO - 
=== Iniciando lote 24/25 [LV] ===
2025-11-17 21:25:56,993 - INFO - Janela de seleção aberta
2025-11-17 21:26:07,262 - INFO - DEBUG: idx=23, inicio=345, fim=360
2025-11-17 21:26:07,262 - INFO - ✅ 15 OS copiadas para a área de transferência.
2025-11-17 21:26:07,262 - INFO - 📋 Lote 24 copiado.
2025-11-17 21:26:21,592 - INFO - ⌛ Esperando mudança visual...
2025-11-17 21:26:22,602 - INFO - ⌛ Esperando mudança visual...
2025-11-17 21:26:23,615 - INFO - ⌛ Esperando mudança visual...
2025-11-17 21:26:24,632 - INFO - ⌛ Esperando mudança visual...
2025-11-17 21:26:25,646 - INFO - ⌛ Esperando mudança visual...
2025-11-17 21:26:26,661 - INFO - ⌛ Esperando mudança visual...
2025-11-17 21:26:27,681 - INFO - ⌛ Esperando mudança visual...
2025-11-17 21:26:28,691 - INFO - ⌛ Esperando mudança visual...
2025-11-17 21:26:29,707 - INFO - ⌛ Esperando mudança visual...
2025-11-17 21:26:30,728 - INFO - ✅ Tela carregada!
2025-11-17 21:26:41,211 - INFO - ⌛ Aguardando janela de confirmação de desbloqueio...
2025-11-17 21:27:01,502 - INFO - 🟨 Registros desbloqueados com sucesso
2025-11-17 21:27:19,067 - INFO - 🟨 OS programadas detectadas
2025-11-17 21:27:25,230 - INFO - ⌛ Aguardando janela de edição de OS...
2025-11-17 21:27:45,579 - INFO - 🟨 Janela de edição de OS detectada
2025-11-17 21:28:05,965 - INFO - 🟨 Janela de edição de habilidade da turma detectada
2025-11-17 21:28:54,253 - INFO - ⌛ Aguardando detecção do campo de caracteristica 'EQUIPE PRÓPRIA OU EPS' ...
2025-11-17 21:29:14,405 - INFO - ⌛ Aguardando detecção do campo de caracteristica 'EQUIPE PRÓPRIA OU EPS' ...
2025-11-17 21:29:34,554 - INFO - ⌛ Aguardando detecção do campo de caracteristica 'EQUIPE PRÓPRIA OU EPS' ...
2025-11-17 21:29:54,699 - INFO - 🟨 campo de caracteristica 'EQUIPE PRÓPRIA OU EPS detectado
2025-11-17 21:30:16,435 - INFO - ⌛ Aguardando confirmação 4 - editar OS...
2025-11-17 21:31:56,318 - INFO - ⌛ Aguardando janela de confirmação de programação de OS...
2025-11-17 21:32:16,587 - INFO - 🟨 Janela de confirmação de programação de OS detectada
2025-11-17 21:32:23,906 - INFO - 🟨 Janela de aviso de edição de OS programadas detectada
2025-11-17 21:32:34,169 - INFO - ⌛ aguardando janela de programação de lote de OS...
2025-11-17 21:32:54,544 - INFO - 🟨 Janela de aviso de substituição de lote de OS detectada
2025-11-17 21:33:06,805 - INFO - ⌛ aguardando janela de programação de lote de OS...
2025-11-17 21:33:27,220 - INFO - 🟨 Janela de programação de lote de OS detectada
2025-11-17 21:34:24,665 - INFO - ⌛ aguardando janela de confirmação de programação de lote de OS...
2025-11-17 21:34:44,931 - INFO - 🟨 Janela de confirmação de programação de lote de OS detectada
2025-11-17 21:34:57,192 - INFO - ⌛ aguardando confirmação final de programação do lote
2025-11-17 21:35:17,502 - INFO - 🟨 programação do lote 24 efetuado com sucesso
2025-11-17 21:35:44,666 - INFO - 
=== Iniciando lote 25/25 [LV] ===
2025-11-17 21:35:51,021 - INFO - Janela de seleção aberta
2025-11-17 21:36:01,252 - INFO - DEBUG: idx=24, inicio=360, fim=375
2025-11-17 21:36:01,252 - INFO - ✅ 13 OS copiadas para a área de transferência.
2025-11-17 21:36:01,252 - INFO - 📋 Lote 25 copiado.
2025-11-17 21:36:15,594 - INFO - ⌛ Esperando mudança visual...
2025-11-17 21:36:16,605 - INFO - ⌛ Esperando mudança visual...
2025-11-17 21:36:17,617 - INFO - ⌛ Esperando mudança visual...
2025-11-17 21:36:18,642 - INFO - ⌛ Esperando mudança visual...
2025-11-17 21:36:19,657 - INFO - ⌛ Esperando mudança visual...
2025-11-17 21:36:20,665 - INFO - ⌛ Esperando mudança visual...
2025-11-17 21:36:21,679 - INFO - ⌛ Esperando mudança visual...
2025-11-17 21:36:22,696 - INFO - ⌛ Esperando mudança visual...
2025-11-17 21:36:23,718 - INFO - ⌛ Esperando mudança visual...
2025-11-17 21:36:24,733 - INFO - ✅ Tela carregada!
2025-11-17 21:36:35,199 - INFO - ⌛ Aguardando janela de confirmação de desbloqueio...
2025-11-17 21:36:55,490 - INFO - 🟨 Registros desbloqueados com sucesso
2025-11-17 21:37:13,077 - INFO - 🟨 OS programadas detectadas
2025-11-17 21:37:19,244 - INFO - ⌛ Aguardando janela de edição de OS...
2025-11-17 21:37:39,579 - INFO - 🟨 Janela de edição de OS detectada
2025-11-17 21:37:59,931 - INFO - 🟨 Janela de edição de habilidade da turma detectada
2025-11-17 21:38:48,241 - INFO - ⌛ Aguardando detecção do campo de caracteristica 'EQUIPE PRÓPRIA OU EPS' ...
2025-11-17 21:39:08,387 - INFO - ⌛ Aguardando detecção do campo de caracteristica 'EQUIPE PRÓPRIA OU EPS' ...
2025-11-17 21:39:28,541 - INFO - ⌛ Aguardando detecção do campo de caracteristica 'EQUIPE PRÓPRIA OU EPS' ...
2025-11-17 21:39:48,686 - INFO - 🟨 campo de caracteristica 'EQUIPE PRÓPRIA OU EPS detectado
2025-11-17 21:40:10,408 - INFO - ⌛ Aguardando confirmação 4 - editar OS...
2025-11-17 21:41:50,342 - INFO - ⌛ Aguardando janela de confirmação de programação de OS...
2025-11-17 21:42:10,618 - INFO - 🟨 Janela de confirmação de programação de OS detectada
2025-11-17 21:42:17,929 - INFO - 🟨 Janela de aviso de edição de OS programadas detectada
2025-11-17 21:42:28,205 - INFO - ⌛ aguardando janela de programação de lote de OS...
2025-11-17 21:42:48,594 - INFO - 🟨 Janela de aviso de substituição de lote de OS detectada
2025-11-17 21:43:00,855 - INFO - ⌛ aguardando janela de programação de lote de OS...
2025-11-17 21:43:21,217 - INFO - 🟨 Janela de programação de lote de OS detectada
2025-11-17 21:44:18,691 - INFO - ⌛ aguardando janela de confirmação de programação de lote de OS...
2025-11-17 21:44:38,969 - INFO - 🟨 Janela de confirmação de programação de lote de OS detectada
2025-11-17 21:44:51,231 - INFO - ⌛ aguardando confirmação final de programação do lote
2025-11-17 21:45:11,557 - INFO - 🟨 programação do lote 25 efetuado com sucesso
2025-11-17 21:45:38,721 - INFO - 
=== Iniciando lote 1/18 [LM] ===
2025-11-17 21:45:45,097 - INFO - Janela de seleção aberta
2025-11-17 21:45:55,331 - INFO - DEBUG: idx=0, inicio=0, fim=15
2025-11-17 21:45:55,331 - INFO - ✅ 15 OS copiadas para a área de transferência.
2025-11-17 21:45:55,331 - INFO - 📋 Lote 1 copiado.
2025-11-17 21:46:09,678 - INFO - ⌛ Esperando mudança visual...
2025-11-17 21:46:10,686 - INFO - ⌛ Esperando mudança visual...
2025-11-17 21:46:11,703 - INFO - ⌛ Esperando mudança visual...
2025-11-17 21:46:12,719 - INFO - ⌛ Esperando mudança visual...
2025-11-17 21:46:13,731 - INFO - ⌛ Esperando mudança visual...
2025-11-17 21:46:14,756 - INFO - ⌛ Esperando mudança visual...
2025-11-17 21:46:15,771 - INFO - ⌛ Esperando mudança visual...
2025-11-17 21:46:16,780 - INFO - ⌛ Esperando mudança visual...
2025-11-17 21:46:17,796 - INFO - ⌛ Esperando mudança visual...
2025-11-17 21:46:18,808 - INFO - ✅ Tela carregada!
2025-11-17 21:46:29,288 - INFO - ⌛ Aguardando janela de confirmação de desbloqueio...
2025-11-17 21:46:49,600 - INFO - 🟨 Registros desbloqueados com sucesso
2025-11-17 21:47:07,176 - INFO - 🟨 OS programadas detectadas
2025-11-17 21:47:13,345 - INFO - ⌛ Aguardando janela de edição de OS...
2025-11-17 21:47:33,676 - INFO - 🟨 Janela de edição de OS detectada
2025-11-17 21:47:54,045 - INFO - 🟨 Janela de edição de habilidade da turma detectada
2025-11-17 21:48:42,386 - INFO - ⌛ Aguardando detecção do campo de caracteristica 'EQUIPE PRÓPRIA OU EPS' ...
2025-11-17 21:49:02,551 - INFO - ⌛ Aguardando detecção do campo de caracteristica 'EQUIPE PRÓPRIA OU EPS' ...
2025-11-17 21:49:22,710 - INFO - ⌛ Aguardando detecção do campo de caracteristica 'EQUIPE PRÓPRIA OU EPS' ...
2025-11-17 21:49:42,874 - INFO - 🟨 campo de caracteristica 'EQUIPE PRÓPRIA OU EPS detectado
2025-11-17 21:50:04,610 - INFO - ⌛ Aguardando confirmação 4 - editar OS...
2025-11-17 21:51:44,550 - INFO - ⌛ Aguardando janela de confirmação de programação de OS...
2025-11-17 21:52:04,840 - INFO - 🟨 Janela de confirmação de programação de OS detectada
2025-11-17 21:52:12,180 - INFO - 🟨 Janela de aviso de edição de OS programadas detectada
2025-11-17 21:52:22,445 - INFO - ⌛ aguardando janela de programação de lote de OS...
2025-11-17 21:52:42,874 - INFO - 🟨 Janela de aviso de substituição de lote de OS detectada
2025-11-17 21:52:55,149 - INFO - ⌛ aguardando janela de programação de lote de OS...
2025-11-17 21:53:15,530 - INFO - 🟨 Janela de programação de lote de OS detectada
2025-11-17 21:54:12,961 - INFO - ⌛ aguardando janela de confirmação de programação de lote de OS...
2025-11-17 21:54:33,222 - INFO - 🟨 Janela de confirmação de programação de lote de OS detectada
2025-11-17 21:54:45,481 - INFO - ⌛ aguardando confirmação final de programação do lote
2025-11-17 21:55:05,799 - INFO - 🟨 programação do lote 1 efetuado com sucesso
2025-11-17 21:55:32,972 - INFO - 
=== Iniciando lote 2/18 [LM] ===
2025-11-17 21:55:39,320 - INFO - Janela de seleção aberta
2025-11-17 21:55:49,555 - INFO - DEBUG: idx=1, inicio=15, fim=30
2025-11-17 21:55:49,555 - INFO - ✅ 15 OS copiadas para a área de transferência.
2025-11-17 21:55:49,555 - INFO - 📋 Lote 2 copiado.
2025-11-17 21:56:03,899 - INFO - ⌛ Esperando mudança visual...
2025-11-17 21:56:04,922 - INFO - ⌛ Esperando mudança visual...
2025-11-17 21:56:05,941 - INFO - ⌛ Esperando mudança visual...
2025-11-17 21:56:06,955 - INFO - ⌛ Esperando mudança visual...
2025-11-17 21:56:07,974 - INFO - ⌛ Esperando mudança visual...
2025-11-17 21:56:08,992 - INFO - ⌛ Esperando mudança visual...
2025-11-17 21:56:10,001 - INFO - ⌛ Esperando mudança visual...
2025-11-17 21:56:11,023 - INFO - ⌛ Esperando mudança visual...
2025-11-17 21:56:12,039 - INFO - ⌛ Esperando mudança visual...
2025-11-17 21:56:13,050 - INFO - ✅ Tela carregada!
2025-11-17 21:56:23,510 - INFO - ⌛ Aguardando janela de confirmação de desbloqueio...
2025-11-17 21:56:43,805 - INFO - 🟨 Registros desbloqueados com sucesso
2025-11-17 21:57:01,386 - INFO - 🟨 OS programadas detectadas
2025-11-17 21:57:07,547 - INFO - ⌛ Aguardando janela de edição de OS...
2025-11-17 21:57:27,862 - INFO - 🟨 Janela de edição de OS detectada
2025-11-17 21:57:48,250 - INFO - 🟨 Janela de edição de habilidade da turma detectada
2025-11-17 21:58:36,570 - INFO - ⌛ Aguardando detecção do campo de caracteristica 'EQUIPE PRÓPRIA OU EPS' ...
2025-11-17 21:58:56,710 - INFO - ⌛ Aguardando detecção do campo de caracteristica 'EQUIPE PRÓPRIA OU EPS' ...
2025-11-17 21:59:16,861 - INFO - ⌛ Aguardando detecção do campo de caracteristica 'EQUIPE PRÓPRIA OU EPS' ...
2025-11-17 21:59:37,010 - INFO - 🟨 campo de caracteristica 'EQUIPE PRÓPRIA OU EPS detectado
2025-11-17 21:59:58,742 - INFO - ⌛ Aguardando confirmação 4 - editar OS...
2025-11-17 22:01:38,646 - INFO - ⌛ Aguardando janela de confirmação de programação de OS...
2025-11-17 22:01:58,951 - INFO - 🟨 Janela de confirmação de programação de OS detectada
2025-11-17 22:02:06,279 - INFO - 🟨 Janela de aviso de edição de OS programadas detectada
2025-11-17 22:02:16,568 - INFO - ⌛ aguardando janela de programação de lote de OS...
2025-11-17 22:02:36,966 - INFO - 🟨 Janela de aviso de substituição de lote de OS detectada
2025-11-17 22:02:49,233 - INFO - ⌛ aguardando janela de programação de lote de OS...
2025-11-17 22:03:09,593 - INFO - ⌛ aguardando janela de programação de lote de OS...
2025-11-17 22:03:29,961 - INFO - ⌛ aguardando janela de programação de lote de OS...
2025-11-17 22:03:50,341 - INFO - ⌛ aguardando janela de programação de lote de OS...
2025-11-17 22:04:10,727 - INFO - ⌛ aguardando janela de programação de lote de OS...
2025-11-17 22:04:31,089 - INFO - ⌛ aguardando janela de programação de lote de OS...
2025-11-17 22:04:51,464 - INFO - ⌛ aguardando janela de programação de lote de OS...
2025-11-17 22:05:11,850 - INFO - ⌛ aguardando janela de programação de lote de OS...
2025-11-17 22:05:32,231 - INFO - ⌛ aguardando janela de programação de lote de OS...
2025-11-17 22:05:52,594 - INFO - ⌛ aguardando janela de programação de lote de OS...
2025-11-17 22:06:12,957 - INFO - ⌛ aguardando janela de programação de lote de OS...
2025-11-17 22:06:33,357 - INFO - ⌛ aguardando janela de programação de lote de OS...
2025-11-17 22:06:53,747 - INFO - ⌛ aguardando janela de programação de lote de OS...
2025-11-17 22:07:14,125 - INFO - ⌛ aguardando janela de programação de lote de OS...
2025-11-17 22:07:34,486 - INFO - ⌛ aguardando janela de programação de lote de OS...
2025-11-17 22:07:54,891 - INFO - ⌛ aguardando janela de programação de lote de OS...
2025-11-17 22:08:15,269 - INFO - ⌛ aguardando janela de programação de lote de OS...
2025-11-17 22:08:35,658 - INFO - ⌛ aguardando janela de programação de lote de OS...
2025-11-17 22:08:56,037 - INFO - ⌛ aguardando janela de programação de lote de OS...
2025-11-17 22:09:16,404 - INFO - ⌛ aguardando janela de programação de lote de OS...
2025-11-17 22:09:36,783 - INFO - ⌛ aguardando janela de programação de lote de OS...
2025-11-17 22:09:57,147 - INFO - ⌛ aguardando janela de programação de lote de OS...
2025-11-17 22:10:17,526 - INFO - ⌛ aguardando janela de programação de lote de OS...
2025-11-17 22:10:37,890 - INFO - ⌛ aguardando janela de programação de lote de OS...
2025-11-17 22:10:58,258 - INFO - ⌛ aguardando janela de programação de lote de OS...
2025-11-17 22:11:18,671 - INFO - ⌛ aguardando janela de programação de lote de OS...
2025-11-17 22:11:39,092 - INFO - ⌛ aguardando janela de programação de lote de OS...
2025-11-17 22:11:59,484 - INFO - ⌛ aguardando janela de programação de lote de OS...
2025-11-17 22:12:19,900 - INFO - ⏱️ Tempo limite atingido. Abortando seleção
2025-11-17 22:12:19,967 - INFO - 🟨 Identificado falha no EQM, abortando programa
