2026-05-08 14:00:33,326 - INFO - Data hoje: 08/05/2026
2026-05-08 14:00:33,326 - INFO - Data de referência: 31/05/2026
2026-05-08 14:00:47,337 - INFO - Data hoje: 08/05/2026
2026-05-08 14:00:47,337 - INFO - Data de referência: 31/05/2026
2026-05-08 14:10:24,320 - INFO - Data hoje: 08/05/2026
2026-05-08 14:10:24,320 - INFO - Data de referência: 31/05/2026
2026-05-08 14:13:08,826 - INFO - Qtde OS de LINHA VIVA: 2407
2026-05-08 14:13:08,826 - INFO - Qtde OS poda de LINHA MORTA: 1048
2026-05-08 14:13:08,826 - INFO - Qtde OS estrutural de LINHA MORTA : 12869
2026-05-08 14:13:08,827 - INFO - Qtde OS poda de LINHA MORTA fora carteira: 646
2026-05-08 14:13:08,827 - INFO - Qtde OS para desprogramar: 2453
2026-05-08 14:13:08,828 - INFO - 
 Qtd de lotes de LM: 42
2026-05-08 14:13:08,828 - INFO - 
 Qtd de lotes de LV: 97
2026-05-08 14:13:08,828 - INFO - 
 Qtd de lotes de ESTRUTURAL LM: 515
2026-05-08 14:13:08,828 - INFO - 
 Qtd de lotes de LEVE: 26
2026-05-08 14:13:08,828 - INFO - 
 Qtd de lotes para desprogramar: 99
2026-05-08 14:25:16,158 - INFO - Data hoje: 08/05/2026
2026-05-08 14:25:16,158 - INFO - Data de referência: 31/05/2026
2026-05-08 14:27:43,374 - INFO - Qtde OS de LINHA VIVA: 2439
2026-05-08 14:27:43,374 - INFO - Qtde OS poda de LINHA MORTA: 1074
2026-05-08 14:27:43,374 - INFO - Qtde OS estrutural de LINHA MORTA : 12871
2026-05-08 14:27:43,374 - INFO - Qtde OS poda de LINHA MORTA fora carteira: 648
2026-05-08 14:27:43,374 - INFO - Qtde OS para desprogramar: 2459
2026-05-08 14:27:43,374 - INFO - 
 Qtd de lotes de LM: 43
2026-05-08 14:27:43,374 - INFO - 
 Qtd de lotes de LV: 98
2026-05-08 14:27:43,374 - INFO - 
 Qtd de lotes de ESTRUTURAL LM: 515
2026-05-08 14:27:43,374 - INFO - 
 Qtd de lotes de LEVE: 26
2026-05-08 14:27:43,374 - INFO - 
 Qtd de lotes para desprogramar: 99
