2026-04-10 11:31:54,598 - INFO - Data hoje: 10/04/2026
2026-04-10 11:31:54,598 - INFO - Data de referência: 30/04/2026
2026-04-10 11:33:12,806 - INFO - Qtde OS de LINHA VIVA: 473
2026-04-10 11:33:12,806 - INFO - Qtde OS poda de LINHA MORTA: 201
2026-04-10 11:33:12,806 - INFO - Qtde OS estrutural de LINHA MORTA : 16768
2026-04-10 11:33:12,806 - INFO - Qtde OS poda de LINHA MORTA fora carteira: 739
2026-04-10 11:33:12,806 - INFO - Qtde OS para desprogramar: 1334
2026-04-10 11:33:12,806 - INFO - 
 Qtd de lotes de LM: 5
2026-04-10 11:33:12,806 - INFO - 
 Qtd de lotes de LV: 10
2026-04-10 11:33:12,806 - INFO - 
 Qtd de lotes de ESTRUTURAL LM: 336
2026-04-10 11:33:12,806 - INFO - 
 Qtd de lotes de LEVE: 15
2026-04-10 11:33:12,806 - INFO - 
 Qtd de lotes para desprogramar: 27
2026-04-10 11:33:12,806 - INFO - 
=== Iniciando lote 1/5 [LM] ===
2026-04-10 11:33:12,806 - INFO - 
=== abrir_janela_selecao ===
2026-04-10 11:33:19,128 - INFO - 
=== rotina abrir_selecao_colar_os ===
2026-04-10 11:33:19,270 - INFO - Janela de seleção aberta
2026-04-10 11:33:23,513 - INFO - DEBUG: idx=0, inicio=0, fim=50
2026-04-10 11:33:23,513 - INFO - ✅ 50 OS copiadas para a área de transferência.
2026-04-10 11:33:23,513 - INFO - 📋 Lote 1 copiado.
2026-04-10 11:33:31,846 - INFO - ⌛ Esperando mudança visual...
2026-04-10 11:33:32,868 - INFO - ⌛ Esperando mudança visual...
2026-04-10 11:33:33,877 - INFO - ✅ Tela carregada!
2026-04-10 11:33:37,885 - INFO - 
=== rotina desbloquear_os ===
2026-04-10 11:33:44,365 - INFO - ⌛ Aguardando janela de confirmação de desbloqueio...
2026-04-10 11:33:59,807 - INFO - ⌛ Aguardando janela de confirmação de desbloqueio...
2026-04-10 11:34:15,245 - INFO - 🟨 Registros desbloqueados com sucesso
2026-04-10 11:34:19,349 - INFO - 
=== rotina editar_os ===
2026-04-10 11:34:28,793 - INFO - ⌛ Aguardando janela de edição de OS...
2026-04-10 11:34:44,294 - INFO - 🟨 OS programadas detectadas
2026-04-10 11:34:47,399 - INFO - ⌛ Aguardando janela de edição de OS...
2026-04-10 11:35:02,930 - INFO - 🟨 Janela de edição de OS detectada
2026-04-10 11:35:24,302 - INFO - 🟨 Janela de edição de habilidade da turma detectada
2026-04-10 11:36:42,646 - INFO - ⌛ Aguardando detecção do campo de caracteristica 'EQUIPE PRÓPRIA OU EPS' ...
2026-04-10 11:37:02,005 - INFO - 🟨 campo de caracteristica 'EQUIPE PRÓPRIA OU EPS detectado
2026-04-10 11:37:23,829 - INFO - ⌛ Aguardando confirmação 4 - editar OS...
2026-04-10 11:37:39,312 - INFO - ⌛ Aguardando confirmação 4 - editar OS...
2026-04-10 11:37:39,474 - INFO - 🟨 Identificado travamento no EQM, reiniciando contador de espera
2026-04-10 11:37:54,854 - INFO - ⌛ Aguardando confirmação 4 - editar OS...
2026-04-10 11:37:54,974 - INFO - 🟨 Identificado travamento no EQM, reiniciando contador de espera
2026-04-10 11:38:10,363 - INFO - ⌛ Aguardando confirmação 4 - editar OS...
2026-04-10 11:38:25,872 - INFO - ⌛ Aguardando confirmação 4 - editar OS...
2026-04-10 11:38:41,395 - INFO - 🟨 Janela de confirmação 4 de edição de OS detectada
2026-04-10 11:38:45,516 - INFO - 
=== rotina programar_os ===
2026-04-10 11:39:12,053 - INFO - ⌛ Aguardando janela de confirmação de programação de OS...
2026-04-10 11:39:37,473 - INFO - 🟨 Janela de confirmação de programação de OS detectada
2026-04-10 11:39:50,751 - INFO - 🟨 Janela de aviso de edição de OS programadas detectada
2026-04-10 11:39:57,961 - INFO - ⌛ aguardando janela de programação de lote de OS...
2026-04-10 11:40:23,512 - INFO - 🟨 Janela de aviso de substituição de lote de OS detectada
2026-04-10 11:40:43,624 - INFO - ⌛ aguardando janela de programação de lote de OS...
2026-04-10 11:41:09,161 - INFO - 🟨 Janela de aviso de substituição de lote de OS detectada
2026-04-10 11:41:29,279 - INFO - ⌛ aguardando janela de programação de lote de OS...
2026-04-10 11:41:54,861 - INFO - 🟨 Janela de aviso de substituição de lote de OS detectada
2026-04-10 11:42:14,968 - INFO - ⌛ aguardando janela de programação de lote de OS...
2026-04-10 11:42:40,551 - INFO - 🟨 Janela de programação de lote de OS detectada
2026-04-10 11:43:30,116 - INFO - 🟨 Janela de confirmação de programação de lote de OS detectada
2026-04-10 11:43:34,350 - INFO - ⌛ aguardando confirmação final de programação do lote
2026-04-10 11:43:59,876 - INFO - ⌛ aguardando confirmação final de programação do lote
2026-04-10 11:44:25,446 - INFO - 🟨 programação do lote 1 efetuado com sucesso
2026-04-10 11:44:35,579 - INFO - 
=== Iniciando lote 2/5 [LM] ===
2026-04-10 11:44:35,579 - INFO - 
=== abrir_janela_selecao ===
2026-04-10 11:44:41,930 - INFO - 
=== rotina abrir_selecao_colar_os ===
2026-04-10 11:44:41,994 - INFO - Janela de seleção aberta
2026-04-10 11:44:46,231 - INFO - DEBUG: idx=1, inicio=50, fim=100
2026-04-10 11:44:46,231 - INFO - ✅ 50 OS copiadas para a área de transferência.
2026-04-10 11:44:46,231 - INFO - 📋 Lote 2 copiado.
2026-04-10 11:44:54,576 - INFO - ⌛ Esperando mudança visual...
2026-04-10 11:44:55,590 - INFO - ⌛ Esperando mudança visual...
2026-04-10 11:44:56,609 - INFO - ⌛ Esperando mudança visual...
2026-04-10 11:44:57,625 - INFO - ⌛ Esperando mudança visual...
2026-04-10 11:44:58,639 - INFO - ⌛ Esperando mudança visual...
2026-04-10 11:44:59,652 - INFO - ⌛ Esperando mudança visual...
2026-04-10 11:45:00,669 - INFO - ⌛ Esperando mudança visual...
2026-04-10 11:45:01,684 - INFO - ⌛ Esperando mudança visual...
2026-04-10 11:45:02,700 - INFO - ⌛ Esperando mudança visual...
2026-04-10 11:45:03,721 - INFO - ⌛ Esperando mudança visual...
2026-04-10 11:45:04,731 - INFO - ⌛ Esperando mudança visual...
2026-04-10 11:45:05,757 - INFO - ⌛ Esperando mudança visual...
2026-04-10 11:45:06,774 - INFO - ⌛ Esperando mudança visual...
2026-04-10 11:45:07,790 - INFO - ⌛ Esperando mudança visual...
2026-04-10 11:45:08,793 - INFO - ✅ Tela carregada!
2026-04-10 11:45:12,810 - INFO - 
=== rotina desbloquear_os ===
2026-04-10 11:45:19,296 - INFO - ⌛ Aguardando janela de confirmação de desbloqueio...
2026-04-10 11:45:34,700 - INFO - ⌛ Aguardando janela de confirmação de desbloqueio...
2026-04-10 11:45:50,165 - INFO - 🟨 Registros desbloqueados com sucesso
2026-04-10 11:45:54,291 - INFO - 
=== rotina editar_os ===
2026-04-10 11:46:03,718 - INFO - ⌛ Aguardando janela de edição de OS...
2026-04-10 11:46:19,191 - INFO - 🟨 OS programadas detectadas
2026-04-10 11:46:22,308 - INFO - ⌛ Aguardando janela de edição de OS...
2026-04-10 11:46:37,751 - INFO - 🟨 Janela de edição de OS detectada
2026-04-10 11:46:59,111 - INFO - 🟨 Janela de edição de habilidade da turma detectada
2026-04-10 11:48:17,437 - INFO - ⌛ Aguardando detecção do campo de caracteristica 'EQUIPE PRÓPRIA OU EPS' ...
2026-04-10 11:48:36,806 - INFO - 🟨 campo de caracteristica 'EQUIPE PRÓPRIA OU EPS detectado
2026-04-10 11:48:58,739 - INFO - ⌛ Aguardando confirmação 4 - editar OS...
2026-04-10 11:49:14,410 - INFO - ⌛ Aguardando confirmação 4 - editar OS...
2026-04-10 11:49:29,889 - INFO - ⌛ Aguardando confirmação 4 - editar OS...
2026-04-10 11:49:45,386 - INFO - ⌛ Aguardando confirmação 4 - editar OS...
2026-04-10 11:50:00,934 - INFO - ⌛ Aguardando confirmação 4 - editar OS...
2026-04-10 11:50:16,421 - INFO - 🟨 Janela de confirmação 4 de edição de OS detectada
2026-04-10 11:50:20,536 - INFO - 
=== rotina programar_os ===
2026-04-10 11:50:47,092 - INFO - ⌛ Aguardando janela de confirmação de programação de OS...
2026-04-10 11:51:12,557 - INFO - 🟨 Janela de confirmação de programação de OS detectada
2026-04-10 11:51:25,838 - INFO - 🟨 Janela de aviso de edição de OS programadas detectada
2026-04-10 11:51:33,057 - INFO - ⌛ aguardando janela de programação de lote de OS...
2026-04-10 11:51:58,620 - INFO - 🟨 Janela de aviso de substituição de lote de OS detectada
2026-04-10 11:52:18,724 - INFO - ⌛ aguardando janela de programação de lote de OS...
2026-04-10 11:52:44,236 - INFO - 🟨 Janela de aviso de substituição de lote de OS detectada
2026-04-10 11:53:04,351 - INFO - ⌛ aguardando janela de programação de lote de OS...
2026-04-10 11:53:29,868 - INFO - 🟨 Janela de programação de lote de OS detectada
2026-04-10 11:54:19,401 - INFO - 🟨 Janela de confirmação de programação de lote de OS detectada
2026-04-10 11:54:23,681 - INFO - ⌛ aguardando confirmação final de programação do lote
2026-04-10 11:54:49,241 - INFO - ⌛ aguardando confirmação final de programação do lote
2026-04-10 11:55:14,760 - INFO - 🟨 programação do lote 2 efetuado com sucesso
2026-04-10 11:55:24,896 - INFO - 
=== Iniciando lote 3/5 [LM] ===
2026-04-10 11:55:24,896 - INFO - 
=== abrir_janela_selecao ===
2026-04-10 11:55:31,207 - INFO - 
=== rotina abrir_selecao_colar_os ===
2026-04-10 11:55:31,259 - INFO - Janela de seleção aberta
2026-04-10 11:55:35,518 - INFO - DEBUG: idx=2, inicio=100, fim=150
2026-04-10 11:55:35,518 - INFO - ✅ 50 OS copiadas para a área de transferência.
2026-04-10 11:55:35,518 - INFO - 📋 Lote 3 copiado.
2026-04-10 11:55:43,845 - INFO - ⌛ Esperando mudança visual...
2026-04-10 11:55:44,866 - INFO - ⌛ Esperando mudança visual...
2026-04-10 11:55:45,879 - INFO - ⌛ Esperando mudança visual...
2026-04-10 11:55:46,895 - INFO - ⌛ Esperando mudança visual...
2026-04-10 11:55:47,910 - INFO - ⌛ Esperando mudança visual...
2026-04-10 11:55:48,927 - INFO - ⌛ Esperando mudança visual...
2026-04-10 11:55:49,942 - INFO - ⌛ Esperando mudança visual...
2026-04-10 11:55:50,957 - INFO - ⌛ Esperando mudança visual...
2026-04-10 11:55:51,974 - INFO - ⌛ Esperando mudança visual...
2026-04-10 11:55:52,989 - INFO - ⌛ Esperando mudança visual...
2026-04-10 11:55:53,994 - INFO - ⌛ Esperando mudança visual...
2026-04-10 11:55:55,003 - INFO - ⌛ Esperando mudança visual...
2026-04-10 11:55:56,033 - INFO - ⌛ Esperando mudança visual...
2026-04-10 11:55:57,051 - INFO - ⌛ Esperando mudança visual...
2026-04-10 11:55:58,070 - INFO - ✅ Tela carregada!
2026-04-10 11:56:02,072 - INFO - 
=== rotina desbloquear_os ===
2026-04-10 11:56:08,554 - INFO - ⌛ Aguardando janela de confirmação de desbloqueio...
2026-04-10 11:56:24,001 - INFO - ⌛ Aguardando janela de confirmação de desbloqueio...
2026-04-10 11:56:24,163 - INFO - 🟨 Identificado travamento no EQM, reiniciando contador de espera
2026-04-10 11:56:39,491 - INFO - 🟨 Registros desbloqueados com sucesso
2026-04-10 11:56:43,595 - INFO - 
=== rotina editar_os ===
2026-04-10 11:56:52,997 - INFO - ⌛ Aguardando janela de edição de OS...
2026-04-10 11:57:08,490 - INFO - 🟨 OS programadas detectadas
2026-04-10 11:57:11,600 - INFO - ⌛ Aguardando janela de edição de OS...
2026-04-10 11:57:27,076 - INFO - 🟨 Janela de edição de OS detectada
2026-04-10 11:57:48,454 - INFO - 🟨 Janela de edição de habilidade da turma detectada
2026-04-10 11:59:06,783 - INFO - ⌛ Aguardando detecção do campo de caracteristica 'EQUIPE PRÓPRIA OU EPS' ...
2026-04-10 11:59:26,155 - INFO - 🟨 campo de caracteristica 'EQUIPE PRÓPRIA OU EPS detectado
2026-04-10 11:59:47,947 - INFO - ⌛ Aguardando confirmação 4 - editar OS...
2026-04-10 12:00:03,413 - INFO - ⌛ Aguardando confirmação 4 - editar OS...
2026-04-10 12:00:18,888 - INFO - ⌛ Aguardando confirmação 4 - editar OS...
2026-04-10 12:00:34,460 - INFO - ⌛ Aguardando confirmação 4 - editar OS...
2026-04-10 12:00:49,951 - INFO - ⌛ Aguardando confirmação 4 - editar OS...
2026-04-10 12:01:05,478 - INFO - 🟨 Janela de confirmação 4 de edição de OS detectada
2026-04-10 12:01:09,596 - INFO - 
=== rotina programar_os ===
2026-04-10 12:01:36,120 - INFO - ⌛ Aguardando janela de confirmação de programação de OS...
2026-04-10 12:02:01,596 - INFO - ⌛ Aguardando janela de confirmação de programação de OS...
2026-04-10 12:02:27,032 - INFO - ⌛ Aguardando janela de confirmação de programação de OS...
2026-04-10 12:02:52,550 - INFO - ⌛ Aguardando janela de confirmação de programação de OS...
2026-04-10 12:03:18,046 - INFO - ⌛ Aguardando janela de confirmação de programação de OS...
2026-04-10 12:03:43,553 - INFO - ⌛ Aguardando janela de confirmação de programação de OS...
2026-04-10 12:04:09,076 - INFO - ⌛ Aguardando janela de confirmação de programação de OS...
2026-04-10 12:04:34,540 - INFO - ⌛ Aguardando janela de confirmação de programação de OS...
2026-04-10 12:05:00,005 - INFO - ⌛ Aguardando janela de confirmação de programação de OS...
2026-04-10 12:05:25,459 - INFO - ⌛ Aguardando janela de confirmação de programação de OS...
2026-04-10 12:05:50,920 - INFO - ⌛ Aguardando janela de confirmação de programação de OS...
2026-04-10 12:06:16,349 - INFO - ⌛ Aguardando janela de confirmação de programação de OS...
2026-04-10 12:06:41,807 - INFO - ⌛ Aguardando janela de confirmação de programação de OS...
2026-04-10 12:07:07,261 - INFO - ⌛ Aguardando janela de confirmação de programação de OS...
2026-04-10 12:07:32,690 - INFO - ⌛ Aguardando janela de confirmação de programação de OS...
2026-04-10 12:07:58,168 - INFO - ⌛ Aguardando janela de confirmação de programação de OS...
2026-04-10 12:08:23,589 - INFO - ⌛ Aguardando janela de confirmação de programação de OS...
2026-04-10 12:08:49,047 - INFO - ⌛ Aguardando janela de confirmação de programação de OS...
2026-04-10 12:09:14,506 - INFO - ⌛ Aguardando janela de confirmação de programação de OS...
2026-04-10 12:09:39,963 - INFO - ⌛ Aguardando janela de confirmação de programação de OS...
2026-04-10 12:10:05,416 - INFO - ⌛ Aguardando janela de confirmação de programação de OS...
2026-04-10 12:10:30,926 - INFO - ⌛ Aguardando janela de confirmação de programação de OS...
2026-04-10 12:10:56,352 - INFO - ⌛ Aguardando janela de confirmação de programação de OS...
2026-04-10 12:11:21,790 - INFO - ⌛ Aguardando janela de confirmação de programação de OS...
2026-04-10 12:11:47,252 - INFO - ⌛ Aguardando janela de confirmação de programação de OS...
2026-04-10 12:12:12,693 - INFO - ⌛ Aguardando janela de confirmação de programação de OS...
2026-04-10 12:12:38,166 - INFO - ⌛ Aguardando janela de confirmação de programação de OS...
2026-04-10 12:13:03,695 - INFO - ⌛ Aguardando janela de confirmação de programação de OS...
2026-04-10 12:13:29,194 - INFO - ⌛ Aguardando janela de confirmação de programação de OS...
2026-04-10 12:13:54,691 - INFO - ⌛ Aguardando janela de confirmação de programação de OS...
2026-04-10 12:14:20,106 - INFO - ⌛ Aguardando janela de confirmação de programação de OS...
2026-04-10 12:14:45,574 - INFO - ⌛ Aguardando janela de confirmação de programação de OS...
2026-04-10 12:15:11,000 - INFO - ⌛ Aguardando janela de confirmação de programação de OS...
2026-04-10 12:15:36,527 - INFO - ⌛ Aguardando janela de confirmação de programação de OS...
2026-04-10 12:16:02,039 - INFO - ⌛ Aguardando janela de confirmação de programação de OS...
2026-04-10 12:16:27,500 - INFO - ⌛ Aguardando janela de confirmação de programação de OS...
2026-04-10 12:16:53,019 - INFO - ⌛ Aguardando janela de confirmação de programação de OS...
2026-04-10 12:17:18,529 - INFO - ⌛ Aguardando janela de confirmação de programação de OS...
2026-04-10 12:17:44,039 - INFO - ⌛ Aguardando janela de confirmação de programação de OS...
2026-04-10 12:18:09,541 - INFO - ⌛ Aguardando janela de confirmação de programação de OS...
2026-04-10 12:18:35,026 - INFO - ⌛ Aguardando janela de confirmação de programação de OS...
2026-04-10 12:19:00,574 - INFO - ⌛ Aguardando janela de confirmação de programação de OS...
2026-04-10 12:19:26,031 - INFO - ⌛ Aguardando janela de confirmação de programação de OS...
2026-04-10 12:19:51,481 - INFO - ⌛ Aguardando janela de confirmação de programação de OS...
2026-04-10 12:20:16,930 - INFO - ⌛ Aguardando janela de confirmação de programação de OS...
2026-04-10 12:20:42,413 - INFO - ⌛ Aguardando janela de confirmação de programação de OS...
2026-04-10 12:21:08,013 - INFO - ⌛ Aguardando janela de confirmação de programação de OS...
2026-04-10 12:21:33,510 - INFO - ⌛ Aguardando janela de confirmação de programação de OS...
2026-04-10 12:21:59,016 - INFO - ⌛ Aguardando janela de confirmação de programação de OS...
2026-04-10 12:22:24,507 - INFO - ⌛ Aguardando janela de confirmação de programação de OS...
2026-04-10 12:22:50,003 - INFO - ⌛ Aguardando janela de confirmação de programação de OS...
2026-04-10 12:23:15,468 - INFO - ⌛ Aguardando janela de confirmação de programação de OS...
2026-04-10 12:23:40,924 - INFO - ⌛ Aguardando janela de confirmação de programação de OS...
2026-04-10 12:24:06,373 - INFO - ⌛ Aguardando janela de confirmação de programação de OS...
2026-04-10 12:24:31,793 - INFO - ⌛ Aguardando janela de confirmação de programação de OS...
2026-04-10 12:24:57,327 - INFO - ⌛ Aguardando janela de confirmação de programação de OS...
2026-04-10 12:25:22,800 - INFO - ⌛ Aguardando janela de confirmação de programação de OS...
2026-04-10 12:25:48,285 - INFO - ⌛ Aguardando janela de confirmação de programação de OS...
2026-04-10 12:26:13,788 - INFO - ⌛ Aguardando janela de confirmação de programação de OS...
2026-04-10 12:26:39,303 - INFO - ⌛ Aguardando janela de confirmação de programação de OS...
2026-04-10 12:27:04,824 - INFO - ⌛ Aguardando janela de confirmação de programação de OS...
2026-04-10 12:27:30,331 - INFO - ⌛ Aguardando janela de confirmação de programação de OS...
2026-04-10 12:27:55,753 - INFO - ⌛ Aguardando janela de confirmação de programação de OS...
2026-04-10 12:28:21,173 - INFO - ⌛ Aguardando janela de confirmação de programação de OS...
2026-04-10 12:28:46,598 - INFO - ⌛ Aguardando janela de confirmação de programação de OS...
2026-04-10 12:29:12,067 - INFO - ⌛ Aguardando janela de confirmação de programação de OS...
2026-04-10 12:29:37,507 - INFO - ⌛ Aguardando janela de confirmação de programação de OS...
2026-04-10 12:30:02,954 - INFO - ⌛ Aguardando janela de confirmação de programação de OS...
2026-04-10 12:30:28,464 - INFO - ⌛ Aguardando janela de confirmação de programação de OS...
2026-04-10 12:30:53,918 - INFO - ⌛ Aguardando janela de confirmação de programação de OS...
2026-04-10 12:31:19,397 - INFO - verificando janela oculta
2026-04-10 12:31:39,859 - INFO - ⏱️ Tempo limite atingido. Abortando seleção
2026-04-10 12:31:39,859 - INFO - Capturando print...
