2025-11-27 11:12:20,352 - INFO - Data hoje: 27/11/2025
2025-11-27 11:12:20,352 - INFO - Data de referência: 30/11/2025
2025-11-27 11:12:27,354 - INFO - 
Qtde LINHA VIVA: 1250
2025-11-27 11:12:27,354 - INFO - Qtde LINHA MORTA/PESADA/FAIXA: 865
2025-11-27 11:12:28,185 - INFO - 
Arquivo gerado: C:\Users\U469784\venvs\py311\bot_programacao\EXCEL\pendentes_20251127.xlsx
2025-11-27 11:12:28,420 - INFO - 
 Qtd de lotes de LM: 58
2025-11-27 11:12:28,420 - INFO - 
 Qtd de lotes de LV: 84
2025-11-27 11:12:28,420 - INFO - 
=== Iniciando lote 1/58 [LM] ===
2025-11-27 11:12:34,801 - INFO - ⌛ Aguardando janela de seleção...
2025-11-27 11:12:55,092 - INFO - Janela de seleção aberta
2025-11-27 11:12:59,343 - INFO - DEBUG: idx=0, inicio=0, fim=15
2025-11-27 11:12:59,343 - INFO - ✅ 15 OS copiadas para a área de transferência.
2025-11-27 11:12:59,343 - INFO - 📋 Lote 1 copiado.
2025-11-27 11:13:07,683 - INFO - ⌛ Esperando mudança visual...
2025-11-27 11:13:08,699 - INFO - ⌛ Esperando mudança visual...
2025-11-27 11:13:09,712 - INFO - ✅ Tela carregada!
2025-11-27 11:13:20,191 - INFO - ⌛ Aguardando janela de confirmação de desbloqueio...
2025-11-27 11:13:40,467 - INFO - 🟨 Registros desbloqueados com sucesso
2025-11-27 11:13:54,060 - INFO - 🟨 OS programadas detectadas
2025-11-27 11:13:57,238 - INFO - ⌛ Aguardando janela de edição de OS...
2025-11-27 11:14:17,575 - INFO - 🟨 Janela de edição de OS detectada
2025-11-27 11:14:25,937 - INFO - 🟨 Janela de edição de habilidade da turma detectada
2025-11-27 11:15:11,259 - INFO - ⌛ Aguardando detecção do campo de caracteristica 'EQUIPE PRÓPRIA OU EPS' ...
2025-11-27 11:15:31,396 - INFO - ⌛ Aguardando detecção do campo de caracteristica 'EQUIPE PRÓPRIA OU EPS' ...
2025-11-27 11:15:51,559 - INFO - ⌛ Aguardando detecção do campo de caracteristica 'EQUIPE PRÓPRIA OU EPS' ...
2025-11-27 11:16:11,713 - INFO - 🟨 campo de caracteristica 'EQUIPE PRÓPRIA OU EPS detectado
2025-11-27 11:16:33,450 - INFO - ⌛ Aguardando confirmação 4 - editar OS...
2025-11-27 11:17:34,390 - INFO - ⌛ Aguardando janela de confirmação de programação de OS...
2025-11-27 11:17:54,684 - INFO - 🟨 Janela de confirmação de programação de OS detectada
2025-11-27 11:17:57,981 - INFO - ⌛ aguardando janela de programação de lote de OS...
2025-11-27 11:18:18,363 - INFO - 🟨 Janela de aviso de edição de OS programadas detectada
2025-11-27 11:18:22,628 - INFO - ⌛ aguardando janela de programação de lote de OS...
2025-11-27 11:18:43,006 - INFO - 🟨 Janela de aviso de substituição de lote de OS detectada
2025-11-27 11:18:49,282 - INFO - ⌛ aguardando janela de programação de lote de OS...
2025-11-27 11:19:09,668 - INFO - 🟨 Janela de programação de lote de OS detectada
2025-11-27 11:19:37,103 - INFO - ⌛ aguardando janela de confirmação de programação de lote de OS...
2025-11-27 11:19:57,397 - INFO - 🟨 Janela de confirmação de programação de lote de OS detectada
2025-11-27 11:20:01,650 - INFO - ⌛ aguardando confirmação final de programação do lote
2025-11-27 11:20:22,001 - INFO - 🟨 programação do lote 1 efetuado com sucesso
2025-11-27 11:20:35,156 - INFO - 
=== Iniciando lote 2/58 [LM] ===
2025-11-27 11:20:41,512 - INFO - Janela de seleção aberta
2025-11-27 11:20:45,741 - INFO - DEBUG: idx=1, inicio=15, fim=30
2025-11-27 11:20:45,741 - INFO - ✅ 15 OS copiadas para a área de transferência.
2025-11-27 11:20:45,741 - INFO - 📋 Lote 2 copiado.
2025-11-27 11:20:54,072 - INFO - ⌛ Esperando mudança visual...
2025-11-27 11:20:55,090 - INFO - ⌛ Esperando mudança visual...
2025-11-27 11:20:56,108 - INFO - ⌛ Esperando mudança visual...
2025-11-27 11:20:57,121 - INFO - ⌛ Esperando mudança visual...
2025-11-27 11:20:58,135 - INFO - ⌛ Esperando mudança visual...
2025-11-27 11:20:59,150 - INFO - ⌛ Esperando mudança visual...
2025-11-27 11:21:00,168 - INFO - ⌛ Esperando mudança visual...
2025-11-27 11:21:01,185 - INFO - ⌛ Esperando mudança visual...
2025-11-27 11:21:02,203 - INFO - ⌛ Esperando mudança visual...
2025-11-27 11:21:03,215 - INFO - ⌛ Esperando mudança visual...
2025-11-27 11:21:04,231 - INFO - ⌛ Esperando mudança visual...
2025-11-27 11:21:05,249 - INFO - ⌛ Esperando mudança visual...
2025-11-27 11:21:06,267 - INFO - ⌛ Esperando mudança visual...
2025-11-27 11:21:07,269 - INFO - ⌛ Esperando mudança visual...
2025-11-27 11:21:08,283 - INFO - ⌛ Esperando mudança visual...
2025-11-27 11:21:09,286 - INFO - ⌛ Esperando mudança visual...
2025-11-27 11:21:10,298 - INFO - ⌛ Esperando mudança visual...
2025-11-27 11:21:11,302 - INFO - ✅ Tela carregada!
2025-11-27 11:21:21,783 - INFO - ⌛ Aguardando janela de confirmação de desbloqueio...
2025-11-27 11:21:42,102 - INFO - 🟨 Registros desbloqueados com sucesso
2025-11-27 11:22:19,041 - INFO - Data hoje: 27/11/2025
2025-11-27 11:22:19,041 - INFO - Data de referência: 30/11/2025
2025-11-27 11:22:26,693 - INFO - 
Qtde LINHA VIVA: 1250
2025-11-27 11:22:26,693 - INFO - Qtde LINHA MORTA/PESADA/FAIXA: 865
2025-11-27 11:22:27,336 - INFO - 
Arquivo gerado: C:\Users\U469784\venvs\py311\bot_programacao\EXCEL\pendentes_20251127.xlsx
2025-11-27 11:22:27,581 - INFO - 
 Qtd de lotes de LM: 58
2025-11-27 11:22:27,581 - INFO - 
 Qtd de lotes de LV: 84
2025-11-27 11:22:27,581 - INFO - 
=== Iniciando lote 2/58 [LM] ===
2025-11-27 11:22:33,990 - INFO - Janela de seleção aberta
2025-11-27 11:22:38,223 - INFO - DEBUG: idx=1, inicio=15, fim=30
2025-11-27 11:22:38,223 - INFO - ✅ 15 OS copiadas para a área de transferência.
2025-11-27 11:22:38,223 - INFO - 📋 Lote 2 copiado.
2025-11-27 11:22:46,553 - INFO - ⌛ Esperando mudança visual...
2025-11-27 11:22:47,570 - INFO - ⌛ Esperando mudança visual...
2025-11-27 11:22:48,587 - INFO - ⌛ Esperando mudança visual...
2025-11-27 11:22:49,595 - INFO - ⌛ Esperando mudança visual...
2025-11-27 11:22:50,616 - INFO - ⌛ Esperando mudança visual...
2025-11-27 11:22:51,624 - INFO - ⌛ Esperando mudança visual...
2025-11-27 11:22:52,626 - INFO - ⌛ Esperando mudança visual...
2025-11-27 11:22:53,632 - INFO - ⌛ Esperando mudança visual...
2025-11-27 11:22:54,653 - INFO - ⌛ Esperando mudança visual...
2025-11-27 11:22:55,670 - INFO - ⌛ Esperando mudança visual...
2025-11-27 11:22:56,684 - INFO - ⌛ Esperando mudança visual...
2025-11-27 11:22:57,703 - INFO - ⌛ Esperando mudança visual...
2025-11-27 11:22:58,723 - INFO - ✅ Tela carregada!
2025-11-27 11:23:09,210 - INFO - ⌛ Aguardando janela de confirmação de desbloqueio...
2025-11-27 11:23:29,489 - INFO - 🟨 Registros desbloqueados com sucesso
2025-11-27 11:23:43,049 - INFO - 🟨 OS programadas detectadas
2025-11-27 11:23:46,197 - INFO - ⌛ Aguardando janela de edição de OS...
2025-11-27 11:24:06,529 - INFO - 🟨 Janela de edição de OS detectada
2025-11-27 11:24:14,887 - INFO - 🟨 Janela de edição de habilidade da turma detectada
2025-11-27 11:25:00,213 - INFO - ⌛ Aguardando detecção do campo de caracteristica 'EQUIPE PRÓPRIA OU EPS' ...
2025-11-27 11:25:20,346 - INFO - ⌛ Aguardando detecção do campo de caracteristica 'EQUIPE PRÓPRIA OU EPS' ...
2025-11-27 11:25:40,508 - INFO - ⌛ Aguardando detecção do campo de caracteristica 'EQUIPE PRÓPRIA OU EPS' ...
2025-11-27 11:26:00,668 - INFO - 🟨 campo de caracteristica 'EQUIPE PRÓPRIA OU EPS detectado
2025-11-27 11:26:22,394 - INFO - ⌛ Aguardando confirmação 4 - editar OS...
2025-11-27 11:26:42,833 - INFO - ⌛ Aguardando confirmação 4 - editar OS...
2025-11-27 11:27:03,141 - INFO - ⌛ Aguardando confirmação 4 - editar OS...
2025-11-27 11:27:23,462 - INFO - ⌛ Aguardando confirmação 4 - editar OS...
2025-11-27 11:27:43,771 - INFO - ⌛ Aguardando confirmação 4 - editar OS...
2025-11-27 11:28:04,078 - INFO - ⌛ Aguardando confirmação 4 - editar OS...
2025-11-27 11:28:24,386 - INFO - ⌛ Aguardando confirmação 4 - editar OS...
2025-11-27 11:28:44,676 - INFO - ⌛ Aguardando confirmação 4 - editar OS...
2025-11-27 11:29:04,944 - INFO - ⌛ Aguardando confirmação 4 - editar OS...
2025-11-27 11:29:25,213 - INFO - ⌛ Aguardando confirmação 4 - editar OS...
2025-11-27 11:29:45,491 - INFO - ⌛ Aguardando confirmação 4 - editar OS...
2025-11-27 11:30:05,802 - INFO - ⌛ Aguardando confirmação 4 - editar OS...
2025-11-27 11:30:26,124 - INFO - ⌛ Aguardando confirmação 4 - editar OS...
2025-11-27 11:30:46,459 - INFO - ⌛ Aguardando confirmação 4 - editar OS...
2025-11-27 11:31:06,774 - INFO - ⌛ Aguardando confirmação 4 - editar OS...
2025-11-27 11:31:27,066 - INFO - ⌛ Aguardando confirmação 4 - editar OS...
2025-11-27 11:31:47,362 - INFO - ⌛ Aguardando confirmação 4 - editar OS...
2025-11-27 11:32:07,722 - INFO - ⌛ Aguardando confirmação 4 - editar OS...
2025-11-27 11:32:28,042 - INFO - ⌛ Aguardando confirmação 4 - editar OS...
2025-11-27 11:32:48,344 - INFO - ⌛ Aguardando confirmação 4 - editar OS...
2025-11-27 11:33:08,662 - INFO - ⌛ Aguardando confirmação 4 - editar OS...
2025-11-27 11:33:28,961 - INFO - ⌛ Aguardando confirmação 4 - editar OS...
2025-11-27 11:33:49,282 - INFO - ⌛ Aguardando confirmação 4 - editar OS...
2025-11-27 11:34:50,210 - INFO - ⌛ Aguardando janela de confirmação de programação de OS...
2025-11-27 11:35:10,518 - INFO - 🟨 Janela de confirmação de programação de OS detectada
2025-11-27 11:35:13,825 - INFO - ⌛ aguardando janela de programação de lote de OS...
2025-11-27 11:35:34,222 - INFO - 🟨 Janela de aviso de edição de OS programadas detectada
2025-11-27 11:35:38,493 - INFO - ⌛ aguardando janela de programação de lote de OS...
2025-11-27 11:35:58,900 - INFO - 🟨 Janela de aviso de substituição de lote de OS detectada
2025-11-27 11:36:05,167 - INFO - ⌛ aguardando janela de programação de lote de OS...
2025-11-27 11:36:25,597 - INFO - 🟨 Janela de programação de lote de OS detectada
2025-11-27 11:36:53,072 - INFO - ⌛ aguardando janela de confirmação de programação de lote de OS...
2025-11-27 11:37:13,380 - INFO - 🟨 Janela de confirmação de programação de lote de OS detectada
2025-11-27 11:37:17,721 - INFO - ⌛ aguardando confirmação final de programação do lote
2025-11-27 11:37:38,087 - INFO - 🟨 programação do lote 2 efetuado com sucesso
2025-11-27 11:37:51,258 - INFO - 
=== Iniciando lote 3/58 [LM] ===
2025-11-27 11:37:57,628 - INFO - Janela de seleção aberta
2025-11-27 11:38:01,867 - INFO - DEBUG: idx=2, inicio=30, fim=45
2025-11-27 11:38:01,867 - INFO - ✅ 15 OS copiadas para a área de transferência.
2025-11-27 11:38:01,867 - INFO - 📋 Lote 3 copiado.
2025-11-27 11:38:10,197 - INFO - ⌛ Esperando mudança visual...
2025-11-27 11:38:11,201 - INFO - ⌛ Esperando mudança visual...
2025-11-27 11:38:12,222 - INFO - ⌛ Esperando mudança visual...
2025-11-27 11:38:13,227 - INFO - ⌛ Esperando mudança visual...
2025-11-27 11:38:14,255 - INFO - ⌛ Esperando mudança visual...
2025-11-27 11:38:15,273 - INFO - ⌛ Esperando mudança visual...
2025-11-27 11:38:16,285 - INFO - ⌛ Esperando mudança visual...
2025-11-27 11:38:17,301 - INFO - ⌛ Esperando mudança visual...
2025-11-27 11:38:18,319 - INFO - ⌛ Esperando mudança visual...
2025-11-27 11:38:19,333 - INFO - ⌛ Esperando mudança visual...
2025-11-27 11:38:20,348 - INFO - ⌛ Esperando mudança visual...
2025-11-27 11:38:21,361 - INFO - ⌛ Esperando mudança visual...
2025-11-27 11:38:22,377 - INFO - ⌛ Esperando mudança visual...
2025-11-27 11:38:23,398 - INFO - ⌛ Esperando mudança visual...
2025-11-27 11:38:24,410 - INFO - ✅ Tela carregada!
2025-11-27 11:38:34,877 - INFO - ⌛ Aguardando janela de confirmação de desbloqueio...
2025-11-27 11:38:55,177 - INFO - 🟨 Registros desbloqueados com sucesso
2025-11-27 11:39:08,786 - INFO - 🟨 OS programadas detectadas
2025-11-27 11:39:11,953 - INFO - ⌛ Aguardando janela de edição de OS...
2025-11-27 11:39:32,307 - INFO - 🟨 Janela de edição de OS detectada
2025-11-27 11:39:40,651 - INFO - 🟨 Janela de edição de habilidade da turma detectada
2025-11-27 11:40:25,971 - INFO - ⌛ Aguardando detecção do campo de caracteristica 'EQUIPE PRÓPRIA OU EPS' ...
2025-11-27 11:40:46,120 - INFO - ⌛ Aguardando detecção do campo de caracteristica 'EQUIPE PRÓPRIA OU EPS' ...
2025-11-27 11:41:06,280 - INFO - ⌛ Aguardando detecção do campo de caracteristica 'EQUIPE PRÓPRIA OU EPS' ...
2025-11-27 11:41:26,432 - INFO - 🟨 campo de caracteristica 'EQUIPE PRÓPRIA OU EPS detectado
2025-11-27 11:41:48,185 - INFO - ⌛ Aguardando confirmação 4 - editar OS...
2025-11-27 11:42:08,458 - INFO - ⌛ Aguardando confirmação 4 - editar OS...
2025-11-27 11:43:09,413 - INFO - ⌛ Aguardando janela de confirmação de programação de OS...
2025-11-27 11:43:29,730 - INFO - 🟨 Janela de confirmação de programação de OS detectada
2025-11-27 11:43:33,048 - INFO - ⌛ aguardando janela de programação de lote de OS...
2025-11-27 11:43:53,419 - INFO - 🟨 Janela de aviso de edição de OS programadas detectada
2025-11-27 11:43:57,682 - INFO - ⌛ aguardando janela de programação de lote de OS...
2025-11-27 11:44:18,100 - INFO - 🟨 Janela de aviso de substituição de lote de OS detectada
2025-11-27 11:44:24,362 - INFO - ⌛ aguardando janela de programação de lote de OS...
2025-11-27 11:44:44,739 - INFO - 🟨 Janela de programação de lote de OS detectada
2025-11-27 11:45:12,192 - INFO - ⌛ aguardando janela de confirmação de programação de lote de OS...
2025-11-27 11:45:32,462 - INFO - 🟨 Janela de confirmação de programação de lote de OS detectada
2025-11-27 11:45:36,748 - INFO - ⌛ aguardando confirmação final de programação do lote
2025-11-27 11:45:57,109 - INFO - 🟨 programação do lote 3 efetuado com sucesso
2025-11-27 11:46:10,260 - INFO - 
=== Iniciando lote 4/58 [LM] ===
2025-11-27 11:46:16,615 - INFO - Janela de seleção aberta
2025-11-27 11:46:20,858 - INFO - DEBUG: idx=3, inicio=45, fim=60
2025-11-27 11:46:20,858 - INFO - ✅ 15 OS copiadas para a área de transferência.
2025-11-27 11:46:20,858 - INFO - 📋 Lote 4 copiado.
2025-11-27 11:46:29,182 - INFO - ⌛ Esperando mudança visual...
2025-11-27 11:46:30,200 - INFO - ⌛ Esperando mudança visual...
2025-11-27 11:46:31,212 - INFO - ⌛ Esperando mudança visual...
2025-11-27 11:46:32,230 - INFO - ⌛ Esperando mudança visual...
2025-11-27 11:46:33,271 - INFO - ⌛ Esperando mudança visual...
2025-11-27 11:46:34,297 - INFO - ⌛ Esperando mudança visual...
2025-11-27 11:46:35,313 - INFO - ⌛ Esperando mudança visual...
2025-11-27 11:46:36,322 - INFO - ⌛ Esperando mudança visual...
2025-11-27 11:46:37,326 - INFO - ⌛ Esperando mudança visual...
2025-11-27 11:46:38,358 - INFO - ⌛ Esperando mudança visual...
2025-11-27 11:46:39,386 - INFO - ⌛ Esperando mudança visual...
2025-11-27 11:46:40,393 - INFO - ⌛ Esperando mudança visual...
2025-11-27 11:46:41,406 - INFO - ✅ Tela carregada!
2025-11-27 11:46:51,913 - INFO - ⌛ Aguardando janela de confirmação de desbloqueio...
2025-11-27 11:47:12,196 - INFO - ⌛ Aguardando janela de confirmação de desbloqueio...
2025-11-27 11:47:32,494 - INFO - ⌛ Aguardando janela de confirmação de desbloqueio...
2025-11-27 11:47:52,780 - INFO - ⌛ Aguardando janela de confirmação de desbloqueio...
2025-11-27 11:48:13,054 - INFO - ⌛ Aguardando janela de confirmação de desbloqueio...
2025-11-27 11:48:33,333 - INFO - ⌛ Aguardando janela de confirmação de desbloqueio...
2025-11-27 11:48:53,607 - INFO - ⌛ Aguardando janela de confirmação de desbloqueio...
2025-11-27 11:49:13,909 - INFO - ⌛ Aguardando janela de confirmação de desbloqueio...
2025-11-27 11:49:34,194 - INFO - ⌛ Aguardando janela de confirmação de desbloqueio...
2025-11-27 11:49:54,472 - INFO - ⌛ Aguardando janela de confirmação de desbloqueio...
2025-11-27 11:50:14,790 - INFO - ⌛ Aguardando janela de confirmação de desbloqueio...
2025-11-27 11:50:35,081 - INFO - ⌛ Aguardando janela de confirmação de desbloqueio...
2025-11-27 11:50:55,384 - INFO - ⌛ Aguardando janela de confirmação de desbloqueio...
2025-11-27 11:51:15,689 - INFO - ⌛ Aguardando janela de confirmação de desbloqueio...
2025-11-27 11:51:36,004 - INFO - ⌛ Aguardando janela de confirmação de desbloqueio...
2025-11-27 11:51:56,323 - INFO - ⌛ Aguardando janela de confirmação de desbloqueio...
2025-11-27 11:52:16,638 - INFO - ⌛ Aguardando janela de confirmação de desbloqueio...
2025-11-27 11:52:36,933 - INFO - ⌛ Aguardando janela de confirmação de desbloqueio...
2025-11-27 11:52:57,227 - INFO - ⌛ Aguardando janela de confirmação de desbloqueio...
2025-11-27 11:53:17,528 - INFO - ⌛ Aguardando janela de confirmação de desbloqueio...
2025-11-27 11:53:37,839 - INFO - ⌛ Aguardando janela de confirmação de desbloqueio...
2025-11-27 11:53:58,147 - INFO - ⌛ Aguardando janela de confirmação de desbloqueio...
2025-11-27 11:54:18,440 - INFO - ⌛ Aguardando janela de confirmação de desbloqueio...
2025-11-27 11:54:38,744 - INFO - ⌛ Aguardando janela de confirmação de desbloqueio...
2025-11-27 11:54:59,029 - INFO - ⌛ Aguardando janela de confirmação de desbloqueio...
2025-11-27 11:55:19,367 - INFO - ⌛ Aguardando janela de confirmação de desbloqueio...
2025-11-27 11:55:39,712 - INFO - ⌛ Aguardando janela de confirmação de desbloqueio...
2025-11-27 11:56:00,043 - INFO - ⌛ Aguardando janela de confirmação de desbloqueio...
2025-11-27 11:56:20,375 - INFO - 🟨 Registros desbloqueados com sucesso
2025-11-27 11:56:34,000 - INFO - ⌛ Aguardando janela de edição de OS...
2025-11-27 11:56:54,358 - INFO - 🟨 OS programadas detectadas
2025-11-27 11:56:57,523 - INFO - ⌛ Aguardando janela de edição de OS...
2025-11-27 11:57:17,887 - INFO - 🟨 Janela de edição de OS detectada
2025-11-27 11:57:26,256 - INFO - 🟨 Janela de edição de habilidade da turma detectada
2025-11-27 11:58:11,560 - INFO - ⌛ Aguardando detecção do campo de caracteristica 'EQUIPE PRÓPRIA OU EPS' ...
2025-11-27 11:58:31,722 - INFO - ⌛ Aguardando detecção do campo de caracteristica 'EQUIPE PRÓPRIA OU EPS' ...
2025-11-27 11:58:51,886 - INFO - ⌛ Aguardando detecção do campo de caracteristica 'EQUIPE PRÓPRIA OU EPS' ...
2025-11-27 11:59:12,020 - INFO - 🟨 campo de caracteristica 'EQUIPE PRÓPRIA OU EPS detectado
2025-11-27 11:59:33,758 - INFO - ⌛ Aguardando confirmação 4 - editar OS...
2025-11-27 11:59:54,079 - INFO - ⌛ Aguardando confirmação 4 - editar OS...
2025-11-27 12:00:54,992 - INFO - ⌛ Aguardando janela de confirmação de programação de OS...
2025-11-27 12:01:15,290 - INFO - 🟨 Janela de confirmação de programação de OS detectada
2025-11-27 12:01:18,613 - INFO - ⌛ aguardando janela de programação de lote de OS...
2025-11-27 12:01:39,047 - INFO - 🟨 Janela de aviso de edição de OS programadas detectada
2025-11-27 12:01:43,326 - INFO - ⌛ aguardando janela de programação de lote de OS...
2025-11-27 12:02:03,761 - INFO - 🟨 Janela de aviso de substituição de lote de OS detectada
2025-11-27 12:02:10,034 - INFO - ⌛ aguardando janela de programação de lote de OS...
2025-11-27 12:02:30,484 - INFO - ⌛ aguardando janela de programação de lote de OS...
2025-11-27 12:02:30,612 - INFO - 🟨 Identificado travamento no EQM, reiniciando contador de espera
2025-11-27 12:02:50,923 - INFO - ⌛ aguardando janela de programação de lote de OS...
2025-11-27 12:02:51,042 - INFO - 🟨 Identificado travamento no EQM, reiniciando contador de espera
2025-11-27 12:03:11,353 - INFO - ⌛ aguardando janela de programação de lote de OS...
2025-11-27 12:03:11,479 - INFO - 🟨 Identificado travamento no EQM, reiniciando contador de espera
2025-11-27 12:03:11,479 - INFO - 🟨 Identificado travamento no EQM, reiniciando contador de espera
2025-11-27 12:03:31,766 - INFO - ⌛ aguardando janela de programação de lote de OS...
2025-11-27 12:03:31,892 - INFO - 🟨 Identificado travamento no EQM, reiniciando contador de espera
2025-11-27 12:03:31,892 - INFO - 🟨 Identificado travamento no EQM, reiniciando contador de espera
2025-11-27 12:03:52,179 - INFO - ⌛ aguardando janela de programação de lote de OS...
2025-11-27 12:03:52,314 - INFO - 🟨 Identificado travamento no EQM, reiniciando contador de espera
2025-11-27 12:03:52,314 - INFO - 🟨 Identificado travamento no EQM, reiniciando contador de espera
2025-11-27 12:04:12,602 - INFO - ⌛ aguardando janela de programação de lote de OS...
2025-11-27 12:04:12,761 - INFO - 🟨 Identificado travamento no EQM, reiniciando contador de espera
2025-11-27 12:04:12,761 - INFO - 🟨 Identificado travamento no EQM, reiniciando contador de espera
2025-11-27 12:04:33,018 - INFO - ⌛ aguardando janela de programação de lote de OS...
2025-11-27 12:04:33,142 - INFO - 🟨 Identificado travamento no EQM, reiniciando contador de espera
2025-11-27 12:04:33,142 - INFO - 🟨 Identificado travamento no EQM, reiniciando contador de espera
2025-11-27 12:04:53,425 - INFO - ⌛ aguardando janela de programação de lote de OS...
2025-11-27 12:04:53,554 - INFO - 🟨 Identificado travamento no EQM, reiniciando contador de espera
2025-11-27 12:04:53,554 - INFO - 🟨 Identificado travamento no EQM, reiniciando contador de espera
2025-11-27 12:05:13,824 - INFO - ⌛ aguardando janela de programação de lote de OS...
2025-11-27 12:05:13,951 - INFO - 🟨 Identificado travamento no EQM, reiniciando contador de espera
2025-11-27 12:05:13,951 - INFO - 🟨 Identificado travamento no EQM, reiniciando contador de espera
2025-11-27 12:05:34,210 - INFO - ⌛ aguardando janela de programação de lote de OS...
2025-11-27 12:05:34,348 - INFO - 🟨 Identificado travamento no EQM, reiniciando contador de espera
2025-11-27 12:05:34,348 - INFO - 🟨 Identificado travamento no EQM, reiniciando contador de espera
2025-11-27 12:05:54,635 - INFO - ⌛ aguardando janela de programação de lote de OS...
2025-11-27 12:05:54,746 - INFO - 🟨 Identificado travamento no EQM, reiniciando contador de espera
2025-11-27 12:05:54,748 - INFO - 🟨 Identificado travamento no EQM, reiniciando contador de espera
2025-11-27 12:06:15,042 - INFO - ⌛ aguardando janela de programação de lote de OS...
2025-11-27 12:06:15,176 - INFO - 🟨 Identificado travamento no EQM, reiniciando contador de espera
2025-11-27 12:06:15,176 - INFO - 🟨 Identificado travamento no EQM, reiniciando contador de espera
2025-11-27 12:06:35,623 - INFO - ⌛ aguardando janela de programação de lote de OS...
2025-11-27 12:06:35,875 - INFO - 🟨 Identificado travamento no EQM, reiniciando contador de espera
2025-11-27 12:06:35,895 - INFO - 🟨 Identificado travamento no EQM, reiniciando contador de espera
2025-11-27 12:06:56,160 - INFO - ⌛ aguardando janela de programação de lote de OS...
2025-11-27 12:06:56,269 - INFO - 🟨 Identificado travamento no EQM, reiniciando contador de espera
2025-11-27 12:06:56,269 - INFO - 🟨 Identificado travamento no EQM, reiniciando contador de espera
2025-11-27 12:07:16,578 - INFO - ⌛ aguardando janela de programação de lote de OS...
2025-11-27 12:07:16,713 - INFO - 🟨 Identificado travamento no EQM, reiniciando contador de espera
2025-11-27 12:07:16,713 - INFO - 🟨 Identificado travamento no EQM, reiniciando contador de espera
2025-11-27 12:07:36,981 - INFO - ⌛ aguardando janela de programação de lote de OS...
2025-11-27 12:07:37,112 - INFO - 🟨 Identificado travamento no EQM, reiniciando contador de espera
2025-11-27 12:07:37,112 - INFO - 🟨 Identificado travamento no EQM, reiniciando contador de espera
2025-11-27 12:07:57,404 - INFO - ⌛ aguardando janela de programação de lote de OS...
2025-11-27 12:07:57,526 - INFO - 🟨 Identificado travamento no EQM, reiniciando contador de espera
2025-11-27 12:07:57,526 - INFO - 🟨 Identificado travamento no EQM, reiniciando contador de espera
2025-11-27 12:08:17,817 - INFO - ⌛ aguardando janela de programação de lote de OS...
2025-11-27 12:08:17,938 - INFO - 🟨 Identificado travamento no EQM, reiniciando contador de espera
2025-11-27 12:08:17,938 - INFO - 🟨 Identificado travamento no EQM, reiniciando contador de espera
2025-11-27 12:08:38,215 - INFO - ⌛ aguardando janela de programação de lote de OS...
2025-11-27 12:08:38,335 - INFO - 🟨 Identificado travamento no EQM, reiniciando contador de espera
2025-11-27 12:08:38,335 - INFO - 🟨 Identificado travamento no EQM, reiniciando contador de espera
2025-11-27 12:08:58,664 - INFO - ⌛ aguardando janela de programação de lote de OS...
2025-11-27 12:08:58,787 - INFO - 🟨 Identificado travamento no EQM, reiniciando contador de espera
2025-11-27 12:08:58,787 - INFO - 🟨 Identificado travamento no EQM, reiniciando contador de espera
2025-11-27 12:09:19,053 - INFO - ⌛ aguardando janela de programação de lote de OS...
2025-11-27 12:09:19,193 - INFO - 🟨 Identificado travamento no EQM, reiniciando contador de espera
2025-11-27 12:09:19,193 - INFO - 🟨 Identificado travamento no EQM, reiniciando contador de espera
2025-11-27 12:09:39,459 - INFO - ⌛ aguardando janela de programação de lote de OS...
2025-11-27 12:09:39,609 - INFO - 🟨 Identificado travamento no EQM, reiniciando contador de espera
2025-11-27 12:09:39,609 - INFO - 🟨 Identificado travamento no EQM, reiniciando contador de espera
2025-11-27 12:09:59,900 - INFO - ⌛ aguardando janela de programação de lote de OS...
2025-11-27 12:10:00,033 - INFO - 🟨 Identificado travamento no EQM, reiniciando contador de espera
2025-11-27 12:10:00,033 - INFO - 🟨 Identificado travamento no EQM, reiniciando contador de espera
2025-11-27 12:10:20,331 - INFO - ⌛ aguardando janela de programação de lote de OS...
2025-11-27 12:10:20,452 - INFO - 🟨 Identificado travamento no EQM, reiniciando contador de espera
2025-11-27 12:10:20,452 - INFO - 🟨 Identificado travamento no EQM, reiniciando contador de espera
2025-11-27 12:10:40,754 - INFO - ⌛ aguardando janela de programação de lote de OS...
2025-11-27 12:10:40,881 - INFO - 🟨 Identificado travamento no EQM, reiniciando contador de espera
2025-11-27 12:10:40,881 - INFO - 🟨 Identificado travamento no EQM, reiniciando contador de espera
2025-11-27 12:11:01,198 - INFO - ⌛ aguardando janela de programação de lote de OS...
2025-11-27 12:11:01,343 - INFO - 🟨 Identificado travamento no EQM, reiniciando contador de espera
2025-11-27 12:11:01,343 - INFO - 🟨 Identificado travamento no EQM, reiniciando contador de espera
2025-11-27 12:11:21,604 - INFO - ⏱️ Tempo limite atingido. Abortando seleção
2025-11-27 12:24:20,709 - INFO - Data hoje: 27/11/2025
2025-11-27 12:24:20,709 - INFO - Data de referência: 30/11/2025
2025-11-27 12:24:25,616 - INFO - 
Qtde LINHA VIVA: 1250
2025-11-27 12:24:25,616 - INFO - Qtde LINHA MORTA/PESADA/FAIXA: 865
2025-11-27 12:24:26,349 - INFO - 
Arquivo gerado: C:\Users\U469784\venvs\py311\bot_programacao\EXCEL\pendentes_20251127.xlsx
2025-11-27 12:24:26,651 - INFO - 
 Qtd de lotes de LM: 58
2025-11-27 12:24:26,651 - INFO - 
 Qtd de lotes de LV: 84
2025-11-27 12:24:26,651 - INFO - 
=== Iniciando lote 4/58 [LM] ===
2025-11-27 12:24:33,061 - INFO - Janela de seleção aberta
2025-11-27 12:24:37,312 - INFO - DEBUG: idx=3, inicio=45, fim=60
2025-11-27 12:24:37,312 - INFO - ✅ 15 OS copiadas para a área de transferência.
2025-11-27 12:24:37,312 - INFO - 📋 Lote 4 copiado.
2025-11-27 12:24:45,632 - INFO - ⌛ Esperando mudança visual...
2025-11-27 12:24:46,650 - INFO - ⌛ Esperando mudança visual...
2025-11-27 12:24:47,675 - INFO - ⌛ Esperando mudança visual...
2025-11-27 12:24:48,678 - INFO - ⌛ Esperando mudança visual...
2025-11-27 12:24:49,707 - INFO - ⌛ Esperando mudança visual...
2025-11-27 12:24:50,709 - INFO - ⌛ Esperando mudança visual...
2025-11-27 12:24:51,723 - INFO - ⌛ Esperando mudança visual...
2025-11-27 12:24:52,738 - INFO - ⌛ Esperando mudança visual...
2025-11-27 12:24:53,753 - INFO - ⌛ Esperando mudança visual...
2025-11-27 12:24:54,771 - INFO - ✅ Tela carregada!
2025-11-27 12:25:05,271 - INFO - ⌛ Aguardando janela de confirmação de desbloqueio...
2025-11-27 12:25:25,558 - INFO - 🟨 Registros desbloqueados com sucesso
2025-11-27 12:25:39,149 - INFO - 🟨 OS programadas detectadas
2025-11-27 12:25:42,303 - INFO - ⌛ Aguardando janela de edição de OS...
2025-11-27 12:26:02,648 - INFO - 🟨 Janela de edição de OS detectada
2025-11-27 12:26:10,996 - INFO - 🟨 Janela de edição de habilidade da turma detectada
2025-11-27 12:26:56,323 - INFO - ⌛ Aguardando detecção do campo de caracteristica 'EQUIPE PRÓPRIA OU EPS' ...
2025-11-27 12:27:16,480 - INFO - ⌛ Aguardando detecção do campo de caracteristica 'EQUIPE PRÓPRIA OU EPS' ...
2025-11-27 12:27:36,632 - INFO - ⌛ Aguardando detecção do campo de caracteristica 'EQUIPE PRÓPRIA OU EPS' ...
2025-11-27 12:27:56,769 - INFO - 🟨 campo de caracteristica 'EQUIPE PRÓPRIA OU EPS detectado
2025-11-27 12:28:18,521 - INFO - ⌛ Aguardando confirmação 4 - editar OS...
2025-11-27 12:29:19,477 - INFO - ⌛ Aguardando janela de confirmação de programação de OS...
2025-11-27 12:29:39,798 - INFO - 🟨 Janela de confirmação de programação de OS detectada
2025-11-27 12:29:43,123 - INFO - ⌛ aguardando janela de programação de lote de OS...
2025-11-27 12:30:03,581 - INFO - 🟨 Janela de aviso de edição de OS programadas detectada
2025-11-27 12:30:07,847 - INFO - ⌛ aguardando janela de programação de lote de OS...
2025-11-27 12:30:28,277 - INFO - 🟨 Janela de aviso de substituição de lote de OS detectada
2025-11-27 12:30:34,545 - INFO - ⌛ aguardando janela de programação de lote de OS...
2025-11-27 12:30:54,946 - INFO - 🟨 Janela de programação de lote de OS detectada
2025-11-27 12:31:22,419 - INFO - ⌛ aguardando janela de confirmação de programação de lote de OS...
2025-11-27 12:31:42,718 - INFO - 🟨 Janela de confirmação de programação de lote de OS detectada
2025-11-27 12:31:46,975 - INFO - ⌛ aguardando confirmação final de programação do lote
2025-11-27 12:32:07,306 - INFO - 🟨 programação do lote 4 efetuado com sucesso
2025-11-27 12:32:20,460 - INFO - 
=== Iniciando lote 5/58 [LM] ===
2025-11-27 12:32:26,807 - INFO - Janela de seleção aberta
2025-11-27 12:32:31,052 - INFO - DEBUG: idx=4, inicio=60, fim=75
2025-11-27 12:32:31,052 - INFO - ✅ 15 OS copiadas para a área de transferência.
2025-11-27 12:32:31,052 - INFO - 📋 Lote 5 copiado.
2025-11-27 12:32:39,381 - INFO - ⌛ Esperando mudança visual...
2025-11-27 12:32:40,401 - INFO - ⌛ Esperando mudança visual...
2025-11-27 12:32:41,429 - INFO - ⌛ Esperando mudança visual...
2025-11-27 12:32:42,453 - INFO - ⌛ Esperando mudança visual...
2025-11-27 12:32:43,464 - INFO - ⌛ Esperando mudança visual...
2025-11-27 12:32:44,492 - INFO - ⌛ Esperando mudança visual...
2025-11-27 12:32:45,503 - INFO - ⌛ Esperando mudança visual...
2025-11-27 12:32:46,510 - INFO - ⌛ Esperando mudança visual...
2025-11-27 12:32:47,531 - INFO - ⌛ Esperando mudança visual...
2025-11-27 12:32:48,539 - INFO - ⌛ Esperando mudança visual...
2025-11-27 12:32:49,554 - INFO - ⌛ Esperando mudança visual...
2025-11-27 12:32:50,573 - INFO - ⌛ Esperando mudança visual...
2025-11-27 12:32:51,585 - INFO - ✅ Tela carregada!
2025-11-27 12:33:02,057 - INFO - ⌛ Aguardando janela de confirmação de desbloqueio...
2025-11-27 12:33:22,336 - INFO - 🟨 Registros desbloqueados com sucesso
2025-11-27 12:33:35,903 - INFO - 🟨 OS programadas detectadas
2025-11-27 12:33:39,080 - INFO - ⌛ Aguardando janela de edição de OS...
2025-11-27 12:33:59,429 - INFO - 🟨 Janela de edição de OS detectada
2025-11-27 12:34:07,776 - INFO - 🟨 Janela de edição de habilidade da turma detectada
2025-11-27 12:34:53,085 - INFO - ⌛ Aguardando detecção do campo de caracteristica 'EQUIPE PRÓPRIA OU EPS' ...
2025-11-27 12:35:13,234 - INFO - ⌛ Aguardando detecção do campo de caracteristica 'EQUIPE PRÓPRIA OU EPS' ...
2025-11-27 12:35:33,383 - INFO - ⌛ Aguardando detecção do campo de caracteristica 'EQUIPE PRÓPRIA OU EPS' ...
2025-11-27 12:35:53,537 - INFO - 🟨 campo de caracteristica 'EQUIPE PRÓPRIA OU EPS detectado
2025-11-27 12:36:15,256 - INFO - ⌛ Aguardando confirmação 4 - editar OS...
2025-11-27 12:36:35,667 - INFO - ⌛ Aguardando confirmação 4 - editar OS...
2025-11-27 12:37:36,715 - INFO - ⌛ Aguardando janela de confirmação de programação de OS...
2025-11-27 12:37:57,003 - INFO - 🟨 Janela de confirmação de programação de OS detectada
2025-11-27 12:38:00,318 - INFO - ⌛ aguardando janela de programação de lote de OS...
2025-11-27 12:38:20,684 - INFO - 🟨 Janela de aviso de edição de OS programadas detectada
2025-11-27 12:38:24,957 - INFO - ⌛ aguardando janela de programação de lote de OS...
2025-11-27 12:38:45,329 - INFO - 🟨 Janela de aviso de substituição de lote de OS detectada
2025-11-27 12:38:51,625 - INFO - ⌛ aguardando janela de programação de lote de OS...
2025-11-27 12:39:11,996 - INFO - 🟨 Janela de programação de lote de OS detectada
2025-11-27 12:39:39,440 - INFO - ⌛ aguardando janela de confirmação de programação de lote de OS...
2025-11-27 12:39:59,728 - INFO - 🟨 Janela de confirmação de programação de lote de OS detectada
2025-11-27 12:40:03,994 - INFO - ⌛ aguardando confirmação final de programação do lote
2025-11-27 12:40:24,344 - INFO - ⌛ aguardando confirmação final de programação do lote
2025-11-27 12:40:44,706 - INFO - ⌛ aguardando confirmação final de programação do lote
2025-11-27 12:41:05,076 - INFO - ⌛ aguardando confirmação final de programação do lote
2025-11-27 12:41:25,441 - INFO - ⌛ aguardando confirmação final de programação do lote
2025-11-27 12:41:45,798 - INFO - ⌛ aguardando confirmação final de programação do lote
2025-11-27 12:42:06,126 - INFO - ⌛ aguardando confirmação final de programação do lote
2025-11-27 12:42:26,507 - INFO - ⌛ aguardando confirmação final de programação do lote
2025-11-27 12:42:46,857 - INFO - 🟨 programação do lote 5 efetuado com sucesso
2025-11-27 12:43:00,022 - INFO - 
=== Iniciando lote 6/58 [LM] ===
2025-11-27 12:43:06,374 - INFO - Janela de seleção aberta
2025-11-27 12:43:10,627 - INFO - DEBUG: idx=5, inicio=75, fim=90
2025-11-27 12:43:10,627 - INFO - ✅ 15 OS copiadas para a área de transferência.
2025-11-27 12:43:10,627 - INFO - 📋 Lote 6 copiado.
2025-11-27 12:43:18,960 - INFO - ⌛ Esperando mudança visual...
2025-11-27 12:43:19,974 - INFO - ⌛ Esperando mudança visual...
2025-11-27 12:43:20,991 - INFO - ⌛ Esperando mudança visual...
2025-11-27 12:43:22,010 - INFO - ⌛ Esperando mudança visual...
2025-11-27 12:43:23,017 - INFO - ⌛ Esperando mudança visual...
2025-11-27 12:43:24,034 - INFO - ⌛ Esperando mudança visual...
2025-11-27 12:43:25,050 - INFO - ⌛ Esperando mudança visual...
2025-11-27 12:43:26,061 - INFO - ⌛ Esperando mudança visual...
2025-11-27 12:43:27,088 - INFO - ⌛ Esperando mudança visual...
2025-11-27 12:43:28,095 - INFO - ⌛ Esperando mudança visual...
2025-11-27 12:43:29,110 - INFO - ⌛ Esperando mudança visual...
2025-11-27 12:43:30,126 - INFO - ✅ Tela carregada!
2025-11-27 12:43:40,595 - INFO - ⌛ Aguardando janela de confirmação de desbloqueio...
2025-11-27 12:44:00,882 - INFO - ⌛ Aguardando janela de confirmação de desbloqueio...
2025-11-27 12:44:21,160 - INFO - ⌛ Aguardando janela de confirmação de desbloqueio...
2025-11-27 12:44:41,468 - INFO - ⌛ Aguardando janela de confirmação de desbloqueio...
2025-11-27 12:45:01,748 - INFO - ⌛ Aguardando janela de confirmação de desbloqueio...
2025-11-27 12:45:22,048 - INFO - ⌛ Aguardando janela de confirmação de desbloqueio...
2025-11-27 12:45:42,326 - INFO - ⌛ Aguardando janela de confirmação de desbloqueio...
2025-11-27 12:46:02,612 - INFO - ⌛ Aguardando janela de confirmação de desbloqueio...
2025-11-27 12:46:22,924 - INFO - ⌛ Aguardando janela de confirmação de desbloqueio...
2025-11-27 12:46:43,231 - INFO - ⌛ Aguardando janela de confirmação de desbloqueio...
2025-11-27 12:47:03,512 - INFO - ⌛ Aguardando janela de confirmação de desbloqueio...
2025-11-27 12:47:23,814 - INFO - ⌛ Aguardando janela de confirmação de desbloqueio...
2025-11-27 12:47:44,088 - INFO - ⌛ Aguardando janela de confirmação de desbloqueio...
2025-11-27 12:48:04,380 - INFO - ⌛ Aguardando janela de confirmação de desbloqueio...
2025-11-27 12:48:24,635 - INFO - ⌛ Aguardando janela de confirmação de desbloqueio...
2025-11-27 12:48:44,916 - INFO - ⌛ Aguardando janela de confirmação de desbloqueio...
2025-11-27 12:49:05,190 - INFO - ⌛ Aguardando janela de confirmação de desbloqueio...
2025-11-27 12:49:25,490 - INFO - ⌛ Aguardando janela de confirmação de desbloqueio...
2025-11-27 12:49:45,782 - INFO - ⌛ Aguardando janela de confirmação de desbloqueio...
2025-11-27 12:50:06,086 - INFO - ⌛ Aguardando janela de confirmação de desbloqueio...
2025-11-27 12:50:26,372 - INFO - ⌛ Aguardando janela de confirmação de desbloqueio...
2025-11-27 12:50:46,636 - INFO - ⌛ Aguardando janela de confirmação de desbloqueio...
2025-11-27 12:51:06,912 - INFO - ⌛ Aguardando janela de confirmação de desbloqueio...
2025-11-27 12:51:27,206 - INFO - ⌛ Aguardando janela de confirmação de desbloqueio...
2025-11-27 12:51:47,489 - INFO - ⌛ Aguardando janela de confirmação de desbloqueio...
2025-11-27 12:52:07,777 - INFO - ⌛ Aguardando janela de confirmação de desbloqueio...
2025-11-27 12:52:28,048 - INFO - ⌛ Aguardando janela de confirmação de desbloqueio...
2025-11-27 12:52:48,316 - INFO - ⌛ Aguardando janela de confirmação de desbloqueio...
2025-11-27 12:53:08,612 - INFO - ⌛ Aguardando janela de confirmação de desbloqueio...
2025-11-27 12:53:28,913 - INFO - ⌛ Aguardando janela de confirmação de desbloqueio...
2025-11-27 12:53:49,199 - INFO - ⏱️ Tempo limite atingido. Abortando programa
2025-11-27 13:39:15,376 - INFO - Data hoje: 27/11/2025
2025-11-27 13:39:15,376 - INFO - Data de referência: 30/11/2025
2025-11-27 13:39:22,608 - INFO - 
Qtde LINHA VIVA: 1250
2025-11-27 13:39:22,608 - INFO - Qtde LINHA MORTA/PESADA/FAIXA: 865
2025-11-27 13:39:23,358 - INFO - 
Arquivo gerado: C:\Users\U469784\venvs\py311\bot_programacao\EXCEL\pendentes_20251127.xlsx
2025-11-27 13:39:23,647 - INFO - 
 Qtd de lotes de LM: 58
2025-11-27 13:39:23,648 - INFO - 
 Qtd de lotes de LV: 84
2025-11-27 13:39:23,648 - INFO - 
=== Iniciando lote 6/58 [LM] ===
2025-11-27 13:39:30,022 - INFO - Janela de seleção aberta
2025-11-27 13:39:34,265 - INFO - DEBUG: idx=5, inicio=75, fim=90
2025-11-27 13:39:34,265 - INFO - ✅ 15 OS copiadas para a área de transferência.
2025-11-27 13:39:34,265 - INFO - 📋 Lote 6 copiado.
2025-11-27 13:39:42,595 - INFO - ⌛ Esperando mudança visual...
2025-11-27 13:39:43,613 - INFO - ✅ Tela carregada!
2025-11-27 13:39:54,093 - INFO - ⌛ Aguardando janela de confirmação de desbloqueio...
2025-11-27 13:40:14,398 - INFO - 🟨 Registros desbloqueados com sucesso
2025-11-27 13:40:27,983 - INFO - 🟨 OS programadas detectadas
2025-11-27 13:40:31,135 - INFO - ⌛ Aguardando janela de edição de OS...
2025-11-27 13:40:51,458 - INFO - 🟨 Janela de edição de OS detectada
2025-11-27 13:40:59,818 - INFO - 🟨 Janela de edição de habilidade da turma detectada
2025-11-27 13:41:45,145 - INFO - ⌛ Aguardando detecção do campo de caracteristica 'EQUIPE PRÓPRIA OU EPS' ...
2025-11-27 13:42:05,318 - INFO - ⌛ Aguardando detecção do campo de caracteristica 'EQUIPE PRÓPRIA OU EPS' ...
2025-11-27 13:42:25,494 - INFO - ⌛ Aguardando detecção do campo de caracteristica 'EQUIPE PRÓPRIA OU EPS' ...
2025-11-27 13:42:45,648 - INFO - 🟨 campo de caracteristica 'EQUIPE PRÓPRIA OU EPS detectado
2025-11-27 13:43:07,407 - INFO - ⌛ Aguardando confirmação 4 - editar OS...
2025-11-27 13:43:27,734 - INFO - ⌛ Aguardando confirmação 4 - editar OS...
2025-11-27 13:44:28,756 - INFO - ⌛ Aguardando janela de confirmação de programação de OS...
2025-11-27 13:44:49,068 - INFO - 🟨 Janela de confirmação de programação de OS detectada
2025-11-27 13:44:52,668 - INFO - 🟨 Janela de aviso de edição de OS programadas detectada
2025-11-27 13:44:57,086 - INFO - ⌛ aguardando janela de programação de lote de OS...
2025-11-27 13:45:18,157 - INFO - 🟨 Janela de aviso de substituição de lote de OS detectada
2025-11-27 13:45:24,542 - INFO - ⌛ aguardando janela de programação de lote de OS...
2025-11-27 13:45:45,594 - INFO - 🟨 Janela de programação de lote de OS detectada
2025-11-27 13:46:13,173 - INFO - ⌛ aguardando janela de confirmação de programação de lote de OS...
2025-11-27 13:46:33,879 - INFO - 🟨 Janela de confirmação de programação de lote de OS detectada
2025-11-27 13:46:38,506 - INFO - ⌛ aguardando confirmação final de programação do lote
2025-11-27 13:46:59,294 - INFO - ⌛ aguardando confirmação final de programação do lote
2025-11-27 13:47:20,119 - INFO - ⌛ aguardando confirmação final de programação do lote
2025-11-27 13:47:40,934 - INFO - ⌛ aguardando confirmação final de programação do lote
2025-11-27 13:48:01,703 - INFO - ⌛ aguardando confirmação final de programação do lote
2025-11-27 13:48:22,517 - INFO - ⌛ aguardando confirmação final de programação do lote
2025-11-27 13:48:43,295 - INFO - ⌛ aguardando confirmação final de programação do lote
2025-11-27 13:49:03,912 - INFO - ⌛ aguardando confirmação final de programação do lote
2025-11-27 13:49:24,278 - INFO - ⌛ aguardando confirmação final de programação do lote
2025-11-27 13:49:44,666 - INFO - ⌛ aguardando confirmação final de programação do lote
2025-11-27 13:50:05,055 - INFO - ⌛ aguardando confirmação final de programação do lote
2025-11-27 13:50:25,480 - INFO - ⌛ aguardando confirmação final de programação do lote
2025-11-27 13:50:45,881 - INFO - ⌛ aguardando confirmação final de programação do lote
2025-11-27 13:51:06,269 - INFO - ⌛ aguardando confirmação final de programação do lote
2025-11-27 13:51:26,622 - INFO - ⌛ aguardando confirmação final de programação do lote
2025-11-27 13:51:47,016 - INFO - ⌛ aguardando confirmação final de programação do lote
2025-11-27 13:52:07,413 - INFO - ⌛ aguardando confirmação final de programação do lote
2025-11-27 13:52:27,795 - INFO - ⌛ aguardando confirmação final de programação do lote
2025-11-27 13:52:48,196 - INFO - ⌛ aguardando confirmação final de programação do lote
2025-11-27 13:53:08,573 - INFO - ⌛ aguardando confirmação final de programação do lote
2025-11-27 13:53:28,933 - INFO - ⌛ aguardando confirmação final de programação do lote
2025-11-27 13:53:49,414 - INFO - ⌛ aguardando confirmação final de programação do lote
2025-11-27 13:54:09,865 - INFO - ⌛ aguardando confirmação final de programação do lote
2025-11-27 13:54:30,245 - INFO - ⌛ aguardando confirmação final de programação do lote
2025-11-27 13:54:50,626 - INFO - ⌛ aguardando confirmação final de programação do lote
2025-11-27 13:55:11,029 - INFO - ⌛ aguardando confirmação final de programação do lote
2025-11-27 13:55:31,428 - INFO - ⌛ aguardando confirmação final de programação do lote
2025-11-27 13:55:51,788 - INFO - ⌛ aguardando confirmação final de programação do lote
2025-11-27 13:56:12,154 - INFO - ⌛ aguardando confirmação final de programação do lote
2025-11-27 13:56:32,541 - INFO - ⌛ aguardando confirmação final de programação do lote
2025-11-27 13:56:52,912 - INFO - ⌛ aguardando confirmação final de programação do lote
2025-11-27 13:57:13,290 - INFO - ⌛ aguardando confirmação final de programação do lote
2025-11-27 13:57:33,622 - INFO - ⌛ aguardando confirmação final de programação do lote
2025-11-27 13:57:53,973 - INFO - 🟨 programação do lote 6 efetuado com sucesso
2025-11-27 13:58:07,142 - INFO - 
=== Iniciando lote 7/58 [LM] ===
2025-11-27 13:58:13,487 - INFO - Janela de seleção aberta
2025-11-27 13:58:17,725 - INFO - DEBUG: idx=6, inicio=90, fim=105
2025-11-27 13:58:17,725 - INFO - ✅ 15 OS copiadas para a área de transferência.
2025-11-27 13:58:17,725 - INFO - 📋 Lote 7 copiado.
2025-11-27 13:58:26,083 - INFO - ⌛ Esperando mudança visual...
2025-11-27 13:58:27,096 - INFO - ⌛ Esperando mudança visual...
2025-11-27 13:58:28,113 - INFO - ⌛ Esperando mudança visual...
2025-11-27 13:58:29,129 - INFO - ⌛ Esperando mudança visual...
2025-11-27 13:58:30,147 - INFO - ⌛ Esperando mudança visual...
2025-11-27 13:58:31,158 - INFO - ⌛ Esperando mudança visual...
2025-11-27 13:58:32,178 - INFO - ⌛ Esperando mudança visual...
2025-11-27 13:58:33,191 - INFO - ⌛ Esperando mudança visual...
2025-11-27 13:58:34,199 - INFO - ⌛ Esperando mudança visual...
2025-11-27 13:58:35,220 - INFO - ⌛ Esperando mudança visual...
2025-11-27 13:58:36,246 - INFO - ⌛ Esperando mudança visual...
2025-11-27 13:58:37,254 - INFO - ✅ Tela carregada!
2025-11-27 13:58:47,722 - INFO - ⌛ Aguardando janela de confirmação de desbloqueio...
2025-11-27 13:59:08,014 - INFO - 🟨 Registros desbloqueados com sucesso
2025-11-27 13:59:21,605 - INFO - 🟨 OS programadas detectadas
2025-11-27 13:59:24,774 - INFO - ⌛ Aguardando janela de edição de OS...
2025-11-27 13:59:45,107 - INFO - 🟨 Janela de edição de OS detectada
2025-11-27 13:59:53,469 - INFO - 🟨 Janela de edição de habilidade da turma detectada
2025-11-27 14:00:38,789 - INFO - ⌛ Aguardando detecção do campo de caracteristica 'EQUIPE PRÓPRIA OU EPS' ...
2025-11-27 14:00:58,947 - INFO - ⌛ Aguardando detecção do campo de caracteristica 'EQUIPE PRÓPRIA OU EPS' ...
2025-11-27 14:01:19,102 - INFO - ⌛ Aguardando detecção do campo de caracteristica 'EQUIPE PRÓPRIA OU EPS' ...
2025-11-27 14:01:39,257 - INFO - 🟨 campo de caracteristica 'EQUIPE PRÓPRIA OU EPS detectado
2025-11-27 14:02:00,996 - INFO - ⌛ Aguardando confirmação 4 - editar OS...
2025-11-27 14:03:01,983 - INFO - ⌛ Aguardando janela de confirmação de programação de OS...
2025-11-27 14:03:22,278 - INFO - 🟨 Janela de confirmação de programação de OS detectada
2025-11-27 14:03:25,605 - INFO - ⌛ aguardando janela de programação de lote de OS...
2025-11-27 14:03:46,039 - INFO - 🟨 Janela de aviso de edição de OS programadas detectada
2025-11-27 14:03:50,312 - INFO - ⌛ aguardando janela de programação de lote de OS...
2025-11-27 14:04:10,724 - INFO - 🟨 Janela de aviso de substituição de lote de OS detectada
2025-11-27 14:04:17,026 - INFO - ⌛ aguardando janela de programação de lote de OS...
2025-11-27 14:04:37,445 - INFO - 🟨 Janela de programação de lote de OS detectada
2025-11-27 14:05:04,906 - INFO - ⌛ aguardando janela de confirmação de programação de lote de OS...
2025-11-27 14:05:25,230 - INFO - 🟨 Janela de confirmação de programação de lote de OS detectada
2025-11-27 14:05:29,522 - INFO - ⌛ aguardando confirmação final de programação do lote
2025-11-27 14:05:49,934 - INFO - ⌛ aguardando confirmação final de programação do lote
2025-11-27 14:06:10,320 - INFO - ⌛ aguardando confirmação final de programação do lote
2025-11-27 14:06:30,706 - INFO - ⌛ aguardando confirmação final de programação do lote
2025-11-27 14:06:51,099 - INFO - ⌛ aguardando confirmação final de programação do lote
2025-11-27 14:07:11,451 - INFO - ⌛ aguardando confirmação final de programação do lote
2025-11-27 14:07:31,833 - INFO - ⌛ aguardando confirmação final de programação do lote
2025-11-27 14:07:52,167 - INFO - ⌛ aguardando confirmação final de programação do lote
2025-11-27 14:08:12,503 - INFO - ⌛ aguardando confirmação final de programação do lote
2025-11-27 14:08:32,854 - INFO - ⌛ aguardando confirmação final de programação do lote
2025-11-27 14:08:53,220 - INFO - ⌛ aguardando confirmação final de programação do lote
2025-11-27 14:09:13,545 - INFO - ⌛ aguardando confirmação final de programação do lote
2025-11-27 14:09:33,928 - INFO - ⌛ aguardando confirmação final de programação do lote
2025-11-27 14:09:54,305 - INFO - ⌛ aguardando confirmação final de programação do lote
2025-11-27 14:10:14,677 - INFO - ⌛ aguardando confirmação final de programação do lote
2025-11-27 14:10:35,073 - INFO - ⌛ aguardando confirmação final de programação do lote
2025-11-27 14:10:55,471 - INFO - ⌛ aguardando confirmação final de programação do lote
2025-11-27 14:11:15,866 - INFO - ⌛ aguardando confirmação final de programação do lote
2025-11-27 14:11:36,241 - INFO - ⌛ aguardando confirmação final de programação do lote
2025-11-27 14:11:56,643 - INFO - ⌛ aguardando confirmação final de programação do lote
2025-11-27 14:12:17,019 - INFO - ⌛ aguardando confirmação final de programação do lote
2025-11-27 14:12:37,393 - INFO - ⌛ aguardando confirmação final de programação do lote
2025-11-27 14:12:57,786 - INFO - ⌛ aguardando confirmação final de programação do lote
2025-11-27 14:13:18,166 - INFO - ⌛ aguardando confirmação final de programação do lote
2025-11-27 14:13:38,522 - INFO - ⌛ aguardando confirmação final de programação do lote
2025-11-27 14:13:58,881 - INFO - ⌛ aguardando confirmação final de programação do lote
2025-11-27 14:14:19,266 - INFO - ⌛ aguardando confirmação final de programação do lote
2025-11-27 14:14:39,649 - INFO - ⌛ aguardando confirmação final de programação do lote
2025-11-27 14:15:00,024 - INFO - ⌛ aguardando confirmação final de programação do lote
2025-11-27 14:15:20,424 - INFO - ⌛ aguardando confirmação final de programação do lote
2025-11-27 14:15:40,819 - INFO - ⌛ aguardando confirmação final de programação do lote
2025-11-27 14:16:01,215 - INFO - ⌛ aguardando confirmação final de programação do lote
2025-11-27 14:16:21,591 - INFO - 🟨 programação do lote 7 efetuado com sucesso
2025-11-27 14:16:34,761 - INFO - 
=== Iniciando lote 8/58 [LM] ===
2025-11-27 14:16:41,128 - INFO - Janela de seleção aberta
2025-11-27 14:16:45,357 - INFO - DEBUG: idx=7, inicio=105, fim=120
2025-11-27 14:16:45,357 - INFO - ✅ 15 OS copiadas para a área de transferência.
2025-11-27 14:16:45,357 - INFO - 📋 Lote 8 copiado.
2025-11-27 14:16:53,692 - INFO - ⌛ Esperando mudança visual...
2025-11-27 14:16:54,699 - INFO - ⌛ Esperando mudança visual...
2025-11-27 14:16:55,707 - INFO - ⌛ Esperando mudança visual...
2025-11-27 14:16:56,721 - INFO - ⌛ Esperando mudança visual...
2025-11-27 14:16:57,737 - INFO - ⌛ Esperando mudança visual...
2025-11-27 14:16:58,755 - INFO - ⌛ Esperando mudança visual...
2025-11-27 14:16:59,790 - INFO - ⌛ Esperando mudança visual...
2025-11-27 14:17:00,800 - INFO - ⌛ Esperando mudança visual...
2025-11-27 14:17:01,822 - INFO - ⌛ Esperando mudança visual...
2025-11-27 14:17:02,844 - INFO - ⌛ Esperando mudança visual...
2025-11-27 14:17:03,850 - INFO - ⌛ Esperando mudança visual...
2025-11-27 14:17:04,865 - INFO - ✅ Tela carregada!
2025-11-27 14:17:15,354 - INFO - ⌛ Aguardando janela de confirmação de desbloqueio...
2025-11-27 14:17:35,675 - INFO - 🟨 Registros desbloqueados com sucesso
2025-11-27 14:17:49,285 - INFO - 🟨 OS programadas detectadas
2025-11-27 14:17:52,456 - INFO - ⌛ Aguardando janela de edição de OS...
2025-11-27 14:18:12,846 - INFO - 🟨 Janela de edição de OS detectada
2025-11-27 14:18:21,214 - INFO - 🟨 Janela de edição de habilidade da turma detectada
2025-11-27 14:19:06,538 - INFO - ⌛ Aguardando detecção do campo de caracteristica 'EQUIPE PRÓPRIA OU EPS' ...
2025-11-27 14:19:26,722 - INFO - ⌛ Aguardando detecção do campo de caracteristica 'EQUIPE PRÓPRIA OU EPS' ...
2025-11-27 14:19:46,889 - INFO - ⌛ Aguardando detecção do campo de caracteristica 'EQUIPE PRÓPRIA OU EPS' ...
2025-11-27 14:20:07,044 - INFO - 🟨 campo de caracteristica 'EQUIPE PRÓPRIA OU EPS detectado
2025-11-27 14:20:28,779 - INFO - ⌛ Aguardando confirmação 4 - editar OS...
2025-11-27 14:21:29,723 - INFO - ⌛ Aguardando janela de confirmação de programação de OS...
2025-11-27 14:21:50,035 - INFO - 🟨 Janela de confirmação de programação de OS detectada
2025-11-27 14:21:53,352 - INFO - ⌛ aguardando janela de programação de lote de OS...
2025-11-27 14:22:13,765 - INFO - 🟨 Janela de aviso de edição de OS programadas detectada
2025-11-27 14:22:18,028 - INFO - ⌛ aguardando janela de programação de lote de OS...
2025-11-27 14:22:38,498 - INFO - 🟨 Janela de aviso de substituição de lote de OS detectada
2025-11-27 14:22:44,773 - INFO - ⌛ aguardando janela de programação de lote de OS...
2025-11-27 14:23:05,180 - INFO - 🟨 Janela de programação de lote de OS detectada
2025-11-27 14:23:32,606 - INFO - ⌛ aguardando janela de confirmação de programação de lote de OS...
2025-11-27 14:23:52,893 - INFO - 🟨 Janela de confirmação de programação de lote de OS detectada
2025-11-27 14:23:57,190 - INFO - ⌛ aguardando confirmação final de programação do lote
2025-11-27 14:24:17,582 - INFO - 🟨 programação do lote 8 efetuado com sucesso
2025-11-27 14:24:30,742 - INFO - 
=== Iniciando lote 9/58 [LM] ===
2025-11-27 14:24:37,100 - INFO - Janela de seleção aberta
2025-11-27 14:24:41,321 - INFO - DEBUG: idx=8, inicio=120, fim=135
2025-11-27 14:24:41,321 - INFO - ✅ 15 OS copiadas para a área de transferência.
2025-11-27 14:24:41,321 - INFO - 📋 Lote 9 copiado.
2025-11-27 14:24:49,668 - INFO - ⌛ Esperando mudança visual...
2025-11-27 14:24:50,678 - INFO - ⌛ Esperando mudança visual...
2025-11-27 14:24:51,690 - INFO - ⌛ Esperando mudança visual...
2025-11-27 14:24:52,710 - INFO - ⌛ Esperando mudança visual...
2025-11-27 14:24:53,722 - INFO - ⌛ Esperando mudança visual...
2025-11-27 14:24:54,736 - INFO - ⌛ Esperando mudança visual...
2025-11-27 14:24:55,755 - INFO - ⌛ Esperando mudança visual...
2025-11-27 14:24:56,769 - INFO - ⌛ Esperando mudança visual...
2025-11-27 14:24:57,791 - INFO - ⌛ Esperando mudança visual...
2025-11-27 14:24:58,802 - INFO - ⌛ Esperando mudança visual...
2025-11-27 14:24:59,824 - INFO - ⌛ Esperando mudança visual...
2025-11-27 14:25:00,832 - INFO - ⌛ Esperando mudança visual...
2025-11-27 14:25:01,849 - INFO - ✅ Tela carregada!
2025-11-27 14:25:12,329 - INFO - ⌛ Aguardando janela de confirmação de desbloqueio...
2025-11-27 14:25:32,627 - INFO - 🟨 Registros desbloqueados com sucesso
2025-11-27 14:25:46,213 - INFO - 🟨 OS programadas detectadas
2025-11-27 14:25:49,386 - INFO - ⌛ Aguardando janela de edição de OS...
2025-11-27 14:26:09,704 - INFO - 🟨 Janela de edição de OS detectada
2025-11-27 14:26:18,075 - INFO - 🟨 Janela de edição de habilidade da turma detectada
2025-11-27 14:27:03,391 - INFO - ⌛ Aguardando detecção do campo de caracteristica 'EQUIPE PRÓPRIA OU EPS' ...
2025-11-27 14:27:23,526 - INFO - ⌛ Aguardando detecção do campo de caracteristica 'EQUIPE PRÓPRIA OU EPS' ...
2025-11-27 14:27:43,685 - INFO - ⌛ Aguardando detecção do campo de caracteristica 'EQUIPE PRÓPRIA OU EPS' ...
2025-11-27 14:28:03,821 - INFO - 🟨 campo de caracteristica 'EQUIPE PRÓPRIA OU EPS detectado
2025-11-27 14:28:25,563 - INFO - ⌛ Aguardando confirmação 4 - editar OS...
2025-11-27 14:28:45,834 - INFO - ⌛ Aguardando confirmação 4 - editar OS...
2025-11-27 14:29:06,140 - INFO - ⌛ Aguardando confirmação 4 - editar OS...
2025-11-27 14:29:26,411 - INFO - ⌛ Aguardando confirmação 4 - editar OS...
2025-11-27 14:29:46,714 - INFO - ⌛ Aguardando confirmação 4 - editar OS...
2025-11-27 14:30:07,010 - INFO - ⌛ Aguardando confirmação 4 - editar OS...
2025-11-27 14:30:27,323 - INFO - ⌛ Aguardando confirmação 4 - editar OS...
2025-11-27 14:30:47,628 - INFO - ⌛ Aguardando confirmação 4 - editar OS...
2025-11-27 14:31:07,938 - INFO - ⌛ Aguardando confirmação 4 - editar OS...
2025-11-27 14:31:28,231 - INFO - ⌛ Aguardando confirmação 4 - editar OS...
2025-11-27 14:31:48,552 - INFO - ⌛ Aguardando confirmação 4 - editar OS...
2025-11-27 14:32:08,902 - INFO - ⌛ Aguardando confirmação 4 - editar OS...
2025-11-27 14:32:29,188 - INFO - ⌛ Aguardando confirmação 4 - editar OS...
2025-11-27 14:32:49,480 - INFO - ⌛ Aguardando confirmação 4 - editar OS...
2025-11-27 14:33:09,752 - INFO - ⌛ Aguardando confirmação 4 - editar OS...
2025-11-27 14:33:30,056 - INFO - ⌛ Aguardando confirmação 4 - editar OS...
2025-11-27 14:33:50,346 - INFO - ⌛ Aguardando confirmação 4 - editar OS...
2025-11-27 14:34:10,637 - INFO - ⌛ Aguardando confirmação 4 - editar OS...
2025-11-27 14:34:30,931 - INFO - ⌛ Aguardando confirmação 4 - editar OS...
2025-11-27 14:35:31,855 - INFO - ⌛ Aguardando janela de confirmação de programação de OS...
2025-11-27 14:35:52,158 - INFO - 🟨 Janela de confirmação de programação de OS detectada
2025-11-27 14:35:55,514 - INFO - ⌛ aguardando janela de programação de lote de OS...
2025-11-27 14:36:15,961 - INFO - 🟨 Janela de aviso de edição de OS programadas detectada
2025-11-27 14:36:20,225 - INFO - ⌛ aguardando janela de programação de lote de OS...
2025-11-27 14:36:40,619 - INFO - 🟨 Janela de aviso de substituição de lote de OS detectada
2025-11-27 14:36:46,895 - INFO - ⌛ aguardando janela de programação de lote de OS...
2025-11-27 14:37:07,314 - INFO - 🟨 Janela de programação de lote de OS detectada
2025-11-27 14:37:34,758 - INFO - ⌛ aguardando janela de confirmação de programação de lote de OS...
2025-11-27 14:37:55,045 - INFO - 🟨 Janela de confirmação de programação de lote de OS detectada
2025-11-27 14:37:59,300 - INFO - ⌛ aguardando confirmação final de programação do lote
2025-11-27 14:38:19,663 - INFO - 🟨 programação do lote 9 efetuado com sucesso
2025-11-27 14:38:32,822 - INFO - 
=== Iniciando lote 10/58 [LM] ===
2025-11-27 14:38:39,179 - INFO - Janela de seleção aberta
2025-11-27 14:38:43,404 - INFO - DEBUG: idx=9, inicio=135, fim=150
2025-11-27 14:38:43,404 - INFO - ✅ 15 OS copiadas para a área de transferência.
2025-11-27 14:38:43,404 - INFO - 📋 Lote 10 copiado.
2025-11-27 14:38:51,744 - INFO - ⌛ Esperando mudança visual...
2025-11-27 14:38:52,754 - INFO - ⌛ Esperando mudança visual...
2025-11-27 14:38:53,771 - INFO - ⌛ Esperando mudança visual...
2025-11-27 14:38:54,779 - INFO - ⌛ Esperando mudança visual...
2025-11-27 14:38:55,797 - INFO - ⌛ Esperando mudança visual...
2025-11-27 14:38:56,814 - INFO - ⌛ Esperando mudança visual...
2025-11-27 14:38:57,843 - INFO - ⌛ Esperando mudança visual...
2025-11-27 14:38:58,849 - INFO - ⌛ Esperando mudança visual...
2025-11-27 14:38:59,875 - INFO - ⌛ Esperando mudança visual...
2025-11-27 14:39:00,892 - INFO - ⌛ Esperando mudança visual...
2025-11-27 14:39:01,898 - INFO - ⌛ Esperando mudança visual...
2025-11-27 14:39:02,916 - INFO - ⌛ Esperando mudança visual...
2025-11-27 14:39:03,939 - INFO - ✅ Tela carregada!
2025-11-27 14:39:14,404 - INFO - ⌛ Aguardando janela de confirmação de desbloqueio...
2025-11-27 14:39:34,713 - INFO - 🟨 Registros desbloqueados com sucesso
2025-11-27 14:39:48,271 - INFO - ⌛ Aguardando janela de edição de OS...
2025-11-27 14:40:08,599 - INFO - 🟨 OS programadas detectadas
2025-11-27 14:40:11,780 - INFO - ⌛ Aguardando janela de edição de OS...
2025-11-27 14:40:32,152 - INFO - 🟨 Janela de edição de OS detectada
2025-11-27 14:40:40,518 - INFO - 🟨 Janela de edição de habilidade da turma detectada
2025-11-27 14:41:25,848 - INFO - ⌛ Aguardando detecção do campo de caracteristica 'EQUIPE PRÓPRIA OU EPS' ...
2025-11-27 14:41:45,992 - INFO - ⌛ Aguardando detecção do campo de caracteristica 'EQUIPE PRÓPRIA OU EPS' ...
2025-11-27 14:42:06,161 - INFO - ⌛ Aguardando detecção do campo de caracteristica 'EQUIPE PRÓPRIA OU EPS' ...
2025-11-27 14:42:26,297 - INFO - 🟨 campo de caracteristica 'EQUIPE PRÓPRIA OU EPS detectado
2025-11-27 14:42:48,048 - INFO - ⌛ Aguardando confirmação 4 - editar OS...
2025-11-27 14:43:08,352 - INFO - ⌛ Aguardando confirmação 4 - editar OS...
2025-11-27 14:43:28,633 - INFO - ⌛ Aguardando confirmação 4 - editar OS...
2025-11-27 14:43:48,973 - INFO - ⌛ Aguardando confirmação 4 - editar OS...
2025-11-27 14:44:09,364 - INFO - ⌛ Aguardando confirmação 4 - editar OS...
2025-11-27 14:44:29,652 - INFO - ⌛ Aguardando confirmação 4 - editar OS...
2025-11-27 14:44:50,004 - INFO - ⌛ Aguardando confirmação 4 - editar OS...
2025-11-27 14:45:10,325 - INFO - ⌛ Aguardando confirmação 4 - editar OS...
2025-11-27 14:45:30,607 - INFO - ⌛ Aguardando confirmação 4 - editar OS...
2025-11-27 14:45:50,925 - INFO - ⌛ Aguardando confirmação 4 - editar OS...
2025-11-27 14:46:11,203 - INFO - ⌛ Aguardando confirmação 4 - editar OS...
2025-11-27 14:46:31,481 - INFO - ⌛ Aguardando confirmação 4 - editar OS...
2025-11-27 14:46:51,775 - INFO - ⌛ Aguardando confirmação 4 - editar OS...
2025-11-27 14:47:12,069 - INFO - ⌛ Aguardando confirmação 4 - editar OS...
2025-11-27 14:47:32,372 - INFO - ⌛ Aguardando confirmação 4 - editar OS...
2025-11-27 14:47:52,664 - INFO - ⌛ Aguardando confirmação 4 - editar OS...
2025-11-27 14:48:13,011 - INFO - ⌛ Aguardando confirmação 4 - editar OS...
2025-11-27 14:48:33,334 - INFO - ⌛ Aguardando confirmação 4 - editar OS...
2025-11-27 14:48:53,630 - INFO - ⌛ Aguardando confirmação 4 - editar OS...
2025-11-27 14:49:13,938 - INFO - ⌛ Aguardando confirmação 4 - editar OS...
2025-11-27 14:49:34,260 - INFO - ⌛ Aguardando confirmação 4 - editar OS...
2025-11-27 14:49:54,584 - INFO - ⌛ Aguardando confirmação 4 - editar OS...
2025-11-27 14:50:14,919 - INFO - ⌛ Aguardando confirmação 4 - editar OS...
2025-11-27 14:50:35,263 - INFO - ⌛ Aguardando confirmação 4 - editar OS...
2025-11-27 14:50:55,581 - INFO - ⌛ Aguardando confirmação 4 - editar OS...
2025-11-27 14:51:15,877 - INFO - ⌛ Aguardando confirmação 4 - editar OS...
2025-11-27 14:51:36,215 - INFO - ⌛ Aguardando confirmação 4 - editar OS...
2025-11-27 14:52:37,190 - INFO - ⌛ Aguardando janela de confirmação de programação de OS...
2025-11-27 14:52:57,471 - INFO - 🟨 Janela de confirmação de programação de OS detectada
2025-11-27 14:53:00,835 - INFO - ⌛ aguardando janela de programação de lote de OS...
2025-11-27 14:53:21,258 - INFO - 🟨 Janela de aviso de edição de OS programadas detectada
2025-11-27 14:53:25,525 - INFO - ⌛ aguardando janela de programação de lote de OS...
2025-11-27 14:53:45,995 - INFO - 🟨 Janela de aviso de substituição de lote de OS detectada
2025-11-27 14:53:52,278 - INFO - ⌛ aguardando janela de programação de lote de OS...
2025-11-27 14:54:12,680 - INFO - ⌛ aguardando janela de programação de lote de OS...
2025-11-27 14:54:12,807 - INFO - 🟨 Identificado travamento no EQM, reiniciando contador de espera
2025-11-27 14:54:33,061 - INFO - ⌛ aguardando janela de programação de lote de OS...
2025-11-27 14:54:33,185 - INFO - 🟨 Identificado travamento no EQM, reiniciando contador de espera
2025-11-27 14:54:53,467 - INFO - ⌛ aguardando janela de programação de lote de OS...
2025-11-27 14:54:53,599 - INFO - 🟨 Identificado travamento no EQM, reiniciando contador de espera
2025-11-27 14:54:53,599 - INFO - 🟨 Identificado travamento no EQM, reiniciando contador de espera
2025-11-27 14:55:13,865 - INFO - ⌛ aguardando janela de programação de lote de OS...
2025-11-27 14:55:13,990 - INFO - 🟨 Identificado travamento no EQM, reiniciando contador de espera
2025-11-27 14:55:13,990 - INFO - 🟨 Identificado travamento no EQM, reiniciando contador de espera
2025-11-27 14:55:34,269 - INFO - ⌛ aguardando janela de programação de lote de OS...
2025-11-27 14:55:34,390 - INFO - 🟨 Identificado travamento no EQM, reiniciando contador de espera
2025-11-27 14:55:34,390 - INFO - 🟨 Identificado travamento no EQM, reiniciando contador de espera
2025-11-27 14:55:54,665 - INFO - ⌛ aguardando janela de programação de lote de OS...
2025-11-27 14:55:54,786 - INFO - 🟨 Identificado travamento no EQM, reiniciando contador de espera
2025-11-27 14:55:54,786 - INFO - 🟨 Identificado travamento no EQM, reiniciando contador de espera
2025-11-27 14:56:15,076 - INFO - ⌛ aguardando janela de programação de lote de OS...
2025-11-27 14:56:15,203 - INFO - 🟨 Identificado travamento no EQM, reiniciando contador de espera
2025-11-27 14:56:15,203 - INFO - 🟨 Identificado travamento no EQM, reiniciando contador de espera
2025-11-27 14:56:35,469 - INFO - ⌛ aguardando janela de programação de lote de OS...
2025-11-27 14:56:35,595 - INFO - 🟨 Identificado travamento no EQM, reiniciando contador de espera
2025-11-27 14:56:35,595 - INFO - 🟨 Identificado travamento no EQM, reiniciando contador de espera
2025-11-27 14:56:55,883 - INFO - ⌛ aguardando janela de programação de lote de OS...
2025-11-27 14:56:56,029 - INFO - 🟨 Identificado travamento no EQM, reiniciando contador de espera
2025-11-27 14:56:56,029 - INFO - 🟨 Identificado travamento no EQM, reiniciando contador de espera
2025-11-27 14:57:16,317 - INFO - ⌛ aguardando janela de programação de lote de OS...
2025-11-27 14:57:16,437 - INFO - 🟨 Identificado travamento no EQM, reiniciando contador de espera
2025-11-27 14:57:16,437 - INFO - 🟨 Identificado travamento no EQM, reiniciando contador de espera
2025-11-27 14:57:36,718 - INFO - 🟨 Janela de programação de lote de OS detectada
2025-11-27 14:58:04,131 - INFO - ⌛ aguardando janela de confirmação de programação de lote de OS...
2025-11-27 14:58:24,454 - INFO - 🟨 Janela de confirmação de programação de lote de OS detectada
2025-11-27 14:58:28,739 - INFO - ⌛ aguardando confirmação final de programação do lote
2025-11-27 14:58:49,109 - INFO - 🟨 programação do lote 10 efetuado com sucesso
2025-11-27 14:59:02,278 - INFO - 
=== Iniciando lote 11/58 [LM] ===
2025-11-27 14:59:08,632 - INFO - Janela de seleção aberta
2025-11-27 14:59:12,868 - INFO - DEBUG: idx=10, inicio=150, fim=165
2025-11-27 14:59:12,868 - INFO - ✅ 15 OS copiadas para a área de transferência.
2025-11-27 14:59:12,868 - INFO - 📋 Lote 11 copiado.
2025-11-27 14:59:21,200 - INFO - ⌛ Esperando mudança visual...
2025-11-27 14:59:22,218 - INFO - ⌛ Esperando mudança visual...
2025-11-27 14:59:23,226 - INFO - ⌛ Esperando mudança visual...
2025-11-27 14:59:24,238 - INFO - ⌛ Esperando mudança visual...
2025-11-27 14:59:25,257 - INFO - ⌛ Esperando mudança visual...
2025-11-27 14:59:26,285 - INFO - ⌛ Esperando mudança visual...
2025-11-27 14:59:27,296 - INFO - ⌛ Esperando mudança visual...
2025-11-27 14:59:28,303 - INFO - ⌛ Esperando mudança visual...
2025-11-27 14:59:29,316 - INFO - ⌛ Esperando mudança visual...
2025-11-27 14:59:30,334 - INFO - ⌛ Esperando mudança visual...
2025-11-27 14:59:31,348 - INFO - ⌛ Esperando mudança visual...
2025-11-27 14:59:32,364 - INFO - ⌛ Esperando mudança visual...
2025-11-27 14:59:33,383 - INFO - ✅ Tela carregada!
2025-11-27 14:59:43,848 - INFO - ⌛ Aguardando janela de confirmação de desbloqueio...
2025-11-27 15:00:04,164 - INFO - 🟨 Registros desbloqueados com sucesso
2025-11-27 15:00:17,778 - INFO - 🟨 OS programadas detectadas
2025-11-27 15:00:20,938 - INFO - ⌛ Aguardando janela de edição de OS...
2025-11-27 15:00:41,311 - INFO - 🟨 Janela de edição de OS detectada
2025-11-27 15:00:49,681 - INFO - 🟨 Janela de edição de habilidade da turma detectada
2025-11-27 15:01:34,992 - INFO - ⌛ Aguardando detecção do campo de caracteristica 'EQUIPE PRÓPRIA OU EPS' ...
2025-11-27 15:01:55,138 - INFO - ⌛ Aguardando detecção do campo de caracteristica 'EQUIPE PRÓPRIA OU EPS' ...
2025-11-27 15:02:15,315 - INFO - ⌛ Aguardando detecção do campo de caracteristica 'EQUIPE PRÓPRIA OU EPS' ...
2025-11-27 15:02:35,462 - INFO - 🟨 campo de caracteristica 'EQUIPE PRÓPRIA OU EPS detectado
2025-11-27 15:02:57,184 - INFO - ⌛ Aguardando confirmação 4 - editar OS...
2025-11-27 15:03:58,133 - INFO - ⌛ Aguardando janela de confirmação de programação de OS...
2025-11-27 15:04:18,396 - INFO - 🟨 Janela de confirmação de programação de OS detectada
2025-11-27 15:04:21,724 - INFO - ⌛ aguardando janela de programação de lote de OS...
2025-11-27 15:04:42,137 - INFO - 🟨 Janela de aviso de edição de OS programadas detectada
2025-11-27 15:04:46,401 - INFO - ⌛ aguardando janela de programação de lote de OS...
2025-11-27 15:05:06,828 - INFO - 🟨 Janela de aviso de substituição de lote de OS detectada
2025-11-27 15:05:13,095 - INFO - ⌛ aguardando janela de programação de lote de OS...
2025-11-27 15:05:33,529 - INFO - 🟨 Janela de programação de lote de OS detectada
2025-11-27 15:06:00,966 - INFO - ⌛ aguardando janela de confirmação de programação de lote de OS...
2025-11-27 15:06:21,284 - INFO - 🟨 Janela de confirmação de programação de lote de OS detectada
2025-11-27 15:06:25,557 - INFO - ⌛ aguardando confirmação final de programação do lote
2025-11-27 15:06:45,957 - INFO - 🟨 programação do lote 11 efetuado com sucesso
2025-11-27 15:06:59,129 - INFO - 
=== Iniciando lote 12/58 [LM] ===
2025-11-27 15:07:05,495 - INFO - Janela de seleção aberta
2025-11-27 15:07:09,735 - INFO - DEBUG: idx=11, inicio=165, fim=180
2025-11-27 15:07:09,735 - INFO - ✅ 15 OS copiadas para a área de transferência.
2025-11-27 15:07:09,735 - INFO - 📋 Lote 12 copiado.
2025-11-27 15:07:18,059 - INFO - ⌛ Esperando mudança visual...
2025-11-27 15:07:19,096 - INFO - ⌛ Esperando mudança visual...
2025-11-27 15:07:20,109 - INFO - ⌛ Esperando mudança visual...
2025-11-27 15:07:21,128 - INFO - ⌛ Esperando mudança visual...
2025-11-27 15:07:22,140 - INFO - ⌛ Esperando mudança visual...
2025-11-27 15:07:23,160 - INFO - ⌛ Esperando mudança visual...
2025-11-27 15:07:24,172 - INFO - ⌛ Esperando mudança visual...
2025-11-27 15:07:25,184 - INFO - ⌛ Esperando mudança visual...
2025-11-27 15:07:26,204 - INFO - ⌛ Esperando mudança visual...
2025-11-27 15:07:27,219 - INFO - ⌛ Esperando mudança visual...
2025-11-27 15:07:28,232 - INFO - ⌛ Esperando mudança visual...
2025-11-27 15:07:29,249 - INFO - ✅ Tela carregada!
2025-11-27 15:07:39,724 - INFO - ⌛ Aguardando janela de confirmação de desbloqueio...
2025-11-27 15:08:00,003 - INFO - 🟨 Registros desbloqueados com sucesso
2025-11-27 15:08:13,563 - INFO - 🟨 OS programadas detectadas
2025-11-27 15:08:16,735 - INFO - ⌛ Aguardando janela de edição de OS...
2025-11-27 15:08:37,063 - INFO - ⌛ Aguardando janela de edição de OS...
2025-11-27 15:08:57,423 - INFO - ⌛ Aguardando janela de edição de OS...
2025-11-27 15:09:17,757 - INFO - ⌛ Aguardando janela de edição de OS...
2025-11-27 15:09:38,092 - INFO - ⌛ Aguardando janela de edição de OS...
2025-11-27 15:09:58,430 - INFO - ⌛ Aguardando janela de edição de OS...
2025-11-27 15:10:18,747 - INFO - ⌛ Aguardando janela de edição de OS...
2025-11-27 15:10:39,082 - INFO - ⌛ Aguardando janela de edição de OS...
2025-11-27 15:10:59,417 - INFO - ⌛ Aguardando janela de edição de OS...
2025-11-27 15:11:19,748 - INFO - ⌛ Aguardando janela de edição de OS...
2025-11-27 15:11:40,093 - INFO - ⌛ Aguardando janela de edição de OS...
2025-11-27 15:12:00,430 - INFO - ⌛ Aguardando janela de edição de OS...
2025-11-27 15:12:20,755 - INFO - ⌛ Aguardando janela de edição de OS...
2025-11-27 15:12:41,126 - INFO - ⌛ Aguardando janela de edição de OS...
2025-11-27 15:13:01,444 - INFO - ⌛ Aguardando janela de edição de OS...
2025-11-27 15:13:21,775 - INFO - ⌛ Aguardando janela de edição de OS...
2025-11-27 15:13:42,111 - INFO - ⌛ Aguardando janela de edição de OS...
2025-11-27 15:14:02,431 - INFO - ⌛ Aguardando janela de edição de OS...
2025-11-27 15:14:22,806 - INFO - ⌛ Aguardando janela de edição de OS...
2025-11-27 15:14:43,144 - INFO - ⌛ Aguardando janela de edição de OS...
2025-11-27 15:15:03,472 - INFO - ⌛ Aguardando janela de edição de OS...
2025-11-27 15:15:23,812 - INFO - ⌛ Aguardando janela de edição de OS...
2025-11-27 15:15:44,162 - INFO - ⌛ Aguardando janela de edição de OS...
2025-11-27 15:16:04,501 - INFO - ⌛ Aguardando janela de edição de OS...
2025-11-27 15:16:24,828 - INFO - ⌛ Aguardando janela de edição de OS...
2025-11-27 15:16:45,181 - INFO - ⌛ Aguardando janela de edição de OS...
2025-11-27 15:17:05,536 - INFO - ⌛ Aguardando janela de edição de OS...
2025-11-27 15:17:25,849 - INFO - ⌛ Aguardando janela de edição de OS...
2025-11-27 15:17:46,198 - INFO - ⌛ Aguardando janela de edição de OS...
2025-11-27 15:18:06,560 - INFO - ⏱️ Tempo limite atingido. Abortando seleção
2025-11-27 17:48:40,479 - INFO - Data hoje: 27/11/2025
2025-11-27 17:48:40,479 - INFO - Data de referência: 30/11/2025
2025-11-27 17:48:44,147 - INFO - 
Qtde LINHA VIVA: 0
2025-11-27 17:48:44,147 - INFO - Qtde LINHA MORTA/PESADA/FAIXA: 0
