2026-03-30 16:24:27,298 - INFO - Data hoje: 30/03/2026
2026-03-30 16:24:27,298 - INFO - Data de referência: 31/03/2026
2026-03-30 16:27:07,972 - INFO - Qtde OS de LINHA VIVA: 655
2026-03-30 16:27:07,972 - INFO - Qtde OS poda de LINHA MORTA: 352
2026-03-30 16:27:07,972 - INFO - Qtde OS estrutural de LINHA MORTA : 17148
2026-03-30 16:27:07,973 - INFO - Qtde OS poda de LINHA MORTA fora carteira: 339
2026-03-30 16:27:07,973 - INFO - Qtde OS para desprogramar: 154
2026-03-30 16:27:07,973 - INFO - 
 Qtd de lotes de LM: 15
2026-03-30 16:27:07,973 - INFO - 
 Qtd de lotes de LV: 27
2026-03-30 16:27:07,976 - INFO - 
 Qtd de lotes de ESTRUTURAL LM: 686
2026-03-30 16:27:07,976 - INFO - 
 Qtd de lotes de LEVE: 14
2026-03-30 16:27:07,976 - INFO - 
 Qtd de lotes para desprogramar: 7
2026-03-30 17:45:30,379 - INFO - Data hoje: 30/03/2026
2026-03-30 17:45:30,379 - INFO - Data de referência: 31/03/2026
2026-03-30 17:47:38,693 - INFO - Qtde OS de LINHA VIVA: 655
2026-03-30 17:47:38,693 - INFO - Qtde OS poda de LINHA MORTA: 352
2026-03-30 17:47:38,693 - INFO - Qtde OS estrutural de LINHA MORTA : 17148
2026-03-30 17:47:38,693 - INFO - Qtde OS poda de LINHA MORTA fora carteira: 339
2026-03-30 17:47:38,693 - INFO - Qtde OS para desprogramar: 154
2026-03-30 17:47:38,695 - INFO - 
 Qtd de lotes de LM: 15
2026-03-30 17:47:38,695 - INFO - 
 Qtd de lotes de LV: 27
2026-03-30 17:47:38,695 - INFO - 
 Qtd de lotes de ESTRUTURAL LM: 686
2026-03-30 17:47:38,695 - INFO - 
 Qtd de lotes de LEVE: 14
2026-03-30 17:47:38,695 - INFO - 
 Qtd de lotes para desprogramar: 7
2026-03-30 17:47:38,695 - INFO - 
=== Iniciando lote 1/7 [DESPROGAMAR] ===
2026-03-30 17:47:45,181 - INFO - Janela de seleção aberta
2026-03-30 17:47:51,552 - INFO - DEBUG: idx=0, inicio=0, fim=25
2026-03-30 17:47:51,552 - INFO - ✅ 25 OS copiadas para a área de transferência.
2026-03-30 17:47:51,552 - INFO - 📋 Lote 1 copiado.
2026-03-30 17:47:59,882 - INFO - ⌛ Esperando mudança visual...
2026-03-30 17:48:00,911 - INFO - ✅ Tela carregada!
2026-03-30 17:48:11,384 - INFO - ⌛ Aguardando janela de confirmação de desbloqueio...
2026-03-30 17:48:26,841 - INFO - 🟨 Registros desbloqueados com sucesso
2026-03-30 17:48:39,422 - INFO - ⌛ Aguardando janela de confirmação de desprogramação ...
2026-03-30 17:48:54,849 - INFO - 🟨 Janela de confirmação de desprogramação detectada
2026-03-30 17:48:58,137 - INFO - 🟨 OS não programada detectada
2026-03-30 17:49:05,297 - INFO - OS NÃO PROGRMADAS DETECTADAS PULANDO LOTE
2026-03-30 17:49:05,297 - INFO - 
=== Iniciando lote 2/7 [DESPROGAMAR] ===
2026-03-30 17:49:11,649 - INFO - Janela de seleção aberta
2026-03-30 17:49:15,895 - INFO - DEBUG: idx=1, inicio=25, fim=50
2026-03-30 17:49:15,895 - INFO - ✅ 25 OS copiadas para a área de transferência.
2026-03-30 17:49:15,895 - INFO - 📋 Lote 2 copiado.
2026-03-30 17:49:24,218 - INFO - ⌛ Esperando mudança visual...
2026-03-30 17:49:25,240 - INFO - ⌛ Esperando mudança visual...
2026-03-30 17:49:26,255 - INFO - ⌛ Esperando mudança visual...
2026-03-30 17:49:27,271 - INFO - ⌛ Esperando mudança visual...
2026-03-30 17:49:28,287 - INFO - ⌛ Esperando mudança visual...
2026-03-30 17:49:29,302 - INFO - ⌛ Esperando mudança visual...
2026-03-30 17:49:30,318 - INFO - ⌛ Esperando mudança visual...
2026-03-30 17:49:31,334 - INFO - ⌛ Esperando mudança visual...
2026-03-30 17:49:32,349 - INFO - ⌛ Esperando mudança visual...
2026-03-30 17:49:33,365 - INFO - ✅ Tela carregada!
2026-03-30 17:49:43,835 - INFO - ⌛ Aguardando janela de confirmação de desbloqueio...
2026-03-30 17:49:59,260 - INFO - ⌛ Aguardando janela de confirmação de desbloqueio...
2026-03-30 17:50:14,640 - INFO - 🟨 Registros desbloqueados com sucesso
2026-03-30 17:50:27,216 - INFO - ⌛ Aguardando janela de confirmação de desprogramação ...
2026-03-30 17:50:42,630 - INFO - 🟨 Janela de confirmação de desprogramação detectada
2026-03-30 17:50:45,901 - INFO - 🟨 OS não programada detectada
2026-03-30 17:50:53,052 - INFO - OS NÃO PROGRMADAS DETECTADAS PULANDO LOTE
2026-03-30 17:50:53,052 - INFO - 
=== Iniciando lote 3/7 [DESPROGAMAR] ===
2026-03-30 17:50:59,394 - INFO - Janela de seleção aberta
2026-03-30 17:51:03,628 - INFO - DEBUG: idx=2, inicio=50, fim=75
2026-03-30 17:51:03,628 - INFO - ✅ 25 OS copiadas para a área de transferência.
2026-03-30 17:51:03,628 - INFO - 📋 Lote 3 copiado.
2026-03-30 17:51:11,968 - INFO - ⌛ Esperando mudança visual...
2026-03-30 17:51:12,983 - INFO - ⌛ Esperando mudança visual...
2026-03-30 17:51:13,998 - INFO - ⌛ Esperando mudança visual...
2026-03-30 17:51:15,014 - INFO - ⌛ Esperando mudança visual...
2026-03-30 17:51:16,030 - INFO - ⌛ Esperando mudança visual...
2026-03-30 17:51:17,045 - INFO - ⌛ Esperando mudança visual...
2026-03-30 17:51:18,061 - INFO - ⌛ Esperando mudança visual...
2026-03-30 17:51:19,076 - INFO - ⌛ Esperando mudança visual...
2026-03-30 17:51:20,091 - INFO - ⌛ Esperando mudança visual...
2026-03-30 17:51:21,108 - INFO - ✅ Tela carregada!
2026-03-30 17:51:31,567 - INFO - ⌛ Aguardando janela de confirmação de desbloqueio...
2026-03-30 17:51:46,994 - INFO - 🟨 Registros desbloqueados com sucesso
2026-03-30 17:51:59,558 - INFO - ⌛ Aguardando janela de confirmação de desprogramação ...
2026-03-30 17:52:14,956 - INFO - 🟨 Janela de confirmação de desprogramação detectada
2026-03-30 17:52:18,239 - INFO - 🟨 OS não programada detectada
2026-03-30 17:52:25,404 - INFO - OS NÃO PROGRMADAS DETECTADAS PULANDO LOTE
2026-03-30 17:52:25,405 - INFO - 
=== Iniciando lote 4/7 [DESPROGAMAR] ===
2026-03-30 17:52:31,751 - INFO - Janela de seleção aberta
2026-03-30 17:52:35,989 - INFO - DEBUG: idx=3, inicio=75, fim=100
2026-03-30 17:52:35,989 - INFO - ✅ 25 OS copiadas para a área de transferência.
2026-03-30 17:52:35,989 - INFO - 📋 Lote 4 copiado.
2026-03-30 17:52:44,326 - INFO - ⌛ Esperando mudança visual...
2026-03-30 17:52:45,341 - INFO - ⌛ Esperando mudança visual...
2026-03-30 17:52:46,356 - INFO - ⌛ Esperando mudança visual...
2026-03-30 17:52:47,372 - INFO - ⌛ Esperando mudança visual...
2026-03-30 17:52:48,388 - INFO - ⌛ Esperando mudança visual...
2026-03-30 17:52:49,404 - INFO - ⌛ Esperando mudança visual...
2026-03-30 17:52:50,422 - INFO - ⌛ Esperando mudança visual...
2026-03-30 17:52:51,435 - INFO - ⌛ Esperando mudança visual...
2026-03-30 17:52:52,451 - INFO - ⌛ Esperando mudança visual...
2026-03-30 17:52:53,466 - INFO - ✅ Tela carregada!
2026-03-30 17:53:03,949 - INFO - ⌛ Aguardando janela de confirmação de desbloqueio...
2026-03-30 17:53:19,373 - INFO - 🟨 Registros desbloqueados com sucesso
2026-03-30 17:53:31,941 - INFO - ⌛ Aguardando janela de confirmação de desprogramação ...
2026-03-30 17:53:47,366 - INFO - 🟨 Janela de confirmação de desprogramação detectada
2026-03-30 17:53:50,654 - INFO - 🟨 OS não programada detectada
2026-03-30 17:53:57,824 - INFO - OS NÃO PROGRMADAS DETECTADAS PULANDO LOTE
2026-03-30 17:53:57,824 - INFO - 
=== Iniciando lote 5/7 [DESPROGAMAR] ===
2026-03-30 17:54:04,188 - INFO - Janela de seleção aberta
2026-03-30 17:54:08,413 - INFO - DEBUG: idx=4, inicio=100, fim=125
2026-03-30 17:54:08,413 - INFO - ✅ 25 OS copiadas para a área de transferência.
2026-03-30 17:54:08,413 - INFO - 📋 Lote 5 copiado.
2026-03-30 17:54:16,751 - INFO - ⌛ Esperando mudança visual...
2026-03-30 17:54:17,766 - INFO - ⌛ Esperando mudança visual...
2026-03-30 17:54:18,781 - INFO - ⌛ Esperando mudança visual...
2026-03-30 17:54:19,797 - INFO - ⌛ Esperando mudança visual...
2026-03-30 17:54:20,813 - INFO - ⌛ Esperando mudança visual...
2026-03-30 17:54:21,828 - INFO - ⌛ Esperando mudança visual...
2026-03-30 17:54:22,845 - INFO - ⌛ Esperando mudança visual...
2026-03-30 17:54:23,860 - INFO - ⌛ Esperando mudança visual...
2026-03-30 17:54:24,880 - INFO - ⌛ Esperando mudança visual...
2026-03-30 17:54:25,894 - INFO - ✅ Tela carregada!
2026-03-30 17:54:36,360 - INFO - ⌛ Aguardando janela de confirmação de desbloqueio...
2026-03-30 17:54:51,801 - INFO - 🟨 Registros desbloqueados com sucesso
2026-03-30 17:55:04,377 - INFO - ⌛ Aguardando janela de confirmação de desprogramação ...
2026-03-30 17:55:19,799 - INFO - 🟨 Janela de confirmação de desprogramação detectada
2026-03-30 17:55:23,099 - INFO - 🟨 OS não programada detectada
2026-03-30 17:55:30,263 - INFO - OS NÃO PROGRMADAS DETECTADAS PULANDO LOTE
2026-03-30 17:55:30,263 - INFO - 
=== Iniciando lote 6/7 [DESPROGAMAR] ===
2026-03-30 17:55:36,620 - INFO - Janela de seleção aberta
2026-03-30 17:55:40,851 - INFO - DEBUG: idx=5, inicio=125, fim=150
2026-03-30 17:55:40,851 - INFO - ✅ 25 OS copiadas para a área de transferência.
2026-03-30 17:55:40,851 - INFO - 📋 Lote 6 copiado.
2026-03-30 17:55:49,184 - INFO - ⌛ Esperando mudança visual...
2026-03-30 17:55:50,207 - INFO - ⌛ Esperando mudança visual...
2026-03-30 17:55:51,223 - INFO - ⌛ Esperando mudança visual...
2026-03-30 17:55:52,239 - INFO - ⌛ Esperando mudança visual...
2026-03-30 17:55:53,255 - INFO - ⌛ Esperando mudança visual...
2026-03-30 17:55:54,270 - INFO - ⌛ Esperando mudança visual...
2026-03-30 17:55:55,286 - INFO - ⌛ Esperando mudança visual...
2026-03-30 17:55:56,302 - INFO - ⌛ Esperando mudança visual...
2026-03-30 17:55:57,318 - INFO - ⌛ Esperando mudança visual...
2026-03-30 17:55:58,333 - INFO - ✅ Tela carregada!
2026-03-30 17:56:08,826 - INFO - ⌛ Aguardando janela de confirmação de desbloqueio...
2026-03-30 17:56:24,254 - INFO - ⌛ Aguardando janela de confirmação de desbloqueio...
2026-03-30 17:56:39,708 - INFO - 🟨 Registros desbloqueados com sucesso
2026-03-30 17:56:52,295 - INFO - ⌛ Aguardando janela de confirmação de desprogramação ...
2026-03-30 17:57:07,716 - INFO - 🟨 Janela de confirmação de desprogramação detectada
2026-03-30 17:57:11,000 - INFO - 🟨 OS não programada detectada
2026-03-30 17:57:18,177 - INFO - OS NÃO PROGRMADAS DETECTADAS PULANDO LOTE
2026-03-30 17:57:18,177 - INFO - 
=== Iniciando lote 7/7 [DESPROGAMAR] ===
2026-03-30 17:57:24,556 - INFO - Janela de seleção aberta
2026-03-30 17:57:28,782 - INFO - DEBUG: idx=6, inicio=150, fim=175
2026-03-30 17:57:28,782 - INFO - ✅ 4 OS copiadas para a área de transferência.
2026-03-30 17:57:28,782 - INFO - 📋 Lote 7 copiado.
2026-03-30 17:57:37,111 - INFO - ⌛ Esperando mudança visual...
2026-03-30 17:57:38,134 - INFO - ⌛ Esperando mudança visual...
2026-03-30 17:57:39,150 - INFO - ⌛ Esperando mudança visual...
2026-03-30 17:57:40,166 - INFO - ⌛ Esperando mudança visual...
2026-03-30 17:57:41,181 - INFO - ⌛ Esperando mudança visual...
2026-03-30 17:57:42,197 - INFO - ⌛ Esperando mudança visual...
2026-03-30 17:57:43,213 - INFO - ⌛ Esperando mudança visual...
2026-03-30 17:57:44,228 - INFO - ⌛ Esperando mudança visual...
2026-03-30 17:57:45,248 - INFO - ⌛ Esperando mudança visual...
2026-03-30 17:57:46,260 - INFO - ✅ Tela carregada!
2026-03-30 17:57:56,742 - INFO - ⌛ Aguardando janela de confirmação de desbloqueio...
2026-03-30 17:58:12,186 - INFO - 🟨 Registros desbloqueados com sucesso
2026-03-30 17:58:24,761 - INFO - 🟨 Janela de confirmação de desprogramação detectada
2026-03-30 17:58:28,051 - INFO - 🟨 OS não programada detectada
2026-03-30 17:58:35,213 - INFO - OS NÃO PROGRMADAS DETECTADAS PULANDO LOTE
2026-03-30 17:58:35,213 - INFO - 
=== Iniciando lote 1/27 [LV] ===
2026-03-30 17:58:35,213 - INFO - 
=== abrir_janela_selecao ===
2026-03-30 17:58:41,526 - INFO - 
=== rotina abrir_selecao_colar_os ===
2026-03-30 17:58:41,588 - INFO - Janela de seleção aberta
2026-03-30 17:58:45,834 - INFO - DEBUG: idx=0, inicio=0, fim=25
2026-03-30 17:58:45,834 - INFO - ✅ 25 OS copiadas para a área de transferência.
2026-03-30 17:58:45,834 - INFO - 📋 Lote 1 copiado.
2026-03-30 17:58:54,177 - INFO - ⌛ Esperando mudança visual...
2026-03-30 17:58:55,192 - INFO - ⌛ Esperando mudança visual...
2026-03-30 17:58:56,207 - INFO - ⌛ Esperando mudança visual...
2026-03-30 17:58:57,223 - INFO - ⌛ Esperando mudança visual...
2026-03-30 17:58:58,239 - INFO - ⌛ Esperando mudança visual...
2026-03-30 17:58:59,254 - INFO - ⌛ Esperando mudança visual...
2026-03-30 17:59:00,270 - INFO - ⌛ Esperando mudança visual...
2026-03-30 17:59:01,285 - INFO - ⌛ Esperando mudança visual...
2026-03-30 17:59:02,302 - INFO - ⌛ Esperando mudança visual...
2026-03-30 17:59:03,317 - INFO - ✅ Tela carregada!
2026-03-30 17:59:07,322 - INFO - 
=== rotina desbloquear_os ===
2026-03-30 17:59:13,799 - INFO - ⌛ Aguardando janela de confirmação de desbloqueio...
2026-03-30 17:59:29,230 - INFO - 🟨 Registros desbloqueados com sucesso
2026-03-30 17:59:33,333 - INFO - 
=== rotina editar_os ===
2026-03-30 17:59:42,758 - INFO - 🟨 OS programadas detectadas
2026-03-30 17:59:45,867 - INFO - ⌛ Aguardando janela de edição de OS...
2026-03-30 18:00:01,311 - INFO - 🟨 Janela de edição de OS detectada
2026-03-30 18:00:22,673 - INFO - 🟨 Janela de edição de habilidade da turma detectada
2026-03-30 18:01:41,005 - INFO - ⌛ Aguardando detecção do campo de caracteristica 'EQUIPE PRÓPRIA OU EPS' ...
2026-03-30 18:02:00,365 - INFO - 🟨 campo de caracteristica 'EQUIPE PRÓPRIA OU EPS detectado
2026-03-30 18:02:22,162 - INFO - ⌛ Aguardando confirmação 4 - editar OS...
2026-03-30 18:02:37,719 - INFO - ⌛ Aguardando confirmação 4 - editar OS...
2026-03-30 18:02:53,217 - INFO - 🟨 Janela de confirmação 4 de edição de OS detectada
2026-03-30 18:02:57,324 - INFO - 
=== rotina programar_os ===
2026-03-30 18:03:23,863 - INFO - ⌛ Aguardando janela de confirmação de programação de OS...
2026-03-30 18:03:44,252 - INFO - 🟨 Janela de confirmação de programação de OS detectada
2026-03-30 18:03:57,522 - INFO - 🟨 Janela de aviso de edição de OS programadas detectada
2026-03-30 18:04:01,728 - INFO - ⌛ aguardando janela de programação de lote de OS...
2026-03-30 18:04:22,258 - INFO - 🟨 Janela de aviso de substituição de lote de OS detectada
2026-03-30 18:04:28,473 - INFO - ⌛ aguardando janela de programação de lote de OS...
2026-03-30 18:04:49,056 - INFO - 🟨 Janela de programação de lote de OS detectada
2026-03-30 18:05:38,605 - INFO - 🟨 Janela de confirmação de programação de lote de OS detectada
2026-03-30 18:05:42,838 - INFO - ⌛ aguardando confirmação final de programação do lote
2026-03-30 18:06:03,335 - INFO - 🟨 programação do lote 1 efetuado com sucesso
2026-03-30 18:06:13,441 - INFO - 
=== Iniciando lote 2/27 [LV] ===
2026-03-30 18:06:13,441 - INFO - 
=== abrir_janela_selecao ===
2026-03-30 18:06:19,749 - INFO - 
=== rotina abrir_selecao_colar_os ===
2026-03-30 18:06:19,805 - INFO - Janela de seleção aberta
2026-03-30 18:06:24,036 - INFO - DEBUG: idx=1, inicio=25, fim=50
2026-03-30 18:06:24,036 - INFO - ✅ 25 OS copiadas para a área de transferência.
2026-03-30 18:06:24,036 - INFO - 📋 Lote 2 copiado.
2026-03-30 18:06:32,376 - INFO - ⌛ Esperando mudança visual...
2026-03-30 18:06:33,390 - INFO - ⌛ Esperando mudança visual...
2026-03-30 18:06:34,405 - INFO - ⌛ Esperando mudança visual...
2026-03-30 18:06:35,421 - INFO - ⌛ Esperando mudança visual...
2026-03-30 18:06:36,436 - INFO - ⌛ Esperando mudança visual...
2026-03-30 18:06:37,453 - INFO - ⌛ Esperando mudança visual...
2026-03-30 18:06:38,472 - INFO - ⌛ Esperando mudança visual...
2026-03-30 18:06:39,484 - INFO - ⌛ Esperando mudança visual...
2026-03-30 18:06:40,499 - INFO - ✅ Tela carregada!
2026-03-30 18:06:44,503 - INFO - 
=== rotina desbloquear_os ===
2026-03-30 18:06:50,981 - INFO - ⌛ Aguardando janela de confirmação de desbloqueio...
2026-03-30 18:07:06,452 - INFO - 🟨 Registros desbloqueados com sucesso
2026-03-30 18:07:10,562 - INFO - 
=== rotina editar_os ===
2026-03-30 18:07:19,966 - INFO - 🟨 OS programadas detectadas
2026-03-30 18:07:23,078 - INFO - ⌛ Aguardando janela de edição de OS...
2026-03-30 18:07:38,621 - INFO - 🟨 Janela de edição de OS detectada
2026-03-30 18:07:59,976 - INFO - 🟨 Janela de edição de habilidade da turma detectada
2026-03-30 18:09:18,303 - INFO - ⌛ Aguardando detecção do campo de caracteristica 'EQUIPE PRÓPRIA OU EPS' ...
2026-03-30 18:09:37,665 - INFO - 🟨 campo de caracteristica 'EQUIPE PRÓPRIA OU EPS detectado
2026-03-30 18:09:59,477 - INFO - ⌛ Aguardando confirmação 4 - editar OS...
2026-03-30 18:10:14,984 - INFO - 🟨 Janela de confirmação 4 de edição de OS detectada
2026-03-30 18:10:19,088 - INFO - 
=== rotina programar_os ===
2026-03-30 18:10:45,612 - INFO - ⌛ Aguardando janela de confirmação de programação de OS...
2026-03-30 18:11:06,003 - INFO - 🟨 Janela de confirmação de programação de OS detectada
2026-03-30 18:11:19,285 - INFO - 🟨 Janela de aviso de edição de OS programadas detectada
2026-03-30 18:11:23,493 - INFO - ⌛ aguardando janela de programação de lote de OS...
2026-03-30 18:11:44,035 - INFO - 🟨 Janela de aviso de substituição de lote de OS detectada
2026-03-30 18:11:50,251 - INFO - ⌛ aguardando janela de programação de lote de OS...
2026-03-30 18:12:10,783 - INFO - 🟨 Janela de programação de lote de OS detectada
2026-03-30 18:13:00,341 - INFO - 🟨 Janela de confirmação de programação de lote de OS detectada
2026-03-30 18:13:04,580 - INFO - ⌛ aguardando confirmação final de programação do lote
2026-03-30 18:13:25,100 - INFO - 🟨 programação do lote 2 efetuado com sucesso
2026-03-30 18:13:35,206 - INFO - 
=== Iniciando lote 3/27 [LV] ===
2026-03-30 18:13:35,207 - INFO - 
=== abrir_janela_selecao ===
2026-03-30 18:13:41,513 - INFO - 
=== rotina abrir_selecao_colar_os ===
2026-03-30 18:13:41,573 - INFO - Janela de seleção aberta
2026-03-30 18:13:45,797 - INFO - DEBUG: idx=2, inicio=50, fim=75
2026-03-30 18:13:45,797 - INFO - ✅ 25 OS copiadas para a área de transferência.
2026-03-30 18:13:45,797 - INFO - 📋 Lote 3 copiado.
2026-03-30 18:13:54,132 - INFO - ⌛ Esperando mudança visual...
2026-03-30 18:13:55,155 - INFO - ⌛ Esperando mudança visual...
2026-03-30 18:13:56,171 - INFO - ⌛ Esperando mudança visual...
2026-03-30 18:13:57,187 - INFO - ⌛ Esperando mudança visual...
2026-03-30 18:13:58,202 - INFO - ⌛ Esperando mudança visual...
2026-03-30 18:13:59,218 - INFO - ⌛ Esperando mudança visual...
2026-03-30 18:14:00,233 - INFO - ⌛ Esperando mudança visual...
2026-03-30 18:14:01,249 - INFO - ⌛ Esperando mudança visual...
2026-03-30 18:14:02,265 - INFO - ✅ Tela carregada!
2026-03-30 18:14:06,271 - INFO - 
=== rotina desbloquear_os ===
2026-03-30 18:14:12,741 - INFO - ⌛ Aguardando janela de confirmação de desbloqueio...
2026-03-30 18:14:28,145 - INFO - 🟨 Registros desbloqueados com sucesso
2026-03-30 18:14:32,264 - INFO - 
=== rotina editar_os ===
2026-03-30 18:14:41,663 - INFO - ⌛ Aguardando janela de edição de OS...
2026-03-30 18:14:57,139 - INFO - 🟨 OS programadas detectadas
2026-03-30 18:15:00,245 - INFO - ⌛ Aguardando janela de edição de OS...
2026-03-30 18:15:15,694 - INFO - 🟨 Janela de edição de OS detectada
2026-03-30 18:15:37,075 - INFO - 🟨 Janela de edição de habilidade da turma detectada
2026-03-30 18:16:55,377 - INFO - ⌛ Aguardando detecção do campo de caracteristica 'EQUIPE PRÓPRIA OU EPS' ...
2026-03-30 18:17:14,747 - INFO - 🟨 campo de caracteristica 'EQUIPE PRÓPRIA OU EPS detectado
2026-03-30 18:17:36,546 - INFO - ⌛ Aguardando confirmação 4 - editar OS...
2026-03-30 18:17:52,002 - INFO - ⌛ Aguardando confirmação 4 - editar OS...
2026-03-30 18:18:07,489 - INFO - ⌛ Aguardando confirmação 4 - editar OS...
2026-03-30 18:18:22,946 - INFO - 🟨 Janela de confirmação 4 de edição de OS detectada
2026-03-30 18:18:27,057 - INFO - 
=== rotina programar_os ===
2026-03-30 18:18:53,583 - INFO - ⌛ Aguardando janela de confirmação de programação de OS...
2026-03-30 18:19:13,972 - INFO - 🟨 Janela de confirmação de programação de OS detectada
2026-03-30 18:19:27,228 - INFO - 🟨 Janela de aviso de edição de OS programadas detectada
2026-03-30 18:19:31,464 - INFO - ⌛ aguardando janela de programação de lote de OS...
2026-03-30 18:19:51,999 - INFO - 🟨 Janela de aviso de substituição de lote de OS detectada
2026-03-30 18:19:58,205 - INFO - ⌛ aguardando janela de programação de lote de OS...
2026-03-30 18:20:18,706 - INFO - 🟨 Janela de programação de lote de OS detectada
2026-03-30 18:21:08,205 - INFO - 🟨 Janela de confirmação de programação de lote de OS detectada
2026-03-30 18:21:12,433 - INFO - ⌛ aguardando confirmação final de programação do lote
2026-03-30 18:21:32,862 - INFO - 🟨 programação do lote 3 efetuado com sucesso
2026-03-30 18:21:42,966 - INFO - 
=== Iniciando lote 4/27 [LV] ===
2026-03-30 18:21:42,966 - INFO - 
=== abrir_janela_selecao ===
2026-03-30 18:21:49,283 - INFO - 
=== rotina abrir_selecao_colar_os ===
2026-03-30 18:21:49,327 - INFO - Janela de seleção aberta
2026-03-30 18:21:53,556 - INFO - DEBUG: idx=3, inicio=75, fim=100
2026-03-30 18:21:53,556 - INFO - ✅ 25 OS copiadas para a área de transferência.
2026-03-30 18:21:53,556 - INFO - 📋 Lote 4 copiado.
2026-03-30 18:22:01,883 - INFO - ⌛ Esperando mudança visual...
2026-03-30 18:22:02,907 - INFO - ⌛ Esperando mudança visual...
2026-03-30 18:22:03,922 - INFO - ⌛ Esperando mudança visual...
2026-03-30 18:22:04,938 - INFO - ⌛ Esperando mudança visual...
2026-03-30 18:22:05,953 - INFO - ⌛ Esperando mudança visual...
2026-03-30 18:22:06,969 - INFO - ⌛ Esperando mudança visual...
2026-03-30 18:22:07,985 - INFO - ⌛ Esperando mudança visual...
2026-03-30 18:22:09,001 - INFO - ⌛ Esperando mudança visual...
2026-03-30 18:22:10,016 - INFO - ⌛ Esperando mudança visual...
2026-03-30 18:22:11,032 - INFO - ✅ Tela carregada!
2026-03-30 18:22:15,038 - INFO - 
=== rotina desbloquear_os ===
2026-03-30 18:22:21,516 - INFO - ⌛ Aguardando janela de confirmação de desbloqueio...
2026-03-30 18:22:36,959 - INFO - 🟨 Registros desbloqueados com sucesso
2026-03-30 18:22:41,064 - INFO - 
=== rotina editar_os ===
2026-03-30 18:22:50,486 - INFO - ⌛ Aguardando janela de edição de OS...
2026-03-30 18:23:05,989 - INFO - 🟨 OS programadas detectadas
2026-03-30 18:23:09,095 - INFO - ⌛ Aguardando janela de edição de OS...
2026-03-30 18:23:24,541 - INFO - 🟨 Janela de edição de OS detectada
2026-03-30 18:23:45,933 - INFO - 🟨 Janela de edição de habilidade da turma detectada
2026-03-30 18:25:04,246 - INFO - ⌛ Aguardando detecção do campo de caracteristica 'EQUIPE PRÓPRIA OU EPS' ...
2026-03-30 18:25:23,613 - INFO - 🟨 campo de caracteristica 'EQUIPE PRÓPRIA OU EPS detectado
2026-03-30 18:25:45,364 - INFO - ⌛ Aguardando confirmação 4 - editar OS...
2026-03-30 18:26:00,796 - INFO - ⌛ Aguardando confirmação 4 - editar OS...
2026-03-30 18:26:16,217 - INFO - 🟨 Janela de confirmação 4 de edição de OS detectada
2026-03-30 18:26:20,332 - INFO - 
=== rotina programar_os ===
2026-03-30 18:26:46,868 - INFO - ⌛ Aguardando janela de confirmação de programação de OS...
2026-03-30 18:27:07,192 - INFO - 🟨 Janela de confirmação de programação de OS detectada
2026-03-30 18:27:20,485 - INFO - 🟨 Janela de aviso de edição de OS programadas detectada
2026-03-30 18:27:24,723 - INFO - ⌛ aguardando janela de programação de lote de OS...
2026-03-30 18:27:45,301 - INFO - 🟨 Janela de aviso de substituição de lote de OS detectada
2026-03-30 18:27:51,508 - INFO - ⌛ aguardando janela de programação de lote de OS...
2026-03-30 18:28:12,044 - INFO - ⌛ aguardando janela de programação de lote de OS...
2026-03-30 18:28:12,301 - INFO - 🟨 Identificado falha no EQM
2026-03-30 18:28:12,301 - INFO - Capturando print...
2026-03-30 18:28:48,952 - INFO - ⌛ Aguardando janela de confirmação de programação de OS...
2026-03-30 18:29:09,331 - INFO - 🟨 Janela de confirmação de programação de OS detectada
2026-03-30 18:29:22,609 - INFO - 🟨 Janela de aviso de edição de OS programadas detectada
2026-03-30 18:29:26,821 - INFO - ⌛ aguardando janela de programação de lote de OS...
2026-03-30 18:29:47,342 - INFO - ⌛ aguardando janela de programação de lote de OS...
2026-03-30 18:30:07,855 - INFO - ⌛ aguardando janela de programação de lote de OS...
2026-03-30 18:30:28,362 - INFO - ⌛ aguardando janela de programação de lote de OS...
2026-03-30 18:30:48,914 - INFO - ⌛ aguardando janela de programação de lote de OS...
2026-03-30 18:31:09,432 - INFO - ⌛ aguardando janela de programação de lote de OS...
2026-03-30 18:31:29,969 - INFO - ⌛ aguardando janela de programação de lote de OS...
2026-03-30 18:31:50,518 - INFO - ⌛ aguardando janela de programação de lote de OS...
2026-03-30 18:32:11,045 - INFO - ⌛ aguardando janela de programação de lote de OS...
2026-03-30 18:32:31,590 - INFO - ⌛ aguardando janela de programação de lote de OS...
2026-03-30 18:32:52,108 - INFO - ⌛ aguardando janela de programação de lote de OS...
2026-03-30 18:33:12,607 - INFO - ⌛ aguardando janela de programação de lote de OS...
2026-03-30 18:33:33,138 - INFO - ⌛ aguardando janela de programação de lote de OS...
2026-03-30 18:33:53,677 - INFO - ⌛ aguardando janela de programação de lote de OS...
2026-03-30 18:34:14,204 - INFO - ⌛ aguardando janela de programação de lote de OS...
2026-03-30 18:34:34,758 - INFO - ⌛ aguardando janela de programação de lote de OS...
2026-03-30 18:34:55,311 - INFO - ⌛ aguardando janela de programação de lote de OS...
2026-03-30 18:35:15,830 - INFO - ⌛ aguardando janela de programação de lote de OS...
2026-03-30 18:35:36,369 - INFO - ⌛ aguardando janela de programação de lote de OS...
2026-03-30 18:35:56,926 - INFO - ⌛ aguardando janela de programação de lote de OS...
2026-03-30 18:36:17,441 - INFO - ⌛ aguardando janela de programação de lote de OS...
2026-03-30 18:36:38,000 - INFO - ⌛ aguardando janela de programação de lote de OS...
2026-03-30 18:36:58,510 - INFO - ⌛ aguardando janela de programação de lote de OS...
2026-03-30 18:37:19,015 - INFO - ⌛ aguardando janela de programação de lote de OS...
2026-03-30 18:37:39,557 - INFO - ⌛ aguardando janela de programação de lote de OS...
2026-03-30 18:38:00,099 - INFO - ⌛ aguardando janela de programação de lote de OS...
2026-03-30 18:38:20,635 - INFO - ⌛ aguardando janela de programação de lote de OS...
2026-03-30 18:38:41,167 - INFO - ⌛ aguardando janela de programação de lote de OS...
2026-03-30 18:39:01,701 - INFO - ⌛ aguardando janela de programação de lote de OS...
2026-03-30 18:39:22,255 - INFO - ⌛ aguardando janela de programação de lote de OS...
2026-03-30 18:39:42,762 - INFO - ⌛ aguardando janela de programação de lote de OS...
2026-03-30 18:40:03,246 - INFO - ⌛ aguardando janela de programação de lote de OS...
2026-03-30 18:40:23,732 - INFO - ⌛ aguardando janela de programação de lote de OS...
2026-03-30 18:40:44,214 - INFO - ⌛ aguardando janela de programação de lote de OS...
2026-03-30 18:41:04,707 - INFO - ⌛ aguardando janela de programação de lote de OS...
2026-03-30 18:41:25,255 - INFO - ⌛ aguardando janela de programação de lote de OS...
2026-03-30 18:41:45,768 - INFO - ⌛ aguardando janela de programação de lote de OS...
2026-03-30 18:42:06,324 - INFO - ⌛ aguardando janela de programação de lote de OS...
2026-03-30 18:42:26,858 - INFO - ⌛ aguardando janela de programação de lote de OS...
2026-03-30 18:42:47,372 - INFO - ⌛ aguardando janela de programação de lote de OS...
2026-03-30 18:43:07,892 - INFO - ⌛ aguardando janela de programação de lote de OS...
2026-03-30 18:43:28,401 - INFO - ⌛ aguardando janela de programação de lote de OS...
2026-03-30 18:43:48,937 - INFO - ⌛ aguardando janela de programação de lote de OS...
2026-03-30 18:44:09,509 - INFO - ⌛ aguardando janela de programação de lote de OS...
2026-03-30 18:44:30,242 - INFO - ⌛ aguardando janela de programação de lote de OS...
2026-03-30 18:44:50,860 - INFO - ⌛ aguardando janela de programação de lote de OS...
2026-03-30 18:45:11,343 - INFO - ⌛ aguardando janela de programação de lote de OS...
2026-03-30 18:45:31,820 - INFO - ⌛ aguardando janela de programação de lote de OS...
2026-03-30 18:45:52,294 - INFO - ⌛ aguardando janela de programação de lote de OS...
2026-03-30 18:46:12,817 - INFO - ⌛ aguardando janela de programação de lote de OS...
2026-03-30 18:46:33,308 - INFO - ⌛ aguardando janela de programação de lote de OS...
2026-03-30 18:46:53,817 - INFO - ⌛ aguardando janela de programação de lote de OS...
2026-03-30 18:47:14,312 - INFO - ⌛ aguardando janela de programação de lote de OS...
2026-03-30 18:47:34,849 - INFO - ⌛ aguardando janela de programação de lote de OS...
2026-03-30 18:47:55,319 - INFO - ⌛ aguardando janela de programação de lote de OS...
2026-03-30 18:48:15,807 - INFO - ⌛ aguardando janela de programação de lote de OS...
2026-03-30 18:48:36,283 - INFO - ⌛ aguardando janela de programação de lote de OS...
2026-03-30 18:48:56,764 - INFO - ⌛ aguardando janela de programação de lote de OS...
2026-03-30 18:49:17,301 - INFO - ⌛ aguardando janela de programação de lote de OS...
2026-03-30 18:49:37,833 - INFO - ⌛ aguardando janela de programação de lote de OS...
2026-03-30 18:49:58,326 - INFO - ⌛ aguardando janela de programação de lote de OS...
2026-03-30 18:50:18,818 - INFO - ⌛ aguardando janela de programação de lote de OS...
2026-03-30 18:50:39,289 - INFO - ⌛ aguardando janela de programação de lote de OS...
2026-03-30 18:50:59,782 - INFO - ⌛ aguardando janela de programação de lote de OS...
2026-03-30 18:51:20,328 - INFO - ⌛ aguardando janela de programação de lote de OS...
2026-03-30 18:51:40,881 - INFO - ⌛ aguardando janela de programação de lote de OS...
2026-03-30 18:52:01,384 - INFO - ⌛ aguardando janela de programação de lote de OS...
2026-03-30 18:52:21,915 - INFO - ⌛ aguardando janela de programação de lote de OS...
2026-03-30 18:52:42,455 - INFO - ⌛ aguardando janela de programação de lote de OS...
2026-03-30 18:53:02,997 - INFO - ⌛ aguardando janela de programação de lote de OS...
2026-03-30 18:53:23,542 - INFO - ⌛ aguardando janela de programação de lote de OS...
2026-03-30 18:53:44,009 - INFO - ⌛ aguardando janela de programação de lote de OS...
2026-03-30 18:54:04,502 - INFO - ⌛ aguardando janela de programação de lote de OS...
2026-03-30 18:54:24,986 - INFO - ⌛ aguardando janela de programação de lote de OS...
2026-03-30 18:54:45,489 - INFO - ⌛ aguardando janela de programação de lote de OS...
2026-03-30 18:55:05,963 - INFO - ⌛ aguardando janela de programação de lote de OS...
2026-03-30 18:55:26,434 - INFO - ⌛ aguardando janela de programação de lote de OS...
2026-03-30 18:55:46,929 - INFO - ⌛ aguardando janela de programação de lote de OS...
2026-03-30 18:56:07,408 - INFO - ⌛ aguardando janela de programação de lote de OS...
2026-03-30 18:56:27,886 - INFO - ⌛ aguardando janela de programação de lote de OS...
2026-03-30 18:56:48,383 - INFO - ⌛ aguardando janela de programação de lote de OS...
2026-03-30 18:57:08,854 - INFO - ⌛ aguardando janela de programação de lote de OS...
2026-03-30 18:57:29,356 - INFO - ⌛ aguardando janela de programação de lote de OS...
2026-03-30 18:57:49,831 - INFO - ⌛ aguardando janela de programação de lote de OS...
2026-03-30 18:58:10,338 - INFO - ⌛ aguardando janela de programação de lote de OS...
2026-03-30 18:58:30,826 - INFO - ⌛ aguardando janela de programação de lote de OS...
2026-03-30 18:58:51,284 - INFO - ⌛ aguardando janela de programação de lote de OS...
2026-03-30 18:59:11,785 - INFO - ⌛ aguardando janela de programação de lote de OS...
2026-03-30 18:59:32,350 - INFO - verificando janela oculta
2026-03-30 18:59:52,827 - INFO - ⏱️ Tempo limite atingido. Abortando seleção
2026-03-30 18:59:52,827 - INFO - Capturando print...
