2026-02-25 10:35:56,374 - INFO - Data hoje: 25/02/2026
2026-02-25 10:35:56,374 - INFO - Data de referência: 28/02/2026
2026-02-25 10:40:06,398 - INFO - Qtde OS de LINHA VIVA: 324
2026-02-25 10:40:06,414 - INFO - Qtde OS poda de LINHA MORTA: 81
2026-02-25 10:40:06,414 - INFO - Qtde OS estrutural de LINHA MORTA : 53
2026-02-25 10:40:06,414 - INFO - Qtde OS poda de LINHA MORTA fora carteira: 1328
2026-02-25 10:40:06,414 - INFO - Qtde OS para desprogramar: 34958
2026-02-25 10:40:06,414 - INFO - 
 Qtd de lotes de LM: 4
2026-02-25 10:40:06,414 - INFO - 
 Qtd de lotes de LV: 13
2026-02-25 10:40:06,414 - INFO - 
 Qtd de lotes de ESTRUTURAL LM: 3
2026-02-25 10:40:06,414 - INFO - 
 Qtd de lotes de LEVE: 54
2026-02-25 10:40:06,414 - INFO - 
 Qtd de lotes para desprogramar: 1399
2026-02-25 10:40:06,414 - INFO - 
=== Iniciando lote 1/1399 [DESPROGAMAR] ===
2026-02-25 10:40:12,896 - INFO - ⌛ Aguardando janela de seleção...
2026-02-25 11:34:26,539 - INFO - Data hoje: 25/02/2026
2026-02-25 11:34:26,539 - INFO - Data de referência: 28/02/2026
2026-02-25 11:39:42,614 - INFO - Qtde OS de LINHA VIVA: 320
2026-02-25 11:39:42,614 - INFO - Qtde OS poda de LINHA MORTA: 81
2026-02-25 11:39:42,614 - INFO - Qtde OS estrutural de LINHA MORTA : 53
2026-02-25 11:39:42,614 - INFO - Qtde OS poda de LINHA MORTA fora carteira: 1328
2026-02-25 11:39:42,614 - INFO - Qtde OS para desprogramar: 34876
2026-02-25 11:39:42,614 - INFO - 
 Qtd de lotes de LM: 4
2026-02-25 11:39:42,614 - INFO - 
 Qtd de lotes de LV: 13
2026-02-25 11:39:42,614 - INFO - 
 Qtd de lotes de ESTRUTURAL LM: 3
2026-02-25 11:39:42,614 - INFO - 
 Qtd de lotes de LEVE: 54
2026-02-25 11:39:42,614 - INFO - 
 Qtd de lotes para desprogramar: 1396
2026-02-25 11:39:42,614 - INFO - 
=== Iniciando lote 1/1396 [DESPROGAMAR] ===
2026-02-25 11:39:49,254 - INFO - Janela de seleção aberta
2026-02-25 11:39:53,568 - INFO - DEBUG: idx=0, inicio=0, fim=25
2026-02-25 11:39:53,568 - INFO - ✅ 25 OS copiadas para a área de transferência.
2026-02-25 11:39:53,568 - INFO - 📋 Lote 1 copiado.
2026-02-25 11:40:01,906 - INFO - ⌛ Esperando mudança visual...
2026-02-25 11:40:02,920 - INFO - ✅ Tela carregada!
2026-02-25 11:40:13,579 - INFO - ⌛ Aguardando janela de confirmação de desbloqueio...
2026-02-25 11:40:29,677 - INFO - 🟨 Registros desbloqueados com sucesso
2026-02-25 11:40:42,373 - INFO - 🟨 Janela de confirmação de desprogramação detectada
2026-02-25 11:40:46,022 - INFO - 🟨 Janela de aviso de desprogramação detectada
2026-02-25 11:40:48,321 - INFO - ⌛ Aguardando janela de confirmação de desprogramação 2 ...
2026-02-25 11:41:04,525 - INFO - 🟨 Janela de confirmação 2 de desprogramação detectada
2026-02-25 11:41:11,940 - INFO - 🟨 lote desprogramado com sucesso
2026-02-25 11:41:14,215 - INFO - ⌛ Aguardando janela de confirmação de desprogramação 2 ...
2026-02-25 11:41:30,227 - INFO - ⌛ Aguardando janela de confirmação de desprogramação 2 ...
2026-02-25 11:41:46,208 - INFO - ⌛ Aguardando janela de confirmação de desprogramação 2 ...
2026-02-25 11:42:02,137 - INFO - ⌛ Aguardando janela de confirmação de desprogramação 2 ...
2026-02-25 11:42:18,105 - INFO - ⌛ Aguardando janela de confirmação de desprogramação 2 ...
2026-02-25 11:42:34,063 - INFO - ⌛ Aguardando janela de confirmação de desprogramação 2 ...
2026-02-25 11:42:50,039 - INFO - ⌛ Aguardando janela de confirmação de desprogramação 2 ...
2026-02-25 11:43:06,061 - INFO - ⌛ Aguardando janela de confirmação de desprogramação 2 ...
2026-02-25 11:43:22,017 - INFO - ⌛ Aguardando janela de confirmação de desprogramação 2 ...
2026-02-25 11:43:37,966 - INFO - ⌛ Aguardando janela de confirmação de desprogramação 2 ...
2026-02-25 11:43:53,896 - INFO - ⌛ Aguardando janela de confirmação de desprogramação 2 ...
2026-02-25 11:44:09,894 - INFO - ⌛ Aguardando janela de confirmação de desprogramação 2 ...
2026-02-25 11:44:25,839 - INFO - ⌛ Aguardando janela de confirmação de desprogramação 2 ...
2026-02-25 11:44:41,791 - INFO - ⌛ Aguardando janela de confirmação de desprogramação 2 ...
2026-02-25 11:44:57,783 - INFO - ⌛ Aguardando janela de confirmação de desprogramação 2 ...
2026-02-25 11:45:13,792 - INFO - ⌛ Aguardando janela de confirmação de desprogramação 2 ...
2026-02-25 11:45:29,826 - INFO - ⌛ Aguardando janela de confirmação de desprogramação 2 ...
2026-02-25 11:45:45,897 - INFO - ⌛ Aguardando janela de confirmação de desprogramação 2 ...
2026-02-25 11:46:01,905 - INFO - ⌛ Aguardando janela de confirmação de desprogramação 2 ...
2026-02-25 11:46:17,983 - INFO - ⌛ Aguardando janela de confirmação de desprogramação 2 ...
2026-02-25 11:46:33,961 - INFO - ⌛ Aguardando janela de confirmação de desprogramação 2 ...
2026-02-25 11:46:50,028 - INFO - ⌛ Aguardando janela de confirmação de desprogramação 2 ...
2026-02-25 11:47:45,195 - INFO - Data hoje: 25/02/2026
2026-02-25 11:47:45,195 - INFO - Data de referência: 28/02/2026
2026-02-25 11:51:10,065 - INFO - Qtde OS de LINHA VIVA: 320
2026-02-25 11:51:10,065 - INFO - Qtde OS poda de LINHA MORTA: 81
2026-02-25 11:51:10,065 - INFO - Qtde OS estrutural de LINHA MORTA : 53
2026-02-25 11:51:10,065 - INFO - Qtde OS poda de LINHA MORTA fora carteira: 1328
2026-02-25 11:51:10,065 - INFO - Qtde OS para desprogramar: 34876
2026-02-25 11:51:10,065 - INFO - 
 Qtd de lotes de LM: 4
2026-02-25 11:51:10,065 - INFO - 
 Qtd de lotes de LV: 13
2026-02-25 11:51:10,065 - INFO - 
 Qtd de lotes de ESTRUTURAL LM: 3
2026-02-25 11:51:10,065 - INFO - 
 Qtd de lotes de LEVE: 54
2026-02-25 11:51:10,065 - INFO - 
 Qtd de lotes para desprogramar: 1396
2026-02-25 11:51:10,065 - INFO - 
=== Iniciando lote 1/1396 [DESPROGAMAR] ===
2026-02-25 11:51:16,462 - INFO - Janela de seleção aberta
2026-02-25 11:51:20,702 - INFO - DEBUG: idx=0, inicio=0, fim=25
2026-02-25 11:51:20,702 - INFO - ✅ 25 OS copiadas para a área de transferência.
2026-02-25 11:51:20,702 - INFO - 📋 Lote 1 copiado.
2026-02-25 11:51:29,044 - INFO - ⌛ Esperando mudança visual...
2026-02-25 11:51:30,051 - INFO - ⌛ Esperando mudança visual...
2026-02-25 11:51:31,067 - INFO - ⌛ Esperando mudança visual...
2026-02-25 11:51:32,083 - INFO - ⌛ Esperando mudança visual...
2026-02-25 11:51:33,098 - INFO - ⌛ Esperando mudança visual...
2026-02-25 11:51:34,114 - INFO - ✅ Tela carregada!
2026-02-25 11:51:44,591 - INFO - ⌛ Aguardando janela de confirmação de desbloqueio...
2026-02-25 11:52:00,002 - INFO - 🟨 Registros desbloqueados com sucesso
2026-02-25 11:52:12,573 - INFO - 🟨 Janela de confirmação de desprogramação detectada
2026-02-25 11:52:15,877 - INFO - 🟨 OS não programada detectada
2026-02-25 11:52:24,352 - INFO - ⌛ Aguardando janela de confirmação de desprogramação ...
2026-02-25 11:52:39,745 - INFO - ⌛ Aguardando janela de confirmação de desprogramação ...
2026-02-25 11:52:55,150 - INFO - ⌛ Aguardando janela de confirmação de desprogramação ...
2026-02-25 11:53:10,545 - INFO - ⌛ Aguardando janela de confirmação de desprogramação ...
2026-02-25 11:53:25,955 - INFO - ⌛ Aguardando janela de confirmação de desprogramação ...
2026-02-25 11:53:41,399 - INFO - ⌛ Aguardando janela de confirmação de desprogramação ...
2026-02-25 11:53:56,832 - INFO - ⌛ Aguardando janela de confirmação de desprogramação ...
2026-02-25 11:54:12,250 - INFO - ⌛ Aguardando janela de confirmação de desprogramação ...
2026-02-25 11:54:27,640 - INFO - ⌛ Aguardando janela de confirmação de desprogramação ...
2026-02-25 11:54:43,054 - INFO - ⌛ Aguardando janela de confirmação de desprogramação ...
2026-02-25 11:54:58,529 - INFO - ⌛ Aguardando janela de confirmação de desprogramação ...
2026-02-25 11:55:14,033 - INFO - ⌛ Aguardando janela de confirmação de desprogramação ...
2026-02-25 11:55:29,540 - INFO - ⌛ Aguardando janela de confirmação de desprogramação ...
2026-02-25 11:55:45,031 - INFO - ⌛ Aguardando janela de confirmação de desprogramação ...
2026-02-25 11:56:00,525 - INFO - ⌛ Aguardando janela de confirmação de desprogramação ...
2026-02-25 11:56:16,062 - INFO - ⌛ Aguardando janela de confirmação de desprogramação ...
2026-02-25 11:56:31,533 - INFO - ⌛ Aguardando janela de confirmação de desprogramação ...
2026-02-25 11:56:47,023 - INFO - ⌛ Aguardando janela de confirmação de desprogramação ...
2026-02-25 11:57:02,523 - INFO - ⌛ Aguardando janela de confirmação de desprogramação ...
2026-02-25 11:57:18,046 - INFO - ⌛ Aguardando janela de confirmação de desprogramação ...
2026-02-25 11:57:33,562 - INFO - ⌛ Aguardando janela de confirmação de desprogramação ...
2026-02-25 11:57:49,002 - INFO - ⌛ Aguardando janela de confirmação de desprogramação ...
2026-02-25 11:58:04,514 - INFO - ⌛ Aguardando janela de confirmação de desprogramação ...
2026-02-25 11:58:20,016 - INFO - ⌛ Aguardando janela de confirmação de desprogramação ...
2026-02-25 11:58:35,478 - INFO - ⌛ Aguardando janela de confirmação de desprogramação ...
2026-02-25 11:58:50,890 - INFO - ⌛ Aguardando janela de confirmação de desprogramação ...
2026-02-25 11:59:06,323 - INFO - ⌛ Aguardando janela de confirmação de desprogramação ...
2026-02-25 11:59:21,771 - INFO - ⌛ Aguardando janela de confirmação de desprogramação ...
2026-02-25 11:59:37,241 - INFO - ⌛ Aguardando janela de confirmação de desprogramação ...
2026-02-25 11:59:52,676 - INFO - ⌛ Aguardando janela de confirmação de desprogramação ...
2026-02-25 12:00:08,098 - INFO - ⌛ Aguardando janela de confirmação de desprogramação ...
2026-02-25 12:00:23,484 - INFO - ⌛ Aguardando janela de confirmação de desprogramação ...
2026-02-25 12:00:38,936 - INFO - ⌛ Aguardando janela de confirmação de desprogramação ...
2026-02-25 12:00:54,342 - INFO - ⌛ Aguardando janela de confirmação de desprogramação ...
2026-02-25 12:01:09,845 - INFO - ⌛ Aguardando janela de confirmação de desprogramação ...
2026-02-25 12:01:25,290 - INFO - ⌛ Aguardando janela de confirmação de desprogramação ...
2026-02-25 12:01:40,740 - INFO - ⌛ Aguardando janela de confirmação de desprogramação ...
2026-02-25 12:01:56,159 - INFO - ⌛ Aguardando janela de confirmação de desprogramação ...
2026-02-25 12:02:11,597 - INFO - ⏱️ Tempo limite atingido. Abortando seleção
2026-02-25 14:04:37,769 - INFO - Data hoje: 25/02/2026
2026-02-25 14:04:37,769 - INFO - Data de referência: 28/02/2026
2026-02-25 14:05:28,889 - INFO - Qtde OS de LINHA VIVA: 0
2026-02-25 14:05:28,889 - INFO - Qtde OS poda de LINHA MORTA: 0
2026-02-25 14:05:28,889 - INFO - Qtde OS estrutural de LINHA MORTA : 0
2026-02-25 14:05:28,889 - INFO - Qtde OS poda de LINHA MORTA fora carteira: 0
2026-02-25 14:05:28,889 - INFO - Qtde OS para desprogramar: 0
2026-02-25 14:05:28,889 - INFO - 
 Qtd de lotes de LM: 0
2026-02-25 14:05:28,889 - INFO - 
 Qtd de lotes de LV: 0
2026-02-25 14:05:28,889 - INFO - 
 Qtd de lotes de ESTRUTURAL LM: 0
2026-02-25 14:05:28,889 - INFO - 
 Qtd de lotes de LEVE: 0
2026-02-25 14:05:28,889 - INFO - 
 Qtd de lotes para desprogramar: 0
2026-02-25 15:06:49,020 - INFO - Data hoje: 25/02/2026
2026-02-25 15:06:49,020 - INFO - Data de referência: 28/02/2026
2026-02-25 15:07:39,476 - INFO - Qtde OS de LINHA VIVA: 0
2026-02-25 15:07:39,476 - INFO - Qtde OS poda de LINHA MORTA: 0
2026-02-25 15:07:39,476 - INFO - Qtde OS estrutural de LINHA MORTA : 0
2026-02-25 15:07:39,476 - INFO - Qtde OS poda de LINHA MORTA fora carteira: 0
2026-02-25 15:07:39,476 - INFO - Qtde OS para desprogramar: 0
2026-02-25 15:07:39,476 - INFO - 
 Qtd de lotes de LM: 0
2026-02-25 15:07:39,476 - INFO - 
 Qtd de lotes de LV: 0
2026-02-25 15:07:39,476 - INFO - 
 Qtd de lotes de ESTRUTURAL LM: 0
2026-02-25 15:07:39,476 - INFO - 
 Qtd de lotes de LEVE: 0
2026-02-25 15:07:39,476 - INFO - 
 Qtd de lotes para desprogramar: 0
2026-02-25 18:07:31,283 - INFO - Data hoje: 25/02/2026
2026-02-25 18:07:31,283 - INFO - Data de referência: 28/02/2026
2026-02-25 18:08:13,673 - INFO - Qtde OS de LINHA VIVA: 0
2026-02-25 18:08:13,673 - INFO - Qtde OS poda de LINHA MORTA: 0
2026-02-25 18:08:13,673 - INFO - Qtde OS estrutural de LINHA MORTA : 0
2026-02-25 18:08:13,673 - INFO - Qtde OS poda de LINHA MORTA fora carteira: 0
2026-02-25 18:08:13,673 - INFO - Qtde OS para desprogramar: 0
2026-02-25 18:08:13,673 - INFO - 
 Qtd de lotes de LM: 0
2026-02-25 18:08:13,689 - INFO - 
 Qtd de lotes de LV: 0
2026-02-25 18:08:13,689 - INFO - 
 Qtd de lotes de ESTRUTURAL LM: 0
2026-02-25 18:08:13,689 - INFO - 
 Qtd de lotes de LEVE: 0
2026-02-25 18:08:13,689 - INFO - 
 Qtd de lotes para desprogramar: 0
