2026-03-27 11:56:26,337 - INFO - Data hoje: 27/03/2026
2026-03-27 11:56:26,337 - INFO - Data de referência: 31/03/2026
2026-03-27 11:58:05,049 - INFO - Qtde OS de LINHA VIVA: 377
2026-03-27 11:58:05,049 - INFO - Qtde OS poda de LINHA MORTA: 148
2026-03-27 11:58:05,049 - INFO - Qtde OS estrutural de LINHA MORTA : 61
2026-03-27 11:58:05,049 - INFO - Qtde OS poda de LINHA MORTA fora carteira: 3139
2026-03-27 11:58:05,049 - INFO - Qtde OS para desprogramar: 11736
2026-03-27 11:58:05,049 - INFO - 
 Qtd de lotes de LM: 6
2026-03-27 11:58:05,049 - INFO - 
 Qtd de lotes de LV: 16
2026-03-27 11:58:05,049 - INFO - 
 Qtd de lotes de ESTRUTURAL LM: 3
2026-03-27 11:58:05,049 - INFO - 
 Qtd de lotes de LEVE: 126
2026-03-27 11:58:05,049 - INFO - 
 Qtd de lotes para desprogramar: 470
2026-03-27 11:58:05,049 - INFO - 
=== Iniciando lote 1/470 [DESPROGAMAR] ===
2026-03-27 11:58:11,496 - INFO - Janela de seleção aberta
2026-03-27 11:58:17,861 - INFO - DEBUG: idx=0, inicio=0, fim=25
2026-03-27 11:58:17,861 - INFO - ✅ 25 OS copiadas para a área de transferência.
2026-03-27 11:58:17,861 - INFO - 📋 Lote 1 copiado.
2026-03-27 11:58:26,191 - INFO - ⌛ Esperando mudança visual...
2026-03-27 11:58:27,197 - INFO - ⌛ Esperando mudança visual...
2026-03-27 11:58:28,217 - INFO - ✅ Tela carregada!
2026-03-27 11:58:38,697 - INFO - ⌛ Aguardando janela de confirmação de desbloqueio...
2026-03-27 11:58:54,181 - INFO - 🟨 Registros desbloqueados com sucesso
2026-03-27 11:59:06,752 - INFO - ⌛ Aguardando janela de confirmação de desprogramação ...
2026-03-27 11:59:22,153 - INFO - 🟨 Janela de confirmação de desprogramação detectada
2026-03-27 11:59:25,473 - INFO - ⌛ Aguardando janela de confirmação de desprogramação ...
2026-03-27 11:59:40,960 - INFO - 🟨 Janela de aviso de desprogramação detectada
2026-03-27 11:59:43,136 - INFO - ⌛ Aguardando janela de confirmação de desprogramação 2 ...
2026-03-27 11:59:58,593 - INFO - 🟨 Janela de confirmação 2 de desprogramação detectada
2026-03-27 12:00:05,813 - INFO - ⌛ Aguardando janela de sucesso ...
2026-03-27 12:00:21,250 - INFO - 🟨 lote desprogramado com sucesso
2026-03-27 12:00:23,423 - INFO - 
=== Iniciando lote 2/470 [DESPROGAMAR] ===
2026-03-27 12:00:29,770 - INFO - Janela de seleção aberta
2026-03-27 12:00:34,022 - INFO - DEBUG: idx=1, inicio=25, fim=50
2026-03-27 12:00:34,022 - INFO - ✅ 25 OS copiadas para a área de transferência.
2026-03-27 12:00:34,022 - INFO - 📋 Lote 2 copiado.
2026-03-27 12:00:42,355 - INFO - ⌛ Esperando mudança visual...
2026-03-27 12:00:43,370 - INFO - ⌛ Esperando mudança visual...
2026-03-27 12:00:44,392 - INFO - ⌛ Esperando mudança visual...
2026-03-27 12:00:45,406 - INFO - ⌛ Esperando mudança visual...
2026-03-27 12:00:46,421 - INFO - ⌛ Esperando mudança visual...
2026-03-27 12:00:47,438 - INFO - ⌛ Esperando mudança visual...
2026-03-27 12:00:48,453 - INFO - ⌛ Esperando mudança visual...
2026-03-27 12:00:49,469 - INFO - ⌛ Esperando mudança visual...
2026-03-27 12:00:50,484 - INFO - ⌛ Esperando mudança visual...
2026-03-27 12:00:51,501 - INFO - ⌛ Esperando mudança visual...
2026-03-27 12:00:52,515 - INFO - ⌛ Esperando mudança visual...
2026-03-27 12:00:53,531 - INFO - ✅ Tela carregada!
2026-03-27 12:01:04,028 - INFO - ⌛ Aguardando janela de confirmação de desbloqueio...
2026-03-27 12:01:19,487 - INFO - 🟨 Registros desbloqueados com sucesso
2026-03-27 12:01:32,075 - INFO - ⌛ Aguardando janela de confirmação de desprogramação ...
2026-03-27 12:01:47,599 - INFO - 🟨 Janela de confirmação de desprogramação detectada
2026-03-27 12:01:50,904 - INFO - 🟨 Janela de aviso de desprogramação detectada
2026-03-27 12:01:53,073 - INFO - ⌛ Aguardando janela de confirmação de desprogramação 2 ...
2026-03-27 12:02:08,544 - INFO - 🟨 Janela de confirmação 2 de desprogramação detectada
2026-03-27 12:02:15,766 - INFO - ⌛ Aguardando janela de sucesso ...
2026-03-27 12:02:31,207 - INFO - 🟨 lote desprogramado com sucesso
2026-03-27 12:02:33,376 - INFO - 
=== Iniciando lote 3/470 [DESPROGAMAR] ===
2026-03-27 12:02:39,739 - INFO - Janela de seleção aberta
2026-03-27 12:02:43,965 - INFO - DEBUG: idx=2, inicio=50, fim=75
2026-03-27 12:02:43,965 - INFO - ✅ 25 OS copiadas para a área de transferência.
2026-03-27 12:02:43,965 - INFO - 📋 Lote 3 copiado.
2026-03-27 12:02:52,316 - INFO - ⌛ Esperando mudança visual...
2026-03-27 12:02:53,330 - INFO - ⌛ Esperando mudança visual...
2026-03-27 12:02:54,341 - INFO - ⌛ Esperando mudança visual...
2026-03-27 12:02:55,362 - INFO - ⌛ Esperando mudança visual...
2026-03-27 12:02:56,377 - INFO - ⌛ Esperando mudança visual...
2026-03-27 12:02:57,400 - INFO - ⌛ Esperando mudança visual...
2026-03-27 12:02:58,409 - INFO - ⌛ Esperando mudança visual...
2026-03-27 12:02:59,427 - INFO - ⌛ Esperando mudança visual...
2026-03-27 12:03:00,447 - INFO - ⌛ Esperando mudança visual...
2026-03-27 12:03:01,456 - INFO - ⌛ Esperando mudança visual...
2026-03-27 12:03:02,472 - INFO - ⌛ Esperando mudança visual...
2026-03-27 12:03:03,505 - INFO - ✅ Tela carregada!
2026-03-27 12:03:13,984 - INFO - ⌛ Aguardando janela de confirmação de desbloqueio...
2026-03-27 12:03:29,473 - INFO - 🟨 Registros desbloqueados com sucesso
2026-03-27 12:03:42,069 - INFO - ⌛ Aguardando janela de confirmação de desprogramação ...
2026-03-27 12:03:57,506 - INFO - 🟨 Janela de confirmação de desprogramação detectada
2026-03-27 12:04:00,820 - INFO - ⌛ Aguardando janela de confirmação de desprogramação ...
2026-03-27 12:04:16,348 - INFO - 🟨 Janela de aviso de desprogramação detectada
2026-03-27 12:04:18,502 - INFO - ⌛ Aguardando janela de confirmação de desprogramação 2 ...
2026-03-27 12:04:33,925 - INFO - 🟨 Janela de confirmação 2 de desprogramação detectada
2026-03-27 12:04:41,160 - INFO - ⌛ Aguardando janela de sucesso ...
2026-03-27 12:04:56,646 - INFO - 🟨 lote desprogramado com sucesso
2026-03-27 12:04:58,823 - INFO - 
=== Iniciando lote 4/470 [DESPROGAMAR] ===
2026-03-27 12:05:05,213 - INFO - Janela de seleção aberta
2026-03-27 12:05:09,471 - INFO - DEBUG: idx=3, inicio=75, fim=100
2026-03-27 12:05:09,471 - INFO - ✅ 25 OS copiadas para a área de transferência.
2026-03-27 12:05:09,471 - INFO - 📋 Lote 4 copiado.
2026-03-27 12:05:17,790 - INFO - ⌛ Esperando mudança visual...
2026-03-27 12:05:18,807 - INFO - ⌛ Esperando mudança visual...
2026-03-27 12:05:19,818 - INFO - ⌛ Esperando mudança visual...
2026-03-27 12:05:20,836 - INFO - ⌛ Esperando mudança visual...
2026-03-27 12:05:21,852 - INFO - ⌛ Esperando mudança visual...
2026-03-27 12:05:22,870 - INFO - ⌛ Esperando mudança visual...
2026-03-27 12:05:23,885 - INFO - ⌛ Esperando mudança visual...
2026-03-27 12:05:24,899 - INFO - ⌛ Esperando mudança visual...
2026-03-27 12:05:25,914 - INFO - ⌛ Esperando mudança visual...
2026-03-27 12:05:26,930 - INFO - ⌛ Esperando mudança visual...
2026-03-27 12:05:27,945 - INFO - ⌛ Esperando mudança visual...
2026-03-27 12:05:28,961 - INFO - ⌛ Esperando mudança visual...
2026-03-27 12:05:29,977 - INFO - ✅ Tela carregada!
2026-03-27 12:05:40,459 - INFO - ⌛ Aguardando janela de confirmação de desbloqueio...
2026-03-27 12:05:55,942 - INFO - 🟨 Registros desbloqueados com sucesso
2026-03-27 12:06:08,513 - INFO - ⌛ Aguardando janela de confirmação de desprogramação ...
2026-03-27 12:06:23,949 - INFO - 🟨 Janela de confirmação de desprogramação detectada
2026-03-27 12:06:27,259 - INFO - ⌛ Aguardando janela de confirmação de desprogramação ...
2026-03-27 12:06:42,808 - INFO - 🟨 Janela de aviso de desprogramação detectada
2026-03-27 12:06:44,962 - INFO - ⌛ Aguardando janela de confirmação de desprogramação 2 ...
2026-03-27 12:07:00,420 - INFO - 🟨 Janela de confirmação 2 de desprogramação detectada
2026-03-27 12:07:07,648 - INFO - ⌛ Aguardando janela de sucesso ...
2026-03-27 12:07:23,088 - INFO - 🟨 lote desprogramado com sucesso
2026-03-27 12:07:25,259 - INFO - 
=== Iniciando lote 5/470 [DESPROGAMAR] ===
2026-03-27 12:07:31,609 - INFO - Janela de seleção aberta
2026-03-27 12:07:35,849 - INFO - DEBUG: idx=4, inicio=100, fim=125
2026-03-27 12:07:35,849 - INFO - ✅ 25 OS copiadas para a área de transferência.
2026-03-27 12:07:35,849 - INFO - 📋 Lote 5 copiado.
2026-03-27 12:07:44,178 - INFO - ⌛ Esperando mudança visual...
2026-03-27 12:07:45,194 - INFO - ⌛ Esperando mudança visual...
2026-03-27 12:07:46,213 - INFO - ⌛ Esperando mudança visual...
2026-03-27 12:07:47,227 - INFO - ⌛ Esperando mudança visual...
2026-03-27 12:07:48,236 - INFO - ⌛ Esperando mudança visual...
2026-03-27 12:07:49,253 - INFO - ⌛ Esperando mudança visual...
2026-03-27 12:07:50,256 - INFO - ⌛ Esperando mudança visual...
2026-03-27 12:07:51,286 - INFO - ⌛ Esperando mudança visual...
2026-03-27 12:07:52,289 - INFO - ⌛ Esperando mudança visual...
2026-03-27 12:07:53,304 - INFO - ⌛ Esperando mudança visual...
2026-03-27 12:07:54,335 - INFO - ⌛ Esperando mudança visual...
2026-03-27 12:07:55,351 - INFO - ✅ Tela carregada!
2026-03-27 12:08:05,822 - INFO - ⌛ Aguardando janela de confirmação de desbloqueio...
2026-03-27 12:08:21,295 - INFO - 🟨 Registros desbloqueados com sucesso
2026-03-27 12:08:33,875 - INFO - ⌛ Aguardando janela de confirmação de desprogramação ...
2026-03-27 12:08:49,351 - INFO - 🟨 Janela de confirmação de desprogramação detectada
2026-03-27 12:08:52,676 - INFO - 🟨 Janela de aviso de desprogramação detectada
2026-03-27 12:08:54,856 - INFO - ⌛ Aguardando janela de confirmação de desprogramação 2 ...
2026-03-27 12:09:10,312 - INFO - 🟨 Janela de confirmação 2 de desprogramação detectada
2026-03-27 12:09:17,560 - INFO - ⌛ Aguardando janela de sucesso ...
2026-03-27 12:09:33,026 - INFO - 🟨 lote desprogramado com sucesso
2026-03-27 12:09:35,204 - INFO - 
=== Iniciando lote 6/470 [DESPROGAMAR] ===
2026-03-27 12:09:41,551 - INFO - Janela de seleção aberta
2026-03-27 12:09:45,789 - INFO - DEBUG: idx=5, inicio=125, fim=150
2026-03-27 12:09:45,789 - INFO - ✅ 25 OS copiadas para a área de transferência.
2026-03-27 12:09:45,789 - INFO - 📋 Lote 6 copiado.
2026-03-27 12:09:54,121 - INFO - ⌛ Esperando mudança visual...
2026-03-27 12:09:55,134 - INFO - ⌛ Esperando mudança visual...
2026-03-27 12:09:56,151 - INFO - ⌛ Esperando mudança visual...
2026-03-27 12:09:57,165 - INFO - ⌛ Esperando mudança visual...
2026-03-27 12:09:58,181 - INFO - ⌛ Esperando mudança visual...
2026-03-27 12:09:59,203 - INFO - ⌛ Esperando mudança visual...
2026-03-27 12:10:00,215 - INFO - ⌛ Esperando mudança visual...
2026-03-27 12:10:01,236 - INFO - ⌛ Esperando mudança visual...
2026-03-27 12:10:02,253 - INFO - ⌛ Esperando mudança visual...
2026-03-27 12:10:03,259 - INFO - ⌛ Esperando mudança visual...
2026-03-27 12:10:04,275 - INFO - ⌛ Esperando mudança visual...
2026-03-27 12:10:05,290 - INFO - ⌛ Esperando mudança visual...
2026-03-27 12:10:06,306 - INFO - ✅ Tela carregada!
2026-03-27 12:10:16,802 - INFO - ⌛ Aguardando janela de confirmação de desbloqueio...
2026-03-27 12:10:32,245 - INFO - 🟨 Registros desbloqueados com sucesso
2026-03-27 12:10:44,799 - INFO - ⌛ Aguardando janela de confirmação de desprogramação ...
2026-03-27 12:11:00,247 - INFO - 🟨 Janela de confirmação de desprogramação detectada
2026-03-27 12:11:03,537 - INFO - 🟨 Janela de aviso de desprogramação detectada
2026-03-27 12:11:05,736 - INFO - ⌛ Aguardando janela de confirmação de desprogramação 2 ...
2026-03-27 12:11:21,186 - INFO - 🟨 Janela de confirmação 2 de desprogramação detectada
2026-03-27 12:11:28,404 - INFO - ⌛ Aguardando janela de sucesso ...
2026-03-27 12:11:43,840 - INFO - 🟨 lote desprogramado com sucesso
2026-03-27 12:11:46,022 - INFO - 
=== Iniciando lote 7/470 [DESPROGAMAR] ===
2026-03-27 12:11:52,381 - INFO - Janela de seleção aberta
2026-03-27 12:11:56,615 - INFO - DEBUG: idx=6, inicio=150, fim=175
2026-03-27 12:11:56,615 - INFO - ✅ 25 OS copiadas para a área de transferência.
2026-03-27 12:11:56,615 - INFO - 📋 Lote 7 copiado.
2026-03-27 12:12:04,965 - INFO - ⌛ Esperando mudança visual...
2026-03-27 12:12:05,972 - INFO - ⌛ Esperando mudança visual...
2026-03-27 12:12:06,993 - INFO - ⌛ Esperando mudança visual...
2026-03-27 12:12:08,020 - INFO - ⌛ Esperando mudança visual...
2026-03-27 12:12:09,036 - INFO - ⌛ Esperando mudança visual...
2026-03-27 12:12:10,052 - INFO - ⌛ Esperando mudança visual...
2026-03-27 12:12:11,067 - INFO - ⌛ Esperando mudança visual...
2026-03-27 12:12:12,084 - INFO - ⌛ Esperando mudança visual...
2026-03-27 12:12:13,099 - INFO - ⌛ Esperando mudança visual...
2026-03-27 12:12:14,115 - INFO - ⌛ Esperando mudança visual...
2026-03-27 12:12:15,131 - INFO - ✅ Tela carregada!
2026-03-27 12:12:25,606 - INFO - ⌛ Aguardando janela de confirmação de desbloqueio...
2026-03-27 12:12:41,089 - INFO - 🟨 Registros desbloqueados com sucesso
2026-03-27 12:12:53,670 - INFO - ⌛ Aguardando janela de confirmação de desprogramação ...
2026-03-27 12:13:09,176 - INFO - 🟨 Janela de confirmação de desprogramação detectada
2026-03-27 12:13:12,500 - INFO - ⌛ Aguardando janela de confirmação de desprogramação ...
2026-03-27 12:13:27,999 - INFO - 🟨 Janela de aviso de desprogramação detectada
2026-03-27 12:13:30,176 - INFO - ⌛ Aguardando janela de confirmação de desprogramação 2 ...
2026-03-27 12:13:45,612 - INFO - 🟨 Janela de confirmação 2 de desprogramação detectada
2026-03-27 12:13:52,831 - INFO - ⌛ Aguardando janela de sucesso ...
2026-03-27 12:14:08,255 - INFO - 🟨 lote desprogramado com sucesso
2026-03-27 12:14:10,432 - INFO - 
=== Iniciando lote 8/470 [DESPROGAMAR] ===
2026-03-27 12:14:16,809 - INFO - Janela de seleção aberta
2026-03-27 12:14:21,045 - INFO - DEBUG: idx=7, inicio=175, fim=200
2026-03-27 12:14:21,045 - INFO - ✅ 25 OS copiadas para a área de transferência.
2026-03-27 12:14:21,045 - INFO - 📋 Lote 8 copiado.
2026-03-27 12:14:29,377 - INFO - ⌛ Esperando mudança visual...
2026-03-27 12:14:30,398 - INFO - ⌛ Esperando mudança visual...
2026-03-27 12:14:31,413 - INFO - ⌛ Esperando mudança visual...
2026-03-27 12:14:32,431 - INFO - ⌛ Esperando mudança visual...
2026-03-27 12:14:33,451 - INFO - ⌛ Esperando mudança visual...
2026-03-27 12:14:34,460 - INFO - ⌛ Esperando mudança visual...
2026-03-27 12:14:35,476 - INFO - ⌛ Esperando mudança visual...
2026-03-27 12:14:36,493 - INFO - ⌛ Esperando mudança visual...
2026-03-27 12:14:37,508 - INFO - ⌛ Esperando mudança visual...
2026-03-27 12:14:38,511 - INFO - ⌛ Esperando mudança visual...
2026-03-27 12:14:39,522 - INFO - ⌛ Esperando mudança visual...
2026-03-27 12:14:40,538 - INFO - ✅ Tela carregada!
2026-03-27 12:14:51,049 - INFO - ⌛ Aguardando janela de confirmação de desbloqueio...
2026-03-27 12:15:06,517 - INFO - 🟨 Registros desbloqueados com sucesso
2026-03-27 12:15:19,093 - INFO - ⌛ Aguardando janela de confirmação de desprogramação ...
2026-03-27 12:15:34,602 - INFO - 🟨 Janela de confirmação de desprogramação detectada
2026-03-27 12:15:37,895 - INFO - ⌛ Aguardando janela de confirmação de desprogramação ...
2026-03-27 12:15:53,425 - INFO - 🟨 Janela de aviso de desprogramação detectada
2026-03-27 12:15:55,600 - INFO - ⌛ Aguardando janela de confirmação de desprogramação 2 ...
2026-03-27 12:16:11,048 - INFO - 🟨 Janela de confirmação 2 de desprogramação detectada
2026-03-27 12:16:18,265 - INFO - ⌛ Aguardando janela de sucesso ...
2026-03-27 12:16:33,715 - INFO - 🟨 lote desprogramado com sucesso
2026-03-27 12:16:35,888 - INFO - 
=== Iniciando lote 9/470 [DESPROGAMAR] ===
2026-03-27 12:16:42,277 - INFO - Janela de seleção aberta
2026-03-27 12:16:46,521 - INFO - DEBUG: idx=8, inicio=200, fim=225
2026-03-27 12:16:46,521 - INFO - ✅ 25 OS copiadas para a área de transferência.
2026-03-27 12:16:46,521 - INFO - 📋 Lote 9 copiado.
2026-03-27 12:16:54,853 - INFO - ⌛ Esperando mudança visual...
2026-03-27 12:16:55,874 - INFO - ⌛ Esperando mudança visual...
2026-03-27 12:16:56,887 - INFO - ⌛ Esperando mudança visual...
2026-03-27 12:16:57,903 - INFO - ⌛ Esperando mudança visual...
2026-03-27 12:16:58,919 - INFO - ⌛ Esperando mudança visual...
2026-03-27 12:16:59,935 - INFO - ⌛ Esperando mudança visual...
2026-03-27 12:17:00,940 - INFO - ⌛ Esperando mudança visual...
2026-03-27 12:17:01,965 - INFO - ⌛ Esperando mudança visual...
2026-03-27 12:17:02,981 - INFO - ⌛ Esperando mudança visual...
2026-03-27 12:17:03,997 - INFO - ⌛ Esperando mudança visual...
2026-03-27 12:17:05,013 - INFO - ⌛ Esperando mudança visual...
2026-03-27 12:17:06,028 - INFO - ✅ Tela carregada!
2026-03-27 12:17:16,523 - INFO - ⌛ Aguardando janela de confirmação de desbloqueio...
2026-03-27 12:17:31,986 - INFO - 🟨 Registros desbloqueados com sucesso
2026-03-27 12:17:44,578 - INFO - ⌛ Aguardando janela de confirmação de desprogramação ...
2026-03-27 12:18:00,030 - INFO - 🟨 Janela de confirmação de desprogramação detectada
2026-03-27 12:18:03,320 - INFO - 🟨 OS não programada detectada
2026-03-27 12:18:10,505 - INFO - OS NÃO PROGRMADAS DETECTADAS PULANDO LOTE
2026-03-27 12:18:10,505 - INFO - 
=== Iniciando lote 10/470 [DESPROGAMAR] ===
2026-03-27 12:18:16,856 - INFO - Janela de seleção aberta
2026-03-27 12:18:21,091 - INFO - DEBUG: idx=9, inicio=225, fim=250
2026-03-27 12:18:21,091 - INFO - ✅ 25 OS copiadas para a área de transferência.
2026-03-27 12:18:21,091 - INFO - 📋 Lote 10 copiado.
2026-03-27 12:18:29,424 - INFO - ⌛ Esperando mudança visual...
2026-03-27 12:18:30,446 - INFO - ⌛ Esperando mudança visual...
2026-03-27 12:18:31,461 - INFO - ⌛ Esperando mudança visual...
2026-03-27 12:18:32,480 - INFO - ⌛ Esperando mudança visual...
2026-03-27 12:18:33,493 - INFO - ⌛ Esperando mudança visual...
2026-03-27 12:18:34,509 - INFO - ⌛ Esperando mudança visual...
2026-03-27 12:18:35,513 - INFO - ⌛ Esperando mudança visual...
2026-03-27 12:18:36,523 - INFO - ⌛ Esperando mudança visual...
2026-03-27 12:18:37,539 - INFO - ⌛ Esperando mudança visual...
2026-03-27 12:18:38,570 - INFO - ⌛ Esperando mudança visual...
2026-03-27 12:18:39,587 - INFO - ⌛ Esperando mudança visual...
2026-03-27 12:18:40,603 - INFO - ✅ Tela carregada!
2026-03-27 12:18:51,078 - INFO - ⌛ Aguardando janela de confirmação de desbloqueio...
2026-03-27 12:19:06,533 - INFO - 🟨 Registros desbloqueados com sucesso
2026-03-27 12:19:19,132 - INFO - ⌛ Aguardando janela de confirmação de desprogramação ...
2026-03-27 12:19:34,600 - INFO - 🟨 Janela de confirmação de desprogramação detectada
2026-03-27 12:19:37,906 - INFO - ⌛ Aguardando janela de confirmação de desprogramação ...
2026-03-27 12:19:53,442 - INFO - 🟨 Janela de aviso de desprogramação detectada
2026-03-27 12:19:55,614 - INFO - ⌛ Aguardando janela de confirmação de desprogramação 2 ...
2026-03-27 12:20:11,148 - INFO - 🟨 Janela de confirmação 2 de desprogramação detectada
2026-03-27 12:20:18,385 - INFO - ⌛ Aguardando janela de sucesso ...
2026-03-27 12:20:33,830 - INFO - 🟨 lote desprogramado com sucesso
2026-03-27 12:20:35,991 - INFO - 
=== Iniciando lote 11/470 [DESPROGAMAR] ===
2026-03-27 12:20:42,329 - INFO - Janela de seleção aberta
2026-03-27 12:20:46,567 - INFO - DEBUG: idx=10, inicio=250, fim=275
2026-03-27 12:20:46,567 - INFO - ✅ 25 OS copiadas para a área de transferência.
2026-03-27 12:20:46,567 - INFO - 📋 Lote 11 copiado.
2026-03-27 12:20:54,902 - INFO - ⌛ Esperando mudança visual...
2026-03-27 12:20:55,904 - INFO - ⌛ Esperando mudança visual...
2026-03-27 12:20:56,935 - INFO - ⌛ Esperando mudança visual...
2026-03-27 12:20:57,951 - INFO - ⌛ Esperando mudança visual...
2026-03-27 12:20:58,968 - INFO - ⌛ Esperando mudança visual...
2026-03-27 12:20:59,983 - INFO - ⌛ Esperando mudança visual...
2026-03-27 12:21:00,998 - INFO - ⌛ Esperando mudança visual...
2026-03-27 12:21:02,016 - INFO - ⌛ Esperando mudança visual...
2026-03-27 12:21:03,030 - INFO - ⌛ Esperando mudança visual...
2026-03-27 12:21:04,045 - INFO - ✅ Tela carregada!
2026-03-27 12:21:14,540 - INFO - ⌛ Aguardando janela de confirmação de desbloqueio...
2026-03-27 12:21:30,016 - INFO - 🟨 Registros desbloqueados com sucesso
2026-03-27 12:21:42,607 - INFO - 🟨 Janela de confirmação de desprogramação detectada
2026-03-27 12:21:45,937 - INFO - 🟨 Janela de aviso de desprogramação detectada
2026-03-27 12:21:48,104 - INFO - ⌛ Aguardando janela de confirmação de desprogramação 2 ...
2026-03-27 12:22:03,550 - INFO - 🟨 Janela de confirmação 2 de desprogramação detectada
2026-03-27 12:22:10,769 - INFO - ⌛ Aguardando janela de sucesso ...
2026-03-27 12:22:26,195 - INFO - 🟨 lote desprogramado com sucesso
2026-03-27 12:22:28,377 - INFO - 
=== Iniciando lote 12/470 [DESPROGAMAR] ===
2026-03-27 12:22:34,736 - INFO - Janela de seleção aberta
2026-03-27 12:22:38,960 - INFO - DEBUG: idx=11, inicio=275, fim=300
2026-03-27 12:22:38,960 - INFO - ✅ 25 OS copiadas para a área de transferência.
2026-03-27 12:22:38,960 - INFO - 📋 Lote 12 copiado.
2026-03-27 12:22:47,294 - INFO - ⌛ Esperando mudança visual...
2026-03-27 12:22:48,310 - INFO - ⌛ Esperando mudança visual...
2026-03-27 12:22:49,315 - INFO - ⌛ Esperando mudança visual...
2026-03-27 12:22:50,324 - INFO - ⌛ Esperando mudança visual...
2026-03-27 12:22:51,350 - INFO - ⌛ Esperando mudança visual...
2026-03-27 12:22:52,356 - INFO - ⌛ Esperando mudança visual...
2026-03-27 12:22:53,383 - INFO - ⌛ Esperando mudança visual...
2026-03-27 12:22:54,403 - INFO - ⌛ Esperando mudança visual...
2026-03-27 12:22:55,419 - INFO - ⌛ Esperando mudança visual...
2026-03-27 12:22:56,435 - INFO - ⌛ Esperando mudança visual...
2026-03-27 12:22:57,451 - INFO - ✅ Tela carregada!
2026-03-27 12:23:07,946 - INFO - ⌛ Aguardando janela de confirmação de desbloqueio...
2026-03-27 12:23:23,357 - INFO - 🟨 Registros desbloqueados com sucesso
2026-03-27 12:23:35,922 - INFO - ⌛ Aguardando janela de confirmação de desprogramação ...
2026-03-27 12:23:51,408 - INFO - 🟨 Janela de confirmação de desprogramação detectada
2026-03-27 12:23:54,728 - INFO - 🟨 OS não programada detectada
2026-03-27 12:24:01,892 - INFO - OS NÃO PROGRMADAS DETECTADAS PULANDO LOTE
2026-03-27 12:24:01,892 - INFO - 
=== Iniciando lote 13/470 [DESPROGAMAR] ===
2026-03-27 12:24:08,261 - INFO - Janela de seleção aberta
2026-03-27 12:24:12,485 - INFO - DEBUG: idx=12, inicio=300, fim=325
2026-03-27 12:24:12,485 - INFO - ✅ 25 OS copiadas para a área de transferência.
2026-03-27 12:24:12,485 - INFO - 📋 Lote 13 copiado.
2026-03-27 12:24:20,816 - INFO - ⌛ Esperando mudança visual...
2026-03-27 12:24:21,832 - INFO - ⌛ Esperando mudança visual...
2026-03-27 12:24:22,851 - INFO - ⌛ Esperando mudança visual...
2026-03-27 12:24:23,867 - INFO - ⌛ Esperando mudança visual...
2026-03-27 12:24:24,884 - INFO - ⌛ Esperando mudança visual...
2026-03-27 12:24:25,898 - INFO - ⌛ Esperando mudança visual...
2026-03-27 12:24:26,913 - INFO - ⌛ Esperando mudança visual...
2026-03-27 12:24:27,932 - INFO - ⌛ Esperando mudança visual...
2026-03-27 12:24:28,945 - INFO - ⌛ Esperando mudança visual...
2026-03-27 12:24:29,960 - INFO - ⌛ Esperando mudança visual...
2026-03-27 12:24:30,965 - INFO - ✅ Tela carregada!
2026-03-27 12:24:41,441 - INFO - ⌛ Aguardando janela de confirmação de desbloqueio...
2026-03-27 12:24:56,883 - INFO - 🟨 Registros desbloqueados com sucesso
2026-03-27 12:25:09,446 - INFO - ⌛ Aguardando janela de confirmação de desprogramação ...
2026-03-27 12:25:24,925 - INFO - 🟨 Janela de confirmação de desprogramação detectada
2026-03-27 12:25:28,253 - INFO - 🟨 OS não programada detectada
2026-03-27 12:25:35,415 - INFO - OS NÃO PROGRMADAS DETECTADAS PULANDO LOTE
2026-03-27 12:25:35,415 - INFO - 
=== Iniciando lote 14/470 [DESPROGAMAR] ===
2026-03-27 12:25:41,780 - INFO - Janela de seleção aberta
2026-03-27 12:25:46,008 - INFO - DEBUG: idx=13, inicio=325, fim=350
2026-03-27 12:25:46,008 - INFO - ✅ 25 OS copiadas para a área de transferência.
2026-03-27 12:25:46,008 - INFO - 📋 Lote 14 copiado.
2026-03-27 12:25:54,342 - INFO - ⌛ Esperando mudança visual...
2026-03-27 12:25:55,360 - INFO - ⌛ Esperando mudança visual...
2026-03-27 12:25:56,376 - INFO - ⌛ Esperando mudança visual...
2026-03-27 12:25:57,391 - INFO - ⌛ Esperando mudança visual...
2026-03-27 12:25:58,407 - INFO - ⌛ Esperando mudança visual...
2026-03-27 12:25:59,422 - INFO - ⌛ Esperando mudança visual...
2026-03-27 12:26:00,438 - INFO - ⌛ Esperando mudança visual...
2026-03-27 12:26:01,455 - INFO - ⌛ Esperando mudança visual...
2026-03-27 12:26:02,470 - INFO - ⌛ Esperando mudança visual...
2026-03-27 12:26:03,485 - INFO - ⌛ Esperando mudança visual...
2026-03-27 12:26:04,501 - INFO - ✅ Tela carregada!
2026-03-27 12:26:14,966 - INFO - ⌛ Aguardando janela de confirmação de desbloqueio...
2026-03-27 12:26:30,451 - INFO - 🟨 Registros desbloqueados com sucesso
2026-03-27 12:26:43,033 - INFO - ⌛ Aguardando janela de confirmação de desprogramação ...
2026-03-27 12:26:58,515 - INFO - 🟨 Janela de confirmação de desprogramação detectada
2026-03-27 12:27:01,808 - INFO - 🟨 OS não programada detectada
2026-03-27 12:27:08,989 - INFO - OS NÃO PROGRMADAS DETECTADAS PULANDO LOTE
2026-03-27 12:27:08,989 - INFO - 
=== Iniciando lote 15/470 [DESPROGAMAR] ===
2026-03-27 12:27:15,377 - INFO - Janela de seleção aberta
2026-03-27 12:27:19,629 - INFO - DEBUG: idx=14, inicio=350, fim=375
2026-03-27 12:27:19,629 - INFO - ✅ 25 OS copiadas para a área de transferência.
2026-03-27 12:27:19,629 - INFO - 📋 Lote 15 copiado.
2026-03-27 12:27:27,961 - INFO - ⌛ Esperando mudança visual...
2026-03-27 12:27:28,985 - INFO - ⌛ Esperando mudança visual...
2026-03-27 12:27:30,001 - INFO - ⌛ Esperando mudança visual...
2026-03-27 12:27:31,018 - INFO - ⌛ Esperando mudança visual...
2026-03-27 12:27:32,032 - INFO - ⌛ Esperando mudança visual...
2026-03-27 12:27:33,048 - INFO - ⌛ Esperando mudança visual...
2026-03-27 12:27:34,063 - INFO - ⌛ Esperando mudança visual...
2026-03-27 12:27:35,083 - INFO - ⌛ Esperando mudança visual...
2026-03-27 12:27:36,095 - INFO - ⌛ Esperando mudança visual...
2026-03-27 12:27:37,111 - INFO - ⌛ Esperando mudança visual...
2026-03-27 12:27:38,126 - INFO - ✅ Tela carregada!
2026-03-27 12:27:48,620 - INFO - ⌛ Aguardando janela de confirmação de desbloqueio...
2026-03-27 12:28:04,066 - INFO - 🟨 Registros desbloqueados com sucesso
2026-03-27 12:28:16,625 - INFO - ⌛ Aguardando janela de confirmação de desprogramação ...
2026-03-27 12:28:32,075 - INFO - 🟨 Janela de confirmação de desprogramação detectada
2026-03-27 12:28:35,396 - INFO - ⌛ Aguardando janela de confirmação de desprogramação ...
2026-03-27 12:28:50,899 - INFO - 🟨 Janela de aviso de desprogramação detectada
2026-03-27 12:28:53,057 - INFO - ⌛ Aguardando janela de confirmação de desprogramação 2 ...
2026-03-27 12:29:08,505 - INFO - 🟨 Janela de confirmação 2 de desprogramação detectada
2026-03-27 12:29:15,730 - INFO - ⌛ Aguardando janela de sucesso ...
2026-03-27 12:29:31,147 - INFO - 🟨 lote desprogramado com sucesso
2026-03-27 12:29:33,324 - INFO - 
=== Iniciando lote 16/470 [DESPROGAMAR] ===
2026-03-27 12:29:39,672 - INFO - Janela de seleção aberta
2026-03-27 12:29:43,913 - INFO - DEBUG: idx=15, inicio=375, fim=400
2026-03-27 12:29:43,913 - INFO - ✅ 25 OS copiadas para a área de transferência.
2026-03-27 12:29:43,913 - INFO - 📋 Lote 16 copiado.
2026-03-27 12:29:52,247 - INFO - ⌛ Esperando mudança visual...
2026-03-27 12:29:53,263 - INFO - ⌛ Esperando mudança visual...
2026-03-27 12:29:54,264 - INFO - ⌛ Esperando mudança visual...
2026-03-27 12:29:55,275 - INFO - ⌛ Esperando mudança visual...
2026-03-27 12:29:56,291 - INFO - ⌛ Esperando mudança visual...
2026-03-27 12:29:57,320 - INFO - ⌛ Esperando mudança visual...
2026-03-27 12:29:58,322 - INFO - ⌛ Esperando mudança visual...
2026-03-27 12:29:59,338 - INFO - ⌛ Esperando mudança visual...
2026-03-27 12:30:00,353 - INFO - ⌛ Esperando mudança visual...
2026-03-27 12:30:01,371 - INFO - ⌛ Esperando mudança visual...
2026-03-27 12:30:02,384 - INFO - ✅ Tela carregada!
2026-03-27 12:30:12,853 - INFO - ⌛ Aguardando janela de confirmação de desbloqueio...
2026-03-27 12:30:28,317 - INFO - 🟨 Registros desbloqueados com sucesso
2026-03-27 12:30:40,891 - INFO - ⌛ Aguardando janela de confirmação de desprogramação ...
2026-03-27 12:30:56,361 - INFO - 🟨 Janela de confirmação de desprogramação detectada
2026-03-27 12:30:59,679 - INFO - 🟨 Janela de aviso de desprogramação detectada
2026-03-27 12:31:01,841 - INFO - ⌛ Aguardando janela de confirmação de desprogramação 2 ...
2026-03-27 12:31:17,278 - INFO - 🟨 Janela de confirmação 2 de desprogramação detectada
2026-03-27 12:31:24,494 - INFO - ⌛ Aguardando janela de sucesso ...
2026-03-27 12:31:39,968 - INFO - 🟨 lote desprogramado com sucesso
2026-03-27 12:31:42,149 - INFO - 
=== Iniciando lote 17/470 [DESPROGAMAR] ===
2026-03-27 12:31:48,516 - INFO - Janela de seleção aberta
2026-03-27 12:31:52,757 - INFO - DEBUG: idx=16, inicio=400, fim=425
2026-03-27 12:31:52,757 - INFO - ✅ 25 OS copiadas para a área de transferência.
2026-03-27 12:31:52,757 - INFO - 📋 Lote 17 copiado.
2026-03-27 12:32:01,086 - INFO - ⌛ Esperando mudança visual...
2026-03-27 12:32:02,100 - INFO - ⌛ Esperando mudança visual...
2026-03-27 12:32:03,116 - INFO - ⌛ Esperando mudança visual...
2026-03-27 12:32:04,133 - INFO - ⌛ Esperando mudança visual...
2026-03-27 12:32:05,148 - INFO - ⌛ Esperando mudança visual...
2026-03-27 12:32:06,163 - INFO - ⌛ Esperando mudança visual...
2026-03-27 12:32:07,179 - INFO - ⌛ Esperando mudança visual...
2026-03-27 12:32:08,195 - INFO - ⌛ Esperando mudança visual...
2026-03-27 12:32:09,211 - INFO - ⌛ Esperando mudança visual...
2026-03-27 12:32:10,214 - INFO - ⌛ Esperando mudança visual...
2026-03-27 12:32:11,235 - INFO - ✅ Tela carregada!
2026-03-27 12:32:21,717 - INFO - ⌛ Aguardando janela de confirmação de desbloqueio...
2026-03-27 12:32:37,172 - INFO - 🟨 Registros desbloqueados com sucesso
2026-03-27 12:32:49,737 - INFO - ⌛ Aguardando janela de confirmação de desprogramação ...
2026-03-27 12:33:05,243 - INFO - 🟨 Janela de confirmação de desprogramação detectada
2026-03-27 12:33:08,540 - INFO - ⌛ Aguardando janela de confirmação de desprogramação ...
2026-03-27 12:33:24,025 - INFO - 🟨 Janela de aviso de desprogramação detectada
2026-03-27 12:33:26,203 - INFO - ⌛ Aguardando janela de confirmação de desprogramação 2 ...
2026-03-27 12:33:41,626 - INFO - 🟨 Janela de confirmação 2 de desprogramação detectada
2026-03-27 12:33:48,846 - INFO - ⌛ Aguardando janela de sucesso ...
2026-03-27 12:34:04,275 - INFO - 🟨 lote desprogramado com sucesso
2026-03-27 12:34:06,454 - INFO - 
=== Iniciando lote 18/470 [DESPROGAMAR] ===
2026-03-27 12:34:12,804 - INFO - Janela de seleção aberta
2026-03-27 12:34:17,040 - INFO - DEBUG: idx=17, inicio=425, fim=450
2026-03-27 12:34:17,040 - INFO - ✅ 25 OS copiadas para a área de transferência.
2026-03-27 12:34:17,040 - INFO - 📋 Lote 18 copiado.
2026-03-27 12:34:25,381 - INFO - ⌛ Esperando mudança visual...
2026-03-27 12:34:26,393 - INFO - ⌛ Esperando mudança visual...
2026-03-27 12:34:27,408 - INFO - ⌛ Esperando mudança visual...
2026-03-27 12:34:28,424 - INFO - ⌛ Esperando mudança visual...
2026-03-27 12:34:29,441 - INFO - ⌛ Esperando mudança visual...
2026-03-27 12:34:30,456 - INFO - ⌛ Esperando mudança visual...
2026-03-27 12:34:31,471 - INFO - ⌛ Esperando mudança visual...
2026-03-27 12:34:32,494 - INFO - ⌛ Esperando mudança visual...
2026-03-27 12:34:33,516 - INFO - ⌛ Esperando mudança visual...
2026-03-27 12:34:34,535 - INFO - ⌛ Esperando mudança visual...
2026-03-27 12:34:35,550 - INFO - ⌛ Esperando mudança visual...
2026-03-27 12:34:36,567 - INFO - ✅ Tela carregada!
2026-03-27 12:34:47,027 - INFO - ⌛ Aguardando janela de confirmação de desbloqueio...
2026-03-27 12:35:02,503 - INFO - 🟨 Registros desbloqueados com sucesso
2026-03-27 12:35:15,078 - INFO - ⌛ Aguardando janela de confirmação de desprogramação ...
2026-03-27 12:35:30,551 - INFO - 🟨 Janela de confirmação de desprogramação detectada
2026-03-27 12:35:33,859 - INFO - ⌛ Aguardando janela de confirmação de desprogramação ...
2026-03-27 12:35:49,341 - INFO - 🟨 Janela de aviso de desprogramação detectada
2026-03-27 12:35:51,506 - INFO - ⌛ Aguardando janela de confirmação de desprogramação 2 ...
2026-03-27 12:36:06,941 - INFO - 🟨 Janela de confirmação 2 de desprogramação detectada
2026-03-27 12:36:14,167 - INFO - ⌛ Aguardando janela de sucesso ...
2026-03-27 12:36:29,623 - INFO - 🟨 lote desprogramado com sucesso
2026-03-27 12:36:31,803 - INFO - 
=== Iniciando lote 19/470 [DESPROGAMAR] ===
2026-03-27 12:36:38,163 - INFO - Janela de seleção aberta
2026-03-27 12:36:42,419 - INFO - DEBUG: idx=18, inicio=450, fim=475
2026-03-27 12:36:42,419 - INFO - ✅ 25 OS copiadas para a área de transferência.
2026-03-27 12:36:42,419 - INFO - 📋 Lote 19 copiado.
2026-03-27 12:36:50,752 - INFO - ⌛ Esperando mudança visual...
2026-03-27 12:36:51,768 - INFO - ⌛ Esperando mudança visual...
2026-03-27 12:36:52,783 - INFO - ⌛ Esperando mudança visual...
2026-03-27 12:36:53,800 - INFO - ⌛ Esperando mudança visual...
2026-03-27 12:36:54,814 - INFO - ⌛ Esperando mudança visual...
2026-03-27 12:36:55,829 - INFO - ⌛ Esperando mudança visual...
2026-03-27 12:36:56,845 - INFO - ⌛ Esperando mudança visual...
2026-03-27 12:36:57,861 - INFO - ⌛ Esperando mudança visual...
2026-03-27 12:36:58,877 - INFO - ⌛ Esperando mudança visual...
2026-03-27 12:36:59,899 - INFO - ⌛ Esperando mudança visual...
2026-03-27 12:37:00,908 - INFO - ✅ Tela carregada!
2026-03-27 12:37:11,376 - INFO - ⌛ Aguardando janela de confirmação de desbloqueio...
2026-03-27 12:37:26,846 - INFO - 🟨 Registros desbloqueados com sucesso
2026-03-27 12:37:39,428 - INFO - ⌛ Aguardando janela de confirmação de desprogramação ...
2026-03-27 12:37:54,855 - INFO - 🟨 Janela de confirmação de desprogramação detectada
2026-03-27 12:37:58,137 - INFO - ⌛ Aguardando janela de confirmação de desprogramação ...
2026-03-27 12:38:13,723 - INFO - 🟨 Janela de aviso de desprogramação detectada
2026-03-27 12:38:15,880 - INFO - ⌛ Aguardando janela de confirmação de desprogramação 2 ...
2026-03-27 12:38:31,367 - INFO - 🟨 Janela de confirmação 2 de desprogramação detectada
2026-03-27 12:38:38,597 - INFO - ⌛ Aguardando janela de sucesso ...
2026-03-27 12:38:54,132 - INFO - 🟨 lote desprogramado com sucesso
2026-03-27 12:38:56,308 - INFO - 
=== Iniciando lote 20/470 [DESPROGAMAR] ===
2026-03-27 12:39:02,666 - INFO - Janela de seleção aberta
2026-03-27 12:39:06,894 - INFO - DEBUG: idx=19, inicio=475, fim=500
2026-03-27 12:39:06,894 - INFO - ✅ 25 OS copiadas para a área de transferência.
2026-03-27 12:39:06,894 - INFO - 📋 Lote 20 copiado.
2026-03-27 12:39:15,228 - INFO - ⌛ Esperando mudança visual...
2026-03-27 12:39:16,234 - INFO - ⌛ Esperando mudança visual...
2026-03-27 12:39:17,251 - INFO - ⌛ Esperando mudança visual...
2026-03-27 12:39:18,259 - INFO - ⌛ Esperando mudança visual...
2026-03-27 12:39:19,272 - INFO - ⌛ Esperando mudança visual...
2026-03-27 12:39:20,289 - INFO - ⌛ Esperando mudança visual...
2026-03-27 12:39:21,294 - INFO - ⌛ Esperando mudança visual...
2026-03-27 12:39:22,317 - INFO - ⌛ Esperando mudança visual...
2026-03-27 12:39:23,319 - INFO - ⌛ Esperando mudança visual...
2026-03-27 12:39:24,351 - INFO - ✅ Tela carregada!
2026-03-27 12:39:34,832 - INFO - ⌛ Aguardando janela de confirmação de desbloqueio...
2026-03-27 12:39:50,291 - INFO - 🟨 Registros desbloqueados com sucesso
2026-03-27 12:40:02,899 - INFO - ⌛ Aguardando janela de confirmação de desprogramação ...
2026-03-27 12:40:18,375 - INFO - 🟨 Janela de confirmação de desprogramação detectada
2026-03-27 12:40:21,693 - INFO - 🟨 Janela de aviso de desprogramação detectada
2026-03-27 12:40:23,881 - INFO - ⌛ Aguardando janela de confirmação de desprogramação 2 ...
2026-03-27 12:40:39,317 - INFO - 🟨 Janela de confirmação 2 de desprogramação detectada
2026-03-27 12:40:46,526 - INFO - ⌛ Aguardando janela de sucesso ...
2026-03-27 12:41:01,999 - INFO - 🟨 lote desprogramado com sucesso
2026-03-27 12:41:04,180 - INFO - 
=== Iniciando lote 21/470 [DESPROGAMAR] ===
2026-03-27 12:41:10,536 - INFO - Janela de seleção aberta
2026-03-27 12:41:14,776 - INFO - DEBUG: idx=20, inicio=500, fim=525
2026-03-27 12:41:14,776 - INFO - ✅ 25 OS copiadas para a área de transferência.
2026-03-27 12:41:14,776 - INFO - 📋 Lote 21 copiado.
2026-03-27 12:41:23,103 - INFO - ⌛ Esperando mudança visual...
2026-03-27 12:41:24,136 - INFO - ⌛ Esperando mudança visual...
2026-03-27 12:41:25,149 - INFO - ⌛ Esperando mudança visual...
2026-03-27 12:41:26,166 - INFO - ⌛ Esperando mudança visual...
2026-03-27 12:41:27,180 - INFO - ⌛ Esperando mudança visual...
2026-03-27 12:41:28,196 - INFO - ⌛ Esperando mudança visual...
2026-03-27 12:41:29,214 - INFO - ⌛ Esperando mudança visual...
2026-03-27 12:41:30,234 - INFO - ⌛ Esperando mudança visual...
2026-03-27 12:41:31,246 - INFO - ⌛ Esperando mudança visual...
2026-03-27 12:41:32,259 - INFO - ✅ Tela carregada!
2026-03-27 12:41:42,767 - INFO - ⌛ Aguardando janela de confirmação de desbloqueio...
2026-03-27 12:41:58,219 - INFO - 🟨 Registros desbloqueados com sucesso
2026-03-27 12:42:10,787 - INFO - ⌛ Aguardando janela de confirmação de desprogramação ...
2026-03-27 12:42:26,261 - INFO - 🟨 Janela de confirmação de desprogramação detectada
2026-03-27 12:42:29,545 - INFO - 🟨 Janela de aviso de desprogramação detectada
2026-03-27 12:42:31,722 - INFO - ⌛ Aguardando janela de confirmação de desprogramação 2 ...
2026-03-27 12:42:47,140 - INFO - 🟨 Janela de confirmação 2 de desprogramação detectada
2026-03-27 12:42:54,374 - INFO - ⌛ Aguardando janela de sucesso ...
2026-03-27 12:43:09,831 - INFO - 🟨 lote desprogramado com sucesso
2026-03-27 12:43:12,013 - INFO - 
=== Iniciando lote 22/470 [DESPROGAMAR] ===
2026-03-27 12:43:18,352 - INFO - Janela de seleção aberta
2026-03-27 12:43:22,589 - INFO - DEBUG: idx=21, inicio=525, fim=550
2026-03-27 12:43:22,589 - INFO - ✅ 25 OS copiadas para a área de transferência.
2026-03-27 12:43:22,589 - INFO - 📋 Lote 22 copiado.
2026-03-27 12:43:30,919 - INFO - ⌛ Esperando mudança visual...
2026-03-27 12:43:31,929 - INFO - ⌛ Esperando mudança visual...
2026-03-27 12:43:32,941 - INFO - ⌛ Esperando mudança visual...
2026-03-27 12:43:33,956 - INFO - ⌛ Esperando mudança visual...
2026-03-27 12:43:34,972 - INFO - ⌛ Esperando mudança visual...
2026-03-27 12:43:35,988 - INFO - ⌛ Esperando mudança visual...
2026-03-27 12:43:37,003 - INFO - ⌛ Esperando mudança visual...
2026-03-27 12:43:38,034 - INFO - ⌛ Esperando mudança visual...
2026-03-27 12:43:39,051 - INFO - ⌛ Esperando mudança visual...
2026-03-27 12:43:40,067 - INFO - ✅ Tela carregada!
2026-03-27 12:43:50,529 - INFO - ⌛ Aguardando janela de confirmação de desbloqueio...
2026-03-27 12:44:06,030 - INFO - 🟨 Registros desbloqueados com sucesso
2026-03-27 12:44:18,597 - INFO - ⌛ Aguardando janela de confirmação de desprogramação ...
2026-03-27 12:44:34,051 - INFO - 🟨 Janela de confirmação de desprogramação detectada
2026-03-27 12:44:37,357 - INFO - 🟨 Janela de aviso de desprogramação detectada
2026-03-27 12:44:39,533 - INFO - ⌛ Aguardando janela de confirmação de desprogramação 2 ...
2026-03-27 12:44:55,009 - INFO - 🟨 Janela de confirmação 2 de desprogramação detectada
2026-03-27 12:45:02,235 - INFO - ⌛ Aguardando janela de sucesso ...
2026-03-27 12:45:17,672 - INFO - 🟨 lote desprogramado com sucesso
2026-03-27 12:45:19,855 - INFO - 
=== Iniciando lote 23/470 [DESPROGAMAR] ===
2026-03-27 12:45:26,212 - INFO - Janela de seleção aberta
2026-03-27 12:45:30,451 - INFO - DEBUG: idx=22, inicio=550, fim=575
2026-03-27 12:45:30,451 - INFO - ✅ 25 OS copiadas para a área de transferência.
2026-03-27 12:45:30,451 - INFO - 📋 Lote 23 copiado.
2026-03-27 12:45:38,783 - INFO - ⌛ Esperando mudança visual...
2026-03-27 12:45:39,802 - INFO - ⌛ Esperando mudança visual...
2026-03-27 12:45:40,819 - INFO - ⌛ Esperando mudança visual...
2026-03-27 12:45:41,832 - INFO - ⌛ Esperando mudança visual...
2026-03-27 12:45:42,847 - INFO - ⌛ Esperando mudança visual...
2026-03-27 12:45:43,862 - INFO - ⌛ Esperando mudança visual...
2026-03-27 12:45:44,878 - INFO - ⌛ Esperando mudança visual...
2026-03-27 12:45:45,894 - INFO - ⌛ Esperando mudança visual...
2026-03-27 12:45:46,910 - INFO - ⌛ Esperando mudança visual...
2026-03-27 12:45:47,925 - INFO - ⌛ Esperando mudança visual...
2026-03-27 12:45:48,941 - INFO - ✅ Tela carregada!
2026-03-27 12:45:59,408 - INFO - ⌛ Aguardando janela de confirmação de desbloqueio...
2026-03-27 12:46:14,888 - INFO - 🟨 Registros desbloqueados com sucesso
2026-03-27 12:46:27,460 - INFO - ⌛ Aguardando janela de confirmação de desprogramação ...
2026-03-27 12:46:42,935 - INFO - 🟨 Janela de confirmação de desprogramação detectada
2026-03-27 12:46:46,251 - INFO - 🟨 Janela de aviso de desprogramação detectada
2026-03-27 12:46:48,427 - INFO - ⌛ Aguardando janela de confirmação de desprogramação 2 ...
2026-03-27 12:47:03,889 - INFO - 🟨 Janela de confirmação 2 de desprogramação detectada
2026-03-27 12:47:11,097 - INFO - ⌛ Aguardando janela de sucesso ...
2026-03-27 12:47:26,557 - INFO - 🟨 lote desprogramado com sucesso
2026-03-27 12:47:28,744 - INFO - 
=== Iniciando lote 24/470 [DESPROGAMAR] ===
2026-03-27 12:47:35,124 - INFO - Janela de seleção aberta
2026-03-27 12:47:39,378 - INFO - DEBUG: idx=23, inicio=575, fim=600
2026-03-27 12:47:39,378 - INFO - ✅ 25 OS copiadas para a área de transferência.
2026-03-27 12:47:39,378 - INFO - 📋 Lote 24 copiado.
2026-03-27 12:47:47,709 - INFO - ⌛ Esperando mudança visual...
2026-03-27 12:47:48,732 - INFO - ⌛ Esperando mudança visual...
2026-03-27 12:47:49,743 - INFO - ⌛ Esperando mudança visual...
2026-03-27 12:47:50,756 - INFO - ⌛ Esperando mudança visual...
2026-03-27 12:47:51,771 - INFO - ⌛ Esperando mudança visual...
2026-03-27 12:47:52,782 - INFO - ⌛ Esperando mudança visual...
2026-03-27 12:47:53,786 - INFO - ⌛ Esperando mudança visual...
2026-03-27 12:47:54,816 - INFO - ⌛ Esperando mudança visual...
2026-03-27 12:47:55,834 - INFO - ⌛ Esperando mudança visual...
2026-03-27 12:47:56,848 - INFO - ⌛ Esperando mudança visual...
2026-03-27 12:47:57,865 - INFO - ✅ Tela carregada!
2026-03-27 12:48:08,351 - INFO - ⌛ Aguardando janela de confirmação de desbloqueio...
2026-03-27 12:48:23,884 - INFO - 🟨 Registros desbloqueados com sucesso
2026-03-27 12:48:36,453 - INFO - ⌛ Aguardando janela de confirmação de desprogramação ...
2026-03-27 12:48:51,913 - INFO - 🟨 Janela de confirmação de desprogramação detectada
2026-03-27 12:48:55,212 - INFO - 🟨 OS não programada detectada
2026-03-27 12:49:02,382 - INFO - OS NÃO PROGRMADAS DETECTADAS PULANDO LOTE
2026-03-27 12:49:02,382 - INFO - 
=== Iniciando lote 25/470 [DESPROGAMAR] ===
2026-03-27 12:49:08,741 - INFO - Janela de seleção aberta
2026-03-27 12:49:12,966 - INFO - DEBUG: idx=24, inicio=600, fim=625
2026-03-27 12:49:12,966 - INFO - ✅ 25 OS copiadas para a área de transferência.
2026-03-27 12:49:12,966 - INFO - 📋 Lote 25 copiado.
2026-03-27 12:49:21,330 - INFO - ⌛ Esperando mudança visual...
2026-03-27 12:49:22,348 - INFO - ⌛ Esperando mudança visual...
2026-03-27 12:49:23,366 - INFO - ⌛ Esperando mudança visual...
2026-03-27 12:49:24,380 - INFO - ⌛ Esperando mudança visual...
2026-03-27 12:49:25,395 - INFO - ⌛ Esperando mudança visual...
2026-03-27 12:49:26,411 - INFO - ⌛ Esperando mudança visual...
2026-03-27 12:49:27,427 - INFO - ⌛ Esperando mudança visual...
2026-03-27 12:49:28,445 - INFO - ⌛ Esperando mudança visual...
2026-03-27 12:49:29,458 - INFO - ⌛ Esperando mudança visual...
2026-03-27 12:49:30,474 - INFO - ⌛ Esperando mudança visual...
2026-03-27 12:49:31,490 - INFO - ✅ Tela carregada!
2026-03-27 12:49:41,975 - INFO - ⌛ Aguardando janela de confirmação de desbloqueio...
2026-03-27 12:49:57,450 - INFO - 🟨 Registros desbloqueados com sucesso
2026-03-27 12:50:10,029 - INFO - ⌛ Aguardando janela de confirmação de desprogramação ...
2026-03-27 12:50:25,541 - INFO - 🟨 Janela de confirmação de desprogramação detectada
2026-03-27 12:50:28,861 - INFO - 🟨 OS não programada detectada
2026-03-27 12:50:36,026 - INFO - OS NÃO PROGRMADAS DETECTADAS PULANDO LOTE
2026-03-27 12:50:36,026 - INFO - 
=== Iniciando lote 26/470 [DESPROGAMAR] ===
2026-03-27 12:50:42,382 - INFO - Janela de seleção aberta
2026-03-27 12:50:46,618 - INFO - DEBUG: idx=25, inicio=625, fim=650
2026-03-27 12:50:46,618 - INFO - ✅ 25 OS copiadas para a área de transferência.
2026-03-27 12:50:46,618 - INFO - 📋 Lote 26 copiado.
2026-03-27 12:50:54,940 - INFO - ⌛ Esperando mudança visual...
2026-03-27 12:50:55,957 - INFO - ⌛ Esperando mudança visual...
2026-03-27 12:50:56,977 - INFO - ⌛ Esperando mudança visual...
2026-03-27 12:50:57,988 - INFO - ⌛ Esperando mudança visual...
2026-03-27 12:50:59,004 - INFO - ⌛ Esperando mudança visual...
2026-03-27 12:51:00,007 - INFO - ⌛ Esperando mudança visual...
2026-03-27 12:51:01,033 - INFO - ⌛ Esperando mudança visual...
2026-03-27 12:51:02,051 - INFO - ⌛ Esperando mudança visual...
2026-03-27 12:51:03,065 - INFO - ⌛ Esperando mudança visual...
2026-03-27 12:51:04,083 - INFO - ⌛ Esperando mudança visual...
2026-03-27 12:51:05,098 - INFO - ✅ Tela carregada!
2026-03-27 12:51:15,575 - INFO - ⌛ Aguardando janela de confirmação de desbloqueio...
2026-03-27 12:51:31,028 - INFO - 🟨 Registros desbloqueados com sucesso
2026-03-27 12:51:43,618 - INFO - ⌛ Aguardando janela de confirmação de desprogramação ...
2026-03-27 12:51:59,096 - INFO - 🟨 Janela de confirmação de desprogramação detectada
2026-03-27 12:52:02,402 - INFO - 🟨 OS não programada detectada
2026-03-27 12:52:09,552 - INFO - OS NÃO PROGRMADAS DETECTADAS PULANDO LOTE
2026-03-27 12:52:09,552 - INFO - 
=== Iniciando lote 27/470 [DESPROGAMAR] ===
2026-03-27 12:52:15,923 - INFO - Janela de seleção aberta
2026-03-27 12:52:20,157 - INFO - DEBUG: idx=26, inicio=650, fim=675
2026-03-27 12:52:20,157 - INFO - ✅ 25 OS copiadas para a área de transferência.
2026-03-27 12:52:20,157 - INFO - 📋 Lote 27 copiado.
2026-03-27 12:52:28,501 - INFO - ⌛ Esperando mudança visual...
2026-03-27 12:52:29,515 - INFO - ⌛ Esperando mudança visual...
2026-03-27 12:52:30,531 - INFO - ⌛ Esperando mudança visual...
2026-03-27 12:52:31,547 - INFO - ⌛ Esperando mudança visual...
2026-03-27 12:52:32,562 - INFO - ⌛ Esperando mudança visual...
2026-03-27 12:52:33,580 - INFO - ⌛ Esperando mudança visual...
2026-03-27 12:52:34,593 - INFO - ⌛ Esperando mudança visual...
2026-03-27 12:52:35,609 - INFO - ⌛ Esperando mudança visual...
2026-03-27 12:52:36,625 - INFO - ⌛ Esperando mudança visual...
2026-03-27 12:52:37,640 - INFO - ⌛ Esperando mudança visual...
2026-03-27 12:52:38,656 - INFO - ✅ Tela carregada!
2026-03-27 12:52:49,114 - INFO - ⌛ Aguardando janela de confirmação de desbloqueio...
2026-03-27 12:53:04,669 - INFO - 🟨 Registros desbloqueados com sucesso
2026-03-27 12:53:17,260 - INFO - ⌛ Aguardando janela de confirmação de desprogramação ...
2026-03-27 12:53:32,684 - INFO - 🟨 Janela de confirmação de desprogramação detectada
2026-03-27 12:53:35,989 - INFO - 🟨 OS não programada detectada
2026-03-27 12:53:43,165 - INFO - OS NÃO PROGRMADAS DETECTADAS PULANDO LOTE
2026-03-27 12:53:43,165 - INFO - 
=== Iniciando lote 28/470 [DESPROGAMAR] ===
2026-03-27 12:53:49,526 - INFO - Janela de seleção aberta
2026-03-27 12:53:53,781 - INFO - DEBUG: idx=27, inicio=675, fim=700
2026-03-27 12:53:53,781 - INFO - ✅ 25 OS copiadas para a área de transferência.
2026-03-27 12:53:53,781 - INFO - 📋 Lote 28 copiado.
2026-03-27 12:54:02,110 - INFO - ⌛ Esperando mudança visual...
2026-03-27 12:54:03,115 - INFO - ⌛ Esperando mudança visual...
2026-03-27 12:54:04,131 - INFO - ⌛ Esperando mudança visual...
2026-03-27 12:54:05,140 - INFO - ⌛ Esperando mudança visual...
2026-03-27 12:54:06,154 - INFO - ⌛ Esperando mudança visual...
2026-03-27 12:54:07,180 - INFO - ⌛ Esperando mudança visual...
2026-03-27 12:54:08,200 - INFO - ⌛ Esperando mudança visual...
2026-03-27 12:54:09,218 - INFO - ⌛ Esperando mudança visual...
2026-03-27 12:54:10,236 - INFO - ⌛ Esperando mudança visual...
2026-03-27 12:54:11,249 - INFO - ⌛ Esperando mudança visual...
2026-03-27 12:54:12,264 - INFO - ✅ Tela carregada!
2026-03-27 12:54:22,742 - INFO - ⌛ Aguardando janela de confirmação de desbloqueio...
2026-03-27 12:54:38,197 - INFO - 🟨 Registros desbloqueados com sucesso
2026-03-27 12:54:50,776 - INFO - ⌛ Aguardando janela de confirmação de desprogramação ...
2026-03-27 12:55:06,224 - INFO - 🟨 Janela de confirmação de desprogramação detectada
2026-03-27 12:55:09,513 - INFO - 🟨 OS não programada detectada
2026-03-27 12:55:16,690 - INFO - OS NÃO PROGRMADAS DETECTADAS PULANDO LOTE
2026-03-27 12:55:16,690 - INFO - 
=== Iniciando lote 29/470 [DESPROGAMAR] ===
2026-03-27 12:55:23,050 - INFO - Janela de seleção aberta
2026-03-27 12:55:27,276 - INFO - DEBUG: idx=28, inicio=700, fim=725
2026-03-27 12:55:27,276 - INFO - ✅ 25 OS copiadas para a área de transferência.
2026-03-27 12:55:27,276 - INFO - 📋 Lote 29 copiado.
2026-03-27 12:55:35,607 - INFO - ⌛ Esperando mudança visual...
2026-03-27 12:55:36,632 - INFO - ⌛ Esperando mudança visual...
2026-03-27 12:55:37,649 - INFO - ⌛ Esperando mudança visual...
2026-03-27 12:55:38,663 - INFO - ⌛ Esperando mudança visual...
2026-03-27 12:55:39,679 - INFO - ⌛ Esperando mudança visual...
2026-03-27 12:55:40,694 - INFO - ⌛ Esperando mudança visual...
2026-03-27 12:55:41,711 - INFO - ⌛ Esperando mudança visual...
2026-03-27 12:55:42,734 - INFO - ⌛ Esperando mudança visual...
2026-03-27 12:55:43,750 - INFO - ⌛ Esperando mudança visual...
2026-03-27 12:55:44,760 - INFO - ⌛ Esperando mudança visual...
2026-03-27 12:55:45,773 - INFO - ⌛ Esperando mudança visual...
2026-03-27 12:55:46,777 - INFO - ✅ Tela carregada!
2026-03-27 12:55:57,262 - INFO - ⌛ Aguardando janela de confirmação de desbloqueio...
2026-03-27 12:56:12,735 - INFO - 🟨 Registros desbloqueados com sucesso
2026-03-27 12:56:25,315 - INFO - ⌛ Aguardando janela de confirmação de desprogramação ...
2026-03-27 12:56:40,815 - INFO - 🟨 Janela de confirmação de desprogramação detectada
2026-03-27 12:56:44,142 - INFO - 🟨 Janela de aviso de desprogramação detectada
2026-03-27 12:56:46,311 - INFO - ⌛ Aguardando janela de confirmação de desprogramação 2 ...
2026-03-27 12:57:01,787 - INFO - 🟨 Janela de confirmação 2 de desprogramação detectada
2026-03-27 12:57:09,019 - INFO - ⌛ Aguardando janela de sucesso ...
2026-03-27 12:57:24,459 - INFO - 🟨 lote desprogramado com sucesso
2026-03-27 12:57:26,635 - INFO - 
=== Iniciando lote 30/470 [DESPROGAMAR] ===
2026-03-27 12:57:32,993 - INFO - Janela de seleção aberta
2026-03-27 12:57:37,225 - INFO - DEBUG: idx=29, inicio=725, fim=750
2026-03-27 12:57:37,225 - INFO - ✅ 25 OS copiadas para a área de transferência.
2026-03-27 12:57:37,226 - INFO - 📋 Lote 30 copiado.
2026-03-27 12:57:45,560 - INFO - ⌛ Esperando mudança visual...
2026-03-27 12:57:46,571 - INFO - ⌛ Esperando mudança visual...
2026-03-27 12:57:47,587 - INFO - ⌛ Esperando mudança visual...
2026-03-27 12:57:48,602 - INFO - ⌛ Esperando mudança visual...
2026-03-27 12:57:49,618 - INFO - ⌛ Esperando mudança visual...
2026-03-27 12:57:50,634 - INFO - ⌛ Esperando mudança visual...
2026-03-27 12:57:51,649 - INFO - ⌛ Esperando mudança visual...
2026-03-27 12:57:52,665 - INFO - ⌛ Esperando mudança visual...
2026-03-27 12:57:53,681 - INFO - ⌛ Esperando mudança visual...
2026-03-27 12:57:54,702 - INFO - ⌛ Esperando mudança visual...
2026-03-27 12:57:55,713 - INFO - ⌛ Esperando mudança visual...
2026-03-27 12:57:56,731 - INFO - ✅ Tela carregada!
2026-03-27 12:58:07,201 - INFO - ⌛ Aguardando janela de confirmação de desbloqueio...
2026-03-27 12:58:22,706 - INFO - 🟨 Registros desbloqueados com sucesso
2026-03-27 12:58:35,289 - INFO - ⌛ Aguardando janela de confirmação de desprogramação ...
2026-03-27 12:58:50,774 - INFO - 🟨 Janela de confirmação de desprogramação detectada
2026-03-27 12:58:54,076 - INFO - 🟨 Janela de aviso de desprogramação detectada
2026-03-27 12:58:56,253 - INFO - ⌛ Aguardando janela de confirmação de desprogramação 2 ...
2026-03-27 12:59:11,707 - INFO - 🟨 Janela de confirmação 2 de desprogramação detectada
2026-03-27 12:59:18,923 - INFO - ⌛ Aguardando janela de sucesso ...
2026-03-27 12:59:34,365 - INFO - 🟨 lote desprogramado com sucesso
2026-03-27 12:59:36,541 - INFO - 
=== Iniciando lote 31/470 [DESPROGAMAR] ===
2026-03-27 12:59:42,887 - INFO - Janela de seleção aberta
2026-03-27 12:59:47,137 - INFO - DEBUG: idx=30, inicio=750, fim=775
2026-03-27 12:59:47,137 - INFO - ✅ 25 OS copiadas para a área de transferência.
2026-03-27 12:59:47,137 - INFO - 📋 Lote 31 copiado.
2026-03-27 12:59:55,455 - INFO - ⌛ Esperando mudança visual...
2026-03-27 12:59:56,474 - INFO - ⌛ Esperando mudança visual...
2026-03-27 12:59:57,493 - INFO - ⌛ Esperando mudança visual...
2026-03-27 12:59:58,509 - INFO - ⌛ Esperando mudança visual...
2026-03-27 12:59:59,525 - INFO - ⌛ Esperando mudança visual...
2026-03-27 13:00:00,540 - INFO - ⌛ Esperando mudança visual...
2026-03-27 13:00:01,555 - INFO - ⌛ Esperando mudança visual...
2026-03-27 13:00:02,571 - INFO - ⌛ Esperando mudança visual...
2026-03-27 13:00:03,588 - INFO - ⌛ Esperando mudança visual...
2026-03-27 13:00:04,603 - INFO - ⌛ Esperando mudança visual...
2026-03-27 13:00:05,619 - INFO - ✅ Tela carregada!
2026-03-27 13:00:16,078 - INFO - ⌛ Aguardando janela de confirmação de desbloqueio...
2026-03-27 13:00:31,573 - INFO - 🟨 Registros desbloqueados com sucesso
2026-03-27 13:00:44,144 - INFO - ⌛ Aguardando janela de confirmação de desprogramação ...
2026-03-27 13:00:59,600 - INFO - 🟨 Janela de confirmação de desprogramação detectada
2026-03-27 13:01:02,907 - INFO - 🟨 Janela de aviso de desprogramação detectada
2026-03-27 13:01:05,064 - INFO - ⌛ Aguardando janela de confirmação de desprogramação 2 ...
2026-03-27 13:01:20,517 - INFO - 🟨 Janela de confirmação 2 de desprogramação detectada
2026-03-27 13:01:27,739 - INFO - ⌛ Aguardando janela de sucesso ...
2026-03-27 13:01:43,206 - INFO - 🟨 lote desprogramado com sucesso
2026-03-27 13:01:45,373 - INFO - 
=== Iniciando lote 32/470 [DESPROGAMAR] ===
2026-03-27 13:01:51,744 - INFO - Janela de seleção aberta
2026-03-27 13:01:55,974 - INFO - DEBUG: idx=31, inicio=775, fim=800
2026-03-27 13:01:55,974 - INFO - ✅ 25 OS copiadas para a área de transferência.
2026-03-27 13:01:55,974 - INFO - 📋 Lote 32 copiado.
2026-03-27 13:02:04,300 - INFO - ⌛ Esperando mudança visual...
2026-03-27 13:02:05,318 - INFO - ⌛ Esperando mudança visual...
2026-03-27 13:02:06,334 - INFO - ⌛ Esperando mudança visual...
2026-03-27 13:02:07,349 - INFO - ⌛ Esperando mudança visual...
2026-03-27 13:02:08,365 - INFO - ⌛ Esperando mudança visual...
2026-03-27 13:02:09,381 - INFO - ⌛ Esperando mudança visual...
2026-03-27 13:02:10,397 - INFO - ⌛ Esperando mudança visual...
2026-03-27 13:02:11,412 - INFO - ⌛ Esperando mudança visual...
2026-03-27 13:02:12,427 - INFO - ⌛ Esperando mudança visual...
2026-03-27 13:02:13,443 - INFO - ⌛ Esperando mudança visual...
2026-03-27 13:02:14,459 - INFO - ✅ Tela carregada!
2026-03-27 13:02:24,942 - INFO - ⌛ Aguardando janela de confirmação de desbloqueio...
2026-03-27 13:02:40,387 - INFO - 🟨 Registros desbloqueados com sucesso
2026-03-27 13:02:52,960 - INFO - ⌛ Aguardando janela de confirmação de desprogramação ...
2026-03-27 13:03:08,487 - INFO - 🟨 Janela de confirmação de desprogramação detectada
2026-03-27 13:03:11,786 - INFO - 🟨 Janela de aviso de desprogramação detectada
2026-03-27 13:03:13,950 - INFO - ⌛ Aguardando janela de confirmação de desprogramação 2 ...
2026-03-27 13:03:29,420 - INFO - 🟨 Janela de confirmação 2 de desprogramação detectada
2026-03-27 13:03:36,629 - INFO - ⌛ Aguardando janela de sucesso ...
2026-03-27 13:03:52,065 - INFO - 🟨 lote desprogramado com sucesso
2026-03-27 13:03:54,237 - INFO - 
=== Iniciando lote 33/470 [DESPROGAMAR] ===
2026-03-27 13:04:00,597 - INFO - Janela de seleção aberta
2026-03-27 13:04:04,832 - INFO - DEBUG: idx=32, inicio=800, fim=825
2026-03-27 13:04:04,832 - INFO - ✅ 25 OS copiadas para a área de transferência.
2026-03-27 13:04:04,832 - INFO - 📋 Lote 33 copiado.
2026-03-27 13:04:13,162 - INFO - ⌛ Esperando mudança visual...
2026-03-27 13:04:14,175 - INFO - ⌛ Esperando mudança visual...
2026-03-27 13:04:15,191 - INFO - ⌛ Esperando mudança visual...
2026-03-27 13:04:16,207 - INFO - ⌛ Esperando mudança visual...
2026-03-27 13:04:17,233 - INFO - ⌛ Esperando mudança visual...
2026-03-27 13:04:18,248 - INFO - ⌛ Esperando mudança visual...
2026-03-27 13:04:19,253 - INFO - ⌛ Esperando mudança visual...
2026-03-27 13:04:20,270 - INFO - ⌛ Esperando mudança visual...
2026-03-27 13:04:21,281 - INFO - ⌛ Esperando mudança visual...
2026-03-27 13:04:22,300 - INFO - ⌛ Esperando mudança visual...
2026-03-27 13:04:23,316 - INFO - ✅ Tela carregada!
2026-03-27 13:04:33,777 - INFO - ⌛ Aguardando janela de confirmação de desbloqueio...
2026-03-27 13:04:49,172 - INFO - 🟨 Registros desbloqueados com sucesso
2026-03-27 13:05:01,738 - INFO - 🟨 Janela de confirmação de desprogramação detectada
2026-03-27 13:05:05,016 - INFO - 🟨 Janela de aviso de desprogramação detectada
2026-03-27 13:05:07,155 - INFO - ⌛ Aguardando janela de confirmação de desprogramação 2 ...
2026-03-27 13:05:22,573 - INFO - 🟨 Janela de confirmação 2 de desprogramação detectada
2026-03-27 13:05:29,768 - INFO - ⌛ Aguardando janela de sucesso ...
2026-03-27 13:05:45,163 - INFO - 🟨 lote desprogramado com sucesso
2026-03-27 13:05:47,317 - INFO - 
=== Iniciando lote 34/470 [DESPROGAMAR] ===
2026-03-27 13:05:53,677 - INFO - Janela de seleção aberta
2026-03-27 13:05:57,918 - INFO - DEBUG: idx=33, inicio=825, fim=850
2026-03-27 13:05:57,918 - INFO - ✅ 25 OS copiadas para a área de transferência.
2026-03-27 13:05:57,918 - INFO - 📋 Lote 34 copiado.
2026-03-27 13:06:06,250 - INFO - ⌛ Esperando mudança visual...
2026-03-27 13:06:07,265 - INFO - ⌛ Esperando mudança visual...
2026-03-27 13:06:08,281 - INFO - ⌛ Esperando mudança visual...
2026-03-27 13:06:09,295 - INFO - ⌛ Esperando mudança visual...
2026-03-27 13:06:10,311 - INFO - ⌛ Esperando mudança visual...
2026-03-27 13:06:11,327 - INFO - ⌛ Esperando mudança visual...
2026-03-27 13:06:12,342 - INFO - ⌛ Esperando mudança visual...
2026-03-27 13:06:13,359 - INFO - ⌛ Esperando mudança visual...
2026-03-27 13:06:14,374 - INFO - ⌛ Esperando mudança visual...
2026-03-27 13:06:15,376 - INFO - ⌛ Esperando mudança visual...
2026-03-27 13:06:16,388 - INFO - ✅ Tela carregada!
2026-03-27 13:06:26,875 - INFO - ⌛ Aguardando janela de confirmação de desbloqueio...
2026-03-27 13:06:42,284 - INFO - 🟨 Registros desbloqueados com sucesso
2026-03-27 13:06:54,847 - INFO - ⌛ Aguardando janela de confirmação de desprogramação ...
2026-03-27 13:07:10,269 - INFO - 🟨 Janela de confirmação de desprogramação detectada
2026-03-27 13:07:13,539 - INFO - ⌛ Aguardando janela de confirmação de desprogramação ...
2026-03-27 13:07:28,993 - INFO - 🟨 Janela de aviso de desprogramação detectada
2026-03-27 13:07:31,131 - INFO - ⌛ Aguardando janela de confirmação de desprogramação 2 ...
2026-03-27 13:07:46,567 - INFO - 🟨 Janela de confirmação 2 de desprogramação detectada
2026-03-27 13:07:53,806 - INFO - ⌛ Aguardando janela de sucesso ...
2026-03-27 13:08:09,319 - INFO - 🟨 lote desprogramado com sucesso
2026-03-27 13:08:11,485 - INFO - 
=== Iniciando lote 35/470 [DESPROGAMAR] ===
2026-03-27 13:08:17,833 - INFO - Janela de seleção aberta
2026-03-27 13:08:22,071 - INFO - DEBUG: idx=34, inicio=850, fim=875
2026-03-27 13:08:22,071 - INFO - ✅ 25 OS copiadas para a área de transferência.
2026-03-27 13:08:22,071 - INFO - 📋 Lote 35 copiado.
2026-03-27 13:08:30,402 - INFO - ⌛ Esperando mudança visual...
2026-03-27 13:08:31,429 - INFO - ⌛ Esperando mudança visual...
2026-03-27 13:08:32,447 - INFO - ⌛ Esperando mudança visual...
2026-03-27 13:08:33,466 - INFO - ⌛ Esperando mudança visual...
2026-03-27 13:08:34,470 - INFO - ⌛ Esperando mudança visual...
2026-03-27 13:08:35,501 - INFO - ⌛ Esperando mudança visual...
2026-03-27 13:08:36,509 - INFO - ⌛ Esperando mudança visual...
2026-03-27 13:08:37,532 - INFO - ⌛ Esperando mudança visual...
2026-03-27 13:08:38,550 - INFO - ⌛ Esperando mudança visual...
2026-03-27 13:08:39,565 - INFO - ✅ Tela carregada!
2026-03-27 13:08:50,027 - INFO - ⌛ Aguardando janela de confirmação de desbloqueio...
2026-03-27 13:09:05,501 - INFO - 🟨 Registros desbloqueados com sucesso
2026-03-27 13:09:18,086 - INFO - ⌛ Aguardando janela de confirmação de desprogramação ...
2026-03-27 13:09:33,499 - INFO - 🟨 Janela de confirmação de desprogramação detectada
2026-03-27 13:09:36,776 - INFO - 🟨 Janela de aviso de desprogramação detectada
2026-03-27 13:09:38,933 - INFO - ⌛ Aguardando janela de confirmação de desprogramação 2 ...
2026-03-27 13:09:54,328 - INFO - 🟨 Janela de confirmação 2 de desprogramação detectada
2026-03-27 13:10:01,540 - INFO - ⌛ Aguardando janela de sucesso ...
2026-03-27 13:10:16,929 - INFO - 🟨 lote desprogramado com sucesso
2026-03-27 13:10:19,092 - INFO - 
=== Iniciando lote 36/470 [DESPROGAMAR] ===
2026-03-27 13:10:25,450 - INFO - Janela de seleção aberta
2026-03-27 13:10:29,673 - INFO - DEBUG: idx=35, inicio=875, fim=900
2026-03-27 13:10:29,673 - INFO - ✅ 25 OS copiadas para a área de transferência.
2026-03-27 13:10:29,673 - INFO - 📋 Lote 36 copiado.
2026-03-27 13:10:38,037 - INFO - ⌛ Esperando mudança visual...
2026-03-27 13:10:39,055 - INFO - ⌛ Esperando mudança visual...
2026-03-27 13:10:40,064 - INFO - ⌛ Esperando mudança visual...
2026-03-27 13:10:41,088 - INFO - ⌛ Esperando mudança visual...
2026-03-27 13:10:42,096 - INFO - ⌛ Esperando mudança visual...
2026-03-27 13:10:43,115 - INFO - ⌛ Esperando mudança visual...
2026-03-27 13:10:44,130 - INFO - ⌛ Esperando mudança visual...
2026-03-27 13:10:45,145 - INFO - ⌛ Esperando mudança visual...
2026-03-27 13:10:46,163 - INFO - ⌛ Esperando mudança visual...
2026-03-27 13:10:47,174 - INFO - ✅ Tela carregada!
2026-03-27 13:10:57,800 - INFO - ⌛ Aguardando janela de confirmação de desbloqueio...
2026-03-27 13:11:13,883 - INFO - 🟨 Registros desbloqueados com sucesso
2026-03-27 13:11:26,597 - INFO - ⌛ Aguardando janela de confirmação de desprogramação ...
2026-03-27 13:11:42,628 - INFO - 🟨 Janela de confirmação de desprogramação detectada
2026-03-27 13:11:46,327 - INFO - 🟨 Janela de aviso de desprogramação detectada
2026-03-27 13:11:48,643 - INFO - ⌛ Aguardando janela de confirmação de desprogramação 2 ...
2026-03-27 13:12:04,817 - INFO - 🟨 Janela de confirmação 2 de desprogramação detectada
2026-03-27 13:12:12,256 - INFO - ⌛ Aguardando janela de sucesso ...
2026-03-27 13:12:28,350 - INFO - 🟨 lote desprogramado com sucesso
2026-03-27 13:12:30,619 - INFO - 
=== Iniciando lote 37/470 [DESPROGAMAR] ===
2026-03-27 13:12:37,105 - INFO - Janela de seleção aberta
2026-03-27 13:12:41,412 - INFO - DEBUG: idx=36, inicio=900, fim=925
2026-03-27 13:12:41,412 - INFO - ✅ 25 OS copiadas para a área de transferência.
2026-03-27 13:12:41,412 - INFO - 📋 Lote 37 copiado.
2026-03-27 13:12:49,736 - INFO - ⌛ Esperando mudança visual...
2026-03-27 13:12:50,757 - INFO - ⌛ Esperando mudança visual...
2026-03-27 13:12:51,774 - INFO - ⌛ Esperando mudança visual...
2026-03-27 13:12:52,790 - INFO - ⌛ Esperando mudança visual...
2026-03-27 13:12:53,800 - INFO - ⌛ Esperando mudança visual...
2026-03-27 13:12:54,819 - INFO - ⌛ Esperando mudança visual...
2026-03-27 13:12:55,831 - INFO - ⌛ Esperando mudança visual...
2026-03-27 13:12:56,851 - INFO - ⌛ Esperando mudança visual...
2026-03-27 13:12:57,868 - INFO - ⌛ Esperando mudança visual...
2026-03-27 13:12:58,880 - INFO - ✅ Tela carregada!
2026-03-27 13:13:09,515 - INFO - ⌛ Aguardando janela de confirmação de desbloqueio...
2026-03-27 13:13:25,570 - INFO - 🟨 Registros desbloqueados com sucesso
2026-03-27 13:13:38,292 - INFO - ⌛ Aguardando janela de confirmação de desprogramação ...
2026-03-27 13:13:54,398 - INFO - 🟨 Janela de confirmação de desprogramação detectada
2026-03-27 13:13:58,070 - INFO - 🟨 Janela de aviso de desprogramação detectada
2026-03-27 13:14:00,378 - INFO - ⌛ Aguardando janela de confirmação de desprogramação 2 ...
2026-03-27 13:14:16,513 - INFO - 🟨 Janela de confirmação 2 de desprogramação detectada
2026-03-27 13:14:23,987 - INFO - ⌛ Aguardando janela de sucesso ...
2026-03-27 13:14:40,137 - INFO - 🟨 lote desprogramado com sucesso
2026-03-27 13:14:42,433 - INFO - 
=== Iniciando lote 38/470 [DESPROGAMAR] ===
2026-03-27 13:14:48,891 - INFO - Janela de seleção aberta
2026-03-27 13:14:53,171 - INFO - DEBUG: idx=37, inicio=925, fim=950
2026-03-27 13:14:53,171 - INFO - ✅ 25 OS copiadas para a área de transferência.
2026-03-27 13:14:53,171 - INFO - 📋 Lote 38 copiado.
2026-03-27 13:15:01,503 - INFO - ⌛ Esperando mudança visual...
2026-03-27 13:15:02,524 - INFO - ⌛ Esperando mudança visual...
2026-03-27 13:15:03,549 - INFO - ⌛ Esperando mudança visual...
2026-03-27 13:15:04,565 - INFO - ⌛ Esperando mudança visual...
2026-03-27 13:15:05,586 - INFO - ⌛ Esperando mudança visual...
2026-03-27 13:15:06,602 - INFO - ⌛ Esperando mudança visual...
2026-03-27 13:15:07,618 - INFO - ⌛ Esperando mudança visual...
2026-03-27 13:15:08,636 - INFO - ⌛ Esperando mudança visual...
2026-03-27 13:15:09,651 - INFO - ⌛ Esperando mudança visual...
2026-03-27 13:15:10,668 - INFO - ⌛ Esperando mudança visual...
2026-03-27 13:15:11,682 - INFO - ✅ Tela carregada!
2026-03-27 13:15:22,299 - INFO - ⌛ Aguardando janela de confirmação de desbloqueio...
2026-03-27 13:15:38,419 - INFO - 🟨 Registros desbloqueados com sucesso
2026-03-27 13:15:51,115 - INFO - ⌛ Aguardando janela de confirmação de desprogramação ...
2026-03-27 13:16:07,322 - INFO - 🟨 Janela de confirmação de desprogramação detectada
2026-03-27 13:16:11,004 - INFO - 🟨 Janela de aviso de desprogramação detectada
2026-03-27 13:16:13,278 - INFO - ⌛ Aguardando janela de confirmação de desprogramação 2 ...
2026-03-27 13:16:29,414 - INFO - 🟨 Janela de confirmação 2 de desprogramação detectada
2026-03-27 13:16:36,865 - INFO - ⌛ Aguardando janela de sucesso ...
2026-03-27 13:16:53,016 - INFO - 🟨 lote desprogramado com sucesso
2026-03-27 13:16:55,309 - INFO - 
=== Iniciando lote 39/470 [DESPROGAMAR] ===
2026-03-27 13:17:01,798 - INFO - Janela de seleção aberta
2026-03-27 13:17:06,112 - INFO - DEBUG: idx=38, inicio=950, fim=975
2026-03-27 13:17:06,112 - INFO - ✅ 25 OS copiadas para a área de transferência.
2026-03-27 13:17:06,112 - INFO - 📋 Lote 39 copiado.
2026-03-27 13:17:14,463 - INFO - ⌛ Esperando mudança visual...
2026-03-27 13:17:15,482 - INFO - ⌛ Esperando mudança visual...
2026-03-27 13:17:16,493 - INFO - ⌛ Esperando mudança visual...
2026-03-27 13:17:17,519 - INFO - ⌛ Esperando mudança visual...
2026-03-27 13:17:18,535 - INFO - ⌛ Esperando mudança visual...
2026-03-27 13:17:19,548 - INFO - ⌛ Esperando mudança visual...
2026-03-27 13:17:20,556 - INFO - ⌛ Esperando mudança visual...
2026-03-27 13:17:21,571 - INFO - ⌛ Esperando mudança visual...
2026-03-27 13:17:22,587 - INFO - ⌛ Esperando mudança visual...
2026-03-27 13:17:23,602 - INFO - ⌛ Esperando mudança visual...
2026-03-27 13:17:24,618 - INFO - ✅ Tela carregada!
2026-03-27 13:17:35,282 - INFO - ⌛ Aguardando janela de confirmação de desbloqueio...
2026-03-27 13:17:51,551 - INFO - 🟨 Registros desbloqueados com sucesso
2026-03-27 13:18:04,308 - INFO - ⌛ Aguardando janela de confirmação de desprogramação ...
2026-03-27 13:18:20,502 - INFO - 🟨 Janela de confirmação de desprogramação detectada
2026-03-27 13:18:24,158 - INFO - ⌛ Aguardando janela de confirmação de desprogramação ...
2026-03-27 13:18:40,451 - INFO - 🟨 Janela de aviso de desprogramação detectada
2026-03-27 13:18:42,743 - INFO - ⌛ Aguardando janela de confirmação de desprogramação 2 ...
2026-03-27 13:18:58,872 - INFO - 🟨 Janela de confirmação 2 de desprogramação detectada
2026-03-27 13:19:06,365 - INFO - ⌛ Aguardando janela de sucesso ...
2026-03-27 13:19:22,494 - INFO - 🟨 lote desprogramado com sucesso
2026-03-27 13:19:24,771 - INFO - 
=== Iniciando lote 40/470 [DESPROGAMAR] ===
2026-03-27 13:19:31,235 - INFO - Janela de seleção aberta
2026-03-27 13:19:35,511 - INFO - DEBUG: idx=39, inicio=975, fim=1000
2026-03-27 13:19:35,511 - INFO - ✅ 25 OS copiadas para a área de transferência.
2026-03-27 13:19:35,511 - INFO - 📋 Lote 40 copiado.
2026-03-27 13:19:43,847 - INFO - ⌛ Esperando mudança visual...
2026-03-27 13:19:44,864 - INFO - ⌛ Esperando mudança visual...
2026-03-27 13:19:45,882 - INFO - ⌛ Esperando mudança visual...
2026-03-27 13:19:46,897 - INFO - ⌛ Esperando mudança visual...
2026-03-27 13:19:47,915 - INFO - ⌛ Esperando mudança visual...
2026-03-27 13:19:48,935 - INFO - ⌛ Esperando mudança visual...
2026-03-27 13:19:49,942 - INFO - ⌛ Esperando mudança visual...
2026-03-27 13:19:50,964 - INFO - ⌛ Esperando mudança visual...
2026-03-27 13:19:51,976 - INFO - ⌛ Esperando mudança visual...
2026-03-27 13:19:52,993 - INFO - ✅ Tela carregada!
2026-03-27 13:20:03,612 - INFO - ⌛ Aguardando janela de confirmação de desbloqueio...
2026-03-27 13:20:19,694 - INFO - 🟨 Registros desbloqueados com sucesso
2026-03-27 13:20:32,389 - INFO - ⌛ Aguardando janela de confirmação de desprogramação ...
2026-03-27 13:20:48,496 - INFO - 🟨 Janela de confirmação de desprogramação detectada
2026-03-27 13:20:52,204 - INFO - 🟨 Janela de aviso de desprogramação detectada
2026-03-27 13:20:54,510 - INFO - ⌛ Aguardando janela de confirmação de desprogramação 2 ...
2026-03-27 13:21:10,747 - INFO - 🟨 Janela de confirmação 2 de desprogramação detectada
2026-03-27 13:21:18,219 - INFO - ⌛ Aguardando janela de sucesso ...
2026-03-27 13:21:34,374 - INFO - 🟨 lote desprogramado com sucesso
2026-03-27 13:21:36,693 - INFO - 
=== Iniciando lote 41/470 [DESPROGAMAR] ===
2026-03-27 13:21:43,187 - INFO - Janela de seleção aberta
2026-03-27 13:21:47,491 - INFO - DEBUG: idx=40, inicio=1000, fim=1025
2026-03-27 13:21:47,491 - INFO - ✅ 25 OS copiadas para a área de transferência.
2026-03-27 13:21:47,491 - INFO - 📋 Lote 41 copiado.
2026-03-27 13:21:55,823 - INFO - ⌛ Esperando mudança visual...
2026-03-27 13:21:56,850 - INFO - ⌛ Esperando mudança visual...
2026-03-27 13:21:57,856 - INFO - ⌛ Esperando mudança visual...
2026-03-27 13:21:58,882 - INFO - ⌛ Esperando mudança visual...
2026-03-27 13:21:59,884 - INFO - ⌛ Esperando mudança visual...
2026-03-27 13:22:00,916 - INFO - ⌛ Esperando mudança visual...
2026-03-27 13:22:01,928 - INFO - ⌛ Esperando mudança visual...
2026-03-27 13:22:02,947 - INFO - ⌛ Esperando mudança visual...
2026-03-27 13:22:03,982 - INFO - ⌛ Esperando mudança visual...
2026-03-27 13:22:04,986 - INFO - ⌛ Esperando mudança visual...
2026-03-27 13:22:06,011 - INFO - ✅ Tela carregada!
2026-03-27 13:22:16,600 - INFO - ⌛ Aguardando janela de confirmação de desbloqueio...
2026-03-27 13:22:32,674 - INFO - 🟨 Registros desbloqueados com sucesso
2026-03-27 13:22:45,379 - INFO - ⌛ Aguardando janela de confirmação de desprogramação ...
2026-03-27 13:23:01,541 - INFO - 🟨 Janela de confirmação de desprogramação detectada
2026-03-27 13:23:05,162 - INFO - 🟨 Janela de aviso de desprogramação detectada
2026-03-27 13:23:07,473 - INFO - ⌛ Aguardando janela de confirmação de desprogramação 2 ...
2026-03-27 13:23:23,634 - INFO - 🟨 Janela de confirmação 2 de desprogramação detectada
2026-03-27 13:23:31,092 - INFO - ⌛ Aguardando janela de sucesso ...
2026-03-27 13:23:47,188 - INFO - 🟨 lote desprogramado com sucesso
2026-03-27 13:23:49,484 - INFO - 
=== Iniciando lote 42/470 [DESPROGAMAR] ===
2026-03-27 13:23:55,967 - INFO - Janela de seleção aberta
2026-03-27 13:24:00,287 - INFO - DEBUG: idx=41, inicio=1025, fim=1050
2026-03-27 13:24:00,287 - INFO - ✅ 25 OS copiadas para a área de transferência.
2026-03-27 13:24:00,287 - INFO - 📋 Lote 42 copiado.
2026-03-27 13:24:08,623 - INFO - ⌛ Esperando mudança visual...
2026-03-27 13:24:09,641 - INFO - ⌛ Esperando mudança visual...
2026-03-27 13:24:10,664 - INFO - ⌛ Esperando mudança visual...
2026-03-27 13:24:11,673 - INFO - ⌛ Esperando mudança visual...
2026-03-27 13:24:12,676 - INFO - ⌛ Esperando mudança visual...
2026-03-27 13:24:13,699 - INFO - ⌛ Esperando mudança visual...
2026-03-27 13:24:14,719 - INFO - ⌛ Esperando mudança visual...
2026-03-27 13:24:15,735 - INFO - ⌛ Esperando mudança visual...
2026-03-27 13:24:16,750 - INFO - ⌛ Esperando mudança visual...
2026-03-27 13:24:17,764 - INFO - ⌛ Esperando mudança visual...
2026-03-27 13:24:18,780 - INFO - ✅ Tela carregada!
2026-03-27 13:24:29,385 - INFO - ⌛ Aguardando janela de confirmação de desbloqueio...
2026-03-27 13:24:45,444 - INFO - 🟨 Registros desbloqueados com sucesso
2026-03-27 13:24:58,154 - INFO - ⌛ Aguardando janela de confirmação de desprogramação ...
2026-03-27 13:25:14,261 - INFO - 🟨 Janela de confirmação de desprogramação detectada
2026-03-27 13:25:17,884 - INFO - ⌛ Aguardando janela de confirmação de desprogramação ...
2026-03-27 13:25:34,140 - INFO - 🟨 Janela de aviso de desprogramação detectada
2026-03-27 13:25:36,414 - INFO - ⌛ Aguardando janela de confirmação de desprogramação 2 ...
2026-03-27 13:25:52,569 - INFO - 🟨 Janela de confirmação 2 de desprogramação detectada
2026-03-27 13:26:00,033 - INFO - ⌛ Aguardando janela de sucesso ...
2026-03-27 13:26:16,111 - INFO - 🟨 lote desprogramado com sucesso
2026-03-27 13:26:18,409 - INFO - 
=== Iniciando lote 43/470 [DESPROGAMAR] ===
2026-03-27 13:26:24,866 - INFO - Janela de seleção aberta
2026-03-27 13:26:29,158 - INFO - DEBUG: idx=42, inicio=1050, fim=1075
2026-03-27 13:26:29,158 - INFO - ✅ 25 OS copiadas para a área de transferência.
2026-03-27 13:26:29,158 - INFO - 📋 Lote 43 copiado.
2026-03-27 13:26:37,495 - INFO - ⌛ Esperando mudança visual...
2026-03-27 13:26:38,528 - INFO - ⌛ Esperando mudança visual...
2026-03-27 13:26:39,544 - INFO - ⌛ Esperando mudança visual...
2026-03-27 13:26:40,558 - INFO - ⌛ Esperando mudança visual...
2026-03-27 13:26:41,593 - INFO - ⌛ Esperando mudança visual...
2026-03-27 13:26:42,610 - INFO - ⌛ Esperando mudança visual...
2026-03-27 13:26:43,631 - INFO - ⌛ Esperando mudança visual...
2026-03-27 13:26:44,648 - INFO - ⌛ Esperando mudança visual...
2026-03-27 13:26:45,667 - INFO - ⌛ Esperando mudança visual...
2026-03-27 13:26:46,674 - INFO - ⌛ Esperando mudança visual...
2026-03-27 13:26:47,689 - INFO - ✅ Tela carregada!
2026-03-27 13:26:58,298 - INFO - ⌛ Aguardando janela de confirmação de desbloqueio...
2026-03-27 13:27:14,491 - INFO - 🟨 Registros desbloqueados com sucesso
2026-03-27 13:27:27,179 - INFO - ⌛ Aguardando janela de confirmação de desprogramação ...
2026-03-27 13:27:43,285 - INFO - 🟨 Janela de confirmação de desprogramação detectada
2026-03-27 13:27:46,948 - INFO - 🟨 Janela de aviso de desprogramação detectada
2026-03-27 13:27:49,254 - INFO - ⌛ Aguardando janela de confirmação de desprogramação 2 ...
2026-03-27 13:28:05,386 - INFO - 🟨 Janela de confirmação 2 de desprogramação detectada
2026-03-27 13:28:12,823 - INFO - ⌛ Aguardando janela de sucesso ...
2026-03-27 13:28:28,909 - INFO - 🟨 lote desprogramado com sucesso
2026-03-27 13:28:31,190 - INFO - 
=== Iniciando lote 44/470 [DESPROGAMAR] ===
2026-03-27 13:28:37,703 - INFO - Janela de seleção aberta
2026-03-27 13:28:41,985 - INFO - DEBUG: idx=43, inicio=1075, fim=1100
2026-03-27 13:28:41,985 - INFO - ✅ 25 OS copiadas para a área de transferência.
2026-03-27 13:28:41,985 - INFO - 📋 Lote 44 copiado.
2026-03-27 13:28:50,347 - INFO - ⌛ Esperando mudança visual...
2026-03-27 13:28:51,374 - INFO - ⌛ Esperando mudança visual...
2026-03-27 13:28:52,374 - INFO - ⌛ Esperando mudança visual...
2026-03-27 13:28:53,397 - INFO - ⌛ Esperando mudança visual...
2026-03-27 13:28:54,404 - INFO - ⌛ Esperando mudança visual...
2026-03-27 13:28:55,425 - INFO - ⌛ Esperando mudança visual...
2026-03-27 13:28:56,444 - INFO - ⌛ Esperando mudança visual...
2026-03-27 13:28:57,459 - INFO - ⌛ Esperando mudança visual...
2026-03-27 13:28:58,481 - INFO - ⌛ Esperando mudança visual...
2026-03-27 13:28:59,509 - INFO - ⌛ Esperando mudança visual...
2026-03-27 13:29:00,531 - INFO - ⌛ Esperando mudança visual...
2026-03-27 13:29:01,548 - INFO - ✅ Tela carregada!
2026-03-27 13:29:12,178 - INFO - ⌛ Aguardando janela de confirmação de desbloqueio...
2026-03-27 13:29:28,245 - INFO - 🟨 Registros desbloqueados com sucesso
2026-03-27 13:29:40,929 - INFO - ⌛ Aguardando janela de confirmação de desprogramação ...
2026-03-27 13:29:56,986 - INFO - 🟨 Janela de confirmação de desprogramação detectada
2026-03-27 13:30:00,623 - INFO - ⌛ Aguardando janela de confirmação de desprogramação ...
2026-03-27 13:30:16,857 - INFO - 🟨 Janela de aviso de desprogramação detectada
2026-03-27 13:30:19,142 - INFO - ⌛ Aguardando janela de confirmação de desprogramação 2 ...
2026-03-27 13:30:35,236 - INFO - 🟨 Janela de confirmação 2 de desprogramação detectada
2026-03-27 13:30:42,723 - INFO - ⌛ Aguardando janela de sucesso ...
2026-03-27 13:30:58,811 - INFO - 🟨 lote desprogramado com sucesso
2026-03-27 13:31:01,115 - INFO - 
=== Iniciando lote 45/470 [DESPROGAMAR] ===
2026-03-27 13:31:07,591 - INFO - Janela de seleção aberta
2026-03-27 13:31:11,880 - INFO - DEBUG: idx=44, inicio=1100, fim=1125
2026-03-27 13:31:11,880 - INFO - ✅ 25 OS copiadas para a área de transferência.
2026-03-27 13:31:11,880 - INFO - 📋 Lote 45 copiado.
2026-03-27 13:31:20,223 - INFO - ⌛ Esperando mudança visual...
2026-03-27 13:31:21,231 - INFO - ⌛ Esperando mudança visual...
2026-03-27 13:31:22,250 - INFO - ⌛ Esperando mudança visual...
2026-03-27 13:31:23,264 - INFO - ⌛ Esperando mudança visual...
2026-03-27 13:31:24,279 - INFO - ⌛ Esperando mudança visual...
2026-03-27 13:31:25,300 - INFO - ⌛ Esperando mudança visual...
2026-03-27 13:31:26,329 - INFO - ⌛ Esperando mudança visual...
2026-03-27 13:31:27,342 - INFO - ⌛ Esperando mudança visual...
2026-03-27 13:31:28,355 - INFO - ⌛ Esperando mudança visual...
2026-03-27 13:31:29,381 - INFO - ⌛ Esperando mudança visual...
2026-03-27 13:31:30,393 - INFO - ✅ Tela carregada!
2026-03-27 13:31:40,992 - INFO - ⌛ Aguardando janela de confirmação de desbloqueio...
2026-03-27 13:31:57,075 - INFO - 🟨 Registros desbloqueados com sucesso
2026-03-27 13:32:09,792 - INFO - ⌛ Aguardando janela de confirmação de desprogramação ...
2026-03-27 13:32:25,874 - INFO - 🟨 Janela de confirmação de desprogramação detectada
2026-03-27 13:32:29,608 - INFO - 🟨 Janela de aviso de desprogramação detectada
2026-03-27 13:32:31,904 - INFO - ⌛ Aguardando janela de confirmação de desprogramação 2 ...
2026-03-27 13:32:47,965 - INFO - 🟨 Janela de confirmação 2 de desprogramação detectada
2026-03-27 13:32:55,423 - INFO - ⌛ Aguardando janela de sucesso ...
2026-03-27 13:33:11,600 - INFO - 🟨 lote desprogramado com sucesso
2026-03-27 13:33:13,910 - INFO - 
=== Iniciando lote 46/470 [DESPROGAMAR] ===
2026-03-27 13:33:20,373 - INFO - Janela de seleção aberta
2026-03-27 13:33:24,659 - INFO - DEBUG: idx=45, inicio=1125, fim=1150
2026-03-27 13:33:24,659 - INFO - ✅ 25 OS copiadas para a área de transferência.
2026-03-27 13:33:24,659 - INFO - 📋 Lote 46 copiado.
2026-03-27 13:33:33,005 - INFO - ⌛ Esperando mudança visual...
2026-03-27 13:33:34,020 - INFO - ⌛ Esperando mudança visual...
2026-03-27 13:33:35,035 - INFO - ⌛ Esperando mudança visual...
2026-03-27 13:33:36,042 - INFO - ⌛ Esperando mudança visual...
2026-03-27 13:33:37,065 - INFO - ⌛ Esperando mudança visual...
2026-03-27 13:33:38,081 - INFO - ⌛ Esperando mudança visual...
2026-03-27 13:33:39,112 - INFO - ⌛ Esperando mudança visual...
2026-03-27 13:33:40,130 - INFO - ⌛ Esperando mudança visual...
2026-03-27 13:33:41,149 - INFO - ⌛ Esperando mudança visual...
2026-03-27 13:33:42,158 - INFO - ⌛ Esperando mudança visual...
2026-03-27 13:33:43,180 - INFO - ⌛ Esperando mudança visual...
2026-03-27 13:33:44,190 - INFO - ✅ Tela carregada!
2026-03-27 13:33:54,796 - INFO - ⌛ Aguardando janela de confirmação de desbloqueio...
2026-03-27 13:34:10,893 - INFO - 🟨 Registros desbloqueados com sucesso
2026-03-27 13:34:23,618 - INFO - ⌛ Aguardando janela de confirmação de desprogramação ...
2026-03-27 13:34:39,745 - INFO - 🟨 Janela de confirmação de desprogramação detectada
2026-03-27 13:34:43,478 - INFO - 🟨 Janela de aviso de desprogramação detectada
2026-03-27 13:34:45,797 - INFO - ⌛ Aguardando janela de confirmação de desprogramação 2 ...
2026-03-27 13:35:02,015 - INFO - 🟨 Janela de confirmação 2 de desprogramação detectada
2026-03-27 13:35:09,483 - INFO - ⌛ Aguardando janela de sucesso ...
2026-03-27 13:35:25,666 - INFO - 🟨 lote desprogramado com sucesso
2026-03-27 13:35:27,991 - INFO - 
=== Iniciando lote 47/470 [DESPROGAMAR] ===
2026-03-27 13:35:34,489 - INFO - Janela de seleção aberta
2026-03-27 13:35:38,783 - INFO - DEBUG: idx=46, inicio=1150, fim=1175
2026-03-27 13:35:38,783 - INFO - ✅ 25 OS copiadas para a área de transferência.
2026-03-27 13:35:38,783 - INFO - 📋 Lote 47 copiado.
2026-03-27 13:35:47,140 - INFO - ⌛ Esperando mudança visual...
2026-03-27 13:35:48,164 - INFO - ⌛ Esperando mudança visual...
2026-03-27 13:35:49,174 - INFO - ⌛ Esperando mudança visual...
2026-03-27 13:35:50,175 - INFO - ⌛ Esperando mudança visual...
2026-03-27 13:35:51,191 - INFO - ⌛ Esperando mudança visual...
2026-03-27 13:35:52,219 - INFO - ⌛ Esperando mudança visual...
2026-03-27 13:35:53,231 - INFO - ⌛ Esperando mudança visual...
2026-03-27 13:35:54,247 - INFO - ⌛ Esperando mudança visual...
2026-03-27 13:35:55,259 - INFO - ⌛ Esperando mudança visual...
2026-03-27 13:35:56,270 - INFO - ⌛ Esperando mudança visual...
2026-03-27 13:35:57,294 - INFO - ⌛ Esperando mudança visual...
2026-03-27 13:35:58,303 - INFO - ⌛ Esperando mudança visual...
2026-03-27 13:35:59,339 - INFO - ✅ Tela carregada!
2026-03-27 13:36:09,965 - INFO - ⌛ Aguardando janela de confirmação de desbloqueio...
2026-03-27 13:36:26,181 - INFO - 🟨 Registros desbloqueados com sucesso
2026-03-27 13:36:38,913 - INFO - ⌛ Aguardando janela de confirmação de desprogramação ...
2026-03-27 13:36:55,202 - INFO - 🟨 Janela de confirmação de desprogramação detectada
2026-03-27 13:36:58,945 - INFO - ⌛ Aguardando janela de confirmação de desprogramação ...
2026-03-27 13:37:15,339 - INFO - 🟨 Janela de aviso de desprogramação detectada
2026-03-27 13:37:17,667 - INFO - ⌛ Aguardando janela de confirmação de desprogramação 2 ...
2026-03-27 13:37:33,844 - INFO - 🟨 Janela de confirmação 2 de desprogramação detectada
2026-03-27 13:37:41,327 - INFO - ⌛ Aguardando janela de sucesso ...
2026-03-27 13:37:57,584 - INFO - 🟨 lote desprogramado com sucesso
2026-03-27 13:37:59,910 - INFO - 
=== Iniciando lote 48/470 [DESPROGAMAR] ===
2026-03-27 13:38:06,415 - INFO - Janela de seleção aberta
2026-03-27 13:38:10,723 - INFO - DEBUG: idx=47, inicio=1175, fim=1200
2026-03-27 13:38:10,723 - INFO - ✅ 25 OS copiadas para a área de transferência.
2026-03-27 13:38:10,723 - INFO - 📋 Lote 48 copiado.
2026-03-27 13:38:19,060 - INFO - ⌛ Esperando mudança visual...
2026-03-27 13:38:20,097 - INFO - ⌛ Esperando mudança visual...
2026-03-27 13:38:21,112 - INFO - ⌛ Esperando mudança visual...
2026-03-27 13:38:22,118 - INFO - ⌛ Esperando mudança visual...
2026-03-27 13:38:23,135 - INFO - ⌛ Esperando mudança visual...
2026-03-27 13:38:24,166 - INFO - ⌛ Esperando mudança visual...
2026-03-27 13:38:25,178 - INFO - ⌛ Esperando mudança visual...
2026-03-27 13:38:26,199 - INFO - ⌛ Esperando mudança visual...
2026-03-27 13:38:27,237 - INFO - ⌛ Esperando mudança visual...
2026-03-27 13:38:28,250 - INFO - ⌛ Esperando mudança visual...
2026-03-27 13:38:29,264 - INFO - ⌛ Esperando mudança visual...
2026-03-27 13:38:30,276 - INFO - ✅ Tela carregada!
2026-03-27 13:38:40,919 - INFO - ⌛ Aguardando janela de confirmação de desbloqueio...
2026-03-27 13:38:57,076 - INFO - 🟨 Registros desbloqueados com sucesso
2026-03-27 13:39:09,777 - INFO - ⌛ Aguardando janela de confirmação de desprogramação ...
2026-03-27 13:39:25,915 - INFO - 🟨 Janela de confirmação de desprogramação detectada
2026-03-27 13:39:29,634 - INFO - ⌛ Aguardando janela de confirmação de desprogramação ...
2026-03-27 13:39:46,086 - INFO - 🟨 Janela de aviso de desprogramação detectada
2026-03-27 13:39:48,403 - INFO - ⌛ Aguardando janela de confirmação de desprogramação 2 ...
2026-03-27 13:40:04,619 - INFO - 🟨 Janela de confirmação 2 de desprogramação detectada
2026-03-27 13:40:12,142 - INFO - ⌛ Aguardando janela de sucesso ...
2026-03-27 13:40:28,332 - INFO - 🟨 lote desprogramado com sucesso
2026-03-27 13:40:30,631 - INFO - 
=== Iniciando lote 49/470 [DESPROGAMAR] ===
2026-03-27 13:40:37,110 - INFO - Janela de seleção aberta
2026-03-27 13:40:41,441 - INFO - DEBUG: idx=48, inicio=1200, fim=1225
2026-03-27 13:40:41,441 - INFO - ✅ 25 OS copiadas para a área de transferência.
2026-03-27 13:40:41,441 - INFO - 📋 Lote 49 copiado.
2026-03-27 13:40:49,768 - INFO - ⌛ Esperando mudança visual...
2026-03-27 13:40:50,795 - INFO - ⌛ Esperando mudança visual...
2026-03-27 13:40:51,813 - INFO - ⌛ Esperando mudança visual...
2026-03-27 13:40:52,823 - INFO - ⌛ Esperando mudança visual...
2026-03-27 13:40:53,838 - INFO - ⌛ Esperando mudança visual...
2026-03-27 13:40:54,845 - INFO - ⌛ Esperando mudança visual...
2026-03-27 13:40:55,856 - INFO - ⌛ Esperando mudança visual...
2026-03-27 13:40:56,885 - INFO - ⌛ Esperando mudança visual...
2026-03-27 13:40:57,895 - INFO - ⌛ Esperando mudança visual...
2026-03-27 13:40:58,909 - INFO - ⌛ Esperando mudança visual...
2026-03-27 13:40:59,935 - INFO - ⌛ Esperando mudança visual...
2026-03-27 13:41:00,948 - INFO - ✅ Tela carregada!
2026-03-27 13:41:11,578 - INFO - ⌛ Aguardando janela de confirmação de desbloqueio...
2026-03-27 13:41:27,737 - INFO - 🟨 Registros desbloqueados com sucesso
2026-03-27 13:41:40,436 - INFO - ⌛ Aguardando janela de confirmação de desprogramação ...
2026-03-27 13:41:56,527 - INFO - 🟨 Janela de confirmação de desprogramação detectada
2026-03-27 13:42:00,189 - INFO - ⌛ Aguardando janela de confirmação de desprogramação ...
2026-03-27 13:42:16,625 - INFO - 🟨 Janela de aviso de desprogramação detectada
2026-03-27 13:42:18,924 - INFO - ⌛ Aguardando janela de confirmação de desprogramação 2 ...
2026-03-27 13:42:35,095 - INFO - 🟨 Janela de confirmação 2 de desprogramação detectada
2026-03-27 13:42:42,630 - INFO - ⌛ Aguardando janela de sucesso ...
2026-03-27 13:42:58,882 - INFO - 🟨 lote desprogramado com sucesso
2026-03-27 13:43:01,206 - INFO - 
=== Iniciando lote 50/470 [DESPROGAMAR] ===
2026-03-27 13:43:07,712 - INFO - Janela de seleção aberta
2026-03-27 13:43:11,998 - INFO - DEBUG: idx=49, inicio=1225, fim=1250
2026-03-27 13:43:11,998 - INFO - ✅ 25 OS copiadas para a área de transferência.
2026-03-27 13:43:12,000 - INFO - 📋 Lote 50 copiado.
2026-03-27 13:43:20,348 - INFO - ⌛ Esperando mudança visual...
2026-03-27 13:43:21,365 - INFO - ⌛ Esperando mudança visual...
2026-03-27 13:43:22,379 - INFO - ⌛ Esperando mudança visual...
2026-03-27 13:43:23,384 - INFO - ⌛ Esperando mudança visual...
2026-03-27 13:43:24,408 - INFO - ⌛ Esperando mudança visual...
2026-03-27 13:43:25,441 - INFO - ⌛ Esperando mudança visual...
2026-03-27 13:43:26,458 - INFO - ⌛ Esperando mudança visual...
2026-03-27 13:43:27,473 - INFO - ⌛ Esperando mudança visual...
2026-03-27 13:43:28,485 - INFO - ⌛ Esperando mudança visual...
2026-03-27 13:43:29,508 - INFO - ⌛ Esperando mudança visual...
2026-03-27 13:43:30,513 - INFO - ⌛ Esperando mudança visual...
2026-03-27 13:43:31,536 - INFO - ⌛ Esperando mudança visual...
2026-03-27 13:43:32,539 - INFO - ⌛ Esperando mudança visual...
2026-03-27 13:43:33,567 - INFO - ⌛ Esperando mudança visual...
2026-03-27 13:43:34,581 - INFO - ✅ Tela carregada!
2026-03-27 13:43:45,179 - INFO - ⌛ Aguardando janela de confirmação de desbloqueio...
2026-03-27 13:44:01,311 - INFO - ⌛ Aguardando janela de confirmação de desbloqueio...
2026-03-27 13:44:17,421 - INFO - 🟨 Registros desbloqueados com sucesso
2026-03-27 13:44:30,132 - INFO - ⌛ Aguardando janela de confirmação de desprogramação ...
2026-03-27 13:44:46,249 - INFO - 🟨 Janela de confirmação de desprogramação detectada
2026-03-27 13:44:49,911 - INFO - ⌛ Aguardando janela de confirmação de desprogramação ...
2026-03-27 13:45:06,240 - INFO - 🟨 Janela de aviso de desprogramação detectada
2026-03-27 13:45:08,513 - INFO - ⌛ Aguardando janela de confirmação de desprogramação 2 ...
2026-03-27 13:45:24,656 - INFO - 🟨 Janela de confirmação 2 de desprogramação detectada
2026-03-27 13:45:32,133 - INFO - ⌛ Aguardando janela de sucesso ...
2026-03-27 13:45:48,289 - INFO - 🟨 lote desprogramado com sucesso
2026-03-27 13:45:50,603 - INFO - 
=== Iniciando lote 51/470 [DESPROGAMAR] ===
2026-03-27 13:45:57,112 - INFO - ⌛ Aguardando janela de seleção...
2026-03-27 13:46:08,351 - INFO - Janela de seleção aberta
2026-03-27 13:46:12,645 - INFO - DEBUG: idx=50, inicio=1250, fim=1275
2026-03-27 13:46:12,645 - INFO - ✅ 25 OS copiadas para a área de transferência.
2026-03-27 13:46:12,645 - INFO - 📋 Lote 51 copiado.
2026-03-27 13:46:20,969 - INFO - ⌛ Esperando mudança visual...
2026-03-27 13:46:21,987 - INFO - ⌛ Esperando mudança visual...
2026-03-27 13:46:23,001 - INFO - ⌛ Esperando mudança visual...
2026-03-27 13:46:24,011 - INFO - ⌛ Esperando mudança visual...
2026-03-27 13:46:25,045 - INFO - ⌛ Esperando mudança visual...
2026-03-27 13:46:26,063 - INFO - ⌛ Esperando mudança visual...
2026-03-27 13:46:27,076 - INFO - ⌛ Esperando mudança visual...
2026-03-27 13:46:28,083 - INFO - ⌛ Esperando mudança visual...
2026-03-27 13:46:29,102 - INFO - ⌛ Esperando mudança visual...
2026-03-27 13:46:30,131 - INFO - ⌛ Esperando mudança visual...
2026-03-27 13:46:31,140 - INFO - ⌛ Esperando mudança visual...
2026-03-27 13:46:32,160 - INFO - ✅ Tela carregada!
2026-03-27 13:46:42,800 - INFO - ⌛ Aguardando janela de confirmação de desbloqueio...
2026-03-27 13:46:58,930 - INFO - 🟨 Registros desbloqueados com sucesso
2026-03-27 13:47:11,653 - INFO - ⌛ Aguardando janela de confirmação de desprogramação ...
2026-03-27 13:47:27,769 - INFO - 🟨 Janela de confirmação de desprogramação detectada
2026-03-27 13:47:31,379 - INFO - ⌛ Aguardando janela de confirmação de desprogramação ...
2026-03-27 13:47:47,680 - INFO - 🟨 Janela de aviso de desprogramação detectada
2026-03-27 13:47:49,972 - INFO - ⌛ Aguardando janela de confirmação de desprogramação 2 ...
2026-03-27 13:48:06,052 - INFO - 🟨 Janela de confirmação 2 de desprogramação detectada
2026-03-27 13:48:13,539 - INFO - ⌛ Aguardando janela de sucesso ...
2026-03-27 13:48:29,674 - INFO - 🟨 lote desprogramado com sucesso
2026-03-27 13:48:31,976 - INFO - 
=== Iniciando lote 52/470 [DESPROGAMAR] ===
2026-03-27 13:48:38,474 - INFO - Janela de seleção aberta
2026-03-27 13:48:42,772 - INFO - DEBUG: idx=51, inicio=1275, fim=1300
2026-03-27 13:48:42,772 - INFO - ✅ 25 OS copiadas para a área de transferência.
2026-03-27 13:48:42,772 - INFO - 📋 Lote 52 copiado.
2026-03-27 13:48:51,100 - INFO - ⌛ Esperando mudança visual...
2026-03-27 13:48:52,113 - INFO - ⌛ Esperando mudança visual...
2026-03-27 13:48:53,127 - INFO - ⌛ Esperando mudança visual...
2026-03-27 13:48:54,135 - INFO - ⌛ Esperando mudança visual...
2026-03-27 13:48:55,146 - INFO - ⌛ Esperando mudança visual...
2026-03-27 13:48:56,170 - INFO - ⌛ Esperando mudança visual...
2026-03-27 13:48:57,178 - INFO - ⌛ Esperando mudança visual...
2026-03-27 13:48:58,193 - INFO - ⌛ Esperando mudança visual...
2026-03-27 13:48:59,215 - INFO - ⌛ Esperando mudança visual...
2026-03-27 13:49:00,227 - INFO - ⌛ Esperando mudança visual...
2026-03-27 13:49:01,245 - INFO - ⌛ Esperando mudança visual...
2026-03-27 13:49:02,262 - INFO - ✅ Tela carregada!
2026-03-27 13:49:12,865 - INFO - ⌛ Aguardando janela de confirmação de desbloqueio...
2026-03-27 13:49:28,936 - INFO - 🟨 Registros desbloqueados com sucesso
2026-03-27 13:49:41,649 - INFO - ⌛ Aguardando janela de confirmação de desprogramação ...
2026-03-27 13:49:57,777 - INFO - 🟨 Janela de confirmação de desprogramação detectada
2026-03-27 13:50:01,504 - INFO - ⌛ Aguardando janela de confirmação de desprogramação ...
2026-03-27 16:57:00,834 - INFO - Data hoje: 27/03/2026
2026-03-27 16:57:00,834 - INFO - Data de referência: 31/03/2026
2026-03-27 16:58:13,195 - INFO - Data hoje: 27/03/2026
2026-03-27 16:58:13,195 - INFO - Data de referência: 31/03/2026
2026-03-27 16:59:11,026 - INFO - Data hoje: 27/03/2026
2026-03-27 16:59:11,026 - INFO - Data de referência: 31/03/2026
2026-03-27 17:00:35,651 - INFO - Qtde OS de LINHA VIVA: 712
2026-03-27 17:00:35,651 - INFO - Qtde OS poda de LINHA MORTA: 272
2026-03-27 17:00:35,651 - INFO - Qtde OS estrutural de LINHA MORTA : 32499
2026-03-27 17:00:35,651 - INFO - Qtde OS poda de LINHA MORTA fora carteira: 420
2026-03-27 17:00:35,651 - INFO - Qtde OS para desprogramar: 4860
2026-03-27 17:00:35,651 - INFO - 
 Qtd de lotes de LM: 11
2026-03-27 17:00:35,651 - INFO - 
 Qtd de lotes de LV: 29
2026-03-27 17:00:35,651 - INFO - 
 Qtd de lotes de ESTRUTURAL LM: 1300
2026-03-27 17:00:35,651 - INFO - 
 Qtd de lotes de LEVE: 17
2026-03-27 17:00:35,651 - INFO - 
 Qtd de lotes para desprogramar: 195
