2026-01-28 11:59:08,073 - INFO - Data hoje: 28/01/2026
2026-01-28 11:59:08,073 - INFO - Data de referência: 31/01/2026
2026-01-28 12:00:18,459 - INFO - 
Qtde OS de LINHA VIVA: 2766
2026-01-28 12:00:18,459 - INFO - Qtde OS poda de LINHA MORTA: 991
2026-01-28 12:00:18,459 - INFO - 
Qtde OS estrutural de LINHA MORTA : 29
2026-01-28 12:00:18,459 - INFO - Qtde OS poda de LINHA MORTA fora carteira: 1796
2026-01-28 12:00:18,459 - INFO - Qtde OS para desprogramar: 5073
2026-01-28 12:00:18,462 - INFO - 
 Qtd de lotes de LM: 40
2026-01-28 12:00:18,462 - INFO - 
 Qtd de lotes de LV: 111
2026-01-28 12:00:18,462 - INFO - 
 Qtd de lotes de ESTRUTURAL LM: 2
2026-01-28 12:00:18,462 - INFO - 
 Qtd de lotes de LEVE: 72
2026-01-28 12:00:18,462 - INFO - 
 Qtd de lotes para desprogramar: 203
2026-01-28 12:00:18,462 - INFO - 
=== Iniciando lote 1/2 [REDES] ===
2026-01-28 12:00:24,895 - INFO - Janela de seleção aberta
2026-01-28 12:00:29,145 - INFO - DEBUG: idx=0, inicio=0, fim=25
2026-01-28 12:00:29,145 - INFO - ✅ 25 OS copiadas para a área de transferência.
2026-01-28 12:00:29,145 - INFO - 📋 Lote 1 copiado.
2026-01-28 12:00:37,502 - INFO - ⌛ Esperando mudança visual...
2026-01-28 12:00:38,525 - INFO - ✅ Tela carregada!
2026-01-28 12:00:49,035 - INFO - ⌛ Aguardando janela de confirmação de desbloqueio...
2026-01-28 12:01:01,902 - INFO - Data hoje: 28/01/2026
2026-01-28 12:01:01,903 - INFO - Data de referência: 31/01/2026
2026-01-28 12:01:26,616 - INFO - Data hoje: 28/01/2026
2026-01-28 12:01:26,616 - INFO - Data de referência: 31/01/2026
2026-01-28 12:02:17,522 - INFO - Data hoje: 28/01/2026
2026-01-28 12:02:17,522 - INFO - Data de referência: 31/01/2026
2026-01-28 12:03:22,946 - INFO - 
Qtde OS de LINHA VIVA: 2781
2026-01-28 12:03:22,946 - INFO - Qtde OS poda de LINHA MORTA: 985
2026-01-28 12:03:22,946 - INFO - 
Qtde OS estrutural de LINHA MORTA : 29
2026-01-28 12:03:22,946 - INFO - Qtde OS poda de LINHA MORTA fora carteira: 1412
2026-01-28 12:03:22,946 - INFO - Qtde OS para desprogramar: 5959
2026-01-28 12:03:22,946 - INFO - 
 Qtd de lotes de LM: 40
2026-01-28 12:03:22,946 - INFO - 
 Qtd de lotes de LV: 112
2026-01-28 12:03:22,946 - INFO - 
 Qtd de lotes de ESTRUTURAL LM: 2
2026-01-28 12:03:22,946 - INFO - 
 Qtd de lotes de LEVE: 57
2026-01-28 12:03:22,946 - INFO - 
 Qtd de lotes para desprogramar: 239
2026-01-28 12:03:22,946 - INFO - 
=== Iniciando lote 1/2 [REDES] ===
2026-01-28 12:03:29,361 - INFO - Janela de seleção aberta
2026-01-28 12:03:33,599 - INFO - DEBUG: idx=0, inicio=0, fim=25
2026-01-28 12:03:33,599 - INFO - ✅ 25 OS copiadas para a área de transferência.
2026-01-28 12:03:33,599 - INFO - 📋 Lote 1 copiado.
2026-01-28 12:03:41,926 - INFO - ⌛ Esperando mudança visual...
2026-01-28 12:03:42,958 - INFO - ⌛ Esperando mudança visual...
2026-01-28 12:03:43,970 - INFO - ⌛ Esperando mudança visual...
2026-01-28 12:03:44,988 - INFO - ⌛ Esperando mudança visual...
2026-01-28 12:03:46,008 - INFO - ⌛ Esperando mudança visual...
2026-01-28 12:03:47,021 - INFO - ⌛ Esperando mudança visual...
2026-01-28 12:03:48,038 - INFO - ⌛ Esperando mudança visual...
2026-01-28 12:03:49,046 - INFO - ⌛ Esperando mudança visual...
2026-01-28 12:03:50,053 - INFO - ✅ Tela carregada!
2026-01-28 12:04:00,548 - INFO - ⌛ Aguardando janela de confirmação de desbloqueio...
2026-01-28 12:04:10,930 - INFO - 🟨 Registros desbloqueados com sucesso
2026-01-28 12:04:24,531 - INFO - 🟨 OS programadas detectadas
2026-01-28 12:04:27,689 - INFO - ⌛ Aguardando janela de edição de OS...
2026-01-28 12:04:38,155 - INFO - 🟨 Janela de edição de OS detectada
2026-01-28 12:04:59,532 - INFO - 🟨 Janela de edição de habilidade da turma detectada
2026-01-28 12:05:47,859 - INFO - ⌛ Aguardando detecção do campo de caracteristica 'EQUIPE PRÓPRIA OU EPS' ...
2026-01-28 12:06:00,120 - INFO - ⌛ Aguardando detecção do campo de caracteristica 'EQUIPE PRÓPRIA OU EPS' ...
2026-01-28 12:06:12,384 - INFO - 🟨 campo de caracteristica 'EQUIPE PRÓPRIA OU EPS detectado
2026-01-28 12:06:34,142 - INFO - ⌛ Aguardando confirmação 4 - editar OS...
2026-01-28 12:06:44,510 - INFO - ⌛ Aguardando confirmação 4 - editar OS...
2026-01-28 12:06:54,869 - INFO - ⌛ Aguardando confirmação 4 - editar OS...
2026-01-28 12:07:05,259 - INFO - 🟨 Janela de confirmação 4 de edição de OS detectada
2026-01-28 12:07:45,896 - INFO - ⌛ Aguardando janela de confirmação de programação de OS...
2026-01-28 12:07:56,249 - INFO - 🟨 Janela de confirmação de programação de OS detectada
2026-01-28 12:07:59,595 - INFO - ⌛ aguardando janela de programação de lote de OS...
2026-01-28 12:08:10,082 - INFO - 🟨 Janela de aviso de edição de OS programadas detectada
2026-01-28 12:08:14,372 - INFO - ⌛ aguardando janela de programação de lote de OS...
2026-01-28 12:08:24,841 - INFO - 🟨 Janela de aviso de substituição de lote de OS detectada
2026-01-28 12:08:31,114 - INFO - ⌛ aguardando janela de programação de lote de OS...
2026-01-28 12:08:41,570 - INFO - ⌛ aguardando janela de programação de lote de OS...
2026-01-28 12:08:52,095 - INFO - ⌛ aguardando janela de programação de lote de OS...
2026-01-28 12:09:02,619 - INFO - 🟨 Janela de programação de lote de OS detectada
2026-01-28 12:09:30,051 - INFO - ⌛ aguardando janela de confirmação de programação de lote de OS...
2026-01-28 12:09:40,426 - INFO - 🟨 Janela de confirmação de programação de lote de OS detectada
2026-01-28 12:09:44,719 - INFO - ⌛ aguardando confirmação final de programação do lote
2026-01-28 12:09:55,157 - INFO - 🟨 programação do lote 1 efetuado com sucesso
2026-01-28 12:10:05,348 - INFO - 
=== Iniciando lote 2/2 [REDES] ===
2026-01-28 12:10:11,703 - INFO - Janela de seleção aberta
2026-01-28 12:10:15,937 - INFO - DEBUG: idx=1, inicio=25, fim=50
2026-01-28 12:10:15,937 - INFO - ✅ 4 OS copiadas para a área de transferência.
2026-01-28 12:10:15,937 - INFO - 📋 Lote 2 copiado.
2026-01-28 12:10:24,260 - INFO - ⌛ Esperando mudança visual...
2026-01-28 12:10:25,284 - INFO - ⌛ Esperando mudança visual...
2026-01-28 12:10:26,298 - INFO - ⌛ Esperando mudança visual...
2026-01-28 12:10:27,315 - INFO - ⌛ Esperando mudança visual...
2026-01-28 12:10:28,331 - INFO - ⌛ Esperando mudança visual...
2026-01-28 12:10:29,346 - INFO - ⌛ Esperando mudança visual...
2026-01-28 12:10:30,362 - INFO - ⌛ Esperando mudança visual...
2026-01-28 12:10:31,378 - INFO - ⌛ Esperando mudança visual...
2026-01-28 12:10:32,393 - INFO - ✅ Tela carregada!
2026-01-28 12:10:42,862 - INFO - ⌛ Aguardando janela de confirmação de desbloqueio...
2026-01-28 12:10:53,246 - INFO - 🟨 Registros desbloqueados com sucesso
2026-01-28 12:11:06,777 - INFO - 🟨 OS programadas detectadas
2026-01-28 12:11:09,959 - INFO - ⌛ Aguardando janela de edição de OS...
2026-01-28 12:11:20,408 - INFO - 🟨 Janela de edição de OS detectada
2026-01-28 12:11:41,797 - INFO - 🟨 Janela de edição de habilidade da turma detectada
2026-01-28 12:12:30,113 - INFO - ⌛ Aguardando detecção do campo de caracteristica 'EQUIPE PRÓPRIA OU EPS' ...
2026-01-28 12:12:42,381 - INFO - ⌛ Aguardando detecção do campo de caracteristica 'EQUIPE PRÓPRIA OU EPS' ...
2026-01-28 12:12:54,646 - INFO - 🟨 campo de caracteristica 'EQUIPE PRÓPRIA OU EPS detectado
2026-01-28 12:13:16,399 - INFO - ⌛ Aguardando confirmação 4 - editar OS...
2026-01-28 12:13:26,771 - INFO - 🟨 Janela de confirmação 4 de edição de OS detectada
2026-01-28 12:14:07,435 - INFO - ⌛ Aguardando janela de confirmação de programação de OS...
2026-01-28 12:14:17,808 - INFO - 🟨 Janela de confirmação de programação de OS detectada
2026-01-28 12:14:21,146 - INFO - 🟨 Janela de aviso de edição de OS programadas detectada
2026-01-28 12:14:25,406 - INFO - ⌛ aguardando janela de programação de lote de OS...
2026-01-28 12:14:35,865 - INFO - 🟨 Janela de aviso de substituição de lote de OS detectada
2026-01-28 12:14:42,129 - INFO - ⌛ aguardando janela de programação de lote de OS...
2026-01-28 12:14:52,636 - INFO - 🟨 Janela de programação de lote de OS detectada
2026-01-28 12:15:20,061 - INFO - ⌛ aguardando janela de confirmação de programação de lote de OS...
2026-01-28 12:15:30,484 - INFO - 🟨 Janela de confirmação de programação de lote de OS detectada
2026-01-28 12:15:34,785 - INFO - ⌛ aguardando confirmação final de programação do lote
2026-01-28 12:15:45,210 - INFO - 🟨 programação do lote 2 efetuado com sucesso
2026-01-28 12:15:55,358 - INFO - 
=== Iniciando lote 1/40 [LM] ===
2026-01-28 12:16:01,705 - INFO - Janela de seleção aberta
2026-01-28 12:16:05,936 - INFO - DEBUG: idx=0, inicio=0, fim=25
2026-01-28 12:16:05,936 - INFO - ✅ 25 OS copiadas para a área de transferência.
2026-01-28 12:16:05,936 - INFO - 📋 Lote 1 copiado.
2026-01-28 12:16:14,299 - INFO - ⌛ Esperando mudança visual...
2026-01-28 12:16:15,321 - INFO - ⌛ Esperando mudança visual...
2026-01-28 12:16:16,337 - INFO - ⌛ Esperando mudança visual...
2026-01-28 12:16:17,353 - INFO - ⌛ Esperando mudança visual...
2026-01-28 12:16:18,369 - INFO - ⌛ Esperando mudança visual...
2026-01-28 12:16:19,372 - INFO - ⌛ Esperando mudança visual...
2026-01-28 12:16:20,383 - INFO - ⌛ Esperando mudança visual...
2026-01-28 12:16:21,399 - INFO - ⌛ Esperando mudança visual...
2026-01-28 12:16:22,415 - INFO - ⌛ Esperando mudança visual...
2026-01-28 12:16:23,433 - INFO - ✅ Tela carregada!
2026-01-28 12:16:33,898 - INFO - ⌛ Aguardando janela de confirmação de desbloqueio...
2026-01-28 12:16:44,253 - INFO - 🟨 Registros desbloqueados com sucesso
2026-01-28 12:16:57,770 - INFO - ⌛ Aguardando janela de edição de OS...
2026-01-28 12:17:08,193 - INFO - 🟨 OS programadas detectadas
2026-01-28 12:17:11,356 - INFO - ⌛ Aguardando janela de edição de OS...
2026-01-28 12:17:21,753 - INFO - 🟨 Janela de edição de OS detectada
2026-01-28 12:17:43,122 - INFO - 🟨 Janela de edição de habilidade da turma detectada
2026-01-28 12:18:31,444 - INFO - ⌛ Aguardando detecção do campo de caracteristica 'EQUIPE PRÓPRIA OU EPS' ...
2026-01-28 12:18:43,697 - INFO - ⌛ Aguardando detecção do campo de caracteristica 'EQUIPE PRÓPRIA OU EPS' ...
2026-01-28 12:18:55,952 - INFO - 🟨 campo de caracteristica 'EQUIPE PRÓPRIA OU EPS detectado
2026-01-28 12:19:17,692 - INFO - ⌛ Aguardando confirmação 4 - editar OS...
2026-01-28 12:19:28,121 - INFO - ⌛ Aguardando confirmação 4 - editar OS...
2026-01-28 12:19:38,453 - INFO - ⌛ Aguardando confirmação 4 - editar OS...
2026-01-28 12:19:48,837 - INFO - 🟨 Janela de confirmação 4 de edição de OS detectada
2026-01-28 12:20:29,498 - INFO - ⌛ Aguardando janela de confirmação de programação de OS...
2026-01-28 12:20:39,864 - INFO - 🟨 Janela de confirmação de programação de OS detectada
2026-01-28 12:20:43,220 - INFO - ⌛ aguardando janela de programação de lote de OS...
2026-01-28 12:20:53,691 - INFO - 🟨 Janela de aviso de edição de OS programadas detectada
2026-01-28 12:20:57,959 - INFO - ⌛ aguardando janela de programação de lote de OS...
2026-01-28 12:21:08,429 - INFO - 🟨 Janela de aviso de substituição de lote de OS detectada
2026-01-28 12:21:14,688 - INFO - ⌛ aguardando janela de programação de lote de OS...
2026-01-28 12:21:25,127 - INFO - ⌛ aguardando janela de programação de lote de OS...
2026-01-28 12:21:35,653 - INFO - 🟨 Janela de programação de lote de OS detectada
2026-01-28 12:22:03,122 - INFO - ⌛ aguardando janela de confirmação de programação de lote de OS...
2026-01-28 12:22:13,504 - INFO - 🟨 Janela de confirmação de programação de lote de OS detectada
2026-01-28 12:22:17,755 - INFO - ⌛ aguardando confirmação final de programação do lote
2026-01-28 12:22:28,217 - INFO - ⌛ aguardando confirmação final de programação do lote
2026-01-28 12:22:38,646 - INFO - 🟨 programação do lote 1 efetuado com sucesso
2026-01-28 12:22:48,806 - INFO - 
=== Iniciando lote 2/40 [LM] ===
2026-01-28 12:22:55,189 - INFO - Janela de seleção aberta
2026-01-28 12:22:59,421 - INFO - DEBUG: idx=1, inicio=25, fim=50
2026-01-28 12:22:59,421 - INFO - ✅ 25 OS copiadas para a área de transferência.
2026-01-28 12:22:59,421 - INFO - 📋 Lote 2 copiado.
2026-01-28 12:23:07,744 - INFO - ⌛ Esperando mudança visual...
2026-01-28 12:23:08,763 - INFO - ⌛ Esperando mudança visual...
2026-01-28 12:23:09,779 - INFO - ⌛ Esperando mudança visual...
2026-01-28 12:23:10,783 - INFO - ⌛ Esperando mudança visual...
2026-01-28 12:23:11,811 - INFO - ⌛ Esperando mudança visual...
2026-01-28 12:23:12,827 - INFO - ⌛ Esperando mudança visual...
2026-01-28 12:23:13,842 - INFO - ⌛ Esperando mudança visual...
2026-01-28 12:23:14,858 - INFO - ⌛ Esperando mudança visual...
2026-01-28 12:23:15,873 - INFO - ⌛ Esperando mudança visual...
2026-01-28 12:23:16,889 - INFO - ✅ Tela carregada!
2026-01-28 12:23:27,361 - INFO - ⌛ Aguardando janela de confirmação de desbloqueio...
2026-01-28 12:23:37,694 - INFO - ⌛ Aguardando janela de confirmação de desbloqueio...
2026-01-28 12:23:48,050 - INFO - 🟨 Registros desbloqueados com sucesso
2026-01-28 12:24:01,578 - INFO - ⌛ Aguardando janela de edição de OS...
2026-01-28 12:24:12,016 - INFO - 🟨 OS programadas detectadas
2026-01-28 12:24:15,182 - INFO - ⌛ Aguardando janela de edição de OS...
2026-01-28 12:24:25,717 - INFO - 🟨 Janela de edição de OS detectada
2026-01-28 12:24:47,082 - INFO - 🟨 Janela de edição de habilidade da turma detectada
2026-01-28 12:25:35,396 - INFO - ⌛ Aguardando detecção do campo de caracteristica 'EQUIPE PRÓPRIA OU EPS' ...
2026-01-28 12:25:47,657 - INFO - ⌛ Aguardando detecção do campo de caracteristica 'EQUIPE PRÓPRIA OU EPS' ...
2026-01-28 12:25:59,919 - INFO - 🟨 campo de caracteristica 'EQUIPE PRÓPRIA OU EPS detectado
2026-01-28 12:26:21,684 - INFO - ⌛ Aguardando confirmação 4 - editar OS...
2026-01-28 12:26:32,019 - INFO - ⌛ Aguardando confirmação 4 - editar OS...
2026-01-28 12:26:42,393 - INFO - ⌛ Aguardando confirmação 4 - editar OS...
2026-01-28 12:26:52,768 - INFO - 🟨 Janela de confirmação 4 de edição de OS detectada
2026-01-28 12:27:33,422 - INFO - ⌛ Aguardando janela de confirmação de programação de OS...
2026-01-28 12:27:43,811 - INFO - 🟨 Janela de confirmação de programação de OS detectada
2026-01-28 12:27:47,139 - INFO - ⌛ aguardando janela de programação de lote de OS...
2026-01-28 12:27:57,601 - INFO - 🟨 Janela de aviso de edição de OS programadas detectada
2026-01-28 12:28:01,855 - INFO - ⌛ aguardando janela de programação de lote de OS...
2026-01-28 12:28:12,280 - INFO - 🟨 Janela de aviso de substituição de lote de OS detectada
2026-01-28 12:28:18,556 - INFO - ⌛ aguardando janela de programação de lote de OS...
2026-01-28 12:28:29,043 - INFO - ⌛ aguardando janela de programação de lote de OS...
2026-01-28 12:28:29,244 - INFO - 🟨 Identificado falha no EQM
2026-01-28 12:28:44,509 - INFO - ⌛ Aguardando janela de confirmação de programação de OS...
2026-01-28 12:28:54,868 - INFO - ⌛ Aguardando janela de confirmação de programação de OS...
2026-01-28 12:29:05,223 - INFO - ⌛ Aguardando janela de confirmação de programação de OS...
2026-01-28 12:29:15,622 - INFO - ⌛ Aguardando janela de confirmação de programação de OS...
2026-01-28 12:29:26,033 - INFO - ⌛ Aguardando janela de confirmação de programação de OS...
2026-01-28 12:29:36,414 - INFO - ⌛ Aguardando janela de confirmação de programação de OS...
2026-01-28 12:29:46,766 - INFO - ⌛ Aguardando janela de confirmação de programação de OS...
2026-01-28 12:29:57,119 - INFO - ⌛ Aguardando janela de confirmação de programação de OS...
2026-01-28 12:30:07,493 - INFO - ⌛ Aguardando janela de confirmação de programação de OS...
2026-01-28 12:30:17,894 - INFO - ⌛ Aguardando janela de confirmação de programação de OS...
2026-01-28 12:30:28,245 - INFO - ⌛ Aguardando janela de confirmação de programação de OS...
2026-01-28 12:30:38,604 - INFO - ⌛ Aguardando janela de confirmação de programação de OS...
2026-01-28 12:30:48,952 - INFO - ⌛ Aguardando janela de confirmação de programação de OS...
2026-01-28 12:30:59,319 - INFO - ⌛ Aguardando janela de confirmação de programação de OS...
2026-01-28 12:31:09,697 - INFO - ⌛ Aguardando janela de confirmação de programação de OS...
2026-01-28 12:31:20,065 - INFO - ⌛ Aguardando janela de confirmação de programação de OS...
2026-01-28 12:31:30,404 - INFO - ⌛ Aguardando janela de confirmação de programação de OS...
2026-01-28 12:31:40,766 - INFO - ⌛ Aguardando janela de confirmação de programação de OS...
2026-01-28 12:31:51,103 - INFO - ⌛ Aguardando janela de confirmação de programação de OS...
2026-01-28 12:32:01,461 - INFO - ⌛ Aguardando janela de confirmação de programação de OS...
2026-01-28 12:32:11,858 - INFO - ⌛ Aguardando janela de confirmação de programação de OS...
2026-01-28 12:32:22,262 - INFO - ⌛ Aguardando janela de confirmação de programação de OS...
2026-01-28 12:32:32,620 - INFO - ⌛ Aguardando janela de confirmação de programação de OS...
2026-01-28 12:32:42,979 - INFO - ⌛ Aguardando janela de confirmação de programação de OS...
2026-01-28 12:32:53,326 - INFO - ⌛ Aguardando janela de confirmação de programação de OS...
2026-01-28 12:33:03,700 - INFO - ⌛ Aguardando janela de confirmação de programação de OS...
2026-01-28 12:33:14,062 - INFO - ⌛ Aguardando janela de confirmação de programação de OS...
2026-01-28 12:33:24,396 - INFO - ⌛ Aguardando janela de confirmação de programação de OS...
2026-01-28 12:33:34,767 - INFO - ⌛ Aguardando janela de confirmação de programação de OS...
2026-01-28 12:33:45,130 - INFO - ⌛ Aguardando janela de confirmação de programação de OS...
2026-01-28 12:33:55,482 - INFO - ⌛ Aguardando janela de confirmação de programação de OS...
2026-01-28 12:34:05,840 - INFO - ⌛ Aguardando janela de confirmação de programação de OS...
2026-01-28 12:34:16,201 - INFO - ⌛ Aguardando janela de confirmação de programação de OS...
2026-01-28 12:34:26,546 - INFO - ⌛ Aguardando janela de confirmação de programação de OS...
2026-01-28 12:34:36,914 - INFO - ⌛ Aguardando janela de confirmação de programação de OS...
2026-01-28 12:34:47,282 - INFO - ⌛ Aguardando janela de confirmação de programação de OS...
2026-01-28 12:34:57,647 - INFO - ⌛ Aguardando janela de confirmação de programação de OS...
2026-01-28 12:35:08,004 - INFO - ⌛ Aguardando janela de confirmação de programação de OS...
2026-01-28 12:35:18,375 - INFO - ⌛ Aguardando janela de confirmação de programação de OS...
2026-01-28 12:35:28,755 - INFO - ⌛ Aguardando janela de confirmação de programação de OS...
2026-01-28 12:35:39,121 - INFO - ⌛ Aguardando janela de confirmação de programação de OS...
2026-01-28 12:35:49,481 - INFO - ⌛ Aguardando janela de confirmação de programação de OS...
2026-01-28 12:35:59,847 - INFO - ⌛ Aguardando janela de confirmação de programação de OS...
2026-01-28 12:36:10,236 - INFO - ⌛ Aguardando janela de confirmação de programação de OS...
2026-01-28 12:36:20,616 - INFO - ⌛ Aguardando janela de confirmação de programação de OS...
2026-01-28 12:36:30,983 - INFO - ⌛ Aguardando janela de confirmação de programação de OS...
2026-01-28 12:36:41,355 - INFO - ⌛ Aguardando janela de confirmação de programação de OS...
2026-01-28 12:36:51,729 - INFO - ⌛ Aguardando janela de confirmação de programação de OS...
2026-01-28 12:37:02,111 - INFO - ⌛ Aguardando janela de confirmação de programação de OS...
2026-01-28 12:37:12,464 - INFO - ⌛ Aguardando janela de confirmação de programação de OS...
2026-01-28 12:37:22,865 - INFO - ⌛ Aguardando janela de confirmação de programação de OS...
2026-01-28 12:37:33,271 - INFO - ⌛ Aguardando janela de confirmação de programação de OS...
2026-01-28 12:37:43,627 - INFO - ⌛ Aguardando janela de confirmação de programação de OS...
2026-01-28 12:37:53,980 - INFO - verificando janela oculta
2026-01-28 12:38:14,452 - INFO - ⏱️ Tempo limite atingido. Abortando seleção
2026-01-28 12:41:03,500 - INFO - Data hoje: 28/01/2026
2026-01-28 12:41:03,500 - INFO - Data de referência: 31/01/2026
2026-01-28 12:42:06,219 - INFO - 
Qtde OS de LINHA VIVA: 2781
2026-01-28 12:42:06,219 - INFO - Qtde OS poda de LINHA MORTA: 985
2026-01-28 12:42:06,219 - INFO - 
Qtde OS estrutural de LINHA MORTA : 29
2026-01-28 12:42:06,219 - INFO - Qtde OS poda de LINHA MORTA fora carteira: 1412
2026-01-28 12:42:06,219 - INFO - Qtde OS para desprogramar: 7160
2026-01-28 12:42:06,219 - INFO - 
 Qtd de lotes de LM: 40
2026-01-28 12:42:06,219 - INFO - 
 Qtd de lotes de LV: 112
2026-01-28 12:42:06,219 - INFO - 
 Qtd de lotes de ESTRUTURAL LM: 2
2026-01-28 12:42:06,219 - INFO - 
 Qtd de lotes de LEVE: 57
2026-01-28 12:42:06,219 - INFO - 
 Qtd de lotes para desprogramar: 287
2026-01-28 12:42:06,219 - INFO - 
=== Iniciando lote 2/40 [LM] ===
2026-01-28 12:42:12,624 - INFO - Janela de seleção aberta
2026-01-28 12:42:16,883 - INFO - DEBUG: idx=1, inicio=25, fim=50
2026-01-28 12:42:16,883 - INFO - ✅ 25 OS copiadas para a área de transferência.
2026-01-28 12:42:16,883 - INFO - 📋 Lote 2 copiado.
2026-01-28 12:42:25,216 - INFO - ⌛ Esperando mudança visual...
2026-01-28 12:42:26,219 - INFO - ⌛ Esperando mudança visual...
2026-01-28 12:42:27,237 - INFO - ⌛ Esperando mudança visual...
2026-01-28 12:42:28,250 - INFO - ⌛ Esperando mudança visual...
2026-01-28 12:42:29,270 - INFO - ⌛ Esperando mudança visual...
2026-01-28 12:42:30,283 - INFO - ⌛ Esperando mudança visual...
2026-01-28 12:42:31,297 - INFO - ⌛ Esperando mudança visual...
2026-01-28 12:42:32,316 - INFO - ⌛ Esperando mudança visual...
2026-01-28 12:42:33,330 - INFO - ✅ Tela carregada!
2026-01-28 12:42:43,801 - INFO - ⌛ Aguardando janela de confirmação de desbloqueio...
2026-01-28 12:42:54,176 - INFO - ⌛ Aguardando janela de confirmação de desbloqueio...
2026-01-28 12:43:04,551 - INFO - 🟨 Registros desbloqueados com sucesso
2026-01-28 12:43:18,102 - INFO - ⌛ Aguardando janela de edição de OS...
2026-01-28 12:43:28,540 - INFO - 🟨 OS programadas detectadas
2026-01-28 12:43:31,691 - INFO - ⌛ Aguardando janela de edição de OS...
2026-01-28 12:43:42,083 - INFO - 🟨 Janela de edição de OS detectada
2026-01-28 12:44:03,441 - INFO - 🟨 Janela de edição de habilidade da turma detectada
2026-01-28 12:44:51,783 - INFO - ⌛ Aguardando detecção do campo de caracteristica 'EQUIPE PRÓPRIA OU EPS' ...
2026-01-28 12:45:04,045 - INFO - ⌛ Aguardando detecção do campo de caracteristica 'EQUIPE PRÓPRIA OU EPS' ...
2026-01-28 12:45:16,299 - INFO - 🟨 campo de caracteristica 'EQUIPE PRÓPRIA OU EPS detectado
2026-01-28 12:45:38,042 - INFO - ⌛ Aguardando confirmação 4 - editar OS...
2026-01-28 12:45:48,419 - INFO - ⌛ Aguardando confirmação 4 - editar OS...
2026-01-28 12:45:58,820 - INFO - ⌛ Aguardando confirmação 4 - editar OS...
2026-01-28 12:46:09,244 - INFO - 🟨 Janela de confirmação 4 de edição de OS detectada
2026-01-28 12:46:49,900 - INFO - ⌛ Aguardando janela de confirmação de programação de OS...
2026-01-28 12:47:00,288 - INFO - 🟨 Janela de confirmação de programação de OS detectada
2026-01-28 12:47:03,609 - INFO - ⌛ aguardando janela de programação de lote de OS...
2026-01-28 12:47:14,106 - INFO - 🟨 Janela de aviso de edição de OS programadas detectada
2026-01-28 12:47:18,378 - INFO - ⌛ aguardando janela de programação de lote de OS...
2026-01-28 12:47:28,909 - INFO - 🟨 Janela de aviso de substituição de lote de OS detectada
2026-01-28 12:47:35,178 - INFO - ⌛ aguardando janela de programação de lote de OS...
2026-01-28 12:47:45,671 - INFO - ⌛ aguardando janela de programação de lote de OS...
2026-01-28 12:47:56,166 - INFO - 🟨 Janela de programação de lote de OS detectada
2026-01-28 12:48:23,626 - INFO - ⌛ aguardando janela de confirmação de programação de lote de OS...
2026-01-28 12:48:34,015 - INFO - 🟨 Janela de confirmação de programação de lote de OS detectada
2026-01-28 12:48:38,298 - INFO - ⌛ aguardando confirmação final de programação do lote
2026-01-28 12:48:48,751 - INFO - ⌛ aguardando confirmação final de programação do lote
2026-01-28 12:48:59,207 - INFO - 🟨 programação do lote 2 efetuado com sucesso
2026-01-28 12:49:09,360 - INFO - 
=== Iniciando lote 3/40 [LM] ===
2026-01-28 12:49:15,737 - INFO - Janela de seleção aberta
2026-01-28 12:49:19,974 - INFO - DEBUG: idx=2, inicio=50, fim=75
2026-01-28 12:49:19,974 - INFO - ✅ 25 OS copiadas para a área de transferência.
2026-01-28 12:49:19,974 - INFO - 📋 Lote 3 copiado.
2026-01-28 12:49:28,305 - INFO - ⌛ Esperando mudança visual...
2026-01-28 12:49:29,322 - INFO - ⌛ Esperando mudança visual...
2026-01-28 12:49:30,337 - INFO - ⌛ Esperando mudança visual...
2026-01-28 12:49:31,353 - INFO - ⌛ Esperando mudança visual...
2026-01-28 12:49:32,355 - INFO - ⌛ Esperando mudança visual...
2026-01-28 12:49:33,378 - INFO - ⌛ Esperando mudança visual...
2026-01-28 12:49:34,383 - INFO - ⌛ Esperando mudança visual...
2026-01-28 12:49:35,400 - INFO - ⌛ Esperando mudança visual...
2026-01-28 12:49:36,432 - INFO - ⌛ Esperando mudança visual...
2026-01-28 12:49:37,447 - INFO - ⌛ Esperando mudança visual...
2026-01-28 12:49:38,463 - INFO - ✅ Tela carregada!
2026-01-28 12:49:48,923 - INFO - ⌛ Aguardando janela de confirmação de desbloqueio...
2026-01-28 12:49:59,271 - INFO - 🟨 Registros desbloqueados com sucesso
2026-01-28 12:50:12,804 - INFO - 🟨 OS programadas detectadas
2026-01-28 12:50:15,973 - INFO - ⌛ Aguardando janela de edição de OS...
2026-01-28 12:50:26,354 - INFO - 🟨 Janela de edição de OS detectada
2026-01-28 12:50:47,718 - INFO - 🟨 Janela de edição de habilidade da turma detectada
2026-01-28 12:51:36,033 - INFO - ⌛ Aguardando detecção do campo de caracteristica 'EQUIPE PRÓPRIA OU EPS' ...
2026-01-28 12:51:48,284 - INFO - ⌛ Aguardando detecção do campo de caracteristica 'EQUIPE PRÓPRIA OU EPS' ...
2026-01-28 12:52:00,549 - INFO - 🟨 campo de caracteristica 'EQUIPE PRÓPRIA OU EPS detectado
2026-01-28 12:52:22,274 - INFO - ⌛ Aguardando confirmação 4 - editar OS...
2026-01-28 12:52:32,633 - INFO - ⌛ Aguardando confirmação 4 - editar OS...
2026-01-28 12:52:43,049 - INFO - ⌛ Aguardando confirmação 4 - editar OS...
2026-01-28 12:52:53,449 - INFO - ⌛ Aguardando confirmação 4 - editar OS...
2026-01-28 12:53:03,911 - INFO - 🟨 Janela de confirmação 4 de edição de OS detectada
2026-01-28 12:53:44,561 - INFO - ⌛ Aguardando janela de confirmação de programação de OS...
2026-01-28 12:53:54,960 - INFO - 🟨 Janela de confirmação de programação de OS detectada
2026-01-28 12:53:58,320 - INFO - ⌛ aguardando janela de programação de lote de OS...
2026-01-28 12:54:08,792 - INFO - 🟨 Janela de aviso de edição de OS programadas detectada
2026-01-28 12:54:13,058 - INFO - ⌛ aguardando janela de programação de lote de OS...
2026-01-28 12:54:23,680 - INFO - 🟨 Janela de aviso de substituição de lote de OS detectada
2026-01-28 12:54:29,942 - INFO - ⌛ aguardando janela de programação de lote de OS...
2026-01-28 12:54:40,395 - INFO - ⌛ aguardando janela de programação de lote de OS...
2026-01-28 12:54:50,867 - INFO - 🟨 Janela de programação de lote de OS detectada
2026-01-28 12:55:18,272 - INFO - ⌛ aguardando janela de confirmação de programação de lote de OS...
2026-01-28 12:55:28,684 - INFO - 🟨 Janela de confirmação de programação de lote de OS detectada
2026-01-28 12:55:32,939 - INFO - ⌛ aguardando confirmação final de programação do lote
2026-01-28 12:55:43,355 - INFO - 🟨 programação do lote 3 efetuado com sucesso
2026-01-28 12:55:53,516 - INFO - 
=== Iniciando lote 4/40 [LM] ===
2026-01-28 12:55:59,875 - INFO - Janela de seleção aberta
2026-01-28 12:56:04,100 - INFO - DEBUG: idx=3, inicio=75, fim=100
2026-01-28 12:56:04,100 - INFO - ✅ 25 OS copiadas para a área de transferência.
2026-01-28 12:56:04,100 - INFO - 📋 Lote 4 copiado.
2026-01-28 12:56:12,440 - INFO - ⌛ Esperando mudança visual...
2026-01-28 12:56:13,457 - INFO - ⌛ Esperando mudança visual...
2026-01-28 12:56:14,472 - INFO - ⌛ Esperando mudança visual...
2026-01-28 12:56:15,488 - INFO - ⌛ Esperando mudança visual...
2026-01-28 12:56:16,504 - INFO - ⌛ Esperando mudança visual...
2026-01-28 12:56:17,525 - INFO - ⌛ Esperando mudança visual...
2026-01-28 12:56:18,538 - INFO - ⌛ Esperando mudança visual...
2026-01-28 12:56:19,551 - INFO - ⌛ Esperando mudança visual...
2026-01-28 12:56:20,567 - INFO - ✅ Tela carregada!
2026-01-28 12:56:31,053 - INFO - ⌛ Aguardando janela de confirmação de desbloqueio...
2026-01-28 12:56:41,454 - INFO - 🟨 Registros desbloqueados com sucesso
2026-01-28 12:56:54,988 - INFO - ⌛ Aguardando janela de edição de OS...
2026-01-28 12:57:05,418 - INFO - 🟨 OS programadas detectadas
2026-01-28 12:57:08,578 - INFO - ⌛ Aguardando janela de edição de OS...
2026-01-28 12:57:18,959 - INFO - 🟨 Janela de edição de OS detectada
2026-01-28 12:57:40,326 - INFO - 🟨 Janela de edição de habilidade da turma detectada
2026-01-28 12:58:28,620 - INFO - ⌛ Aguardando detecção do campo de caracteristica 'EQUIPE PRÓPRIA OU EPS' ...
2026-01-28 12:58:40,881 - INFO - ⌛ Aguardando detecção do campo de caracteristica 'EQUIPE PRÓPRIA OU EPS' ...
2026-01-28 12:58:53,142 - INFO - 🟨 campo de caracteristica 'EQUIPE PRÓPRIA OU EPS detectado
2026-01-28 12:59:14,888 - INFO - ⌛ Aguardando confirmação 4 - editar OS...
2026-01-28 12:59:25,279 - INFO - ⌛ Aguardando confirmação 4 - editar OS...
2026-01-28 12:59:35,640 - INFO - ⌛ Aguardando confirmação 4 - editar OS...
2026-01-28 12:59:46,034 - INFO - 🟨 Janela de confirmação 4 de edição de OS detectada
2026-01-28 13:00:26,673 - INFO - ⌛ Aguardando janela de confirmação de programação de OS...
2026-01-28 13:00:37,020 - INFO - 🟨 Janela de confirmação de programação de OS detectada
2026-01-28 13:00:40,328 - INFO - ⌛ aguardando janela de programação de lote de OS...
2026-01-28 13:00:50,774 - INFO - 🟨 Janela de aviso de edição de OS programadas detectada
2026-01-28 13:00:55,038 - INFO - ⌛ aguardando janela de programação de lote de OS...
2026-01-28 13:01:05,453 - INFO - 🟨 Janela de aviso de substituição de lote de OS detectada
2026-01-28 13:01:11,710 - INFO - ⌛ aguardando janela de programação de lote de OS...
2026-01-28 13:01:22,160 - INFO - ⌛ aguardando janela de programação de lote de OS...
2026-01-28 13:01:32,600 - INFO - ⌛ aguardando janela de programação de lote de OS...
2026-01-28 13:01:43,061 - INFO - 🟨 Janela de programação de lote de OS detectada
2026-01-28 13:02:10,521 - INFO - ⌛ aguardando janela de confirmação de programação de lote de OS...
2026-01-28 13:02:20,900 - INFO - 🟨 Janela de confirmação de programação de lote de OS detectada
2026-01-28 13:02:25,146 - INFO - ⌛ aguardando confirmação final de programação do lote
2026-01-28 13:02:35,616 - INFO - ⌛ aguardando confirmação final de programação do lote
2026-01-28 13:02:46,097 - INFO - 🟨 programação do lote 4 efetuado com sucesso
2026-01-28 13:02:56,274 - INFO - 
=== Iniciando lote 5/40 [LM] ===
2026-01-28 13:03:02,645 - INFO - Janela de seleção aberta
2026-01-28 13:03:06,859 - INFO - DEBUG: idx=4, inicio=100, fim=125
2026-01-28 13:03:06,859 - INFO - ✅ 25 OS copiadas para a área de transferência.
2026-01-28 13:03:06,859 - INFO - 📋 Lote 5 copiado.
2026-01-28 13:03:15,201 - INFO - ⌛ Esperando mudança visual...
2026-01-28 13:03:16,224 - INFO - ⌛ Esperando mudança visual...
2026-01-28 13:03:17,240 - INFO - ⌛ Esperando mudança visual...
2026-01-28 13:03:18,255 - INFO - ⌛ Esperando mudança visual...
2026-01-28 13:03:19,270 - INFO - ⌛ Esperando mudança visual...
2026-01-28 13:03:20,286 - INFO - ⌛ Esperando mudança visual...
2026-01-28 13:03:21,302 - INFO - ⌛ Esperando mudança visual...
2026-01-28 13:03:22,320 - INFO - ⌛ Esperando mudança visual...
2026-01-28 13:03:23,333 - INFO - ⌛ Esperando mudança visual...
2026-01-28 13:03:24,339 - INFO - ✅ Tela carregada!
2026-01-28 13:03:34,841 - INFO - ⌛ Aguardando janela de confirmação de desbloqueio...
2026-01-28 13:03:45,281 - INFO - 🟨 Registros desbloqueados com sucesso
2026-01-28 13:03:58,839 - INFO - ⌛ Aguardando janela de edição de OS...
2026-01-28 13:04:09,245 - INFO - 🟨 OS programadas detectadas
2026-01-28 13:04:12,395 - INFO - ⌛ Aguardando janela de edição de OS...
2026-01-28 13:04:22,799 - INFO - 🟨 Janela de edição de OS detectada
2026-01-28 13:04:44,159 - INFO - 🟨 Janela de edição de habilidade da turma detectada
2026-01-28 13:05:32,496 - INFO - ⌛ Aguardando detecção do campo de caracteristica 'EQUIPE PRÓPRIA OU EPS' ...
2026-01-28 13:05:44,754 - INFO - ⌛ Aguardando detecção do campo de caracteristica 'EQUIPE PRÓPRIA OU EPS' ...
2026-01-28 13:05:57,008 - INFO - 🟨 campo de caracteristica 'EQUIPE PRÓPRIA OU EPS detectado
2026-01-28 13:06:18,794 - INFO - ⌛ Aguardando confirmação 4 - editar OS...
2026-01-28 13:06:29,159 - INFO - ⌛ Aguardando confirmação 4 - editar OS...
2026-01-28 13:06:39,574 - INFO - ⌛ Aguardando confirmação 4 - editar OS...
2026-01-28 13:06:49,991 - INFO - 🟨 Janela de confirmação 4 de edição de OS detectada
2026-01-28 13:07:30,649 - INFO - ⌛ Aguardando janela de confirmação de programação de OS...
2026-01-28 13:07:41,021 - INFO - 🟨 Janela de confirmação de programação de OS detectada
2026-01-28 13:07:44,339 - INFO - ⌛ aguardando janela de programação de lote de OS...
2026-01-28 13:07:54,770 - INFO - 🟨 Janela de aviso de edição de OS programadas detectada
2026-01-28 13:07:59,045 - INFO - ⌛ aguardando janela de programação de lote de OS...
2026-01-28 13:08:09,511 - INFO - 🟨 Janela de aviso de substituição de lote de OS detectada
2026-01-28 13:08:15,777 - INFO - ⌛ aguardando janela de programação de lote de OS...
2026-01-28 13:08:26,236 - INFO - ⌛ aguardando janela de programação de lote de OS...
2026-01-28 13:08:36,750 - INFO - 🟨 Janela de programação de lote de OS detectada
2026-01-28 13:09:04,183 - INFO - ⌛ aguardando janela de confirmação de programação de lote de OS...
2026-01-28 13:09:14,579 - INFO - 🟨 Janela de confirmação de programação de lote de OS detectada
2026-01-28 13:09:18,895 - INFO - ⌛ aguardando confirmação final de programação do lote
2026-01-28 13:09:29,374 - INFO - ⌛ aguardando confirmação final de programação do lote
2026-01-28 13:09:39,882 - INFO - 🟨 programação do lote 5 efetuado com sucesso
2026-01-28 13:09:50,046 - INFO - 
=== Iniciando lote 6/40 [LM] ===
2026-01-28 13:09:56,402 - INFO - Janela de seleção aberta
2026-01-28 13:10:00,639 - INFO - DEBUG: idx=5, inicio=125, fim=150
2026-01-28 13:10:00,639 - INFO - ✅ 25 OS copiadas para a área de transferência.
2026-01-28 13:10:00,639 - INFO - 📋 Lote 6 copiado.
2026-01-28 13:10:08,968 - INFO - ⌛ Esperando mudança visual...
2026-01-28 13:10:09,986 - INFO - ⌛ Esperando mudança visual...
2026-01-28 13:10:10,998 - INFO - ⌛ Esperando mudança visual...
2026-01-28 13:10:12,014 - INFO - ⌛ Esperando mudança visual...
2026-01-28 13:10:13,030 - INFO - ⌛ Esperando mudança visual...
2026-01-28 13:10:14,045 - INFO - ⌛ Esperando mudança visual...
2026-01-28 13:10:15,048 - INFO - ⌛ Esperando mudança visual...
2026-01-28 13:10:16,061 - INFO - ⌛ Esperando mudança visual...
2026-01-28 13:10:17,076 - INFO - ⌛ Esperando mudança visual...
2026-01-28 13:10:18,095 - INFO - ✅ Tela carregada!
2026-01-28 13:10:28,567 - INFO - ⌛ Aguardando janela de confirmação de desbloqueio...
2026-01-28 13:10:38,948 - INFO - ⌛ Aguardando janela de confirmação de desbloqueio...
2026-01-28 13:10:49,331 - INFO - 🟨 Registros desbloqueados com sucesso
2026-01-28 13:11:02,909 - INFO - ⌛ Aguardando janela de edição de OS...
2026-01-28 13:11:13,349 - INFO - 🟨 OS programadas detectadas
2026-01-28 13:11:16,520 - INFO - ⌛ Aguardando janela de edição de OS...
2026-01-28 13:11:26,947 - INFO - 🟨 Janela de edição de OS detectada
2026-01-28 13:11:48,304 - INFO - 🟨 Janela de edição de habilidade da turma detectada
2026-01-28 13:12:36,634 - INFO - ⌛ Aguardando detecção do campo de caracteristica 'EQUIPE PRÓPRIA OU EPS' ...
2026-01-28 13:12:48,891 - INFO - ⌛ Aguardando detecção do campo de caracteristica 'EQUIPE PRÓPRIA OU EPS' ...
2026-01-28 13:13:01,142 - INFO - 🟨 campo de caracteristica 'EQUIPE PRÓPRIA OU EPS detectado
2026-01-28 13:13:22,892 - INFO - ⌛ Aguardando confirmação 4 - editar OS...
2026-01-28 13:13:33,255 - INFO - ⌛ Aguardando confirmação 4 - editar OS...
2026-01-28 13:13:43,631 - INFO - ⌛ Aguardando confirmação 4 - editar OS...
2026-01-28 13:13:54,008 - INFO - 🟨 Janela de confirmação 4 de edição de OS detectada
2026-01-28 13:14:34,648 - INFO - ⌛ Aguardando janela de confirmação de programação de OS...
2026-01-28 13:14:45,013 - INFO - 🟨 Janela de confirmação de programação de OS detectada
2026-01-28 13:14:48,315 - INFO - ⌛ aguardando janela de programação de lote de OS...
2026-01-28 13:14:58,747 - INFO - 🟨 Janela de aviso de edição de OS programadas detectada
2026-01-28 13:15:03,027 - INFO - ⌛ aguardando janela de programação de lote de OS...
2026-01-28 13:15:13,528 - INFO - 🟨 Janela de aviso de substituição de lote de OS detectada
2026-01-28 13:15:19,793 - INFO - ⌛ aguardando janela de programação de lote de OS...
2026-01-28 13:15:30,248 - INFO - ⌛ aguardando janela de programação de lote de OS...
2026-01-28 13:15:40,766 - INFO - 🟨 Janela de programação de lote de OS detectada
2026-01-28 13:16:08,203 - INFO - ⌛ aguardando janela de confirmação de programação de lote de OS...
2026-01-28 13:16:18,585 - INFO - 🟨 Janela de confirmação de programação de lote de OS detectada
2026-01-28 13:16:22,872 - INFO - ⌛ aguardando confirmação final de programação do lote
2026-01-28 13:16:33,324 - INFO - ⌛ aguardando confirmação final de programação do lote
2026-01-28 13:16:43,794 - INFO - 🟨 programação do lote 6 efetuado com sucesso
2026-01-28 13:16:53,959 - INFO - 
=== Iniciando lote 7/40 [LM] ===
2026-01-28 13:17:00,314 - INFO - Janela de seleção aberta
2026-01-28 13:17:04,549 - INFO - DEBUG: idx=6, inicio=150, fim=175
2026-01-28 13:17:04,549 - INFO - ✅ 25 OS copiadas para a área de transferência.
2026-01-28 13:17:04,549 - INFO - 📋 Lote 7 copiado.
2026-01-28 13:17:12,880 - INFO - ⌛ Esperando mudança visual...
2026-01-28 13:17:13,899 - INFO - ⌛ Esperando mudança visual...
2026-01-28 13:17:14,915 - INFO - ⌛ Esperando mudança visual...
2026-01-28 13:17:15,930 - INFO - ⌛ Esperando mudança visual...
2026-01-28 13:17:16,950 - INFO - ⌛ Esperando mudança visual...
2026-01-28 13:17:17,964 - INFO - ⌛ Esperando mudança visual...
2026-01-28 13:17:18,977 - INFO - ⌛ Esperando mudança visual...
2026-01-28 13:17:19,993 - INFO - ⌛ Esperando mudança visual...
2026-01-28 13:17:21,008 - INFO - ✅ Tela carregada!
2026-01-28 13:17:31,476 - INFO - ⌛ Aguardando janela de confirmação de desbloqueio...
2026-01-28 13:17:41,882 - INFO - 🟨 Registros desbloqueados com sucesso
2026-01-28 13:17:55,419 - INFO - ⌛ Aguardando janela de edição de OS...
2026-01-28 13:18:05,863 - INFO - 🟨 OS programadas detectadas
2026-01-28 13:18:09,030 - INFO - ⌛ Aguardando janela de edição de OS...
2026-01-28 13:18:19,458 - INFO - 🟨 Janela de edição de OS detectada
2026-01-28 13:18:40,837 - INFO - 🟨 Janela de edição de habilidade da turma detectada
2026-01-28 13:19:29,155 - INFO - ⌛ Aguardando detecção do campo de caracteristica 'EQUIPE PRÓPRIA OU EPS' ...
2026-01-28 13:19:41,411 - INFO - ⌛ Aguardando detecção do campo de caracteristica 'EQUIPE PRÓPRIA OU EPS' ...
2026-01-28 13:19:53,666 - INFO - 🟨 campo de caracteristica 'EQUIPE PRÓPRIA OU EPS detectado
2026-01-28 13:20:15,403 - INFO - ⌛ Aguardando confirmação 4 - editar OS...
2026-01-28 13:20:25,780 - INFO - ⌛ Aguardando confirmação 4 - editar OS...
2026-01-28 13:20:36,172 - INFO - ⌛ Aguardando confirmação 4 - editar OS...
2026-01-28 13:20:46,582 - INFO - 🟨 Janela de confirmação 4 de edição de OS detectada
2026-01-28 13:21:27,209 - INFO - ⌛ Aguardando janela de confirmação de programação de OS...
2026-01-28 13:21:37,587 - INFO - 🟨 Janela de confirmação de programação de OS detectada
2026-01-28 13:21:40,901 - INFO - ⌛ aguardando janela de programação de lote de OS...
2026-01-28 13:21:51,381 - INFO - 🟨 Janela de aviso de edição de OS programadas detectada
2026-01-28 13:21:55,689 - INFO - ⌛ aguardando janela de programação de lote de OS...
2026-01-28 13:22:06,190 - INFO - 🟨 Janela de aviso de substituição de lote de OS detectada
2026-01-28 13:22:12,452 - INFO - ⌛ aguardando janela de programação de lote de OS...
2026-01-28 13:22:22,901 - INFO - ⌛ aguardando janela de programação de lote de OS...
2026-01-28 13:22:33,360 - INFO - 🟨 Janela de programação de lote de OS detectada
2026-01-28 13:23:00,815 - INFO - ⌛ aguardando janela de confirmação de programação de lote de OS...
2026-01-28 13:23:11,171 - INFO - 🟨 Janela de confirmação de programação de lote de OS detectada
2026-01-28 13:23:15,420 - INFO - ⌛ aguardando confirmação final de programação do lote
2026-01-28 13:23:25,819 - INFO - ⌛ aguardando confirmação final de programação do lote
2026-01-28 13:23:36,245 - INFO - 🟨 programação do lote 7 efetuado com sucesso
2026-01-28 13:23:46,400 - INFO - 
=== Iniciando lote 8/40 [LM] ===
2026-01-28 13:23:52,755 - INFO - Janela de seleção aberta
2026-01-28 13:23:56,993 - INFO - DEBUG: idx=7, inicio=175, fim=200
2026-01-28 13:23:56,993 - INFO - ✅ 25 OS copiadas para a área de transferência.
2026-01-28 13:23:56,993 - INFO - 📋 Lote 8 copiado.
2026-01-28 13:24:05,324 - INFO - ⌛ Esperando mudança visual...
2026-01-28 13:24:06,345 - INFO - ⌛ Esperando mudança visual...
2026-01-28 13:24:07,358 - INFO - ⌛ Esperando mudança visual...
2026-01-28 13:24:08,374 - INFO - ⌛ Esperando mudança visual...
2026-01-28 13:24:09,390 - INFO - ⌛ Esperando mudança visual...
2026-01-28 13:24:10,393 - INFO - ⌛ Esperando mudança visual...
2026-01-28 13:24:11,406 - INFO - ⌛ Esperando mudança visual...
2026-01-28 13:24:12,420 - INFO - ⌛ Esperando mudança visual...
2026-01-28 13:24:13,424 - INFO - ⌛ Esperando mudança visual...
2026-01-28 13:24:14,449 - INFO - ⌛ Esperando mudança visual...
2026-01-28 13:24:15,466 - INFO - ✅ Tela carregada!
2026-01-28 13:24:25,927 - INFO - ⌛ Aguardando janela de confirmação de desbloqueio...
2026-01-28 13:24:36,282 - INFO - ⌛ Aguardando janela de confirmação de desbloqueio...
2026-01-28 13:24:46,677 - INFO - 🟨 Registros desbloqueados com sucesso
2026-01-28 13:25:00,192 - INFO - 🟨 OS programadas detectadas
2026-01-28 13:25:03,370 - INFO - ⌛ Aguardando janela de edição de OS...
2026-01-28 13:25:13,811 - INFO - 🟨 Janela de edição de OS detectada
2026-01-28 13:25:35,167 - INFO - 🟨 Janela de edição de habilidade da turma detectada
2026-01-28 13:26:23,472 - INFO - ⌛ Aguardando detecção do campo de caracteristica 'EQUIPE PRÓPRIA OU EPS' ...
2026-01-28 13:26:35,737 - INFO - ⌛ Aguardando detecção do campo de caracteristica 'EQUIPE PRÓPRIA OU EPS' ...
2026-01-28 13:26:48,003 - INFO - 🟨 campo de caracteristica 'EQUIPE PRÓPRIA OU EPS detectado
2026-01-28 13:27:09,760 - INFO - ⌛ Aguardando confirmação 4 - editar OS...
2026-01-28 13:27:20,150 - INFO - ⌛ Aguardando confirmação 4 - editar OS...
2026-01-28 13:27:30,538 - INFO - ⌛ Aguardando confirmação 4 - editar OS...
2026-01-28 13:27:40,965 - INFO - 🟨 Janela de confirmação 4 de edição de OS detectada
2026-01-28 13:28:21,616 - INFO - ⌛ Aguardando janela de confirmação de programação de OS...
2026-01-28 13:28:31,968 - INFO - 🟨 Janela de confirmação de programação de OS detectada
2026-01-28 13:28:35,309 - INFO - ⌛ aguardando janela de programação de lote de OS...
2026-01-28 13:28:45,763 - INFO - 🟨 Janela de aviso de edição de OS programadas detectada
2026-01-28 13:28:50,029 - INFO - ⌛ aguardando janela de programação de lote de OS...
2026-01-28 13:29:00,498 - INFO - 🟨 Janela de aviso de substituição de lote de OS detectada
2026-01-28 13:29:06,762 - INFO - ⌛ aguardando janela de programação de lote de OS...
2026-01-28 13:29:17,286 - INFO - ⌛ aguardando janela de programação de lote de OS...
2026-01-28 13:29:27,816 - INFO - 🟨 Janela de programação de lote de OS detectada
2026-01-28 13:29:55,217 - INFO - ⌛ aguardando janela de confirmação de programação de lote de OS...
2026-01-28 13:30:05,611 - INFO - 🟨 Janela de confirmação de programação de lote de OS detectada
2026-01-28 13:30:09,886 - INFO - ⌛ aguardando confirmação final de programação do lote
2026-01-28 13:30:20,321 - INFO - ⌛ aguardando confirmação final de programação do lote
2026-01-28 13:30:30,808 - INFO - 🟨 programação do lote 8 efetuado com sucesso
2026-01-28 13:30:40,975 - INFO - 
=== Iniciando lote 9/40 [LM] ===
2026-01-28 13:30:47,336 - INFO - Janela de seleção aberta
2026-01-28 13:30:51,569 - INFO - DEBUG: idx=8, inicio=200, fim=225
2026-01-28 13:30:51,569 - INFO - ✅ 25 OS copiadas para a área de transferência.
2026-01-28 13:30:51,569 - INFO - 📋 Lote 9 copiado.
2026-01-28 13:30:59,894 - INFO - ⌛ Esperando mudança visual...
2026-01-28 13:31:00,901 - INFO - ⌛ Esperando mudança visual...
2026-01-28 13:31:01,917 - INFO - ⌛ Esperando mudança visual...
2026-01-28 13:31:02,935 - INFO - ⌛ Esperando mudança visual...
2026-01-28 13:31:03,936 - INFO - ⌛ Esperando mudança visual...
2026-01-28 13:31:04,963 - INFO - ⌛ Esperando mudança visual...
2026-01-28 13:31:05,979 - INFO - ⌛ Esperando mudança visual...
2026-01-28 13:31:06,997 - INFO - ⌛ Esperando mudança visual...
2026-01-28 13:31:08,012 - INFO - ⌛ Esperando mudança visual...
2026-01-28 13:31:09,028 - INFO - ⌛ Esperando mudança visual...
2026-01-28 13:31:10,045 - INFO - ✅ Tela carregada!
2026-01-28 13:31:20,515 - INFO - ⌛ Aguardando janela de confirmação de desbloqueio...
2026-01-28 13:31:30,895 - INFO - 🟨 Registros desbloqueados com sucesso
2026-01-28 13:31:44,421 - INFO - 🟨 OS programadas detectadas
2026-01-28 13:31:47,587 - INFO - ⌛ Aguardando janela de edição de OS...
2026-01-28 13:31:58,045 - INFO - 🟨 Janela de edição de OS detectada
2026-01-28 13:32:19,409 - INFO - 🟨 Janela de edição de habilidade da turma detectada
2026-01-28 13:33:07,755 - INFO - ⌛ Aguardando detecção do campo de caracteristica 'EQUIPE PRÓPRIA OU EPS' ...
2026-01-28 13:33:19,997 - INFO - ⌛ Aguardando detecção do campo de caracteristica 'EQUIPE PRÓPRIA OU EPS' ...
2026-01-28 13:33:32,250 - INFO - 🟨 campo de caracteristica 'EQUIPE PRÓPRIA OU EPS detectado
2026-01-28 13:33:54,016 - INFO - ⌛ Aguardando confirmação 4 - editar OS...
2026-01-28 13:34:04,448 - INFO - ⌛ Aguardando confirmação 4 - editar OS...
2026-01-28 13:34:14,857 - INFO - ⌛ Aguardando confirmação 4 - editar OS...
2026-01-28 13:34:25,253 - INFO - 🟨 Janela de confirmação 4 de edição de OS detectada
2026-01-28 13:35:05,900 - INFO - ⌛ Aguardando janela de confirmação de programação de OS...
2026-01-28 13:35:16,264 - INFO - 🟨 Janela de confirmação de programação de OS detectada
2026-01-28 13:35:19,650 - INFO - ⌛ aguardando janela de programação de lote de OS...
2026-01-28 13:35:30,124 - INFO - 🟨 Janela de aviso de edição de OS programadas detectada
2026-01-28 13:35:34,379 - INFO - ⌛ aguardando janela de programação de lote de OS...
2026-01-28 13:35:44,869 - INFO - 🟨 Janela de aviso de substituição de lote de OS detectada
2026-01-28 13:35:51,129 - INFO - ⌛ aguardando janela de programação de lote de OS...
2026-01-28 13:36:01,603 - INFO - ⌛ aguardando janela de programação de lote de OS...
2026-01-28 13:36:12,096 - INFO - 🟨 Janela de programação de lote de OS detectada
2026-01-28 13:36:39,572 - INFO - ⌛ aguardando janela de confirmação de programação de lote de OS...
2026-01-28 13:36:49,914 - INFO - 🟨 Janela de confirmação de programação de lote de OS detectada
2026-01-28 13:36:54,244 - INFO - ⌛ aguardando confirmação final de programação do lote
2026-01-28 13:37:04,757 - INFO - 🟨 programação do lote 9 efetuado com sucesso
2026-01-28 13:37:14,939 - INFO - 
=== Iniciando lote 10/40 [LM] ===
2026-01-28 13:37:21,308 - INFO - Janela de seleção aberta
2026-01-28 13:37:25,535 - INFO - DEBUG: idx=9, inicio=225, fim=250
2026-01-28 13:37:25,535 - INFO - ✅ 25 OS copiadas para a área de transferência.
2026-01-28 13:37:25,535 - INFO - 📋 Lote 10 copiado.
2026-01-28 13:37:33,857 - INFO - ⌛ Esperando mudança visual...
2026-01-28 13:37:34,863 - INFO - ⌛ Esperando mudança visual...
2026-01-28 13:37:35,879 - INFO - ⌛ Esperando mudança visual...
2026-01-28 13:37:36,895 - INFO - ⌛ Esperando mudança visual...
2026-01-28 13:37:37,910 - INFO - ⌛ Esperando mudança visual...
2026-01-28 13:37:38,927 - INFO - ⌛ Esperando mudança visual...
2026-01-28 13:37:39,942 - INFO - ⌛ Esperando mudança visual...
2026-01-28 13:37:40,959 - INFO - ⌛ Esperando mudança visual...
2026-01-28 13:37:41,973 - INFO - ✅ Tela carregada!
2026-01-28 13:37:52,462 - INFO - ⌛ Aguardando janela de confirmação de desbloqueio...
2026-01-28 13:38:02,844 - INFO - ⌛ Aguardando janela de confirmação de desbloqueio...
2026-01-28 14:09:05,698 - INFO - Data hoje: 28/01/2026
2026-01-28 14:09:05,698 - INFO - Data de referência: 31/01/2026
2026-01-28 14:10:09,367 - INFO - 
Qtde OS de LINHA VIVA: 2786
2026-01-28 14:10:09,367 - INFO - Qtde OS poda de LINHA MORTA: 985
2026-01-28 14:10:09,367 - INFO - 
Qtde OS estrutural de LINHA MORTA : 29
2026-01-28 14:10:09,367 - INFO - Qtde OS poda de LINHA MORTA fora carteira: 1412
2026-01-28 14:10:09,367 - INFO - Qtde OS para desprogramar: 7160
2026-01-28 14:10:09,367 - INFO - 
 Qtd de lotes de LM: 40
2026-01-28 14:10:09,367 - INFO - 
 Qtd de lotes de LV: 112
2026-01-28 14:10:09,367 - INFO - 
 Qtd de lotes de ESTRUTURAL LM: 2
2026-01-28 14:10:09,367 - INFO - 
 Qtd de lotes de LEVE: 57
2026-01-28 14:10:09,367 - INFO - 
 Qtd de lotes para desprogramar: 287
2026-01-28 14:10:09,367 - INFO - 
=== Iniciando lote 1/57 [LEVE] ===
2026-01-28 14:10:15,782 - INFO - Janela de seleção aberta
2026-01-28 14:10:20,033 - INFO - DEBUG: idx=0, inicio=0, fim=25
2026-01-28 14:10:20,033 - INFO - ✅ 25 OS copiadas para a área de transferência.
2026-01-28 14:10:20,033 - INFO - 📋 Lote 1 copiado.
2026-01-28 14:10:28,365 - INFO - ⌛ Esperando mudança visual...
2026-01-28 14:10:29,382 - INFO - ⌛ Esperando mudança visual...
2026-01-28 14:10:30,398 - INFO - ⌛ Esperando mudança visual...
2026-01-28 14:10:31,414 - INFO - ⌛ Esperando mudança visual...
2026-01-28 14:10:32,429 - INFO - ⌛ Esperando mudança visual...
2026-01-28 14:10:33,448 - INFO - ⌛ Esperando mudança visual...
2026-01-28 14:10:34,458 - INFO - ⌛ Esperando mudança visual...
2026-01-28 14:10:35,478 - INFO - ⌛ Esperando mudança visual...
2026-01-28 14:10:36,508 - INFO - ⌛ Esperando mudança visual...
2026-01-28 14:10:37,522 - INFO - ⌛ Esperando mudança visual...
2026-01-28 14:10:38,539 - INFO - ⌛ Esperando mudança visual...
2026-01-28 14:10:39,557 - INFO - ⌛ Esperando mudança visual...
2026-01-28 14:10:40,581 - INFO - ✅ Tela carregada!
2026-01-28 14:10:51,059 - INFO - ⌛ Aguardando janela de confirmação de desbloqueio...
2026-01-28 14:11:01,415 - INFO - ⌛ Aguardando janela de confirmação de desbloqueio...
2026-01-28 14:11:11,794 - INFO - 🟨 Registros desbloqueados com sucesso
2026-01-28 14:11:25,330 - INFO - ⌛ Aguardando janela de edição de OS...
2026-01-28 14:11:40,739 - INFO - 🟨 Janela de edição de OS detectada
2026-01-28 14:12:02,103 - INFO - 🟨 Janela de edição de habilidade da turma detectada
2026-01-28 14:12:50,444 - INFO - ⌛ Aguardando detecção do campo de caracteristica 'EQUIPE PRÓPRIA OU EPS' ...
2026-01-28 14:13:09,802 - INFO - 🟨 campo de caracteristica 'EQUIPE PRÓPRIA OU EPS detectado
2026-01-28 14:13:31,560 - INFO - ⌛ Aguardando confirmação 4 - editar OS...
2026-01-28 14:13:46,967 - INFO - ⌛ Aguardando confirmação 4 - editar OS...
2026-01-28 14:14:02,390 - INFO - ⌛ Aguardando confirmação 4 - editar OS...
2026-01-28 14:14:17,780 - INFO - ⌛ Aguardando confirmação 4 - editar OS...
2026-01-28 14:23:15,163 - INFO - Data hoje: 28/01/2026
2026-01-28 14:23:15,164 - INFO - Data de referência: 31/01/2026
2026-01-28 14:24:26,943 - INFO - 
Qtde OS de LINHA VIVA: 2785
2026-01-28 14:24:26,943 - INFO - Qtde OS poda de LINHA MORTA: 985
2026-01-28 14:24:26,943 - INFO - 
Qtde OS estrutural de LINHA MORTA : 0
2026-01-28 14:24:26,943 - INFO - Qtde OS poda de LINHA MORTA fora carteira: 1396
2026-01-28 14:24:26,943 - INFO - Qtde OS para desprogramar: 811
2026-01-28 14:24:26,943 - INFO - 
 Qtd de lotes de LM: 40
2026-01-28 14:24:26,943 - INFO - 
 Qtd de lotes de LV: 112
2026-01-28 14:24:26,943 - INFO - 
 Qtd de lotes de ESTRUTURAL LM: 0
2026-01-28 14:24:26,943 - INFO - 
 Qtd de lotes de LEVE: 56
2026-01-28 14:24:26,943 - INFO - 
 Qtd de lotes para desprogramar: 33
2026-01-28 14:24:26,943 - INFO - 
=== Iniciando lote 1/56 [LEVE] ===
2026-01-28 14:24:33,362 - INFO - Janela de seleção aberta
2026-01-28 14:24:37,590 - INFO - DEBUG: idx=0, inicio=0, fim=25
2026-01-28 14:24:37,590 - INFO - ✅ 25 OS copiadas para a área de transferência.
2026-01-28 14:24:37,590 - INFO - 📋 Lote 1 copiado.
2026-01-28 14:31:26,986 - INFO - Data hoje: 28/01/2026
2026-01-28 14:31:26,987 - INFO - Data de referência: 31/01/2026
2026-01-28 14:32:27,051 - INFO - 
Qtde OS de LINHA VIVA: 2785
2026-01-28 14:32:27,051 - INFO - Qtde OS poda de LINHA MORTA: 985
2026-01-28 14:32:27,051 - INFO - 
Qtde OS estrutural de LINHA MORTA : 12
2026-01-28 14:32:27,051 - INFO - Qtde OS poda de LINHA MORTA fora carteira: 1396
2026-01-28 14:32:27,051 - INFO - Qtde OS para desprogramar: 811
2026-01-28 14:32:27,051 - INFO - 
 Qtd de lotes de LM: 40
2026-01-28 14:32:27,051 - INFO - 
 Qtd de lotes de LV: 112
2026-01-28 14:32:27,051 - INFO - 
 Qtd de lotes de ESTRUTURAL LM: 1
2026-01-28 14:32:27,051 - INFO - 
 Qtd de lotes de LEVE: 56
2026-01-28 14:32:27,051 - INFO - 
 Qtd de lotes para desprogramar: 33
2026-01-28 14:32:27,051 - INFO - 
=== Iniciando lote 1/56 [LEVE] ===
2026-01-28 14:32:33,427 - INFO - Janela de seleção aberta
2026-01-28 14:32:37,672 - INFO - DEBUG: idx=0, inicio=0, fim=25
2026-01-28 14:32:37,672 - INFO - ✅ 25 OS copiadas para a área de transferência.
2026-01-28 14:32:37,672 - INFO - 📋 Lote 1 copiado.
2026-01-28 14:32:46,011 - INFO - ⌛ Esperando mudança visual...
2026-01-28 14:56:44,807 - INFO - Data hoje: 28/01/2026
2026-01-28 14:56:44,807 - INFO - Data de referência: 31/01/2026
2026-01-28 14:58:34,553 - INFO - 
Qtde OS de LINHA VIVA: 679
2026-01-28 14:58:34,557 - INFO - Qtde OS poda de LINHA MORTA: 117
2026-01-28 14:58:34,557 - INFO - 
Qtde OS estrutural de LINHA MORTA : 7
2026-01-28 14:58:34,557 - INFO - Qtde OS poda de LINHA MORTA fora carteira: 1108
2026-01-28 14:58:34,557 - INFO - Qtde OS para desprogramar: 110965
2026-01-28 14:58:34,557 - INFO - 
 Qtd de lotes de LM: 5
2026-01-28 14:58:34,557 - INFO - 
 Qtd de lotes de LV: 28
2026-01-28 14:58:34,557 - INFO - 
 Qtd de lotes de ESTRUTURAL LM: 1
2026-01-28 14:58:34,557 - INFO - 
 Qtd de lotes de LEVE: 45
2026-01-28 14:58:34,557 - INFO - 
 Qtd de lotes para desprogramar: 4439
2026-01-28 14:58:34,557 - INFO - 
=== Iniciando lote 1/45 [LEVE] ===
2026-01-28 16:22:58,032 - INFO - Data hoje: 28/01/2026
2026-01-28 16:22:58,032 - INFO - Data de referência: 31/01/2026
2026-01-28 16:25:35,789 - INFO - 
Qtde OS de LINHA VIVA: 2659
2026-01-28 16:25:35,789 - INFO - Qtde OS poda de LINHA MORTA: 924
2026-01-28 16:25:35,789 - INFO - 
Qtde OS estrutural de LINHA MORTA : 23
2026-01-28 16:25:35,789 - INFO - Qtde OS poda de LINHA MORTA fora carteira: 1379
2026-01-28 16:25:35,789 - INFO - Qtde OS para desprogramar: 110090
2026-01-28 16:25:35,789 - INFO - 
 Qtd de lotes de LM: 37
2026-01-28 16:25:35,789 - INFO - 
 Qtd de lotes de LV: 107
2026-01-28 16:25:35,789 - INFO - 
 Qtd de lotes de ESTRUTURAL LM: 1
2026-01-28 16:25:35,789 - INFO - 
 Qtd de lotes de LEVE: 56
2026-01-28 16:25:35,789 - INFO - 
 Qtd de lotes para desprogramar: 4404
2026-01-28 16:25:35,789 - INFO - 
=== Iniciando lote 1/1 [REDES] ===
2026-01-28 16:25:42,377 - INFO - Janela de seleção aberta
2026-01-28 16:25:46,697 - INFO - DEBUG: idx=0, inicio=0, fim=25
2026-01-28 16:25:46,709 - INFO - ✅ 23 OS copiadas para a área de transferência.
2026-01-28 16:25:46,709 - INFO - 📋 Lote 1 copiado.
2026-01-28 16:25:55,032 - INFO - ⌛ Esperando mudança visual...
2026-01-28 16:25:56,044 - INFO - ⌛ Esperando mudança visual...
2026-01-28 16:25:57,068 - INFO - ⌛ Esperando mudança visual...
2026-01-28 16:25:58,076 - INFO - ⌛ Esperando mudança visual...
2026-01-28 16:25:59,089 - INFO - ⌛ Esperando mudança visual...
2026-01-28 16:26:00,106 - INFO - ⌛ Esperando mudança visual...
2026-01-28 16:26:01,114 - INFO - ✅ Tela carregada!
2026-01-28 16:26:11,756 - INFO - ⌛ Aguardando janela de confirmação de desbloqueio...
2026-01-28 16:26:22,665 - INFO - 🟨 Registros desbloqueados com sucesso
2026-01-28 16:26:36,502 - INFO - 🟨 OS programadas detectadas
2026-01-28 16:26:39,838 - INFO - ⌛ Aguardando janela de edição de OS...
2026-01-28 16:26:56,084 - INFO - 🟨 Janela de edição de OS detectada
2026-01-28 16:27:17,593 - INFO - 🟨 Janela de edição de habilidade da turma detectada
2026-01-28 16:28:06,074 - INFO - ⌛ Aguardando detecção do campo de caracteristica 'EQUIPE PRÓPRIA OU EPS' ...
2026-01-28 16:28:25,541 - INFO - 🟨 campo de caracteristica 'EQUIPE PRÓPRIA OU EPS detectado
2026-01-28 16:28:47,543 - INFO - ⌛ Aguardando confirmação 4 - editar OS...
2026-01-28 16:29:03,583 - INFO - ⌛ Aguardando confirmação 4 - editar OS...
2026-01-28 16:29:19,516 - INFO - 🟨 Janela de confirmação 4 de edição de OS detectada
2026-01-28 16:30:00,574 - INFO - ⌛ Aguardando janela de confirmação de programação de OS...
2026-01-28 16:30:11,442 - INFO - ⌛ Aguardando janela de confirmação de programação de OS...
2026-01-28 16:30:22,277 - INFO - ⌛ Aguardando janela de confirmação de programação de OS...
2026-01-28 16:30:33,134 - INFO - ⌛ Aguardando janela de confirmação de programação de OS...
2026-01-28 17:03:02,495 - INFO - Data hoje: 28/01/2026
2026-01-28 17:03:02,495 - INFO - Data de referência: 31/01/2026
2026-01-28 17:03:46,467 - INFO - Data hoje: 28/01/2026
2026-01-28 17:03:46,467 - INFO - Data de referência: 31/01/2026
2026-01-28 17:07:41,315 - INFO - 
Qtde OS de LINHA VIVA: 1233
2026-01-28 17:07:41,315 - INFO - Qtde OS poda de LINHA MORTA: 242
2026-01-28 17:07:41,315 - INFO - 
Qtde OS estrutural de LINHA MORTA : 15
2026-01-28 17:07:41,315 - INFO - Qtde OS poda de LINHA MORTA fora carteira: 1306
2026-01-28 17:07:41,315 - INFO - Qtde OS para desprogramar: 110215
2026-01-28 17:07:41,315 - INFO - 
 Qtd de lotes de LM: 10
2026-01-28 17:07:41,315 - INFO - 
 Qtd de lotes de LV: 50
2026-01-28 17:07:41,315 - INFO - 
 Qtd de lotes de ESTRUTURAL LM: 1
2026-01-28 17:07:41,315 - INFO - 
 Qtd de lotes de LEVE: 53
2026-01-28 17:07:41,315 - INFO - 
 Qtd de lotes para desprogramar: 4409
2026-01-28 17:07:41,315 - INFO - 
=== Iniciando lote 1/1 [REDES] ===
2026-01-28 17:07:47,968 - INFO - Janela de seleção aberta
2026-01-28 17:07:52,289 - INFO - DEBUG: idx=0, inicio=0, fim=25
2026-01-28 17:07:52,289 - INFO - ✅ 15 OS copiadas para a área de transferência.
2026-01-28 17:07:52,289 - INFO - 📋 Lote 1 copiado.
2026-01-28 17:08:00,621 - INFO - ⌛ Esperando mudança visual...
2026-01-28 17:08:01,627 - INFO - ⌛ Esperando mudança visual...
2026-01-28 17:08:02,635 - INFO - ⌛ Esperando mudança visual...
2026-01-28 17:08:03,658 - INFO - ⌛ Esperando mudança visual...
2026-01-28 17:08:04,692 - INFO - ⌛ Esperando mudança visual...
2026-01-28 17:08:05,714 - INFO - ⌛ Esperando mudança visual...
2026-01-28 17:08:06,729 - INFO - ⌛ Esperando mudança visual...
2026-01-28 17:08:07,748 - INFO - ⌛ Esperando mudança visual...
2026-01-28 17:08:08,763 - INFO - ⌛ Esperando mudança visual...
2026-01-28 17:08:09,778 - INFO - ⌛ Esperando mudança visual...
2026-01-28 17:08:10,792 - INFO - ⌛ Esperando mudança visual...
2026-01-28 17:08:11,806 - INFO - ⌛ Esperando mudança visual...
2026-01-28 17:08:12,822 - INFO - ⌛ Esperando mudança visual...
2026-01-28 17:08:13,838 - INFO - ⌛ Esperando mudança visual...
2026-01-28 17:08:14,853 - INFO - ⌛ Esperando mudança visual...
2026-01-28 17:08:15,869 - INFO - ⌛ Esperando mudança visual...
2026-01-28 17:08:16,885 - INFO - ⌛ Esperando mudança visual...
2026-01-28 17:08:17,912 - INFO - ⌛ Esperando mudança visual...
2026-01-28 17:08:18,917 - INFO - ⌛ Esperando mudança visual...
2026-01-28 17:08:19,931 - INFO - ⌛ Esperando mudança visual...
2026-01-28 17:08:20,948 - INFO - ✅ Tela carregada!
2026-01-28 17:08:31,452 - INFO - ⌛ Aguardando janela de confirmação de desbloqueio...
2026-01-28 17:08:41,839 - INFO - 🟨 Registros desbloqueados com sucesso
2026-01-28 17:08:55,371 - INFO - 🟨 OS programadas detectadas
2026-01-28 17:08:58,527 - INFO - ⌛ Aguardando janela de edição de OS...
2026-01-28 17:09:14,038 - INFO - 🟨 Janela de edição de OS detectada
2026-01-28 17:09:35,403 - INFO - 🟨 Janela de edição de habilidade da turma detectada
2026-01-28 17:10:23,710 - INFO - ⌛ Aguardando detecção do campo de caracteristica 'EQUIPE PRÓPRIA OU EPS' ...
2026-01-28 17:10:43,071 - INFO - 🟨 campo de caracteristica 'EQUIPE PRÓPRIA OU EPS detectado
2026-01-28 17:11:04,802 - INFO - ⌛ Aguardando confirmação 4 - editar OS...
2026-01-28 17:11:20,155 - INFO - ⌛ Aguardando confirmação 4 - editar OS...
2026-01-28 17:11:35,523 - INFO - 🟨 Janela de confirmação 4 de edição de OS detectada
2026-01-28 17:12:06,230 - INFO - 🟨 OS planejadas detectadas
2026-01-28 17:12:09,478 - INFO - 🟨 OS planejadas detectadas
2026-01-28 17:44:21,849 - INFO - Data hoje: 28/01/2026
2026-01-28 17:44:21,849 - INFO - Data de referência: 31/01/2026
2026-01-28 17:46:04,533 - INFO - 
Qtde OS de LINHA VIVA: 699
2026-01-28 17:46:04,533 - INFO - Qtde OS poda de LINHA MORTA: 129
2026-01-28 17:46:04,533 - INFO - 
Qtde OS estrutural de LINHA MORTA : 7
2026-01-28 17:46:04,533 - INFO - Qtde OS poda de LINHA MORTA fora carteira: 1111
2026-01-28 17:46:04,533 - INFO - Qtde OS para desprogramar: 110970
2026-01-28 17:46:04,533 - INFO - 
 Qtd de lotes de LM: 6
2026-01-28 17:46:04,533 - INFO - 
 Qtd de lotes de LV: 28
2026-01-28 17:46:04,533 - INFO - 
 Qtd de lotes de ESTRUTURAL LM: 1
2026-01-28 17:46:04,533 - INFO - 
 Qtd de lotes de LEVE: 45
2026-01-28 17:46:04,533 - INFO - 
 Qtd de lotes para desprogramar: 4439
2026-01-28 17:46:04,533 - INFO - 
=== Iniciando lote 1/1 [REDES] ===
2026-01-28 17:46:37,147 - INFO - 🟨 OS planejadas detectadas
2026-01-28 17:46:40,391 - INFO - 🟨 OS planejadas detectadas
2026-01-28 17:48:29,064 - INFO - Data hoje: 28/01/2026
2026-01-28 17:48:29,066 - INFO - Data de referência: 31/01/2026
2026-01-28 17:51:27,302 - INFO - 
Qtde OS de LINHA VIVA: 1126
2026-01-28 17:51:27,302 - INFO - Qtde OS poda de LINHA MORTA: 196
2026-01-28 17:51:27,302 - INFO - 
Qtde OS estrutural de LINHA MORTA : 10
2026-01-28 17:51:27,302 - INFO - Qtde OS poda de LINHA MORTA fora carteira: 1232
2026-01-28 17:51:27,302 - INFO - Qtde OS para desprogramar: 110489
2026-01-28 17:51:27,302 - INFO - 
 Qtd de lotes de LM: 8
2026-01-28 17:51:27,302 - INFO - 
 Qtd de lotes de LV: 46
2026-01-28 17:51:27,302 - INFO - 
 Qtd de lotes de ESTRUTURAL LM: 1
2026-01-28 17:51:27,302 - INFO - 
 Qtd de lotes de LEVE: 50
2026-01-28 17:51:27,302 - INFO - 
 Qtd de lotes para desprogramar: 4420
2026-01-28 17:51:27,302 - INFO - 
=== Iniciando lote 1/1 [REDES] ===
2026-01-28 17:52:00,146 - INFO - 🟨 OS planejadas detectadas
2026-01-28 17:52:14,063 - INFO - 🟨 OS planejadas detectadas
2026-01-28 17:54:15,463 - INFO - Data hoje: 28/01/2026
2026-01-28 17:54:15,463 - INFO - Data de referência: 31/01/2026
2026-01-28 17:57:33,512 - INFO - 
Qtde OS de LINHA VIVA: 1126
2026-01-28 17:57:33,512 - INFO - Qtde OS poda de LINHA MORTA: 196
2026-01-28 17:57:33,512 - INFO - 
Qtde OS estrutural de LINHA MORTA : 10
2026-01-28 17:57:33,512 - INFO - Qtde OS poda de LINHA MORTA fora carteira: 1232
2026-01-28 17:57:33,512 - INFO - Qtde OS para desprogramar: 110489
2026-01-28 17:57:33,512 - INFO - 
 Qtd de lotes de LM: 8
2026-01-28 17:57:33,512 - INFO - 
 Qtd de lotes de LV: 46
2026-01-28 17:57:33,512 - INFO - 
 Qtd de lotes de ESTRUTURAL LM: 1
2026-01-28 17:57:33,512 - INFO - 
 Qtd de lotes de LEVE: 50
2026-01-28 17:57:33,512 - INFO - 
 Qtd de lotes para desprogramar: 4420
2026-01-28 17:57:33,512 - INFO - 
=== Iniciando lote 1/1 [REDES] ===
2026-01-28 17:58:06,358 - INFO - 🟨 OS planejadas detectadas
2026-01-28 17:58:30,306 - INFO - 🟨 OS planejadas detectadas
2026-01-28 17:59:23,601 - INFO - Data hoje: 28/01/2026
2026-01-28 17:59:23,601 - INFO - Data de referência: 31/01/2026
2026-01-28 18:02:06,994 - INFO - 
Qtde OS de LINHA VIVA: 1126
2026-01-28 18:02:06,994 - INFO - Qtde OS poda de LINHA MORTA: 196
2026-01-28 18:02:06,994 - INFO - 
Qtde OS estrutural de LINHA MORTA : 10
2026-01-28 18:02:06,994 - INFO - Qtde OS poda de LINHA MORTA fora carteira: 1232
2026-01-28 18:02:06,994 - INFO - Qtde OS para desprogramar: 110489
2026-01-28 18:02:06,994 - INFO - 
 Qtd de lotes de LM: 8
2026-01-28 18:02:06,994 - INFO - 
 Qtd de lotes de LV: 46
2026-01-28 18:02:06,994 - INFO - 
 Qtd de lotes de ESTRUTURAL LM: 1
2026-01-28 18:02:06,994 - INFO - 
 Qtd de lotes de LEVE: 50
2026-01-28 18:02:06,994 - INFO - 
 Qtd de lotes para desprogramar: 4420
2026-01-28 18:02:06,994 - INFO - 
=== Iniciando lote 1/1 [REDES] ===
2026-01-28 18:02:39,833 - INFO - 🟨 OS planejadas detectadas
2026-01-28 18:03:03,593 - INFO - 🟨 Janela de aviso de edição de OS programadas detectada
2026-01-28 18:03:08,013 - INFO - ⌛ aguardando janela de programação de lote de OS...
2026-01-28 18:03:19,296 - INFO - 🟨 Janela de aviso de substituição de lote de OS detectada
2026-01-28 18:03:25,676 - INFO - ⌛ aguardando janela de programação de lote de OS...
2026-01-28 18:03:36,873 - INFO - 🟨 Janela de programação de lote de OS detectada
2026-01-28 18:04:04,494 - INFO - ⌛ aguardando janela de confirmação de programação de lote de OS...
2026-01-28 18:04:15,328 - INFO - 🟨 Janela de confirmação de programação de lote de OS detectada
2026-01-28 18:04:19,945 - INFO - ⌛ aguardando confirmação final de programação do lote
2026-01-28 18:04:31,102 - INFO - 🟨 programação do lote 1 efetuado com sucesso
2026-01-28 18:04:41,407 - INFO - 
=== Iniciando lote 1/8 [LM] ===
2026-01-28 18:06:10,813 - INFO - Data hoje: 28/01/2026
2026-01-28 18:06:10,813 - INFO - Data de referência: 31/01/2026
2026-01-28 18:07:00,702 - INFO - Data hoje: 28/01/2026
2026-01-28 18:07:00,702 - INFO - Data de referência: 31/01/2026
2026-01-28 18:09:46,396 - INFO - 
Qtde OS de LINHA VIVA: 701
2026-01-28 18:09:46,396 - INFO - Qtde OS poda de LINHA MORTA: 130
2026-01-28 18:09:46,396 - INFO - 
Qtde OS estrutural de LINHA MORTA : 7
2026-01-28 18:09:46,396 - INFO - Qtde OS poda de LINHA MORTA fora carteira: 1111
2026-01-28 18:09:46,396 - INFO - Qtde OS para desprogramar: 110970
2026-01-28 18:09:46,396 - INFO - 
 Qtd de lotes de LM: 6
2026-01-28 18:09:46,396 - INFO - 
 Qtd de lotes de LV: 29
2026-01-28 18:09:46,396 - INFO - 
 Qtd de lotes de ESTRUTURAL LM: 1
2026-01-28 18:09:46,396 - INFO - 
 Qtd de lotes de LEVE: 45
2026-01-28 18:09:46,396 - INFO - 
 Qtd de lotes para desprogramar: 4439
2026-01-28 18:09:46,396 - INFO - 
=== Iniciando lote 1/6 [LM] ===
2026-01-28 18:09:52,997 - INFO - Janela de seleção aberta
2026-01-28 18:09:57,269 - INFO - DEBUG: idx=0, inicio=0, fim=25
2026-01-28 18:09:57,269 - INFO - ✅ 25 OS copiadas para a área de transferência.
2026-01-28 18:09:57,269 - INFO - 📋 Lote 1 copiado.
2026-01-28 18:10:05,614 - INFO - ⌛ Esperando mudança visual...
2026-01-28 18:10:06,627 - INFO - ⌛ Esperando mudança visual...
2026-01-28 18:10:07,649 - INFO - ⌛ Esperando mudança visual...
2026-01-28 18:10:08,659 - INFO - ⌛ Esperando mudança visual...
2026-01-28 18:10:09,674 - INFO - ⌛ Esperando mudança visual...
2026-01-28 18:10:10,690 - INFO - ⌛ Esperando mudança visual...
2026-01-28 18:10:11,706 - INFO - ⌛ Esperando mudança visual...
2026-01-28 18:10:12,712 - INFO - ⌛ Esperando mudança visual...
2026-01-28 18:10:13,738 - INFO - ⌛ Esperando mudança visual...
2026-01-28 18:10:14,743 - INFO - ✅ Tela carregada!
2026-01-28 18:10:25,359 - INFO - ⌛ Aguardando janela de confirmação de desbloqueio...
2026-01-28 18:10:36,146 - INFO - 🟨 Registros desbloqueados com sucesso
2026-01-28 18:10:49,882 - INFO - 🟨 OS programadas detectadas
2026-01-28 18:10:53,151 - INFO - ⌛ Aguardando janela de edição de OS...
2026-01-28 18:11:08,905 - INFO - 🟨 Janela de edição de OS detectada
2026-01-28 18:11:30,278 - INFO - 🟨 Janela de edição de habilidade da turma detectada
2026-01-28 18:12:18,597 - INFO - ⌛ Aguardando detecção do campo de caracteristica 'EQUIPE PRÓPRIA OU EPS' ...
2026-01-28 18:12:37,963 - INFO - 🟨 campo de caracteristica 'EQUIPE PRÓPRIA OU EPS detectado
2026-01-28 18:12:59,699 - INFO - ⌛ Aguardando confirmação 4 - editar OS...
2026-01-28 18:13:15,044 - INFO - 🟨 Janela de confirmação 4 de edição de OS detectada
2026-01-28 18:13:45,746 - INFO - 🟨 OS planejadas detectadas
2026-01-28 18:13:54,058 - INFO - 🟨 Janela de aviso de edição de OS programadas detectada
2026-01-28 18:13:58,333 - INFO - ⌛ aguardando janela de programação de lote de OS...
2026-01-28 18:14:08,805 - INFO - 🟨 Janela de aviso de substituição de lote de OS detectada
2026-01-28 18:14:15,093 - INFO - ⌛ aguardando janela de programação de lote de OS...
2026-01-28 18:14:25,541 - INFO - 🟨 Janela de programação de lote de OS detectada
2026-01-28 18:14:52,969 - INFO - ⌛ aguardando janela de confirmação de programação de lote de OS...
2026-01-28 18:15:03,328 - INFO - 🟨 Janela de confirmação de programação de lote de OS detectada
2026-01-28 18:15:07,567 - INFO - 🟨 programação do lote 1 efetuado com sucesso
2026-01-28 18:15:17,723 - INFO - 
=== Iniciando lote 2/6 [LM] ===
2026-01-28 18:15:24,086 - INFO - Janela de seleção aberta
2026-01-28 18:15:28,325 - INFO - DEBUG: idx=1, inicio=25, fim=50
2026-01-28 18:15:28,325 - INFO - ✅ 25 OS copiadas para a área de transferência.
2026-01-28 18:15:28,325 - INFO - 📋 Lote 2 copiado.
2026-01-28 18:15:36,683 - INFO - ⌛ Esperando mudança visual...
2026-01-28 18:15:37,700 - INFO - ⌛ Esperando mudança visual...
2026-01-28 18:15:38,717 - INFO - ⌛ Esperando mudança visual...
2026-01-28 18:15:39,732 - INFO - ⌛ Esperando mudança visual...
2026-01-28 18:15:40,748 - INFO - ⌛ Esperando mudança visual...
2026-01-28 18:15:41,763 - INFO - ⌛ Esperando mudança visual...
2026-01-28 18:15:42,780 - INFO - ⌛ Esperando mudança visual...
2026-01-28 18:15:43,798 - INFO - ⌛ Esperando mudança visual...
2026-01-28 18:15:44,811 - INFO - ⌛ Esperando mudança visual...
2026-01-28 18:15:45,826 - INFO - ✅ Tela carregada!
2026-01-28 18:15:56,291 - INFO - ⌛ Aguardando janela de confirmação de desbloqueio...
2026-01-28 18:16:06,630 - INFO - 🟨 Registros desbloqueados com sucesso
2026-01-28 18:16:20,166 - INFO - 🟨 OS programadas detectadas
2026-01-28 18:16:23,318 - INFO - ⌛ Aguardando janela de edição de OS...
2026-01-28 18:16:38,707 - INFO - 🟨 Janela de edição de OS detectada
2026-01-28 18:17:00,074 - INFO - 🟨 Janela de edição de habilidade da turma detectada
2026-01-28 18:17:48,398 - INFO - ⌛ Aguardando detecção do campo de caracteristica 'EQUIPE PRÓPRIA OU EPS' ...
2026-01-28 18:18:07,748 - INFO - 🟨 campo de caracteristica 'EQUIPE PRÓPRIA OU EPS detectado
2026-01-28 18:18:29,481 - INFO - ⌛ Aguardando confirmação 4 - editar OS...
2026-01-28 18:18:44,814 - INFO - 🟨 Janela de confirmação 4 de edição de OS detectada
2026-01-28 18:19:15,534 - INFO - 🟨 OS planejadas detectadas
2026-01-28 18:19:23,959 - INFO - 🟨 Janela de aviso de edição de OS programadas detectada
2026-01-28 18:19:28,220 - INFO - ⌛ aguardando janela de programação de lote de OS...
2026-01-28 18:19:38,674 - INFO - 🟨 Janela de aviso de substituição de lote de OS detectada
2026-01-28 18:19:44,953 - INFO - ⌛ aguardando janela de programação de lote de OS...
2026-01-28 18:19:55,437 - INFO - 🟨 Janela de programação de lote de OS detectada
2026-01-28 18:20:22,864 - INFO - ⌛ aguardando janela de confirmação de programação de lote de OS...
2026-01-28 18:20:33,213 - INFO - 🟨 Janela de confirmação de programação de lote de OS detectada
2026-01-28 18:20:37,501 - INFO - ⌛ aguardando confirmação final de programação do lote
2026-01-28 18:20:47,903 - INFO - 🟨 programação do lote 2 efetuado com sucesso
2026-01-28 18:20:58,053 - INFO - 
=== Iniciando lote 3/6 [LM] ===
2026-01-28 18:21:04,416 - INFO - Janela de seleção aberta
2026-01-28 18:21:08,644 - INFO - DEBUG: idx=2, inicio=50, fim=75
2026-01-28 18:21:08,644 - INFO - ✅ 25 OS copiadas para a área de transferência.
2026-01-28 18:21:08,644 - INFO - 📋 Lote 3 copiado.
2026-01-28 18:21:16,995 - INFO - ⌛ Esperando mudança visual...
2026-01-28 18:21:18,016 - INFO - ⌛ Esperando mudança visual...
2026-01-28 18:21:19,033 - INFO - ⌛ Esperando mudança visual...
2026-01-28 18:21:20,048 - INFO - ⌛ Esperando mudança visual...
2026-01-28 18:21:21,063 - INFO - ⌛ Esperando mudança visual...
2026-01-28 18:21:22,078 - INFO - ⌛ Esperando mudança visual...
2026-01-28 18:21:23,095 - INFO - ⌛ Esperando mudança visual...
2026-01-28 18:21:24,110 - INFO - ⌛ Esperando mudança visual...
2026-01-28 18:21:25,125 - INFO - ⌛ Esperando mudança visual...
2026-01-28 18:21:26,143 - INFO - ✅ Tela carregada!
2026-01-28 18:21:36,619 - INFO - ⌛ Aguardando janela de confirmação de desbloqueio...
2026-01-28 18:21:46,985 - INFO - 🟨 Registros desbloqueados com sucesso
2026-01-28 18:22:00,513 - INFO - 🟨 OS programadas detectadas
2026-01-28 18:22:03,667 - INFO - ⌛ Aguardando janela de edição de OS...
2026-01-28 18:22:19,033 - INFO - 🟨 Janela de edição de OS detectada
2026-01-28 18:22:40,413 - INFO - 🟨 Janela de edição de habilidade da turma detectada
2026-01-28 18:23:28,727 - INFO - ⌛ Aguardando detecção do campo de caracteristica 'EQUIPE PRÓPRIA OU EPS' ...
2026-01-28 18:23:48,075 - INFO - 🟨 campo de caracteristica 'EQUIPE PRÓPRIA OU EPS detectado
2026-01-28 18:24:09,811 - INFO - ⌛ Aguardando confirmação 4 - editar OS...
2026-01-28 18:24:25,223 - INFO - ⌛ Aguardando confirmação 4 - editar OS...
2026-01-28 18:24:40,576 - INFO - 🟨 Janela de confirmação 4 de edição de OS detectada
2026-01-28 18:25:11,263 - INFO - 🟨 OS planejadas detectadas
2026-01-28 18:25:19,573 - INFO - 🟨 Janela de aviso de edição de OS programadas detectada
2026-01-28 18:25:23,837 - INFO - ⌛ aguardando janela de programação de lote de OS...
2026-01-28 18:25:34,266 - INFO - 🟨 Janela de aviso de substituição de lote de OS detectada
2026-01-28 18:25:40,521 - INFO - ⌛ aguardando janela de programação de lote de OS...
2026-01-28 18:25:50,942 - INFO - ⌛ aguardando janela de programação de lote de OS...
2026-01-28 18:26:01,403 - INFO - ⌛ aguardando janela de programação de lote de OS...
2026-01-28 18:26:11,854 - INFO - ⌛ aguardando janela de programação de lote de OS...
2026-01-28 18:26:22,316 - INFO - ⌛ aguardando janela de programação de lote de OS...
2026-01-28 18:26:32,785 - INFO - 🟨 Janela de programação de lote de OS detectada
2026-01-28 18:27:00,212 - INFO - ⌛ aguardando janela de confirmação de programação de lote de OS...
2026-01-28 18:27:10,599 - INFO - 🟨 Janela de confirmação de programação de lote de OS detectada
2026-01-28 18:27:14,861 - INFO - ⌛ aguardando confirmação final de programação do lote
2026-01-28 18:27:25,299 - INFO - 🟨 programação do lote 3 efetuado com sucesso
2026-01-28 18:27:35,451 - INFO - 
=== Iniciando lote 4/6 [LM] ===
2026-01-28 18:27:41,805 - INFO - Janela de seleção aberta
2026-01-28 18:27:46,047 - INFO - DEBUG: idx=3, inicio=75, fim=100
2026-01-28 18:27:46,047 - INFO - ✅ 25 OS copiadas para a área de transferência.
2026-01-28 18:27:46,047 - INFO - 📋 Lote 4 copiado.
2026-01-28 18:27:54,376 - INFO - ⌛ Esperando mudança visual...
2026-01-28 18:27:55,391 - INFO - ⌛ Esperando mudança visual...
2026-01-28 18:27:56,409 - INFO - ⌛ Esperando mudança visual...
2026-01-28 18:27:57,422 - INFO - ⌛ Esperando mudança visual...
2026-01-28 18:27:58,439 - INFO - ⌛ Esperando mudança visual...
2026-01-28 18:27:59,454 - INFO - ⌛ Esperando mudança visual...
2026-01-28 18:28:00,477 - INFO - ⌛ Esperando mudança visual...
2026-01-28 18:28:01,485 - INFO - ⌛ Esperando mudança visual...
2026-01-28 18:28:02,501 - INFO - ⌛ Esperando mudança visual...
2026-01-28 18:28:03,517 - INFO - ⌛ Esperando mudança visual...
2026-01-28 18:28:04,532 - INFO - ⌛ Esperando mudança visual...
2026-01-28 18:28:05,547 - INFO - ✅ Tela carregada!
2026-01-28 18:28:16,011 - INFO - ⌛ Aguardando janela de confirmação de desbloqueio...
2026-01-28 18:28:26,355 - INFO - 🟨 Registros desbloqueados com sucesso
2026-01-28 18:28:39,907 - INFO - 🟨 OS programadas detectadas
2026-01-28 18:28:43,056 - INFO - ⌛ Aguardando janela de edição de OS...
2026-01-28 18:28:58,443 - INFO - 🟨 Janela de edição de OS detectada
2026-01-28 18:29:19,808 - INFO - 🟨 Janela de edição de habilidade da turma detectada
2026-01-28 18:30:08,123 - INFO - ⌛ Aguardando detecção do campo de caracteristica 'EQUIPE PRÓPRIA OU EPS' ...
2026-01-28 18:30:27,470 - INFO - 🟨 campo de caracteristica 'EQUIPE PRÓPRIA OU EPS detectado
2026-01-28 18:30:49,197 - INFO - ⌛ Aguardando confirmação 4 - editar OS...
2026-01-28 18:31:04,558 - INFO - ⌛ Aguardando confirmação 4 - editar OS...
2026-01-28 18:31:19,927 - INFO - 🟨 Janela de confirmação 4 de edição de OS detectada
2026-01-28 18:31:50,631 - INFO - 🟨 OS planejadas detectadas
2026-01-28 18:31:58,927 - INFO - 🟨 Janela de aviso de edição de OS programadas detectada
2026-01-28 18:32:03,231 - INFO - ⌛ aguardando janela de programação de lote de OS...
2026-01-28 18:32:13,743 - INFO - 🟨 Janela de aviso de substituição de lote de OS detectada
2026-01-28 18:32:20,011 - INFO - ⌛ aguardando janela de programação de lote de OS...
2026-01-28 18:32:30,448 - INFO - ⌛ aguardando janela de programação de lote de OS...
2026-01-28 18:32:40,921 - INFO - 🟨 Janela de programação de lote de OS detectada
2026-01-28 18:33:08,372 - INFO - ⌛ aguardando janela de confirmação de programação de lote de OS...
2026-01-28 18:33:18,750 - INFO - 🟨 Janela de confirmação de programação de lote de OS detectada
2026-01-28 18:33:23,040 - INFO - ⌛ aguardando confirmação final de programação do lote
2026-01-28 18:33:33,467 - INFO - 🟨 programação do lote 4 efetuado com sucesso
2026-01-28 18:33:43,618 - INFO - 
=== Iniciando lote 5/6 [LM] ===
2026-01-28 18:33:49,969 - INFO - Janela de seleção aberta
2026-01-28 18:33:54,204 - INFO - DEBUG: idx=4, inicio=100, fim=125
2026-01-28 18:33:54,204 - INFO - ✅ 25 OS copiadas para a área de transferência.
2026-01-28 18:33:54,204 - INFO - 📋 Lote 5 copiado.
2026-01-28 18:34:02,578 - INFO - ⌛ Esperando mudança visual...
2026-01-28 18:34:03,585 - INFO - ⌛ Esperando mudança visual...
2026-01-28 18:34:04,606 - INFO - ⌛ Esperando mudança visual...
2026-01-28 18:34:05,626 - INFO - ⌛ Esperando mudança visual...
2026-01-28 18:34:06,642 - INFO - ⌛ Esperando mudança visual...
2026-01-28 18:34:07,658 - INFO - ⌛ Esperando mudança visual...
2026-01-28 18:34:08,674 - INFO - ⌛ Esperando mudança visual...
2026-01-28 18:34:09,690 - INFO - ⌛ Esperando mudança visual...
2026-01-28 18:34:10,705 - INFO - ⌛ Esperando mudança visual...
2026-01-28 18:34:11,721 - INFO - ✅ Tela carregada!
2026-01-28 18:34:22,190 - INFO - ⌛ Aguardando janela de confirmação de desbloqueio...
2026-01-28 18:34:32,571 - INFO - 🟨 Registros desbloqueados com sucesso
2026-01-28 18:34:46,095 - INFO - 🟨 OS programadas detectadas
2026-01-28 18:34:49,245 - INFO - ⌛ Aguardando janela de edição de OS...
2026-01-28 18:35:04,643 - INFO - 🟨 Janela de edição de OS detectada
2026-01-28 18:35:26,000 - INFO - 🟨 Janela de edição de habilidade da turma detectada
2026-01-28 18:36:14,298 - INFO - ⌛ Aguardando detecção do campo de caracteristica 'EQUIPE PRÓPRIA OU EPS' ...
2026-01-28 18:36:33,671 - INFO - 🟨 campo de caracteristica 'EQUIPE PRÓPRIA OU EPS detectado
2026-01-28 18:36:55,421 - INFO - ⌛ Aguardando confirmação 4 - editar OS...
2026-01-28 18:37:10,786 - INFO - 🟨 Janela de confirmação 4 de edição de OS detectada
2026-01-28 18:37:41,451 - INFO - 🟨 OS planejadas detectadas
2026-01-28 18:37:49,807 - INFO - 🟨 Janela de aviso de edição de OS programadas detectada
2026-01-28 18:37:54,091 - INFO - ⌛ aguardando janela de programação de lote de OS...
2026-01-28 18:38:04,596 - INFO - 🟨 Janela de aviso de substituição de lote de OS detectada
2026-01-28 18:38:10,866 - INFO - ⌛ aguardando janela de programação de lote de OS...
2026-01-28 18:38:21,342 - INFO - 🟨 Janela de programação de lote de OS detectada
2026-01-28 18:38:48,771 - INFO - ⌛ aguardando janela de confirmação de programação de lote de OS...
2026-01-28 18:38:59,131 - INFO - 🟨 Janela de confirmação de programação de lote de OS detectada
2026-01-28 18:39:03,432 - INFO - ⌛ aguardando confirmação final de programação do lote
2026-01-28 18:39:13,906 - INFO - 🟨 programação do lote 5 efetuado com sucesso
2026-01-28 18:39:24,071 - INFO - 
=== Iniciando lote 6/6 [LM] ===
2026-01-28 18:39:30,430 - INFO - Janela de seleção aberta
2026-01-28 18:39:34,651 - INFO - DEBUG: idx=5, inicio=125, fim=150
2026-01-28 18:39:34,651 - INFO - ✅ 5 OS copiadas para a área de transferência.
2026-01-28 18:39:34,651 - INFO - 📋 Lote 6 copiado.
2026-01-28 18:39:42,995 - INFO - ⌛ Esperando mudança visual...
2026-01-28 18:39:44,011 - INFO - ⌛ Esperando mudança visual...
2026-01-28 18:39:45,041 - INFO - ⌛ Esperando mudança visual...
2026-01-28 18:39:46,059 - INFO - ⌛ Esperando mudança visual...
2026-01-28 18:39:47,074 - INFO - ⌛ Esperando mudança visual...
2026-01-28 18:39:48,090 - INFO - ⌛ Esperando mudança visual...
2026-01-28 18:39:49,105 - INFO - ⌛ Esperando mudança visual...
2026-01-28 18:39:50,121 - INFO - ⌛ Esperando mudança visual...
2026-01-28 18:39:51,137 - INFO - ⌛ Esperando mudança visual...
2026-01-28 18:39:52,152 - INFO - ✅ Tela carregada!
2026-01-28 18:40:02,632 - INFO - ⌛ Aguardando janela de confirmação de desbloqueio...
2026-01-28 18:40:13,008 - INFO - 🟨 Registros desbloqueados com sucesso
2026-01-28 18:40:26,517 - INFO - 🟨 OS programadas detectadas
2026-01-28 18:40:29,676 - INFO - ⌛ Aguardando janela de edição de OS...
2026-01-28 18:40:45,114 - INFO - 🟨 Janela de edição de OS detectada
2026-01-28 18:41:06,469 - INFO - 🟨 Janela de edição de habilidade da turma detectada
2026-01-28 18:41:54,768 - INFO - ⌛ Aguardando detecção do campo de caracteristica 'EQUIPE PRÓPRIA OU EPS' ...
2026-01-28 18:42:14,120 - INFO - 🟨 campo de caracteristica 'EQUIPE PRÓPRIA OU EPS detectado
2026-01-28 18:42:35,854 - INFO - ⌛ Aguardando confirmação 4 - editar OS...
2026-01-28 18:42:51,214 - INFO - 🟨 Janela de confirmação 4 de edição de OS detectada
2026-01-28 18:43:21,903 - INFO - 🟨 OS planejadas detectadas
2026-01-28 18:43:30,219 - INFO - 🟨 Janela de aviso de edição de OS programadas detectada
2026-01-28 18:43:34,496 - INFO - ⌛ aguardando janela de programação de lote de OS...
2026-01-28 18:43:44,934 - INFO - 🟨 Janela de aviso de substituição de lote de OS detectada
2026-01-28 18:43:51,211 - INFO - ⌛ aguardando janela de programação de lote de OS...
2026-01-28 18:44:01,722 - INFO - 🟨 Janela de programação de lote de OS detectada
2026-01-28 18:44:29,136 - INFO - ⌛ aguardando janela de confirmação de programação de lote de OS...
2026-01-28 18:44:39,497 - INFO - 🟨 Janela de confirmação de programação de lote de OS detectada
2026-01-28 18:44:43,770 - INFO - 🟨 programação do lote 6 efetuado com sucesso
2026-01-28 18:44:53,925 - INFO - 
=== Iniciando lote 1/29 [LV] ===
2026-01-28 18:45:00,279 - INFO - Janela de seleção aberta
2026-01-28 18:45:04,511 - INFO - DEBUG: idx=0, inicio=0, fim=25
2026-01-28 18:45:04,511 - INFO - ✅ 25 OS copiadas para a área de transferência.
2026-01-28 18:45:04,511 - INFO - 📋 Lote 1 copiado.
2026-01-28 18:45:12,838 - INFO - ⌛ Esperando mudança visual...
2026-01-28 18:45:13,852 - INFO - ⌛ Esperando mudança visual...
2026-01-28 18:45:14,868 - INFO - ⌛ Esperando mudança visual...
2026-01-28 18:45:15,884 - INFO - ⌛ Esperando mudança visual...
2026-01-28 18:45:16,898 - INFO - ⌛ Esperando mudança visual...
2026-01-28 18:45:17,915 - INFO - ⌛ Esperando mudança visual...
2026-01-28 18:45:18,932 - INFO - ⌛ Esperando mudança visual...
2026-01-28 18:45:19,947 - INFO - ⌛ Esperando mudança visual...
2026-01-28 18:45:20,962 - INFO - ⌛ Esperando mudança visual...
2026-01-28 18:45:21,978 - INFO - ✅ Tela carregada!
2026-01-28 18:45:32,462 - INFO - ⌛ Aguardando janela de confirmação de desbloqueio...
2026-01-28 18:45:42,803 - INFO - 🟨 Registros desbloqueados com sucesso
2026-01-28 18:45:56,337 - INFO - 🟨 OS programadas detectadas
2026-01-28 18:45:59,518 - INFO - ⌛ Aguardando janela de edição de OS...
2026-01-28 18:46:14,915 - INFO - 🟨 Janela de edição de OS detectada
2026-01-28 18:46:36,279 - INFO - 🟨 Janela de edição de habilidade da turma detectada
2026-01-28 18:47:24,596 - INFO - ⌛ Aguardando detecção do campo de caracteristica 'EQUIPE PRÓPRIA OU EPS' ...
2026-01-28 18:47:43,982 - INFO - 🟨 campo de caracteristica 'EQUIPE PRÓPRIA OU EPS detectado
2026-01-28 18:48:05,751 - INFO - ⌛ Aguardando confirmação 4 - editar OS...
2026-01-28 18:48:21,091 - INFO - ⌛ Aguardando confirmação 4 - editar OS...
2026-01-28 18:48:36,504 - INFO - 🟨 Janela de confirmação 4 de edição de OS detectada
2026-01-28 18:49:07,202 - INFO - 🟨 OS planejadas detectadas
2026-01-28 18:49:15,633 - INFO - 🟨 Janela de aviso de edição de OS programadas detectada
2026-01-28 18:49:19,897 - INFO - ⌛ aguardando janela de programação de lote de OS...
2026-01-28 18:49:30,403 - INFO - 🟨 Janela de aviso de substituição de lote de OS detectada
2026-01-28 18:49:36,679 - INFO - ⌛ aguardando janela de programação de lote de OS...
2026-01-28 18:49:47,164 - INFO - ⌛ aguardando janela de programação de lote de OS...
2026-01-28 18:49:57,602 - INFO - 🟨 Janela de programação de lote de OS detectada
2026-01-28 18:50:25,044 - INFO - ⌛ aguardando janela de confirmação de programação de lote de OS...
2026-01-28 18:50:35,420 - INFO - 🟨 Janela de confirmação de programação de lote de OS detectada
2026-01-28 18:50:39,708 - INFO - ⌛ aguardando confirmação final de programação do lote
2026-01-28 18:50:50,188 - INFO - 🟨 programação do lote 1 efetuado com sucesso
2026-01-28 18:51:00,350 - INFO - 
=== Iniciando lote 2/29 [LV] ===
2026-01-28 18:51:06,713 - INFO - Janela de seleção aberta
2026-01-28 18:51:10,948 - INFO - DEBUG: idx=1, inicio=25, fim=50
2026-01-28 18:51:10,948 - INFO - ✅ 25 OS copiadas para a área de transferência.
2026-01-28 18:51:10,948 - INFO - 📋 Lote 2 copiado.
2026-01-28 18:51:19,277 - INFO - ⌛ Esperando mudança visual...
2026-01-28 18:51:20,278 - INFO - ⌛ Esperando mudança visual...
2026-01-28 18:51:21,291 - INFO - ⌛ Esperando mudança visual...
2026-01-28 18:51:22,308 - INFO - ⌛ Esperando mudança visual...
2026-01-28 18:51:23,310 - INFO - ⌛ Esperando mudança visual...
2026-01-28 18:51:24,321 - INFO - ⌛ Esperando mudança visual...
2026-01-28 18:51:25,352 - INFO - ⌛ Esperando mudança visual...
2026-01-28 18:51:26,369 - INFO - ⌛ Esperando mudança visual...
2026-01-28 18:51:27,385 - INFO - ⌛ Esperando mudança visual...
2026-01-28 18:51:28,400 - INFO - ✅ Tela carregada!
2026-01-28 18:51:38,908 - INFO - ⌛ Aguardando janela de confirmação de desbloqueio...
2026-01-28 18:51:49,277 - INFO - 🟨 Registros desbloqueados com sucesso
2026-01-28 18:52:02,810 - INFO - 🟨 OS programadas detectadas
2026-01-28 18:52:05,978 - INFO - ⌛ Aguardando janela de edição de OS...
2026-01-28 18:52:21,394 - INFO - 🟨 Janela de edição de OS detectada
2026-01-28 18:52:42,762 - INFO - 🟨 Janela de edição de habilidade da turma detectada
2026-01-28 18:53:31,081 - INFO - ⌛ Aguardando detecção do campo de caracteristica 'EQUIPE PRÓPRIA OU EPS' ...
2026-01-28 18:53:50,470 - INFO - 🟨 campo de caracteristica 'EQUIPE PRÓPRIA OU EPS detectado
2026-01-28 18:54:12,229 - INFO - ⌛ Aguardando confirmação 4 - editar OS...
2026-01-28 18:54:27,633 - INFO - ⌛ Aguardando confirmação 4 - editar OS...
2026-01-28 18:54:43,033 - INFO - 🟨 Janela de confirmação 4 de edição de OS detectada
2026-01-28 18:55:13,717 - INFO - 🟨 OS planejadas detectadas
2026-01-28 18:55:22,080 - INFO - 🟨 Janela de aviso de edição de OS programadas detectada
2026-01-28 18:55:26,350 - INFO - ⌛ aguardando janela de programação de lote de OS...
2026-01-28 18:55:36,784 - INFO - 🟨 Janela de aviso de substituição de lote de OS detectada
2026-01-28 18:55:43,079 - INFO - ⌛ aguardando janela de programação de lote de OS...
2026-01-28 18:55:53,527 - INFO - ⌛ aguardando janela de programação de lote de OS...
2026-01-28 18:56:04,012 - INFO - 🟨 Janela de programação de lote de OS detectada
2026-01-28 18:56:31,460 - INFO - ⌛ aguardando janela de confirmação de programação de lote de OS...
2026-01-28 18:56:41,820 - INFO - 🟨 Janela de confirmação de programação de lote de OS detectada
2026-01-28 18:56:46,096 - INFO - ⌛ aguardando confirmação final de programação do lote
2026-01-28 18:56:56,488 - INFO - 🟨 programação do lote 2 efetuado com sucesso
2026-01-28 18:57:06,636 - INFO - 
=== Iniciando lote 3/29 [LV] ===
2026-01-28 18:57:12,991 - INFO - Janela de seleção aberta
2026-01-28 18:57:17,226 - INFO - DEBUG: idx=2, inicio=50, fim=75
2026-01-28 18:57:17,226 - INFO - ✅ 25 OS copiadas para a área de transferência.
2026-01-28 18:57:17,226 - INFO - 📋 Lote 3 copiado.
2026-01-28 18:57:25,557 - INFO - ⌛ Esperando mudança visual...
2026-01-28 18:57:26,581 - INFO - ⌛ Esperando mudança visual...
2026-01-28 18:57:27,597 - INFO - ⌛ Esperando mudança visual...
2026-01-28 18:57:28,612 - INFO - ⌛ Esperando mudança visual...
2026-01-28 18:57:29,629 - INFO - ⌛ Esperando mudança visual...
2026-01-28 18:57:30,644 - INFO - ⌛ Esperando mudança visual...
2026-01-28 18:57:31,660 - INFO - ⌛ Esperando mudança visual...
2026-01-28 18:57:32,675 - INFO - ⌛ Esperando mudança visual...
2026-01-28 18:57:33,693 - INFO - ⌛ Esperando mudança visual...
2026-01-28 18:57:34,706 - INFO - ✅ Tela carregada!
2026-01-28 18:57:45,189 - INFO - ⌛ Aguardando janela de confirmação de desbloqueio...
2026-01-28 18:57:55,629 - INFO - 🟨 Registros desbloqueados com sucesso
2026-01-28 18:58:09,148 - INFO - ⌛ Aguardando janela de edição de OS...
2026-01-28 18:58:24,553 - INFO - ⌛ Aguardando janela de edição de OS...
2026-01-28 18:58:39,980 - INFO - ⌛ Aguardando janela de edição de OS...
2026-01-28 18:58:55,395 - INFO - ⌛ Aguardando janela de edição de OS...
2026-01-28 18:59:10,829 - INFO - ⌛ Aguardando janela de edição de OS...
2026-01-28 18:59:26,252 - INFO - ⌛ Aguardando janela de edição de OS...
2026-01-28 18:59:41,712 - INFO - ⌛ Aguardando janela de edição de OS...
2026-01-28 18:59:57,182 - INFO - ⌛ Aguardando janela de edição de OS...
2026-01-28 19:00:12,575 - INFO - ⌛ Aguardando janela de edição de OS...
2026-01-28 19:00:28,010 - INFO - ⌛ Aguardando janela de edição de OS...
2026-01-28 19:00:43,425 - INFO - ⌛ Aguardando janela de edição de OS...
2026-01-28 19:00:58,815 - INFO - ⌛ Aguardando janela de edição de OS...
2026-01-28 19:01:14,228 - INFO - ⌛ Aguardando janela de edição de OS...
2026-01-28 19:01:29,618 - INFO - ⌛ Aguardando janela de edição de OS...
2026-01-28 19:01:45,046 - INFO - ⌛ Aguardando janela de edição de OS...
2026-01-28 19:02:00,443 - INFO - ⌛ Aguardando janela de edição de OS...
2026-01-28 19:02:15,865 - INFO - ⌛ Aguardando janela de edição de OS...
2026-01-28 19:02:31,257 - INFO - ⌛ Aguardando janela de edição de OS...
2026-01-28 19:02:46,682 - INFO - ⌛ Aguardando janela de edição de OS...
2026-01-28 19:03:02,118 - INFO - ⌛ Aguardando janela de edição de OS...
2026-01-28 19:03:17,573 - INFO - ⌛ Aguardando janela de edição de OS...
2026-01-28 19:03:33,048 - INFO - ⌛ Aguardando janela de edição de OS...
2026-01-28 19:03:48,463 - INFO - ⌛ Aguardando janela de edição de OS...
2026-01-28 19:04:03,883 - INFO - ⌛ Aguardando janela de edição de OS...
2026-01-28 19:04:19,299 - INFO - ⌛ Aguardando janela de edição de OS...
2026-01-28 19:04:34,750 - INFO - ⌛ Aguardando janela de edição de OS...
2026-01-28 19:04:50,192 - INFO - ⌛ Aguardando janela de edição de OS...
2026-01-28 19:05:05,604 - INFO - ⌛ Aguardando janela de edição de OS...
2026-01-28 19:05:21,043 - INFO - ⌛ Aguardando janela de edição de OS...
2026-01-28 19:05:36,462 - INFO - ⌛ Aguardando janela de edição de OS...
2026-01-28 19:05:51,848 - INFO - ⌛ Aguardando janela de edição de OS...
2026-01-28 19:06:07,260 - INFO - ⌛ Aguardando janela de edição de OS...
2026-01-28 19:06:22,719 - INFO - ⌛ Aguardando janela de edição de OS...
2026-01-28 19:06:38,170 - INFO - ⌛ Aguardando janela de edição de OS...
2026-01-28 19:06:53,614 - INFO - ⌛ Aguardando janela de edição de OS...
2026-01-28 19:07:09,049 - INFO - ⌛ Aguardando janela de edição de OS...
2026-01-28 19:07:24,496 - INFO - ⌛ Aguardando janela de edição de OS...
2026-01-28 19:07:39,933 - INFO - ⌛ Aguardando janela de edição de OS...
2026-01-28 19:07:55,358 - INFO - ⌛ Aguardando janela de edição de OS...
2026-01-28 19:08:10,753 - INFO - verificando janela oculta
2026-01-28 19:08:31,241 - INFO - ⏱️ Tempo limite atingido. Abortando seleção
