2026-03-10 10:21:57,526 - INFO - Data hoje: 10/03/2026
2026-03-10 10:21:57,526 - INFO - Data de referência: 31/03/2026
2026-03-10 10:22:51,601 - INFO - Data hoje: 10/03/2026
2026-03-10 10:22:51,601 - INFO - Data de referência: 31/03/2026
2026-03-10 10:23:14,962 - INFO - Data hoje: 10/03/2026
2026-03-10 10:23:14,962 - INFO - Data de referência: 31/03/2026
2026-03-10 10:24:18,235 - INFO - Data hoje: 10/03/2026
2026-03-10 10:24:18,235 - INFO - Data de referência: 31/03/2026
2026-03-10 10:25:44,811 - INFO - Qtde OS de LINHA VIVA: 2299
2026-03-10 10:25:44,811 - INFO - Qtde OS poda de LINHA MORTA: 911
2026-03-10 10:25:44,811 - INFO - Qtde OS estrutural de LINHA MORTA : 316
2026-03-10 10:25:44,811 - INFO - Qtde OS poda de LINHA MORTA fora carteira: 3158
2026-03-10 10:25:44,811 - INFO - Qtde OS para desprogramar: 13554
2026-03-10 10:25:44,811 - INFO - 
 Qtd de lotes de LM: 37
2026-03-10 10:25:44,811 - INFO - 
 Qtd de lotes de LV: 92
2026-03-10 10:25:44,811 - INFO - 
 Qtd de lotes de ESTRUTURAL LM: 13
2026-03-10 10:25:44,811 - INFO - 
 Qtd de lotes de LEVE: 127
2026-03-10 10:25:44,811 - INFO - 
 Qtd de lotes para desprogramar: 543
2026-03-10 11:22:35,227 - INFO - Data hoje: 10/03/2026
2026-03-10 11:22:35,227 - INFO - Data de referência: 31/03/2026
2026-03-10 11:23:04,112 - INFO - Qtde OS de LINHA VIVA: 12
2026-03-10 11:23:04,112 - INFO - Qtde OS poda de LINHA MORTA: 28
2026-03-10 11:23:04,112 - INFO - Qtde OS estrutural de LINHA MORTA : 50
2026-03-10 11:23:04,112 - INFO - Qtde OS poda de LINHA MORTA fora carteira: 91
2026-03-10 11:23:04,112 - INFO - Qtde OS para desprogramar: 260
2026-03-10 11:23:04,112 - INFO - 
 Qtd de lotes de LM: 2
2026-03-10 11:23:04,112 - INFO - 
 Qtd de lotes de LV: 1
2026-03-10 11:23:04,112 - INFO - 
 Qtd de lotes de ESTRUTURAL LM: 2
2026-03-10 11:23:04,112 - INFO - 
 Qtd de lotes de LEVE: 4
2026-03-10 11:23:04,112 - INFO - 
 Qtd de lotes para desprogramar: 11
2026-03-10 11:23:31,450 - INFO - Data hoje: 10/03/2026
2026-03-10 11:23:31,451 - INFO - Data de referência: 31/03/2026
2026-03-10 11:24:09,469 - INFO - Qtde OS de LINHA VIVA: 12
2026-03-10 11:24:09,469 - INFO - Qtde OS poda de LINHA MORTA: 28
2026-03-10 11:24:09,469 - INFO - Qtde OS estrutural de LINHA MORTA : 50
2026-03-10 11:24:09,469 - INFO - Qtde OS poda de LINHA MORTA fora carteira: 91
2026-03-10 11:24:09,469 - INFO - Qtde OS para desprogramar: 260
2026-03-10 11:24:09,469 - INFO - 
 Qtd de lotes de LM: 2
2026-03-10 11:24:09,469 - INFO - 
 Qtd de lotes de LV: 1
2026-03-10 11:24:09,469 - INFO - 
 Qtd de lotes de ESTRUTURAL LM: 2
2026-03-10 11:24:09,469 - INFO - 
 Qtd de lotes de LEVE: 4
2026-03-10 11:24:09,469 - INFO - 
 Qtd de lotes para desprogramar: 11
2026-03-10 11:24:09,469 - INFO - 
=== Iniciando lote 1/2 [LM] ===
2026-03-10 11:24:15,911 - INFO - ⌛ Aguardando janela de seleção...
2026-03-10 11:24:26,348 - INFO - Janela de seleção aberta
2026-03-10 11:24:30,590 - INFO - DEBUG: idx=0, inicio=0, fim=25
2026-03-10 11:24:30,590 - INFO - ✅ 25 OS copiadas para a área de transferência.
2026-03-10 11:24:30,590 - INFO - 📋 Lote 1 copiado.
2026-03-10 11:24:38,921 - INFO - ⌛ Esperando mudança visual...
2026-03-10 11:24:39,928 - INFO - ⌛ Esperando mudança visual...
2026-03-10 11:24:40,948 - INFO - ✅ Tela carregada!
2026-03-10 11:24:51,415 - INFO - ⌛ Aguardando janela de confirmação de desbloqueio...
2026-03-10 11:25:06,833 - INFO - 🟨 Registros desbloqueados com sucesso
2026-03-10 11:25:20,374 - INFO - ⌛ Aguardando janela de edição de OS...
2026-03-10 11:25:35,830 - INFO - 🟨 OS programadas detectadas
2026-03-10 11:25:38,991 - INFO - ⌛ Aguardando janela de edição de OS...
2026-03-10 11:25:54,421 - INFO - 🟨 Janela de edição de OS detectada
2026-03-10 11:26:15,792 - INFO - 🟨 Janela de edição de habilidade da turma detectada
2026-03-10 11:27:34,124 - INFO - ⌛ Aguardando detecção do campo de caracteristica 'EQUIPE PRÓPRIA OU EPS' ...
2026-03-10 11:27:53,475 - INFO - 🟨 campo de caracteristica 'EQUIPE PRÓPRIA OU EPS detectado
2026-03-10 11:28:15,267 - INFO - ⌛ Aguardando confirmação 4 - editar OS...
2026-03-10 11:28:30,777 - INFO - ⌛ Aguardando confirmação 4 - editar OS...
2026-03-10 11:28:46,249 - INFO - ⌛ Aguardando confirmação 4 - editar OS...
2026-03-10 11:29:01,721 - INFO - 🟨 Janela de confirmação 4 de edição de OS detectada
2026-03-10 11:29:32,455 - INFO - ⌛ Aguardando janela de confirmação de programação de OS...
2026-03-10 11:29:52,784 - INFO - 🟨 Janela de confirmação de programação de OS detectada
2026-03-10 11:30:06,088 - INFO - 🟨 Janela de aviso de edição de OS programadas detectada
2026-03-10 11:30:10,355 - INFO - ⌛ aguardando janela de programação de lote de OS...
2026-03-10 11:30:30,921 - INFO - 🟨 Janela de aviso de substituição de lote de OS detectada
2026-03-10 11:30:37,198 - INFO - ⌛ aguardando janela de programação de lote de OS...
2026-03-10 11:30:57,761 - INFO - ⌛ aguardando janela de programação de lote de OS...
2026-03-10 11:31:18,330 - INFO - 🟨 Janela de programação de lote de OS detectada
2026-03-10 11:31:55,977 - INFO - 🟨 Janela de confirmação de programação de lote de OS detectada
2026-03-10 11:32:00,281 - INFO - ⌛ aguardando confirmação final de programação do lote
2026-03-10 11:32:20,806 - INFO - ⌛ aguardando confirmação final de programação do lote
2026-03-10 11:32:41,402 - INFO - 🟨 programação do lote 1 efetuado com sucesso
2026-03-10 11:32:51,571 - INFO - 
=== Iniciando lote 2/2 [LM] ===
2026-03-10 11:32:57,930 - INFO - Janela de seleção aberta
2026-03-10 11:33:02,159 - INFO - DEBUG: idx=1, inicio=25, fim=50
2026-03-10 11:33:02,159 - INFO - ✅ 3 OS copiadas para a área de transferência.
2026-03-10 11:33:02,159 - INFO - 📋 Lote 2 copiado.
2026-03-10 11:33:10,494 - INFO - ⌛ Esperando mudança visual...
2026-03-10 11:33:11,508 - INFO - ⌛ Esperando mudança visual...
2026-03-10 11:33:12,524 - INFO - ⌛ Esperando mudança visual...
2026-03-10 11:33:13,539 - INFO - ⌛ Esperando mudança visual...
2026-03-10 11:33:14,556 - INFO - ⌛ Esperando mudança visual...
2026-03-10 11:33:15,571 - INFO - ⌛ Esperando mudança visual...
2026-03-10 11:33:16,587 - INFO - ⌛ Esperando mudança visual...
2026-03-10 11:33:17,604 - INFO - ⌛ Esperando mudança visual...
2026-03-10 11:33:18,617 - INFO - ⌛ Esperando mudança visual...
2026-03-10 11:33:19,634 - INFO - ⌛ Esperando mudança visual...
2026-03-10 11:33:20,638 - INFO - ⌛ Esperando mudança visual...
2026-03-10 11:33:21,650 - INFO - ⌛ Esperando mudança visual...
2026-03-10 11:33:22,680 - INFO - ✅ Tela carregada!
2026-03-10 11:33:33,173 - INFO - ⌛ Aguardando janela de confirmação de desbloqueio...
2026-03-10 11:33:48,640 - INFO - 🟨 Registros desbloqueados com sucesso
2026-03-10 11:34:02,164 - INFO - 🟨 OS programadas detectadas
2026-03-10 11:34:05,339 - INFO - ⌛ Aguardando janela de edição de OS...
2026-03-10 11:34:20,855 - INFO - 🟨 Janela de edição de OS detectada
2026-03-10 11:34:42,228 - INFO - 🟨 Janela de edição de habilidade da turma detectada
2026-03-10 11:36:00,548 - INFO - ⌛ Aguardando detecção do campo de caracteristica 'EQUIPE PRÓPRIA OU EPS' ...
2026-03-10 11:36:19,901 - INFO - 🟨 campo de caracteristica 'EQUIPE PRÓPRIA OU EPS detectado
2026-03-10 11:36:41,704 - INFO - ⌛ Aguardando confirmação 4 - editar OS...
2026-03-10 11:36:57,158 - INFO - 🟨 Janela de confirmação 4 de edição de OS detectada
2026-03-10 11:37:27,846 - INFO - ⌛ Aguardando janela de confirmação de programação de OS...
2026-03-10 11:37:48,175 - INFO - 🟨 Janela de confirmação de programação de OS detectada
2026-03-10 11:38:01,546 - INFO - 🟨 Janela de aviso de edição de OS programadas detectada
2026-03-10 11:38:05,806 - INFO - ⌛ aguardando janela de programação de lote de OS...
2026-03-10 11:38:26,348 - INFO - 🟨 Janela de aviso de substituição de lote de OS detectada
2026-03-10 11:38:32,614 - INFO - ⌛ aguardando janela de programação de lote de OS...
2026-03-10 11:38:53,100 - INFO - 🟨 Janela de programação de lote de OS detectada
2026-03-10 11:39:30,685 - INFO - 🟨 Janela de confirmação de programação de lote de OS detectada
2026-03-10 11:39:34,956 - INFO - ⌛ aguardando confirmação final de programação do lote
2026-03-10 11:39:55,413 - INFO - 🟨 programação do lote 2 efetuado com sucesso
2026-03-10 11:40:05,590 - INFO - 
=== Iniciando lote 1/1 [LV] ===
2026-03-10 11:40:11,936 - INFO - Janela de seleção aberta
2026-03-10 11:40:16,182 - INFO - DEBUG: idx=0, inicio=0, fim=25
2026-03-10 11:40:16,182 - INFO - ✅ 12 OS copiadas para a área de transferência.
2026-03-10 11:40:16,182 - INFO - 📋 Lote 1 copiado.
2026-03-10 11:40:24,510 - INFO - ⌛ Esperando mudança visual...
2026-03-10 11:40:25,526 - INFO - ⌛ Esperando mudança visual...
2026-03-10 11:40:26,542 - INFO - ⌛ Esperando mudança visual...
2026-03-10 11:40:27,557 - INFO - ⌛ Esperando mudança visual...
2026-03-10 11:40:28,572 - INFO - ⌛ Esperando mudança visual...
2026-03-10 11:40:29,589 - INFO - ⌛ Esperando mudança visual...
2026-03-10 11:40:30,604 - INFO - ⌛ Esperando mudança visual...
2026-03-10 11:40:31,622 - INFO - ⌛ Esperando mudança visual...
2026-03-10 11:40:32,636 - INFO - ⌛ Esperando mudança visual...
2026-03-10 11:40:33,651 - INFO - ⌛ Esperando mudança visual...
2026-03-10 11:40:34,667 - INFO - ⌛ Esperando mudança visual...
2026-03-10 11:40:35,683 - INFO - ⌛ Esperando mudança visual...
2026-03-10 11:40:36,698 - INFO - ✅ Tela carregada!
2026-03-10 11:40:47,169 - INFO - ⌛ Aguardando janela de confirmação de desbloqueio...
2026-03-10 11:41:02,594 - INFO - 🟨 Registros desbloqueados com sucesso
2026-03-10 11:41:16,107 - INFO - 🟨 OS programadas detectadas
2026-03-10 11:41:19,267 - INFO - ⌛ Aguardando janela de edição de OS...
2026-03-10 11:41:34,708 - INFO - 🟨 Janela de edição de OS detectada
2026-03-10 11:41:56,078 - INFO - 🟨 Janela de edição de habilidade da turma detectada
2026-03-10 11:43:14,373 - INFO - ⌛ Aguardando detecção do campo de caracteristica 'EQUIPE PRÓPRIA OU EPS' ...
2026-03-10 11:43:33,737 - INFO - 🟨 campo de caracteristica 'EQUIPE PRÓPRIA OU EPS detectado
2026-03-10 11:43:55,525 - INFO - ⌛ Aguardando confirmação 4 - editar OS...
2026-03-10 11:44:10,961 - INFO - 🟨 Janela de confirmação 4 de edição de OS detectada
2026-03-10 11:44:41,663 - INFO - ⌛ Aguardando janela de confirmação de programação de OS...
2026-03-10 11:45:02,046 - INFO - 🟨 Janela de confirmação de programação de OS detectada
2026-03-10 11:45:15,418 - INFO - 🟨 Janela de aviso de edição de OS programadas detectada
2026-03-10 11:45:19,702 - INFO - ⌛ aguardando janela de programação de lote de OS...
2026-03-10 11:45:40,235 - INFO - 🟨 Janela de aviso de substituição de lote de OS detectada
2026-03-10 11:45:46,490 - INFO - ⌛ aguardando janela de programação de lote de OS...
2026-03-10 11:46:06,982 - INFO - 🟨 Janela de programação de lote de OS detectada
2026-03-10 11:46:44,554 - INFO - 🟨 Janela de confirmação de programação de lote de OS detectada
2026-03-10 11:46:48,814 - INFO - ⌛ aguardando confirmação final de programação do lote
2026-03-10 11:47:09,302 - INFO - 🟨 programação do lote 1 efetuado com sucesso
2026-03-10 11:47:19,470 - INFO - 
=== Iniciando lote 1/2 [REDES] ===
2026-03-10 11:47:25,832 - INFO - Janela de seleção aberta
2026-03-10 11:47:30,059 - INFO - DEBUG: idx=0, inicio=0, fim=25
2026-03-10 11:47:30,059 - INFO - ✅ 25 OS copiadas para a área de transferência.
2026-03-10 11:47:30,059 - INFO - 📋 Lote 1 copiado.
2026-03-10 11:47:38,393 - INFO - ⌛ Esperando mudança visual...
2026-03-10 11:47:39,412 - INFO - ⌛ Esperando mudança visual...
2026-03-10 11:47:40,428 - INFO - ⌛ Esperando mudança visual...
2026-03-10 11:47:41,447 - INFO - ⌛ Esperando mudança visual...
2026-03-10 11:47:42,459 - INFO - ⌛ Esperando mudança visual...
2026-03-10 11:47:43,476 - INFO - ⌛ Esperando mudança visual...
2026-03-10 11:47:44,491 - INFO - ⌛ Esperando mudança visual...
2026-03-10 11:47:45,498 - INFO - ⌛ Esperando mudança visual...
2026-03-10 11:47:46,510 - INFO - ⌛ Esperando mudança visual...
2026-03-10 11:47:47,521 - INFO - ⌛ Esperando mudança visual...
2026-03-10 11:47:48,537 - INFO - ⌛ Esperando mudança visual...
2026-03-10 11:47:49,552 - INFO - ✅ Tela carregada!
2026-03-10 11:48:00,051 - INFO - ⌛ Aguardando janela de confirmação de desbloqueio...
2026-03-10 11:48:15,548 - INFO - ⌛ Aguardando janela de confirmação de desbloqueio...
2026-03-10 11:48:31,020 - INFO - ⌛ Aguardando janela de confirmação de desbloqueio...
2026-03-10 11:48:46,441 - INFO - ⌛ Aguardando janela de confirmação de desbloqueio...
2026-03-10 11:49:01,891 - INFO - ⌛ Aguardando janela de confirmação de desbloqueio...
2026-03-10 11:49:17,282 - INFO - ⌛ Aguardando janela de confirmação de desbloqueio...
2026-03-10 11:49:32,709 - INFO - ⌛ Aguardando janela de confirmação de desbloqueio...
2026-03-10 11:49:48,145 - INFO - ⌛ Aguardando janela de confirmação de desbloqueio...
2026-03-10 11:50:03,537 - INFO - ⌛ Aguardando janela de confirmação de desbloqueio...
2026-03-10 11:50:18,981 - INFO - ⌛ Aguardando janela de confirmação de desbloqueio...
2026-03-10 11:50:34,359 - INFO - ⌛ Aguardando janela de confirmação de desbloqueio...
2026-03-10 11:50:49,748 - INFO - ⌛ Aguardando janela de confirmação de desbloqueio...
2026-03-10 11:51:05,268 - INFO - ⌛ Aguardando janela de confirmação de desbloqueio...
2026-03-10 11:51:20,944 - INFO - 🟨 Registros desbloqueados com sucesso
2026-03-10 11:51:34,449 - INFO - 🟨 OS programadas detectadas
2026-03-10 11:51:37,662 - INFO - ⌛ Aguardando janela de edição de OS...
2026-03-10 11:51:53,157 - INFO - 🟨 Janela de edição de OS detectada
2026-03-10 11:52:14,501 - INFO - 🟨 Janela de edição de habilidade da turma detectada
2026-03-10 11:53:32,837 - INFO - ⌛ Aguardando detecção do campo de caracteristica 'EQUIPE PRÓPRIA OU EPS' ...
2026-03-10 11:53:52,183 - INFO - 🟨 campo de caracteristica 'EQUIPE PRÓPRIA OU EPS detectado
2026-03-10 11:54:13,962 - INFO - ⌛ Aguardando confirmação 4 - editar OS...
2026-03-10 11:54:29,425 - INFO - 🟨 Janela de confirmação 4 de edição de OS detectada
2026-03-10 11:55:00,136 - INFO - ⌛ Aguardando janela de confirmação de programação de OS...
2026-03-10 11:55:20,554 - INFO - 🟨 Janela de confirmação de programação de OS detectada
2026-03-10 11:55:33,890 - INFO - 🟨 Janela de aviso de edição de OS programadas detectada
2026-03-10 11:55:38,170 - INFO - ⌛ aguardando janela de programação de lote de OS...
2026-03-10 11:55:58,792 - INFO - 🟨 Janela de aviso de substituição de lote de OS detectada
2026-03-10 11:56:05,064 - INFO - ⌛ aguardando janela de programação de lote de OS...
2026-03-10 11:56:25,580 - INFO - 🟨 Janela de programação de lote de OS detectada
2026-03-10 11:57:03,193 - INFO - 🟨 Janela de confirmação de programação de lote de OS detectada
2026-03-10 11:57:07,478 - INFO - ⌛ aguardando confirmação final de programação do lote
2026-03-10 11:57:28,047 - INFO - 🟨 programação do lote 1 efetuado com sucesso
2026-03-10 11:57:38,215 - INFO - 
=== Iniciando lote 2/2 [REDES] ===
2026-03-10 11:57:44,571 - INFO - Janela de seleção aberta
2026-03-10 11:57:48,807 - INFO - DEBUG: idx=1, inicio=25, fim=50
2026-03-10 11:57:48,807 - INFO - ✅ 25 OS copiadas para a área de transferência.
2026-03-10 11:57:48,807 - INFO - 📋 Lote 2 copiado.
2026-03-10 11:57:57,145 - INFO - ⌛ Esperando mudança visual...
2026-03-10 11:57:58,166 - INFO - ⌛ Esperando mudança visual...
2026-03-10 11:57:59,171 - INFO - ⌛ Esperando mudança visual...
2026-03-10 11:58:00,181 - INFO - ⌛ Esperando mudança visual...
2026-03-10 11:58:01,197 - INFO - ⌛ Esperando mudança visual...
2026-03-10 11:58:02,213 - INFO - ⌛ Esperando mudança visual...
2026-03-10 11:58:03,220 - INFO - ⌛ Esperando mudança visual...
2026-03-10 11:58:04,227 - INFO - ⌛ Esperando mudança visual...
2026-03-10 11:58:05,259 - INFO - ⌛ Esperando mudança visual...
2026-03-10 11:58:06,275 - INFO - ⌛ Esperando mudança visual...
2026-03-10 11:58:07,291 - INFO - ⌛ Esperando mudança visual...
2026-03-10 11:58:08,306 - INFO - ✅ Tela carregada!
2026-03-10 11:58:18,802 - INFO - ⌛ Aguardando janela de confirmação de desbloqueio...
2026-03-10 11:58:34,274 - INFO - 🟨 Registros desbloqueados com sucesso
2026-03-10 11:58:47,792 - INFO - ⌛ Aguardando janela de edição de OS...
2026-03-10 11:59:03,248 - INFO - 🟨 OS programadas detectadas
2026-03-10 11:59:06,434 - INFO - ⌛ Aguardando janela de edição de OS...
2026-03-10 11:59:22,013 - INFO - 🟨 Janela de edição de OS detectada
2026-03-10 11:59:43,401 - INFO - 🟨 Janela de edição de habilidade da turma detectada
2026-03-10 12:01:01,725 - INFO - ⌛ Aguardando detecção do campo de caracteristica 'EQUIPE PRÓPRIA OU EPS' ...
2026-03-10 12:01:21,084 - INFO - 🟨 campo de caracteristica 'EQUIPE PRÓPRIA OU EPS detectado
2026-03-10 12:01:42,927 - INFO - ⌛ Aguardando confirmação 4 - editar OS...
2026-03-10 12:01:58,402 - INFO - ⌛ Aguardando confirmação 4 - editar OS...
2026-03-10 12:02:13,974 - INFO - ⌛ Aguardando confirmação 4 - editar OS...
2026-03-10 12:02:29,469 - INFO - 🟨 Janela de confirmação 4 de edição de OS detectada
2026-03-10 12:03:00,225 - INFO - ⌛ Aguardando janela de confirmação de programação de OS...
2026-03-10 12:03:20,684 - INFO - 🟨 Janela de confirmação de programação de OS detectada
2026-03-10 12:03:34,030 - INFO - 🟨 Janela de aviso de edição de OS programadas detectada
2026-03-10 12:03:38,299 - INFO - ⌛ aguardando janela de programação de lote de OS...
2026-03-10 12:03:58,916 - INFO - 🟨 Janela de aviso de substituição de lote de OS detectada
2026-03-10 12:04:05,184 - INFO - ⌛ aguardando janela de programação de lote de OS...
2026-03-10 12:04:25,698 - INFO - 🟨 Janela de programação de lote de OS detectada
2026-03-10 12:05:03,284 - INFO - 🟨 Janela de confirmação de programação de lote de OS detectada
2026-03-10 12:05:07,590 - INFO - ⌛ aguardando confirmação final de programação do lote
2026-03-10 12:05:28,112 - INFO - ⌛ aguardando confirmação final de programação do lote
2026-03-10 12:05:48,690 - INFO - 🟨 programação do lote 2 efetuado com sucesso
2026-03-10 12:05:58,850 - INFO - 
=== Iniciando lote 1/4 [LEVE] ===
2026-03-10 12:06:05,211 - INFO - Janela de seleção aberta
2026-03-10 12:06:09,445 - INFO - DEBUG: idx=0, inicio=0, fim=25
2026-03-10 12:06:09,445 - INFO - ✅ 25 OS copiadas para a área de transferência.
2026-03-10 12:06:09,445 - INFO - 📋 Lote 1 copiado.
2026-03-10 12:06:17,772 - INFO - ⌛ Esperando mudança visual...
2026-03-10 12:06:18,792 - INFO - ⌛ Esperando mudança visual...
2026-03-10 12:06:19,805 - INFO - ⌛ Esperando mudança visual...
2026-03-10 12:06:20,820 - INFO - ⌛ Esperando mudança visual...
2026-03-10 12:06:21,836 - INFO - ⌛ Esperando mudança visual...
2026-03-10 12:06:22,852 - INFO - ⌛ Esperando mudança visual...
2026-03-10 12:06:23,867 - INFO - ⌛ Esperando mudança visual...
2026-03-10 12:06:24,882 - INFO - ⌛ Esperando mudança visual...
2026-03-10 12:06:25,902 - INFO - ⌛ Esperando mudança visual...
2026-03-10 12:06:26,914 - INFO - ⌛ Esperando mudança visual...
2026-03-10 12:06:27,930 - INFO - ⌛ Esperando mudança visual...
2026-03-10 12:06:28,945 - INFO - ⌛ Esperando mudança visual...
2026-03-10 12:06:29,961 - INFO - ✅ Tela carregada!
2026-03-10 12:06:40,449 - INFO - ⌛ Aguardando janela de confirmação de desbloqueio...
2026-03-10 12:06:55,894 - INFO - 🟨 Registros desbloqueados com sucesso
2026-03-10 12:07:09,409 - INFO - ⌛ Aguardando janela de edição de OS...
2026-03-10 12:07:24,841 - INFO - 🟨 Janela de edição de OS detectada
2026-03-10 12:07:46,207 - INFO - 🟨 Janela de edição de habilidade da turma detectada
2026-03-10 12:09:04,552 - INFO - ⌛ Aguardando detecção do campo de caracteristica 'EQUIPE PRÓPRIA OU EPS' ...
2026-03-10 12:09:23,933 - INFO - 🟨 campo de caracteristica 'EQUIPE PRÓPRIA OU EPS detectado
2026-03-10 12:09:45,725 - INFO - ⌛ Aguardando confirmação 4 - editar OS...
2026-03-10 12:10:01,197 - INFO - ⌛ Aguardando confirmação 4 - editar OS...
2026-03-10 12:10:16,680 - INFO - ⌛ Aguardando confirmação 4 - editar OS...
2026-03-10 12:10:32,235 - INFO - 🟨 Janela de confirmação 4 de edição de OS detectada
2026-03-10 12:11:02,977 - INFO - ⌛ Aguardando janela de confirmação de programação de OS...
2026-03-10 12:11:23,338 - INFO - 🟨 Janela de confirmação de programação de OS detectada
2026-03-10 12:11:36,616 - INFO - ⌛ aguardando janela de programação de lote de OS...
2026-03-10 12:11:57,155 - INFO - 🟨 Janela de programação de lote de OS detectada
2026-03-10 12:12:34,757 - INFO - 🟨 Janela de confirmação de programação de lote de OS detectada
2026-03-10 12:12:39,028 - INFO - ⌛ aguardando confirmação final de programação do lote
2026-03-10 12:12:59,608 - INFO - 🟨 programação do lote 1 efetuado com sucesso
2026-03-10 12:13:09,783 - INFO - 
=== Iniciando lote 2/4 [LEVE] ===
2026-03-10 12:13:16,121 - INFO - Janela de seleção aberta
2026-03-10 12:13:20,381 - INFO - DEBUG: idx=1, inicio=25, fim=50
2026-03-10 12:13:20,381 - INFO - ✅ 25 OS copiadas para a área de transferência.
2026-03-10 12:13:20,381 - INFO - 📋 Lote 2 copiado.
2026-03-10 12:13:28,715 - INFO - ⌛ Esperando mudança visual...
2026-03-10 12:13:29,730 - INFO - ⌛ Esperando mudança visual...
2026-03-10 12:13:30,749 - INFO - ⌛ Esperando mudança visual...
2026-03-10 12:13:31,764 - INFO - ⌛ Esperando mudança visual...
2026-03-10 12:13:32,777 - INFO - ⌛ Esperando mudança visual...
2026-03-10 12:13:33,793 - INFO - ⌛ Esperando mudança visual...
2026-03-10 12:13:34,808 - INFO - ⌛ Esperando mudança visual...
2026-03-10 12:13:35,824 - INFO - ⌛ Esperando mudança visual...
2026-03-10 12:13:36,839 - INFO - ⌛ Esperando mudança visual...
2026-03-10 12:13:37,864 - INFO - ⌛ Esperando mudança visual...
2026-03-10 12:13:38,871 - INFO - ⌛ Esperando mudança visual...
2026-03-10 12:13:39,903 - INFO - ✅ Tela carregada!
2026-03-10 12:13:50,380 - INFO - ⌛ Aguardando janela de confirmação de desbloqueio...
2026-03-10 12:14:05,813 - INFO - 🟨 Registros desbloqueados com sucesso
2026-03-10 12:14:19,348 - INFO - ⌛ Aguardando janela de edição de OS...
2026-03-10 12:14:34,819 - INFO - 🟨 Janela de edição de OS detectada
2026-03-10 12:14:56,190 - INFO - 🟨 Janela de edição de habilidade da turma detectada
2026-03-10 12:16:14,502 - INFO - ⌛ Aguardando detecção do campo de caracteristica 'EQUIPE PRÓPRIA OU EPS' ...
2026-03-10 12:16:33,851 - INFO - 🟨 campo de caracteristica 'EQUIPE PRÓPRIA OU EPS detectado
2026-03-10 12:16:55,624 - INFO - ⌛ Aguardando confirmação 4 - editar OS...
2026-03-10 12:17:11,076 - INFO - ⌛ Aguardando confirmação 4 - editar OS...
2026-03-10 12:17:26,564 - INFO - ⌛ Aguardando confirmação 4 - editar OS...
2026-03-10 12:17:42,012 - INFO - 🟨 Janela de confirmação 4 de edição de OS detectada
2026-03-10 12:18:12,743 - INFO - ⌛ Aguardando janela de confirmação de programação de OS...
2026-03-10 12:18:33,081 - INFO - 🟨 Janela de confirmação de programação de OS detectada
2026-03-10 12:18:46,344 - INFO - ⌛ aguardando janela de programação de lote de OS...
2026-03-10 12:19:06,849 - INFO - 🟨 Janela de programação de lote de OS detectada
2026-03-10 12:19:44,414 - INFO - 🟨 Janela de confirmação de programação de lote de OS detectada
2026-03-10 12:19:48,664 - INFO - ⌛ aguardando confirmação final de programação do lote
2026-03-10 12:20:09,181 - INFO - 🟨 programação do lote 2 efetuado com sucesso
2026-03-10 12:20:19,336 - INFO - 
=== Iniciando lote 3/4 [LEVE] ===
2026-03-10 12:20:25,704 - INFO - Janela de seleção aberta
2026-03-10 12:20:29,957 - INFO - DEBUG: idx=2, inicio=50, fim=75
2026-03-10 12:20:29,957 - INFO - ✅ 25 OS copiadas para a área de transferência.
2026-03-10 12:20:29,957 - INFO - 📋 Lote 3 copiado.
2026-03-10 12:20:38,284 - INFO - ⌛ Esperando mudança visual...
2026-03-10 12:20:39,308 - INFO - ⌛ Esperando mudança visual...
2026-03-10 12:20:40,322 - INFO - ⌛ Esperando mudança visual...
2026-03-10 12:20:41,337 - INFO - ⌛ Esperando mudança visual...
2026-03-10 12:20:42,353 - INFO - ⌛ Esperando mudança visual...
2026-03-10 12:20:43,368 - INFO - ⌛ Esperando mudança visual...
2026-03-10 12:20:44,384 - INFO - ⌛ Esperando mudança visual...
2026-03-10 12:20:45,387 - INFO - ⌛ Esperando mudança visual...
2026-03-10 12:20:46,399 - INFO - ⌛ Esperando mudança visual...
2026-03-10 12:20:47,414 - INFO - ⌛ Esperando mudança visual...
2026-03-10 12:20:48,430 - INFO - ✅ Tela carregada!
2026-03-10 12:20:58,914 - INFO - ⌛ Aguardando janela de confirmação de desbloqueio...
2026-03-10 12:21:14,391 - INFO - 🟨 Registros desbloqueados com sucesso
2026-03-10 12:21:27,936 - INFO - ⌛ Aguardando janela de edição de OS...
2026-03-10 12:21:43,407 - INFO - 🟨 Janela de edição de OS detectada
2026-03-10 12:22:04,761 - INFO - 🟨 Janela de edição de habilidade da turma detectada
2026-03-10 12:23:23,076 - INFO - ⌛ Aguardando detecção do campo de caracteristica 'EQUIPE PRÓPRIA OU EPS' ...
2026-03-10 12:23:42,423 - INFO - 🟨 campo de caracteristica 'EQUIPE PRÓPRIA OU EPS detectado
2026-03-10 12:24:04,232 - INFO - ⌛ Aguardando confirmação 4 - editar OS...
2026-03-10 12:24:19,712 - INFO - ⌛ Aguardando confirmação 4 - editar OS...
2026-03-10 12:24:35,247 - INFO - ⌛ Aguardando confirmação 4 - editar OS...
2026-03-10 12:24:50,785 - INFO - 🟨 Janela de confirmação 4 de edição de OS detectada
2026-03-10 12:25:21,488 - INFO - ⌛ Aguardando janela de confirmação de programação de OS...
2026-03-10 12:25:41,842 - INFO - 🟨 Janela de confirmação de programação de OS detectada
2026-03-10 12:25:55,104 - INFO - ⌛ aguardando janela de programação de lote de OS...
2026-03-10 12:26:15,606 - INFO - 🟨 Janela de programação de lote de OS detectada
2026-03-10 12:26:53,259 - INFO - 🟨 Janela de confirmação de programação de lote de OS detectada
2026-03-10 12:26:57,510 - INFO - ⌛ aguardando confirmação final de programação do lote
2026-03-10 12:27:18,028 - INFO - 🟨 programação do lote 3 efetuado com sucesso
2026-03-10 12:27:28,196 - INFO - 
=== Iniciando lote 4/4 [LEVE] ===
2026-03-10 12:27:34,584 - INFO - Janela de seleção aberta
2026-03-10 12:27:38,824 - INFO - DEBUG: idx=3, inicio=75, fim=100
2026-03-10 12:27:38,824 - INFO - ✅ 16 OS copiadas para a área de transferência.
2026-03-10 12:27:38,824 - INFO - 📋 Lote 4 copiado.
2026-03-10 12:27:47,152 - INFO - ⌛ Esperando mudança visual...
2026-03-10 12:27:48,169 - INFO - ⌛ Esperando mudança visual...
2026-03-10 12:27:49,170 - INFO - ⌛ Esperando mudança visual...
2026-03-10 12:27:50,187 - INFO - ⌛ Esperando mudança visual...
2026-03-10 12:27:51,196 - INFO - ⌛ Esperando mudança visual...
2026-03-10 12:27:52,212 - INFO - ⌛ Esperando mudança visual...
2026-03-10 12:27:53,227 - INFO - ⌛ Esperando mudança visual...
2026-03-10 12:27:54,259 - INFO - ⌛ Esperando mudança visual...
2026-03-10 12:27:55,275 - INFO - ⌛ Esperando mudança visual...
2026-03-10 12:27:56,294 - INFO - ⌛ Esperando mudança visual...
2026-03-10 12:27:57,308 - INFO - ⌛ Esperando mudança visual...
2026-03-10 12:27:58,326 - INFO - ✅ Tela carregada!
2026-03-10 12:28:08,807 - INFO - ⌛ Aguardando janela de confirmação de desbloqueio...
2026-03-10 12:28:24,211 - INFO - 🟨 Registros desbloqueados com sucesso
2026-03-10 12:28:37,748 - INFO - ⌛ Aguardando janela de edição de OS...
2026-03-10 12:28:53,197 - INFO - 🟨 Janela de edição de OS detectada
2026-03-10 12:29:14,556 - INFO - 🟨 Janela de edição de habilidade da turma detectada
2026-03-10 12:30:32,889 - INFO - ⌛ Aguardando detecção do campo de caracteristica 'EQUIPE PRÓPRIA OU EPS' ...
2026-03-10 12:30:52,242 - INFO - 🟨 campo de caracteristica 'EQUIPE PRÓPRIA OU EPS detectado
2026-03-10 12:31:14,079 - INFO - ⌛ Aguardando confirmação 4 - editar OS...
2026-03-10 12:31:29,555 - INFO - ⌛ Aguardando confirmação 4 - editar OS...
2026-03-10 12:31:45,062 - INFO - 🟨 Janela de confirmação 4 de edição de OS detectada
2026-03-10 12:32:15,793 - INFO - ⌛ Aguardando janela de confirmação de programação de OS...
2026-03-10 12:32:36,171 - INFO - 🟨 Janela de confirmação de programação de OS detectada
2026-03-10 12:32:49,494 - INFO - ⌛ aguardando janela de programação de lote de OS...
2026-03-10 12:33:10,073 - INFO - 🟨 Janela de programação de lote de OS detectada
2026-03-10 12:33:47,643 - INFO - 🟨 Janela de confirmação de programação de lote de OS detectada
2026-03-10 12:33:51,939 - INFO - ⌛ aguardando confirmação final de programação do lote
2026-03-10 12:34:12,509 - INFO - 🟨 programação do lote 4 efetuado com sucesso
2026-03-10 12:34:22,699 - INFO - 
=== Iniciando lote 1/11 [DESPROGAMAR] ===
2026-03-10 12:34:29,064 - INFO - Janela de seleção aberta
2026-03-10 12:34:33,299 - INFO - DEBUG: idx=0, inicio=0, fim=25
2026-03-10 12:34:33,299 - INFO - ✅ 25 OS copiadas para a área de transferência.
2026-03-10 12:34:33,299 - INFO - 📋 Lote 1 copiado.
2026-03-10 12:34:41,645 - INFO - ⌛ Esperando mudança visual...
2026-03-10 12:34:42,660 - INFO - ⌛ Esperando mudança visual...
2026-03-10 12:34:43,674 - INFO - ⌛ Esperando mudança visual...
2026-03-10 12:34:44,689 - INFO - ⌛ Esperando mudança visual...
2026-03-10 12:34:45,704 - INFO - ⌛ Esperando mudança visual...
2026-03-10 12:34:46,720 - INFO - ⌛ Esperando mudança visual...
2026-03-10 12:34:47,736 - INFO - ⌛ Esperando mudança visual...
2026-03-10 12:34:48,753 - INFO - ⌛ Esperando mudança visual...
2026-03-10 12:34:49,769 - INFO - ⌛ Esperando mudança visual...
2026-03-10 12:34:50,783 - INFO - ⌛ Esperando mudança visual...
2026-03-10 12:34:51,799 - INFO - ⌛ Esperando mudança visual...
2026-03-10 12:34:52,814 - INFO - ⌛ Esperando mudança visual...
2026-03-10 12:34:53,830 - INFO - ✅ Tela carregada!
2026-03-10 12:35:04,320 - INFO - ⌛ Aguardando janela de confirmação de desbloqueio...
2026-03-10 12:35:19,737 - INFO - 🟨 Registros desbloqueados com sucesso
2026-03-10 12:35:32,309 - INFO - 🟨 Janela de confirmação de desprogramação detectada
2026-03-10 12:35:35,624 - INFO - 🟨 Janela de aviso de desprogramação detectada
2026-03-10 12:35:37,782 - INFO - ⌛ Aguardando janela de confirmação de desprogramação 2 ...
2026-03-10 12:35:53,190 - INFO - 🟨 Janela de confirmação 2 de desprogramação detectada
2026-03-10 12:36:00,414 - INFO - ⌛ Aguardando janela de sucesso ...
2026-03-10 12:36:15,826 - INFO - 🟨 lote desprogramado com sucesso
2026-03-10 12:36:17,990 - INFO - 
=== Iniciando lote 2/11 [DESPROGAMAR] ===
2026-03-10 12:36:24,338 - INFO - Janela de seleção aberta
2026-03-10 12:36:28,585 - INFO - DEBUG: idx=1, inicio=25, fim=50
2026-03-10 12:36:28,585 - INFO - ✅ 25 OS copiadas para a área de transferência.
2026-03-10 12:36:28,585 - INFO - 📋 Lote 2 copiado.
2026-03-10 12:36:36,913 - INFO - ⌛ Esperando mudança visual...
2026-03-10 12:36:37,929 - INFO - ⌛ Esperando mudança visual...
2026-03-10 12:36:38,948 - INFO - ⌛ Esperando mudança visual...
2026-03-10 12:36:39,952 - INFO - ⌛ Esperando mudança visual...
2026-03-10 12:36:40,975 - INFO - ⌛ Esperando mudança visual...
2026-03-10 12:36:41,990 - INFO - ⌛ Esperando mudança visual...
2026-03-10 12:36:43,005 - INFO - ⌛ Esperando mudança visual...
2026-03-10 12:36:44,023 - INFO - ⌛ Esperando mudança visual...
2026-03-10 12:36:45,038 - INFO - ⌛ Esperando mudança visual...
2026-03-10 12:36:46,053 - INFO - ⌛ Esperando mudança visual...
2026-03-10 12:36:47,072 - INFO - ⌛ Esperando mudança visual...
2026-03-10 12:36:48,085 - INFO - ✅ Tela carregada!
2026-03-10 12:36:58,578 - INFO - ⌛ Aguardando janela de confirmação de desbloqueio...
2026-03-10 12:37:14,053 - INFO - 🟨 Registros desbloqueados com sucesso
2026-03-10 12:37:26,625 - INFO - 🟨 Janela de confirmação de desprogramação detectada
2026-03-10 12:37:29,932 - INFO - 🟨 Janela de aviso de desprogramação detectada
2026-03-10 12:37:32,107 - INFO - ⌛ Aguardando janela de confirmação de desprogramação 2 ...
2026-03-10 12:37:47,523 - INFO - 🟨 Janela de confirmação 2 de desprogramação detectada
2026-03-10 12:37:54,743 - INFO - ⌛ Aguardando janela de sucesso ...
2026-03-10 12:38:10,169 - INFO - 🟨 lote desprogramado com sucesso
2026-03-10 12:38:12,343 - INFO - 
=== Iniciando lote 3/11 [DESPROGAMAR] ===
2026-03-10 12:38:18,719 - INFO - Janela de seleção aberta
2026-03-10 12:38:22,970 - INFO - DEBUG: idx=2, inicio=50, fim=75
2026-03-10 12:38:22,970 - INFO - ✅ 25 OS copiadas para a área de transferência.
2026-03-10 12:38:22,970 - INFO - 📋 Lote 3 copiado.
2026-03-10 12:38:31,300 - INFO - ⌛ Esperando mudança visual...
2026-03-10 12:38:32,319 - INFO - ⌛ Esperando mudança visual...
2026-03-10 12:38:33,330 - INFO - ⌛ Esperando mudança visual...
2026-03-10 12:38:34,353 - INFO - ⌛ Esperando mudança visual...
2026-03-10 12:38:35,369 - INFO - ⌛ Esperando mudança visual...
2026-03-10 12:38:36,378 - INFO - ⌛ Esperando mudança visual...
2026-03-10 12:38:37,393 - INFO - ⌛ Esperando mudança visual...
2026-03-10 12:38:38,396 - INFO - ⌛ Esperando mudança visual...
2026-03-10 12:38:39,419 - INFO - ⌛ Esperando mudança visual...
2026-03-10 12:38:40,426 - INFO - ⌛ Esperando mudança visual...
2026-03-10 12:38:41,440 - INFO - ✅ Tela carregada!
2026-03-10 12:38:51,911 - INFO - ⌛ Aguardando janela de confirmação de desbloqueio...
2026-03-10 12:39:07,371 - INFO - ⌛ Aguardando janela de confirmação de desbloqueio...
2026-03-10 12:39:22,824 - INFO - 🟨 Registros desbloqueados com sucesso
2026-03-10 12:39:35,407 - INFO - 🟨 Janela de confirmação de desprogramação detectada
2026-03-10 12:39:38,697 - INFO - 🟨 OS não programada detectada
2026-03-10 12:39:45,851 - INFO - OS NÃO PROGRMADAS DETECTADAS PULANDO LOTE
2026-03-10 12:39:45,851 - INFO - 
=== Iniciando lote 4/11 [DESPROGAMAR] ===
2026-03-10 12:39:52,210 - INFO - Janela de seleção aberta
2026-03-10 12:39:56,432 - INFO - DEBUG: idx=3, inicio=75, fim=100
2026-03-10 12:39:56,432 - INFO - ✅ 25 OS copiadas para a área de transferência.
2026-03-10 12:39:56,432 - INFO - 📋 Lote 4 copiado.
2026-03-10 12:40:04,773 - INFO - ⌛ Esperando mudança visual...
2026-03-10 12:40:05,779 - INFO - ⌛ Esperando mudança visual...
2026-03-10 12:40:06,804 - INFO - ⌛ Esperando mudança visual...
2026-03-10 12:40:07,821 - INFO - ⌛ Esperando mudança visual...
2026-03-10 12:40:08,836 - INFO - ⌛ Esperando mudança visual...
2026-03-10 12:40:09,853 - INFO - ⌛ Esperando mudança visual...
2026-03-10 12:40:10,868 - INFO - ⌛ Esperando mudança visual...
2026-03-10 12:40:11,887 - INFO - ⌛ Esperando mudança visual...
2026-03-10 12:40:12,899 - INFO - ⌛ Esperando mudança visual...
2026-03-10 12:40:13,918 - INFO - ✅ Tela carregada!
2026-03-10 12:40:24,377 - INFO - ⌛ Aguardando janela de confirmação de desbloqueio...
2026-03-10 12:40:39,819 - INFO - 🟨 Registros desbloqueados com sucesso
2026-03-10 12:40:52,393 - INFO - 🟨 Janela de confirmação de desprogramação detectada
2026-03-10 12:40:55,693 - INFO - 🟨 Janela de aviso de desprogramação detectada
2026-03-10 12:40:57,871 - INFO - ⌛ Aguardando janela de confirmação de desprogramação 2 ...
2026-03-10 12:41:13,284 - INFO - 🟨 Janela de confirmação 2 de desprogramação detectada
2026-03-10 12:41:20,511 - INFO - ⌛ Aguardando janela de sucesso ...
2026-03-10 12:41:35,925 - INFO - 🟨 lote desprogramado com sucesso
2026-03-10 12:41:38,091 - INFO - 
=== Iniciando lote 5/11 [DESPROGAMAR] ===
2026-03-10 12:41:44,465 - INFO - Janela de seleção aberta
2026-03-10 12:41:48,703 - INFO - DEBUG: idx=4, inicio=100, fim=125
2026-03-10 12:41:48,703 - INFO - ✅ 25 OS copiadas para a área de transferência.
2026-03-10 12:41:48,703 - INFO - 📋 Lote 5 copiado.
2026-03-10 12:41:57,033 - INFO - ⌛ Esperando mudança visual...
2026-03-10 12:41:58,046 - INFO - ⌛ Esperando mudança visual...
2026-03-10 12:41:59,061 - INFO - ⌛ Esperando mudança visual...
2026-03-10 12:42:00,077 - INFO - ⌛ Esperando mudança visual...
2026-03-10 12:42:01,085 - INFO - ⌛ Esperando mudança visual...
2026-03-10 12:42:02,102 - INFO - ⌛ Esperando mudança visual...
2026-03-10 12:42:03,106 - INFO - ⌛ Esperando mudança visual...
2026-03-10 12:42:04,123 - INFO - ⌛ Esperando mudança visual...
2026-03-10 12:42:05,156 - INFO - ⌛ Esperando mudança visual...
2026-03-10 12:42:06,170 - INFO - ✅ Tela carregada!
2026-03-10 12:42:16,628 - INFO - ⌛ Aguardando janela de confirmação de desbloqueio...
2026-03-10 12:42:32,094 - INFO - 🟨 Registros desbloqueados com sucesso
2026-03-10 12:42:44,669 - INFO - ⌛ Aguardando janela de confirmação de desprogramação ...
2026-03-10 12:43:00,178 - INFO - 🟨 Janela de confirmação de desprogramação detectada
2026-03-10 12:43:03,474 - INFO - 🟨 Janela de aviso de desprogramação detectada
2026-03-10 12:43:05,631 - INFO - ⌛ Aguardando janela de confirmação de desprogramação 2 ...
2026-03-10 12:43:21,125 - INFO - 🟨 Janela de confirmação 2 de desprogramação detectada
2026-03-10 12:43:28,351 - INFO - ⌛ Aguardando janela de sucesso ...
2026-03-10 12:43:43,757 - INFO - 🟨 lote desprogramado com sucesso
2026-03-10 12:43:45,933 - INFO - 
=== Iniciando lote 6/11 [DESPROGAMAR] ===
2026-03-10 12:43:52,292 - INFO - Janela de seleção aberta
2026-03-10 12:43:56,526 - INFO - DEBUG: idx=5, inicio=125, fim=150
2026-03-10 12:43:56,526 - INFO - ✅ 25 OS copiadas para a área de transferência.
2026-03-10 12:43:56,526 - INFO - 📋 Lote 6 copiado.
2026-03-10 12:44:04,847 - INFO - ⌛ Esperando mudança visual...
2026-03-10 12:44:05,870 - INFO - ⌛ Esperando mudança visual...
2026-03-10 12:44:06,886 - INFO - ⌛ Esperando mudança visual...
2026-03-10 12:44:07,902 - INFO - ⌛ Esperando mudança visual...
2026-03-10 12:44:08,917 - INFO - ⌛ Esperando mudança visual...
2026-03-10 12:44:09,933 - INFO - ⌛ Esperando mudança visual...
2026-03-10 12:44:10,948 - INFO - ⌛ Esperando mudança visual...
2026-03-10 12:44:11,964 - INFO - ⌛ Esperando mudança visual...
2026-03-10 12:44:12,979 - INFO - ⌛ Esperando mudança visual...
2026-03-10 12:44:13,998 - INFO - ✅ Tela carregada!
2026-03-10 12:44:24,459 - INFO - ⌛ Aguardando janela de confirmação de desbloqueio...
2026-03-10 12:44:39,917 - INFO - 🟨 Registros desbloqueados com sucesso
2026-03-10 12:44:52,498 - INFO - ⌛ Aguardando janela de confirmação de desprogramação ...
2026-03-10 12:45:07,922 - INFO - 🟨 Janela de confirmação de desprogramação detectada
2026-03-10 12:45:11,192 - INFO - 🟨 Janela de aviso de desprogramação detectada
2026-03-10 12:45:13,356 - INFO - ⌛ Aguardando janela de confirmação de desprogramação 2 ...
2026-03-10 12:45:28,772 - INFO - 🟨 Janela de confirmação 2 de desprogramação detectada
2026-03-10 12:45:35,989 - INFO - ⌛ Aguardando janela de sucesso ...
2026-03-10 12:45:51,392 - INFO - 🟨 lote desprogramado com sucesso
2026-03-10 12:45:53,558 - INFO - 
=== Iniciando lote 7/11 [DESPROGAMAR] ===
2026-03-10 12:45:59,919 - INFO - Janela de seleção aberta
2026-03-10 12:46:04,150 - INFO - DEBUG: idx=6, inicio=150, fim=175
2026-03-10 12:46:04,150 - INFO - ✅ 25 OS copiadas para a área de transferência.
2026-03-10 12:46:04,150 - INFO - 📋 Lote 7 copiado.
2026-03-10 12:46:12,495 - INFO - ⌛ Esperando mudança visual...
2026-03-10 12:46:13,515 - INFO - ⌛ Esperando mudança visual...
2026-03-10 12:46:14,526 - INFO - ⌛ Esperando mudança visual...
2026-03-10 12:46:15,551 - INFO - ⌛ Esperando mudança visual...
2026-03-10 12:46:16,558 - INFO - ⌛ Esperando mudança visual...
2026-03-10 12:46:17,574 - INFO - ⌛ Esperando mudança visual...
2026-03-10 12:46:18,589 - INFO - ⌛ Esperando mudança visual...
2026-03-10 12:46:19,605 - INFO - ⌛ Esperando mudança visual...
2026-03-10 12:46:20,619 - INFO - ⌛ Esperando mudança visual...
2026-03-10 12:46:21,635 - INFO - ✅ Tela carregada!
2026-03-10 12:46:32,128 - INFO - ⌛ Aguardando janela de confirmação de desbloqueio...
2026-03-10 12:46:47,581 - INFO - 🟨 Registros desbloqueados com sucesso
2026-03-10 12:47:00,160 - INFO - ⌛ Aguardando janela de confirmação de desprogramação ...
2026-03-10 12:47:15,610 - INFO - 🟨 Janela de confirmação de desprogramação detectada
2026-03-10 12:47:18,902 - INFO - ⌛ Aguardando janela de confirmação de desprogramação ...
2026-03-10 12:47:34,369 - INFO - 🟨 Janela de aviso de desprogramação detectada
2026-03-10 12:47:36,543 - INFO - ⌛ Aguardando janela de confirmação de desprogramação 2 ...
2026-03-10 12:47:51,979 - INFO - 🟨 Janela de confirmação 2 de desprogramação detectada
2026-03-10 12:47:59,200 - INFO - ⌛ Aguardando janela de sucesso ...
2026-03-10 12:48:14,629 - INFO - 🟨 lote desprogramado com sucesso
2026-03-10 12:48:16,800 - INFO - 
=== Iniciando lote 8/11 [DESPROGAMAR] ===
2026-03-10 12:48:23,146 - INFO - Janela de seleção aberta
2026-03-10 12:48:27,396 - INFO - DEBUG: idx=7, inicio=175, fim=200
2026-03-10 12:48:27,396 - INFO - ✅ 25 OS copiadas para a área de transferência.
2026-03-10 12:48:27,396 - INFO - 📋 Lote 8 copiado.
2026-03-10 12:48:35,739 - INFO - ⌛ Esperando mudança visual...
2026-03-10 12:48:36,753 - INFO - ⌛ Esperando mudança visual...
2026-03-10 12:48:37,767 - INFO - ⌛ Esperando mudança visual...
2026-03-10 12:48:38,785 - INFO - ⌛ Esperando mudança visual...
2026-03-10 12:48:39,800 - INFO - ⌛ Esperando mudança visual...
2026-03-10 12:48:40,816 - INFO - ⌛ Esperando mudança visual...
2026-03-10 12:48:41,831 - INFO - ⌛ Esperando mudança visual...
2026-03-10 12:48:42,847 - INFO - ⌛ Esperando mudança visual...
2026-03-10 12:48:43,866 - INFO - ⌛ Esperando mudança visual...
2026-03-10 12:48:44,878 - INFO - ⌛ Esperando mudança visual...
2026-03-10 12:48:45,894 - INFO - ✅ Tela carregada!
2026-03-10 12:48:56,372 - INFO - ⌛ Aguardando janela de confirmação de desbloqueio...
2026-03-10 12:49:11,848 - INFO - 🟨 Registros desbloqueados com sucesso
2026-03-10 12:49:24,432 - INFO - ⌛ Aguardando janela de confirmação de desprogramação ...
2026-03-10 12:49:39,879 - INFO - 🟨 Janela de confirmação de desprogramação detectada
2026-03-10 12:49:43,192 - INFO - ⌛ Aguardando janela de confirmação de desprogramação ...
2026-03-10 12:49:58,684 - INFO - 🟨 Janela de aviso de desprogramação detectada
2026-03-10 12:50:00,880 - INFO - ⌛ Aguardando janela de confirmação de desprogramação 2 ...
2026-03-10 12:50:16,442 - INFO - 🟨 Janela de confirmação 2 de desprogramação detectada
2026-03-10 12:50:23,654 - INFO - ⌛ Aguardando janela de sucesso ...
2026-03-10 12:50:39,073 - INFO - 🟨 lote desprogramado com sucesso
2026-03-10 12:50:41,238 - INFO - 
=== Iniciando lote 9/11 [DESPROGAMAR] ===
2026-03-10 12:50:47,611 - INFO - Janela de seleção aberta
2026-03-10 12:50:51,840 - INFO - DEBUG: idx=8, inicio=200, fim=225
2026-03-10 12:50:51,840 - INFO - ✅ 25 OS copiadas para a área de transferência.
2026-03-10 12:50:51,840 - INFO - 📋 Lote 9 copiado.
2026-03-10 12:51:00,180 - INFO - ⌛ Esperando mudança visual...
2026-03-10 12:51:01,199 - INFO - ⌛ Esperando mudança visual...
2026-03-10 12:51:02,210 - INFO - ⌛ Esperando mudança visual...
2026-03-10 12:51:03,225 - INFO - ⌛ Esperando mudança visual...
2026-03-10 12:51:04,228 - INFO - ⌛ Esperando mudança visual...
2026-03-10 12:51:05,240 - INFO - ⌛ Esperando mudança visual...
2026-03-10 12:51:06,266 - INFO - ⌛ Esperando mudança visual...
2026-03-10 12:51:07,282 - INFO - ⌛ Esperando mudança visual...
2026-03-10 12:51:08,287 - INFO - ⌛ Esperando mudança visual...
2026-03-10 12:51:09,303 - INFO - ⌛ Esperando mudança visual...
2026-03-10 12:51:10,319 - INFO - ⌛ Esperando mudança visual...
2026-03-10 12:51:11,334 - INFO - ✅ Tela carregada!
2026-03-10 12:51:21,801 - INFO - ⌛ Aguardando janela de confirmação de desbloqueio...
2026-03-10 12:51:37,221 - INFO - 🟨 Registros desbloqueados com sucesso
2026-03-10 12:51:49,793 - INFO - ⌛ Aguardando janela de confirmação de desprogramação ...
2026-03-10 12:52:05,273 - INFO - 🟨 Janela de confirmação de desprogramação detectada
2026-03-10 12:52:08,538 - INFO - ⌛ Aguardando janela de confirmação de desprogramação ...
2026-03-10 12:52:23,987 - INFO - 🟨 Janela de aviso de desprogramação detectada
2026-03-10 12:52:26,129 - INFO - ⌛ Aguardando janela de confirmação de desprogramação 2 ...
2026-03-10 12:52:41,524 - INFO - 🟨 Janela de confirmação 2 de desprogramação detectada
2026-03-10 12:52:48,714 - INFO - ⌛ Aguardando janela de sucesso ...
2026-03-10 12:53:04,199 - INFO - 🟨 lote desprogramado com sucesso
2026-03-10 12:53:06,363 - INFO - 
=== Iniciando lote 10/11 [DESPROGAMAR] ===
2026-03-10 12:53:12,720 - INFO - Janela de seleção aberta
2026-03-10 12:53:16,958 - INFO - DEBUG: idx=9, inicio=225, fim=250
2026-03-10 12:53:16,958 - INFO - ✅ 25 OS copiadas para a área de transferência.
2026-03-10 12:53:16,958 - INFO - 📋 Lote 10 copiado.
2026-03-10 12:53:25,293 - INFO - ⌛ Esperando mudança visual...
2026-03-10 12:53:26,302 - INFO - ⌛ Esperando mudança visual...
2026-03-10 12:53:27,323 - INFO - ⌛ Esperando mudança visual...
2026-03-10 12:53:28,349 - INFO - ⌛ Esperando mudança visual...
2026-03-10 12:53:29,366 - INFO - ⌛ Esperando mudança visual...
2026-03-10 12:53:30,384 - INFO - ⌛ Esperando mudança visual...
2026-03-10 12:53:31,396 - INFO - ⌛ Esperando mudança visual...
2026-03-10 12:53:32,413 - INFO - ⌛ Esperando mudança visual...
2026-03-10 12:53:33,428 - INFO - ⌛ Esperando mudança visual...
2026-03-10 12:53:34,444 - INFO - ⌛ Esperando mudança visual...
2026-03-10 12:53:35,462 - INFO - ⌛ Esperando mudança visual...
2026-03-10 12:53:36,475 - INFO - ⌛ Esperando mudança visual...
2026-03-10 12:53:37,491 - INFO - ✅ Tela carregada!
2026-03-10 12:53:47,966 - INFO - ⌛ Aguardando janela de confirmação de desbloqueio...
2026-03-10 12:54:03,392 - INFO - 🟨 Registros desbloqueados com sucesso
2026-03-10 12:54:15,960 - INFO - ⌛ Aguardando janela de confirmação de desprogramação ...
2026-03-10 12:54:31,372 - INFO - 🟨 Janela de confirmação de desprogramação detectada
2026-03-10 12:54:34,639 - INFO - 🟨 Janela de aviso de desprogramação detectada
2026-03-10 12:54:36,802 - INFO - ⌛ Aguardando janela de confirmação de desprogramação 2 ...
2026-03-10 12:54:52,206 - INFO - 🟨 Janela de confirmação 2 de desprogramação detectada
2026-03-10 12:54:59,408 - INFO - ⌛ Aguardando janela de sucesso ...
2026-03-10 12:55:14,797 - INFO - 🟨 lote desprogramado com sucesso
2026-03-10 12:55:16,965 - INFO - 
=== Iniciando lote 11/11 [DESPROGAMAR] ===
2026-03-10 12:55:23,322 - INFO - Janela de seleção aberta
2026-03-10 12:55:27,566 - INFO - DEBUG: idx=10, inicio=250, fim=275
2026-03-10 12:55:27,566 - INFO - ✅ 10 OS copiadas para a área de transferência.
2026-03-10 12:55:27,566 - INFO - 📋 Lote 11 copiado.
2026-03-10 12:55:35,886 - INFO - ⌛ Esperando mudança visual...
2026-03-10 12:55:36,906 - INFO - ⌛ Esperando mudança visual...
2026-03-10 12:55:37,923 - INFO - ⌛ Esperando mudança visual...
2026-03-10 12:55:38,930 - INFO - ⌛ Esperando mudança visual...
2026-03-10 12:55:39,937 - INFO - ⌛ Esperando mudança visual...
2026-03-10 12:55:40,953 - INFO - ⌛ Esperando mudança visual...
2026-03-10 12:55:41,968 - INFO - ⌛ Esperando mudança visual...
2026-03-10 12:55:42,984 - INFO - ⌛ Esperando mudança visual...
2026-03-10 12:55:43,999 - INFO - ⌛ Esperando mudança visual...
2026-03-10 12:55:45,015 - INFO - ⌛ Esperando mudança visual...
2026-03-10 12:55:46,031 - INFO - ✅ Tela carregada!
2026-03-10 12:55:56,487 - INFO - ⌛ Aguardando janela de confirmação de desbloqueio...
2026-03-10 12:56:11,909 - INFO - 🟨 Registros desbloqueados com sucesso
2026-03-10 12:56:24,470 - INFO - 🟨 Janela de confirmação de desprogramação detectada
2026-03-10 12:56:27,729 - INFO - 🟨 Janela de aviso de desprogramação detectada
2026-03-10 12:56:29,869 - INFO - ⌛ Aguardando janela de confirmação de desprogramação 2 ...
2026-03-10 12:56:45,283 - INFO - 🟨 Janela de confirmação 2 de desprogramação detectada
2026-03-10 12:56:52,505 - INFO - 🟨 lote desprogramado com sucesso
2026-03-10 13:45:42,024 - INFO - Data hoje: 10/03/2026
2026-03-10 13:45:42,024 - INFO - Data de referência: 31/03/2026
2026-03-10 14:21:50,194 - INFO - Data hoje: 10/03/2026
2026-03-10 14:21:50,195 - INFO - Data de referência: 31/03/2026
2026-03-10 14:23:33,202 - INFO - Qtde OS de LINHA VIVA: 3783
2026-03-10 14:23:33,202 - INFO - Qtde OS poda de LINHA MORTA: 1244
2026-03-10 14:23:33,202 - INFO - Qtde OS estrutural de LINHA MORTA : 1740
2026-03-10 14:23:33,202 - INFO - Qtde OS poda de LINHA MORTA fora carteira: 1839
2026-03-10 14:23:33,202 - INFO - Qtde OS para desprogramar: 14456
2026-03-10 14:23:33,202 - INFO - 
 Qtd de lotes de LM: 50
2026-03-10 14:23:33,202 - INFO - 
 Qtd de lotes de LV: 152
2026-03-10 14:23:33,202 - INFO - 
 Qtd de lotes de ESTRUTURAL LM: 70
2026-03-10 14:23:33,202 - INFO - 
 Qtd de lotes de LEVE: 74
2026-03-10 14:23:33,202 - INFO - 
 Qtd de lotes para desprogramar: 579
2026-03-10 17:28:08,220 - INFO - Data hoje: 10/03/2026
2026-03-10 17:28:08,221 - INFO - Data de referência: 31/03/2026
2026-03-10 17:29:40,285 - INFO - Qtde OS de LINHA VIVA: 3782
2026-03-10 17:29:40,285 - INFO - Qtde OS poda de LINHA MORTA: 1255
2026-03-10 17:29:40,285 - INFO - Qtde OS estrutural de LINHA MORTA : 1734
2026-03-10 17:29:40,285 - INFO - Qtde OS poda de LINHA MORTA fora carteira: 1829
2026-03-10 17:29:40,285 - INFO - Qtde OS para desprogramar: 14469
2026-03-10 17:29:40,285 - INFO - 
 Qtd de lotes de LM: 51
2026-03-10 17:29:40,285 - INFO - 
 Qtd de lotes de LV: 152
2026-03-10 17:29:40,285 - INFO - 
 Qtd de lotes de ESTRUTURAL LM: 70
2026-03-10 17:29:40,285 - INFO - 
 Qtd de lotes de LEVE: 74
2026-03-10 17:29:40,285 - INFO - 
 Qtd de lotes para desprogramar: 579
2026-03-10 17:34:13,631 - INFO - Data hoje: 10/03/2026
2026-03-10 17:34:13,631 - INFO - Data de referência: 31/03/2026
2026-03-10 17:35:36,102 - INFO - Qtde OS de LINHA VIVA: 3782
2026-03-10 17:35:36,102 - INFO - Qtde OS poda de LINHA MORTA: 1255
2026-03-10 17:35:36,102 - INFO - Qtde OS estrutural de LINHA MORTA : 1734
2026-03-10 17:35:36,102 - INFO - Qtde OS poda de LINHA MORTA fora carteira: 1829
2026-03-10 17:35:36,102 - INFO - Qtde OS para desprogramar: 14469
2026-03-10 17:35:36,118 - INFO - 
 Qtd de lotes de LM: 51
2026-03-10 17:35:36,118 - INFO - 
 Qtd de lotes de LV: 152
2026-03-10 17:35:36,118 - INFO - 
 Qtd de lotes de ESTRUTURAL LM: 70
2026-03-10 17:35:36,118 - INFO - 
 Qtd de lotes de LEVE: 74
2026-03-10 17:35:36,118 - INFO - 
 Qtd de lotes para desprogramar: 579
2026-03-10 17:38:00,671 - INFO - Data hoje: 10/03/2026
2026-03-10 17:38:00,671 - INFO - Data de referência: 31/03/2026
2026-03-10 17:39:28,125 - INFO - Qtde OS de LINHA VIVA: 3782
2026-03-10 17:39:28,125 - INFO - Qtde OS poda de LINHA MORTA: 1255
2026-03-10 17:39:28,125 - INFO - Qtde OS estrutural de LINHA MORTA : 1734
2026-03-10 17:39:28,125 - INFO - Qtde OS poda de LINHA MORTA fora carteira: 1829
2026-03-10 17:39:28,125 - INFO - Qtde OS para desprogramar: 14469
2026-03-10 17:39:28,125 - INFO - 
 Qtd de lotes de LM: 51
2026-03-10 17:39:28,125 - INFO - 
 Qtd de lotes de LV: 152
2026-03-10 17:39:28,125 - INFO - 
 Qtd de lotes de ESTRUTURAL LM: 70
2026-03-10 17:39:28,125 - INFO - 
 Qtd de lotes de LEVE: 74
2026-03-10 17:39:28,125 - INFO - 
 Qtd de lotes para desprogramar: 579
2026-03-10 17:39:28,125 - INFO - 
=== Iniciando lote 1/152 [LV] ===
2026-03-10 17:39:34,592 - INFO - ⌛ Aguardando janela de seleção...
2026-03-10 17:39:45,037 - INFO - Janela de seleção aberta
2026-03-10 17:39:49,268 - INFO - DEBUG: idx=0, inicio=0, fim=25
2026-03-10 17:39:49,268 - INFO - ✅ 25 OS copiadas para a área de transferência.
2026-03-10 17:39:49,268 - INFO - 📋 Lote 1 copiado.
2026-03-10 17:39:57,591 - INFO - ⌛ Esperando mudança visual...
2026-03-10 17:39:58,608 - INFO - ✅ Tela carregada!
2026-03-10 17:40:09,103 - INFO - ⌛ Aguardando janela de confirmação de desbloqueio...
2026-03-10 17:40:24,509 - INFO - 🟨 Registros desbloqueados com sucesso
2026-03-10 17:40:38,077 - INFO - ⌛ Aguardando janela de edição de OS...
2026-03-10 17:40:53,498 - INFO - 🟨 OS programadas detectadas
2026-03-10 17:40:56,663 - INFO - ⌛ Aguardando janela de edição de OS...
2026-03-10 17:41:12,102 - INFO - 🟨 Janela de edição de OS detectada
2026-03-10 17:41:33,447 - INFO - 🟨 Janela de edição de habilidade da turma detectada
2026-03-10 17:42:51,768 - INFO - ⌛ Aguardando detecção do campo de caracteristica 'EQUIPE PRÓPRIA OU EPS' ...
2026-03-10 17:43:11,130 - INFO - 🟨 campo de caracteristica 'EQUIPE PRÓPRIA OU EPS detectado
2026-03-10 17:43:32,930 - INFO - ⌛ Aguardando confirmação 4 - editar OS...
2026-03-10 17:43:48,390 - INFO - ⌛ Aguardando confirmação 4 - editar OS...
2026-03-10 17:44:03,862 - INFO - ⌛ Aguardando confirmação 4 - editar OS...
2026-03-10 17:44:03,987 - INFO - 🟨 Identificado travamento no EQM, reiniciando contador de espera
2026-03-10 17:44:19,329 - INFO - ⌛ Aguardando confirmação 4 - editar OS...
2026-03-10 17:44:34,754 - INFO - 🟨 Janela de confirmação 4 de edição de OS detectada
2026-03-10 17:45:05,423 - INFO - ⌛ Aguardando janela de confirmação de programação de OS...
2026-03-10 17:45:25,751 - INFO - 🟨 Janela de confirmação de programação de OS detectada
2026-03-10 17:45:39,068 - INFO - 🟨 Janela de aviso de edição de OS programadas detectada
2026-03-10 17:45:43,338 - INFO - ⌛ aguardando janela de programação de lote de OS...
2026-03-10 17:46:03,954 - INFO - 🟨 Janela de aviso de substituição de lote de OS detectada
2026-03-10 17:46:10,218 - INFO - ⌛ aguardando janela de programação de lote de OS...
2026-03-10 17:46:30,738 - INFO - 🟨 Janela de programação de lote de OS detectada
2026-03-10 17:47:08,345 - INFO - 🟨 Janela de confirmação de programação de lote de OS detectada
2026-03-10 17:47:12,632 - INFO - ⌛ aguardando confirmação final de programação do lote
2026-03-10 17:47:33,212 - INFO - ⌛ aguardando confirmação final de programação do lote
2026-03-10 17:47:53,782 - INFO - 🟨 programação do lote 1 efetuado com sucesso
2026-03-10 17:48:03,947 - INFO - 
=== Iniciando lote 2/152 [LV] ===
2026-03-10 17:48:10,305 - INFO - ⌛ Aguardando janela de seleção...
2026-03-10 17:48:20,700 - INFO - ⌛ Aguardando janela de seleção...
2026-03-10 17:48:31,091 - INFO - ⌛ Aguardando janela de seleção...
2026-03-10 17:48:41,494 - INFO - ⌛ Aguardando janela de seleção...
2026-03-10 17:48:51,910 - INFO - ⌛ Aguardando janela de seleção...
2026-03-10 17:49:02,357 - INFO - ⌛ Aguardando janela de seleção...
2026-03-10 17:49:12,789 - INFO - ⌛ Aguardando janela de seleção...
2026-03-10 17:49:23,172 - INFO - ⌛ Aguardando janela de seleção...
2026-03-10 17:49:33,579 - INFO - ⌛ Aguardando janela de seleção...
2026-03-10 17:49:43,983 - INFO - ⌛ Aguardando janela de seleção...
2026-03-10 17:49:54,388 - INFO - ⌛ Aguardando janela de seleção...
2026-03-10 17:50:04,803 - INFO - ⌛ Aguardando janela de seleção...
2026-03-10 17:50:15,214 - INFO - Janela de seleção aberta
2026-03-10 17:50:19,468 - INFO - DEBUG: idx=1, inicio=25, fim=50
2026-03-10 17:50:19,468 - INFO - ✅ 25 OS copiadas para a área de transferência.
2026-03-10 17:50:19,468 - INFO - 📋 Lote 2 copiado.
2026-03-10 17:50:27,795 - INFO - ⌛ Esperando mudança visual...
2026-03-10 17:50:28,811 - INFO - ⌛ Esperando mudança visual...
2026-03-10 17:50:29,829 - INFO - ⌛ Esperando mudança visual...
2026-03-10 17:50:30,842 - INFO - ⌛ Esperando mudança visual...
2026-03-10 17:50:31,857 - INFO - ⌛ Esperando mudança visual...
2026-03-10 17:50:32,873 - INFO - ⌛ Esperando mudança visual...
2026-03-10 17:50:33,889 - INFO - ⌛ Esperando mudança visual...
2026-03-10 17:50:34,904 - INFO - ⌛ Esperando mudança visual...
2026-03-10 17:50:35,920 - INFO - ⌛ Esperando mudança visual...
2026-03-10 17:50:36,936 - INFO - ⌛ Esperando mudança visual...
2026-03-10 17:50:37,938 - INFO - ✅ Tela carregada!
2026-03-10 17:50:48,406 - INFO - ⌛ Aguardando janela de confirmação de desbloqueio...
2026-03-10 17:51:03,805 - INFO - 🟨 Registros desbloqueados com sucesso
2026-03-10 17:51:17,321 - INFO - ⌛ Aguardando janela de edição de OS...
2026-03-10 17:51:32,755 - INFO - 🟨 OS programadas detectadas
2026-03-10 17:51:35,907 - INFO - ⌛ Aguardando janela de edição de OS...
2026-03-10 17:51:51,385 - INFO - 🟨 Janela de edição de OS detectada
2026-03-10 17:52:12,744 - INFO - 🟨 Janela de edição de habilidade da turma detectada
2026-03-10 17:53:31,057 - INFO - ⌛ Aguardando detecção do campo de caracteristica 'EQUIPE PRÓPRIA OU EPS' ...
2026-03-10 17:53:50,422 - INFO - 🟨 campo de caracteristica 'EQUIPE PRÓPRIA OU EPS detectado
2026-03-10 17:54:12,220 - INFO - ⌛ Aguardando confirmação 4 - editar OS...
2026-03-10 17:54:27,733 - INFO - ⌛ Aguardando confirmação 4 - editar OS...
2026-03-10 17:54:43,203 - INFO - ⌛ Aguardando confirmação 4 - editar OS...
2026-03-10 17:54:58,719 - INFO - 🟨 Janela de confirmação 4 de edição de OS detectada
2026-03-10 17:55:29,447 - INFO - ⌛ Aguardando janela de confirmação de programação de OS...
2026-03-10 17:55:49,830 - INFO - 🟨 Janela de confirmação de programação de OS detectada
2026-03-10 17:56:03,169 - INFO - 🟨 Janela de aviso de edição de OS programadas detectada
2026-03-10 17:56:07,445 - INFO - ⌛ aguardando janela de programação de lote de OS...
2026-03-10 17:56:28,027 - INFO - 🟨 Janela de aviso de substituição de lote de OS detectada
2026-03-10 17:56:34,292 - INFO - ⌛ aguardando janela de programação de lote de OS...
2026-03-10 17:56:54,825 - INFO - 🟨 Janela de programação de lote de OS detectada
2026-03-10 17:57:32,404 - INFO - 🟨 Janela de confirmação de programação de lote de OS detectada
2026-03-10 17:57:36,684 - INFO - ⌛ aguardando confirmação final de programação do lote
2026-03-10 17:57:57,225 - INFO - 🟨 programação do lote 2 efetuado com sucesso
2026-03-10 17:58:07,419 - INFO - 
=== Iniciando lote 3/152 [LV] ===
2026-03-10 17:58:13,773 - INFO - Janela de seleção aberta
2026-03-10 17:58:18,011 - INFO - DEBUG: idx=2, inicio=50, fim=75
2026-03-10 17:58:18,011 - INFO - ✅ 25 OS copiadas para a área de transferência.
2026-03-10 17:58:18,011 - INFO - 📋 Lote 3 copiado.
2026-03-10 17:58:26,350 - INFO - ⌛ Esperando mudança visual...
2026-03-10 17:58:27,374 - INFO - ⌛ Esperando mudança visual...
2026-03-10 17:58:28,390 - INFO - ⌛ Esperando mudança visual...
2026-03-10 17:58:29,407 - INFO - ⌛ Esperando mudança visual...
2026-03-10 17:58:30,420 - INFO - ⌛ Esperando mudança visual...
2026-03-10 17:58:31,436 - INFO - ⌛ Esperando mudança visual...
2026-03-10 17:58:32,439 - INFO - ⌛ Esperando mudança visual...
2026-03-10 17:58:33,451 - INFO - ⌛ Esperando mudança visual...
2026-03-10 17:58:34,469 - INFO - ⌛ Esperando mudança visual...
2026-03-10 17:58:35,486 - INFO - ⌛ Esperando mudança visual...
2026-03-10 17:58:36,488 - INFO - ⌛ Esperando mudança visual...
2026-03-10 17:58:37,496 - INFO - ✅ Tela carregada!
2026-03-10 17:58:47,979 - INFO - ⌛ Aguardando janela de confirmação de desbloqueio...
2026-03-10 17:59:03,421 - INFO - 🟨 Registros desbloqueados com sucesso
2026-03-10 17:59:16,925 - INFO - ⌛ Aguardando janela de edição de OS...
2026-03-10 17:59:32,419 - INFO - 🟨 OS programadas detectadas
2026-03-10 17:59:35,575 - INFO - ⌛ Aguardando janela de edição de OS...
2026-03-10 17:59:51,035 - INFO - 🟨 Janela de edição de OS detectada
2026-03-10 18:00:12,428 - INFO - 🟨 Janela de edição de habilidade da turma detectada
2026-03-10 18:01:30,743 - INFO - ⌛ Aguardando detecção do campo de caracteristica 'EQUIPE PRÓPRIA OU EPS' ...
2026-03-10 18:01:50,118 - INFO - 🟨 campo de caracteristica 'EQUIPE PRÓPRIA OU EPS detectado
2026-03-10 18:02:11,950 - INFO - ⌛ Aguardando confirmação 4 - editar OS...
2026-03-10 18:02:27,444 - INFO - ⌛ Aguardando confirmação 4 - editar OS...
2026-03-10 18:02:42,968 - INFO - ⌛ Aguardando confirmação 4 - editar OS...
2026-03-10 18:02:58,495 - INFO - 🟨 Janela de confirmação 4 de edição de OS detectada
2026-03-10 18:03:29,221 - INFO - ⌛ Aguardando janela de confirmação de programação de OS...
2026-03-10 18:03:49,606 - INFO - 🟨 Janela de confirmação de programação de OS detectada
2026-03-10 18:04:02,952 - INFO - 🟨 Janela de aviso de edição de OS programadas detectada
2026-03-10 18:04:07,226 - INFO - ⌛ aguardando janela de programação de lote de OS...
2026-03-10 18:04:27,848 - INFO - 🟨 Janela de aviso de substituição de lote de OS detectada
2026-03-10 18:04:34,116 - INFO - ⌛ aguardando janela de programação de lote de OS...
2026-03-10 18:04:54,716 - INFO - ⌛ aguardando janela de programação de lote de OS...
2026-03-10 18:05:15,288 - INFO - ⌛ aguardando janela de programação de lote de OS...
2026-03-10 18:05:35,832 - INFO - 🟨 Janela de programação de lote de OS detectada
2026-03-10 18:06:13,420 - INFO - 🟨 Janela de confirmação de programação de lote de OS detectada
2026-03-10 18:06:17,732 - INFO - ⌛ aguardando confirmação final de programação do lote
2026-03-10 18:06:38,352 - INFO - 🟨 programação do lote 3 efetuado com sucesso
2026-03-10 18:06:48,504 - INFO - 
=== Iniciando lote 4/152 [LV] ===
2026-03-10 18:06:54,869 - INFO - Janela de seleção aberta
2026-03-10 18:06:59,104 - INFO - DEBUG: idx=3, inicio=75, fim=100
2026-03-10 18:06:59,104 - INFO - ✅ 25 OS copiadas para a área de transferência.
2026-03-10 18:06:59,104 - INFO - 📋 Lote 4 copiado.
2026-03-10 18:07:07,426 - INFO - ⌛ Esperando mudança visual...
2026-03-10 18:07:08,440 - INFO - ⌛ Esperando mudança visual...
2026-03-10 18:07:09,444 - INFO - ⌛ Esperando mudança visual...
2026-03-10 18:07:10,476 - INFO - ⌛ Esperando mudança visual...
2026-03-10 18:07:11,491 - INFO - ⌛ Esperando mudança visual...
2026-03-10 18:07:12,508 - INFO - ⌛ Esperando mudança visual...
2026-03-10 18:07:13,523 - INFO - ⌛ Esperando mudança visual...
2026-03-10 18:07:14,539 - INFO - ⌛ Esperando mudança visual...
2026-03-10 18:07:15,555 - INFO - ⌛ Esperando mudança visual...
2026-03-10 18:07:16,573 - INFO - ⌛ Esperando mudança visual...
2026-03-10 18:07:17,586 - INFO - ⌛ Esperando mudança visual...
2026-03-10 18:07:18,601 - INFO - ✅ Tela carregada!
2026-03-10 18:07:29,070 - INFO - ⌛ Aguardando janela de confirmação de desbloqueio...
2026-03-10 18:07:44,510 - INFO - 🟨 Registros desbloqueados com sucesso
2026-03-10 18:07:58,032 - INFO - ⌛ Aguardando janela de edição de OS...
2026-03-10 18:08:13,497 - INFO - 🟨 OS programadas detectadas
2026-03-10 18:08:16,673 - INFO - ⌛ Aguardando janela de edição de OS...
2026-03-10 18:08:32,126 - INFO - 🟨 Janela de edição de OS detectada
2026-03-10 18:08:53,523 - INFO - 🟨 Janela de edição de habilidade da turma detectada
2026-03-10 18:10:11,852 - INFO - ⌛ Aguardando detecção do campo de caracteristica 'EQUIPE PRÓPRIA OU EPS' ...
2026-03-10 18:10:31,222 - INFO - 🟨 campo de caracteristica 'EQUIPE PRÓPRIA OU EPS detectado
2026-03-10 18:10:53,029 - INFO - ⌛ Aguardando confirmação 4 - editar OS...
2026-03-10 18:11:08,505 - INFO - ⌛ Aguardando confirmação 4 - editar OS...
2026-03-10 18:11:24,022 - INFO - ⌛ Aguardando confirmação 4 - editar OS...
2026-03-10 18:11:39,549 - INFO - 🟨 Janela de confirmação 4 de edição de OS detectada
2026-03-10 18:12:10,284 - INFO - ⌛ Aguardando janela de confirmação de programação de OS...
2026-03-10 18:12:30,649 - INFO - 🟨 Janela de confirmação de programação de OS detectada
2026-03-10 18:12:44,023 - INFO - 🟨 Janela de aviso de edição de OS programadas detectada
2026-03-10 18:12:48,291 - INFO - ⌛ aguardando janela de programação de lote de OS...
2026-03-10 18:13:08,898 - INFO - 🟨 Janela de aviso de substituição de lote de OS detectada
2026-03-10 18:13:15,169 - INFO - ⌛ aguardando janela de programação de lote de OS...
2026-03-10 18:13:35,700 - INFO - 🟨 Janela de programação de lote de OS detectada
2026-03-10 18:14:13,278 - INFO - 🟨 Janela de confirmação de programação de lote de OS detectada
2026-03-10 18:14:17,567 - INFO - ⌛ aguardando confirmação final de programação do lote
2026-03-10 18:14:38,069 - INFO - ⌛ aguardando confirmação final de programação do lote
2026-03-10 18:14:58,620 - INFO - 🟨 programação do lote 4 efetuado com sucesso
2026-03-10 18:15:08,778 - INFO - 
=== Iniciando lote 5/152 [LV] ===
2026-03-10 18:15:15,141 - INFO - Janela de seleção aberta
2026-03-10 18:15:19,373 - INFO - DEBUG: idx=4, inicio=100, fim=125
2026-03-10 18:15:19,373 - INFO - ✅ 25 OS copiadas para a área de transferência.
2026-03-10 18:15:19,373 - INFO - 📋 Lote 5 copiado.
2026-03-10 18:15:27,701 - INFO - ⌛ Esperando mudança visual...
2026-03-10 18:15:28,722 - INFO - ⌛ Esperando mudança visual...
2026-03-10 18:15:29,736 - INFO - ⌛ Esperando mudança visual...
2026-03-10 18:15:30,751 - INFO - ⌛ Esperando mudança visual...
2026-03-10 18:15:31,767 - INFO - ⌛ Esperando mudança visual...
2026-03-10 18:15:32,785 - INFO - ⌛ Esperando mudança visual...
2026-03-10 18:15:33,798 - INFO - ⌛ Esperando mudança visual...
2026-03-10 18:15:34,814 - INFO - ⌛ Esperando mudança visual...
2026-03-10 18:15:35,830 - INFO - ⌛ Esperando mudança visual...
2026-03-10 18:15:36,845 - INFO - ⌛ Esperando mudança visual...
2026-03-10 18:15:37,861 - INFO - ✅ Tela carregada!
2026-03-10 18:15:48,338 - INFO - ⌛ Aguardando janela de confirmação de desbloqueio...
2026-03-10 18:16:03,781 - INFO - 🟨 Registros desbloqueados com sucesso
2026-03-10 18:16:17,299 - INFO - 🟨 OS programadas detectadas
2026-03-10 18:16:20,446 - INFO - ⌛ Aguardando janela de edição de OS...
2026-03-10 18:16:35,880 - INFO - 🟨 Janela de edição de OS detectada
2026-03-10 18:16:57,246 - INFO - 🟨 Janela de edição de habilidade da turma detectada
2026-03-10 18:18:15,575 - INFO - ⌛ Aguardando detecção do campo de caracteristica 'EQUIPE PRÓPRIA OU EPS' ...
2026-03-10 18:18:34,949 - INFO - 🟨 campo de caracteristica 'EQUIPE PRÓPRIA OU EPS detectado
2026-03-10 18:18:56,742 - INFO - ⌛ Aguardando confirmação 4 - editar OS...
2026-03-10 18:19:12,234 - INFO - ⌛ Aguardando confirmação 4 - editar OS...
2026-03-10 18:19:27,780 - INFO - 🟨 Janela de confirmação 4 de edição de OS detectada
2026-03-10 18:19:58,483 - INFO - ⌛ Aguardando janela de confirmação de programação de OS...
2026-03-10 18:20:18,857 - INFO - 🟨 Janela de confirmação de programação de OS detectada
2026-03-10 18:20:32,212 - INFO - 🟨 Janela de aviso de edição de OS programadas detectada
2026-03-10 18:20:36,483 - INFO - ⌛ aguardando janela de programação de lote de OS...
2026-03-10 18:20:57,075 - INFO - 🟨 Janela de aviso de substituição de lote de OS detectada
2026-03-10 18:21:03,376 - INFO - ⌛ aguardando janela de programação de lote de OS...
2026-03-10 18:21:23,954 - INFO - ⌛ aguardando janela de programação de lote de OS...
2026-03-10 18:21:44,468 - INFO - 🟨 Janela de programação de lote de OS detectada
2026-03-10 18:22:22,053 - INFO - 🟨 Janela de confirmação de programação de lote de OS detectada
2026-03-10 18:22:26,313 - INFO - ⌛ aguardando confirmação final de programação do lote
2026-03-10 18:22:46,917 - INFO - 🟨 programação do lote 5 efetuado com sucesso
2026-03-10 18:22:57,095 - INFO - 
=== Iniciando lote 6/152 [LV] ===
2026-03-10 18:23:03,477 - INFO - Janela de seleção aberta
2026-03-10 18:23:07,702 - INFO - DEBUG: idx=5, inicio=125, fim=150
2026-03-10 18:23:07,702 - INFO - ✅ 25 OS copiadas para a área de transferência.
2026-03-10 18:23:07,702 - INFO - 📋 Lote 6 copiado.
2026-03-10 18:23:16,042 - INFO - ⌛ Esperando mudança visual...
2026-03-10 18:23:17,057 - INFO - ⌛ Esperando mudança visual...
2026-03-10 18:23:18,072 - INFO - ⌛ Esperando mudança visual...
2026-03-10 18:23:19,088 - INFO - ⌛ Esperando mudança visual...
2026-03-10 18:23:20,120 - INFO - ⌛ Esperando mudança visual...
2026-03-10 18:23:21,140 - INFO - ⌛ Esperando mudança visual...
2026-03-10 18:23:22,152 - INFO - ⌛ Esperando mudança visual...
2026-03-10 18:23:23,169 - INFO - ⌛ Esperando mudança visual...
2026-03-10 18:23:24,183 - INFO - ⌛ Esperando mudança visual...
2026-03-10 18:23:25,198 - INFO - ⌛ Esperando mudança visual...
2026-03-10 18:23:26,217 - INFO - ⌛ Esperando mudança visual...
2026-03-10 18:23:27,230 - INFO - ✅ Tela carregada!
2026-03-10 18:23:37,709 - INFO - ⌛ Aguardando janela de confirmação de desbloqueio...
2026-03-10 18:23:53,151 - INFO - 🟨 Registros desbloqueados com sucesso
2026-03-10 18:24:06,702 - INFO - 🟨 OS programadas detectadas
2026-03-10 18:24:09,862 - INFO - ⌛ Aguardando janela de edição de OS...
2026-03-10 18:24:25,382 - INFO - 🟨 Janela de edição de OS detectada
2026-03-10 18:24:46,766 - INFO - ⌛ Aguardando detecção da janela de edição de características ...
2026-03-10 18:25:02,120 - INFO - ⌛ Aguardando janela de edição de OS...
2026-03-10 18:25:17,609 - INFO - ⌛ Aguardando janela de edição de OS...
2026-03-10 18:25:33,109 - INFO - ⌛ Aguardando janela de edição de OS...
2026-03-10 18:25:48,585 - INFO - ⌛ Aguardando janela de edição de OS...
2026-03-10 18:26:04,017 - INFO - ⌛ Aguardando janela de edição de OS...
2026-03-10 18:26:19,464 - INFO - ⌛ Aguardando janela de edição de OS...
2026-03-10 18:26:34,913 - INFO - ⌛ Aguardando janela de edição de OS...
2026-03-10 18:26:50,385 - INFO - ⌛ Aguardando janela de edição de OS...
2026-03-10 18:27:05,816 - INFO - ⌛ Aguardando janela de edição de OS...
2026-03-10 18:27:21,254 - INFO - ⌛ Aguardando janela de edição de OS...
2026-03-10 18:27:36,682 - INFO - ⌛ Aguardando janela de edição de OS...
2026-03-10 18:27:52,146 - INFO - ⌛ Aguardando janela de edição de OS...
2026-03-10 18:28:07,622 - INFO - ⌛ Aguardando janela de edição de OS...
2026-03-10 18:28:23,064 - INFO - ⌛ Aguardando janela de edição de OS...
2026-03-10 18:28:38,513 - INFO - ⌛ Aguardando janela de edição de OS...
2026-03-10 18:28:53,951 - INFO - ⌛ Aguardando janela de edição de OS...
2026-03-10 18:29:09,413 - INFO - ⌛ Aguardando janela de edição de OS...
2026-03-10 18:29:24,903 - INFO - ⌛ Aguardando janela de edição de OS...
2026-03-10 18:29:40,347 - INFO - ⌛ Aguardando janela de edição de OS...
2026-03-10 18:29:55,810 - INFO - ⌛ Aguardando janela de edição de OS...
2026-03-10 18:30:11,290 - INFO - ⌛ Aguardando janela de edição de OS...
2026-03-10 18:30:26,805 - INFO - ⌛ Aguardando janela de edição de OS...
2026-03-10 18:30:42,300 - INFO - ⌛ Aguardando janela de edição de OS...
2026-03-10 18:30:57,739 - INFO - ⌛ Aguardando janela de edição de OS...
2026-03-10 18:31:13,183 - INFO - ⌛ Aguardando janela de edição de OS...
2026-03-10 18:31:28,618 - INFO - ⌛ Aguardando janela de edição de OS...
2026-03-10 18:31:44,046 - INFO - ⌛ Aguardando janela de edição de OS...
2026-03-10 18:31:59,489 - INFO - ⌛ Aguardando janela de edição de OS...
2026-03-10 18:32:14,927 - INFO - ⌛ Aguardando janela de edição de OS...
2026-03-10 18:32:30,378 - INFO - ⌛ Aguardando janela de edição de OS...
2026-03-10 18:32:45,855 - INFO - ⌛ Aguardando janela de edição de OS...
2026-03-10 18:33:01,394 - INFO - ⌛ Aguardando janela de edição de OS...
2026-03-10 18:33:16,920 - INFO - ⌛ Aguardando janela de edição de OS...
2026-03-10 18:33:32,355 - INFO - ⌛ Aguardando janela de edição de OS...
2026-03-10 18:33:47,793 - INFO - ⌛ Aguardando janela de edição de OS...
2026-03-10 18:34:03,234 - INFO - ⌛ Aguardando janela de edição de OS...
2026-03-10 18:34:18,660 - INFO - ⌛ Aguardando janela de edição de OS...
2026-03-10 18:34:34,119 - INFO - ⌛ Aguardando janela de edição de OS...
2026-03-10 18:34:49,570 - INFO - ⌛ Aguardando janela de edição de OS...
2026-03-10 18:35:04,995 - INFO - ⌛ Aguardando janela de edição de OS...
2026-03-10 18:35:20,496 - INFO - ⌛ Aguardando janela de edição de OS...
2026-03-10 18:35:36,006 - INFO - ⌛ Aguardando janela de edição de OS...
2026-03-10 18:35:51,498 - INFO - ⌛ Aguardando janela de edição de OS...
2026-03-10 18:36:06,969 - INFO - ⌛ Aguardando janela de edição de OS...
2026-03-10 18:36:22,447 - INFO - ⌛ Aguardando janela de edição de OS...
2026-03-10 18:36:37,906 - INFO - ⌛ Aguardando janela de edição de OS...
2026-03-10 18:36:53,369 - INFO - ⌛ Aguardando janela de edição de OS...
2026-03-10 18:37:08,855 - INFO - ⌛ Aguardando janela de edição de OS...
2026-03-10 18:37:24,292 - INFO - ⌛ Aguardando janela de edição de OS...
2026-03-10 18:37:39,782 - INFO - ⌛ Aguardando janela de edição de OS...
2026-03-10 18:37:55,361 - INFO - ⌛ Aguardando janela de edição de OS...
2026-03-10 18:38:10,829 - INFO - ⌛ Aguardando janela de edição de OS...
2026-03-10 18:38:26,289 - INFO - ⌛ Aguardando janela de edição de OS...
2026-03-10 18:38:41,756 - INFO - ⌛ Aguardando janela de edição de OS...
2026-03-10 18:38:57,222 - INFO - ⌛ Aguardando janela de edição de OS...
2026-03-10 18:39:12,668 - INFO - ⌛ Aguardando janela de edição de OS...
2026-03-10 18:39:28,113 - INFO - ⌛ Aguardando janela de edição de OS...
2026-03-10 18:39:43,563 - INFO - ⌛ Aguardando janela de edição de OS...
2026-03-10 18:39:59,024 - INFO - ⌛ Aguardando janela de edição de OS...
2026-03-10 18:40:14,470 - INFO - ⌛ Aguardando janela de edição de OS...
2026-03-10 18:40:29,971 - INFO - ⌛ Aguardando janela de edição de OS...
2026-03-10 18:40:45,425 - INFO - ⌛ Aguardando janela de edição de OS...
2026-03-10 18:41:00,904 - INFO - ⌛ Aguardando janela de edição de OS...
2026-03-10 18:41:16,366 - INFO - ⌛ Aguardando janela de edição de OS...
2026-03-10 18:41:31,847 - INFO - ⌛ Aguardando janela de edição de OS...
2026-03-10 18:41:47,290 - INFO - ⌛ Aguardando janela de edição de OS...
2026-03-10 18:42:02,742 - INFO - ⌛ Aguardando janela de edição de OS...
2026-03-10 18:42:18,195 - INFO - ⌛ Aguardando janela de edição de OS...
2026-03-10 18:42:33,662 - INFO - ⌛ Aguardando janela de edição de OS...
2026-03-10 18:42:49,147 - INFO - ⌛ Aguardando janela de edição de OS...
2026-03-10 18:43:04,682 - INFO - ⌛ Aguardando janela de edição de OS...
2026-03-10 18:43:20,179 - INFO - ⌛ Aguardando janela de edição de OS...
2026-03-10 18:43:35,649 - INFO - ⌛ Aguardando janela de edição de OS...
2026-03-10 18:43:51,107 - INFO - ⌛ Aguardando janela de edição de OS...
2026-03-10 18:44:06,593 - INFO - ⌛ Aguardando janela de edição de OS...
2026-03-10 18:44:22,058 - INFO - ⌛ Aguardando janela de edição de OS...
2026-03-10 18:44:37,537 - INFO - ⌛ Aguardando janela de edição de OS...
2026-03-10 18:44:52,987 - INFO - verificando janela oculta
2026-03-10 18:45:13,449 - INFO - ⏱️ Tempo limite atingido. Abortando seleção
2026-03-10 18:45:13,449 - INFO - Capturando print...
