2026-02-23 18:18:47,863 - INFO - Data hoje: 23/02/2026
2026-02-23 18:18:47,863 - INFO - Data de referência: 28/02/2026
2026-02-23 18:20:33,840 - INFO - Qtde OS de LINHA VIVA: 358
2026-02-23 18:20:33,840 - INFO - Qtde OS poda de LINHA MORTA: 86
2026-02-23 18:20:33,840 - INFO - Qtde OS estrutural de LINHA MORTA : 55
2026-02-23 18:20:33,840 - INFO - Qtde OS poda de LINHA MORTA fora carteira: 1262
2026-02-23 18:20:33,840 - INFO - Qtde OS para desprogramar: 6184
2026-02-23 18:20:33,840 - INFO - 
 Qtd de lotes de LM: 4
2026-02-23 18:20:33,842 - INFO - 
 Qtd de lotes de LV: 15
2026-02-23 18:20:33,842 - INFO - 
 Qtd de lotes de ESTRUTURAL LM: 3
2026-02-23 18:20:33,842 - INFO - 
 Qtd de lotes de LEVE: 51
2026-02-23 18:20:33,842 - INFO - 
 Qtd de lotes para desprogramar: 248
2026-02-23 18:20:33,842 - INFO - 
=== Iniciando lote 1/3 [REDES] ===
2026-02-23 18:20:40,321 - INFO - ⌛ Aguardando janela de seleção...
2026-02-23 18:23:52,884 - INFO - Data hoje: 23/02/2026
2026-02-23 18:23:52,884 - INFO - Data de referência: 28/02/2026
