2026-04-22 09:51:25,671 - INFO - Data hoje: 22/04/2026
2026-04-22 09:51:25,672 - INFO - Data de referência: 30/04/2026
2026-04-22 10:18:50,430 - INFO - Data hoje: 22/04/2026
2026-04-22 10:18:50,430 - INFO - Data de referência: 30/04/2026
2026-04-22 10:20:08,991 - INFO - Qtde OS de LINHA VIVA: 520
2026-04-22 10:20:08,991 - INFO - Qtde OS poda de LINHA MORTA: 176
2026-04-22 10:20:08,991 - INFO - Qtde OS estrutural de LINHA MORTA : 16962
2026-04-22 10:20:08,991 - INFO - Qtde OS poda de LINHA MORTA fora carteira: 268
2026-04-22 10:20:08,991 - INFO - Qtde OS para desprogramar: 1363
2026-04-22 10:20:08,994 - INFO - 
 Qtd de lotes de LM: 4
2026-04-22 10:20:08,994 - INFO - 
 Qtd de lotes de LV: 11
2026-04-22 10:20:08,994 - INFO - 
 Qtd de lotes de ESTRUTURAL LM: 340
2026-04-22 10:20:08,994 - INFO - 
 Qtd de lotes de LEVE: 6
2026-04-22 10:20:08,995 - INFO - 
 Qtd de lotes para desprogramar: 28
2026-04-22 10:20:08,995 - INFO - 
=== Iniciando lote 1/4 [LM] ===
2026-04-22 10:20:08,995 - INFO - 
=== abrir_janela_selecao ===
2026-04-22 10:20:15,318 - INFO - 
=== rotina abrir_selecao_colar_os ===
2026-04-22 10:20:15,456 - INFO - Janela de seleção aberta
2026-04-22 10:20:19,707 - INFO - DEBUG: idx=0, inicio=0, fim=50
2026-04-22 10:20:19,707 - INFO - ✅ 50 OS copiadas para a área de transferência.
2026-04-22 10:20:19,707 - INFO - 📋 Lote 1 copiado.
2026-04-22 10:20:28,033 - INFO - ⌛ Esperando mudança visual...
2026-04-22 10:20:29,052 - INFO - ⌛ Esperando mudança visual...
2026-04-22 10:20:30,067 - INFO - ⌛ Esperando mudança visual...
2026-04-22 10:20:31,083 - INFO - ⌛ Esperando mudança visual...
2026-04-22 10:20:32,098 - INFO - ⌛ Esperando mudança visual...
2026-04-22 10:20:33,112 - INFO - ✅ Tela carregada!
2026-04-22 10:20:37,113 - INFO - 
=== rotina desbloquear_os ===
2026-04-22 10:20:43,619 - INFO - ⌛ Aguardando janela de confirmação de desbloqueio...
2026-04-22 10:20:59,126 - INFO - ⌛ Aguardando janela de confirmação de desbloqueio...
2026-04-22 10:21:14,514 - INFO - ⌛ Aguardando janela de confirmação de desbloqueio...
2026-04-22 10:21:29,952 - INFO - 🟨 Registros desbloqueados com sucesso
2026-04-22 10:21:34,054 - INFO - 
=== rotina editar_os ===
2026-04-22 10:21:43,510 - INFO - ⌛ Aguardando janela de edição de OS...
2026-04-22 10:21:58,991 - INFO - 🟨 OS programadas detectadas
2026-04-22 10:22:02,093 - INFO - ⌛ Aguardando janela de edição de OS...
2026-04-22 10:22:17,574 - INFO - 🟨 Janela de edição de OS detectada
2026-04-22 10:22:38,933 - INFO - 🟨 Janela de edição de habilidade da turma detectada
2026-04-22 10:23:57,242 - INFO - ⌛ Aguardando detecção do campo de caracteristica 'EQUIPE PRÓPRIA OU EPS' ...
2026-04-22 10:24:16,609 - INFO - 🟨 campo de caracteristica 'EQUIPE PRÓPRIA OU EPS detectado
2026-04-22 10:24:38,480 - INFO - ⌛ Aguardando confirmação 4 - editar OS...
2026-04-22 10:24:53,972 - INFO - ⌛ Aguardando confirmação 4 - editar OS...
2026-04-22 10:25:09,449 - INFO - ⌛ Aguardando confirmação 4 - editar OS...
2026-04-22 10:25:24,910 - INFO - ⌛ Aguardando confirmação 4 - editar OS...
2026-04-22 10:25:40,376 - INFO - ⌛ Aguardando confirmação 4 - editar OS...
2026-04-22 10:25:55,845 - INFO - ⌛ Aguardando confirmação 4 - editar OS...
2026-04-22 10:26:11,311 - INFO - 🟨 Janela de confirmação 4 de edição de OS detectada
2026-04-22 10:26:15,414 - INFO - 
=== rotina programar_os ===
2026-04-22 10:26:41,959 - INFO - ⌛ Aguardando janela de confirmação de programação de OS...
2026-04-22 10:27:07,393 - INFO - ⌛ Aguardando janela de confirmação de programação de OS...
2026-04-22 10:27:32,859 - INFO - ⌛ Aguardando janela de confirmação de programação de OS...
2026-04-22 10:27:58,317 - INFO - 🟨 Janela de confirmação de programação de OS detectada
2026-04-22 10:28:11,573 - INFO - 🟨 Janela de aviso de edição de OS programadas detectada
2026-04-22 10:28:18,776 - INFO - ⌛ aguardando janela de programação de lote de OS...
2026-04-22 10:28:44,304 - INFO - 🟨 Janela de aviso de substituição de lote de OS detectada
2026-04-22 10:29:04,411 - INFO - ⌛ aguardando janela de programação de lote de OS...
2026-04-22 10:29:29,977 - INFO - 🟨 Janela de aviso de substituição de lote de OS detectada
2026-04-22 10:29:50,082 - INFO - ⌛ aguardando janela de programação de lote de OS...
2026-04-22 10:30:15,597 - INFO - 🟨 Janela de programação de lote de OS detectada
2026-04-22 10:31:05,102 - INFO - 🟨 Janela de confirmação de programação de lote de OS detectada
2026-04-22 10:31:09,348 - INFO - ⌛ aguardando confirmação final de programação do lote
2026-04-22 10:31:34,858 - INFO - ⌛ aguardando confirmação final de programação do lote
2026-04-22 10:32:00,486 - INFO - ⌛ aguardando confirmação final de programação do lote
2026-04-22 10:32:26,004 - INFO - 🟨 programação do lote 1 efetuado com sucesso
2026-04-22 10:32:36,109 - INFO - 
=== Iniciando lote 2/4 [LM] ===
2026-04-22 10:32:36,110 - INFO - 
=== abrir_janela_selecao ===
2026-04-22 10:32:42,443 - INFO - 
=== rotina abrir_selecao_colar_os ===
2026-04-22 10:32:42,534 - INFO - Janela de seleção aberta
2026-04-22 10:32:46,762 - INFO - DEBUG: idx=1, inicio=50, fim=100
2026-04-22 10:32:46,763 - INFO - ✅ 50 OS copiadas para a área de transferência.
2026-04-22 10:32:46,763 - INFO - 📋 Lote 2 copiado.
2026-04-22 10:32:55,101 - INFO - ⌛ Esperando mudança visual...
2026-04-22 10:32:56,117 - INFO - ⌛ Esperando mudança visual...
2026-04-22 10:32:57,133 - INFO - ⌛ Esperando mudança visual...
2026-04-22 10:32:58,147 - INFO - ⌛ Esperando mudança visual...
2026-04-22 10:32:59,164 - INFO - ⌛ Esperando mudança visual...
2026-04-22 10:33:00,178 - INFO - ⌛ Esperando mudança visual...
2026-04-22 10:33:01,199 - INFO - ⌛ Esperando mudança visual...
2026-04-22 10:33:02,215 - INFO - ⌛ Esperando mudança visual...
2026-04-22 10:33:03,232 - INFO - ⌛ Esperando mudança visual...
2026-04-22 10:33:04,248 - INFO - ⌛ Esperando mudança visual...
2026-04-22 10:33:05,265 - INFO - ⌛ Esperando mudança visual...
2026-04-22 10:33:06,282 - INFO - ⌛ Esperando mudança visual...
2026-04-22 10:33:07,288 - INFO - ⌛ Esperando mudança visual...
2026-04-22 10:33:08,303 - INFO - ✅ Tela carregada!
2026-04-22 10:33:12,305 - INFO - 
=== rotina desbloquear_os ===
2026-04-22 10:33:18,794 - INFO - ⌛ Aguardando janela de confirmação de desbloqueio...
2026-04-22 10:33:34,211 - INFO - ⌛ Aguardando janela de confirmação de desbloqueio...
2026-04-22 10:33:49,624 - INFO - 🟨 Registros desbloqueados com sucesso
2026-04-22 10:33:53,726 - INFO - 
=== rotina editar_os ===
2026-04-22 10:34:03,142 - INFO - ⌛ Aguardando janela de edição de OS...
2026-04-22 10:34:18,573 - INFO - 🟨 OS programadas detectadas
2026-04-22 10:34:21,676 - INFO - ⌛ Aguardando janela de edição de OS...
2026-04-22 10:34:37,120 - INFO - 🟨 Janela de edição de OS detectada
2026-04-22 10:34:58,484 - INFO - ⌛ Aguardando detecção da janela de edição de características ...
2026-04-22 10:35:13,899 - INFO - 🟨 Janela de edição de habilidade da turma detectada
2026-04-22 10:36:32,212 - INFO - ⌛ Aguardando detecção do campo de caracteristica 'EQUIPE PRÓPRIA OU EPS' ...
2026-04-22 10:36:51,569 - INFO - ⌛ Aguardando detecção do campo de caracteristica 'EQUIPE PRÓPRIA OU EPS' ...
2026-04-22 10:37:10,919 - INFO - ⌛ Aguardando detecção do campo de caracteristica 'EQUIPE PRÓPRIA OU EPS' ...
2026-04-22 10:37:30,268 - INFO - ⌛ Aguardando detecção do campo de caracteristica 'EQUIPE PRÓPRIA OU EPS' ...
2026-04-22 10:37:49,615 - INFO - ⌛ Aguardando detecção do campo de caracteristica 'EQUIPE PRÓPRIA OU EPS' ...
2026-04-22 10:38:08,959 - INFO - ⌛ Aguardando detecção do campo de caracteristica 'EQUIPE PRÓPRIA OU EPS' ...
2026-04-22 10:38:28,311 - INFO - 🟨 campo de caracteristica 'EQUIPE PRÓPRIA OU EPS detectado
2026-04-22 10:38:50,113 - INFO - ⌛ Aguardando confirmação 4 - editar OS...
2026-04-22 10:39:05,706 - INFO - ⌛ Aguardando confirmação 4 - editar OS...
2026-04-22 10:39:21,208 - INFO - ⌛ Aguardando confirmação 4 - editar OS...
2026-04-22 10:39:36,664 - INFO - ⌛ Aguardando confirmação 4 - editar OS...
2026-04-22 10:39:52,112 - INFO - ⌛ Aguardando confirmação 4 - editar OS...
2026-04-22 10:40:07,581 - INFO - ⌛ Aguardando confirmação 4 - editar OS...
2026-04-22 10:40:23,038 - INFO - ⌛ Aguardando confirmação 4 - editar OS...
2026-04-22 10:40:38,538 - INFO - ⌛ Aguardando confirmação 4 - editar OS...
2026-04-22 10:40:54,005 - INFO - ⌛ Aguardando confirmação 4 - editar OS...
2026-04-22 10:41:09,490 - INFO - ⌛ Aguardando confirmação 4 - editar OS...
2026-04-22 10:41:24,938 - INFO - ⌛ Aguardando confirmação 4 - editar OS...
2026-04-22 10:41:40,413 - INFO - 🟨 Janela de confirmação 4 de edição de OS detectada
2026-04-22 10:41:44,516 - INFO - 
=== rotina programar_os ===
2026-04-22 10:42:11,051 - INFO - ⌛ Aguardando janela de confirmação de programação de OS...
2026-04-22 10:42:36,493 - INFO - 🟨 Janela de confirmação de programação de OS detectada
2026-04-22 10:42:49,775 - INFO - 🟨 Janela de aviso de edição de OS programadas detectada
2026-04-22 10:42:57,024 - INFO - ⌛ aguardando janela de programação de lote de OS...
2026-04-22 10:43:22,575 - INFO - 🟨 Janela de aviso de substituição de lote de OS detectada
2026-04-22 10:43:42,695 - INFO - ⌛ aguardando janela de programação de lote de OS...
2026-04-22 10:44:08,220 - INFO - 🟨 Janela de aviso de substituição de lote de OS detectada
2026-04-22 10:44:28,322 - INFO - ⌛ aguardando janela de programação de lote de OS...
2026-04-22 10:44:53,878 - INFO - 🟨 Janela de programação de lote de OS detectada
2026-04-22 10:45:43,417 - INFO - 🟨 Janela de confirmação de programação de lote de OS detectada
2026-04-22 10:45:47,635 - INFO - ⌛ aguardando confirmação final de programação do lote
2026-04-22 10:46:13,192 - INFO - ⌛ aguardando confirmação final de programação do lote
2026-04-22 10:46:38,707 - INFO - 🟨 programação do lote 2 efetuado com sucesso
2026-04-22 10:46:48,811 - INFO - 
=== Iniciando lote 3/4 [LM] ===
2026-04-22 10:46:48,811 - INFO - 
=== abrir_janela_selecao ===
2026-04-22 10:46:55,146 - INFO - 
=== rotina abrir_selecao_colar_os ===
2026-04-22 10:46:55,236 - INFO - Janela de seleção aberta
2026-04-22 11:47:35,654 - INFO - Data hoje: 22/04/2026
2026-04-22 11:47:35,654 - INFO - Data de referência: 30/04/2026
2026-04-22 11:48:00,877 - INFO - Qtde OS de LINHA VIVA: 22
2026-04-22 11:48:00,877 - INFO - Qtde OS poda de LINHA MORTA: 4
2026-04-22 11:48:00,877 - INFO - Qtde OS estrutural de LINHA MORTA : 40
2026-04-22 11:48:00,877 - INFO - Qtde OS poda de LINHA MORTA fora carteira: 1
2026-04-22 11:48:00,877 - INFO - Qtde OS para desprogramar: 2
2026-04-22 11:48:00,877 - INFO - 
 Qtd de lotes de LM: 1
2026-04-22 11:48:00,877 - INFO - 
 Qtd de lotes de LV: 1
2026-04-22 11:48:00,877 - INFO - 
 Qtd de lotes de ESTRUTURAL LM: 1
2026-04-22 11:48:00,877 - INFO - 
 Qtd de lotes de LEVE: 1
2026-04-22 11:48:00,877 - INFO - 
 Qtd de lotes para desprogramar: 1
2026-04-22 11:48:00,877 - INFO - 
=== Iniciando lote 1/1 [LM] ===
2026-04-22 11:48:00,877 - INFO - 
=== abrir_janela_selecao ===
2026-04-22 11:48:07,221 - INFO - 
=== rotina abrir_selecao_colar_os ===
2026-04-22 11:48:07,299 - INFO - ⌛ Aguardando janela de seleção...
2026-04-22 11:48:17,718 - INFO - Janela de seleção aberta
2026-04-22 11:48:21,966 - INFO - DEBUG: idx=0, inicio=0, fim=50
2026-04-22 11:48:21,966 - INFO - ✅ 4 OS copiadas para a área de transferência.
2026-04-22 11:48:21,966 - INFO - 📋 Lote 1 copiado.
2026-04-22 11:48:30,293 - INFO - ⌛ Esperando mudança visual...
2026-04-22 11:48:31,298 - INFO - ⌛ Esperando mudança visual...
2026-04-22 11:48:32,317 - INFO - ✅ Tela carregada!
2026-04-22 11:48:36,331 - INFO - 
=== rotina desbloquear_os ===
2026-04-22 11:48:42,817 - INFO - ⌛ Aguardando janela de confirmação de desbloqueio...
2026-04-22 11:48:58,237 - INFO - 🟨 Registros desbloqueados com sucesso
2026-04-22 11:49:02,342 - INFO - 
=== rotina editar_os ===
2026-04-22 11:49:11,745 - INFO - 🟨 OS programadas detectadas
2026-04-22 11:49:14,847 - INFO - ⌛ Aguardando janela de edição de OS...
2026-04-22 11:49:30,276 - INFO - 🟨 Janela de edição de OS detectada
2026-04-22 11:49:51,646 - INFO - 🟨 Janela de edição de habilidade da turma detectada
2026-04-22 11:51:09,977 - INFO - ⌛ Aguardando detecção do campo de caracteristica 'EQUIPE PRÓPRIA OU EPS' ...
2026-04-22 11:51:29,334 - INFO - 🟨 campo de caracteristica 'EQUIPE PRÓPRIA OU EPS detectado
2026-04-22 11:51:51,148 - INFO - ⌛ Aguardando confirmação 4 - editar OS...
2026-04-22 11:52:06,647 - INFO - 🟨 Janela de confirmação 4 de edição de OS detectada
2026-04-22 11:52:10,763 - INFO - 
=== rotina programar_os ===
2026-04-22 11:52:37,309 - INFO - ⌛ Aguardando janela de confirmação de programação de OS...
2026-04-22 11:53:02,804 - INFO - 🟨 Janela de confirmação de programação de OS detectada
2026-04-22 11:53:16,089 - INFO - 🟨 Janela de aviso de edição de OS programadas detectada
2026-04-22 11:53:23,295 - INFO - ⌛ aguardando janela de programação de lote de OS...
2026-04-22 11:53:48,839 - INFO - 🟨 Janela de aviso de substituição de lote de OS detectada
2026-04-22 11:54:08,955 - INFO - ⌛ aguardando janela de programação de lote de OS...
2026-04-22 11:54:09,210 - INFO - 🟨 Identificado falha no EQM
2026-04-22 11:54:09,210 - INFO - Capturando print...
2026-04-22 11:54:54,845 - INFO - ⌛ Aguardando janela de confirmação de programação de OS...
2026-04-22 11:55:20,293 - INFO - 🟨 Janela de confirmação de programação de OS detectada
2026-04-22 11:55:33,549 - INFO - 🟨 Janela de aviso de edição de OS programadas detectada
2026-04-22 11:55:40,764 - INFO - ⌛ aguardando janela de programação de lote de OS...
2026-04-22 11:56:06,243 - INFO - 🟨 Janela de aviso de substituição de lote de OS detectada
2026-04-22 11:56:26,362 - INFO - ⌛ aguardando janela de programação de lote de OS...
2026-04-22 11:56:51,884 - INFO - 🟨 Janela de programação de lote de OS detectada
2026-04-22 11:57:41,461 - INFO - 🟨 Janela de confirmação de programação de lote de OS detectada
2026-04-22 11:57:45,690 - INFO - ⌛ aguardando confirmação final de programação do lote
2026-04-22 11:58:11,231 - INFO - 🟨 programação do lote 1 efetuado com sucesso
2026-04-22 11:58:21,338 - INFO - 
=== Iniciando lote 1/1 [LV] ===
2026-04-22 11:58:21,338 - INFO - 
=== abrir_janela_selecao ===
2026-04-22 11:58:27,645 - INFO - 
=== rotina abrir_selecao_colar_os ===
2026-04-22 11:58:27,730 - INFO - Janela de seleção aberta
2026-04-22 11:58:31,962 - INFO - DEBUG: idx=0, inicio=0, fim=50
2026-04-22 11:58:31,962 - INFO - ✅ 22 OS copiadas para a área de transferência.
2026-04-22 11:58:31,962 - INFO - 📋 Lote 1 copiado.
2026-04-22 11:58:40,304 - INFO - ⌛ Esperando mudança visual...
2026-04-22 11:58:41,333 - INFO - ⌛ Esperando mudança visual...
2026-04-22 11:58:42,349 - INFO - ⌛ Esperando mudança visual...
2026-04-22 11:58:43,367 - INFO - ⌛ Esperando mudança visual...
2026-04-22 11:58:44,380 - INFO - ⌛ Esperando mudança visual...
2026-04-22 11:58:45,398 - INFO - ⌛ Esperando mudança visual...
2026-04-22 11:58:46,411 - INFO - ⌛ Esperando mudança visual...
2026-04-22 11:58:47,432 - INFO - ⌛ Esperando mudança visual...
2026-04-22 11:58:48,443 - INFO - ⌛ Esperando mudança visual...
2026-04-22 11:58:49,448 - INFO - ⌛ Esperando mudança visual...
2026-04-22 11:58:50,465 - INFO - ✅ Tela carregada!
2026-04-22 11:58:54,467 - INFO - 
=== rotina desbloquear_os ===
2026-04-22 11:59:00,941 - INFO - ⌛ Aguardando janela de confirmação de desbloqueio...
2026-04-22 11:59:16,402 - INFO - 🟨 Registros desbloqueados com sucesso
2026-04-22 11:59:20,506 - INFO - 
=== rotina editar_os ===
2026-04-22 11:59:29,919 - INFO - ⌛ Aguardando janela de edição de OS...
2026-04-22 11:59:45,445 - INFO - 🟨 OS programadas detectadas
2026-04-22 11:59:48,554 - INFO - ⌛ Aguardando janela de edição de OS...
2026-04-22 12:00:04,014 - INFO - 🟨 Janela de edição de OS detectada
2026-04-22 12:00:25,371 - INFO - 🟨 Janela de edição de habilidade da turma detectada
2026-04-22 12:01:43,688 - INFO - ⌛ Aguardando detecção do campo de caracteristica 'EQUIPE PRÓPRIA OU EPS' ...
2026-04-22 12:02:03,045 - INFO - 🟨 campo de caracteristica 'EQUIPE PRÓPRIA OU EPS detectado
2026-04-22 12:02:24,893 - INFO - ⌛ Aguardando confirmação 4 - editar OS...
2026-04-22 12:02:40,382 - INFO - ⌛ Aguardando confirmação 4 - editar OS...
2026-04-22 12:02:55,955 - INFO - 🟨 Janela de confirmação 4 de edição de OS detectada
2026-04-22 12:03:00,072 - INFO - 
=== rotina programar_os ===
2026-04-22 12:03:26,611 - INFO - ⌛ Aguardando janela de confirmação de programação de OS...
2026-04-22 12:03:52,111 - INFO - 🟨 Janela de confirmação de programação de OS detectada
2026-04-22 12:04:05,430 - INFO - 🟨 Janela de aviso de edição de OS programadas detectada
2026-04-22 12:04:12,636 - INFO - ⌛ aguardando janela de programação de lote de OS...
2026-04-22 12:04:38,209 - INFO - 🟨 Janela de aviso de substituição de lote de OS detectada
2026-04-22 12:04:58,323 - INFO - ⌛ aguardando janela de programação de lote de OS...
2026-04-22 12:05:23,868 - INFO - 🟨 Janela de aviso de substituição de lote de OS detectada
2026-04-22 12:05:43,970 - INFO - ⌛ aguardando janela de programação de lote de OS...
2026-04-22 12:05:44,132 - INFO - 🟨 Identificado travamento no EQM, reiniciando contador de espera
2026-04-22 12:06:09,521 - INFO - ⌛ aguardando janela de programação de lote de OS...
2026-04-22 12:06:09,645 - INFO - 🟨 Identificado travamento no EQM, reiniciando contador de espera
2026-04-22 12:06:35,043 - INFO - 🟨 Janela de programação de lote de OS detectada
2026-04-22 12:07:24,583 - INFO - 🟨 Janela de confirmação de programação de lote de OS detectada
2026-04-22 12:07:28,818 - INFO - ⌛ aguardando confirmação final de programação do lote
2026-04-22 12:07:54,381 - INFO - 🟨 programação do lote 1 efetuado com sucesso
2026-04-22 12:08:04,493 - INFO - 
=== Iniciando lote 1/1 [REDES] ===
2026-04-22 12:08:04,493 - INFO - 
=== abrir_janela_selecao ===
2026-04-22 12:08:10,801 - INFO - 
=== rotina abrir_selecao_colar_os ===
2026-04-22 12:08:10,864 - INFO - Janela de seleção aberta
2026-04-22 12:08:15,092 - INFO - DEBUG: idx=0, inicio=0, fim=50
2026-04-22 12:08:15,092 - INFO - ✅ 40 OS copiadas para a área de transferência.
2026-04-22 12:08:15,092 - INFO - 📋 Lote 1 copiado.
2026-04-22 12:08:23,423 - INFO - ⌛ Esperando mudança visual...
2026-04-22 12:08:24,446 - INFO - ⌛ Esperando mudança visual...
2026-04-22 12:08:25,464 - INFO - ⌛ Esperando mudança visual...
2026-04-22 12:08:26,477 - INFO - ⌛ Esperando mudança visual...
2026-04-22 12:08:27,495 - INFO - ⌛ Esperando mudança visual...
2026-04-22 12:08:28,508 - INFO - ⌛ Esperando mudança visual...
2026-04-22 12:08:29,524 - INFO - ⌛ Esperando mudança visual...
2026-04-22 12:08:30,540 - INFO - ⌛ Esperando mudança visual...
2026-04-22 12:08:31,555 - INFO - ⌛ Esperando mudança visual...
2026-04-22 12:08:32,559 - INFO - ✅ Tela carregada!
2026-04-22 12:08:36,567 - INFO - 
=== rotina desbloquear_os ===
2026-04-22 12:08:43,048 - INFO - ⌛ Aguardando janela de confirmação de desbloqueio...
2026-04-22 12:08:58,504 - INFO - ⌛ Aguardando janela de confirmação de desbloqueio...
2026-04-22 12:09:13,951 - INFO - 🟨 Registros desbloqueados com sucesso
2026-04-22 12:09:18,055 - INFO - 
=== rotina editar_os ===
2026-04-22 12:09:27,471 - INFO - ⌛ Aguardando janela de edição de OS...
2026-04-22 12:09:43,037 - INFO - 🟨 OS programadas detectadas
2026-04-22 12:09:46,139 - INFO - ⌛ Aguardando janela de edição de OS...
2026-04-22 12:10:01,670 - INFO - 🟨 Janela de edição de OS detectada
2026-04-22 12:10:23,032 - INFO - 🟨 Janela de edição de habilidade da turma detectada
2026-04-22 12:11:41,348 - INFO - ⌛ Aguardando detecção do campo de caracteristica 'EQUIPE PRÓPRIA OU EPS' ...
2026-04-22 12:12:00,726 - INFO - 🟨 campo de caracteristica 'EQUIPE PRÓPRIA OU EPS detectado
2026-04-22 12:12:22,556 - INFO - ⌛ Aguardando confirmação 4 - editar OS...
2026-04-22 12:12:38,091 - INFO - ⌛ Aguardando confirmação 4 - editar OS...
2026-04-22 12:12:53,674 - INFO - ⌛ Aguardando confirmação 4 - editar OS...
2026-04-22 12:13:09,195 - INFO - ⌛ Aguardando confirmação 4 - editar OS...
2026-04-22 12:13:24,711 - INFO - 🟨 Janela de confirmação 4 de edição de OS detectada
2026-04-22 12:13:28,825 - INFO - 
=== rotina programar_os ===
2026-04-22 12:13:55,381 - INFO - ⌛ Aguardando janela de confirmação de programação de OS...
2026-04-22 12:14:20,827 - INFO - 🟨 Janela de confirmação de programação de OS detectada
2026-04-22 12:14:34,087 - INFO - 🟨 Janela de aviso de edição de OS programadas detectada
2026-04-22 12:14:41,308 - INFO - ⌛ aguardando janela de programação de lote de OS...
2026-04-22 12:15:06,820 - INFO - 🟨 Janela de aviso de substituição de lote de OS detectada
2026-04-22 12:15:26,924 - INFO - ⌛ aguardando janela de programação de lote de OS...
2026-04-22 12:15:52,535 - INFO - 🟨 Janela de aviso de substituição de lote de OS detectada
2026-04-22 12:16:12,641 - INFO - ⌛ aguardando janela de programação de lote de OS...
2026-04-22 12:16:38,309 - INFO - 🟨 Janela de programação de lote de OS detectada
2026-04-22 12:17:27,954 - INFO - 🟨 Janela de confirmação de programação de lote de OS detectada
2026-04-22 12:17:32,402 - INFO - ⌛ aguardando confirmação final de programação do lote
2026-04-22 12:17:58,524 - INFO - ⌛ aguardando confirmação final de programação do lote
2026-04-22 12:18:56,458 - INFO - 🟨 programação do lote 1 efetuado com sucesso
2026-04-22 12:19:06,590 - INFO - 
=== Iniciando lote 1/1 [LEVE] ===
2026-04-22 12:19:06,590 - INFO - 
=== abrir_janela_selecao ===
2026-04-22 12:19:12,895 - INFO - 
=== rotina abrir_selecao_colar_os ===
2026-04-22 12:19:12,960 - INFO - Janela de seleção aberta
2026-04-22 12:19:17,202 - INFO - DEBUG: idx=0, inicio=0, fim=50
2026-04-22 12:19:17,202 - INFO - ✅ 1 OS copiadas para a área de transferência.
2026-04-22 12:19:17,202 - INFO - 📋 Lote 1 copiado.
2026-04-22 12:19:25,515 - INFO - ⌛ Esperando mudança visual...
2026-04-22 12:19:26,537 - INFO - ⌛ Esperando mudança visual...
2026-04-22 12:19:27,553 - INFO - ⌛ Esperando mudança visual...
2026-04-22 12:19:28,569 - INFO - ⌛ Esperando mudança visual...
2026-04-22 12:19:29,584 - INFO - ⌛ Esperando mudança visual...
2026-04-22 12:19:30,600 - INFO - ⌛ Esperando mudança visual...
2026-04-22 12:19:31,620 - INFO - ⌛ Esperando mudança visual...
2026-04-22 12:19:32,632 - INFO - ⌛ Esperando mudança visual...
2026-04-22 12:19:33,649 - INFO - ⌛ Esperando mudança visual...
2026-04-22 12:19:34,663 - INFO - ✅ Tela carregada!
2026-04-22 12:19:38,667 - INFO - 
=== rotina desbloquear_os ===
2026-04-22 12:19:45,166 - INFO - ⌛ Aguardando janela de confirmação de desbloqueio...
2026-04-22 12:20:00,780 - INFO - 🟨 Registros desbloqueados com sucesso
2026-04-22 12:20:04,907 - INFO - 
=== rotina editar_os ===
2026-04-22 12:20:14,374 - INFO - ⌛ Aguardando janela de edição de OS...
2026-04-22 12:20:30,079 - INFO - ⌛ Aguardando janela de edição de OS...
2026-04-22 12:20:45,706 - INFO - ⌛ Aguardando janela de edição de OS...
2026-04-22 12:21:01,305 - INFO - ⌛ Aguardando janela de edição de OS...
2026-04-22 12:21:16,934 - INFO - ⌛ Aguardando janela de edição de OS...
2026-04-22 12:21:32,572 - INFO - ⌛ Aguardando janela de edição de OS...
2026-04-22 12:21:48,209 - INFO - ⌛ Aguardando janela de edição de OS...
2026-04-22 12:22:03,792 - INFO - ⌛ Aguardando janela de edição de OS...
2026-04-22 12:22:19,376 - INFO - ⌛ Aguardando janela de edição de OS...
2026-04-22 12:22:34,944 - INFO - ⌛ Aguardando janela de edição de OS...
2026-04-22 12:22:50,485 - INFO - ⌛ Aguardando janela de edição de OS...
2026-04-22 12:23:06,074 - INFO - ⌛ Aguardando janela de edição de OS...
2026-04-22 12:23:21,629 - INFO - ⌛ Aguardando janela de edição de OS...
2026-04-22 12:23:37,237 - INFO - ⌛ Aguardando janela de edição de OS...
2026-04-22 12:23:52,931 - INFO - ⌛ Aguardando janela de edição de OS...
2026-04-22 12:24:08,588 - INFO - ⌛ Aguardando janela de edição de OS...
2026-04-22 12:24:24,185 - INFO - ⌛ Aguardando janela de edição de OS...
2026-04-22 12:24:39,717 - INFO - ⌛ Aguardando janela de edição de OS...
2026-04-22 12:24:55,305 - INFO - ⌛ Aguardando janela de edição de OS...
2026-04-22 12:25:10,896 - INFO - ⌛ Aguardando janela de edição de OS...
2026-04-22 12:25:26,509 - INFO - ⌛ Aguardando janela de edição de OS...
2026-04-22 12:25:42,143 - INFO - ⌛ Aguardando janela de edição de OS...
2026-04-22 12:25:57,794 - INFO - ⌛ Aguardando janela de edição de OS...
2026-04-22 12:26:13,471 - INFO - ⌛ Aguardando janela de edição de OS...
2026-04-22 12:26:29,152 - INFO - ⌛ Aguardando janela de edição de OS...
2026-04-22 12:26:44,945 - INFO - ⌛ Aguardando janela de edição de OS...
2026-04-22 12:27:00,632 - INFO - ⌛ Aguardando janela de edição de OS...
2026-04-22 12:27:16,295 - INFO - ⌛ Aguardando janela de edição de OS...
2026-04-22 12:27:32,004 - INFO - ⌛ Aguardando janela de edição de OS...
2026-04-22 12:27:47,683 - INFO - ⌛ Aguardando janela de edição de OS...
2026-04-22 12:28:03,372 - INFO - ⌛ Aguardando janela de edição de OS...
2026-04-22 12:28:19,016 - INFO - ⌛ Aguardando janela de edição de OS...
2026-04-22 12:28:34,661 - INFO - ⌛ Aguardando janela de edição de OS...
2026-04-22 12:28:50,329 - INFO - ⌛ Aguardando janela de edição de OS...
2026-04-22 12:29:05,991 - INFO - ⌛ Aguardando janela de edição de OS...
2026-04-22 12:29:21,631 - INFO - ⌛ Aguardando janela de edição de OS...
2026-04-22 12:29:37,271 - INFO - ⌛ Aguardando janela de edição de OS...
2026-04-22 12:29:52,927 - INFO - ⌛ Aguardando janela de edição de OS...
2026-04-22 12:30:08,570 - INFO - ⌛ Aguardando janela de edição de OS...
2026-04-22 12:30:24,354 - INFO - ⌛ Aguardando janela de edição de OS...
2026-04-22 12:30:40,072 - INFO - ⌛ Aguardando janela de edição de OS...
2026-04-22 12:30:55,647 - INFO - ⌛ Aguardando janela de edição de OS...
2026-04-22 12:31:11,208 - INFO - ⌛ Aguardando janela de edição de OS...
2026-04-22 12:31:26,804 - INFO - ⌛ Aguardando janela de edição de OS...
2026-04-22 12:31:42,505 - INFO - ⌛ Aguardando janela de edição de OS...
2026-04-22 12:31:58,192 - INFO - ⌛ Aguardando janela de edição de OS...
2026-04-22 12:32:13,817 - INFO - ⌛ Aguardando janela de edição de OS...
2026-04-22 12:32:29,579 - INFO - ⌛ Aguardando janela de edição de OS...
2026-04-22 12:32:45,220 - INFO - ⌛ Aguardando janela de edição de OS...
2026-04-22 12:33:00,774 - INFO - ⌛ Aguardando janela de edição de OS...
2026-04-22 12:33:16,335 - INFO - ⌛ Aguardando janela de edição de OS...
2026-04-22 12:33:31,971 - INFO - ⌛ Aguardando janela de edição de OS...
2026-04-22 12:33:47,551 - INFO - ⌛ Aguardando janela de edição de OS...
2026-04-22 12:34:03,171 - INFO - ⌛ Aguardando janela de edição de OS...
2026-04-22 12:34:18,858 - INFO - ⌛ Aguardando janela de edição de OS...
2026-04-22 12:34:34,508 - INFO - ⌛ Aguardando janela de edição de OS...
2026-04-22 12:34:50,123 - INFO - ⌛ Aguardando janela de edição de OS...
2026-04-22 12:35:05,770 - INFO - ⌛ Aguardando janela de edição de OS...
2026-04-22 12:35:21,368 - INFO - ⌛ Aguardando janela de edição de OS...
2026-04-22 12:35:37,008 - INFO - ⌛ Aguardando janela de edição de OS...
2026-04-22 12:35:52,646 - INFO - ⌛ Aguardando janela de edição de OS...
2026-04-22 12:36:08,259 - INFO - ⌛ Aguardando janela de edição de OS...
2026-04-22 12:36:23,882 - INFO - ⌛ Aguardando janela de edição de OS...
2026-04-22 12:36:39,464 - INFO - ⌛ Aguardando janela de edição de OS...
2026-04-22 12:36:55,008 - INFO - ⌛ Aguardando janela de edição de OS...
2026-04-22 12:37:10,553 - INFO - ⌛ Aguardando janela de edição de OS...
2026-04-22 12:37:26,188 - INFO - ⌛ Aguardando janela de edição de OS...
2026-04-22 12:37:41,763 - INFO - ⌛ Aguardando janela de edição de OS...
2026-04-22 12:37:57,269 - INFO - ⌛ Aguardando janela de edição de OS...
2026-04-22 12:38:12,798 - INFO - ⌛ Aguardando janela de edição de OS...
2026-04-22 12:38:28,276 - INFO - ⌛ Aguardando janela de edição de OS...
2026-04-22 12:38:43,769 - INFO - ⌛ Aguardando janela de edição de OS...
2026-04-22 12:38:59,245 - INFO - ⌛ Aguardando janela de edição de OS...
2026-04-22 12:39:14,807 - INFO - ⌛ Aguardando janela de edição de OS...
2026-04-22 12:39:30,368 - INFO - ⌛ Aguardando janela de edição de OS...
2026-04-22 12:39:45,911 - INFO - ⌛ Aguardando janela de edição de OS...
2026-04-22 12:40:01,469 - INFO - ⌛ Aguardando janela de edição de OS...
2026-04-22 12:40:16,970 - INFO - ⌛ Aguardando janela de edição de OS...
2026-04-22 12:40:32,392 - INFO - ⌛ Aguardando janela de edição de OS...
2026-04-22 12:40:47,841 - INFO - ⌛ Aguardando janela de edição de OS...
2026-04-22 12:41:03,265 - INFO - ⌛ Aguardando janela de edição de OS...
2026-04-22 12:41:18,740 - INFO - ⌛ Aguardando janela de edição de OS...
2026-04-22 12:41:34,258 - INFO - ⌛ Aguardando janela de edição de OS...
2026-04-22 12:41:49,766 - INFO - ⌛ Aguardando janela de edição de OS...
2026-04-22 12:42:05,222 - INFO - ⌛ Aguardando janela de edição de OS...
2026-04-22 12:42:20,700 - INFO - ⌛ Aguardando janela de edição de OS...
2026-04-22 12:42:36,240 - INFO - ⌛ Aguardando janela de edição de OS...
2026-04-22 12:42:51,835 - INFO - ⌛ Aguardando janela de edição de OS...
2026-04-22 12:43:07,371 - INFO - ⌛ Aguardando janela de edição de OS...
2026-04-22 12:43:22,897 - INFO - ⌛ Aguardando janela de edição de OS...
2026-04-22 12:43:38,422 - INFO - ⌛ Aguardando janela de edição de OS...
2026-04-22 12:43:53,939 - INFO - ⌛ Aguardando janela de edição de OS...
2026-04-22 12:44:09,390 - INFO - ⌛ Aguardando janela de edição de OS...
2026-04-22 12:44:24,846 - INFO - ⌛ Aguardando janela de edição de OS...
2026-04-22 12:44:40,482 - INFO - ⌛ Aguardando janela de edição de OS...
2026-04-22 12:44:56,056 - INFO - ⌛ Aguardando janela de edição de OS...
2026-04-22 12:45:11,535 - INFO - ⌛ Aguardando janela de edição de OS...
2026-04-22 12:45:26,997 - INFO - ⌛ Aguardando janela de edição de OS...
2026-04-22 12:45:42,524 - INFO - ⌛ Aguardando janela de edição de OS...
2026-04-22 12:45:58,094 - INFO - ⌛ Aguardando janela de edição de OS...
2026-04-22 12:46:13,602 - INFO - ⌛ Aguardando janela de edição de OS...
2026-04-22 12:46:29,060 - INFO - ⌛ Aguardando janela de edição de OS...
2026-04-22 12:46:44,535 - INFO - ⌛ Aguardando janela de edição de OS...
2026-04-22 12:47:00,096 - INFO - ⌛ Aguardando janela de edição de OS...
2026-04-22 12:47:15,699 - INFO - ⌛ Aguardando janela de edição de OS...
2026-04-22 12:47:31,232 - INFO - ⌛ Aguardando janela de edição de OS...
2026-04-22 12:47:46,774 - INFO - ⌛ Aguardando janela de edição de OS...
2026-04-22 12:48:02,270 - INFO - ⌛ Aguardando janela de edição de OS...
2026-04-22 12:48:17,845 - INFO - ⌛ Aguardando janela de edição de OS...
2026-04-22 12:48:33,358 - INFO - ⌛ Aguardando janela de edição de OS...
2026-04-22 12:48:48,825 - INFO - ⌛ Aguardando janela de edição de OS...
2026-04-22 12:49:04,332 - INFO - ⌛ Aguardando janela de edição de OS...
2026-04-22 12:49:19,855 - INFO - ⌛ Aguardando janela de edição de OS...
2026-04-22 12:49:35,334 - INFO - ⌛ Aguardando janela de edição de OS...
2026-04-22 12:49:50,800 - INFO - ⌛ Aguardando janela de edição de OS...
2026-04-22 12:50:06,337 - INFO - verificando janela oculta
2026-04-22 12:50:26,798 - INFO - ⏱️ Tempo limite atingido. Abortando seleção
2026-04-22 12:50:26,798 - INFO - Capturando print...
2026-04-22 14:29:10,201 - INFO - Data hoje: 22/04/2026
2026-04-22 14:29:10,201 - INFO - Data de referência: 30/04/2026
2026-04-22 14:29:22,823 - INFO - Data hoje: 22/04/2026
2026-04-22 14:29:22,823 - INFO - Data de referência: 30/04/2026
2026-04-22 14:29:24,667 - INFO - Qtde OS para executar: 15279
2026-04-22 14:29:24,667 - INFO - 
=== Iniciando lote 1/306 ===
2026-04-22 14:29:24,667 - INFO - 
=== abrir_janela_selecao ===
2026-04-22 14:29:31,019 - INFO - 
=== rotina abrir_selecao_colar_os ===
2026-04-22 14:29:31,130 - INFO - Janela de seleção aberta
2026-04-22 14:29:35,374 - INFO - DEBUG: idx=0, inicio=0, fim=50
2026-04-22 14:29:35,374 - INFO - ✅ 50 OS copiadas para a área de transferência.
2026-04-22 14:29:35,374 - INFO - 📋 Lote 1 copiado.
2026-04-22 14:29:43,704 - INFO - ⌛ Esperando mudança visual...
2026-04-22 14:29:44,719 - INFO - ⌛ Esperando mudança visual...
2026-04-22 14:29:45,733 - INFO - ⌛ Esperando mudança visual...
2026-04-22 14:29:46,749 - INFO - ⌛ Esperando mudança visual...
2026-04-22 14:29:47,768 - INFO - ⌛ Esperando mudança visual...
2026-04-22 14:29:48,779 - INFO - ✅ Tela carregada!
2026-04-22 14:29:52,781 - INFO - 
=== rotina desbloquear_os ===
2026-04-22 14:29:59,273 - INFO - ⌛ Aguardando janela de confirmação de desbloqueio...
2026-04-22 14:30:14,681 - INFO - ⌛ Aguardando janela de confirmação de desbloqueio...
2026-04-22 14:30:30,135 - INFO - 🟨 Registros desbloqueados com sucesso
2026-04-22 14:30:34,242 - INFO - 
=== Iniciando lote 2/306 ===
2026-04-22 14:30:34,242 - INFO - 
=== abrir_janela_selecao ===
2026-04-22 14:30:40,573 - INFO - 
=== rotina abrir_selecao_colar_os ===
2026-04-22 14:30:40,616 - INFO - Janela de seleção aberta
2026-04-22 14:46:21,583 - INFO - Data hoje: 22/04/2026
2026-04-22 14:46:21,583 - INFO - Data de referência: 30/04/2026
2026-04-22 14:46:23,581 - INFO - Qtde OS para executar: 15279
2026-04-22 14:46:23,581 - INFO - 
=== Iniciando lote 1/306 ===
2026-04-22 14:46:23,581 - INFO - 
=== abrir_janela_selecao ===
2026-04-22 14:46:29,925 - INFO - 
=== rotina abrir_selecao_colar_os ===
2026-04-22 14:46:29,987 - INFO - Janela de seleção aberta
2026-04-22 14:46:34,209 - INFO - DEBUG: idx=0, inicio=0, fim=50
2026-04-22 14:46:34,209 - INFO - ✅ 50 OS copiadas para a área de transferência.
2026-04-22 14:46:34,209 - INFO - 📋 Lote 1 copiado.
2026-04-22 14:46:42,540 - INFO - ⌛ Esperando mudança visual...
2026-04-22 14:46:43,572 - INFO - ⌛ Esperando mudança visual...
2026-04-22 14:46:44,598 - INFO - ⌛ Esperando mudança visual...
2026-04-22 14:46:45,612 - INFO - ⌛ Esperando mudança visual...
2026-04-22 14:46:46,617 - INFO - ⌛ Esperando mudança visual...
2026-04-22 14:46:47,626 - INFO - ⌛ Esperando mudança visual...
2026-04-22 14:46:48,658 - INFO - ⌛ Esperando mudança visual...
2026-04-22 14:46:49,674 - INFO - ⌛ Esperando mudança visual...
2026-04-22 14:46:50,688 - INFO - ⌛ Esperando mudança visual...
2026-04-22 14:46:51,705 - INFO - ⌛ Esperando mudança visual...
2026-04-22 14:46:52,723 - INFO - ⌛ Esperando mudança visual...
2026-04-22 14:46:53,736 - INFO - ⌛ Esperando mudança visual...
2026-04-22 14:46:54,752 - INFO - ⌛ Esperando mudança visual...
2026-04-22 14:46:55,771 - INFO - ⌛ Esperando mudança visual...
2026-04-22 14:46:56,786 - INFO - ⌛ Esperando mudança visual...
2026-04-22 14:46:57,799 - INFO - ⌛ Esperando mudança visual...
2026-04-22 14:46:58,815 - INFO - ⌛ Esperando mudança visual...
2026-04-22 14:46:59,830 - INFO - ⌛ Esperando mudança visual...
2026-04-22 14:47:00,846 - INFO - ✅ Tela carregada!
2026-04-22 14:47:04,852 - INFO - 
=== rotina desbloquear_os ===
2026-04-22 14:47:11,365 - INFO - ⌛ Aguardando janela de confirmação de desbloqueio...
2026-04-22 14:47:26,834 - INFO - ⌛ Aguardando janela de confirmação de desbloqueio...
2026-04-22 14:47:42,238 - INFO - ⌛ Aguardando janela de confirmação de desbloqueio...
2026-04-22 14:47:57,659 - INFO - 🟨 Registros desbloqueados com sucesso
2026-04-22 14:48:01,763 - INFO - 
=== rotina editar_os ===
2026-04-22 14:48:24,241 - INFO - Data hoje: 22/04/2026
2026-04-22 14:48:24,244 - INFO - Data de referência: 30/04/2026
2026-04-22 14:48:26,225 - INFO - Qtde OS para executar: 15279
2026-04-22 14:48:26,225 - INFO - 
=== Iniciando lote 1/306 ===
2026-04-22 14:48:26,225 - INFO - 
=== abrir_janela_selecao ===
2026-04-22 14:48:32,556 - INFO - 
=== rotina abrir_selecao_colar_os ===
2026-04-22 14:48:32,621 - INFO - Janela de seleção aberta
2026-04-22 14:48:36,865 - INFO - DEBUG: idx=0, inicio=0, fim=50
2026-04-22 14:48:36,865 - INFO - ✅ 50 OS copiadas para a área de transferência.
2026-04-22 14:48:36,865 - INFO - 📋 Lote 1 copiado.
2026-04-22 14:48:45,204 - INFO - ⌛ Esperando mudança visual...
2026-04-22 14:48:46,228 - INFO - ⌛ Esperando mudança visual...
2026-04-22 14:48:47,247 - INFO - ⌛ Esperando mudança visual...
2026-04-22 14:48:48,256 - INFO - ⌛ Esperando mudança visual...
2026-04-22 14:48:49,273 - INFO - ⌛ Esperando mudança visual...
2026-04-22 14:48:50,288 - INFO - ⌛ Esperando mudança visual...
2026-04-22 14:48:51,305 - INFO - ⌛ Esperando mudança visual...
2026-04-22 14:48:52,320 - INFO - ⌛ Esperando mudança visual...
2026-04-22 14:48:53,336 - INFO - ⌛ Esperando mudança visual...
2026-04-22 14:48:54,351 - INFO - ⌛ Esperando mudança visual...
2026-04-22 14:48:55,367 - INFO - ⌛ Esperando mudança visual...
2026-04-22 14:48:56,382 - INFO - ⌛ Esperando mudança visual...
2026-04-22 14:48:57,398 - INFO - ⌛ Esperando mudança visual...
2026-04-22 14:48:58,416 - INFO - ⌛ Esperando mudança visual...
2026-04-22 14:48:59,429 - INFO - ⌛ Esperando mudança visual...
2026-04-22 14:49:00,450 - INFO - ⌛ Esperando mudança visual...
2026-04-22 14:49:01,461 - INFO - ✅ Tela carregada!
2026-04-22 14:49:05,475 - INFO - 
=== rotina desbloquear_os ===
2026-04-22 14:49:11,967 - INFO - ⌛ Aguardando janela de confirmação de desbloqueio...
2026-04-22 14:49:27,353 - INFO - ⌛ Aguardando janela de confirmação de desbloqueio...
2026-04-22 14:49:42,773 - INFO - ⌛ Aguardando janela de confirmação de desbloqueio...
2026-04-22 14:49:58,185 - INFO - 🟨 Registros desbloqueados com sucesso
2026-04-22 14:50:02,290 - INFO - 
=== rotina editar_os ===
2026-04-22 14:50:11,714 - INFO - ⌛ Aguardando janela de edição de OS...
2026-04-22 14:50:27,155 - INFO - 🟨 OS programadas detectadas
2026-04-22 14:50:30,264 - INFO - ⌛ Aguardando janela de edição de OS...
2026-04-22 14:50:45,716 - INFO - 🟨 Janela de edição de OS detectada
2026-04-22 14:51:07,079 - INFO - 🟨 Janela de edição de habilidade da turma detectada
2026-04-22 14:56:42,621 - INFO - Data hoje: 22/04/2026
2026-04-22 14:56:42,621 - INFO - Data de referência: 30/04/2026
2026-04-22 14:56:44,407 - INFO - Qtde OS para executar: 15279
2026-04-22 14:56:44,407 - INFO - 
=== Iniciando lote 1/306 ===
2026-04-22 14:56:48,417 - INFO - 
=== rotina editar_os ===
2026-04-22 14:56:57,881 - INFO - ⌛ Aguardando janela de edição de OS...
2026-04-22 14:57:13,373 - INFO - 🟨 OS programadas detectadas
2026-04-22 14:57:16,477 - INFO - ⌛ Aguardando janela de edição de OS...
2026-04-22 14:57:31,949 - INFO - 🟨 Janela de edição de OS detectada
2026-04-22 14:57:51,210 - INFO - ⌛ Aguardando detecção da janela de edição de características ...
2026-04-22 14:58:06,616 - INFO - ⌛ Aguardando detecção da janela de edição de características ...
2026-04-22 14:58:22,014 - INFO - ⌛ Aguardando detecção da janela de edição de características ...
2026-04-22 14:58:37,444 - INFO - ⌛ Aguardando detecção da janela de edição de características ...
2026-04-22 15:03:58,559 - INFO - Data hoje: 22/04/2026
2026-04-22 15:03:58,561 - INFO - Data de referência: 30/04/2026
2026-04-22 15:04:00,607 - INFO - Qtde OS para executar: 15279
2026-04-22 15:04:00,607 - INFO - 
=== Iniciando lote 1/306 ===
2026-04-22 15:04:04,620 - INFO - 
=== rotina editar_os ===
2026-04-22 15:04:14,069 - INFO - ⌛ Aguardando janela de edição de OS...
2026-04-22 15:04:29,519 - INFO - 🟨 OS programadas detectadas
2026-04-22 15:04:32,627 - INFO - ⌛ Aguardando janela de edição de OS...
2026-04-22 15:04:48,057 - INFO - 🟨 Janela de edição de OS detectada
2026-04-22 15:05:07,329 - INFO - 🟨 campo de caracteristica 'EQUIPE PRÓPRIA OU EPS detectado
2026-04-22 15:05:29,168 - INFO - ⌛ Aguardando confirmação 4 - editar OS...
2026-04-22 15:05:44,617 - INFO - ⌛ Aguardando confirmação 4 - editar OS...
2026-04-22 15:06:00,074 - INFO - ⌛ Aguardando confirmação 4 - editar OS...
2026-04-22 15:06:15,522 - INFO - ⌛ Aguardando confirmação 4 - editar OS...
2026-04-22 15:06:30,956 - INFO - ⌛ Aguardando confirmação 4 - editar OS...
2026-04-22 15:06:46,418 - INFO - ⌛ Aguardando confirmação 4 - editar OS...
2026-04-22 15:07:01,877 - INFO - 🟨 Janela de confirmação 4 de edição de OS detectada
2026-04-22 15:11:58,226 - INFO - Data hoje: 22/04/2026
2026-04-22 15:11:58,226 - INFO - Data de referência: 30/04/2026
2026-04-22 15:12:01,805 - INFO - Data hoje: 22/04/2026
2026-04-22 15:12:01,805 - INFO - Data de referência: 30/04/2026
2026-04-22 15:12:03,787 - INFO - Qtde OS para executar: 15279
2026-04-22 15:12:03,788 - INFO - 
=== Iniciando lote 1/306 ===
2026-04-22 15:12:07,814 - INFO - 
=== rotina editar_os ===
2026-04-22 15:12:17,254 - INFO - ⌛ Aguardando janela de edição de OS...
2026-04-22 15:12:32,717 - INFO - 🟨 OS programadas detectadas
2026-04-22 15:12:35,820 - INFO - ⌛ Aguardando janela de edição de OS...
2026-04-22 15:12:51,349 - INFO - 🟨 Janela de edição de OS detectada
2026-04-22 15:13:10,612 - INFO - 🟨 campo de caracteristica 'EQUIPE PRÓPRIA OU EPS detectado
2026-04-22 15:13:32,389 - INFO - ⌛ Aguardando confirmação 4 - editar OS...
2026-04-22 15:13:47,852 - INFO - ⌛ Aguardando confirmação 4 - editar OS...
2026-04-22 15:14:03,322 - INFO - ⌛ Aguardando confirmação 4 - editar OS...
2026-04-22 15:14:18,761 - INFO - ⌛ Aguardando confirmação 4 - editar OS...
2026-04-22 15:14:34,240 - INFO - ⌛ Aguardando confirmação 4 - editar OS...
2026-04-22 15:14:49,738 - INFO - 🟨 Janela de confirmação 4 de edição de OS detectada
2026-04-22 15:14:51,841 - INFO - ⌛ Aguardando detecção do campo de caracteristica 'EQUIPE PRÓPRIA OU EPS' ...
2026-04-22 15:15:11,201 - INFO - ⌛ Aguardando detecção do campo de caracteristica 'EQUIPE PRÓPRIA OU EPS' ...
2026-04-22 15:16:47,951 - INFO - Data hoje: 22/04/2026
2026-04-22 15:16:47,952 - INFO - Data de referência: 30/04/2026
2026-04-22 15:16:50,029 - INFO - Qtde OS para executar: 15279
2026-04-22 15:16:50,029 - INFO - 
=== Iniciando lote 1/306 ===
2026-04-22 15:16:54,031 - INFO - 
=== rotina editar_os ===
2026-04-22 15:17:03,536 - INFO - ⌛ Aguardando janela de edição de OS...
2026-04-22 15:17:19,049 - INFO - 🟨 OS programadas detectadas
2026-04-22 15:17:22,156 - INFO - ⌛ Aguardando janela de edição de OS...
2026-04-22 15:17:37,615 - INFO - 🟨 Janela de edição de OS detectada
2026-04-22 15:17:56,880 - INFO - 🟨 campo de caracteristica 'EQUIPE PRÓPRIA OU EPS detectado
2026-04-22 15:18:18,673 - INFO - ⌛ Aguardando confirmação 4 - editar OS...
2026-04-22 15:18:34,115 - INFO - ⌛ Aguardando confirmação 4 - editar OS...
2026-04-22 15:18:49,582 - INFO - ⌛ Aguardando confirmação 4 - editar OS...
2026-04-22 15:19:05,039 - INFO - ⌛ Aguardando confirmação 4 - editar OS...
2026-04-22 15:19:20,498 - INFO - ⌛ Aguardando confirmação 4 - editar OS...
2026-04-22 15:19:35,924 - INFO - ⌛ Aguardando confirmação 4 - editar OS...
2026-04-22 15:19:51,354 - INFO - 🟨 Janela de confirmação 4 de edição de OS detectada
2026-04-22 15:19:55,470 - INFO - 
=== Iniciando lote 2/306 ===
2026-04-22 15:19:59,473 - INFO - 
=== rotina editar_os ===
2026-04-22 15:20:08,878 - INFO - ⌛ Aguardando janela de edição de OS...
2026-04-22 15:20:24,376 - INFO - 🟨 OS programadas detectadas
2026-04-22 15:20:27,482 - INFO - ⌛ Aguardando janela de edição de OS...
2026-04-22 15:20:42,905 - INFO - 🟨 Janela de edição de OS detectada
2026-04-22 15:21:02,177 - INFO - 🟨 campo de caracteristica 'EQUIPE PRÓPRIA OU EPS detectado
2026-04-22 15:21:23,933 - INFO - ⌛ Aguardando confirmação 4 - editar OS...
2026-04-22 15:21:39,411 - INFO - ⌛ Aguardando confirmação 4 - editar OS...
2026-04-22 15:21:54,847 - INFO - ⌛ Aguardando confirmação 4 - editar OS...
2026-04-22 15:22:10,281 - INFO - ⌛ Aguardando confirmação 4 - editar OS...
2026-04-22 15:22:25,719 - INFO - ⌛ Aguardando confirmação 4 - editar OS...
2026-04-22 15:22:41,157 - INFO - ⌛ Aguardando confirmação 4 - editar OS...
2026-04-22 15:22:56,631 - INFO - 🟨 Janela de confirmação 4 de edição de OS detectada
2026-04-22 15:23:00,735 - INFO - 
=== Iniciando lote 3/306 ===
2026-04-22 15:23:04,738 - INFO - 
=== rotina editar_os ===
2026-04-22 15:23:14,152 - INFO - ⌛ Aguardando janela de edição de OS...
2026-04-22 15:23:29,616 - INFO - 🟨 OS programadas detectadas
2026-04-22 15:23:32,725 - INFO - ⌛ Aguardando janela de edição de OS...
2026-04-22 15:23:48,207 - INFO - 🟨 Janela de edição de OS detectada
2026-04-22 15:24:07,476 - INFO - 🟨 campo de caracteristica 'EQUIPE PRÓPRIA OU EPS detectado
2026-04-22 15:24:29,264 - INFO - ⌛ Aguardando confirmação 4 - editar OS...
2026-04-22 15:24:44,696 - INFO - ⌛ Aguardando confirmação 4 - editar OS...
2026-04-22 15:25:00,164 - INFO - ⌛ Aguardando confirmação 4 - editar OS...
2026-04-22 15:25:00,286 - INFO - 🟨 Identificado travamento no EQM, reiniciando contador de espera
2026-04-22 15:25:15,628 - INFO - ⌛ Aguardando confirmação 4 - editar OS...
2026-04-22 15:25:31,097 - INFO - ⌛ Aguardando confirmação 4 - editar OS...
2026-04-22 15:25:46,537 - INFO - 🟨 Janela de confirmação 4 de edição de OS detectada
2026-04-22 15:25:50,651 - INFO - 
=== Iniciando lote 4/306 ===
2026-04-22 15:25:54,653 - INFO - 
=== rotina editar_os ===
2026-04-22 15:26:04,052 - INFO - ⌛ Aguardando janela de edição de OS...
2026-04-22 15:26:19,529 - INFO - 🟨 OS programadas detectadas
2026-04-22 15:26:22,634 - INFO - ⌛ Aguardando janela de edição de OS...
2026-04-22 15:26:38,159 - INFO - 🟨 Janela de edição de OS detectada
2026-04-22 15:26:57,414 - INFO - 🟨 campo de caracteristica 'EQUIPE PRÓPRIA OU EPS detectado
2026-04-22 15:27:19,201 - INFO - ⌛ Aguardando confirmação 4 - editar OS...
2026-04-22 15:27:34,669 - INFO - ⌛ Aguardando confirmação 4 - editar OS...
2026-04-22 15:27:50,133 - INFO - ⌛ Aguardando confirmação 4 - editar OS...
2026-04-22 15:28:05,589 - INFO - ⌛ Aguardando confirmação 4 - editar OS...
2026-04-22 15:28:21,037 - INFO - ⌛ Aguardando confirmação 4 - editar OS...
2026-04-22 15:28:36,463 - INFO - 🟨 Janela de confirmação 4 de edição de OS detectada
2026-04-22 15:28:40,581 - INFO - 
=== Iniciando lote 5/306 ===
2026-04-22 15:28:44,582 - INFO - 
=== rotina editar_os ===
2026-04-22 15:31:46,407 - INFO - Data hoje: 22/04/2026
2026-04-22 15:31:46,407 - INFO - Data de referência: 30/04/2026
2026-04-22 15:31:48,414 - INFO - Qtde OS para executar: 15279
2026-04-22 15:31:48,414 - INFO - 
=== Iniciando lote 1/306 ===
2026-04-22 15:32:26,815 - INFO - Data hoje: 22/04/2026
2026-04-22 15:32:26,816 - INFO - Data de referência: 30/04/2026
2026-04-22 15:32:29,123 - INFO - Qtde OS para executar: 15279
2026-04-22 15:32:29,123 - INFO - 
=== Iniciando lote 1/306 ===
2026-04-22 15:32:33,125 - INFO - 
=== rotina editar_os ===
2026-04-22 15:32:42,583 - INFO - ⌛ Aguardando janela de edição de OS...
2026-04-22 15:32:58,076 - INFO - 🟨 OS programadas detectadas
2026-04-22 15:33:01,179 - INFO - ⌛ Aguardando janela de edição de OS...
2026-04-22 15:33:16,635 - INFO - 🟨 Janela de edição de OS detectada
2026-04-22 15:33:35,897 - INFO - 🟨 campo de caracteristica 'EQUIPE PRÓPRIA OU EPS detectado
2026-04-22 15:33:57,675 - INFO - ⌛ Aguardando confirmação 4 - editar OS...
2026-04-22 15:34:13,107 - INFO - ⌛ Aguardando confirmação 4 - editar OS...
2026-04-22 15:34:28,632 - INFO - ⌛ Aguardando confirmação 4 - editar OS...
2026-04-22 15:34:44,069 - INFO - ⌛ Aguardando confirmação 4 - editar OS...
2026-04-22 15:34:59,538 - INFO - ⌛ Aguardando confirmação 4 - editar OS...
2026-04-22 15:35:14,986 - INFO - ⌛ Aguardando confirmação 4 - editar OS...
2026-04-22 15:35:30,451 - INFO - ⌛ Aguardando confirmação 4 - editar OS...
2026-04-22 15:35:45,917 - INFO - 🟨 Janela de confirmação 4 de edição de OS detectada
2026-04-22 15:35:50,026 - INFO - 
=== rotina programar_os ===
2026-04-22 15:36:16,548 - INFO - ⌛ Aguardando janela de confirmação de programação de OS...
2026-04-22 15:36:41,967 - INFO - 🟨 Janela de confirmação de programação de OS detectada
2026-04-22 15:36:55,239 - INFO - 🟨 Janela de aviso de edição de OS programadas detectada
2026-04-22 15:37:02,445 - INFO - ⌛ aguardando janela de programação de lote de OS...
2026-04-22 15:37:27,929 - INFO - 🟨 Janela de aviso de substituição de lote de OS detectada
2026-04-22 15:37:48,041 - INFO - ⌛ aguardando janela de programação de lote de OS...
2026-04-22 15:38:13,553 - INFO - 🟨 Janela de aviso de substituição de lote de OS detectada
2026-04-22 15:38:33,660 - INFO - ⌛ aguardando janela de programação de lote de OS...
2026-04-22 15:38:59,136 - INFO - 🟨 Janela de programação de lote de OS detectada
2026-04-22 15:57:08,815 - INFO - Data hoje: 22/04/2026
2026-04-22 15:57:08,815 - INFO - Data de referência: 30/04/2026
2026-04-22 15:57:11,201 - INFO - Qtde OS para executar: 15279
2026-04-22 15:57:11,201 - INFO - 
=== Iniciando lote 1/306 ===
2026-04-22 15:57:17,204 - INFO - 
=== rotina programar_os ===
2026-04-22 15:57:43,763 - INFO - ⌛ Aguardando janela de confirmação de programação de OS...
2026-04-22 15:58:09,190 - INFO - 🟨 Janela de confirmação de programação de OS detectada
2026-04-22 15:58:22,457 - INFO - 🟨 Janela de aviso de edição de OS programadas detectada
2026-04-22 15:58:29,674 - INFO - ⌛ aguardando janela de programação de lote de OS...
2026-04-22 15:58:55,166 - INFO - 🟨 Janela de aviso de substituição de lote de OS detectada
2026-04-22 15:59:15,273 - INFO - ⌛ aguardando janela de programação de lote de OS...
2026-04-22 15:59:40,774 - INFO - 🟨 Janela de aviso de substituição de lote de OS detectada
2026-04-22 16:00:00,881 - INFO - ⌛ aguardando janela de programação de lote de OS...
2026-04-22 16:00:26,374 - INFO - 🟨 Janela de programação de lote de OS detectada
2026-04-22 16:44:34,990 - INFO - Data hoje: 22/04/2026
2026-04-22 16:44:34,992 - INFO - Data de referência: 30/04/2026
2026-04-22 16:44:37,237 - INFO - Qtde OS para executar: 15279
2026-04-22 16:44:37,237 - INFO - 
=== Iniciando lote 1/306 ===
2026-04-22 16:44:43,247 - INFO - 
=== rotina programar_os ===
2026-04-22 16:45:09,809 - INFO - ⌛ Aguardando janela de confirmação de programação de OS...
2026-04-22 16:45:35,238 - INFO - 🟨 Janela de confirmação de programação de OS detectada
2026-04-22 16:45:48,496 - INFO - 🟨 Janela de aviso de edição de OS programadas detectada
2026-04-22 16:45:55,709 - INFO - ⌛ aguardando janela de programação de lote de OS...
2026-04-22 16:46:21,173 - INFO - 🟨 Janela de aviso de substituição de lote de OS detectada
2026-04-22 16:46:41,288 - INFO - ⌛ aguardando janela de programação de lote de OS...
2026-04-22 16:47:06,783 - INFO - 🟨 Janela de aviso de substituição de lote de OS detectada
2026-04-22 16:47:26,888 - INFO - ⌛ aguardando janela de programação de lote de OS...
2026-04-22 16:47:52,397 - INFO - 🟨 Janela de programação de lote de OS detectada
2026-04-22 16:51:59,351 - INFO - Data hoje: 22/04/2026
2026-04-22 16:51:59,351 - INFO - Data de referência: 30/04/2026
2026-04-22 16:52:01,728 - INFO - Qtde OS para executar: 15279
2026-04-22 16:52:01,728 - INFO - 
=== Iniciando lote 1/306 ===
2026-04-22 16:52:07,739 - INFO - 
=== rotina programar_os ===
2026-04-22 16:52:34,275 - INFO - ⌛ Aguardando janela de confirmação de programação de OS...
2026-04-22 16:52:59,688 - INFO - 🟨 Janela de confirmação de programação de OS detectada
2026-04-22 16:53:12,985 - INFO - 🟨 Janela de aviso de edição de OS programadas detectada
2026-04-22 16:53:20,190 - INFO - ⌛ aguardando janela de programação de lote de OS...
2026-04-22 16:53:45,679 - INFO - 🟨 Janela de aviso de substituição de lote de OS detectada
2026-04-22 16:54:05,789 - INFO - ⌛ aguardando janela de programação de lote de OS...
2026-04-22 16:54:31,277 - INFO - 🟨 Janela de aviso de substituição de lote de OS detectada
2026-04-22 16:54:51,394 - INFO - ⌛ aguardando janela de programação de lote de OS...
2026-04-22 16:55:16,944 - INFO - 🟨 Janela de programação de lote de OS detectada
2026-04-22 16:56:20,015 - INFO - ⌛ Aguardando detecção do campo murilo na janela de seleção de recurso humanos ...
2026-04-22 16:56:49,406 - INFO - ⌛ Aguardando detecção do campo murilo na janela de seleção de recurso humanos ...
2026-04-22 16:57:18,824 - INFO - ⌛ Aguardando detecção do campo murilo na janela de seleção de recurso humanos ...
2026-04-22 16:57:48,219 - INFO - ⌛ Aguardando detecção do campo murilo na janela de seleção de recurso humanos ...
2026-04-22 16:58:17,636 - INFO - ⌛ Aguardando detecção do campo murilo na janela de seleção de recurso humanos ...
2026-04-22 16:58:47,079 - INFO - ⌛ Aguardando detecção do campo murilo na janela de seleção de recurso humanos ...
2026-04-22 17:07:42,531 - INFO - Data hoje: 22/04/2026
2026-04-22 17:07:42,531 - INFO - Data de referência: 30/04/2026
2026-04-22 17:07:44,629 - INFO - Qtde OS para executar: 15279
2026-04-22 17:07:44,629 - INFO - 
=== Iniciando lote 1/306 ===
2026-04-22 17:07:50,644 - INFO - 
=== rotina programar_os ===
2026-04-22 17:08:17,193 - INFO - ⌛ Aguardando janela de confirmação de programação de OS...
2026-04-22 17:08:42,631 - INFO - 🟨 Janela de confirmação de programação de OS detectada
2026-04-22 17:08:55,900 - INFO - 🟨 Janela de aviso de edição de OS programadas detectada
2026-04-22 17:09:03,116 - INFO - ⌛ aguardando janela de programação de lote de OS...
2026-04-22 17:09:28,609 - INFO - 🟨 Janela de aviso de substituição de lote de OS detectada
2026-04-22 17:09:48,714 - INFO - ⌛ aguardando janela de programação de lote de OS...
2026-04-22 17:10:14,600 - INFO - 🟨 Janela de aviso de substituição de lote de OS detectada
2026-04-22 17:10:34,704 - INFO - ⌛ aguardando janela de programação de lote de OS...
2026-04-22 17:11:01,057 - INFO - 🟨 Janela de programação de lote de OS detectada
2026-04-22 17:12:04,454 - INFO - ⌛ Aguardando detecção do campo murilo na janela de seleção de recurso humanos ...
2026-04-22 17:12:33,920 - INFO - ⌛ Aguardando detecção do campo murilo na janela de seleção de recurso humanos ...
2026-04-22 17:21:30,019 - INFO - Data hoje: 22/04/2026
2026-04-22 17:21:30,019 - INFO - Data de referência: 30/04/2026
2026-04-22 17:21:33,127 - INFO - Qtde OS para executar: 15279
2026-04-22 17:21:33,127 - INFO - 
=== Iniciando lote 1/306 ===
2026-04-22 17:21:39,130 - INFO - 
=== rotina programar_os ===
2026-04-22 17:22:05,929 - INFO - ⌛ Aguardando janela de confirmação de programação de OS...
2026-04-22 17:22:32,061 - INFO - 🟨 Janela de confirmação de programação de OS detectada
2026-04-22 17:22:45,670 - INFO - 🟨 Janela de aviso de edição de OS programadas detectada
2026-04-22 17:22:52,918 - INFO - ⌛ aguardando janela de programação de lote de OS...
2026-04-22 17:23:19,235 - INFO - 🟨 Janela de aviso de substituição de lote de OS detectada
2026-04-22 17:23:39,339 - INFO - ⌛ aguardando janela de programação de lote de OS...
2026-04-22 17:24:05,703 - INFO - 🟨 Janela de aviso de substituição de lote de OS detectada
2026-04-22 17:24:25,809 - INFO - ⌛ aguardando janela de programação de lote de OS...
2026-04-22 17:24:52,287 - INFO - 🟨 Janela de programação de lote de OS detectada
2026-04-22 17:25:55,471 - INFO - ⌛ aguardando janela de selecionar recurso humanos...
2026-04-22 17:26:21,434 - INFO - ⌛ aguardando janela de selecionar recurso humanos...
2026-04-22 17:26:47,470 - INFO - ⌛ aguardando janela de selecionar recurso humanos...
2026-04-22 17:27:13,530 - INFO - ⌛ aguardando janela de selecionar recurso humanos...
2026-04-22 17:27:39,602 - INFO - ⌛ aguardando janela de selecionar recurso humanos...
2026-04-22 17:28:05,606 - INFO - ⌛ aguardando janela de selecionar recurso humanos...
2026-04-22 17:28:31,752 - INFO - ⌛ aguardando janela de selecionar recurso humanos...
2026-04-22 17:28:57,864 - INFO - ⌛ aguardando janela de selecionar recurso humanos...
2026-04-22 17:31:28,915 - INFO - Data hoje: 22/04/2026
2026-04-22 17:31:28,915 - INFO - Data de referência: 30/04/2026
2026-04-22 17:31:31,840 - INFO - Qtde OS para executar: 15279
2026-04-22 17:31:31,840 - INFO - 
=== Iniciando lote 1/306 ===
2026-04-22 17:31:37,850 - INFO - 
=== rotina programar_os ===
2026-04-22 17:32:04,714 - INFO - ⌛ Aguardando janela de confirmação de programação de OS...
2026-04-22 17:32:30,864 - INFO - 🟨 Janela de confirmação de programação de OS detectada
2026-04-22 17:32:44,443 - INFO - 🟨 Janela de aviso de edição de OS programadas detectada
2026-04-22 17:32:51,662 - INFO - ⌛ aguardando janela de programação de lote de OS...
2026-04-22 17:33:17,980 - INFO - 🟨 Janela de aviso de substituição de lote de OS detectada
2026-04-22 17:33:38,084 - INFO - ⌛ aguardando janela de programação de lote de OS...
2026-04-22 17:34:04,388 - INFO - 🟨 Janela de aviso de substituição de lote de OS detectada
2026-04-22 17:34:24,492 - INFO - ⌛ aguardando janela de programação de lote de OS...
2026-04-22 17:34:50,807 - INFO - 🟨 Janela de programação de lote de OS detectada
2026-04-22 17:35:53,999 - INFO - ⌛ aguardando janela de selecionar recurso humanos...
2026-04-22 17:36:19,976 - INFO - ⌛ aguardando janela de selecionar recurso humanos...
2026-04-22 17:36:46,032 - INFO - ⌛ aguardando janela de selecionar recurso humanos...
2026-04-22 17:37:12,159 - INFO - ⌛ aguardando janela de selecionar recurso humanos...
2026-04-22 17:37:38,309 - INFO - ⌛ aguardando janela de selecionar recurso humanos...
2026-04-22 17:39:23,495 - INFO - Data hoje: 22/04/2026
2026-04-22 17:39:23,495 - INFO - Data de referência: 30/04/2026
2026-04-22 17:39:31,732 - INFO - Qtde OS para executar: 15279
2026-04-22 17:39:31,732 - INFO - 
=== Iniciando lote 1/306 ===
2026-04-22 17:39:37,737 - INFO - 
=== rotina programar_os ===
2026-04-22 17:40:04,539 - INFO - ⌛ Aguardando janela de confirmação de programação de OS...
2026-04-22 17:40:30,674 - INFO - 🟨 Janela de confirmação de programação de OS detectada
2026-04-22 17:40:44,271 - INFO - 🟨 Janela de aviso de edição de OS programadas detectada
2026-04-22 17:40:51,491 - INFO - ⌛ aguardando janela de programação de lote de OS...
2026-04-22 17:41:17,818 - INFO - 🟨 Janela de aviso de substituição de lote de OS detectada
2026-04-22 17:41:37,924 - INFO - ⌛ aguardando janela de programação de lote de OS...
2026-04-22 17:42:04,313 - INFO - ⌛ aguardando janela de programação de lote de OS...
2026-04-22 17:42:30,788 - INFO - 🟨 Janela de programação de lote de OS detectada
2026-04-22 17:43:33,957 - INFO - ⌛ aguardando janela de selecionar recurso humanos...
2026-04-22 17:43:59,957 - INFO - ⌛ aguardando janela de selecionar recurso humanos...
2026-04-22 17:44:26,035 - INFO - ⌛ aguardando janela de selecionar recurso humanos...
2026-04-22 17:45:27,660 - INFO - Data hoje: 22/04/2026
2026-04-22 17:45:27,660 - INFO - Data de referência: 30/04/2026
2026-04-22 17:45:31,044 - INFO - Qtde OS para executar: 15279
2026-04-22 17:45:31,044 - INFO - 
=== Iniciando lote 1/306 ===
2026-04-22 17:45:37,082 - INFO - 
=== rotina programar_os ===
2026-04-22 17:46:03,882 - INFO - ⌛ Aguardando janela de confirmação de programação de OS...
2026-04-22 17:46:30,087 - INFO - 🟨 Janela de confirmação de programação de OS detectada
2026-04-22 17:46:43,653 - INFO - 🟨 Janela de aviso de edição de OS programadas detectada
2026-04-22 17:46:50,877 - INFO - ⌛ aguardando janela de programação de lote de OS...
2026-04-22 17:47:17,268 - INFO - 🟨 Janela de aviso de substituição de lote de OS detectada
2026-04-22 17:47:37,375 - INFO - ⌛ aguardando janela de programação de lote de OS...
2026-04-22 17:48:03,812 - INFO - 🟨 Janela de programação de lote de OS detectada
2026-04-22 17:49:06,982 - INFO - ⌛ aguardando janela de selecionar recurso humanos...
2026-04-22 17:49:32,988 - INFO - ⌛ aguardando janela de selecionar recurso humanos...
2026-04-22 17:49:58,978 - INFO - ⌛ aguardando janela de selecionar recurso humanos...
2026-04-22 17:50:24,993 - INFO - ⌛ aguardando janela de selecionar recurso humanos...
2026-04-22 17:50:51,027 - INFO - ⌛ aguardando janela de selecionar recurso humanos...
2026-04-22 17:52:30,681 - INFO - Data hoje: 22/04/2026
2026-04-22 17:52:30,681 - INFO - Data de referência: 30/04/2026
2026-04-22 17:52:33,623 - INFO - Qtde OS para executar: 15279
2026-04-22 17:52:33,623 - INFO - 
=== Iniciando lote 1/306 ===
2026-04-22 17:52:39,637 - INFO - 
=== rotina programar_os ===
2026-04-22 17:53:06,425 - INFO - ⌛ Aguardando janela de confirmação de programação de OS...
2026-04-22 17:53:32,588 - INFO - 🟨 Janela de confirmação de programação de OS detectada
2026-04-22 17:53:46,185 - INFO - 🟨 Janela de aviso de edição de OS programadas detectada
2026-04-22 17:53:53,407 - INFO - ⌛ aguardando janela de programação de lote de OS...
2026-04-22 17:54:19,850 - INFO - 🟨 Janela de aviso de substituição de lote de OS detectada
2026-04-22 17:54:39,955 - INFO - ⌛ aguardando janela de programação de lote de OS...
2026-04-22 17:55:06,427 - INFO - 🟨 Janela de programação de lote de OS detectada
2026-04-22 17:56:09,576 - INFO - 🟨 Janela de seleção de recurso humanos detectada
2026-04-22 17:59:13,235 - INFO - Data hoje: 22/04/2026
2026-04-22 17:59:13,235 - INFO - Data de referência: 30/04/2026
2026-04-22 17:59:15,918 - INFO - Qtde OS para executar: 15279
2026-04-22 17:59:15,918 - INFO - 
=== Iniciando lote 1/306 ===
2026-04-22 17:59:21,924 - INFO - 
=== rotina programar_os ===
2026-04-22 17:59:48,726 - INFO - ⌛ Aguardando janela de confirmação de programação de OS...
2026-04-22 18:00:14,957 - INFO - 🟨 Janela de confirmação de programação de OS detectada
2026-04-22 18:00:28,553 - INFO - 🟨 Janela de aviso de edição de OS programadas detectada
2026-04-22 18:00:35,788 - INFO - ⌛ aguardando janela de programação de lote de OS...
2026-04-22 18:01:02,135 - INFO - 🟨 Janela de aviso de substituição de lote de OS detectada
2026-04-22 18:01:22,243 - INFO - ⌛ aguardando janela de programação de lote de OS...
2026-04-22 18:01:48,541 - INFO - 🟨 Janela de aviso de substituição de lote de OS detectada
2026-04-22 18:02:08,646 - INFO - ⌛ aguardando janela de programação de lote de OS...
2026-04-22 18:02:34,970 - INFO - 🟨 Janela de programação de lote de OS detectada
2026-04-22 18:03:38,139 - INFO - 🟨 Janela de seleção de recurso humanos detectada
2026-04-22 18:03:43,393 - INFO - ⌛ Aguardando detecção do campo murilo na janela de seleção de recurso humanos ...
