2026-01-15 11:50:33,881 - INFO - Data hoje: 15/01/2026
2026-01-15 11:50:33,881 - INFO - Data de referência: 31/01/2026
2026-01-15 11:50:48,622 - INFO - 
Qtde LINHA VIVA: 824
2026-01-15 11:50:48,622 - INFO - Qtde LINHA MORTA/PESADA/FAIXA: 88
2026-01-15 11:50:49,345 - INFO - 
Arquivo gerado: C:\Users\U469784\venvs\py311\bot_programacao\EXCEL\pendentes_20260115.xlsx
2026-01-15 11:50:49,460 - INFO - 
 Qtd de lotes de LM: 4
2026-01-15 11:50:49,460 - INFO - 
 Qtd de lotes de LV: 33
2026-01-15 11:50:49,461 - INFO - 
=== Iniciando lote 1/33 [LV] ===
2026-01-15 11:50:55,924 - INFO - Janela de seleção aberta
2026-01-15 11:51:00,165 - INFO - DEBUG: idx=0, inicio=0, fim=25
2026-01-15 11:51:00,165 - INFO - ✅ 25 OS copiadas para a área de transferência.
2026-01-15 11:51:00,165 - INFO - 📋 Lote 1 copiado.
2026-01-15 11:51:08,497 - INFO - ⌛ Esperando mudança visual...
2026-01-15 11:51:09,516 - INFO - ⌛ Esperando mudança visual...
2026-01-15 11:51:10,524 - INFO - ⌛ Esperando mudança visual...
2026-01-15 11:51:11,540 - INFO - ⌛ Esperando mudança visual...
2026-01-15 11:51:12,555 - INFO - ⌛ Esperando mudança visual...
2026-01-15 11:51:13,578 - INFO - ✅ Tela carregada!
2026-01-15 11:51:24,067 - INFO - ⌛ Aguardando janela de confirmação de desbloqueio...
2026-01-15 11:51:44,426 - INFO - 🟨 Registros desbloqueados com sucesso
2026-01-15 11:51:58,029 - INFO - ⌛ Aguardando janela de edição de OS...
2026-01-15 11:52:28,507 - INFO - 🟨 OS programadas detectadas
2026-01-15 11:52:31,688 - INFO - ⌛ Aguardando janela de edição de OS...
2026-01-15 11:53:02,097 - INFO - 🟨 Janela de edição de OS detectada
2026-01-15 11:53:23,469 - INFO - 🟨 Janela de edição de habilidade da turma detectada
2026-01-15 11:54:08,796 - INFO - ⌛ Aguardando detecção do campo de caracteristica 'EQUIPE PRÓPRIA OU EPS' ...
2026-01-15 11:54:41,066 - INFO - ⌛ Aguardando detecção do campo de caracteristica 'EQUIPE PRÓPRIA OU EPS' ...
2026-01-15 11:55:13,302 - INFO - 🟨 campo de caracteristica 'EQUIPE PRÓPRIA OU EPS detectado
2026-01-15 11:55:35,047 - INFO - ⌛ Aguardando confirmação 4 - editar OS...
2026-01-15 11:56:05,409 - INFO - ⌛ Aguardando confirmação 4 - editar OS...
2026-01-15 11:57:16,454 - INFO - ⌛ Aguardando janela de confirmação de programação de OS...
2026-01-15 11:57:36,823 - INFO - 🟨 Janela de confirmação de programação de OS detectada
2026-01-15 11:57:40,137 - INFO - ⌛ aguardando janela de programação de lote de OS...
2026-01-15 11:58:00,610 - INFO - 🟨 Janela de aviso de edição de OS programadas detectada
2026-01-15 11:58:04,886 - INFO - ⌛ aguardando janela de programação de lote de OS...
2026-01-15 11:58:25,409 - INFO - 🟨 Janela de aviso de substituição de lote de OS detectada
2026-01-15 11:58:31,713 - INFO - ⌛ aguardando janela de programação de lote de OS...
2026-01-15 11:58:52,202 - INFO - 🟨 Janela de programação de lote de OS detectada
2026-01-15 11:59:19,622 - INFO - ⌛ aguardando janela de confirmação de programação de lote de OS...
2026-01-15 11:59:40,003 - INFO - 🟨 Janela de confirmação de programação de lote de OS detectada
2026-01-15 11:59:44,271 - INFO - ⌛ aguardando confirmação final de programação do lote
2026-01-15 12:00:04,704 - INFO - 🟨 programação do lote 1 efetuado com sucesso
2026-01-15 12:00:14,859 - INFO - 
=== Iniciando lote 2/33 [LV] ===
2026-01-15 12:00:21,197 - INFO - Janela de seleção aberta
2026-01-15 12:00:25,438 - INFO - DEBUG: idx=1, inicio=25, fim=50
2026-01-15 12:00:25,438 - INFO - ✅ 25 OS copiadas para a área de transferência.
2026-01-15 12:00:25,438 - INFO - 📋 Lote 2 copiado.
2026-01-15 12:00:33,771 - INFO - ⌛ Esperando mudança visual...
2026-01-15 12:00:34,789 - INFO - ⌛ Esperando mudança visual...
2026-01-15 12:00:35,797 - INFO - ⌛ Esperando mudança visual...
2026-01-15 12:00:36,822 - INFO - ⌛ Esperando mudança visual...
2026-01-15 12:00:37,837 - INFO - ⌛ Esperando mudança visual...
2026-01-15 12:00:38,843 - INFO - ⌛ Esperando mudança visual...
2026-01-15 12:00:39,862 - INFO - ⌛ Esperando mudança visual...
2026-01-15 12:00:40,878 - INFO - ⌛ Esperando mudança visual...
2026-01-15 12:00:41,892 - INFO - ⌛ Esperando mudança visual...
2026-01-15 12:00:42,916 - INFO - ⌛ Esperando mudança visual...
2026-01-15 12:00:43,925 - INFO - ✅ Tela carregada!
2026-01-15 12:00:54,406 - INFO - ⌛ Aguardando janela de confirmação de desbloqueio...
2026-01-15 12:01:14,782 - INFO - 🟨 Registros desbloqueados com sucesso
2026-01-15 12:01:28,355 - INFO - ⌛ Aguardando janela de edição de OS...
2026-01-15 12:01:58,758 - INFO - 🟨 OS programadas detectadas
2026-01-15 12:02:01,932 - INFO - ⌛ Aguardando janela de edição de OS...
2026-01-15 12:02:32,377 - INFO - 🟨 Janela de edição de OS detectada
2026-01-15 12:02:53,743 - INFO - 🟨 Janela de edição de habilidade da turma detectada
2026-01-15 12:03:39,065 - INFO - ⌛ Aguardando detecção do campo de caracteristica 'EQUIPE PRÓPRIA OU EPS' ...
2026-01-15 12:04:11,309 - INFO - ⌛ Aguardando detecção do campo de caracteristica 'EQUIPE PRÓPRIA OU EPS' ...
2026-01-15 12:04:43,556 - INFO - 🟨 campo de caracteristica 'EQUIPE PRÓPRIA OU EPS detectado
2026-01-15 12:05:05,280 - INFO - ⌛ Aguardando confirmação 4 - editar OS...
2026-01-15 12:06:16,233 - INFO - ⌛ Aguardando janela de confirmação de programação de OS...
2026-01-15 12:06:36,611 - INFO - 🟨 Janela de confirmação de programação de OS detectada
2026-01-15 12:06:39,934 - INFO - ⌛ aguardando janela de programação de lote de OS...
2026-01-15 12:07:00,386 - INFO - 🟨 Janela de aviso de edição de OS programadas detectada
2026-01-15 12:07:04,647 - INFO - ⌛ aguardando janela de programação de lote de OS...
2026-01-15 12:07:25,063 - INFO - 🟨 Janela de aviso de substituição de lote de OS detectada
2026-01-15 12:07:31,346 - INFO - ⌛ aguardando janela de programação de lote de OS...
2026-01-15 12:07:51,815 - INFO - 🟨 Janela de programação de lote de OS detectada
2026-01-15 12:08:19,261 - INFO - ⌛ aguardando janela de confirmação de programação de lote de OS...
2026-01-15 12:08:39,651 - INFO - 🟨 Janela de confirmação de programação de lote de OS detectada
2026-01-15 12:08:43,953 - INFO - ⌛ aguardando confirmação final de programação do lote
2026-01-15 12:09:04,382 - INFO - 🟨 programação do lote 2 efetuado com sucesso
2026-01-15 12:09:14,551 - INFO - 
=== Iniciando lote 3/33 [LV] ===
2026-01-15 12:09:20,893 - INFO - Janela de seleção aberta
2026-01-15 12:09:25,131 - INFO - DEBUG: idx=2, inicio=50, fim=75
2026-01-15 12:09:25,131 - INFO - ✅ 25 OS copiadas para a área de transferência.
2026-01-15 12:09:25,131 - INFO - 📋 Lote 3 copiado.
2026-01-15 12:09:33,470 - INFO - ⌛ Esperando mudança visual...
2026-01-15 12:09:34,491 - INFO - ⌛ Esperando mudança visual...
2026-01-15 12:09:35,502 - INFO - ⌛ Esperando mudança visual...
2026-01-15 12:09:36,518 - INFO - ⌛ Esperando mudança visual...
2026-01-15 12:09:37,528 - INFO - ⌛ Esperando mudança visual...
2026-01-15 12:09:38,548 - INFO - ⌛ Esperando mudança visual...
2026-01-15 12:09:39,563 - INFO - ⌛ Esperando mudança visual...
2026-01-15 12:09:40,577 - INFO - ⌛ Esperando mudança visual...
2026-01-15 12:09:41,598 - INFO - ⌛ Esperando mudança visual...
2026-01-15 12:09:42,616 - INFO - ✅ Tela carregada!
2026-01-15 12:09:53,084 - INFO - ⌛ Aguardando janela de confirmação de desbloqueio...
2026-01-15 12:10:13,446 - INFO - 🟨 Registros desbloqueados com sucesso
2026-01-15 12:10:27,026 - INFO - ⌛ Aguardando janela de edição de OS...
2026-01-15 12:10:57,434 - INFO - 🟨 OS programadas detectadas
2026-01-15 12:11:00,596 - INFO - ⌛ Aguardando janela de edição de OS...
2026-01-15 12:11:30,968 - INFO - 🟨 Janela de edição de OS detectada
2026-01-15 12:11:52,343 - INFO - 🟨 Janela de edição de habilidade da turma detectada
2026-01-15 12:12:37,638 - INFO - ⌛ Aguardando detecção do campo de caracteristica 'EQUIPE PRÓPRIA OU EPS' ...
2026-01-15 12:13:09,899 - INFO - ⌛ Aguardando detecção do campo de caracteristica 'EQUIPE PRÓPRIA OU EPS' ...
2026-01-15 12:13:42,153 - INFO - 🟨 campo de caracteristica 'EQUIPE PRÓPRIA OU EPS detectado
2026-01-15 12:14:03,892 - INFO - ⌛ Aguardando confirmação 4 - editar OS...
2026-01-15 12:14:34,265 - INFO - ⌛ Aguardando confirmação 4 - editar OS...
2026-01-15 12:15:45,254 - INFO - ⌛ Aguardando janela de confirmação de programação de OS...
2026-01-15 12:16:05,572 - INFO - 🟨 Janela de confirmação de programação de OS detectada
2026-01-15 12:16:08,881 - INFO - 🟨 Janela de aviso de edição de OS programadas detectada
2026-01-15 12:16:13,139 - INFO - ⌛ aguardando janela de programação de lote de OS...
2026-01-15 12:16:33,567 - INFO - 🟨 Janela de aviso de substituição de lote de OS detectada
2026-01-15 12:16:39,838 - INFO - ⌛ aguardando janela de programação de lote de OS...
2026-01-15 12:17:00,380 - INFO - 🟨 Janela de programação de lote de OS detectada
2026-01-15 12:17:27,817 - INFO - ⌛ aguardando janela de confirmação de programação de lote de OS...
2026-01-15 12:17:48,154 - INFO - 🟨 Janela de confirmação de programação de lote de OS detectada
2026-01-15 12:17:52,431 - INFO - ⌛ aguardando confirmação final de programação do lote
2026-01-15 12:18:12,877 - INFO - 🟨 programação do lote 3 efetuado com sucesso
2026-01-15 12:18:23,040 - INFO - 
=== Iniciando lote 4/33 [LV] ===
2026-01-15 12:18:29,407 - INFO - Janela de seleção aberta
2026-01-15 12:18:33,655 - INFO - DEBUG: idx=3, inicio=75, fim=100
2026-01-15 12:18:33,655 - INFO - ✅ 25 OS copiadas para a área de transferência.
2026-01-15 12:18:33,655 - INFO - 📋 Lote 4 copiado.
2026-01-15 12:18:41,998 - INFO - ⌛ Esperando mudança visual...
2026-01-15 12:18:43,010 - INFO - ⌛ Esperando mudança visual...
2026-01-15 12:18:44,030 - INFO - ⌛ Esperando mudança visual...
2026-01-15 12:18:45,043 - INFO - ⌛ Esperando mudança visual...
2026-01-15 12:18:46,057 - INFO - ⌛ Esperando mudança visual...
2026-01-15 12:18:47,079 - INFO - ⌛ Esperando mudança visual...
2026-01-15 12:18:48,088 - INFO - ⌛ Esperando mudança visual...
2026-01-15 12:18:49,102 - INFO - ⌛ Esperando mudança visual...
2026-01-15 12:18:50,118 - INFO - ⌛ Esperando mudança visual...
2026-01-15 12:18:51,140 - INFO - ✅ Tela carregada!
2026-01-15 12:19:01,622 - INFO - ⌛ Aguardando janela de confirmação de desbloqueio...
2026-01-15 12:19:21,994 - INFO - 🟨 Registros desbloqueados com sucesso
2026-01-15 12:19:35,590 - INFO - ⌛ Aguardando janela de edição de OS...
2026-01-15 12:20:05,972 - INFO - 🟨 OS programadas detectadas
2026-01-15 12:20:09,124 - INFO - ⌛ Aguardando janela de edição de OS...
2026-01-15 12:20:39,523 - INFO - ⌛ Aguardando janela de edição de OS...
2026-01-15 12:21:09,925 - INFO - ⌛ Aguardando janela de edição de OS...
2026-01-15 12:21:40,317 - INFO - ⌛ Aguardando janela de edição de OS...
2026-01-15 12:22:10,724 - INFO - ⌛ Aguardando janela de edição de OS...
2026-01-15 12:22:41,136 - INFO - ⌛ Aguardando janela de edição de OS...
2026-01-15 12:23:11,545 - INFO - ⌛ Aguardando janela de edição de OS...
2026-01-15 12:23:41,947 - INFO - ⌛ Aguardando janela de edição de OS...
2026-01-15 12:24:12,343 - INFO - ⌛ Aguardando janela de edição de OS...
2026-01-15 12:24:42,755 - INFO - ⌛ Aguardando janela de edição de OS...
2026-01-15 12:25:13,172 - INFO - ⌛ Aguardando janela de edição de OS...
2026-01-15 12:25:43,580 - INFO - ⌛ Aguardando janela de edição de OS...
2026-01-15 12:26:13,988 - INFO - ⌛ Aguardando janela de edição de OS...
2026-01-15 12:26:44,411 - INFO - ⌛ Aguardando janela de edição de OS...
2026-01-15 12:27:14,830 - INFO - ⌛ Aguardando janela de edição de OS...
2026-01-15 12:27:45,290 - INFO - ⌛ Aguardando janela de edição de OS...
2026-01-15 12:28:15,736 - INFO - ⌛ Aguardando janela de edição de OS...
2026-01-15 12:28:46,154 - INFO - ⌛ Aguardando janela de edição de OS...
2026-01-15 12:29:16,578 - INFO - ⌛ Aguardando janela de edição de OS...
2026-01-15 12:29:46,992 - INFO - Janela restaurada
2026-01-15 12:29:57,474 - INFO - ⏱️ Tempo limite atingido. Abortando seleção
2026-01-15 14:09:54,907 - INFO - Data hoje: 15/01/2026
2026-01-15 14:09:54,907 - INFO - Data de referência: 31/01/2026
2026-01-15 15:53:29,108 - INFO - Data hoje: 15/01/2026
2026-01-15 15:53:29,109 - INFO - Data de referência: 31/01/2026
2026-01-15 16:11:43,844 - INFO - Data hoje: 15/01/2026
2026-01-15 16:11:43,844 - INFO - Data de referência: 31/01/2026
2026-01-15 16:52:03,877 - INFO - Data hoje: 15/01/2026
2026-01-15 16:52:03,877 - INFO - Data de referência: 31/01/2026
2026-01-15 16:53:07,125 - INFO - 
 Qtd de lotes de LM: 70
2026-01-15 16:53:07,125 - INFO - 
 Qtd de lotes de LV: 163
2026-01-15 16:53:07,125 - INFO - 
 Qtd de lotes de ESTRUTURAL LM: 2
2026-01-15 16:53:07,125 - INFO - 
=== Iniciando lote 1/70 [LM] ===
2026-01-15 16:53:36,127 - INFO - Data hoje: 15/01/2026
2026-01-15 16:53:36,127 - INFO - Data de referência: 31/01/2026
2026-01-15 16:55:10,133 - INFO - Data hoje: 15/01/2026
2026-01-15 16:55:10,133 - INFO - Data de referência: 31/01/2026
2026-01-15 16:56:09,894 - INFO - 
 Qtd de lotes de LM: 70
2026-01-15 16:56:09,894 - INFO - 
 Qtd de lotes de LV: 163
2026-01-15 16:56:09,894 - INFO - 
 Qtd de lotes de ESTRUTURAL LM: 2
2026-01-15 16:56:09,894 - INFO - 
=== Iniciando lote 1/2 [REDES] ===
2026-01-15 16:56:16,357 - INFO - ⌛ Aguardando janela de seleção...
2026-01-15 16:56:36,777 - INFO - Janela de seleção aberta
2026-01-15 16:56:41,011 - INFO - DEBUG: idx=0, inicio=0, fim=25
2026-01-15 16:56:41,011 - INFO - ✅ 25 OS copiadas para a área de transferência.
2026-01-15 16:56:41,011 - INFO - 📋 Lote 1 copiado.
2026-01-15 16:56:49,348 - INFO - ⌛ Esperando mudança visual...
2026-01-15 16:56:50,352 - INFO - ✅ Tela carregada!
2026-01-15 16:57:00,834 - INFO - ⌛ Aguardando janela de confirmação de desbloqueio...
2026-01-15 16:57:21,206 - INFO - 🟨 Registros desbloqueados com sucesso
2026-01-15 16:57:34,779 - INFO - ⌛ Aguardando janela de edição de OS...
2026-01-15 16:58:05,166 - INFO - 🟨 OS programadas detectadas
2026-01-15 16:58:08,327 - INFO - ⌛ Aguardando janela de edição de OS...
2026-01-15 16:58:39,011 - INFO - 🟨 Janela de edição de OS detectada
2026-01-15 16:59:00,537 - INFO - 🟨 Janela de edição de habilidade da turma detectada
2026-01-15 16:59:48,970 - INFO - ⌛ Aguardando detecção do campo de caracteristica 'EQUIPE PRÓPRIA OU EPS' ...
2026-01-15 17:00:21,336 - INFO - ⌛ Aguardando detecção do campo de caracteristica 'EQUIPE PRÓPRIA OU EPS' ...
2026-01-15 17:00:53,736 - INFO - 🟨 campo de caracteristica 'EQUIPE PRÓPRIA OU EPS detectado
2026-01-15 17:01:15,733 - INFO - ⌛ Aguardando confirmação 4 - editar OS...
2026-01-15 17:01:46,702 - INFO - ⌛ Aguardando confirmação 4 - editar OS...
2026-01-15 17:02:58,446 - INFO - ⌛ Aguardando janela de confirmação de programação de OS...
2026-01-15 17:03:19,330 - INFO - 🟨 Janela de confirmação de programação de OS detectada
2026-01-15 17:03:23,231 - INFO - ⌛ aguardando janela de programação de lote de OS...
2026-01-15 17:03:44,519 - INFO - 🟨 Janela de aviso de edição de OS programadas detectada
2026-01-15 17:03:48,899 - INFO - ⌛ aguardando janela de programação de lote de OS...
2026-01-15 17:04:10,032 - INFO - 🟨 Janela de aviso de substituição de lote de OS detectada
2026-01-15 17:04:16,405 - INFO - ⌛ aguardando janela de programação de lote de OS...
2026-01-15 17:04:37,678 - INFO - 🟨 Janela de programação de lote de OS detectada
2026-01-15 17:05:05,214 - INFO - ⌛ aguardando janela de confirmação de programação de lote de OS...
2026-01-15 17:05:26,093 - INFO - 🟨 Janela de confirmação de programação de lote de OS detectada
2026-01-15 17:05:30,685 - INFO - ⌛ aguardando confirmação final de programação do lote
2026-01-15 17:05:51,655 - INFO - 🟨 programação do lote 1 efetuado com sucesso
2026-01-15 17:06:01,955 - INFO - 
=== Iniciando lote 2/2 [REDES] ===
2026-01-15 17:06:08,387 - INFO - Janela de seleção aberta
2026-01-15 17:06:12,715 - INFO - DEBUG: idx=1, inicio=25, fim=50
2026-01-15 17:06:12,715 - INFO - ✅ 18 OS copiadas para a área de transferência.
2026-01-15 17:06:12,715 - INFO - 📋 Lote 2 copiado.
2026-01-15 17:06:21,058 - INFO - ⌛ Esperando mudança visual...
2026-01-15 17:06:22,079 - INFO - ⌛ Esperando mudança visual...
2026-01-15 17:06:23,093 - INFO - ⌛ Esperando mudança visual...
2026-01-15 17:06:24,108 - INFO - ⌛ Esperando mudança visual...
2026-01-15 17:06:25,127 - INFO - ⌛ Esperando mudança visual...
2026-01-15 17:06:26,144 - INFO - ⌛ Esperando mudança visual...
2026-01-15 17:06:27,157 - INFO - ⌛ Esperando mudança visual...
2026-01-15 17:06:28,179 - INFO - ⌛ Esperando mudança visual...
2026-01-15 17:06:29,186 - INFO - ⌛ Esperando mudança visual...
2026-01-15 17:06:30,205 - INFO - ⌛ Esperando mudança visual...
2026-01-15 17:06:31,217 - INFO - ✅ Tela carregada!
2026-01-15 17:06:41,864 - INFO - ⌛ Aguardando janela de confirmação de desbloqueio...
2026-01-15 17:07:02,748 - INFO - 🟨 Registros desbloqueados com sucesso
2026-01-15 17:07:16,733 - INFO - 🟨 OS programadas detectadas
2026-01-15 17:07:20,072 - INFO - ⌛ Aguardando janela de edição de OS...
2026-01-15 17:07:51,258 - INFO - 🟨 Janela de edição de OS detectada
2026-01-15 17:08:12,745 - INFO - 🟨 Janela de edição de habilidade da turma detectada
2026-01-15 17:09:01,194 - INFO - ⌛ Aguardando detecção do campo de caracteristica 'EQUIPE PRÓPRIA OU EPS' ...
2026-01-15 17:09:33,583 - INFO - ⌛ Aguardando detecção do campo de caracteristica 'EQUIPE PRÓPRIA OU EPS' ...
2026-01-15 17:10:05,969 - INFO - 🟨 campo de caracteristica 'EQUIPE PRÓPRIA OU EPS detectado
2026-01-15 17:10:27,982 - INFO - ⌛ Aguardando confirmação 4 - editar OS...
2026-01-15 17:11:39,886 - INFO - ⌛ Aguardando janela de confirmação de programação de OS...
2026-01-15 17:12:00,809 - INFO - 🟨 Janela de confirmação de programação de OS detectada
2026-01-15 17:12:04,528 - INFO - ⌛ aguardando janela de programação de lote de OS...
2026-01-15 17:12:25,750 - INFO - 🟨 Janela de aviso de edição de OS programadas detectada
2026-01-15 17:12:30,119 - INFO - ⌛ aguardando janela de programação de lote de OS...
2026-01-15 17:12:51,242 - INFO - 🟨 Janela de aviso de substituição de lote de OS detectada
2026-01-15 17:12:57,626 - INFO - ⌛ aguardando janela de programação de lote de OS...
2026-01-15 17:13:18,790 - INFO - 🟨 Janela de programação de lote de OS detectada
2026-01-15 17:13:46,407 - INFO - ⌛ aguardando janela de confirmação de programação de lote de OS...
2026-01-15 17:14:07,247 - INFO - 🟨 Janela de confirmação de programação de lote de OS detectada
2026-01-15 17:14:11,809 - INFO - ⌛ aguardando confirmação final de programação do lote
2026-01-15 17:14:32,828 - INFO - 🟨 programação do lote 2 efetuado com sucesso
2026-01-15 17:14:43,090 - INFO - 
=== Iniciando lote 1/70 [LM] ===
2026-01-15 17:14:49,537 - INFO - Janela de seleção aberta
2026-01-15 17:14:53,851 - INFO - DEBUG: idx=0, inicio=0, fim=25
2026-01-15 17:14:53,852 - INFO - ✅ 25 OS copiadas para a área de transferência.
2026-01-15 17:14:53,852 - INFO - 📋 Lote 1 copiado.
2026-01-15 17:15:02,199 - INFO - ⌛ Esperando mudança visual...
2026-01-15 17:15:03,218 - INFO - ⌛ Esperando mudança visual...
2026-01-15 17:15:04,227 - INFO - ⌛ Esperando mudança visual...
2026-01-15 17:15:05,245 - INFO - ⌛ Esperando mudança visual...
2026-01-15 17:15:06,259 - INFO - ⌛ Esperando mudança visual...
2026-01-15 17:15:07,274 - INFO - ⌛ Esperando mudança visual...
2026-01-15 17:15:08,290 - INFO - ⌛ Esperando mudança visual...
2026-01-15 17:15:09,300 - INFO - ⌛ Esperando mudança visual...
2026-01-15 17:15:10,325 - INFO - ⌛ Esperando mudança visual...
2026-01-15 17:15:11,340 - INFO - ⌛ Esperando mudança visual...
2026-01-15 17:15:12,353 - INFO - ⌛ Esperando mudança visual...
2026-01-15 17:15:13,369 - INFO - ⌛ Esperando mudança visual...
2026-01-15 17:15:14,384 - INFO - ✅ Tela carregada!
2026-01-15 17:15:24,975 - INFO - ⌛ Aguardando janela de confirmação de desbloqueio...
2026-01-15 17:15:45,795 - INFO - 🟨 Registros desbloqueados com sucesso
2026-01-15 17:15:59,734 - INFO - ⌛ Aguardando janela de edição de OS...
2026-01-15 17:16:30,803 - INFO - 🟨 OS programadas detectadas
2026-01-15 17:16:34,066 - INFO - ⌛ Aguardando janela de edição de OS...
2026-01-15 17:17:05,060 - INFO - 🟨 Janela de edição de OS detectada
2026-01-15 17:17:26,544 - INFO - 🟨 Janela de edição de habilidade da turma detectada
2026-01-15 17:18:14,975 - INFO - ⌛ Aguardando detecção do campo de caracteristica 'EQUIPE PRÓPRIA OU EPS' ...
2026-01-15 17:18:47,334 - INFO - ⌛ Aguardando detecção do campo de caracteristica 'EQUIPE PRÓPRIA OU EPS' ...
2026-01-15 17:19:19,683 - INFO - 🟨 campo de caracteristica 'EQUIPE PRÓPRIA OU EPS detectado
2026-01-15 17:19:41,648 - INFO - ⌛ Aguardando confirmação 4 - editar OS...
2026-01-15 17:20:12,475 - INFO - ⌛ Aguardando confirmação 4 - editar OS...
2026-01-15 17:21:24,103 - INFO - ⌛ Aguardando janela de confirmação de programação de OS...
2026-01-15 17:21:44,965 - INFO - 🟨 Janela de confirmação de programação de OS detectada
2026-01-15 17:21:48,669 - INFO - ⌛ aguardando janela de programação de lote de OS...
2026-01-15 17:22:09,762 - INFO - 🟨 Janela de aviso de edição de OS programadas detectada
2026-01-15 17:22:14,126 - INFO - ⌛ aguardando janela de programação de lote de OS...
2026-01-15 17:22:35,223 - INFO - 🟨 Janela de aviso de substituição de lote de OS detectada
2026-01-15 17:22:41,599 - INFO - ⌛ aguardando janela de programação de lote de OS...
2026-01-15 17:23:02,739 - INFO - 🟨 Janela de programação de lote de OS detectada
2026-01-15 17:23:30,338 - INFO - ⌛ aguardando janela de confirmação de programação de lote de OS...
2026-01-15 17:23:51,241 - INFO - 🟨 Janela de confirmação de programação de lote de OS detectada
2026-01-15 17:23:55,871 - INFO - ⌛ aguardando confirmação final de programação do lote
2026-01-15 17:24:16,962 - INFO - 🟨 programação do lote 1 efetuado com sucesso
2026-01-15 17:24:27,244 - INFO - 
=== Iniciando lote 2/70 [LM] ===
2026-01-15 17:24:33,721 - INFO - Janela de seleção aberta
2026-01-15 17:24:38,034 - INFO - DEBUG: idx=1, inicio=25, fim=50
2026-01-15 17:24:38,034 - INFO - ✅ 25 OS copiadas para a área de transferência.
2026-01-15 17:24:38,034 - INFO - 📋 Lote 2 copiado.
2026-01-15 17:24:46,390 - INFO - ⌛ Esperando mudança visual...
2026-01-15 17:24:47,399 - INFO - ⌛ Esperando mudança visual...
2026-01-15 17:24:48,419 - INFO - ⌛ Esperando mudança visual...
2026-01-15 17:24:49,434 - INFO - ⌛ Esperando mudança visual...
2026-01-15 17:24:50,451 - INFO - ⌛ Esperando mudança visual...
2026-01-15 17:24:51,469 - INFO - ⌛ Esperando mudança visual...
2026-01-15 17:24:52,481 - INFO - ⌛ Esperando mudança visual...
2026-01-15 17:24:53,497 - INFO - ⌛ Esperando mudança visual...
2026-01-15 17:24:54,512 - INFO - ⌛ Esperando mudança visual...
2026-01-15 17:24:55,527 - INFO - ⌛ Esperando mudança visual...
2026-01-15 17:24:56,548 - INFO - ⌛ Esperando mudança visual...
2026-01-15 17:24:57,558 - INFO - ⌛ Esperando mudança visual...
2026-01-15 17:24:58,574 - INFO - ✅ Tela carregada!
2026-01-15 17:25:09,252 - INFO - ⌛ Aguardando janela de confirmação de desbloqueio...
2026-01-15 17:25:30,268 - INFO - 🟨 Registros desbloqueados com sucesso
2026-01-15 17:25:44,286 - INFO - ⌛ Aguardando janela de edição de OS...
2026-01-15 17:26:15,356 - INFO - 🟨 OS programadas detectadas
2026-01-15 17:26:18,640 - INFO - ⌛ Aguardando janela de edição de OS...
2026-01-15 17:26:49,692 - INFO - 🟨 Janela de edição de OS detectada
2026-01-15 17:27:11,195 - INFO - 🟨 Janela de edição de habilidade da turma detectada
2026-01-15 17:27:59,612 - INFO - ⌛ Aguardando detecção do campo de caracteristica 'EQUIPE PRÓPRIA OU EPS' ...
2026-01-15 17:28:32,001 - INFO - ⌛ Aguardando detecção do campo de caracteristica 'EQUIPE PRÓPRIA OU EPS' ...
2026-01-15 17:29:04,275 - INFO - 🟨 campo de caracteristica 'EQUIPE PRÓPRIA OU EPS detectado
2026-01-15 17:29:26,025 - INFO - ⌛ Aguardando confirmação 4 - editar OS...
2026-01-15 17:29:56,364 - INFO - ⌛ Aguardando confirmação 4 - editar OS...
2026-01-15 17:31:07,415 - INFO - ⌛ Aguardando janela de confirmação de programação de OS...
2026-01-15 17:31:27,776 - INFO - 🟨 Janela de confirmação de programação de OS detectada
2026-01-15 17:31:31,101 - INFO - ⌛ aguardando janela de programação de lote de OS...
2026-01-15 17:31:51,583 - INFO - 🟨 Janela de aviso de edição de OS programadas detectada
2026-01-15 17:31:55,863 - INFO - ⌛ aguardando janela de programação de lote de OS...
2026-01-15 17:32:16,397 - INFO - 🟨 Janela de aviso de substituição de lote de OS detectada
2026-01-15 17:32:22,670 - INFO - ⌛ aguardando janela de programação de lote de OS...
2026-01-15 17:32:43,146 - INFO - 🟨 Janela de programação de lote de OS detectada
2026-01-15 17:33:10,599 - INFO - ⌛ aguardando janela de confirmação de programação de lote de OS...
2026-01-15 17:33:30,977 - INFO - 🟨 Janela de confirmação de programação de lote de OS detectada
2026-01-15 17:33:35,278 - INFO - ⌛ aguardando confirmação final de programação do lote
2026-01-15 17:33:55,722 - INFO - 🟨 programação do lote 2 efetuado com sucesso
2026-01-15 17:34:05,890 - INFO - 
=== Iniciando lote 3/70 [LM] ===
2026-01-15 17:34:12,248 - INFO - Janela de seleção aberta
2026-01-15 17:34:16,489 - INFO - DEBUG: idx=2, inicio=50, fim=75
2026-01-15 17:34:16,489 - INFO - ✅ 25 OS copiadas para a área de transferência.
2026-01-15 17:34:16,489 - INFO - 📋 Lote 3 copiado.
2026-01-15 17:34:24,840 - INFO - ⌛ Esperando mudança visual...
2026-01-15 17:34:25,863 - INFO - ⌛ Esperando mudança visual...
2026-01-15 17:34:26,879 - INFO - ⌛ Esperando mudança visual...
2026-01-15 17:34:27,895 - INFO - ⌛ Esperando mudança visual...
2026-01-15 17:34:28,911 - INFO - ⌛ Esperando mudança visual...
2026-01-15 17:34:29,926 - INFO - ⌛ Esperando mudança visual...
2026-01-15 17:34:30,942 - INFO - ⌛ Esperando mudança visual...
2026-01-15 17:34:31,958 - INFO - ⌛ Esperando mudança visual...
2026-01-15 17:34:32,973 - INFO - ⌛ Esperando mudança visual...
2026-01-15 17:34:33,989 - INFO - ⌛ Esperando mudança visual...
2026-01-15 17:34:35,007 - INFO - ⌛ Esperando mudança visual...
2026-01-15 17:34:36,020 - INFO - ✅ Tela carregada!
2026-01-15 17:34:46,531 - INFO - ⌛ Aguardando janela de confirmação de desbloqueio...
2026-01-15 17:35:06,988 - INFO - 🟨 Registros desbloqueados com sucesso
2026-01-15 17:35:20,621 - INFO - ⌛ Aguardando janela de edição de OS...
2026-01-15 17:35:51,104 - INFO - 🟨 OS programadas detectadas
2026-01-15 17:35:54,291 - INFO - ⌛ Aguardando janela de edição de OS...
2026-01-15 17:36:24,748 - INFO - 🟨 Janela de edição de OS detectada
2026-01-15 17:36:46,131 - INFO - 🟨 Janela de edição de habilidade da turma detectada
2026-01-15 17:37:34,449 - INFO - ⌛ Aguardando detecção do campo de caracteristica 'EQUIPE PRÓPRIA OU EPS' ...
2026-01-15 17:38:06,692 - INFO - ⌛ Aguardando detecção do campo de caracteristica 'EQUIPE PRÓPRIA OU EPS' ...
2026-01-15 17:38:38,951 - INFO - 🟨 campo de caracteristica 'EQUIPE PRÓPRIA OU EPS detectado
2026-01-15 17:39:00,696 - INFO - ⌛ Aguardando confirmação 4 - editar OS...
2026-01-15 17:40:11,654 - INFO - ⌛ Aguardando janela de confirmação de programação de OS...
2026-01-15 17:40:32,020 - INFO - 🟨 Janela de confirmação de programação de OS detectada
2026-01-15 17:40:35,321 - INFO - ⌛ aguardando janela de programação de lote de OS...
2026-01-15 17:40:55,836 - INFO - 🟨 Janela de aviso de edição de OS programadas detectada
2026-01-15 17:41:00,104 - INFO - ⌛ aguardando janela de programação de lote de OS...
2026-01-15 17:41:20,616 - INFO - 🟨 Janela de aviso de substituição de lote de OS detectada
2026-01-15 17:41:26,882 - INFO - ⌛ aguardando janela de programação de lote de OS...
2026-01-15 17:41:47,325 - INFO - 🟨 Janela de programação de lote de OS detectada
2026-01-15 17:42:14,772 - INFO - ⌛ aguardando janela de confirmação de programação de lote de OS...
2026-01-15 17:42:35,124 - INFO - 🟨 Janela de confirmação de programação de lote de OS detectada
2026-01-15 17:42:39,358 - INFO - ⌛ aguardando confirmação final de programação do lote
2026-01-15 17:42:59,799 - INFO - 🟨 programação do lote 3 efetuado com sucesso
2026-01-15 17:43:09,953 - INFO - 
=== Iniciando lote 4/70 [LM] ===
2026-01-15 17:43:16,312 - INFO - Janela de seleção aberta
2026-01-15 17:43:20,534 - INFO - DEBUG: idx=3, inicio=75, fim=100
2026-01-15 17:43:20,534 - INFO - ✅ 25 OS copiadas para a área de transferência.
2026-01-15 17:43:20,534 - INFO - 📋 Lote 4 copiado.
2026-01-15 17:43:28,890 - INFO - ⌛ Esperando mudança visual...
2026-01-15 17:43:29,895 - INFO - ⌛ Esperando mudança visual...
2026-01-15 17:43:30,910 - INFO - ⌛ Esperando mudança visual...
2026-01-15 17:43:31,942 - INFO - ⌛ Esperando mudança visual...
2026-01-15 17:43:32,958 - INFO - ⌛ Esperando mudança visual...
2026-01-15 17:43:33,973 - INFO - ⌛ Esperando mudança visual...
2026-01-15 17:43:34,989 - INFO - ⌛ Esperando mudança visual...
2026-01-15 17:43:36,005 - INFO - ⌛ Esperando mudança visual...
2026-01-15 17:43:37,022 - INFO - ⌛ Esperando mudança visual...
2026-01-15 17:43:38,036 - INFO - ⌛ Esperando mudança visual...
2026-01-15 17:43:39,052 - INFO - ✅ Tela carregada!
2026-01-15 17:43:49,513 - INFO - ⌛ Aguardando janela de confirmação de desbloqueio...
2026-01-15 17:44:09,868 - INFO - 🟨 Registros desbloqueados com sucesso
2026-01-15 17:44:23,449 - INFO - ⌛ Aguardando janela de edição de OS...
2026-01-15 17:44:53,847 - INFO - 🟨 OS programadas detectadas
2026-01-15 17:44:57,011 - INFO - ⌛ Aguardando janela de edição de OS...
2026-01-15 17:50:23,171 - INFO - Data hoje: 15/01/2026
2026-01-15 17:50:23,171 - INFO - Data de referência: 31/01/2026
2026-01-15 17:51:29,231 - INFO - 
 Qtd de lotes de LM: 70
2026-01-15 17:51:29,231 - INFO - 
 Qtd de lotes de LV: 163
2026-01-15 17:51:29,231 - INFO - 
 Qtd de lotes de ESTRUTURAL LM: 2
2026-01-15 17:51:29,231 - INFO - 
=== Iniciando lote 4/70 [LM] ===
2026-01-15 17:51:35,621 - INFO - Janela de seleção aberta
2026-01-15 17:51:39,857 - INFO - DEBUG: idx=3, inicio=75, fim=100
2026-01-15 17:51:39,857 - INFO - ✅ 25 OS copiadas para a área de transferência.
2026-01-15 17:51:39,857 - INFO - 📋 Lote 4 copiado.
2026-01-15 17:51:48,197 - INFO - ⌛ Esperando mudança visual...
2026-01-15 17:51:49,216 - INFO - ⌛ Esperando mudança visual...
2026-01-15 17:51:50,237 - INFO - ⌛ Esperando mudança visual...
2026-01-15 17:51:51,248 - INFO - ⌛ Esperando mudança visual...
2026-01-15 17:51:52,262 - INFO - ⌛ Esperando mudança visual...
2026-01-15 17:51:53,279 - INFO - ⌛ Esperando mudança visual...
2026-01-15 17:51:54,292 - INFO - ⌛ Esperando mudança visual...
2026-01-15 17:51:55,311 - INFO - ⌛ Esperando mudança visual...
2026-01-15 17:51:56,325 - INFO - ⌛ Esperando mudança visual...
2026-01-15 17:51:57,338 - INFO - ⌛ Esperando mudança visual...
2026-01-15 17:51:58,361 - INFO - ⌛ Esperando mudança visual...
2026-01-15 17:51:59,369 - INFO - ✅ Tela carregada!
2026-01-15 17:52:09,856 - INFO - ⌛ Aguardando janela de confirmação de desbloqueio...
2026-01-15 17:52:30,214 - INFO - 🟨 Registros desbloqueados com sucesso
2026-01-15 17:52:43,843 - INFO - ⌛ Aguardando janela de edição de OS...
2026-01-15 17:53:14,244 - INFO - 🟨 OS programadas detectadas
2026-01-15 17:53:17,390 - INFO - ⌛ Aguardando janela de edição de OS...
2026-01-15 17:53:47,793 - INFO - 🟨 Janela de edição de OS detectada
2026-01-15 17:54:09,150 - INFO - 🟨 Janela de edição de habilidade da turma detectada
2026-01-15 17:54:57,498 - INFO - ⌛ Aguardando detecção do campo de caracteristica 'EQUIPE PRÓPRIA OU EPS' ...
2026-01-15 17:55:29,752 - INFO - ⌛ Aguardando detecção do campo de caracteristica 'EQUIPE PRÓPRIA OU EPS' ...
2026-01-15 17:56:02,017 - INFO - 🟨 campo de caracteristica 'EQUIPE PRÓPRIA OU EPS detectado
2026-01-15 17:56:23,796 - INFO - ⌛ Aguardando confirmação 4 - editar OS...
2026-01-15 17:57:34,865 - INFO - ⌛ Aguardando janela de confirmação de programação de OS...
2026-01-15 17:57:55,245 - INFO - 🟨 Janela de confirmação de programação de OS detectada
2026-01-15 17:57:58,602 - INFO - ⌛ aguardando janela de programação de lote de OS...
2026-01-15 17:58:19,156 - INFO - 🟨 Janela de aviso de edição de OS programadas detectada
2026-01-15 17:58:23,448 - INFO - ⌛ aguardando janela de programação de lote de OS...
2026-01-15 17:58:43,962 - INFO - 🟨 Janela de aviso de substituição de lote de OS detectada
2026-01-15 17:58:50,241 - INFO - ⌛ aguardando janela de programação de lote de OS...
2026-01-15 17:59:10,727 - INFO - 🟨 Janela de programação de lote de OS detectada
2026-01-15 17:59:38,146 - INFO - ⌛ aguardando janela de confirmação de programação de lote de OS...
2026-01-15 17:59:58,525 - INFO - 🟨 Janela de confirmação de programação de lote de OS detectada
2026-01-15 18:00:02,833 - INFO - ⌛ aguardando confirmação final de programação do lote
2026-01-15 18:00:23,298 - INFO - 🟨 programação do lote 4 efetuado com sucesso
