2025-11-14 11:53:31,569 - INFO - Data hoje: 14/11/2025
2025-11-14 11:53:31,570 - INFO - Data de referência: 30/11/2025
2025-11-14 11:53:37,475 - INFO - 
Qtde LINHA VIVA: 397
2025-11-14 11:53:37,475 - INFO - Qtde LINHA MORTA/PESADA/FAIXA: 259
2025-11-14 11:53:38,035 - INFO - 
Arquivo gerado: C:\Users\U469784\venvs\py311\bot_programacao\EXCEL\pendentes_20251114.xlsx
2025-11-14 11:53:38,120 - INFO - 
 Qtd de lotes de LM: 11
2025-11-14 11:53:38,120 - INFO - 
 Qtd de lotes de LV: 16
2025-11-14 11:53:38,121 - INFO - 
=== Iniciando lote 1/16 [LV] ===
2025-11-14 11:53:44,542 - INFO - ⌛ Aguardando janela de seleção...
2025-11-14 11:54:04,842 - INFO - Janela de seleção aberta
2025-11-14 11:54:15,073 - INFO - DEBUG: idx=0, inicio=0, fim=25
2025-11-14 11:54:15,073 - INFO - ✅ 25 OS copiadas para a área de transferência.
2025-11-14 11:54:15,073 - INFO - 📋 Lote 1 copiado.
2025-11-14 11:54:29,429 - INFO - ⌛ Esperando mudança visual...
2025-11-14 11:54:30,444 - INFO - ⌛ Esperando mudança visual...
2025-11-14 11:54:31,457 - INFO - ✅ Tela carregada!
2025-11-14 11:54:41,927 - INFO - ⌛ Aguardando janela de confirmação de desbloqueio...
2025-11-14 11:55:02,196 - INFO - 🟨 Registros desbloqueados com sucesso
2025-11-14 11:55:19,805 - INFO - ⌛ Aguardando janela de edição de OS...
2025-11-14 11:55:40,126 - INFO - 🟨 OS programadas detectadas
2025-11-14 11:55:46,284 - INFO - ⌛ Aguardando janela de edição de OS...
2025-11-14 11:56:06,601 - INFO - 🟨 Janela de edição de OS detectada
2025-11-14 11:56:26,983 - INFO - 🟨 Janela de edição de habilidade da turma detectada
2025-11-14 11:57:15,306 - INFO - ⌛ Aguardando detecção do campo de caracteristica 'EQUIPE PRÓPRIA OU EPS' ...
2025-11-14 11:57:35,480 - INFO - ⌛ Aguardando detecção do campo de caracteristica 'EQUIPE PRÓPRIA OU EPS' ...
2025-11-14 11:57:55,624 - INFO - ⌛ Aguardando detecção do campo de caracteristica 'EQUIPE PRÓPRIA OU EPS' ...
2025-11-14 11:58:15,775 - INFO - 🟨 campo de caracteristica 'EQUIPE PRÓPRIA OU EPS detectado
2025-11-14 11:58:37,511 - INFO - ⌛ Aguardando confirmação 4 - editar OS...
2025-11-14 11:58:57,804 - INFO - ⌛ Aguardando confirmação 4 - editar OS...
2025-11-14 12:00:37,704 - INFO - ⌛ Aguardando janela de confirmação de programação de OS...
2025-11-14 12:00:57,963 - INFO - 🟨 Janela de confirmação de programação de OS detectada
2025-11-14 12:01:05,310 - INFO - ⌛ aguardando janela de programação de lote de OS...
2025-11-14 12:01:25,732 - INFO - 🟨 Janela de aviso de edição de OS programadas detectada
2025-11-14 12:01:35,992 - INFO - ⌛ aguardando janela de programação de lote de OS...
2025-11-14 12:01:56,432 - INFO - 🟨 Janela de aviso de substituição de lote de OS detectada
2025-11-14 12:02:08,715 - INFO - ⌛ aguardando janela de programação de lote de OS...
2025-11-14 12:02:29,157 - INFO - 🟨 Janela de programação de lote de OS detectada
2025-11-14 12:03:26,589 - INFO - ⌛ aguardando janela de confirmação de programação de lote de OS...
2025-11-14 12:03:46,901 - INFO - 🟨 Janela de confirmação de programação de lote de OS detectada
2025-11-14 12:03:59,172 - INFO - ⌛ aguardando confirmação final de programação do lote
2025-11-14 12:04:19,544 - INFO - 🟨 programação do lote 1 efetuado com sucesso
2025-11-14 12:04:46,708 - INFO - 
=== Iniciando lote 2/16 [LV] ===
2025-11-14 12:04:53,064 - INFO - Janela de seleção aberta
2025-11-14 12:05:03,309 - INFO - DEBUG: idx=1, inicio=25, fim=50
2025-11-14 12:05:03,309 - INFO - ✅ 25 OS copiadas para a área de transferência.
2025-11-14 12:05:03,309 - INFO - 📋 Lote 2 copiado.
2025-11-14 12:05:17,644 - INFO - ⌛ Esperando mudança visual...
2025-11-14 12:05:18,661 - INFO - ⌛ Esperando mudança visual...
2025-11-14 12:05:19,670 - INFO - ⌛ Esperando mudança visual...
2025-11-14 12:05:20,686 - INFO - ⌛ Esperando mudança visual...
2025-11-14 12:05:21,700 - INFO - ⌛ Esperando mudança visual...
2025-11-14 12:05:22,717 - INFO - ⌛ Esperando mudança visual...
2025-11-14 12:05:23,738 - INFO - ⌛ Esperando mudança visual...
2025-11-14 12:05:24,755 - INFO - ⌛ Esperando mudança visual...
2025-11-14 12:05:25,771 - INFO - ⌛ Esperando mudança visual...
2025-11-14 12:05:26,781 - INFO - ⌛ Esperando mudança visual...
2025-11-14 12:05:27,798 - INFO - ⌛ Esperando mudança visual...
2025-11-14 12:05:28,814 - INFO - ⌛ Esperando mudança visual...
2025-11-14 12:05:29,834 - INFO - ✅ Tela carregada!
2025-11-14 12:05:40,306 - INFO - ⌛ Aguardando janela de confirmação de desbloqueio...
2025-11-14 12:06:00,580 - INFO - 🟨 Registros desbloqueados com sucesso
2025-11-14 12:06:18,156 - INFO - ⌛ Aguardando janela de edição de OS...
2025-11-14 12:06:38,478 - INFO - 🟨 OS programadas detectadas
2025-11-14 12:06:44,639 - INFO - ⌛ Aguardando janela de edição de OS...
2025-11-14 12:07:04,977 - INFO - 🟨 Janela de edição de OS detectada
2025-11-14 12:07:25,334 - INFO - 🟨 Janela de edição de habilidade da turma detectada
2025-11-14 12:08:13,677 - INFO - ⌛ Aguardando detecção do campo de caracteristica 'EQUIPE PRÓPRIA OU EPS' ...
2025-11-14 12:08:33,842 - INFO - ⌛ Aguardando detecção do campo de caracteristica 'EQUIPE PRÓPRIA OU EPS' ...
2025-11-14 12:08:54,022 - INFO - ⌛ Aguardando detecção do campo de caracteristica 'EQUIPE PRÓPRIA OU EPS' ...
2025-11-14 12:09:14,170 - INFO - 🟨 campo de caracteristica 'EQUIPE PRÓPRIA OU EPS detectado
2025-11-14 12:09:35,904 - INFO - ⌛ Aguardando confirmação 4 - editar OS...
2025-11-14 12:09:56,207 - INFO - ⌛ Aguardando confirmação 4 - editar OS...
2025-11-14 12:11:36,107 - INFO - ⌛ Aguardando janela de confirmação de programação de OS...
2025-11-14 12:11:56,409 - INFO - 🟨 Janela de confirmação de programação de OS detectada
2025-11-14 12:12:03,741 - INFO - ⌛ aguardando janela de programação de lote de OS...
2025-11-14 12:12:24,135 - INFO - 🟨 Janela de aviso de edição de OS programadas detectada
2025-11-14 12:12:34,397 - INFO - ⌛ aguardando janela de programação de lote de OS...
2025-11-14 12:12:54,783 - INFO - 🟨 Janela de aviso de substituição de lote de OS detectada
2025-11-14 12:13:07,054 - INFO - ⌛ aguardando janela de programação de lote de OS...
2025-11-14 12:13:27,450 - INFO - 🟨 Janela de programação de lote de OS detectada
2025-11-14 12:14:24,882 - INFO - ⌛ aguardando janela de confirmação de programação de lote de OS...
2025-11-14 12:14:45,195 - INFO - 🟨 Janela de confirmação de programação de lote de OS detectada
2025-11-14 12:14:57,488 - INFO - ⌛ aguardando confirmação final de programação do lote
2025-11-14 12:15:17,875 - INFO - ⌛ aguardando confirmação final de programação do lote
2025-11-14 12:15:38,237 - INFO - 🟨 programação do lote 2 efetuado com sucesso
2025-11-14 12:16:05,407 - INFO - 
=== Iniciando lote 3/16 [LV] ===
2025-11-14 12:16:11,762 - INFO - Janela de seleção aberta
2025-11-14 12:16:21,995 - INFO - DEBUG: idx=2, inicio=50, fim=75
2025-11-14 12:16:21,995 - INFO - ✅ 25 OS copiadas para a área de transferência.
2025-11-14 12:16:21,995 - INFO - 📋 Lote 3 copiado.
2025-11-14 12:16:36,328 - INFO - ⌛ Esperando mudança visual...
2025-11-14 12:16:37,335 - INFO - ⌛ Esperando mudança visual...
2025-11-14 12:16:38,344 - INFO - ⌛ Esperando mudança visual...
2025-11-14 12:16:39,365 - INFO - ⌛ Esperando mudança visual...
2025-11-14 12:16:40,382 - INFO - ⌛ Esperando mudança visual...
2025-11-14 12:16:41,396 - INFO - ⌛ Esperando mudança visual...
2025-11-14 12:16:42,411 - INFO - ⌛ Esperando mudança visual...
2025-11-14 12:16:43,428 - INFO - ⌛ Esperando mudança visual...
2025-11-14 12:16:44,448 - INFO - ⌛ Esperando mudança visual...
2025-11-14 12:16:45,461 - INFO - ⌛ Esperando mudança visual...
2025-11-14 12:16:46,479 - INFO - ✅ Tela carregada!
2025-11-14 12:16:56,974 - INFO - ⌛ Aguardando janela de confirmação de desbloqueio...
2025-11-14 12:17:17,269 - INFO - 🟨 Registros desbloqueados com sucesso
2025-11-14 12:17:34,841 - INFO - ⌛ Aguardando janela de edição de OS...
2025-11-14 12:17:55,173 - INFO - 🟨 OS programadas detectadas
2025-11-14 12:18:01,341 - INFO - ⌛ Aguardando janela de edição de OS...
2025-11-14 12:18:21,672 - INFO - 🟨 Janela de edição de OS detectada
2025-11-14 12:18:42,043 - INFO - 🟨 Janela de edição de habilidade da turma detectada
2025-11-14 12:19:30,373 - INFO - ⌛ Aguardando detecção do campo de caracteristica 'EQUIPE PRÓPRIA OU EPS' ...
2025-11-14 12:19:50,526 - INFO - ⌛ Aguardando detecção do campo de caracteristica 'EQUIPE PRÓPRIA OU EPS' ...
2025-11-14 12:20:10,690 - INFO - ⌛ Aguardando detecção do campo de caracteristica 'EQUIPE PRÓPRIA OU EPS' ...
2025-11-14 12:20:30,863 - INFO - 🟨 campo de caracteristica 'EQUIPE PRÓPRIA OU EPS detectado
2025-11-14 12:20:52,594 - INFO - ⌛ Aguardando confirmação 4 - editar OS...
2025-11-14 12:21:12,901 - INFO - ⌛ Aguardando confirmação 4 - editar OS...
2025-11-14 12:22:52,869 - INFO - ⌛ Aguardando janela de confirmação de programação de OS...
2025-11-14 12:23:13,144 - INFO - 🟨 Janela de confirmação de programação de OS detectada
2025-11-14 12:23:20,471 - INFO - ⌛ aguardando janela de programação de lote de OS...
2025-11-14 12:23:40,886 - INFO - 🟨 Janela de aviso de edição de OS programadas detectada
2025-11-14 12:23:51,158 - INFO - ⌛ aguardando janela de programação de lote de OS...
2025-11-14 12:24:11,551 - INFO - 🟨 Janela de aviso de substituição de lote de OS detectada
2025-11-14 12:24:23,801 - INFO - ⌛ aguardando janela de programação de lote de OS...
2025-11-14 12:24:44,189 - INFO - 🟨 Janela de programação de lote de OS detectada
2025-11-14 12:25:41,641 - INFO - ⌛ aguardando janela de confirmação de programação de lote de OS...
2025-11-14 12:26:01,938 - INFO - 🟨 Janela de confirmação de programação de lote de OS detectada
2025-11-14 12:26:14,232 - INFO - ⌛ aguardando confirmação final de programação do lote
2025-11-14 12:26:34,617 - INFO - 🟨 programação do lote 3 efetuado com sucesso
2025-11-14 12:27:01,809 - INFO - 
=== Iniciando lote 4/16 [LV] ===
2025-11-14 12:27:08,189 - INFO - Janela de seleção aberta
2025-11-14 12:27:18,409 - INFO - DEBUG: idx=3, inicio=75, fim=100
2025-11-14 12:27:18,409 - INFO - ✅ 25 OS copiadas para a área de transferência.
2025-11-14 12:27:18,409 - INFO - 📋 Lote 4 copiado.
2025-11-14 12:27:32,754 - INFO - ⌛ Esperando mudança visual...
2025-11-14 12:27:33,772 - INFO - ⌛ Esperando mudança visual...
2025-11-14 12:27:34,785 - INFO - ⌛ Esperando mudança visual...
2025-11-14 12:27:35,803 - INFO - ⌛ Esperando mudança visual...
2025-11-14 12:27:36,811 - INFO - ⌛ Esperando mudança visual...
2025-11-14 12:27:37,833 - INFO - ⌛ Esperando mudança visual...
2025-11-14 12:27:38,848 - INFO - ⌛ Esperando mudança visual...
2025-11-14 12:27:39,855 - INFO - ⌛ Esperando mudança visual...
2025-11-14 12:27:40,874 - INFO - ⌛ Esperando mudança visual...
2025-11-14 12:27:41,888 - INFO - ⌛ Esperando mudança visual...
2025-11-14 12:27:42,905 - INFO - ⌛ Esperando mudança visual...
2025-11-14 12:27:43,925 - INFO - ✅ Tela carregada!
2025-11-14 12:27:54,387 - INFO - ⌛ Aguardando janela de confirmação de desbloqueio...
2025-11-14 12:28:14,698 - INFO - 🟨 Registros desbloqueados com sucesso
2025-11-14 12:28:32,270 - INFO - ⌛ Aguardando janela de edição de OS...
2025-11-14 12:28:52,613 - INFO - 🟨 OS programadas detectadas
2025-11-14 12:28:58,760 - INFO - ⌛ Aguardando janela de edição de OS...
2025-11-14 12:29:19,105 - INFO - 🟨 Janela de edição de OS detectada
2025-11-14 12:29:39,469 - INFO - 🟨 Janela de edição de habilidade da turma detectada
2025-11-14 12:30:27,776 - INFO - ⌛ Aguardando detecção do campo de caracteristica 'EQUIPE PRÓPRIA OU EPS' ...
2025-11-14 12:30:47,931 - INFO - ⌛ Aguardando detecção do campo de caracteristica 'EQUIPE PRÓPRIA OU EPS' ...
2025-11-14 12:31:08,076 - INFO - ⌛ Aguardando detecção do campo de caracteristica 'EQUIPE PRÓPRIA OU EPS' ...
2025-11-14 12:31:28,211 - INFO - 🟨 campo de caracteristica 'EQUIPE PRÓPRIA OU EPS detectado
2025-11-14 12:31:49,953 - INFO - ⌛ Aguardando confirmação 4 - editar OS...
2025-11-14 12:32:10,241 - INFO - ⌛ Aguardando confirmação 4 - editar OS...
2025-11-14 12:33:50,139 - INFO - ⌛ Aguardando janela de confirmação de programação de OS...
2025-11-14 12:34:10,436 - INFO - 🟨 Janela de confirmação de programação de OS detectada
2025-11-14 12:34:17,752 - INFO - ⌛ aguardando janela de programação de lote de OS...
2025-11-14 12:34:38,143 - INFO - 🟨 Janela de aviso de edição de OS programadas detectada
2025-11-14 12:34:48,397 - INFO - ⌛ aguardando janela de programação de lote de OS...
2025-11-14 12:35:08,795 - INFO - 🟨 Janela de aviso de substituição de lote de OS detectada
2025-11-14 12:35:21,048 - INFO - ⌛ aguardando janela de programação de lote de OS...
2025-11-14 12:35:41,424 - INFO - 🟨 Janela de programação de lote de OS detectada
2025-11-14 12:36:38,897 - INFO - ⌛ aguardando janela de confirmação de programação de lote de OS...
2025-11-14 12:36:59,169 - INFO - 🟨 Janela de confirmação de programação de lote de OS detectada
2025-11-14 12:37:11,438 - INFO - ⌛ aguardando confirmação final de programação do lote
2025-11-14 12:37:31,784 - INFO - 🟨 programação do lote 4 efetuado com sucesso
2025-11-14 12:37:58,947 - INFO - 
=== Iniciando lote 5/16 [LV] ===
2025-11-14 12:38:05,297 - INFO - Janela de seleção aberta
2025-11-14 12:38:15,535 - INFO - DEBUG: idx=4, inicio=100, fim=125
2025-11-14 12:38:15,535 - INFO - ✅ 25 OS copiadas para a área de transferência.
2025-11-14 12:38:15,535 - INFO - 📋 Lote 5 copiado.
2025-11-14 12:38:29,866 - INFO - ⌛ Esperando mudança visual...
2025-11-14 12:38:30,880 - INFO - ⌛ Esperando mudança visual...
2025-11-14 12:38:31,894 - INFO - ⌛ Esperando mudança visual...
2025-11-14 12:38:32,916 - INFO - ⌛ Esperando mudança visual...
2025-11-14 12:38:33,930 - INFO - ⌛ Esperando mudança visual...
2025-11-14 12:38:34,947 - INFO - ⌛ Esperando mudança visual...
2025-11-14 12:38:35,957 - INFO - ⌛ Esperando mudança visual...
2025-11-14 12:38:36,971 - INFO - ⌛ Esperando mudança visual...
2025-11-14 12:38:37,989 - INFO - ⌛ Esperando mudança visual...
2025-11-14 12:38:39,009 - INFO - ⌛ Esperando mudança visual...
2025-11-14 12:38:40,024 - INFO - ⌛ Esperando mudança visual...
2025-11-14 12:38:41,035 - INFO - ✅ Tela carregada!
2025-11-14 12:38:51,508 - INFO - ⌛ Aguardando janela de confirmação de desbloqueio...
2025-11-14 12:39:11,773 - INFO - 🟨 Registros desbloqueados com sucesso
2025-11-14 12:39:29,335 - INFO - ⌛ Aguardando janela de edição de OS...
2025-11-14 12:39:49,637 - INFO - 🟨 OS programadas detectadas
2025-11-14 12:39:55,793 - INFO - ⌛ Aguardando janela de edição de OS...
2025-11-14 12:40:16,120 - INFO - 🟨 Janela de edição de OS detectada
2025-11-14 12:40:36,481 - INFO - 🟨 Janela de edição de habilidade da turma detectada
2025-11-14 12:41:24,791 - INFO - ⌛ Aguardando detecção do campo de caracteristica 'EQUIPE PRÓPRIA OU EPS' ...
2025-11-14 12:41:44,947 - INFO - ⌛ Aguardando detecção do campo de caracteristica 'EQUIPE PRÓPRIA OU EPS' ...
2025-11-14 12:42:05,116 - INFO - ⌛ Aguardando detecção do campo de caracteristica 'EQUIPE PRÓPRIA OU EPS' ...
2025-11-14 12:42:25,270 - INFO - 🟨 campo de caracteristica 'EQUIPE PRÓPRIA OU EPS detectado
2025-11-14 12:42:47,043 - INFO - ⌛ Aguardando confirmação 4 - editar OS...
2025-11-14 12:43:07,325 - INFO - ⌛ Aguardando confirmação 4 - editar OS...
2025-11-14 12:44:47,273 - INFO - ⌛ Aguardando janela de confirmação de programação de OS...
2025-11-14 12:45:07,576 - INFO - 🟨 Janela de confirmação de programação de OS detectada
2025-11-14 12:45:14,886 - INFO - 🟨 Janela de aviso de edição de OS programadas detectada
2025-11-14 12:45:25,154 - INFO - ⌛ aguardando janela de programação de lote de OS...
2025-11-14 12:45:45,556 - INFO - 🟨 Janela de aviso de substituição de lote de OS detectada
2025-11-14 12:45:57,826 - INFO - ⌛ aguardando janela de programação de lote de OS...
2025-11-14 12:46:18,223 - INFO - 🟨 Janela de programação de lote de OS detectada
2025-11-14 12:47:15,661 - INFO - ⌛ aguardando janela de confirmação de programação de lote de OS...
2025-11-14 12:47:35,950 - INFO - 🟨 Janela de confirmação de programação de lote de OS detectada
2025-11-14 12:47:48,227 - INFO - ⌛ aguardando confirmação final de programação do lote
2025-11-14 12:48:08,593 - INFO - 🟨 programação do lote 5 efetuado com sucesso
2025-11-14 12:48:35,752 - INFO - 
=== Iniciando lote 6/16 [LV] ===
2025-11-14 12:48:42,105 - INFO - Janela de seleção aberta
2025-11-14 12:48:52,327 - INFO - DEBUG: idx=5, inicio=125, fim=150
2025-11-14 12:48:52,327 - INFO - ✅ 25 OS copiadas para a área de transferência.
2025-11-14 12:48:52,327 - INFO - 📋 Lote 6 copiado.
2025-11-14 12:49:06,672 - INFO - ⌛ Esperando mudança visual...
2025-11-14 12:49:07,688 - INFO - ⌛ Esperando mudança visual...
2025-11-14 12:49:08,702 - INFO - ⌛ Esperando mudança visual...
2025-11-14 12:49:09,712 - INFO - ⌛ Esperando mudança visual...
2025-11-14 12:49:10,729 - INFO - ⌛ Esperando mudança visual...
2025-11-14 12:49:11,745 - INFO - ⌛ Esperando mudança visual...
2025-11-14 12:49:12,766 - INFO - ⌛ Esperando mudança visual...
2025-11-14 12:49:13,775 - INFO - ⌛ Esperando mudança visual...
2025-11-14 12:49:14,798 - INFO - ⌛ Esperando mudança visual...
2025-11-14 12:49:15,811 - INFO - ⌛ Esperando mudança visual...
2025-11-14 12:49:16,822 - INFO - ⌛ Esperando mudança visual...
2025-11-14 12:49:17,839 - INFO - ✅ Tela carregada!
2025-11-14 12:49:28,334 - INFO - ⌛ Aguardando janela de confirmação de desbloqueio...
2025-11-14 12:49:48,642 - INFO - 🟨 Registros desbloqueados com sucesso
2025-11-14 12:50:06,249 - INFO - ⌛ Aguardando janela de edição de OS...
2025-11-14 12:50:26,602 - INFO - 🟨 OS programadas detectadas
2025-11-14 12:50:32,766 - INFO - ⌛ Aguardando janela de edição de OS...
2025-11-14 12:50:53,101 - INFO - 🟨 Janela de edição de OS detectada
2025-11-14 12:51:13,473 - INFO - 🟨 Janela de edição de habilidade da turma detectada
2025-11-14 12:52:01,790 - INFO - ⌛ Aguardando detecção do campo de caracteristica 'EQUIPE PRÓPRIA OU EPS' ...
2025-11-14 12:52:21,921 - INFO - ⌛ Aguardando detecção do campo de caracteristica 'EQUIPE PRÓPRIA OU EPS' ...
2025-11-14 12:52:42,072 - INFO - ⌛ Aguardando detecção do campo de caracteristica 'EQUIPE PRÓPRIA OU EPS' ...
2025-11-14 12:53:02,229 - INFO - 🟨 campo de caracteristica 'EQUIPE PRÓPRIA OU EPS detectado
2025-11-14 12:53:23,941 - INFO - ⌛ Aguardando confirmação 4 - editar OS...
2025-11-14 12:53:44,203 - INFO - ⌛ Aguardando confirmação 4 - editar OS...
2025-11-14 12:55:24,144 - INFO - ⌛ Aguardando janela de confirmação de programação de OS...
2025-11-14 12:55:44,398 - INFO - 🟨 Janela de confirmação de programação de OS detectada
2025-11-14 12:55:51,710 - INFO - ⌛ aguardando janela de programação de lote de OS...
2025-11-14 12:56:12,096 - INFO - 🟨 Janela de aviso de edição de OS programadas detectada
2025-11-14 12:56:22,349 - INFO - ⌛ aguardando janela de programação de lote de OS...
2025-11-14 12:56:42,750 - INFO - 🟨 Janela de aviso de substituição de lote de OS detectada
2025-11-14 12:56:55,005 - INFO - ⌛ aguardando janela de programação de lote de OS...
2025-11-14 12:57:15,392 - INFO - 🟨 Janela de programação de lote de OS detectada
2025-11-14 12:58:12,826 - INFO - ⌛ aguardando janela de confirmação de programação de lote de OS...
2025-11-14 12:58:33,114 - INFO - 🟨 Janela de confirmação de programação de lote de OS detectada
2025-11-14 12:58:45,393 - INFO - ⌛ aguardando confirmação final de programação do lote
2025-11-14 12:59:05,776 - INFO - 🟨 programação do lote 6 efetuado com sucesso
2025-11-14 12:59:32,936 - INFO - 
=== Iniciando lote 7/16 [LV] ===
2025-11-14 12:59:39,299 - INFO - Janela de seleção aberta
2025-11-14 12:59:49,536 - INFO - DEBUG: idx=6, inicio=150, fim=175
2025-11-14 12:59:49,536 - INFO - ✅ 25 OS copiadas para a área de transferência.
2025-11-14 12:59:49,536 - INFO - 📋 Lote 7 copiado.
2025-11-14 13:00:03,891 - INFO - ⌛ Esperando mudança visual...
2025-11-14 13:00:04,902 - INFO - ⌛ Esperando mudança visual...
2025-11-14 13:00:05,920 - INFO - ⌛ Esperando mudança visual...
2025-11-14 13:00:06,931 - INFO - ⌛ Esperando mudança visual...
2025-11-14 13:00:07,948 - INFO - ⌛ Esperando mudança visual...
2025-11-14 13:00:08,966 - INFO - ⌛ Esperando mudança visual...
2025-11-14 13:00:09,977 - INFO - ⌛ Esperando mudança visual...
2025-11-14 13:00:10,993 - INFO - ⌛ Esperando mudança visual...
2025-11-14 13:00:12,008 - INFO - ⌛ Esperando mudança visual...
2025-11-14 13:00:13,028 - INFO - ⌛ Esperando mudança visual...
2025-11-14 13:00:14,047 - INFO - ⌛ Esperando mudança visual...
2025-11-14 13:00:15,055 - INFO - ✅ Tela carregada!
2025-11-14 13:00:25,525 - INFO - ⌛ Aguardando janela de confirmação de desbloqueio...
2025-11-14 13:00:45,832 - INFO - 🟨 Registros desbloqueados com sucesso
2025-11-14 13:01:03,408 - INFO - ⌛ Aguardando janela de edição de OS...
2025-11-14 13:01:23,737 - INFO - 🟨 OS programadas detectadas
2025-11-14 13:01:29,901 - INFO - ⌛ Aguardando janela de edição de OS...
2025-11-14 13:01:50,268 - INFO - 🟨 Janela de edição de OS detectada
2025-11-14 13:02:10,629 - INFO - 🟨 Janela de edição de habilidade da turma detectada
2025-11-14 13:02:58,956 - INFO - ⌛ Aguardando detecção do campo de caracteristica 'EQUIPE PRÓPRIA OU EPS' ...
2025-11-14 13:03:19,115 - INFO - ⌛ Aguardando detecção do campo de caracteristica 'EQUIPE PRÓPRIA OU EPS' ...
2025-11-14 13:03:39,277 - INFO - ⌛ Aguardando detecção do campo de caracteristica 'EQUIPE PRÓPRIA OU EPS' ...
2025-11-14 13:03:59,451 - INFO - 🟨 campo de caracteristica 'EQUIPE PRÓPRIA OU EPS detectado
2025-11-14 13:04:21,219 - INFO - ⌛ Aguardando confirmação 4 - editar OS...
2025-11-14 13:04:41,524 - INFO - ⌛ Aguardando confirmação 4 - editar OS...
2025-11-14 13:06:21,468 - INFO - ⌛ Aguardando janela de confirmação de programação de OS...
2025-11-14 13:06:41,770 - INFO - 🟨 Janela de confirmação de programação de OS detectada
2025-11-14 13:06:49,081 - INFO - 🟨 Janela de aviso de edição de OS programadas detectada
2025-11-14 13:06:59,355 - INFO - ⌛ aguardando janela de programação de lote de OS...
2025-11-14 13:07:19,734 - INFO - 🟨 Janela de aviso de substituição de lote de OS detectada
2025-11-14 13:07:32,008 - INFO - ⌛ aguardando janela de programação de lote de OS...
2025-11-14 13:07:52,396 - INFO - 🟨 Janela de programação de lote de OS detectada
2025-11-14 13:08:49,818 - INFO - ⌛ aguardando janela de confirmação de programação de lote de OS...
2025-11-14 13:09:10,117 - INFO - 🟨 Janela de confirmação de programação de lote de OS detectada
2025-11-14 13:09:22,375 - INFO - ⌛ aguardando confirmação final de programação do lote
2025-11-14 13:09:42,726 - INFO - 🟨 programação do lote 7 efetuado com sucesso
2025-11-14 13:10:09,886 - INFO - 
=== Iniciando lote 8/16 [LV] ===
2025-11-14 13:10:16,240 - INFO - Janela de seleção aberta
2025-11-14 13:10:26,469 - INFO - DEBUG: idx=7, inicio=175, fim=200
2025-11-14 13:10:26,469 - INFO - ✅ 25 OS copiadas para a área de transferência.
2025-11-14 13:10:26,469 - INFO - 📋 Lote 8 copiado.
2025-11-14 13:10:40,813 - INFO - ⌛ Esperando mudança visual...
2025-11-14 13:10:41,821 - INFO - ⌛ Esperando mudança visual...
2025-11-14 13:10:42,839 - INFO - ⌛ Esperando mudança visual...
2025-11-14 13:10:43,857 - INFO - ⌛ Esperando mudança visual...
2025-11-14 13:10:44,873 - INFO - ⌛ Esperando mudança visual...
2025-11-14 13:10:45,882 - INFO - ⌛ Esperando mudança visual...
2025-11-14 13:10:46,899 - INFO - ⌛ Esperando mudança visual...
2025-11-14 13:10:47,916 - INFO - ⌛ Esperando mudança visual...
2025-11-14 13:10:48,935 - INFO - ⌛ Esperando mudança visual...
2025-11-14 13:10:49,947 - INFO - ⌛ Esperando mudança visual...
2025-11-14 13:10:50,962 - INFO - ⌛ Esperando mudança visual...
2025-11-14 13:10:51,982 - INFO - ✅ Tela carregada!
2025-11-14 13:11:02,439 - INFO - ⌛ Aguardando janela de confirmação de desbloqueio...
2025-11-14 13:11:22,716 - INFO - 🟨 Registros desbloqueados com sucesso
2025-11-14 13:11:40,287 - INFO - ⌛ Aguardando janela de edição de OS...
2025-11-14 13:12:00,606 - INFO - 🟨 OS programadas detectadas
2025-11-14 13:12:06,771 - INFO - ⌛ Aguardando janela de edição de OS...
2025-11-14 13:12:27,089 - INFO - 🟨 Janela de edição de OS detectada
2025-11-14 13:12:47,464 - INFO - 🟨 Janela de edição de habilidade da turma detectada
2025-11-14 13:13:35,767 - INFO - ⌛ Aguardando detecção do campo de caracteristica 'EQUIPE PRÓPRIA OU EPS' ...
2025-11-14 13:13:55,914 - INFO - ⌛ Aguardando detecção do campo de caracteristica 'EQUIPE PRÓPRIA OU EPS' ...
2025-11-14 13:14:16,064 - INFO - ⌛ Aguardando detecção do campo de caracteristica 'EQUIPE PRÓPRIA OU EPS' ...
2025-11-14 13:14:36,218 - INFO - 🟨 campo de caracteristica 'EQUIPE PRÓPRIA OU EPS detectado
2025-11-14 13:14:57,942 - INFO - ⌛ Aguardando confirmação 4 - editar OS...
2025-11-14 13:15:18,249 - INFO - ⌛ Aguardando confirmação 4 - editar OS...
2025-11-14 13:16:58,145 - INFO - ⌛ Aguardando janela de confirmação de programação de OS...
2025-11-14 13:17:18,430 - INFO - 🟨 Janela de confirmação de programação de OS detectada
2025-11-14 13:17:25,725 - INFO - ⌛ aguardando janela de programação de lote de OS...
2025-11-14 13:17:46,095 - INFO - 🟨 Janela de aviso de edição de OS programadas detectada
2025-11-14 13:17:56,375 - INFO - ⌛ aguardando janela de programação de lote de OS...
2025-11-14 13:18:16,747 - INFO - 🟨 Janela de aviso de substituição de lote de OS detectada
2025-11-14 13:18:29,011 - INFO - ⌛ aguardando janela de programação de lote de OS...
2025-11-14 13:18:49,379 - INFO - 🟨 Janela de programação de lote de OS detectada
2025-11-14 13:19:46,843 - INFO - ⌛ aguardando janela de confirmação de programação de lote de OS...
2025-11-14 13:20:07,137 - INFO - 🟨 Janela de confirmação de programação de lote de OS detectada
2025-11-14 13:20:19,388 - INFO - ⌛ aguardando confirmação final de programação do lote
2025-11-14 13:20:39,726 - INFO - 🟨 programação do lote 8 efetuado com sucesso
2025-11-14 13:21:06,889 - INFO - 
=== Iniciando lote 9/16 [LV] ===
2025-11-14 13:21:13,256 - INFO - Janela de seleção aberta
2025-11-14 13:21:23,494 - INFO - DEBUG: idx=8, inicio=200, fim=225
2025-11-14 13:21:23,494 - INFO - ✅ 25 OS copiadas para a área de transferência.
2025-11-14 13:21:23,494 - INFO - 📋 Lote 9 copiado.
2025-11-14 13:21:37,820 - INFO - ⌛ Esperando mudança visual...
2025-11-14 13:21:38,833 - INFO - ⌛ Esperando mudança visual...
2025-11-14 13:21:39,853 - INFO - ⌛ Esperando mudança visual...
2025-11-14 13:21:40,871 - INFO - ⌛ Esperando mudança visual...
2025-11-14 13:21:41,886 - INFO - ⌛ Esperando mudança visual...
2025-11-14 13:21:42,907 - INFO - ⌛ Esperando mudança visual...
2025-11-14 13:21:43,915 - INFO - ⌛ Esperando mudança visual...
2025-11-14 13:21:44,936 - INFO - ⌛ Esperando mudança visual...
2025-11-14 13:21:45,948 - INFO - ⌛ Esperando mudança visual...
2025-11-14 13:21:46,971 - INFO - ⌛ Esperando mudança visual...
2025-11-14 13:21:47,985 - INFO - ⌛ Esperando mudança visual...
2025-11-14 13:21:49,000 - INFO - ⌛ Esperando mudança visual...
2025-11-14 13:21:50,017 - INFO - ✅ Tela carregada!
2025-11-14 13:22:00,502 - INFO - ⌛ Aguardando janela de confirmação de desbloqueio...
2025-11-14 13:22:20,781 - INFO - 🟨 Registros desbloqueados com sucesso
2025-11-14 13:22:38,359 - INFO - ⌛ Aguardando janela de edição de OS...
2025-11-14 13:22:58,682 - INFO - 🟨 OS programadas detectadas
2025-11-14 13:23:04,855 - INFO - ⌛ Aguardando janela de edição de OS...
2025-11-14 13:23:25,167 - INFO - 🟨 Janela de edição de OS detectada
2025-11-14 13:23:45,534 - INFO - 🟨 Janela de edição de habilidade da turma detectada
2025-11-14 13:24:33,831 - INFO - ⌛ Aguardando detecção do campo de caracteristica 'EQUIPE PRÓPRIA OU EPS' ...
2025-11-14 13:24:53,977 - INFO - ⌛ Aguardando detecção do campo de caracteristica 'EQUIPE PRÓPRIA OU EPS' ...
2025-11-14 13:25:14,149 - INFO - ⌛ Aguardando detecção do campo de caracteristica 'EQUIPE PRÓPRIA OU EPS' ...
2025-11-14 13:25:34,303 - INFO - 🟨 campo de caracteristica 'EQUIPE PRÓPRIA OU EPS detectado
2025-11-14 13:25:56,027 - INFO - ⌛ Aguardando confirmação 4 - editar OS...
2025-11-14 13:26:16,319 - INFO - ⌛ Aguardando confirmação 4 - editar OS...
2025-11-14 13:27:56,242 - INFO - ⌛ Aguardando janela de confirmação de programação de OS...
2025-11-14 13:28:16,551 - INFO - 🟨 Janela de confirmação de programação de OS detectada
2025-11-14 13:28:23,852 - INFO - ⌛ aguardando janela de programação de lote de OS...
2025-11-14 13:28:44,221 - INFO - 🟨 Janela de aviso de edição de OS programadas detectada
2025-11-14 13:28:54,491 - INFO - ⌛ aguardando janela de programação de lote de OS...
2025-11-14 13:29:14,872 - INFO - 🟨 Janela de aviso de substituição de lote de OS detectada
2025-11-14 13:29:27,131 - INFO - ⌛ aguardando janela de programação de lote de OS...
2025-11-14 13:29:47,506 - INFO - ⌛ aguardando janela de programação de lote de OS...
2025-11-14 13:29:47,628 - INFO - 🟨 Identificado travamento no EQM, reiniciando contador de espera
2025-11-14 13:30:07,875 - INFO - 🟨 Janela de programação de lote de OS detectada
2025-11-14 13:31:05,295 - INFO - ⌛ aguardando janela de confirmação de programação de lote de OS...
2025-11-14 13:31:25,552 - INFO - 🟨 Janela de confirmação de programação de lote de OS detectada
2025-11-14 13:31:37,809 - INFO - ⌛ aguardando confirmação final de programação do lote
2025-11-14 13:31:58,173 - INFO - 🟨 programação do lote 9 efetuado com sucesso
2025-11-14 13:32:25,338 - INFO - 
=== Iniciando lote 10/16 [LV] ===
2025-11-14 13:32:31,682 - INFO - Janela de seleção aberta
2025-11-14 13:32:41,935 - INFO - DEBUG: idx=9, inicio=225, fim=250
2025-11-14 13:32:41,935 - INFO - ✅ 25 OS copiadas para a área de transferência.
2025-11-14 13:32:41,935 - INFO - 📋 Lote 10 copiado.
2025-11-14 13:32:56,262 - INFO - ⌛ Esperando mudança visual...
2025-11-14 13:32:57,272 - INFO - ⌛ Esperando mudança visual...
2025-11-14 13:32:58,291 - INFO - ⌛ Esperando mudança visual...
2025-11-14 13:32:59,300 - INFO - ⌛ Esperando mudança visual...
2025-11-14 13:33:00,326 - INFO - ⌛ Esperando mudança visual...
2025-11-14 13:33:01,333 - INFO - ⌛ Esperando mudança visual...
2025-11-14 13:33:02,354 - INFO - ⌛ Esperando mudança visual...
2025-11-14 13:33:03,368 - INFO - ⌛ Esperando mudança visual...
2025-11-14 13:33:04,384 - INFO - ⌛ Esperando mudança visual...
2025-11-14 13:33:05,400 - INFO - ⌛ Esperando mudança visual...
2025-11-14 13:33:06,417 - INFO - ⌛ Esperando mudança visual...
2025-11-14 13:33:07,426 - INFO - ⌛ Esperando mudança visual...
2025-11-14 13:33:08,448 - INFO - ⌛ Esperando mudança visual...
2025-11-14 13:33:09,453 - INFO - ✅ Tela carregada!
2025-11-14 13:33:19,947 - INFO - ⌛ Aguardando janela de confirmação de desbloqueio...
2025-11-14 13:33:40,244 - INFO - 🟨 Registros desbloqueados com sucesso
2025-11-14 13:33:57,805 - INFO - ⌛ Aguardando janela de edição de OS...
2025-11-14 13:34:18,161 - INFO - 🟨 OS programadas detectadas
2025-11-14 13:34:24,325 - INFO - ⌛ Aguardando janela de edição de OS...
2025-11-14 13:34:44,679 - INFO - 🟨 Janela de edição de OS detectada
2025-11-14 13:35:05,062 - INFO - 🟨 Janela de edição de habilidade da turma detectada
2025-11-14 13:35:53,411 - INFO - ⌛ Aguardando detecção do campo de caracteristica 'EQUIPE PRÓPRIA OU EPS' ...
2025-11-14 13:36:13,575 - INFO - ⌛ Aguardando detecção do campo de caracteristica 'EQUIPE PRÓPRIA OU EPS' ...
2025-11-14 13:36:33,740 - INFO - ⌛ Aguardando detecção do campo de caracteristica 'EQUIPE PRÓPRIA OU EPS' ...
2025-11-14 13:36:53,895 - INFO - 🟨 campo de caracteristica 'EQUIPE PRÓPRIA OU EPS detectado
2025-11-14 13:37:15,630 - INFO - ⌛ Aguardando confirmação 4 - editar OS...
2025-11-14 13:37:35,916 - INFO - ⌛ Aguardando confirmação 4 - editar OS...
2025-11-14 13:39:15,852 - INFO - ⌛ Aguardando janela de confirmação de programação de OS...
2025-11-14 13:39:36,149 - INFO - 🟨 Janela de confirmação de programação de OS detectada
2025-11-14 13:39:43,477 - INFO - ⌛ aguardando janela de programação de lote de OS...
2025-11-14 13:40:03,916 - INFO - 🟨 Janela de aviso de edição de OS programadas detectada
2025-11-14 13:40:14,180 - INFO - ⌛ aguardando janela de programação de lote de OS...
2025-11-14 13:40:34,591 - INFO - 🟨 Janela de aviso de substituição de lote de OS detectada
2025-11-14 13:40:46,863 - INFO - ⌛ aguardando janela de programação de lote de OS...
2025-11-14 13:41:07,298 - INFO - 🟨 Janela de programação de lote de OS detectada
2025-11-14 13:42:04,779 - INFO - ⌛ aguardando janela de confirmação de programação de lote de OS...
2025-11-14 13:42:25,097 - INFO - 🟨 Janela de confirmação de programação de lote de OS detectada
2025-11-14 13:42:37,372 - INFO - ⌛ aguardando confirmação final de programação do lote
2025-11-14 13:42:57,759 - INFO - 🟨 programação do lote 10 efetuado com sucesso
2025-11-14 17:32:53,172 - INFO - Data hoje: 14/11/2025
2025-11-14 17:32:53,172 - INFO - Data de referência: 30/11/2025
2025-11-14 17:32:57,082 - INFO - 
Qtde LINHA VIVA: 382
2025-11-14 17:32:57,082 - INFO - Qtde LINHA MORTA/PESADA/FAIXA: 266
2025-11-14 17:32:57,902 - INFO - 
Arquivo gerado: C:\Users\U469784\venvs\py311\bot_programacao\EXCEL\pendentes_20251114.xlsx
2025-11-14 17:32:57,984 - INFO - 
 Qtd de lotes de LM: 11
2025-11-14 17:32:57,984 - INFO - 
 Qtd de lotes de LV: 16
2025-11-14 17:32:57,985 - INFO - 
=== Iniciando lote 11/16 [LV] ===
2025-11-14 17:33:04,380 - INFO - ⌛ Aguardando janela de seleção...
2025-11-14 17:33:24,684 - INFO - Janela de seleção aberta
2025-11-14 17:33:34,919 - INFO - DEBUG: idx=10, inicio=250, fim=275
2025-11-14 17:33:34,919 - INFO - ✅ 25 OS copiadas para a área de transferência.
2025-11-14 17:33:34,919 - INFO - 📋 Lote 11 copiado.
2025-11-14 17:33:49,250 - INFO - ⌛ Esperando mudança visual...
2025-11-14 17:33:50,259 - INFO - ✅ Tela carregada!
2025-11-14 17:34:00,731 - INFO - ⌛ Aguardando janela de confirmação de desbloqueio...
2025-11-14 17:34:21,034 - INFO - 🟨 Registros desbloqueados com sucesso
2025-11-14 17:34:38,638 - INFO - 🟨 OS programadas detectadas
2025-11-14 17:34:44,813 - INFO - ⌛ Aguardando janela de edição de OS...
2025-11-14 17:35:05,152 - INFO - 🟨 Janela de edição de OS detectada
2025-11-14 17:35:25,532 - INFO - 🟨 Janela de edição de habilidade da turma detectada
2025-11-14 17:36:14,363 - INFO - ⌛ Aguardando detecção do campo de caracteristica 'EQUIPE PRÓPRIA OU EPS' ...
2025-11-14 17:36:34,512 - INFO - ⌛ Aguardando detecção do campo de caracteristica 'EQUIPE PRÓPRIA OU EPS' ...
2025-11-14 17:36:54,673 - INFO - ⌛ Aguardando detecção do campo de caracteristica 'EQUIPE PRÓPRIA OU EPS' ...
2025-11-14 17:37:14,816 - INFO - 🟨 campo de caracteristica 'EQUIPE PRÓPRIA OU EPS detectado
2025-11-14 17:37:36,553 - INFO - ⌛ Aguardando confirmação 4 - editar OS...
2025-11-14 17:37:56,815 - INFO - ⌛ Aguardando confirmação 4 - editar OS...
2025-11-14 17:39:36,721 - INFO - ⌛ Aguardando janela de confirmação de programação de OS...
2025-11-14 17:39:57,007 - INFO - 🟨 Janela de confirmação de programação de OS detectada
2025-11-14 17:40:04,322 - INFO - 🟨 Janela de aviso de edição de OS programadas detectada
2025-11-14 17:40:14,603 - INFO - ⌛ aguardando janela de programação de lote de OS...
2025-11-14 17:40:34,987 - INFO - 🟨 Janela de aviso de substituição de lote de OS detectada
2025-11-14 17:40:47,255 - INFO - ⌛ aguardando janela de programação de lote de OS...
2025-11-14 17:41:07,636 - INFO - 🟨 Janela de programação de lote de OS detectada
2025-11-14 17:42:05,128 - INFO - ⌛ aguardando janela de confirmação de programação de lote de OS...
2025-11-14 17:42:25,425 - INFO - 🟨 Janela de confirmação de programação de lote de OS detectada
2025-11-14 17:42:37,688 - INFO - ⌛ aguardando confirmação final de programação do lote
2025-11-14 17:42:58,015 - INFO - 🟨 programação do lote 11 efetuado com sucesso
2025-11-14 17:43:25,177 - INFO - 
=== Iniciando lote 12/16 [LV] ===
2025-11-14 17:43:31,533 - INFO - Janela de seleção aberta
2025-11-14 17:43:41,764 - INFO - DEBUG: idx=11, inicio=275, fim=300
2025-11-14 17:43:41,764 - INFO - ✅ 25 OS copiadas para a área de transferência.
2025-11-14 17:43:41,764 - INFO - 📋 Lote 12 copiado.
2025-11-14 17:43:56,091 - INFO - ⌛ Esperando mudança visual...
2025-11-14 17:43:57,111 - INFO - ⌛ Esperando mudança visual...
2025-11-14 17:43:58,131 - INFO - ⌛ Esperando mudança visual...
2025-11-14 17:43:59,141 - INFO - ⌛ Esperando mudança visual...
2025-11-14 17:44:00,155 - INFO - ⌛ Esperando mudança visual...
2025-11-14 17:44:01,174 - INFO - ⌛ Esperando mudança visual...
2025-11-14 17:44:02,192 - INFO - ⌛ Esperando mudança visual...
2025-11-14 17:44:03,204 - INFO - ⌛ Esperando mudança visual...
2025-11-14 17:44:04,226 - INFO - ⌛ Esperando mudança visual...
2025-11-14 17:44:05,232 - INFO - ⌛ Esperando mudança visual...
2025-11-14 17:44:06,249 - INFO - ⌛ Esperando mudança visual...
2025-11-14 17:44:07,272 - INFO - ⌛ Esperando mudança visual...
2025-11-14 17:44:08,286 - INFO - ✅ Tela carregada!
2025-11-14 17:44:18,745 - INFO - ⌛ Aguardando janela de confirmação de desbloqueio...
2025-11-14 17:44:39,018 - INFO - 🟨 Registros desbloqueados com sucesso
2025-11-14 17:44:56,595 - INFO - ⌛ Aguardando janela de edição de OS...
2025-11-14 17:45:16,910 - INFO - 🟨 OS programadas detectadas
2025-11-14 17:45:23,058 - INFO - ⌛ Aguardando janela de edição de OS...
2025-11-14 17:45:43,376 - INFO - 🟨 Janela de edição de OS detectada
2025-11-14 17:46:03,756 - INFO - 🟨 Janela de edição de habilidade da turma detectada
2025-11-14 17:46:52,075 - INFO - ⌛ Aguardando detecção do campo de caracteristica 'EQUIPE PRÓPRIA OU EPS' ...
2025-11-14 17:47:12,226 - INFO - ⌛ Aguardando detecção do campo de caracteristica 'EQUIPE PRÓPRIA OU EPS' ...
2025-11-14 17:47:32,363 - INFO - ⌛ Aguardando detecção do campo de caracteristica 'EQUIPE PRÓPRIA OU EPS' ...
2025-11-14 17:47:52,513 - INFO - 🟨 campo de caracteristica 'EQUIPE PRÓPRIA OU EPS detectado
2025-11-14 17:48:14,232 - INFO - ⌛ Aguardando confirmação 4 - editar OS...
2025-11-14 17:48:34,497 - INFO - ⌛ Aguardando confirmação 4 - editar OS...
2025-11-14 17:50:14,436 - INFO - ⌛ Aguardando janela de confirmação de programação de OS...
2025-11-14 17:50:34,697 - INFO - 🟨 Janela de confirmação de programação de OS detectada
2025-11-14 17:50:41,990 - INFO - 🟨 Janela de aviso de edição de OS programadas detectada
2025-11-14 17:50:52,266 - INFO - ⌛ aguardando janela de programação de lote de OS...
2025-11-14 17:51:12,670 - INFO - 🟨 Janela de aviso de substituição de lote de OS detectada
2025-11-14 17:51:24,941 - INFO - ⌛ aguardando janela de programação de lote de OS...
2025-11-14 17:51:45,334 - INFO - 🟨 Janela de programação de lote de OS detectada
2025-11-14 17:52:42,768 - INFO - ⌛ aguardando janela de confirmação de programação de lote de OS...
2025-11-14 17:53:03,024 - INFO - 🟨 Janela de confirmação de programação de lote de OS detectada
2025-11-14 17:53:15,282 - INFO - ⌛ aguardando confirmação final de programação do lote
2025-11-14 17:53:35,617 - INFO - 🟨 programação do lote 12 efetuado com sucesso
2025-11-14 17:54:02,786 - INFO - 
=== Iniciando lote 13/16 [LV] ===
2025-11-14 17:54:09,155 - INFO - Janela de seleção aberta
2025-11-14 17:54:19,367 - INFO - DEBUG: idx=12, inicio=300, fim=325
2025-11-14 17:54:19,367 - INFO - ✅ 25 OS copiadas para a área de transferência.
2025-11-14 17:54:19,367 - INFO - 📋 Lote 13 copiado.
2025-11-14 17:54:33,703 - INFO - ⌛ Esperando mudança visual...
2025-11-14 17:54:34,719 - INFO - ⌛ Esperando mudança visual...
2025-11-14 17:54:35,733 - INFO - ⌛ Esperando mudança visual...
2025-11-14 17:54:36,745 - INFO - ⌛ Esperando mudança visual...
2025-11-14 17:54:37,761 - INFO - ⌛ Esperando mudança visual...
2025-11-14 17:54:38,777 - INFO - ⌛ Esperando mudança visual...
2025-11-14 17:54:39,791 - INFO - ⌛ Esperando mudança visual...
2025-11-14 17:54:40,808 - INFO - ⌛ Esperando mudança visual...
2025-11-14 17:54:41,830 - INFO - ⌛ Esperando mudança visual...
2025-11-14 17:54:42,845 - INFO - ⌛ Esperando mudança visual...
2025-11-14 17:54:43,860 - INFO - ⌛ Esperando mudança visual...
2025-11-14 17:54:44,876 - INFO - ✅ Tela carregada!
2025-11-14 17:54:55,354 - INFO - ⌛ Aguardando janela de confirmação de desbloqueio...
2025-11-14 17:55:15,643 - INFO - 🟨 Registros desbloqueados com sucesso
2025-11-14 17:55:33,218 - INFO - ⌛ Aguardando janela de edição de OS...
2025-11-14 17:55:53,523 - INFO - 🟨 OS programadas detectadas
2025-11-14 17:55:59,681 - INFO - ⌛ Aguardando janela de edição de OS...
2025-11-14 17:56:20,008 - INFO - 🟨 Janela de edição de OS detectada
2025-11-14 17:56:40,359 - INFO - 🟨 Janela de edição de habilidade da turma detectada
2025-11-14 17:57:28,680 - INFO - ⌛ Aguardando detecção do campo de caracteristica 'EQUIPE PRÓPRIA OU EPS' ...
2025-11-14 17:57:48,835 - INFO - ⌛ Aguardando detecção do campo de caracteristica 'EQUIPE PRÓPRIA OU EPS' ...
2025-11-14 17:58:09,016 - INFO - ⌛ Aguardando detecção do campo de caracteristica 'EQUIPE PRÓPRIA OU EPS' ...
2025-11-14 17:58:29,179 - INFO - 🟨 campo de caracteristica 'EQUIPE PRÓPRIA OU EPS detectado
2025-11-14 17:58:50,914 - INFO - ⌛ Aguardando confirmação 4 - editar OS...
2025-11-14 17:59:11,231 - INFO - ⌛ Aguardando confirmação 4 - editar OS...
2025-11-14 18:00:51,189 - INFO - ⌛ Aguardando janela de confirmação de programação de OS...
2025-11-14 18:01:11,490 - INFO - 🟨 Janela de confirmação de programação de OS detectada
2025-11-14 18:01:18,813 - INFO - ⌛ aguardando janela de programação de lote de OS...
2025-11-14 18:01:39,228 - INFO - 🟨 Janela de aviso de edição de OS programadas detectada
2025-11-14 18:01:49,490 - INFO - ⌛ aguardando janela de programação de lote de OS...
2025-11-14 18:02:09,902 - INFO - 🟨 Janela de aviso de substituição de lote de OS detectada
2025-11-14 18:02:22,172 - INFO - ⌛ aguardando janela de programação de lote de OS...
2025-11-14 18:02:42,541 - INFO - 🟨 Janela de programação de lote de OS detectada
2025-11-14 18:03:39,963 - INFO - ⌛ aguardando janela de confirmação de programação de lote de OS...
2025-11-14 18:04:00,263 - INFO - 🟨 Janela de confirmação de programação de lote de OS detectada
2025-11-14 18:04:12,561 - INFO - ⌛ aguardando confirmação final de programação do lote
2025-11-14 18:04:32,925 - INFO - 🟨 programação do lote 13 efetuado com sucesso
2025-11-14 18:05:00,104 - INFO - 
=== Iniciando lote 14/16 [LV] ===
2025-11-14 18:05:06,463 - INFO - Janela de seleção aberta
2025-11-14 18:05:16,683 - INFO - DEBUG: idx=13, inicio=325, fim=350
2025-11-14 18:05:16,683 - INFO - ✅ 25 OS copiadas para a área de transferência.
2025-11-14 18:05:16,683 - INFO - 📋 Lote 14 copiado.
2025-11-14 18:05:31,020 - INFO - ⌛ Esperando mudança visual...
2025-11-14 18:05:32,039 - INFO - ⌛ Esperando mudança visual...
2025-11-14 18:05:33,049 - INFO - ⌛ Esperando mudança visual...
2025-11-14 18:05:34,068 - INFO - ⌛ Esperando mudança visual...
2025-11-14 18:05:35,080 - INFO - ⌛ Esperando mudança visual...
2025-11-14 18:05:36,097 - INFO - ⌛ Esperando mudança visual...
2025-11-14 18:05:37,112 - INFO - ⌛ Esperando mudança visual...
2025-11-14 18:05:38,133 - INFO - ⌛ Esperando mudança visual...
2025-11-14 18:05:39,147 - INFO - ⌛ Esperando mudança visual...
2025-11-14 18:05:40,156 - INFO - ⌛ Esperando mudança visual...
2025-11-14 18:05:41,176 - INFO - ⌛ Esperando mudança visual...
2025-11-14 18:05:42,187 - INFO - ✅ Tela carregada!
2025-11-14 18:05:52,662 - INFO - ⌛ Aguardando janela de confirmação de desbloqueio...
2025-11-14 18:06:12,925 - INFO - 🟨 Registros desbloqueados com sucesso
2025-11-14 18:06:30,490 - INFO - ⌛ Aguardando janela de edição de OS...
2025-11-14 18:06:50,852 - INFO - 🟨 OS programadas detectadas
2025-11-14 18:06:57,017 - INFO - ⌛ Aguardando janela de edição de OS...
2025-11-14 18:07:17,345 - INFO - 🟨 Janela de edição de OS detectada
2025-11-14 18:07:37,717 - INFO - 🟨 Janela de edição de habilidade da turma detectada
2025-11-14 18:08:26,018 - INFO - ⌛ Aguardando detecção do campo de caracteristica 'EQUIPE PRÓPRIA OU EPS' ...
2025-11-14 18:08:46,193 - INFO - ⌛ Aguardando detecção do campo de caracteristica 'EQUIPE PRÓPRIA OU EPS' ...
2025-11-14 18:09:06,353 - INFO - ⌛ Aguardando detecção do campo de caracteristica 'EQUIPE PRÓPRIA OU EPS' ...
2025-11-14 18:09:26,512 - INFO - 🟨 campo de caracteristica 'EQUIPE PRÓPRIA OU EPS detectado
2025-11-14 18:09:48,240 - INFO - ⌛ Aguardando confirmação 4 - editar OS...
2025-11-14 18:10:08,504 - INFO - ⌛ Aguardando confirmação 4 - editar OS...
2025-11-14 18:11:48,414 - INFO - ⌛ Aguardando janela de confirmação de programação de OS...
2025-11-14 18:12:08,691 - INFO - 🟨 Janela de confirmação de programação de OS detectada
2025-11-14 18:12:16,000 - INFO - ⌛ aguardando janela de programação de lote de OS...
2025-11-14 18:12:36,394 - INFO - 🟨 Janela de aviso de edição de OS programadas detectada
2025-11-14 18:12:46,658 - INFO - ⌛ aguardando janela de programação de lote de OS...
2025-11-14 18:13:07,066 - INFO - 🟨 Janela de aviso de substituição de lote de OS detectada
2025-11-14 18:13:19,327 - INFO - ⌛ aguardando janela de programação de lote de OS...
2025-11-14 18:13:39,726 - INFO - 🟨 Janela de programação de lote de OS detectada
2025-11-14 18:14:37,177 - INFO - ⌛ aguardando janela de confirmação de programação de lote de OS...
2025-11-14 18:14:57,474 - INFO - 🟨 Janela de confirmação de programação de lote de OS detectada
2025-11-14 18:15:09,759 - INFO - ⌛ aguardando confirmação final de programação do lote
2025-11-14 18:15:30,125 - INFO - 🟨 programação do lote 14 efetuado com sucesso
2025-11-14 18:15:57,290 - INFO - 
=== Iniciando lote 15/16 [LV] ===
2025-11-14 18:16:03,626 - INFO - Janela de seleção aberta
2025-11-14 18:16:13,863 - INFO - DEBUG: idx=14, inicio=350, fim=375
2025-11-14 18:16:13,863 - INFO - ✅ 25 OS copiadas para a área de transferência.
2025-11-14 18:16:13,863 - INFO - 📋 Lote 15 copiado.
2025-11-14 18:16:28,195 - INFO - ⌛ Esperando mudança visual...
2025-11-14 18:16:29,202 - INFO - ⌛ Esperando mudança visual...
2025-11-14 18:16:30,222 - INFO - ⌛ Esperando mudança visual...
2025-11-14 18:16:31,235 - INFO - ⌛ Esperando mudança visual...
2025-11-14 18:16:32,249 - INFO - ⌛ Esperando mudança visual...
2025-11-14 18:16:33,268 - INFO - ⌛ Esperando mudança visual...
2025-11-14 18:16:34,276 - INFO - ⌛ Esperando mudança visual...
2025-11-14 18:16:35,296 - INFO - ⌛ Esperando mudança visual...
2025-11-14 18:16:36,317 - INFO - ⌛ Esperando mudança visual...
2025-11-14 18:16:37,324 - INFO - ⌛ Esperando mudança visual...
2025-11-14 18:16:38,341 - INFO - ✅ Tela carregada!
2025-11-14 18:16:48,828 - INFO - ⌛ Aguardando janela de confirmação de desbloqueio...
2025-11-14 18:17:09,128 - INFO - 🟨 Registros desbloqueados com sucesso
2025-11-14 18:17:26,693 - INFO - ⌛ Aguardando janela de edição de OS...
2025-11-14 18:17:47,053 - INFO - 🟨 OS programadas detectadas
2025-11-14 18:17:53,200 - INFO - ⌛ Aguardando janela de edição de OS...
2025-11-14 18:18:13,525 - INFO - 🟨 Janela de edição de OS detectada
2025-11-14 18:18:33,886 - INFO - 🟨 Janela de edição de habilidade da turma detectada
2025-11-14 18:19:22,194 - INFO - ⌛ Aguardando detecção do campo de caracteristica 'EQUIPE PRÓPRIA OU EPS' ...
2025-11-14 18:19:42,342 - INFO - ⌛ Aguardando detecção do campo de caracteristica 'EQUIPE PRÓPRIA OU EPS' ...
2025-11-14 18:20:02,492 - INFO - ⌛ Aguardando detecção do campo de caracteristica 'EQUIPE PRÓPRIA OU EPS' ...
2025-11-14 18:20:22,642 - INFO - 🟨 campo de caracteristica 'EQUIPE PRÓPRIA OU EPS detectado
2025-11-14 18:20:44,380 - INFO - ⌛ Aguardando confirmação 4 - editar OS...
2025-11-14 18:21:04,649 - INFO - ⌛ Aguardando confirmação 4 - editar OS...
2025-11-14 18:22:44,564 - INFO - ⌛ Aguardando janela de confirmação de programação de OS...
2025-11-14 18:23:04,830 - INFO - 🟨 Janela de confirmação de programação de OS detectada
2025-11-14 18:23:12,134 - INFO - 🟨 Janela de aviso de edição de OS programadas detectada
2025-11-14 18:23:22,409 - INFO - ⌛ aguardando janela de programação de lote de OS...
2025-11-14 18:23:42,804 - INFO - 🟨 Janela de aviso de substituição de lote de OS detectada
2025-11-14 18:23:55,070 - INFO - ⌛ aguardando janela de programação de lote de OS...
2025-11-14 18:24:15,485 - INFO - ⌛ aguardando janela de programação de lote de OS...
2025-11-14 18:24:35,878 - INFO - ⌛ aguardando janela de programação de lote de OS...
2025-11-14 18:24:56,276 - INFO - ⌛ aguardando janela de programação de lote de OS...
2025-11-14 18:25:16,647 - INFO - ⌛ aguardando janela de programação de lote de OS...
2025-11-14 18:25:37,050 - INFO - ⌛ aguardando janela de programação de lote de OS...
2025-11-14 18:25:57,468 - INFO - ⌛ aguardando janela de programação de lote de OS...
2025-11-14 18:26:17,865 - INFO - ⌛ aguardando janela de programação de lote de OS...
2025-11-14 18:26:38,259 - INFO - ⌛ aguardando janela de programação de lote de OS...
2025-11-14 18:26:58,657 - INFO - ⌛ aguardando janela de programação de lote de OS...
2025-11-14 18:27:19,046 - INFO - ⌛ aguardando janela de programação de lote de OS...
2025-11-14 18:27:39,424 - INFO - ⌛ aguardando janela de programação de lote de OS...
2025-11-14 18:27:59,854 - INFO - ⌛ aguardando janela de programação de lote de OS...
2025-11-14 18:28:20,268 - INFO - ⌛ aguardando janela de programação de lote de OS...
2025-11-14 18:28:40,656 - INFO - ⌛ aguardando janela de programação de lote de OS...
2025-11-14 18:29:01,060 - INFO - ⌛ aguardando janela de programação de lote de OS...
2025-11-14 18:29:21,440 - INFO - ⌛ aguardando janela de programação de lote de OS...
2025-11-14 18:29:41,844 - INFO - ⌛ aguardando janela de programação de lote de OS...
2025-11-14 18:30:02,260 - INFO - ⌛ aguardando janela de programação de lote de OS...
2025-11-14 18:30:22,662 - INFO - ⌛ aguardando janela de programação de lote de OS...
2025-11-14 18:30:43,100 - INFO - ⌛ aguardando janela de programação de lote de OS...
2025-11-14 18:31:03,517 - INFO - ⌛ aguardando janela de programação de lote de OS...
2025-11-14 18:31:23,914 - INFO - ⌛ aguardando janela de programação de lote de OS...
2025-11-14 18:31:44,341 - INFO - ⌛ aguardando janela de programação de lote de OS...
2025-11-14 18:32:04,761 - INFO - ⌛ aguardando janela de programação de lote de OS...
2025-11-14 18:32:25,144 - INFO - ⌛ aguardando janela de programação de lote de OS...
2025-11-14 18:32:45,545 - INFO - ⌛ aguardando janela de programação de lote de OS...
2025-11-14 18:33:05,967 - INFO - ⌛ aguardando janela de programação de lote de OS...
2025-11-14 18:33:26,362 - INFO - ⏱️ Tempo limite atingido. Abortando seleção
2025-11-14 18:33:26,431 - INFO - 🟨 Identificado falha no EQM, abortando programa
