2026-01-19 12:01:43,796 - INFO - Data hoje: 19/01/2026
2026-01-19 12:01:43,796 - INFO - Data de referência: 31/01/2026
2026-01-19 12:02:20,947 - INFO - 
Qtde OS de LINHA VIVA: 67
2026-01-19 12:02:20,947 - INFO - Qtde OS poda de LINHA MORTA: 48
2026-01-19 12:02:20,947 - INFO - 
Qtde OS estrutural de LINHA MORTA : 0
2026-01-19 12:02:20,947 - INFO - Qtde OS poda de LINHA MORTA fora carteira: 0
2026-01-19 12:02:20,947 - INFO - 
 Qtd de lotes de LM: 2
2026-01-19 12:02:20,947 - INFO - 
 Qtd de lotes de LV: 3
2026-01-19 12:02:20,947 - INFO - 
 Qtd de lotes de ESTRUTURAL LM: 0
2026-01-19 12:02:20,947 - INFO - 
 Qtd de lotes de LEVE: 0
2026-01-19 12:02:20,947 - INFO - 
=== Iniciando lote 1/2 [LM] ===
2026-01-19 12:02:27,421 - INFO - Janela de seleção aberta
2026-01-19 12:02:31,641 - INFO - DEBUG: idx=0, inicio=0, fim=25
2026-01-19 12:02:31,641 - INFO - ✅ 25 OS copiadas para a área de transferência.
2026-01-19 12:02:31,641 - INFO - 📋 Lote 1 copiado.
2026-01-19 12:02:39,979 - INFO - ⌛ Esperando mudança visual...
2026-01-19 12:02:40,994 - INFO - ✅ Tela carregada!
2026-01-19 12:02:51,478 - INFO - ⌛ Aguardando janela de confirmação de desbloqueio...
2026-01-19 12:03:11,832 - INFO - 🟨 Registros desbloqueados com sucesso
2026-01-19 12:03:25,445 - INFO - ⌛ Aguardando janela de edição de OS...
2026-01-19 12:03:55,855 - INFO - 🟨 OS programadas detectadas
2026-01-19 12:03:59,017 - INFO - ⌛ Aguardando janela de edição de OS...
2026-01-19 12:04:29,399 - INFO - 🟨 Janela de edição de OS detectada
2026-01-19 12:04:50,764 - INFO - 🟨 Janela de edição de habilidade da turma detectada
2026-01-19 12:05:39,082 - INFO - ⌛ Aguardando detecção do campo de caracteristica 'EQUIPE PRÓPRIA OU EPS' ...
2026-01-19 12:06:11,335 - INFO - ⌛ Aguardando detecção do campo de caracteristica 'EQUIPE PRÓPRIA OU EPS' ...
2026-01-19 12:06:43,584 - INFO - 🟨 campo de caracteristica 'EQUIPE PRÓPRIA OU EPS detectado
2026-01-19 12:07:05,323 - INFO - ⌛ Aguardando confirmação 4 - editar OS...
2026-01-19 12:07:35,663 - INFO - ⌛ Aguardando confirmação 4 - editar OS...
2026-01-19 12:08:46,655 - INFO - ⌛ Aguardando janela de confirmação de programação de OS...
2026-01-19 12:09:07,007 - INFO - 🟨 Janela de confirmação de programação de OS detectada
2026-01-19 12:09:10,326 - INFO - ⌛ aguardando janela de programação de lote de OS...
2026-01-19 12:09:30,798 - INFO - 🟨 Janela de aviso de edição de OS programadas detectada
2026-01-19 12:09:35,069 - INFO - ⌛ aguardando janela de programação de lote de OS...
2026-01-19 12:09:55,521 - INFO - 🟨 Janela de aviso de substituição de lote de OS detectada
2026-01-19 12:10:01,791 - INFO - ⌛ aguardando janela de programação de lote de OS...
2026-01-19 12:10:22,206 - INFO - 🟨 Janela de programação de lote de OS detectada
2026-01-19 12:10:49,638 - INFO - ⌛ aguardando janela de confirmação de programação de lote de OS...
2026-01-19 12:11:09,996 - INFO - 🟨 Janela de confirmação de programação de lote de OS detectada
2026-01-19 12:11:14,267 - INFO - ⌛ aguardando confirmação final de programação do lote
2026-01-19 12:11:34,662 - INFO - 🟨 programação do lote 1 efetuado com sucesso
2026-01-19 12:11:44,839 - INFO - 
=== Iniciando lote 2/2 [LM] ===
2026-01-19 12:11:51,190 - INFO - Janela de seleção aberta
2026-01-19 12:11:55,429 - INFO - DEBUG: idx=1, inicio=25, fim=50
2026-01-19 12:11:55,429 - INFO - ✅ 23 OS copiadas para a área de transferência.
2026-01-19 12:11:55,429 - INFO - 📋 Lote 2 copiado.
2026-01-19 12:12:03,767 - INFO - ⌛ Esperando mudança visual...
2026-01-19 12:12:04,793 - INFO - ⌛ Esperando mudança visual...
2026-01-19 12:12:05,807 - INFO - ⌛ Esperando mudança visual...
2026-01-19 12:12:06,825 - INFO - ⌛ Esperando mudança visual...
2026-01-19 12:12:07,838 - INFO - ⌛ Esperando mudança visual...
2026-01-19 12:12:08,854 - INFO - ⌛ Esperando mudança visual...
2026-01-19 12:12:09,869 - INFO - ⌛ Esperando mudança visual...
2026-01-19 12:12:10,885 - INFO - ⌛ Esperando mudança visual...
2026-01-19 12:12:11,901 - INFO - ⌛ Esperando mudança visual...
2026-01-19 12:12:12,919 - INFO - ⌛ Esperando mudança visual...
2026-01-19 12:12:13,933 - INFO - ⌛ Esperando mudança visual...
2026-01-19 12:12:14,948 - INFO - ✅ Tela carregada!
2026-01-19 12:12:25,418 - INFO - ⌛ Aguardando janela de confirmação de desbloqueio...
2026-01-19 12:12:45,812 - INFO - 🟨 Registros desbloqueados com sucesso
2026-01-19 12:12:59,388 - INFO - ⌛ Aguardando janela de edição de OS...
2026-01-19 12:13:29,774 - INFO - 🟨 OS programadas detectadas
2026-01-19 12:13:32,952 - INFO - ⌛ Aguardando janela de edição de OS...
2026-01-19 12:14:03,402 - INFO - 🟨 Janela de edição de OS detectada
2026-01-19 12:14:24,774 - INFO - 🟨 Janela de edição de habilidade da turma detectada
2026-01-19 12:15:13,065 - INFO - ⌛ Aguardando detecção do campo de caracteristica 'EQUIPE PRÓPRIA OU EPS' ...
2026-01-19 12:15:45,334 - INFO - ⌛ Aguardando detecção do campo de caracteristica 'EQUIPE PRÓPRIA OU EPS' ...
2026-01-19 12:16:17,585 - INFO - 🟨 campo de caracteristica 'EQUIPE PRÓPRIA OU EPS detectado
2026-01-19 12:16:39,335 - INFO - ⌛ Aguardando confirmação 4 - editar OS...
2026-01-19 12:17:09,686 - INFO - ⌛ Aguardando confirmação 4 - editar OS...
2026-01-19 12:18:20,706 - INFO - ⌛ Aguardando janela de confirmação de programação de OS...
2026-01-19 12:18:41,067 - INFO - 🟨 Janela de confirmação de programação de OS detectada
2026-01-19 12:18:44,403 - INFO - ⌛ aguardando janela de programação de lote de OS...
2026-01-19 12:19:04,878 - INFO - 🟨 Janela de aviso de edição de OS programadas detectada
2026-01-19 12:19:09,160 - INFO - ⌛ aguardando janela de programação de lote de OS...
2026-01-19 12:19:29,666 - INFO - 🟨 Janela de aviso de substituição de lote de OS detectada
2026-01-19 12:19:35,933 - INFO - ⌛ aguardando janela de programação de lote de OS...
2026-01-19 12:19:56,419 - INFO - 🟨 Janela de programação de lote de OS detectada
2026-01-19 12:20:23,866 - INFO - ⌛ aguardando janela de confirmação de programação de lote de OS...
2026-01-19 12:20:44,252 - INFO - 🟨 Janela de confirmação de programação de lote de OS detectada
2026-01-19 12:20:48,556 - INFO - ⌛ aguardando confirmação final de programação do lote
2026-01-19 12:21:09,006 - INFO - 🟨 programação do lote 2 efetuado com sucesso
2026-01-19 12:21:19,174 - INFO - 
=== Iniciando lote 1/3 [LV] ===
2026-01-19 12:21:25,547 - INFO - Janela de seleção aberta
2026-01-19 12:21:29,775 - INFO - DEBUG: idx=0, inicio=0, fim=25
2026-01-19 12:21:29,775 - INFO - ✅ 25 OS copiadas para a área de transferência.
2026-01-19 12:21:29,775 - INFO - 📋 Lote 1 copiado.
2026-01-19 12:21:38,110 - INFO - ⌛ Esperando mudança visual...
2026-01-19 12:21:39,128 - INFO - ⌛ Esperando mudança visual...
2026-01-19 12:21:40,145 - INFO - ⌛ Esperando mudança visual...
2026-01-19 12:21:41,159 - INFO - ⌛ Esperando mudança visual...
2026-01-19 12:21:42,175 - INFO - ⌛ Esperando mudança visual...
2026-01-19 12:21:43,191 - INFO - ⌛ Esperando mudança visual...
2026-01-19 12:21:44,211 - INFO - ⌛ Esperando mudança visual...
2026-01-19 12:21:45,222 - INFO - ⌛ Esperando mudança visual...
2026-01-19 12:21:46,239 - INFO - ⌛ Esperando mudança visual...
2026-01-19 12:21:47,253 - INFO - ⌛ Esperando mudança visual...
2026-01-19 12:21:48,269 - INFO - ✅ Tela carregada!
2026-01-19 12:21:58,762 - INFO - ⌛ Aguardando janela de confirmação de desbloqueio...
2026-01-19 12:22:19,140 - INFO - 🟨 Registros desbloqueados com sucesso
2026-01-19 12:22:32,730 - INFO - ⌛ Aguardando janela de edição de OS...
2026-01-19 12:23:03,113 - INFO - 🟨 OS programadas detectadas
2026-01-19 12:23:06,298 - INFO - ⌛ Aguardando janela de edição de OS...
2026-01-19 12:23:36,743 - INFO - 🟨 Janela de edição de OS detectada
2026-01-19 12:23:58,095 - INFO - 🟨 Janela de edição de habilidade da turma detectada
2026-01-19 12:24:46,415 - INFO - ⌛ Aguardando detecção do campo de caracteristica 'EQUIPE PRÓPRIA OU EPS' ...
2026-01-19 12:25:18,678 - INFO - ⌛ Aguardando detecção do campo de caracteristica 'EQUIPE PRÓPRIA OU EPS' ...
2026-01-19 12:25:50,942 - INFO - 🟨 campo de caracteristica 'EQUIPE PRÓPRIA OU EPS detectado
2026-01-19 12:26:12,689 - INFO - ⌛ Aguardando confirmação 4 - editar OS...
2026-01-19 12:27:23,690 - INFO - ⌛ Aguardando janela de confirmação de programação de OS...
2026-01-19 12:27:44,056 - INFO - 🟨 Janela de confirmação de programação de OS detectada
2026-01-19 12:27:47,388 - INFO - ⌛ aguardando janela de programação de lote de OS...
2026-01-19 12:28:07,875 - INFO - 🟨 Janela de aviso de edição de OS programadas detectada
2026-01-19 12:28:12,144 - INFO - ⌛ aguardando janela de programação de lote de OS...
2026-01-19 12:28:32,637 - INFO - 🟨 Janela de aviso de substituição de lote de OS detectada
2026-01-19 12:28:38,899 - INFO - ⌛ aguardando janela de programação de lote de OS...
2026-01-19 12:28:59,374 - INFO - 🟨 Janela de programação de lote de OS detectada
2026-01-19 12:29:26,830 - INFO - ⌛ aguardando janela de confirmação de programação de lote de OS...
2026-01-19 12:29:47,205 - INFO - 🟨 Janela de confirmação de programação de lote de OS detectada
2026-01-19 12:29:51,502 - INFO - ⌛ aguardando confirmação final de programação do lote
2026-01-19 12:30:12,008 - INFO - 🟨 programação do lote 1 efetuado com sucesso
2026-01-19 12:30:22,173 - INFO - 
=== Iniciando lote 2/3 [LV] ===
2026-01-19 12:30:28,557 - INFO - Janela de seleção aberta
2026-01-19 12:30:32,814 - INFO - DEBUG: idx=1, inicio=25, fim=50
2026-01-19 12:30:32,814 - INFO - ✅ 25 OS copiadas para a área de transferência.
2026-01-19 12:30:32,814 - INFO - 📋 Lote 2 copiado.
2026-01-19 12:30:41,141 - INFO - ⌛ Esperando mudança visual...
2026-01-19 12:30:42,164 - INFO - ⌛ Esperando mudança visual...
2026-01-19 12:30:43,178 - INFO - ⌛ Esperando mudança visual...
2026-01-19 12:30:44,194 - INFO - ⌛ Esperando mudança visual...
2026-01-19 12:30:45,210 - INFO - ⌛ Esperando mudança visual...
2026-01-19 12:30:46,225 - INFO - ⌛ Esperando mudança visual...
2026-01-19 12:30:47,240 - INFO - ⌛ Esperando mudança visual...
2026-01-19 12:30:48,259 - INFO - ⌛ Esperando mudança visual...
2026-01-19 12:30:49,272 - INFO - ⌛ Esperando mudança visual...
2026-01-19 12:30:50,289 - INFO - ⌛ Esperando mudança visual...
2026-01-19 12:30:51,303 - INFO - ✅ Tela carregada!
2026-01-19 12:31:01,795 - INFO - ⌛ Aguardando janela de confirmação de desbloqueio...
2026-01-19 12:31:22,177 - INFO - 🟨 Registros desbloqueados com sucesso
2026-01-19 12:31:35,782 - INFO - ⌛ Aguardando janela de edição de OS...
2026-01-19 12:32:06,242 - INFO - 🟨 OS programadas detectadas
2026-01-19 12:32:09,408 - INFO - ⌛ Aguardando janela de edição de OS...
2026-01-19 12:32:39,830 - INFO - 🟨 Janela de edição de OS detectada
2026-01-19 12:33:01,211 - INFO - 🟨 Janela de edição de habilidade da turma detectada
2026-01-19 12:33:49,552 - INFO - ⌛ Aguardando detecção do campo de caracteristica 'EQUIPE PRÓPRIA OU EPS' ...
2026-01-19 12:34:21,805 - INFO - ⌛ Aguardando detecção do campo de caracteristica 'EQUIPE PRÓPRIA OU EPS' ...
2026-01-19 12:34:54,052 - INFO - 🟨 campo de caracteristica 'EQUIPE PRÓPRIA OU EPS detectado
2026-01-19 12:35:15,800 - INFO - ⌛ Aguardando confirmação 4 - editar OS...
2026-01-19 12:35:46,150 - INFO - ⌛ Aguardando confirmação 4 - editar OS...
2026-01-19 12:36:57,179 - INFO - ⌛ Aguardando janela de confirmação de programação de OS...
2026-01-19 12:37:17,574 - INFO - 🟨 Janela de confirmação de programação de OS detectada
2026-01-19 12:37:20,893 - INFO - ⌛ aguardando janela de programação de lote de OS...
2026-01-19 12:37:41,383 - INFO - 🟨 Janela de aviso de edição de OS programadas detectada
2026-01-19 12:37:45,655 - INFO - ⌛ aguardando janela de programação de lote de OS...
2026-01-19 12:38:06,118 - INFO - 🟨 Janela de aviso de substituição de lote de OS detectada
2026-01-19 12:38:12,387 - INFO - ⌛ aguardando janela de programação de lote de OS...
2026-01-19 12:38:32,887 - INFO - 🟨 Janela de programação de lote de OS detectada
2026-01-19 12:39:00,351 - INFO - ⌛ aguardando janela de confirmação de programação de lote de OS...
2026-01-19 12:39:20,750 - INFO - 🟨 Janela de confirmação de programação de lote de OS detectada
2026-01-19 12:39:25,043 - INFO - ⌛ aguardando confirmação final de programação do lote
2026-01-19 12:39:45,531 - INFO - 🟨 programação do lote 2 efetuado com sucesso
2026-01-19 12:39:55,708 - INFO - 
=== Iniciando lote 3/3 [LV] ===
2026-01-19 12:40:02,071 - INFO - Janela de seleção aberta
2026-01-19 12:40:06,293 - INFO - DEBUG: idx=2, inicio=50, fim=75
2026-01-19 12:40:06,293 - INFO - ✅ 17 OS copiadas para a área de transferência.
2026-01-19 12:40:06,293 - INFO - 📋 Lote 3 copiado.
2026-01-19 12:40:14,635 - INFO - ⌛ Esperando mudança visual...
2026-01-19 12:40:15,648 - INFO - ⌛ Esperando mudança visual...
2026-01-19 12:40:16,664 - INFO - ⌛ Esperando mudança visual...
2026-01-19 12:40:17,682 - INFO - ⌛ Esperando mudança visual...
2026-01-19 12:40:18,695 - INFO - ⌛ Esperando mudança visual...
2026-01-19 12:40:19,711 - INFO - ⌛ Esperando mudança visual...
2026-01-19 12:40:20,726 - INFO - ⌛ Esperando mudança visual...
2026-01-19 12:40:21,743 - INFO - ⌛ Esperando mudança visual...
2026-01-19 12:40:22,758 - INFO - ⌛ Esperando mudança visual...
2026-01-19 12:40:23,776 - INFO - ✅ Tela carregada!
2026-01-19 12:40:34,249 - INFO - ⌛ Aguardando janela de confirmação de desbloqueio...
2026-01-19 12:40:54,632 - INFO - 🟨 Registros desbloqueados com sucesso
2026-01-19 12:41:08,225 - INFO - ⌛ Aguardando janela de edição de OS...
2026-01-19 12:41:38,658 - INFO - 🟨 OS programadas detectadas
2026-01-19 12:41:41,810 - INFO - ⌛ Aguardando janela de edição de OS...
2026-01-19 12:42:12,215 - INFO - 🟨 Janela de edição de OS detectada
2026-01-19 12:42:33,571 - INFO - 🟨 Janela de edição de habilidade da turma detectada
2026-01-19 12:43:21,868 - INFO - ⌛ Aguardando detecção do campo de caracteristica 'EQUIPE PRÓPRIA OU EPS' ...
2026-01-19 12:43:54,139 - INFO - ⌛ Aguardando detecção do campo de caracteristica 'EQUIPE PRÓPRIA OU EPS' ...
2026-01-19 12:44:26,409 - INFO - 🟨 campo de caracteristica 'EQUIPE PRÓPRIA OU EPS detectado
2026-01-19 12:44:48,156 - INFO - ⌛ Aguardando confirmação 4 - editar OS...
2026-01-19 12:45:59,162 - INFO - ⌛ Aguardando janela de confirmação de programação de OS...
2026-01-19 12:46:19,516 - INFO - 🟨 Janela de confirmação de programação de OS detectada
2026-01-19 12:46:22,857 - INFO - ⌛ aguardando janela de programação de lote de OS...
2026-01-19 12:46:43,371 - INFO - 🟨 Janela de aviso de edição de OS programadas detectada
2026-01-19 12:46:47,645 - INFO - ⌛ aguardando janela de programação de lote de OS...
2026-01-19 12:47:08,132 - INFO - 🟨 Janela de aviso de substituição de lote de OS detectada
2026-01-19 12:47:14,404 - INFO - ⌛ aguardando janela de programação de lote de OS...
2026-01-19 12:47:34,919 - INFO - ⌛ aguardando janela de programação de lote de OS...
2026-01-19 12:48:03,822 - INFO - Data hoje: 19/01/2026
2026-01-19 12:48:03,822 - INFO - Data de referência: 31/01/2026
2026-01-19 12:48:09,219 - INFO - Data hoje: 19/01/2026
2026-01-19 12:48:09,220 - INFO - Data de referência: 31/01/2026
2026-01-19 12:48:33,720 - INFO - 
Qtde OS de LINHA VIVA: 24
2026-01-19 12:48:33,720 - INFO - Qtde OS poda de LINHA MORTA: 41
2026-01-19 12:48:33,720 - INFO - 
Qtde OS estrutural de LINHA MORTA : 0
2026-01-19 12:48:33,720 - INFO - Qtde OS poda de LINHA MORTA fora carteira: 0
2026-01-19 12:48:33,720 - INFO - 
 Qtd de lotes de LM: 2
2026-01-19 12:48:33,720 - INFO - 
 Qtd de lotes de LV: 1
2026-01-19 12:48:33,720 - INFO - 
 Qtd de lotes de ESTRUTURAL LM: 0
2026-01-19 12:48:33,720 - INFO - 
 Qtd de lotes de LEVE: 0
2026-01-19 12:48:33,722 - INFO - 
=== Iniciando lote 1/2 [LM] ===
2026-01-19 12:48:40,120 - INFO - ⌛ Aguardando janela de seleção...
2026-01-19 12:49:00,471 - INFO - ⌛ Aguardando janela de seleção...
2026-01-19 12:50:30,372 - INFO - Data hoje: 19/01/2026
2026-01-19 12:50:30,372 - INFO - Data de referência: 31/01/2026
2026-01-19 12:50:54,522 - INFO - 
Qtde OS de LINHA VIVA: 24
2026-01-19 12:50:54,522 - INFO - Qtde OS poda de LINHA MORTA: 41
2026-01-19 12:50:54,522 - INFO - 
Qtde OS estrutural de LINHA MORTA : 0
2026-01-19 12:50:54,522 - INFO - Qtde OS poda de LINHA MORTA fora carteira: 0
2026-01-19 12:50:54,522 - INFO - 
 Qtd de lotes de LM: 2
2026-01-19 12:50:54,522 - INFO - 
 Qtd de lotes de LV: 1
2026-01-19 12:50:54,522 - INFO - 
 Qtd de lotes de ESTRUTURAL LM: 0
2026-01-19 12:50:54,522 - INFO - 
 Qtd de lotes de LEVE: 0
2026-01-19 12:50:54,522 - INFO - 
=== Iniciando lote 1/2 [LM] ===
2026-01-19 12:51:00,942 - INFO - Janela de seleção aberta
2026-01-19 12:51:05,180 - INFO - DEBUG: idx=0, inicio=0, fim=25
2026-01-19 12:51:05,180 - INFO - ✅ 25 OS copiadas para a área de transferência.
2026-01-19 12:51:05,180 - INFO - 📋 Lote 1 copiado.
2026-01-19 12:51:13,502 - INFO - ⌛ Esperando mudança visual...
2026-01-19 12:51:14,519 - INFO - ⌛ Esperando mudança visual...
2026-01-19 12:51:15,534 - INFO - ⌛ Esperando mudança visual...
2026-01-19 12:51:16,550 - INFO - ⌛ Esperando mudança visual...
2026-01-19 12:51:17,565 - INFO - ⌛ Esperando mudança visual...
2026-01-19 12:51:18,581 - INFO - ⌛ Esperando mudança visual...
2026-01-19 12:51:19,596 - INFO - ⌛ Esperando mudança visual...
2026-01-19 12:51:20,612 - INFO - ⌛ Esperando mudança visual...
2026-01-19 12:51:21,628 - INFO - ⌛ Esperando mudança visual...
2026-01-19 12:51:22,644 - INFO - ⌛ Esperando mudança visual...
2026-01-19 12:51:23,659 - INFO - ✅ Tela carregada!
2026-01-19 12:51:34,143 - INFO - ⌛ Aguardando janela de confirmação de desbloqueio...
2026-01-19 12:51:54,509 - INFO - 🟨 Registros desbloqueados com sucesso
2026-01-19 12:52:08,091 - INFO - ⌛ Aguardando janela de edição de OS...
2026-01-19 12:52:38,493 - INFO - 🟨 OS programadas detectadas
2026-01-19 12:52:41,646 - INFO - ⌛ Aguardando janela de edição de OS...
2026-01-19 12:53:12,076 - INFO - ⌛ Aguardando janela de edição de OS...
2026-01-19 12:53:42,452 - INFO - ⌛ Aguardando janela de edição de OS...
2026-01-19 12:54:12,837 - INFO - ⌛ Aguardando janela de edição de OS...
2026-01-19 12:54:43,250 - INFO - ⌛ Aguardando janela de edição de OS...
2026-01-19 12:55:13,704 - INFO - ⌛ Aguardando janela de edição de OS...
2026-01-19 12:55:44,128 - INFO - ⌛ Aguardando janela de edição de OS...
2026-01-19 12:56:14,504 - INFO - ⌛ Aguardando janela de edição de OS...
2026-01-19 12:56:44,913 - INFO - ⌛ Aguardando janela de edição de OS...
2026-01-19 12:57:15,293 - INFO - ⌛ Aguardando janela de edição de OS...
2026-01-19 12:57:45,691 - INFO - ⌛ Aguardando janela de edição de OS...
2026-01-19 12:58:16,077 - INFO - ⌛ Aguardando janela de edição de OS...
2026-01-19 12:58:46,483 - INFO - ⌛ Aguardando janela de edição de OS...
2026-01-19 12:59:16,898 - INFO - ⌛ Aguardando janela de edição de OS...
2026-01-19 12:59:47,390 - INFO - ⌛ Aguardando janela de edição de OS...
2026-01-19 13:00:17,821 - INFO - ⌛ Aguardando janela de edição de OS...
2026-01-19 13:00:48,215 - INFO - ⌛ Aguardando janela de edição de OS...
2026-01-19 13:01:18,634 - INFO - ⌛ Aguardando janela de edição de OS...
2026-01-19 13:01:49,038 - INFO - ⌛ Aguardando janela de edição de OS...
2026-01-19 13:02:19,437 - INFO - Janela restaurada
2026-01-19 13:02:29,896 - INFO - ⏱️ Tempo limite atingido. Abortando seleção
2026-01-19 13:10:02,733 - INFO - Data hoje: 19/01/2026
2026-01-19 13:10:02,733 - INFO - Data de referência: 31/01/2026
2026-01-19 13:10:30,100 - INFO - 
Qtde OS de LINHA VIVA: 24
2026-01-19 13:10:30,100 - INFO - Qtde OS poda de LINHA MORTA: 41
2026-01-19 13:10:30,100 - INFO - 
Qtde OS estrutural de LINHA MORTA : 0
2026-01-19 13:10:30,100 - INFO - Qtde OS poda de LINHA MORTA fora carteira: 0
2026-01-19 13:10:30,100 - INFO - 
 Qtd de lotes de LM: 2
2026-01-19 13:10:30,100 - INFO - 
 Qtd de lotes de LV: 1
2026-01-19 13:10:30,100 - INFO - 
 Qtd de lotes de ESTRUTURAL LM: 0
2026-01-19 13:10:30,100 - INFO - 
 Qtd de lotes de LEVE: 0
2026-01-19 13:10:30,100 - INFO - 
=== Iniciando lote 1/2 [LM] ===
2026-01-19 13:10:36,530 - INFO - Janela de seleção aberta
2026-01-19 13:10:40,774 - INFO - DEBUG: idx=0, inicio=0, fim=25
2026-01-19 13:10:40,774 - INFO - ✅ 25 OS copiadas para a área de transferência.
2026-01-19 13:10:40,774 - INFO - 📋 Lote 1 copiado.
2026-01-19 13:10:49,098 - INFO - ⌛ Esperando mudança visual...
2026-01-19 13:10:50,116 - INFO - ⌛ Esperando mudança visual...
2026-01-19 13:10:51,131 - INFO - ⌛ Esperando mudança visual...
2026-01-19 13:10:52,149 - INFO - ⌛ Esperando mudança visual...
2026-01-19 13:10:53,162 - INFO - ⌛ Esperando mudança visual...
2026-01-19 13:10:54,178 - INFO - ⌛ Esperando mudança visual...
2026-01-19 13:10:55,194 - INFO - ⌛ Esperando mudança visual...
2026-01-19 13:10:56,209 - INFO - ⌛ Esperando mudança visual...
2026-01-19 13:10:57,225 - INFO - ⌛ Esperando mudança visual...
2026-01-19 13:10:58,241 - INFO - ✅ Tela carregada!
2026-01-19 13:11:08,727 - INFO - ⌛ Aguardando janela de confirmação de desbloqueio...
2026-01-19 13:11:29,088 - INFO - 🟨 Registros desbloqueados com sucesso
2026-01-19 13:11:42,692 - INFO - 🟨 OS programadas detectadas
2026-01-19 13:11:45,857 - INFO - ⌛ Aguardando janela de edição de OS...
2026-01-19 13:12:16,287 - INFO - 🟨 Janela de edição de OS detectada
2026-01-19 13:12:37,651 - INFO - 🟨 Janela de edição de habilidade da turma detectada
2026-01-19 13:13:25,963 - INFO - ⌛ Aguardando detecção do campo de caracteristica 'EQUIPE PRÓPRIA OU EPS' ...
2026-01-19 13:13:58,214 - INFO - ⌛ Aguardando detecção do campo de caracteristica 'EQUIPE PRÓPRIA OU EPS' ...
2026-01-19 13:14:30,470 - INFO - 🟨 campo de caracteristica 'EQUIPE PRÓPRIA OU EPS detectado
2026-01-19 13:14:52,205 - INFO - ⌛ Aguardando confirmação 4 - editar OS...
2026-01-19 13:15:22,570 - INFO - ⌛ Aguardando confirmação 4 - editar OS...
2026-01-19 13:16:33,548 - INFO - ⌛ Aguardando janela de confirmação de programação de OS...
2026-01-19 13:16:53,913 - INFO - 🟨 Janela de confirmação de programação de OS detectada
2026-01-19 13:16:57,230 - INFO - ⌛ aguardando janela de programação de lote de OS...
2026-01-19 13:17:17,710 - INFO - 🟨 Janela de aviso de edição de OS programadas detectada
2026-01-19 13:17:21,979 - INFO - ⌛ aguardando janela de programação de lote de OS...
2026-01-19 13:17:42,476 - INFO - 🟨 Janela de aviso de substituição de lote de OS detectada
2026-01-19 13:17:48,741 - INFO - ⌛ aguardando janela de programação de lote de OS...
2026-01-19 13:18:09,204 - INFO - 🟨 Janela de programação de lote de OS detectada
2026-01-19 13:18:36,664 - INFO - ⌛ aguardando janela de confirmação de programação de lote de OS...
2026-01-19 13:18:57,043 - INFO - 🟨 Janela de confirmação de programação de lote de OS detectada
2026-01-19 13:19:01,341 - INFO - ⌛ aguardando confirmação final de programação do lote
2026-01-19 13:19:21,795 - INFO - 🟨 programação do lote 1 efetuado com sucesso
2026-01-19 13:19:31,966 - INFO - 
=== Iniciando lote 2/2 [LM] ===
2026-01-19 13:19:38,318 - INFO - Janela de seleção aberta
2026-01-19 13:19:42,550 - INFO - DEBUG: idx=1, inicio=25, fim=50
2026-01-19 13:19:42,550 - INFO - ✅ 16 OS copiadas para a área de transferência.
2026-01-19 13:19:42,550 - INFO - 📋 Lote 2 copiado.
2026-01-19 13:19:50,889 - INFO - ⌛ Esperando mudança visual...
2026-01-19 13:19:51,902 - INFO - ⌛ Esperando mudança visual...
2026-01-19 13:19:52,921 - INFO - ⌛ Esperando mudança visual...
2026-01-19 13:19:53,934 - INFO - ⌛ Esperando mudança visual...
2026-01-19 13:19:54,949 - INFO - ⌛ Esperando mudança visual...
2026-01-19 13:19:55,966 - INFO - ⌛ Esperando mudança visual...
2026-01-19 13:19:56,981 - INFO - ⌛ Esperando mudança visual...
2026-01-19 13:19:57,997 - INFO - ⌛ Esperando mudança visual...
2026-01-19 13:19:59,013 - INFO - ⌛ Esperando mudança visual...
2026-01-19 13:20:00,028 - INFO - ✅ Tela carregada!
2026-01-19 13:20:10,491 - INFO - ⌛ Aguardando janela de confirmação de desbloqueio...
2026-01-19 13:20:30,861 - INFO - 🟨 Registros desbloqueados com sucesso
2026-01-19 13:20:44,461 - INFO - 🟨 OS programadas detectadas
2026-01-19 13:20:47,611 - INFO - ⌛ Aguardando janela de edição de OS...
2026-01-19 13:21:17,983 - INFO - 🟨 Janela de edição de OS detectada
2026-01-19 13:21:39,372 - INFO - 🟨 Janela de edição de habilidade da turma detectada
2026-01-19 13:22:27,697 - INFO - ⌛ Aguardando detecção do campo de caracteristica 'EQUIPE PRÓPRIA OU EPS' ...
2026-01-19 13:22:59,935 - INFO - ⌛ Aguardando detecção do campo de caracteristica 'EQUIPE PRÓPRIA OU EPS' ...
2026-01-19 13:23:32,209 - INFO - 🟨 campo de caracteristica 'EQUIPE PRÓPRIA OU EPS detectado
2026-01-19 13:23:53,935 - INFO - ⌛ Aguardando confirmação 4 - editar OS...
2026-01-19 13:25:04,934 - INFO - ⌛ Aguardando janela de confirmação de programação de OS...
2026-01-19 13:25:25,303 - INFO - 🟨 Janela de confirmação de programação de OS detectada
2026-01-19 13:25:28,623 - INFO - 🟨 Janela de aviso de edição de OS programadas detectada
2026-01-19 13:25:32,905 - INFO - ⌛ aguardando janela de programação de lote de OS...
2026-01-19 13:25:53,393 - INFO - 🟨 Janela de aviso de substituição de lote de OS detectada
2026-01-19 13:25:59,658 - INFO - ⌛ aguardando janela de programação de lote de OS...
2026-01-19 13:26:20,151 - INFO - 🟨 Janela de programação de lote de OS detectada
2026-01-19 13:26:47,599 - INFO - ⌛ aguardando janela de confirmação de programação de lote de OS...
2026-01-19 13:27:07,947 - INFO - 🟨 Janela de confirmação de programação de lote de OS detectada
2026-01-19 13:27:12,252 - INFO - ⌛ aguardando confirmação final de programação do lote
2026-01-19 13:27:32,680 - INFO - 🟨 programação do lote 2 efetuado com sucesso
2026-01-19 13:27:42,850 - INFO - 
=== Iniciando lote 1/1 [LV] ===
2026-01-19 13:27:49,215 - INFO - Janela de seleção aberta
2026-01-19 13:27:53,434 - INFO - DEBUG: idx=0, inicio=0, fim=25
2026-01-19 13:27:53,434 - INFO - ✅ 24 OS copiadas para a área de transferência.
2026-01-19 13:27:53,434 - INFO - 📋 Lote 1 copiado.
2026-01-19 13:28:01,766 - INFO - ⌛ Esperando mudança visual...
2026-01-19 13:28:02,789 - INFO - ⌛ Esperando mudança visual...
2026-01-19 13:28:03,804 - INFO - ⌛ Esperando mudança visual...
2026-01-19 13:28:04,820 - INFO - ⌛ Esperando mudança visual...
2026-01-19 13:28:05,837 - INFO - ⌛ Esperando mudança visual...
2026-01-19 13:28:06,853 - INFO - ⌛ Esperando mudança visual...
2026-01-19 13:28:07,868 - INFO - ⌛ Esperando mudança visual...
2026-01-19 13:28:08,886 - INFO - ⌛ Esperando mudança visual...
2026-01-19 13:28:09,899 - INFO - ⌛ Esperando mudança visual...
2026-01-19 13:28:10,917 - INFO - ⌛ Esperando mudança visual...
2026-01-19 13:28:11,930 - INFO - ✅ Tela carregada!
2026-01-19 13:28:22,425 - INFO - ⌛ Aguardando janela de confirmação de desbloqueio...
2026-01-19 13:28:42,799 - INFO - 🟨 Registros desbloqueados com sucesso
2026-01-19 13:28:56,395 - INFO - ⌛ Aguardando janela de edição de OS...
2026-01-19 13:29:26,808 - INFO - 🟨 OS programadas detectadas
2026-01-19 13:29:30,007 - INFO - ⌛ Aguardando janela de edição de OS...
2026-01-19 13:30:00,432 - INFO - 🟨 Janela de edição de OS detectada
2026-01-19 13:30:21,816 - INFO - 🟨 Janela de edição de habilidade da turma detectada
2026-01-19 13:31:10,137 - INFO - ⌛ Aguardando detecção do campo de caracteristica 'EQUIPE PRÓPRIA OU EPS' ...
2026-01-19 13:31:42,385 - INFO - ⌛ Aguardando detecção do campo de caracteristica 'EQUIPE PRÓPRIA OU EPS' ...
2026-01-19 13:32:14,647 - INFO - 🟨 campo de caracteristica 'EQUIPE PRÓPRIA OU EPS detectado
2026-01-19 13:32:36,383 - INFO - ⌛ Aguardando confirmação 4 - editar OS...
2026-01-19 13:33:06,725 - INFO - ⌛ Aguardando confirmação 4 - editar OS...
2026-01-19 13:34:17,785 - INFO - ⌛ Aguardando janela de confirmação de programação de OS...
2026-01-19 13:34:38,187 - INFO - 🟨 Janela de confirmação de programação de OS detectada
2026-01-19 13:34:41,523 - INFO - ⌛ aguardando janela de programação de lote de OS...
2026-01-19 13:35:01,966 - INFO - 🟨 Janela de aviso de edição de OS programadas detectada
2026-01-19 13:35:06,220 - INFO - ⌛ aguardando janela de programação de lote de OS...
2026-01-19 13:35:26,670 - INFO - 🟨 Janela de aviso de substituição de lote de OS detectada
2026-01-19 13:35:32,927 - INFO - ⌛ aguardando janela de programação de lote de OS...
2026-01-19 13:35:53,364 - INFO - ⌛ aguardando janela de programação de lote de OS...
2026-01-19 13:36:13,818 - INFO - ⌛ aguardando janela de programação de lote de OS...
2026-01-19 13:36:34,278 - INFO - ⌛ aguardando janela de programação de lote de OS...
2026-01-19 13:36:54,724 - INFO - ⌛ aguardando janela de programação de lote de OS...
2026-01-19 13:37:15,165 - INFO - ⌛ aguardando janela de programação de lote de OS...
2026-01-19 13:37:35,612 - INFO - ⌛ aguardando janela de programação de lote de OS...
2026-01-19 13:37:56,126 - INFO - ⌛ aguardando janela de programação de lote de OS...
2026-01-19 13:38:16,604 - INFO - ⌛ aguardando janela de programação de lote de OS...
2026-01-19 13:38:37,060 - INFO - ⌛ aguardando janela de programação de lote de OS...
2026-01-19 13:38:57,504 - INFO - ⌛ aguardando janela de programação de lote de OS...
2026-01-19 13:39:17,952 - INFO - ⌛ aguardando janela de programação de lote de OS...
2026-01-19 13:39:38,396 - INFO - ⌛ aguardando janela de programação de lote de OS...
2026-01-19 13:39:58,857 - INFO - ⌛ aguardando janela de programação de lote de OS...
2026-01-19 13:40:19,377 - INFO - ⌛ aguardando janela de programação de lote de OS...
2026-01-19 13:40:39,873 - INFO - ⌛ aguardando janela de programação de lote de OS...
2026-01-19 13:41:00,334 - INFO - ⌛ aguardando janela de programação de lote de OS...
2026-01-19 13:41:20,789 - INFO - ⌛ aguardando janela de programação de lote de OS...
2026-01-19 13:41:41,252 - INFO - ⌛ aguardando janela de programação de lote de OS...
2026-01-19 13:42:01,705 - INFO - ⌛ aguardando janela de programação de lote de OS...
2026-01-19 13:42:22,176 - INFO - ⌛ aguardando janela de programação de lote de OS...
2026-01-19 13:42:42,639 - INFO - ⌛ aguardando janela de programação de lote de OS...
2026-01-19 13:43:03,127 - INFO - ⌛ aguardando janela de programação de lote de OS...
2026-01-19 13:43:23,629 - INFO - ⌛ aguardando janela de programação de lote de OS...
2026-01-19 13:43:44,110 - INFO - ⌛ aguardando janela de programação de lote de OS...
2026-01-19 13:44:04,576 - INFO - ⌛ aguardando janela de programação de lote de OS...
2026-01-19 13:44:25,072 - INFO - ⌛ aguardando janela de programação de lote de OS...
2026-01-19 13:44:45,530 - INFO - Janela restaurada
2026-01-19 13:44:57,990 - INFO - Janela restaurada
2026-01-19 13:44:57,990 - INFO - ⌛ aguardando janela de programação de lote de OS...
2026-01-19 13:45:18,428 - INFO - 🟨 Janela de programação de lote de OS detectada
2026-01-19 13:45:45,881 - INFO - ⌛ aguardando janela de confirmação de programação de lote de OS...
2026-01-19 13:46:06,211 - INFO - 🟨 Janela de confirmação de programação de lote de OS detectada
2026-01-19 13:46:10,465 - INFO - ⌛ aguardando confirmação final de programação do lote
2026-01-19 13:46:30,848 - INFO - 🟨 programação do lote 1 efetuado com sucesso
