2026-01-13 17:34:13,442 - INFO - Data hoje: 13/01/2026
2026-01-13 17:34:13,442 - INFO - Data de referência: 31/01/2026
2026-01-13 17:34:18,804 - INFO - 
Qtde LINHA VIVA: 1957
2026-01-13 17:34:18,804 - INFO - Qtde LINHA MORTA/PESADA/FAIXA: 124
2026-01-13 17:34:19,797 - INFO - 
Arquivo gerado: C:\Users\U469784\venvs\py311\bot_programacao\EXCEL\pendentes_20260113.xlsx
2026-01-13 17:34:20,107 - INFO - 
 Qtd de lotes de LM: 5
2026-01-13 17:34:20,107 - INFO - 
 Qtd de lotes de LV: 79
2026-01-13 17:34:20,107 - INFO - 
=== Iniciando lote 1/5 [LM] ===
2026-01-13 17:34:26,531 - INFO - Janela de seleção aberta
2026-01-13 17:34:32,881 - INFO - DEBUG: idx=0, inicio=0, fim=25
2026-01-13 17:34:32,881 - INFO - ✅ 25 OS copiadas para a área de transferência.
2026-01-13 17:34:32,881 - INFO - 📋 Lote 1 copiado.
2026-01-13 17:34:41,204 - INFO - ⌛ Esperando mudança visual...
2026-01-13 17:34:42,220 - INFO - ⌛ Esperando mudança visual...
2026-01-13 17:34:43,235 - INFO - ⌛ Esperando mudança visual...
2026-01-13 17:34:44,251 - INFO - ⌛ Esperando mudança visual...
2026-01-13 17:34:45,267 - INFO - ⌛ Esperando mudança visual...
2026-01-13 17:34:46,282 - INFO - ⌛ Esperando mudança visual...
2026-01-13 17:34:47,298 - INFO - ⌛ Esperando mudança visual...
2026-01-13 17:34:48,315 - INFO - ⌛ Esperando mudança visual...
2026-01-13 17:34:49,330 - INFO - ⌛ Esperando mudança visual...
2026-01-13 17:34:50,345 - INFO - ⌛ Esperando mudança visual...
2026-01-13 17:34:51,360 - INFO - ⌛ Esperando mudança visual...
2026-01-13 17:34:52,376 - INFO - ✅ Tela carregada!
2026-01-13 17:35:02,862 - INFO - ⌛ Aguardando janela de confirmação de desbloqueio...
2026-01-13 17:35:23,232 - INFO - 🟨 Registros desbloqueados com sucesso
2026-01-13 17:35:36,942 - INFO - ⌛ Aguardando janela de edição de OS...
2026-01-13 17:36:07,496 - INFO - 🟨 OS programadas detectadas
2026-01-13 17:36:10,648 - INFO - ⌛ Aguardando janela de edição de OS...
2026-01-13 17:36:41,055 - INFO - 🟨 Janela de edição de OS detectada
2026-01-13 17:37:02,424 - INFO - 🟨 Janela de edição de habilidade da turma detectada
2026-01-13 17:37:47,734 - INFO - ⌛ Aguardando detecção do campo de caracteristica 'EQUIPE PRÓPRIA OU EPS' ...
2026-01-13 17:38:19,997 - INFO - ⌛ Aguardando detecção do campo de caracteristica 'EQUIPE PRÓPRIA OU EPS' ...
2026-01-13 17:38:52,255 - INFO - 🟨 campo de caracteristica 'EQUIPE PRÓPRIA OU EPS detectado
2026-01-13 17:39:14,008 - INFO - ⌛ Aguardando confirmação 4 - editar OS...
2026-01-13 17:40:25,048 - INFO - ⌛ Aguardando janela de confirmação de programação de OS...
2026-01-13 17:40:45,416 - INFO - 🟨 Janela de confirmação de programação de OS detectada
2026-01-13 17:40:48,748 - INFO - 🟨 Janela de aviso de edição de OS programadas detectada
2026-01-13 17:40:53,015 - INFO - ⌛ aguardando janela de programação de lote de OS...
2026-01-13 17:41:13,501 - INFO - 🟨 Janela de aviso de substituição de lote de OS detectada
2026-01-13 17:41:19,776 - INFO - ⌛ aguardando janela de programação de lote de OS...
2026-01-13 17:41:40,271 - INFO - 🟨 Janela de programação de lote de OS detectada
2026-01-13 17:42:07,715 - INFO - ⌛ aguardando janela de confirmação de programação de lote de OS...
2026-01-13 17:42:28,072 - INFO - 🟨 Janela de confirmação de programação de lote de OS detectada
2026-01-13 17:42:32,350 - INFO - ⌛ aguardando confirmação final de programação do lote
2026-01-13 17:42:52,760 - INFO - 🟨 programação do lote 1 efetuado com sucesso
2026-01-13 17:43:02,914 - INFO - 
=== Iniciando lote 2/5 [LM] ===
2026-01-13 17:43:09,273 - INFO - Janela de seleção aberta
2026-01-13 17:43:13,499 - INFO - DEBUG: idx=1, inicio=25, fim=50
2026-01-13 17:43:13,499 - INFO - ✅ 25 OS copiadas para a área de transferência.
2026-01-13 17:43:13,499 - INFO - 📋 Lote 2 copiado.
2026-01-13 17:43:21,836 - INFO - ⌛ Esperando mudança visual...
2026-01-13 17:43:22,856 - INFO - ⌛ Esperando mudança visual...
2026-01-13 17:43:23,872 - INFO - ⌛ Esperando mudança visual...
2026-01-13 17:43:24,888 - INFO - ⌛ Esperando mudança visual...
2026-01-13 17:43:25,903 - INFO - ⌛ Esperando mudança visual...
2026-01-13 17:43:26,919 - INFO - ⌛ Esperando mudança visual...
2026-01-13 17:43:27,934 - INFO - ⌛ Esperando mudança visual...
2026-01-13 17:43:28,950 - INFO - ⌛ Esperando mudança visual...
2026-01-13 17:43:29,966 - INFO - ⌛ Esperando mudança visual...
2026-01-13 17:43:30,982 - INFO - ⌛ Esperando mudança visual...
2026-01-13 17:43:31,997 - INFO - ✅ Tela carregada!
2026-01-13 17:43:42,461 - INFO - ⌛ Aguardando janela de confirmação de desbloqueio...
2026-01-13 17:44:02,832 - INFO - 🟨 Registros desbloqueados com sucesso
2026-01-13 17:44:16,416 - INFO - ⌛ Aguardando janela de edição de OS...
2026-01-13 17:44:46,811 - INFO - 🟨 OS programadas detectadas
2026-01-13 17:44:49,969 - INFO - ⌛ Aguardando janela de edição de OS...
2026-01-13 17:45:20,389 - INFO - 🟨 Janela de edição de OS detectada
2026-01-13 17:45:41,753 - INFO - 🟨 Janela de edição de habilidade da turma detectada
2026-01-13 17:46:27,069 - INFO - ⌛ Aguardando detecção do campo de caracteristica 'EQUIPE PRÓPRIA OU EPS' ...
2026-01-13 17:46:59,342 - INFO - ⌛ Aguardando detecção do campo de caracteristica 'EQUIPE PRÓPRIA OU EPS' ...
2026-01-13 17:47:31,600 - INFO - 🟨 campo de caracteristica 'EQUIPE PRÓPRIA OU EPS detectado
2026-01-13 17:47:53,358 - INFO - ⌛ Aguardando confirmação 4 - editar OS...
2026-01-13 17:49:04,373 - INFO - ⌛ Aguardando janela de confirmação de programação de OS...
2026-01-13 17:49:24,730 - INFO - 🟨 Janela de confirmação de programação de OS detectada
2026-01-13 17:49:28,087 - INFO - ⌛ aguardando janela de programação de lote de OS...
2026-01-13 17:49:48,551 - INFO - 🟨 Janela de aviso de edição de OS programadas detectada
2026-01-13 17:49:52,827 - INFO - ⌛ aguardando janela de programação de lote de OS...
2026-01-13 17:50:13,281 - INFO - 🟨 Janela de aviso de substituição de lote de OS detectada
2026-01-13 17:50:19,556 - INFO - ⌛ aguardando janela de programação de lote de OS...
2026-01-13 17:50:39,993 - INFO - 🟨 Janela de programação de lote de OS detectada
2026-01-13 17:51:07,456 - INFO - ⌛ aguardando janela de confirmação de programação de lote de OS...
2026-01-13 17:51:27,795 - INFO - 🟨 Janela de confirmação de programação de lote de OS detectada
2026-01-13 17:51:32,065 - INFO - ⌛ aguardando confirmação final de programação do lote
2026-01-13 17:51:52,497 - INFO - 🟨 programação do lote 2 efetuado com sucesso
2026-01-13 17:52:02,648 - INFO - 
=== Iniciando lote 3/5 [LM] ===
2026-01-13 17:52:09,002 - INFO - Janela de seleção aberta
2026-01-13 17:52:13,224 - INFO - DEBUG: idx=2, inicio=50, fim=75
2026-01-13 17:52:13,224 - INFO - ✅ 25 OS copiadas para a área de transferência.
2026-01-13 17:52:13,224 - INFO - 📋 Lote 3 copiado.
2026-01-13 17:52:21,562 - INFO - ⌛ Esperando mudança visual...
2026-01-13 17:52:22,578 - INFO - ⌛ Esperando mudança visual...
2026-01-13 17:52:23,595 - INFO - ⌛ Esperando mudança visual...
2026-01-13 17:52:24,610 - INFO - ⌛ Esperando mudança visual...
2026-01-13 17:52:25,624 - INFO - ⌛ Esperando mudança visual...
2026-01-13 17:52:26,639 - INFO - ⌛ Esperando mudança visual...
2026-01-13 17:52:27,655 - INFO - ⌛ Esperando mudança visual...
2026-01-13 17:52:28,673 - INFO - ⌛ Esperando mudança visual...
2026-01-13 17:52:29,687 - INFO - ⌛ Esperando mudança visual...
2026-01-13 17:52:30,702 - INFO - ⌛ Esperando mudança visual...
2026-01-13 17:52:31,718 - INFO - ✅ Tela carregada!
2026-01-13 17:52:42,189 - INFO - ⌛ Aguardando janela de confirmação de desbloqueio...
2026-01-13 17:53:02,560 - INFO - 🟨 Registros desbloqueados com sucesso
2026-01-13 17:53:16,160 - INFO - ⌛ Aguardando janela de edição de OS...
2026-01-13 17:53:46,578 - INFO - 🟨 OS programadas detectadas
2026-01-13 17:53:49,753 - INFO - ⌛ Aguardando janela de edição de OS...
2026-01-13 17:54:20,169 - INFO - 🟨 Janela de edição de OS detectada
2026-01-13 17:54:41,535 - INFO - 🟨 Janela de edição de habilidade da turma detectada
2026-01-13 17:55:26,837 - INFO - ⌛ Aguardando detecção do campo de caracteristica 'EQUIPE PRÓPRIA OU EPS' ...
2026-01-13 17:55:59,091 - INFO - ⌛ Aguardando detecção do campo de caracteristica 'EQUIPE PRÓPRIA OU EPS' ...
2026-01-13 17:56:31,338 - INFO - 🟨 campo de caracteristica 'EQUIPE PRÓPRIA OU EPS detectado
2026-01-13 17:56:53,090 - INFO - ⌛ Aguardando confirmação 4 - editar OS...
2026-01-13 17:58:04,106 - INFO - ⌛ Aguardando janela de confirmação de programação de OS...
2026-01-13 17:58:24,471 - INFO - 🟨 Janela de confirmação de programação de OS detectada
2026-01-13 17:58:27,806 - INFO - ⌛ aguardando janela de programação de lote de OS...
2026-01-13 17:58:48,313 - INFO - 🟨 Janela de aviso de edição de OS programadas detectada
2026-01-13 17:58:52,577 - INFO - ⌛ aguardando janela de programação de lote de OS...
2026-01-13 17:59:13,115 - INFO - 🟨 Janela de aviso de substituição de lote de OS detectada
2026-01-13 17:59:19,382 - INFO - ⌛ aguardando janela de programação de lote de OS...
2026-01-13 17:59:39,885 - INFO - 🟨 Janela de programação de lote de OS detectada
2026-01-13 18:00:07,341 - INFO - ⌛ aguardando janela de confirmação de programação de lote de OS...
2026-01-13 18:00:27,713 - INFO - 🟨 Janela de confirmação de programação de lote de OS detectada
2026-01-13 18:00:32,008 - INFO - ⌛ aguardando confirmação final de programação do lote
2026-01-13 18:00:52,469 - INFO - 🟨 programação do lote 3 efetuado com sucesso
2026-01-13 18:01:02,637 - INFO - 
=== Iniciando lote 4/5 [LM] ===
2026-01-13 18:01:08,997 - INFO - Janela de seleção aberta
2026-01-13 18:01:13,233 - INFO - DEBUG: idx=3, inicio=75, fim=100
2026-01-13 18:01:13,233 - INFO - ✅ 25 OS copiadas para a área de transferência.
2026-01-13 18:01:13,233 - INFO - 📋 Lote 4 copiado.
2026-01-13 18:01:21,578 - INFO - ⌛ Esperando mudança visual...
2026-01-13 18:01:22,593 - INFO - ⌛ Esperando mudança visual...
2026-01-13 18:01:23,609 - INFO - ⌛ Esperando mudança visual...
2026-01-13 18:01:24,624 - INFO - ⌛ Esperando mudança visual...
2026-01-13 18:01:25,640 - INFO - ⌛ Esperando mudança visual...
2026-01-13 18:01:26,657 - INFO - ⌛ Esperando mudança visual...
2026-01-13 18:01:27,671 - INFO - ⌛ Esperando mudança visual...
2026-01-13 18:01:28,687 - INFO - ⌛ Esperando mudança visual...
2026-01-13 18:01:29,703 - INFO - ⌛ Esperando mudança visual...
2026-01-13 18:01:30,718 - INFO - ✅ Tela carregada!
2026-01-13 18:01:41,213 - INFO - ⌛ Aguardando janela de confirmação de desbloqueio...
2026-01-13 18:02:01,592 - INFO - 🟨 Registros desbloqueados com sucesso
2026-01-13 18:02:15,199 - INFO - ⌛ Aguardando janela de edição de OS...
2026-01-13 18:02:45,643 - INFO - 🟨 OS programadas detectadas
2026-01-13 18:02:48,810 - INFO - ⌛ Aguardando janela de edição de OS...
2026-01-13 18:03:19,224 - INFO - 🟨 Janela de edição de OS detectada
2026-01-13 18:03:40,611 - INFO - 🟨 Janela de edição de habilidade da turma detectada
2026-01-13 18:04:25,925 - INFO - ⌛ Aguardando detecção do campo de caracteristica 'EQUIPE PRÓPRIA OU EPS' ...
2026-01-13 18:04:58,192 - INFO - ⌛ Aguardando detecção do campo de caracteristica 'EQUIPE PRÓPRIA OU EPS' ...
2026-01-13 18:05:30,460 - INFO - 🟨 campo de caracteristica 'EQUIPE PRÓPRIA OU EPS detectado
2026-01-13 18:05:52,258 - INFO - ⌛ Aguardando confirmação 4 - editar OS...
2026-01-13 18:07:03,309 - INFO - ⌛ Aguardando janela de confirmação de programação de OS...
2026-01-13 18:07:23,664 - INFO - 🟨 Janela de confirmação de programação de OS detectada
2026-01-13 18:07:26,971 - INFO - ⌛ aguardando janela de programação de lote de OS...
2026-01-13 18:07:47,456 - INFO - 🟨 Janela de aviso de edição de OS programadas detectada
2026-01-13 18:07:51,720 - INFO - ⌛ aguardando janela de programação de lote de OS...
2026-01-13 18:08:12,164 - INFO - 🟨 Janela de aviso de substituição de lote de OS detectada
2026-01-13 18:08:18,428 - INFO - ⌛ aguardando janela de programação de lote de OS...
2026-01-13 18:08:38,869 - INFO - 🟨 Janela de programação de lote de OS detectada
2026-01-13 18:09:06,311 - INFO - ⌛ aguardando janela de confirmação de programação de lote de OS...
2026-01-13 18:09:26,670 - INFO - 🟨 Janela de confirmação de programação de lote de OS detectada
2026-01-13 18:09:30,933 - INFO - ⌛ aguardando confirmação final de programação do lote
2026-01-13 18:09:51,362 - INFO - 🟨 programação do lote 4 efetuado com sucesso
2026-01-13 18:10:01,517 - INFO - 
=== Iniciando lote 5/5 [LM] ===
2026-01-13 18:10:07,871 - INFO - Janela de seleção aberta
2026-01-13 18:10:12,103 - INFO - DEBUG: idx=4, inicio=100, fim=125
2026-01-13 18:10:12,103 - INFO - ✅ 24 OS copiadas para a área de transferência.
2026-01-13 18:10:12,103 - INFO - 📋 Lote 5 copiado.
2026-01-13 18:10:20,436 - INFO - ⌛ Esperando mudança visual...
2026-01-13 18:10:21,461 - INFO - ⌛ Esperando mudança visual...
2026-01-13 18:10:22,475 - INFO - ⌛ Esperando mudança visual...
2026-01-13 18:10:23,491 - INFO - ⌛ Esperando mudança visual...
2026-01-13 18:10:24,506 - INFO - ⌛ Esperando mudança visual...
2026-01-13 18:10:25,522 - INFO - ⌛ Esperando mudança visual...
2026-01-13 18:10:26,539 - INFO - ⌛ Esperando mudança visual...
2026-01-13 18:10:27,554 - INFO - ⌛ Esperando mudança visual...
2026-01-13 18:10:28,569 - INFO - ✅ Tela carregada!
2026-01-13 18:10:39,037 - INFO - ⌛ Aguardando janela de confirmação de desbloqueio...
2026-01-13 18:10:59,448 - INFO - 🟨 Registros desbloqueados com sucesso
2026-01-13 18:11:13,035 - INFO - ⌛ Aguardando janela de edição de OS...
2026-01-13 18:11:43,452 - INFO - 🟨 OS programadas detectadas
2026-01-13 18:11:46,629 - INFO - ⌛ Aguardando janela de edição de OS...
2026-01-13 18:12:17,055 - INFO - 🟨 Janela de edição de OS detectada
2026-01-13 18:12:38,435 - INFO - 🟨 Janela de edição de habilidade da turma detectada
2026-01-13 18:13:23,764 - INFO - ⌛ Aguardando detecção do campo de caracteristica 'EQUIPE PRÓPRIA OU EPS' ...
2026-01-13 18:13:56,017 - INFO - ⌛ Aguardando detecção do campo de caracteristica 'EQUIPE PRÓPRIA OU EPS' ...
2026-01-13 18:14:28,293 - INFO - 🟨 campo de caracteristica 'EQUIPE PRÓPRIA OU EPS detectado
2026-01-13 18:14:50,036 - INFO - ⌛ Aguardando confirmação 4 - editar OS...
2026-01-13 18:15:20,419 - INFO - ⌛ Aguardando confirmação 4 - editar OS...
2026-01-13 18:16:31,473 - INFO - ⌛ Aguardando janela de confirmação de programação de OS...
2026-01-13 18:16:51,855 - INFO - 🟨 Janela de confirmação de programação de OS detectada
2026-01-13 18:16:55,181 - INFO - 🟨 Janela de aviso de edição de OS programadas detectada
2026-01-13 18:16:59,450 - INFO - ⌛ aguardando janela de programação de lote de OS...
2026-01-13 18:17:19,962 - INFO - 🟨 Janela de aviso de substituição de lote de OS detectada
2026-01-13 18:17:26,224 - INFO - ⌛ aguardando janela de programação de lote de OS...
2026-01-13 18:17:46,701 - INFO - 🟨 Janela de programação de lote de OS detectada
2026-01-13 18:18:14,140 - INFO - ⌛ aguardando janela de confirmação de programação de lote de OS...
2026-01-13 18:18:34,558 - INFO - 🟨 Janela de confirmação de programação de lote de OS detectada
2026-01-13 18:18:38,890 - INFO - ⌛ aguardando confirmação final de programação do lote
2026-01-13 18:18:59,363 - INFO - 🟨 programação do lote 5 efetuado com sucesso
2026-01-13 18:19:09,532 - INFO - 
=== Iniciando lote 1/79 [LV] ===
2026-01-13 18:19:15,891 - INFO - Janela de seleção aberta
2026-01-13 18:19:20,122 - INFO - DEBUG: idx=0, inicio=0, fim=25
2026-01-13 18:19:20,122 - INFO - ✅ 25 OS copiadas para a área de transferência.
2026-01-13 18:19:20,122 - INFO - 📋 Lote 1 copiado.
2026-01-13 18:19:28,447 - INFO - ⌛ Esperando mudança visual...
2026-01-13 18:19:29,467 - INFO - ⌛ Esperando mudança visual...
2026-01-13 18:19:30,483 - INFO - ⌛ Esperando mudança visual...
2026-01-13 18:19:31,498 - INFO - ⌛ Esperando mudança visual...
2026-01-13 18:19:32,516 - INFO - ⌛ Esperando mudança visual...
2026-01-13 18:19:33,530 - INFO - ⌛ Esperando mudança visual...
2026-01-13 18:19:34,546 - INFO - ⌛ Esperando mudança visual...
2026-01-13 18:19:35,562 - INFO - ⌛ Esperando mudança visual...
2026-01-13 18:19:36,577 - INFO - ⌛ Esperando mudança visual...
2026-01-13 18:19:37,592 - INFO - ✅ Tela carregada!
2026-01-13 18:19:48,081 - INFO - ⌛ Aguardando janela de confirmação de desbloqueio...
2026-01-13 18:20:08,514 - INFO - 🟨 Registros desbloqueados com sucesso
2026-01-13 18:20:22,125 - INFO - ⌛ Aguardando janela de edição de OS...
2026-01-13 18:20:52,633 - INFO - 🟨 OS programadas detectadas
2026-01-13 18:20:55,816 - INFO - ⌛ Aguardando janela de edição de OS...
2026-01-13 18:21:26,763 - INFO - 🟨 Janela de edição de OS detectada
2026-01-13 18:21:52,459 - INFO - ⌛ Aguardando detecção da janela de edição de características ...
2026-01-13 18:22:26,612 - INFO - ⌛ Aguardando janela de edição de OS...
2026-01-13 18:22:57,404 - INFO - ⌛ Aguardando janela de edição de OS...
2026-01-13 18:23:27,951 - INFO - ⌛ Aguardando janela de edição de OS...
2026-01-13 18:23:58,597 - INFO - ⌛ Aguardando janela de edição de OS...
2026-01-13 18:24:29,246 - INFO - ⌛ Aguardando janela de edição de OS...
2026-01-13 18:24:59,835 - INFO - ⌛ Aguardando janela de edição de OS...
2026-01-13 18:25:30,506 - INFO - ⌛ Aguardando janela de edição de OS...
2026-01-13 18:26:01,129 - INFO - ⌛ Aguardando janela de edição de OS...
2026-01-13 18:26:31,579 - INFO - ⌛ Aguardando janela de edição de OS...
2026-01-13 18:27:05,286 - INFO - ⌛ Aguardando janela de edição de OS...
2026-01-13 18:27:35,780 - INFO - ⌛ Aguardando janela de edição de OS...
2026-01-13 18:28:06,296 - INFO - ⌛ Aguardando janela de edição de OS...
2026-01-13 18:28:36,798 - INFO - ⌛ Aguardando janela de edição de OS...
2026-01-13 18:29:07,349 - INFO - ⌛ Aguardando janela de edição de OS...
2026-01-13 18:29:37,800 - INFO - ⌛ Aguardando janela de edição de OS...
2026-01-13 18:30:08,308 - INFO - ⌛ Aguardando janela de edição de OS...
2026-01-13 18:30:38,817 - INFO - ⌛ Aguardando janela de edição de OS...
2026-01-13 18:31:09,289 - INFO - ⌛ Aguardando janela de edição de OS...
2026-01-13 18:31:39,763 - INFO - ⌛ Aguardando janela de edição de OS...
2026-01-13 18:32:10,247 - INFO - Janela restaurada
2026-01-13 18:32:20,714 - INFO - ⏱️ Tempo limite atingido. Abortando seleção
