2026-02-10 11:39:54,694 - INFO - Data hoje: 10/02/2026
2026-02-10 11:39:54,694 - INFO - Data de referência: 28/02/2026
2026-02-10 11:41:02,152 - INFO - 
Qtde OS de LINHA VIVA: 3330
2026-02-10 11:41:02,152 - INFO - Qtde OS poda de LINHA MORTA: 1313
2026-02-10 11:41:02,152 - INFO - 
Qtde OS estrutural de LINHA MORTA : 0
2026-02-10 11:41:02,152 - INFO - Qtde OS poda de LINHA MORTA fora carteira: 3439
2026-02-10 11:41:02,152 - INFO - Qtde OS para desprogramar: 65
2026-02-10 11:41:02,152 - INFO - 
 Qtd de lotes de LM: 53
2026-02-10 11:41:02,152 - INFO - 
 Qtd de lotes de LV: 134
2026-02-10 11:41:02,152 - INFO - 
 Qtd de lotes de ESTRUTURAL LM: 0
2026-02-10 11:41:02,152 - INFO - 
 Qtd de lotes de LEVE: 138
2026-02-10 11:41:02,152 - INFO - 
 Qtd de lotes para desprogramar: 3
2026-02-10 11:41:02,152 - INFO - 
=== Iniciando lote 1/53 [LM] ===
2026-02-10 11:41:08,673 - INFO - ⌛ Aguardando janela de seleção...
2026-02-10 11:41:19,125 - INFO - Janela de seleção aberta
2026-02-10 11:41:23,349 - INFO - DEBUG: idx=0, inicio=0, fim=25
2026-02-10 11:41:23,349 - INFO - ✅ 25 OS copiadas para a área de transferência.
2026-02-10 11:41:23,349 - INFO - 📋 Lote 1 copiado.
2026-02-10 11:41:31,692 - INFO - ⌛ Esperando mudança visual...
2026-02-10 11:41:32,708 - INFO - ⌛ Esperando mudança visual...
2026-02-10 11:41:33,726 - INFO - ✅ Tela carregada!
2026-02-10 11:43:24,367 - INFO - Data hoje: 10/02/2026
2026-02-10 11:43:24,367 - INFO - Data de referência: 28/02/2026
2026-02-10 11:44:29,381 - INFO - 
Qtde OS de LINHA VIVA: 3330
2026-02-10 11:44:29,381 - INFO - Qtde OS poda de LINHA MORTA: 1313
2026-02-10 11:44:29,381 - INFO - 
Qtde OS estrutural de LINHA MORTA : 0
2026-02-10 11:44:29,381 - INFO - Qtde OS poda de LINHA MORTA fora carteira: 3439
2026-02-10 11:44:29,381 - INFO - Qtde OS para desprogramar: 65
2026-02-10 11:44:29,381 - INFO - 
 Qtd de lotes de LM: 53
2026-02-10 11:44:29,381 - INFO - 
 Qtd de lotes de LV: 134
2026-02-10 11:44:29,381 - INFO - 
 Qtd de lotes de ESTRUTURAL LM: 0
2026-02-10 11:44:29,381 - INFO - 
 Qtd de lotes de LEVE: 138
2026-02-10 11:44:29,381 - INFO - 
 Qtd de lotes para desprogramar: 3
2026-02-10 11:44:29,381 - INFO - 
=== Iniciando lote 1/53 [LM] ===
2026-02-10 11:44:35,765 - INFO - Janela de seleção aberta
2026-02-10 11:44:40,003 - INFO - DEBUG: idx=0, inicio=0, fim=25
2026-02-10 11:44:40,003 - INFO - ✅ 25 OS copiadas para a área de transferência.
2026-02-10 11:44:40,003 - INFO - 📋 Lote 1 copiado.
2026-02-10 11:44:48,328 - INFO - ⌛ Esperando mudança visual...
2026-02-10 11:44:49,341 - INFO - ⌛ Esperando mudança visual...
2026-02-10 11:44:50,365 - INFO - ⌛ Esperando mudança visual...
2026-02-10 11:44:51,373 - INFO - ⌛ Esperando mudança visual...
2026-02-10 11:44:52,404 - INFO - ⌛ Esperando mudança visual...
2026-02-10 11:44:53,422 - INFO - ⌛ Esperando mudança visual...
2026-02-10 11:44:54,442 - INFO - ⌛ Esperando mudança visual...
2026-02-10 11:44:55,466 - INFO - ⌛ Esperando mudança visual...
2026-02-10 11:44:56,489 - INFO - ⌛ Esperando mudança visual...
2026-02-10 11:44:57,505 - INFO - ⌛ Esperando mudança visual...
2026-02-10 11:44:58,519 - INFO - ⌛ Esperando mudança visual...
2026-02-10 11:44:59,523 - INFO - ✅ Tela carregada!
2026-02-10 11:45:10,011 - INFO - ⌛ Aguardando janela de confirmação de desbloqueio...
2026-02-10 11:45:20,413 - INFO - ⌛ Aguardando janela de confirmação de desbloqueio...
2026-02-10 11:45:30,855 - INFO - 🟨 Registros desbloqueados com sucesso
2026-02-10 11:45:44,385 - INFO - ⌛ Aguardando janela de edição de OS...
2026-02-10 11:45:59,874 - INFO - 🟨 OS programadas detectadas
2026-02-10 11:46:03,061 - INFO - ⌛ Aguardando janela de edição de OS...
2026-02-10 11:46:18,539 - INFO - 🟨 Janela de edição de OS detectada
2026-02-10 11:46:39,918 - INFO - 🟨 Janela de edição de habilidade da turma detectada
2026-02-10 11:47:58,222 - INFO - ⌛ Aguardando detecção do campo de caracteristica 'EQUIPE PRÓPRIA OU EPS' ...
2026-02-10 11:48:17,596 - INFO - 🟨 campo de caracteristica 'EQUIPE PRÓPRIA OU EPS detectado
2026-02-10 11:48:39,399 - INFO - ⌛ Aguardando confirmação 4 - editar OS...
2026-02-10 11:48:54,855 - INFO - ⌛ Aguardando confirmação 4 - editar OS...
2026-02-10 11:49:10,407 - INFO - ⌛ Aguardando confirmação 4 - editar OS...
2026-02-10 11:49:25,917 - INFO - 🟨 Janela de confirmação 4 de edição de OS detectada
2026-02-10 11:49:56,612 - INFO - ⌛ Aguardando janela de confirmação de programação de OS...
2026-02-10 11:50:16,954 - INFO - 🟨 Janela de confirmação de programação de OS detectada
2026-02-10 11:50:30,307 - INFO - 🟨 Janela de aviso de edição de OS programadas detectada
2026-02-10 11:50:34,572 - INFO - ⌛ aguardando janela de programação de lote de OS...
2026-02-10 11:50:55,127 - INFO - 🟨 Janela de aviso de substituição de lote de OS detectada
2026-02-10 11:51:01,401 - INFO - ⌛ aguardando janela de programação de lote de OS...
2026-02-10 11:51:21,971 - INFO - 🟨 Janela de programação de lote de OS detectada
2026-02-10 11:51:59,521 - INFO - 🟨 Janela de confirmação de programação de lote de OS detectada
2026-02-10 11:52:03,846 - INFO - ⌛ aguardando confirmação final de programação do lote
2026-02-10 11:52:24,372 - INFO - 🟨 programação do lote 1 efetuado com sucesso
2026-02-10 11:52:34,549 - INFO - 
=== Iniciando lote 2/53 [LM] ===
2026-02-10 11:52:40,912 - INFO - Janela de seleção aberta
2026-02-10 11:52:45,153 - INFO - DEBUG: idx=1, inicio=25, fim=50
2026-02-10 11:52:45,153 - INFO - ✅ 25 OS copiadas para a área de transferência.
2026-02-10 11:52:45,153 - INFO - 📋 Lote 2 copiado.
2026-02-10 11:52:53,488 - INFO - ⌛ Esperando mudança visual...
2026-02-10 11:52:54,495 - INFO - ⌛ Esperando mudança visual...
2026-02-10 11:52:55,510 - INFO - ⌛ Esperando mudança visual...
2026-02-10 11:52:56,534 - INFO - ⌛ Esperando mudança visual...
2026-02-10 11:52:57,544 - INFO - ⌛ Esperando mudança visual...
2026-02-10 11:52:58,561 - INFO - ⌛ Esperando mudança visual...
2026-02-10 11:52:59,576 - INFO - ⌛ Esperando mudança visual...
2026-02-10 11:53:00,589 - INFO - ⌛ Esperando mudança visual...
2026-02-10 11:53:01,625 - INFO - ⌛ Esperando mudança visual...
2026-02-10 11:53:02,638 - INFO - ⌛ Esperando mudança visual...
2026-02-10 11:53:03,656 - INFO - ⌛ Esperando mudança visual...
2026-02-10 11:53:04,674 - INFO - ⌛ Esperando mudança visual...
2026-02-10 11:53:05,680 - INFO - ✅ Tela carregada!
2026-02-10 11:53:16,165 - INFO - ⌛ Aguardando janela de confirmação de desbloqueio...
2026-02-10 11:53:26,580 - INFO - ⌛ Aguardando janela de confirmação de desbloqueio...
2026-02-10 11:53:37,017 - INFO - 🟨 Registros desbloqueados com sucesso
2026-02-10 11:53:50,537 - INFO - ⌛ Aguardando janela de edição de OS...
2026-02-10 11:54:06,007 - INFO - 🟨 OS programadas detectadas
2026-02-10 11:54:09,179 - INFO - ⌛ Aguardando janela de edição de OS...
2026-02-10 11:54:24,637 - INFO - 🟨 Janela de edição de OS detectada
2026-02-10 11:54:46,000 - INFO - 🟨 Janela de edição de habilidade da turma detectada
2026-02-10 11:56:04,303 - INFO - ⌛ Aguardando detecção do campo de caracteristica 'EQUIPE PRÓPRIA OU EPS' ...
2026-02-10 11:56:23,675 - INFO - 🟨 campo de caracteristica 'EQUIPE PRÓPRIA OU EPS detectado
2026-02-10 11:56:45,464 - INFO - ⌛ Aguardando confirmação 4 - editar OS...
2026-02-10 11:57:00,939 - INFO - ⌛ Aguardando confirmação 4 - editar OS...
2026-02-10 11:57:16,389 - INFO - ⌛ Aguardando confirmação 4 - editar OS...
2026-02-10 11:57:31,816 - INFO - 🟨 Janela de confirmação 4 de edição de OS detectada
2026-02-10 11:58:02,487 - INFO - ⌛ Aguardando janela de confirmação de programação de OS...
2026-02-10 11:58:22,834 - INFO - 🟨 Janela de confirmação de programação de OS detectada
2026-02-10 11:58:36,133 - INFO - 🟨 Janela de aviso de edição de OS programadas detectada
2026-02-10 11:58:40,386 - INFO - ⌛ aguardando janela de programação de lote de OS...
2026-02-10 11:59:00,873 - INFO - 🟨 Janela de aviso de substituição de lote de OS detectada
2026-02-10 11:59:07,150 - INFO - ⌛ aguardando janela de programação de lote de OS...
2026-02-10 11:59:27,645 - INFO - 🟨 Janela de programação de lote de OS detectada
2026-02-10 12:00:05,165 - INFO - 🟨 Janela de confirmação de programação de lote de OS detectada
2026-02-10 12:00:09,431 - INFO - ⌛ aguardando confirmação final de programação do lote
2026-02-10 12:00:29,933 - INFO - 🟨 programação do lote 2 efetuado com sucesso
2026-02-10 12:00:40,094 - INFO - 
=== Iniciando lote 3/53 [LM] ===
2026-02-10 12:00:46,456 - INFO - Janela de seleção aberta
2026-02-10 12:00:50,680 - INFO - DEBUG: idx=2, inicio=50, fim=75
2026-02-10 12:00:50,680 - INFO - ✅ 25 OS copiadas para a área de transferência.
2026-02-10 12:00:50,680 - INFO - 📋 Lote 3 copiado.
2026-02-10 12:00:59,022 - INFO - ⌛ Esperando mudança visual...
2026-02-10 12:01:00,025 - INFO - ⌛ Esperando mudança visual...
2026-02-10 12:01:01,037 - INFO - ⌛ Esperando mudança visual...
2026-02-10 12:01:02,048 - INFO - ⌛ Esperando mudança visual...
2026-02-10 12:01:03,064 - INFO - ⌛ Esperando mudança visual...
2026-02-10 12:01:04,095 - INFO - ⌛ Esperando mudança visual...
2026-02-10 12:01:05,111 - INFO - ⌛ Esperando mudança visual...
2026-02-10 12:01:06,117 - INFO - ⌛ Esperando mudança visual...
2026-02-10 12:01:07,133 - INFO - ⌛ Esperando mudança visual...
2026-02-10 12:01:08,145 - INFO - ⌛ Esperando mudança visual...
2026-02-10 12:01:09,162 - INFO - ⌛ Esperando mudança visual...
2026-02-10 12:01:10,172 - INFO - ⌛ Esperando mudança visual...
2026-02-10 12:01:11,189 - INFO - ⌛ Esperando mudança visual...
2026-02-10 12:01:12,212 - INFO - ✅ Tela carregada!
2026-02-10 12:01:22,674 - INFO - ⌛ Aguardando janela de confirmação de desbloqueio...
2026-02-10 12:01:33,110 - INFO - ⌛ Aguardando janela de confirmação de desbloqueio...
2026-02-10 12:01:43,545 - INFO - ⌛ Aguardando janela de confirmação de desbloqueio...
2026-02-10 12:01:53,967 - INFO - ⌛ Aguardando janela de confirmação de desbloqueio...
2026-02-10 12:02:04,406 - INFO - ⌛ Aguardando janela de confirmação de desbloqueio...
2026-02-10 12:02:14,826 - INFO - ⌛ Aguardando janela de confirmação de desbloqueio...
2026-02-10 12:02:25,238 - INFO - ⌛ Aguardando janela de confirmação de desbloqueio...
2026-02-10 12:02:35,659 - INFO - ⌛ Aguardando janela de confirmação de desbloqueio...
2026-02-10 12:02:46,144 - INFO - ⌛ Aguardando janela de confirmação de desbloqueio...
2026-02-10 12:02:56,573 - INFO - ⌛ Aguardando janela de confirmação de desbloqueio...
2026-02-10 12:03:06,998 - INFO - ⌛ Aguardando janela de confirmação de desbloqueio...
2026-02-10 12:03:17,399 - INFO - ⌛ Aguardando janela de confirmação de desbloqueio...
2026-02-10 12:03:27,823 - INFO - ⌛ Aguardando janela de confirmação de desbloqueio...
2026-02-10 12:03:38,241 - INFO - ⌛ Aguardando janela de confirmação de desbloqueio...
2026-02-10 12:03:48,646 - INFO - ⌛ Aguardando janela de confirmação de desbloqueio...
2026-02-10 12:03:59,064 - INFO - ⌛ Aguardando janela de confirmação de desbloqueio...
2026-02-10 12:04:09,520 - INFO - ⌛ Aguardando janela de confirmação de desbloqueio...
2026-02-10 12:04:19,967 - INFO - ⌛ Aguardando janela de confirmação de desbloqueio...
2026-02-10 12:04:30,413 - INFO - ⌛ Aguardando janela de confirmação de desbloqueio...
2026-02-10 12:04:40,813 - INFO - ⌛ Aguardando janela de confirmação de desbloqueio...
2026-02-10 12:04:51,200 - INFO - ⌛ Aguardando janela de confirmação de desbloqueio...
2026-02-10 12:05:01,621 - INFO - ⌛ Aguardando janela de confirmação de desbloqueio...
2026-02-10 12:05:12,056 - INFO - ⌛ Aguardando janela de confirmação de desbloqueio...
2026-02-10 12:05:22,459 - INFO - ⌛ Aguardando janela de confirmação de desbloqueio...
2026-02-10 12:05:32,845 - INFO - ⌛ Aguardando janela de confirmação de desbloqueio...
2026-02-10 12:05:43,233 - INFO - ⌛ Aguardando janela de confirmação de desbloqueio...
2026-02-10 12:05:53,676 - INFO - ⌛ Aguardando janela de confirmação de desbloqueio...
2026-02-10 12:06:04,122 - INFO - ⌛ Aguardando janela de confirmação de desbloqueio...
2026-02-10 12:06:14,608 - INFO - ⌛ Aguardando janela de confirmação de desbloqueio...
2026-02-10 12:06:24,993 - INFO - ⌛ Aguardando janela de confirmação de desbloqueio...
2026-02-10 12:06:35,381 - INFO - ⌛ Aguardando janela de confirmação de desbloqueio...
2026-02-10 12:06:45,789 - INFO - ⌛ Aguardando janela de confirmação de desbloqueio...
2026-02-10 12:06:56,166 - INFO - ⌛ Aguardando janela de confirmação de desbloqueio...
2026-02-10 12:07:06,568 - INFO - ⌛ Aguardando janela de confirmação de desbloqueio...
2026-02-10 12:07:16,960 - INFO - ⌛ Aguardando janela de confirmação de desbloqueio...
2026-02-10 12:07:27,336 - INFO - ⌛ Aguardando janela de confirmação de desbloqueio...
2026-02-10 12:07:37,740 - INFO - ⌛ Aguardando janela de confirmação de desbloqueio...
2026-02-10 12:07:48,127 - INFO - ⌛ Aguardando janela de confirmação de desbloqueio...
2026-02-10 12:07:58,515 - INFO - ⌛ Aguardando janela de confirmação de desbloqueio...
2026-02-10 12:08:08,901 - INFO - ⌛ Aguardando janela de confirmação de desbloqueio...
2026-02-10 12:08:19,290 - INFO - ⌛ Aguardando janela de confirmação de desbloqueio...
2026-02-10 12:08:29,681 - INFO - ⌛ Aguardando janela de confirmação de desbloqueio...
2026-02-10 12:08:40,079 - INFO - ⌛ Aguardando janela de confirmação de desbloqueio...
2026-02-10 12:08:50,490 - INFO - ⌛ Aguardando janela de confirmação de desbloqueio...
2026-02-10 12:09:00,894 - INFO - ⌛ Aguardando janela de confirmação de desbloqueio...
2026-02-10 12:09:11,314 - INFO - ⌛ Aguardando janela de confirmação de desbloqueio...
2026-02-10 12:09:21,796 - INFO - ⌛ Aguardando janela de confirmação de desbloqueio...
2026-02-10 12:09:32,192 - INFO - ⌛ Aguardando janela de confirmação de desbloqueio...
2026-02-10 12:09:42,615 - INFO - ⌛ Aguardando janela de confirmação de desbloqueio...
2026-02-10 12:09:53,042 - INFO - ⌛ Aguardando janela de confirmação de desbloqueio...
2026-02-10 12:10:03,437 - INFO - ⌛ Aguardando janela de confirmação de desbloqueio...
2026-02-10 12:10:13,859 - INFO - ⌛ Aguardando janela de confirmação de desbloqueio...
2026-02-10 12:10:24,303 - INFO - 🟨 Registros desbloqueados com sucesso
2026-02-10 12:10:37,851 - INFO - ⌛ Aguardando janela de edição de OS...
2026-02-10 12:10:53,357 - INFO - 🟨 OS programadas detectadas
2026-02-10 12:10:56,533 - INFO - ⌛ Aguardando janela de edição de OS...
2026-02-10 12:11:12,009 - INFO - 🟨 Janela de edição de OS detectada
2026-02-10 12:11:33,377 - INFO - 🟨 Janela de edição de habilidade da turma detectada
2026-02-10 12:12:51,699 - INFO - ⌛ Aguardando detecção do campo de caracteristica 'EQUIPE PRÓPRIA OU EPS' ...
2026-02-10 12:13:11,060 - INFO - 🟨 campo de caracteristica 'EQUIPE PRÓPRIA OU EPS detectado
2026-02-10 12:13:32,857 - INFO - ⌛ Aguardando confirmação 4 - editar OS...
2026-02-10 12:13:48,367 - INFO - ⌛ Aguardando confirmação 4 - editar OS...
2026-02-10 12:14:03,865 - INFO - ⌛ Aguardando confirmação 4 - editar OS...
2026-02-10 12:14:19,342 - INFO - 🟨 Janela de confirmação 4 de edição de OS detectada
2026-02-10 12:14:50,042 - INFO - ⌛ Aguardando janela de confirmação de programação de OS...
2026-02-10 12:15:10,436 - INFO - 🟨 Janela de confirmação de programação de OS detectada
2026-02-10 12:15:23,775 - INFO - 🟨 Janela de aviso de edição de OS programadas detectada
2026-02-10 12:15:28,028 - INFO - ⌛ aguardando janela de programação de lote de OS...
2026-02-10 12:15:48,546 - INFO - 🟨 Janela de aviso de substituição de lote de OS detectada
2026-02-10 12:15:54,824 - INFO - ⌛ aguardando janela de programação de lote de OS...
2026-02-10 12:16:15,413 - INFO - ⌛ aguardando janela de programação de lote de OS...
2026-02-10 12:16:35,948 - INFO - ⌛ aguardando janela de programação de lote de OS...
2026-02-10 12:16:56,477 - INFO - ⌛ aguardando janela de programação de lote de OS...
2026-02-10 12:17:17,033 - INFO - ⌛ aguardando janela de programação de lote de OS...
2026-02-10 12:17:37,600 - INFO - ⌛ aguardando janela de programação de lote de OS...
2026-02-10 12:17:58,202 - INFO - ⌛ aguardando janela de programação de lote de OS...
2026-02-10 12:18:18,752 - INFO - ⌛ aguardando janela de programação de lote de OS...
2026-02-10 12:18:39,333 - INFO - ⌛ aguardando janela de programação de lote de OS...
2026-02-10 12:18:59,872 - INFO - ⌛ aguardando janela de programação de lote de OS...
2026-02-10 12:19:20,409 - INFO - ⌛ aguardando janela de programação de lote de OS...
2026-02-10 12:19:41,027 - INFO - ⌛ aguardando janela de programação de lote de OS...
2026-02-10 12:20:01,583 - INFO - ⌛ aguardando janela de programação de lote de OS...
2026-02-10 12:20:22,119 - INFO - ⌛ aguardando janela de programação de lote de OS...
2026-02-10 12:20:42,649 - INFO - ⌛ aguardando janela de programação de lote de OS...
2026-02-10 12:21:03,196 - INFO - ⌛ aguardando janela de programação de lote de OS...
2026-02-10 12:21:23,758 - INFO - ⌛ aguardando janela de programação de lote de OS...
2026-02-10 12:21:44,291 - INFO - ⌛ aguardando janela de programação de lote de OS...
2026-02-10 12:22:04,817 - INFO - ⌛ aguardando janela de programação de lote de OS...
2026-02-10 12:22:25,381 - INFO - ⌛ aguardando janela de programação de lote de OS...
2026-02-10 12:22:46,210 - INFO - ⌛ aguardando janela de programação de lote de OS...
2026-02-10 12:23:07,732 - INFO - ⌛ aguardando janela de programação de lote de OS...
2026-02-10 12:23:29,191 - INFO - ⌛ aguardando janela de programação de lote de OS...
2026-02-10 12:23:50,556 - INFO - ⌛ aguardando janela de programação de lote de OS...
2026-02-10 12:24:12,022 - INFO - ⌛ aguardando janela de programação de lote de OS...
2026-02-10 12:24:33,337 - INFO - ⌛ aguardando janela de programação de lote de OS...
2026-02-10 12:24:54,700 - INFO - ⌛ aguardando janela de programação de lote de OS...
2026-02-10 12:25:16,043 - INFO - verificando janela oculta
2026-02-10 12:25:38,656 - INFO - Janela restaurada
2026-02-10 12:25:38,656 - INFO - ⌛ aguardando janela de programação de lote de OS...
2026-02-10 12:26:00,192 - INFO - 🟨 Janela de programação de lote de OS detectada
2026-02-10 12:26:38,074 - INFO - 🟨 Janela de confirmação de programação de lote de OS detectada
2026-02-10 12:26:42,683 - INFO - ⌛ aguardando confirmação final de programação do lote
2026-02-10 12:27:03,893 - INFO - 🟨 programação do lote 3 efetuado com sucesso
2026-02-10 12:27:14,214 - INFO - 
=== Iniciando lote 4/53 [LM] ===
2026-02-10 12:27:20,686 - INFO - Janela de seleção aberta
2026-02-10 12:27:24,973 - INFO - DEBUG: idx=3, inicio=75, fim=100
2026-02-10 12:27:24,973 - INFO - ✅ 25 OS copiadas para a área de transferência.
2026-02-10 12:27:24,973 - INFO - 📋 Lote 4 copiado.
2026-02-10 12:27:33,319 - INFO - ⌛ Esperando mudança visual...
2026-02-10 12:27:34,335 - INFO - ⌛ Esperando mudança visual...
2026-02-10 12:27:35,349 - INFO - ⌛ Esperando mudança visual...
2026-02-10 12:27:36,366 - INFO - ⌛ Esperando mudança visual...
2026-02-10 12:27:37,374 - INFO - ⌛ Esperando mudança visual...
2026-02-10 12:27:38,392 - INFO - ⌛ Esperando mudança visual...
2026-02-10 12:27:39,412 - INFO - ⌛ Esperando mudança visual...
2026-02-10 12:27:40,437 - INFO - ⌛ Esperando mudança visual...
2026-02-10 12:27:41,444 - INFO - ⌛ Esperando mudança visual...
2026-02-10 12:27:42,461 - INFO - ⌛ Esperando mudança visual...
2026-02-10 12:27:43,483 - INFO - ⌛ Esperando mudança visual...
2026-02-10 12:27:44,507 - INFO - ⌛ Esperando mudança visual...
2026-02-10 12:27:45,524 - INFO - ✅ Tela carregada!
2026-02-10 12:27:56,136 - INFO - ⌛ Aguardando janela de confirmação de desbloqueio...
2026-02-10 12:28:07,155 - INFO - ⌛ Aguardando janela de confirmação de desbloqueio...
2026-02-10 12:28:07,551 - INFO - 🟨 Identificado travamento no EQM, reiniciando contador de espera
2026-02-10 12:28:18,238 - INFO - 🟨 Registros desbloqueados com sucesso
2026-02-10 12:28:32,010 - INFO - ⌛ Aguardando janela de edição de OS...
2026-02-10 12:28:48,380 - INFO - 🟨 OS programadas detectadas
2026-02-10 12:28:51,664 - INFO - ⌛ Aguardando janela de edição de OS...
2026-02-10 12:29:07,972 - INFO - 🟨 Janela de edição de OS detectada
2026-02-10 12:29:29,504 - INFO - 🟨 Janela de edição de habilidade da turma detectada
2026-02-10 12:30:47,945 - INFO - ⌛ Aguardando detecção do campo de caracteristica 'EQUIPE PRÓPRIA OU EPS' ...
2026-02-10 12:31:07,410 - INFO - 🟨 campo de caracteristica 'EQUIPE PRÓPRIA OU EPS detectado
2026-02-10 12:31:29,614 - INFO - ⌛ Aguardando confirmação 4 - editar OS...
2026-02-10 12:31:45,887 - INFO - ⌛ Aguardando confirmação 4 - editar OS...
2026-02-10 12:32:02,131 - INFO - ⌛ Aguardando confirmação 4 - editar OS...
2026-02-10 12:32:18,121 - INFO - 🟨 Janela de confirmação 4 de edição de OS detectada
2026-02-10 12:32:49,157 - INFO - ⌛ Aguardando janela de confirmação de programação de OS...
2026-02-10 12:33:10,166 - INFO - 🟨 Janela de confirmação de programação de OS detectada
2026-02-10 12:33:23,891 - INFO - 🟨 Janela de aviso de edição de OS programadas detectada
2026-02-10 12:33:28,282 - INFO - ⌛ aguardando janela de programação de lote de OS...
2026-02-10 12:33:49,672 - INFO - 🟨 Janela de aviso de substituição de lote de OS detectada
2026-02-10 12:33:56,043 - INFO - ⌛ aguardando janela de programação de lote de OS...
2026-02-10 12:34:17,430 - INFO - 🟨 Janela de programação de lote de OS detectada
2026-02-10 12:34:55,301 - INFO - 🟨 Janela de confirmação de programação de lote de OS detectada
2026-02-10 12:35:00,031 - INFO - ⌛ aguardando confirmação final de programação do lote
2026-02-10 12:35:21,351 - INFO - 🟨 programação do lote 4 efetuado com sucesso
2026-02-10 12:35:31,648 - INFO - 
=== Iniciando lote 5/53 [LM] ===
2026-02-10 12:35:38,120 - INFO - Janela de seleção aberta
2026-02-10 12:35:42,399 - INFO - DEBUG: idx=4, inicio=100, fim=125
2026-02-10 12:35:42,399 - INFO - ✅ 25 OS copiadas para a área de transferência.
2026-02-10 12:35:42,399 - INFO - 📋 Lote 5 copiado.
2026-02-10 12:35:50,728 - INFO - ⌛ Esperando mudança visual...
2026-02-10 12:35:51,737 - INFO - ⌛ Esperando mudança visual...
2026-02-10 12:35:52,761 - INFO - ⌛ Esperando mudança visual...
2026-02-10 12:35:53,778 - INFO - ⌛ Esperando mudança visual...
2026-02-10 12:35:54,793 - INFO - ⌛ Esperando mudança visual...
2026-02-10 12:35:55,819 - INFO - ⌛ Esperando mudança visual...
2026-02-10 12:35:56,839 - INFO - ⌛ Esperando mudança visual...
2026-02-10 12:35:57,847 - INFO - ⌛ Esperando mudança visual...
2026-02-10 12:35:58,852 - INFO - ⌛ Esperando mudança visual...
2026-02-10 12:35:59,865 - INFO - ⌛ Esperando mudança visual...
2026-02-10 12:36:00,879 - INFO - ⌛ Esperando mudança visual...
2026-02-10 12:36:01,897 - INFO - ⌛ Esperando mudança visual...
2026-02-10 12:36:02,912 - INFO - ⌛ Esperando mudança visual...
2026-02-10 12:36:03,930 - INFO - ✅ Tela carregada!
2026-02-10 12:36:14,526 - INFO - ⌛ Aguardando janela de confirmação de desbloqueio...
2026-02-10 12:36:25,528 - INFO - ⌛ Aguardando janela de confirmação de desbloqueio...
2026-02-10 12:36:36,647 - INFO - 🟨 Registros desbloqueados com sucesso
2026-02-10 12:36:50,456 - INFO - ⌛ Aguardando janela de edição de OS...
2026-02-10 12:37:06,639 - INFO - 🟨 OS programadas detectadas
2026-02-10 12:37:09,915 - INFO - ⌛ Aguardando janela de edição de OS...
2026-02-10 12:37:26,027 - INFO - 🟨 Janela de edição de OS detectada
2026-02-10 12:37:47,485 - INFO - 🟨 Janela de edição de habilidade da turma detectada
2026-02-10 12:39:05,936 - INFO - ⌛ Aguardando detecção do campo de caracteristica 'EQUIPE PRÓPRIA OU EPS' ...
2026-02-10 12:39:25,409 - INFO - 🟨 campo de caracteristica 'EQUIPE PRÓPRIA OU EPS detectado
2026-02-10 12:39:47,655 - INFO - ⌛ Aguardando confirmação 4 - editar OS...
2026-02-10 12:40:03,945 - INFO - ⌛ Aguardando confirmação 4 - editar OS...
2026-02-10 12:40:20,119 - INFO - ⌛ Aguardando confirmação 4 - editar OS...
2026-02-10 12:40:36,166 - INFO - ⌛ Aguardando confirmação 4 - editar OS...
2026-02-10 12:40:52,304 - INFO - ⌛ Aguardando confirmação 4 - editar OS...
2026-02-10 12:41:08,392 - INFO - ⌛ Aguardando confirmação 4 - editar OS...
2026-02-10 12:41:24,491 - INFO - ⌛ Aguardando confirmação 4 - editar OS...
2026-02-10 12:41:40,718 - INFO - ⌛ Aguardando confirmação 4 - editar OS...
2026-02-10 12:41:56,953 - INFO - ⌛ Aguardando confirmação 4 - editar OS...
2026-02-10 12:42:13,000 - INFO - ⌛ Aguardando confirmação 4 - editar OS...
2026-02-10 12:42:29,119 - INFO - ⌛ Aguardando confirmação 4 - editar OS...
2026-02-10 12:42:45,201 - INFO - ⌛ Aguardando confirmação 4 - editar OS...
2026-02-10 12:43:01,386 - INFO - ⌛ Aguardando confirmação 4 - editar OS...
2026-02-10 12:43:17,573 - INFO - ⌛ Aguardando confirmação 4 - editar OS...
2026-02-10 12:43:33,652 - INFO - ⌛ Aguardando confirmação 4 - editar OS...
2026-02-10 12:43:49,844 - INFO - ⌛ Aguardando confirmação 4 - editar OS...
2026-02-10 12:44:05,970 - INFO - ⌛ Aguardando confirmação 4 - editar OS...
2026-02-10 12:44:22,087 - INFO - ⌛ Aguardando confirmação 4 - editar OS...
2026-02-10 12:44:38,203 - INFO - ⌛ Aguardando confirmação 4 - editar OS...
2026-02-10 12:44:54,301 - INFO - ⌛ Aguardando confirmação 4 - editar OS...
2026-02-10 12:45:10,424 - INFO - ⌛ Aguardando confirmação 4 - editar OS...
2026-02-10 12:45:26,666 - INFO - ⌛ Aguardando confirmação 4 - editar OS...
2026-02-10 12:45:42,801 - INFO - ⌛ Aguardando confirmação 4 - editar OS...
2026-02-10 12:45:59,038 - INFO - ⌛ Aguardando confirmação 4 - editar OS...
2026-02-10 12:46:15,187 - INFO - ⌛ Aguardando confirmação 4 - editar OS...
2026-02-10 12:46:31,401 - INFO - ⌛ Aguardando confirmação 4 - editar OS...
2026-02-10 12:46:47,547 - INFO - ⌛ Aguardando confirmação 4 - editar OS...
2026-02-10 12:47:03,748 - INFO - ⌛ Aguardando confirmação 4 - editar OS...
2026-02-10 12:47:19,861 - INFO - ⌛ Aguardando confirmação 4 - editar OS...
2026-02-10 12:47:36,011 - INFO - ⌛ Aguardando confirmação 4 - editar OS...
2026-02-10 12:47:52,193 - INFO - ⌛ Aguardando confirmação 4 - editar OS...
2026-02-10 12:48:08,247 - INFO - ⌛ Aguardando confirmação 4 - editar OS...
2026-02-10 12:48:24,423 - INFO - ⌛ Aguardando confirmação 4 - editar OS...
2026-02-10 12:48:40,652 - INFO - ⌛ Aguardando confirmação 4 - editar OS...
2026-02-10 12:48:56,865 - INFO - ⌛ Aguardando confirmação 4 - editar OS...
2026-02-10 12:49:13,146 - INFO - ⌛ Aguardando confirmação 4 - editar OS...
2026-02-10 12:49:29,368 - INFO - ⌛ Aguardando confirmação 4 - editar OS...
2026-02-10 12:49:45,611 - INFO - ⌛ Aguardando confirmação 4 - editar OS...
2026-02-10 12:50:01,865 - INFO - verificando janela oculta
2026-02-10 12:50:22,414 - INFO - ⏱️ Tempo limite atingido. Abortando seleção
2026-02-10 12:58:11,441 - INFO - Data hoje: 10/02/2026
2026-02-10 12:58:11,441 - INFO - Data de referência: 28/02/2026
2026-02-10 12:59:35,543 - INFO - 
Qtde OS de LINHA VIVA: 1160
2026-02-10 12:59:35,543 - INFO - Qtde OS poda de LINHA MORTA: 497
2026-02-10 12:59:35,543 - INFO - 
Qtde OS estrutural de LINHA MORTA : 0
2026-02-10 12:59:35,543 - INFO - Qtde OS poda de LINHA MORTA fora carteira: 1696
2026-02-10 12:59:35,543 - INFO - Qtde OS para desprogramar: 134
2026-02-10 12:59:35,543 - INFO - 
 Qtd de lotes de LM: 20
2026-02-10 12:59:35,543 - INFO - 
 Qtd de lotes de LV: 47
2026-02-10 12:59:35,543 - INFO - 
 Qtd de lotes de ESTRUTURAL LM: 0
2026-02-10 12:59:35,543 - INFO - 
 Qtd de lotes de LEVE: 68
2026-02-10 12:59:35,543 - INFO - 
 Qtd de lotes para desprogramar: 6
2026-02-10 12:59:35,543 - INFO - 
=== Iniciando lote 5/20 [LM] ===
2026-02-10 12:59:42,089 - INFO - Janela de seleção aberta
2026-02-10 12:59:46,360 - INFO - DEBUG: idx=4, inicio=100, fim=125
2026-02-10 12:59:46,360 - INFO - ✅ 25 OS copiadas para a área de transferência.
2026-02-10 12:59:46,360 - INFO - 📋 Lote 5 copiado.
2026-02-10 12:59:54,706 - INFO - ⌛ Esperando mudança visual...
2026-02-10 12:59:55,715 - INFO - ⌛ Esperando mudança visual...
2026-02-10 12:59:56,731 - INFO - ⌛ Esperando mudança visual...
2026-02-10 12:59:57,748 - INFO - ⌛ Esperando mudança visual...
2026-02-10 12:59:58,768 - INFO - ⌛ Esperando mudança visual...
2026-02-10 12:59:59,780 - INFO - ⌛ Esperando mudança visual...
2026-02-10 13:00:00,801 - INFO - ⌛ Esperando mudança visual...
2026-02-10 13:00:01,815 - INFO - ⌛ Esperando mudança visual...
2026-02-10 13:00:02,834 - INFO - ⌛ Esperando mudança visual...
2026-02-10 13:00:03,850 - INFO - ⌛ Esperando mudança visual...
2026-02-10 13:00:04,851 - INFO - ⌛ Esperando mudança visual...
2026-02-10 13:00:05,883 - INFO - ✅ Tela carregada!
2026-02-10 13:00:16,464 - INFO - ⌛ Aguardando janela de confirmação de desbloqueio...
2026-02-10 13:00:27,446 - INFO - ⌛ Aguardando janela de confirmação de desbloqueio...
2026-02-10 13:00:38,438 - INFO - 🟨 Registros desbloqueados com sucesso
2026-02-10 13:00:52,198 - INFO - ⌛ Aguardando janela de edição de OS...
2026-02-10 13:01:08,312 - INFO - 🟨 OS programadas detectadas
2026-02-10 13:01:11,587 - INFO - ⌛ Aguardando janela de edição de OS...
2026-02-10 13:01:27,711 - INFO - 🟨 Janela de edição de OS detectada
2026-02-10 13:01:49,160 - INFO - 🟨 Janela de edição de habilidade da turma detectada
2026-02-10 13:03:07,599 - INFO - ⌛ Aguardando detecção do campo de caracteristica 'EQUIPE PRÓPRIA OU EPS' ...
2026-02-10 13:03:27,068 - INFO - 🟨 campo de caracteristica 'EQUIPE PRÓPRIA OU EPS detectado
2026-02-10 13:03:49,235 - INFO - ⌛ Aguardando confirmação 4 - editar OS...
2026-02-10 13:04:05,442 - INFO - ⌛ Aguardando confirmação 4 - editar OS...
2026-02-10 13:04:21,633 - INFO - ⌛ Aguardando confirmação 4 - editar OS...
2026-02-10 13:04:37,679 - INFO - 🟨 Janela de confirmação 4 de edição de OS detectada
2026-02-10 13:05:08,816 - INFO - ⌛ Aguardando janela de confirmação de programação de OS...
2026-02-10 13:05:30,070 - INFO - 🟨 Janela de confirmação de programação de OS detectada
2026-02-10 13:05:43,865 - INFO - 🟨 Janela de aviso de edição de OS programadas detectada
2026-02-10 13:05:48,306 - INFO - ⌛ aguardando janela de programação de lote de OS...
2026-02-10 13:06:09,940 - INFO - 🟨 Janela de aviso de substituição de lote de OS detectada
2026-02-10 13:06:16,328 - INFO - ⌛ aguardando janela de programação de lote de OS...
2026-02-10 13:06:37,829 - INFO - ⌛ aguardando janela de programação de lote de OS...
2026-02-10 13:06:59,423 - INFO - ⌛ aguardando janela de programação de lote de OS...
2026-02-10 13:07:21,044 - INFO - ⌛ aguardando janela de programação de lote de OS...
2026-02-10 13:07:42,434 - INFO - ⌛ aguardando janela de programação de lote de OS...
2026-02-10 13:08:03,767 - INFO - ⌛ aguardando janela de programação de lote de OS...
2026-02-10 13:08:25,112 - INFO - ⌛ aguardando janela de programação de lote de OS...
2026-02-10 13:08:46,495 - INFO - ⌛ aguardando janela de programação de lote de OS...
2026-02-10 13:09:07,916 - INFO - ⌛ aguardando janela de programação de lote de OS...
2026-02-10 13:09:29,368 - INFO - ⌛ aguardando janela de programação de lote de OS...
2026-02-10 13:09:50,782 - INFO - ⌛ aguardando janela de programação de lote de OS...
2026-02-10 13:10:12,117 - INFO - ⌛ aguardando janela de programação de lote de OS...
2026-02-10 13:10:33,395 - INFO - ⌛ aguardando janela de programação de lote de OS...
2026-02-10 13:10:54,739 - INFO - ⌛ aguardando janela de programação de lote de OS...
2026-02-10 13:11:16,015 - INFO - ⌛ aguardando janela de programação de lote de OS...
2026-02-10 13:11:37,314 - INFO - ⌛ aguardando janela de programação de lote de OS...
2026-02-10 13:11:58,637 - INFO - ⌛ aguardando janela de programação de lote de OS...
2026-02-10 13:12:19,984 - INFO - ⌛ aguardando janela de programação de lote de OS...
2026-02-10 13:12:41,359 - INFO - ⌛ aguardando janela de programação de lote de OS...
2026-02-10 13:13:02,656 - INFO - ⌛ aguardando janela de programação de lote de OS...
2026-02-10 13:13:23,895 - INFO - ⌛ aguardando janela de programação de lote de OS...
2026-02-10 13:13:45,186 - INFO - ⌛ aguardando janela de programação de lote de OS...
2026-02-10 13:14:06,438 - INFO - ⌛ aguardando janela de programação de lote de OS...
2026-02-10 13:14:27,681 - INFO - ⌛ aguardando janela de programação de lote de OS...
2026-02-10 13:14:49,011 - INFO - ⌛ aguardando janela de programação de lote de OS...
2026-02-10 13:15:10,403 - INFO - ⌛ aguardando janela de programação de lote de OS...
2026-02-10 13:15:31,825 - INFO - ⌛ aguardando janela de programação de lote de OS...
2026-02-10 13:15:53,154 - INFO - verificando janela oculta
2026-02-10 13:16:15,719 - INFO - Janela restaurada
2026-02-10 13:16:15,719 - INFO - ⌛ aguardando janela de programação de lote de OS...
2026-02-10 13:16:37,090 - INFO - 🟨 Janela de programação de lote de OS detectada
2026-02-10 13:17:14,953 - INFO - 🟨 Janela de confirmação de programação de lote de OS detectada
2026-02-10 13:17:19,550 - INFO - ⌛ aguardando confirmação final de programação do lote
2026-02-10 13:17:40,696 - INFO - 🟨 programação do lote 5 efetuado com sucesso
2026-02-10 13:17:50,956 - INFO - 
=== Iniciando lote 6/20 [LM] ===
2026-02-10 13:17:57,410 - INFO - Janela de seleção aberta
2026-02-10 13:18:01,740 - INFO - DEBUG: idx=5, inicio=125, fim=150
2026-02-10 13:18:01,743 - INFO - ✅ 25 OS copiadas para a área de transferência.
2026-02-10 13:18:01,743 - INFO - 📋 Lote 6 copiado.
2026-02-10 13:18:10,068 - INFO - ⌛ Esperando mudança visual...
2026-02-10 13:18:11,078 - INFO - ⌛ Esperando mudança visual...
2026-02-10 13:18:12,104 - INFO - ⌛ Esperando mudança visual...
2026-02-10 13:18:13,118 - INFO - ⌛ Esperando mudança visual...
2026-02-10 13:18:14,126 - INFO - ⌛ Esperando mudança visual...
2026-02-10 13:18:15,149 - INFO - ⌛ Esperando mudança visual...
2026-02-10 13:18:16,161 - INFO - ⌛ Esperando mudança visual...
2026-02-10 13:18:17,181 - INFO - ⌛ Esperando mudança visual...
2026-02-10 13:18:18,191 - INFO - ⌛ Esperando mudança visual...
2026-02-10 13:18:19,205 - INFO - ⌛ Esperando mudança visual...
2026-02-10 13:18:20,236 - INFO - ⌛ Esperando mudança visual...
2026-02-10 13:18:21,263 - INFO - ✅ Tela carregada!
2026-02-10 13:18:31,836 - INFO - ⌛ Aguardando janela de confirmação de desbloqueio...
2026-02-10 13:18:42,779 - INFO - ⌛ Aguardando janela de confirmação de desbloqueio...
2026-02-10 13:18:53,723 - INFO - 🟨 Registros desbloqueados com sucesso
2026-02-10 13:19:07,462 - INFO - ⌛ Aguardando janela de edição de OS...
2026-02-10 13:19:23,632 - INFO - 🟨 OS programadas detectadas
2026-02-10 13:19:26,925 - INFO - ⌛ Aguardando janela de edição de OS...
2026-02-10 13:19:43,233 - INFO - 🟨 Janela de edição de OS detectada
2026-02-10 13:20:04,684 - INFO - 🟨 Janela de edição de habilidade da turma detectada
2026-02-10 13:21:23,181 - INFO - ⌛ Aguardando detecção do campo de caracteristica 'EQUIPE PRÓPRIA OU EPS' ...
2026-02-10 13:21:42,641 - INFO - 🟨 campo de caracteristica 'EQUIPE PRÓPRIA OU EPS detectado
2026-02-10 13:22:04,772 - INFO - ⌛ Aguardando confirmação 4 - editar OS...
2026-02-10 13:22:20,897 - INFO - ⌛ Aguardando confirmação 4 - editar OS...
2026-02-10 13:22:37,041 - INFO - ⌛ Aguardando confirmação 4 - editar OS...
2026-02-10 13:22:53,139 - INFO - 🟨 Janela de confirmação 4 de edição de OS detectada
2026-02-10 13:23:24,266 - INFO - ⌛ Aguardando janela de confirmação de programação de OS...
2026-02-10 13:23:45,435 - INFO - 🟨 Janela de confirmação de programação de OS detectada
2026-02-10 13:23:59,297 - INFO - 🟨 Janela de aviso de edição de OS programadas detectada
2026-02-10 13:24:03,688 - INFO - ⌛ aguardando janela de programação de lote de OS...
2026-02-10 13:24:24,974 - INFO - 🟨 Janela de aviso de substituição de lote de OS detectada
2026-02-10 13:24:31,360 - INFO - ⌛ aguardando janela de programação de lote de OS...
2026-02-10 13:24:52,620 - INFO - 🟨 Janela de programação de lote de OS detectada
2026-02-10 13:25:30,461 - INFO - 🟨 Janela de confirmação de programação de lote de OS detectada
2026-02-10 13:25:35,025 - INFO - ⌛ aguardando confirmação final de programação do lote
2026-02-10 13:25:56,170 - INFO - 🟨 programação do lote 6 efetuado com sucesso
2026-02-10 13:26:06,463 - INFO - 
=== Iniciando lote 7/20 [LM] ===
2026-02-10 13:26:12,962 - INFO - Janela de seleção aberta
2026-02-10 13:26:17,275 - INFO - DEBUG: idx=6, inicio=150, fim=175
2026-02-10 13:26:17,275 - INFO - ✅ 25 OS copiadas para a área de transferência.
2026-02-10 13:26:17,275 - INFO - 📋 Lote 7 copiado.
2026-02-10 13:26:25,607 - INFO - ⌛ Esperando mudança visual...
2026-02-10 13:26:26,635 - INFO - ⌛ Esperando mudança visual...
2026-02-10 13:26:27,638 - INFO - ⌛ Esperando mudança visual...
2026-02-10 13:26:28,664 - INFO - ⌛ Esperando mudança visual...
2026-02-10 13:26:29,684 - INFO - ⌛ Esperando mudança visual...
2026-02-10 13:26:30,710 - INFO - ⌛ Esperando mudança visual...
2026-02-10 13:26:31,726 - INFO - ⌛ Esperando mudança visual...
2026-02-10 13:26:32,737 - INFO - ⌛ Esperando mudança visual...
2026-02-10 13:26:33,755 - INFO - ⌛ Esperando mudança visual...
2026-02-10 13:26:34,761 - INFO - ⌛ Esperando mudança visual...
2026-02-10 13:26:35,772 - INFO - ⌛ Esperando mudança visual...
2026-02-10 13:26:36,788 - INFO - ✅ Tela carregada!
2026-02-10 13:26:47,382 - INFO - ⌛ Aguardando janela de confirmação de desbloqueio...
2026-02-10 13:26:58,486 - INFO - ⌛ Aguardando janela de confirmação de desbloqueio...
2026-02-10 13:27:09,426 - INFO - 🟨 Registros desbloqueados com sucesso
2026-02-10 13:27:23,169 - INFO - ⌛ Aguardando janela de edição de OS...
2026-02-10 13:27:39,301 - INFO - 🟨 OS programadas detectadas
2026-02-10 13:27:42,556 - INFO - ⌛ Aguardando janela de edição de OS...
2026-02-10 13:27:58,720 - INFO - 🟨 Janela de edição de OS detectada
2026-02-10 13:28:20,177 - INFO - 🟨 Janela de edição de habilidade da turma detectada
2026-02-10 13:29:38,659 - INFO - ⌛ Aguardando detecção do campo de caracteristica 'EQUIPE PRÓPRIA OU EPS' ...
2026-02-10 13:29:58,145 - INFO - 🟨 campo de caracteristica 'EQUIPE PRÓPRIA OU EPS detectado
2026-02-10 13:30:20,254 - INFO - ⌛ Aguardando confirmação 4 - editar OS...
2026-02-10 13:30:36,379 - INFO - ⌛ Aguardando confirmação 4 - editar OS...
2026-02-10 13:30:52,367 - INFO - 🟨 Janela de confirmação 4 de edição de OS detectada
2026-02-10 13:31:23,391 - INFO - ⌛ Aguardando janela de confirmação de programação de OS...
2026-02-10 13:31:44,596 - INFO - 🟨 Janela de confirmação de programação de OS detectada
2026-02-10 13:31:58,591 - INFO - 🟨 Janela de aviso de edição de OS programadas detectada
2026-02-10 13:32:02,995 - INFO - ⌛ aguardando janela de programação de lote de OS...
2026-02-10 13:32:24,505 - INFO - 🟨 Janela de aviso de substituição de lote de OS detectada
2026-02-10 13:32:30,865 - INFO - ⌛ aguardando janela de programação de lote de OS...
2026-02-10 13:32:52,215 - INFO - 🟨 Janela de programação de lote de OS detectada
2026-02-10 13:33:30,115 - INFO - 🟨 Janela de confirmação de programação de lote de OS detectada
2026-02-10 13:33:34,717 - INFO - ⌛ aguardando confirmação final de programação do lote
2026-02-10 13:33:55,911 - INFO - 🟨 programação do lote 7 efetuado com sucesso
2026-02-10 13:34:06,209 - INFO - 
=== Iniciando lote 8/20 [LM] ===
2026-02-10 13:34:12,677 - INFO - Janela de seleção aberta
2026-02-10 13:34:16,983 - INFO - DEBUG: idx=7, inicio=175, fim=200
2026-02-10 13:34:16,983 - INFO - ✅ 25 OS copiadas para a área de transferência.
2026-02-10 13:34:16,983 - INFO - 📋 Lote 8 copiado.
2026-02-10 13:34:25,344 - INFO - ⌛ Esperando mudança visual...
2026-02-10 13:34:26,354 - INFO - ⌛ Esperando mudança visual...
2026-02-10 13:34:27,363 - INFO - ⌛ Esperando mudança visual...
2026-02-10 17:56:17,376 - INFO - Data hoje: 10/02/2026
2026-02-10 17:56:17,378 - INFO - Data de referência: 28/02/2026
2026-02-10 17:59:11,071 - INFO - 
Qtde OS de LINHA VIVA: 500
2026-02-10 17:59:11,071 - INFO - Qtde OS poda de LINHA MORTA: 163
2026-02-10 17:59:11,071 - INFO - 
Qtde OS estrutural de LINHA MORTA : 0
2026-02-10 17:59:11,071 - INFO - Qtde OS poda de LINHA MORTA fora carteira: 1046
2026-02-10 17:59:11,071 - INFO - Qtde OS para desprogramar: 906
2026-02-10 17:59:11,074 - INFO - 
 Qtd de lotes de LM: 7
2026-02-10 17:59:11,074 - INFO - 
 Qtd de lotes de LV: 20
2026-02-10 17:59:11,075 - INFO - 
 Qtd de lotes de ESTRUTURAL LM: 0
2026-02-10 17:59:11,075 - INFO - 
 Qtd de lotes de LEVE: 42
2026-02-10 17:59:11,075 - INFO - 
 Qtd de lotes para desprogramar: 37
2026-02-10 17:59:11,075 - INFO - 
=== Iniciando lote 1/20 [LV] ===
2026-02-10 17:59:28,008 - INFO - Data hoje: 10/02/2026
2026-02-10 17:59:28,010 - INFO - Data de referência: 28/02/2026
2026-02-10 18:03:05,227 - INFO - 
Qtde OS de LINHA VIVA: 500
2026-02-10 18:03:05,228 - INFO - Qtde OS poda de LINHA MORTA: 163
2026-02-10 18:03:05,228 - INFO - 
Qtde OS estrutural de LINHA MORTA : 0
2026-02-10 18:03:05,228 - INFO - Qtde OS poda de LINHA MORTA fora carteira: 1046
2026-02-10 18:03:05,228 - INFO - Qtde OS para desprogramar: 906
2026-02-10 18:03:05,228 - INFO - 
 Qtd de lotes de LM: 7
2026-02-10 18:03:05,228 - INFO - 
 Qtd de lotes de LV: 20
2026-02-10 18:03:05,228 - INFO - 
 Qtd de lotes de ESTRUTURAL LM: 0
2026-02-10 18:03:05,228 - INFO - 
 Qtd de lotes de LEVE: 42
2026-02-10 18:03:05,229 - INFO - 
 Qtd de lotes para desprogramar: 37
2026-02-10 18:03:05,229 - INFO - 
=== Iniciando lote 1/7 [LM] ===
2026-02-10 18:03:11,673 - INFO - Janela de seleção aberta
2026-02-10 18:03:15,914 - INFO - DEBUG: idx=0, inicio=0, fim=25
2026-02-10 18:03:15,914 - INFO - ✅ 25 OS copiadas para a área de transferência.
2026-02-10 18:03:15,914 - INFO - 📋 Lote 1 copiado.
2026-02-10 18:03:24,250 - INFO - ⌛ Esperando mudança visual...
2026-02-10 18:03:25,268 - INFO - ⌛ Esperando mudança visual...
2026-02-10 18:03:26,283 - INFO - ⌛ Esperando mudança visual...
2026-02-10 18:03:27,301 - INFO - ⌛ Esperando mudança visual...
2026-02-10 18:03:28,317 - INFO - ⌛ Esperando mudança visual...
2026-02-10 18:03:29,334 - INFO - ✅ Tela carregada!
2026-02-10 18:03:39,814 - INFO - ⌛ Aguardando janela de confirmação de desbloqueio...
2026-02-10 18:03:50,308 - INFO - 🟨 Registros desbloqueados com sucesso
2026-02-10 18:04:03,878 - INFO - 🟨 OS programadas detectadas
2026-02-10 18:04:07,049 - INFO - ⌛ Aguardando janela de edição de OS...
2026-02-10 18:04:22,613 - INFO - 🟨 Janela de edição de OS detectada
2026-02-10 18:04:43,985 - INFO - 🟨 Janela de edição de habilidade da turma detectada
2026-02-10 18:06:02,327 - INFO - ⌛ Aguardando detecção do campo de caracteristica 'EQUIPE PRÓPRIA OU EPS' ...
2026-02-10 18:06:21,689 - INFO - 🟨 campo de caracteristica 'EQUIPE PRÓPRIA OU EPS detectado
2026-02-10 18:06:43,539 - INFO - ⌛ Aguardando confirmação 4 - editar OS...
2026-02-10 18:06:59,182 - INFO - ⌛ Aguardando confirmação 4 - editar OS...
2026-02-10 18:07:14,758 - INFO - 🟨 Janela de confirmação 4 de edição de OS detectada
2026-02-10 18:07:45,475 - INFO - ⌛ Aguardando janela de confirmação de programação de OS...
2026-02-10 18:08:05,871 - INFO - 🟨 Janela de confirmação de programação de OS detectada
2026-02-10 18:08:19,226 - INFO - 🟨 Janela de aviso de edição de OS programadas detectada
2026-02-10 18:08:23,489 - INFO - ⌛ aguardando janela de programação de lote de OS...
2026-02-10 18:08:43,989 - INFO - 🟨 Janela de aviso de substituição de lote de OS detectada
2026-02-10 18:08:50,251 - INFO - ⌛ aguardando janela de programação de lote de OS...
2026-02-10 18:09:10,830 - INFO - 🟨 Janela de programação de lote de OS detectada
2026-02-10 18:09:48,347 - INFO - 🟨 Janela de confirmação de programação de lote de OS detectada
2026-02-10 18:09:52,619 - INFO - ⌛ aguardando confirmação final de programação do lote
2026-02-10 18:10:13,144 - INFO - 🟨 programação do lote 1 efetuado com sucesso
2026-02-10 18:10:23,298 - INFO - 
=== Iniciando lote 2/7 [LM] ===
2026-02-10 18:10:29,667 - INFO - Janela de seleção aberta
2026-02-10 18:10:33,923 - INFO - DEBUG: idx=1, inicio=25, fim=50
2026-02-10 18:10:33,923 - INFO - ✅ 25 OS copiadas para a área de transferência.
2026-02-10 18:10:33,923 - INFO - 📋 Lote 2 copiado.
2026-02-10 18:10:42,252 - INFO - ✅ Tela carregada!
2026-02-10 18:10:52,764 - INFO - ⌛ Aguardando janela de confirmação de desbloqueio...
2026-02-10 18:11:03,211 - INFO - ⌛ Aguardando janela de confirmação de desbloqueio...
2026-02-10 18:11:13,641 - INFO - ⌛ Aguardando janela de confirmação de desbloqueio...
2026-02-10 18:11:24,108 - INFO - ⌛ Aguardando janela de confirmação de desbloqueio...
2026-02-10 18:11:34,563 - INFO - ⌛ Aguardando janela de confirmação de desbloqueio...
2026-02-10 18:11:45,035 - INFO - ⌛ Aguardando janela de confirmação de desbloqueio...
2026-02-10 18:11:55,540 - INFO - ⌛ Aguardando janela de confirmação de desbloqueio...
2026-02-10 18:12:05,972 - INFO - ⌛ Aguardando janela de confirmação de desbloqueio...
2026-02-10 18:12:16,405 - INFO - ⌛ Aguardando janela de confirmação de desbloqueio...
2026-02-10 18:12:26,835 - INFO - ⌛ Aguardando janela de confirmação de desbloqueio...
2026-02-10 18:12:37,265 - INFO - ⌛ Aguardando janela de confirmação de desbloqueio...
2026-02-10 18:12:47,697 - INFO - ⌛ Aguardando janela de confirmação de desbloqueio...
2026-02-10 18:12:58,217 - INFO - ⌛ Aguardando janela de confirmação de desbloqueio...
2026-02-10 18:13:08,824 - INFO - ⌛ Aguardando janela de confirmação de desbloqueio...
2026-02-10 18:13:19,299 - INFO - ⌛ Aguardando janela de confirmação de desbloqueio...
2026-02-10 18:13:29,798 - INFO - ⌛ Aguardando janela de confirmação de desbloqueio...
2026-02-10 18:13:40,305 - INFO - ⌛ Aguardando janela de confirmação de desbloqueio...
2026-02-10 18:13:50,798 - INFO - ⌛ Aguardando janela de confirmação de desbloqueio...
2026-02-10 18:14:01,245 - INFO - ⌛ Aguardando janela de confirmação de desbloqueio...
2026-02-10 18:14:11,774 - INFO - ⌛ Aguardando janela de confirmação de desbloqueio...
2026-02-10 18:14:22,297 - INFO - ⌛ Aguardando janela de confirmação de desbloqueio...
2026-02-10 18:14:32,820 - INFO - ⌛ Aguardando janela de confirmação de desbloqueio...
2026-02-10 18:14:43,281 - INFO - ⌛ Aguardando janela de confirmação de desbloqueio...
2026-02-10 18:14:53,730 - INFO - ⌛ Aguardando janela de confirmação de desbloqueio...
2026-02-10 18:15:04,176 - INFO - ⌛ Aguardando janela de confirmação de desbloqueio...
2026-02-10 18:15:14,628 - INFO - ⌛ Aguardando janela de confirmação de desbloqueio...
2026-02-10 18:15:25,042 - INFO - ⌛ Aguardando janela de confirmação de desbloqueio...
2026-02-10 18:15:35,475 - INFO - ⌛ Aguardando janela de confirmação de desbloqueio...
2026-02-10 18:15:45,925 - INFO - ⌛ Aguardando janela de confirmação de desbloqueio...
2026-02-10 18:15:56,418 - INFO - ⌛ Aguardando janela de confirmação de desbloqueio...
2026-02-10 18:16:06,879 - INFO - ⌛ Aguardando janela de confirmação de desbloqueio...
2026-02-10 18:16:17,308 - INFO - ⌛ Aguardando janela de confirmação de desbloqueio...
2026-02-10 18:16:27,720 - INFO - ⌛ Aguardando janela de confirmação de desbloqueio...
2026-02-10 18:16:38,147 - INFO - ⌛ Aguardando janela de confirmação de desbloqueio...
2026-02-10 18:16:48,593 - INFO - ⌛ Aguardando janela de confirmação de desbloqueio...
2026-02-10 18:16:59,025 - INFO - ⌛ Aguardando janela de confirmação de desbloqueio...
2026-02-10 18:17:09,478 - INFO - ⌛ Aguardando janela de confirmação de desbloqueio...
2026-02-10 18:17:19,956 - INFO - ⌛ Aguardando janela de confirmação de desbloqueio...
2026-02-10 18:17:30,420 - INFO - ⌛ Aguardando janela de confirmação de desbloqueio...
2026-02-10 18:17:40,891 - INFO - ⌛ Aguardando janela de confirmação de desbloqueio...
2026-02-10 18:17:51,324 - INFO - ⌛ Aguardando janela de confirmação de desbloqueio...
2026-02-10 18:18:01,755 - INFO - ⌛ Aguardando janela de confirmação de desbloqueio...
2026-02-10 18:18:12,190 - INFO - ⌛ Aguardando janela de confirmação de desbloqueio...
2026-02-10 18:18:22,635 - INFO - ⌛ Aguardando janela de confirmação de desbloqueio...
2026-02-10 18:18:33,138 - INFO - ⌛ Aguardando janela de confirmação de desbloqueio...
2026-02-10 18:18:43,571 - INFO - ⌛ Aguardando janela de confirmação de desbloqueio...
2026-02-10 18:18:54,005 - INFO - ⌛ Aguardando janela de confirmação de desbloqueio...
2026-02-10 18:19:04,456 - INFO - ⌛ Aguardando janela de confirmação de desbloqueio...
2026-02-10 18:19:14,924 - INFO - ⌛ Aguardando janela de confirmação de desbloqueio...
2026-02-10 18:19:25,406 - INFO - ⌛ Aguardando janela de confirmação de desbloqueio...
2026-02-10 18:19:35,840 - INFO - ⌛ Aguardando janela de confirmação de desbloqueio...
2026-02-10 18:19:46,270 - INFO - ⌛ Aguardando janela de confirmação de desbloqueio...
2026-02-10 18:19:56,722 - INFO - ⌛ Aguardando janela de confirmação de desbloqueio...
2026-02-10 18:20:07,152 - INFO - ⌛ Aguardando janela de confirmação de desbloqueio...
2026-02-10 18:20:17,585 - INFO - ⌛ Aguardando janela de confirmação de desbloqueio...
2026-02-10 18:20:28,040 - INFO - ⌛ Aguardando janela de confirmação de desbloqueio...
2026-02-10 18:20:38,487 - INFO - ⌛ Aguardando janela de confirmação de desbloqueio...
2026-02-10 18:20:48,936 - INFO - verificando janela oculta
2026-02-10 18:21:09,399 - INFO - ⏱️ Tempo limite atingido. Abortando seleção
