2026-01-07 17:50:15,642 - INFO - Data hoje: 07/01/2026
2026-01-07 17:50:15,642 - INFO - Data de referência: 31/01/2026
2026-01-07 17:50:21,437 - INFO - 
Qtde LINHA VIVA: 3480
2026-01-07 17:50:21,437 - INFO - Qtde LINHA MORTA/PESADA/FAIXA: 117
2026-01-07 17:50:22,620 - INFO - 
Arquivo gerado: C:\Users\U469784\venvs\py311\bot_programacao\EXCEL\pendentes_20260107.xlsx
2026-01-07 17:50:23,098 - INFO - 
 Qtd de lotes de LM: 5
2026-01-07 17:50:23,099 - INFO - 
 Qtd de lotes de LV: 140
2026-01-07 17:50:23,099 - INFO - 
=== Iniciando lote 1/5 [LM] ===
2026-01-07 17:50:29,541 - INFO - ⌛ Aguardando janela de seleção...
2026-01-07 17:50:45,643 - INFO - Data hoje: 07/01/2026
2026-01-07 17:50:45,645 - INFO - Data de referência: 31/01/2026
2026-01-07 17:50:51,454 - INFO - 
Qtde LINHA VIVA: 3480
2026-01-07 17:50:51,455 - INFO - Qtde LINHA MORTA/PESADA/FAIXA: 117
2026-01-07 17:50:52,425 - INFO - 
Arquivo gerado: C:\Users\U469784\venvs\py311\bot_programacao\EXCEL\pendentes_20260107.xlsx
2026-01-07 17:50:52,804 - INFO - 
 Qtd de lotes de LM: 5
2026-01-07 17:50:52,804 - INFO - 
 Qtd de lotes de LV: 140
2026-01-07 17:50:52,804 - INFO - 
=== Iniciando lote 1/5 [LM] ===
2026-01-07 17:50:59,235 - INFO - Janela de seleção aberta
2026-01-07 17:51:03,480 - INFO - DEBUG: idx=0, inicio=0, fim=25
2026-01-07 17:51:03,480 - INFO - ✅ 25 OS copiadas para a área de transferência.
2026-01-07 17:51:03,480 - INFO - 📋 Lote 1 copiado.
2026-01-07 17:51:11,806 - INFO - ⌛ Esperando mudança visual...
2026-01-07 17:51:12,824 - INFO - ✅ Tela carregada!
2026-01-07 17:51:23,331 - INFO - ⌛ Aguardando janela de confirmação de desbloqueio...
2026-01-07 17:51:43,673 - INFO - 🟨 Registros desbloqueados com sucesso
2026-01-07 17:51:57,348 - INFO - ⌛ Aguardando janela de edição de OS...
2026-01-07 17:52:27,821 - INFO - 🟨 OS programadas detectadas
2026-01-07 17:52:30,981 - INFO - ⌛ Aguardando janela de edição de OS...
2026-01-07 17:53:01,404 - INFO - 🟨 Janela de edição de OS detectada
2026-01-07 17:53:22,779 - INFO - 🟨 Janela de edição de habilidade da turma detectada
2026-01-07 17:54:08,126 - INFO - ⌛ Aguardando detecção do campo de caracteristica 'EQUIPE PRÓPRIA OU EPS' ...
2026-01-07 17:54:40,392 - INFO - ⌛ Aguardando detecção do campo de caracteristica 'EQUIPE PRÓPRIA OU EPS' ...
2026-01-07 17:55:12,640 - INFO - 🟨 campo de caracteristica 'EQUIPE PRÓPRIA OU EPS detectado
2026-01-07 17:55:34,374 - INFO - ⌛ Aguardando confirmação 4 - editar OS...
2026-01-07 17:56:04,714 - INFO - ⌛ Aguardando confirmação 4 - editar OS...
2026-01-07 17:57:15,705 - INFO - ⌛ Aguardando janela de confirmação de programação de OS...
2026-01-07 17:57:36,062 - INFO - 🟨 Janela de confirmação de programação de OS detectada
2026-01-07 17:57:39,395 - INFO - ⌛ aguardando janela de programação de lote de OS...
2026-01-07 17:57:59,830 - INFO - 🟨 Janela de aviso de edição de OS programadas detectada
2026-01-07 17:58:04,095 - INFO - ⌛ aguardando janela de programação de lote de OS...
2026-01-07 17:58:24,523 - INFO - 🟨 Janela de aviso de substituição de lote de OS detectada
2026-01-07 17:58:30,788 - INFO - ⌛ aguardando janela de programação de lote de OS...
2026-01-07 17:58:51,244 - INFO - 🟨 Janela de programação de lote de OS detectada
2026-01-07 17:59:18,668 - INFO - ⌛ aguardando janela de confirmação de programação de lote de OS...
2026-01-07 17:59:39,001 - INFO - 🟨 Janela de confirmação de programação de lote de OS detectada
2026-01-07 17:59:43,300 - INFO - ⌛ aguardando confirmação final de programação do lote
2026-01-07 18:00:03,693 - INFO - 🟨 programação do lote 1 efetuado com sucesso
2026-01-07 18:00:13,846 - INFO - 
=== Iniciando lote 2/5 [LM] ===
2026-01-07 18:00:20,203 - INFO - Janela de seleção aberta
2026-01-07 18:00:24,447 - INFO - DEBUG: idx=1, inicio=25, fim=50
2026-01-07 18:00:24,447 - INFO - ✅ 25 OS copiadas para a área de transferência.
2026-01-07 18:00:24,447 - INFO - 📋 Lote 2 copiado.
2026-01-07 18:00:32,783 - INFO - ⌛ Esperando mudança visual...
2026-01-07 18:00:33,797 - INFO - ⌛ Esperando mudança visual...
2026-01-07 18:00:34,819 - INFO - ⌛ Esperando mudança visual...
2026-01-07 18:00:35,827 - INFO - ⌛ Esperando mudança visual...
2026-01-07 18:00:36,845 - INFO - ⌛ Esperando mudança visual...
2026-01-07 18:00:37,859 - INFO - ⌛ Esperando mudança visual...
2026-01-07 18:00:38,878 - INFO - ⌛ Esperando mudança visual...
2026-01-07 18:00:39,892 - INFO - ⌛ Esperando mudança visual...
2026-01-07 18:00:40,908 - INFO - ⌛ Esperando mudança visual...
2026-01-07 18:00:41,925 - INFO - ⌛ Esperando mudança visual...
2026-01-07 18:00:42,944 - INFO - ⌛ Esperando mudança visual...
2026-01-07 18:00:43,960 - INFO - ✅ Tela carregada!
2026-01-07 18:00:54,447 - INFO - ⌛ Aguardando janela de confirmação de desbloqueio...
2026-01-07 18:01:14,844 - INFO - 🟨 Registros desbloqueados com sucesso
2026-01-07 18:01:28,482 - INFO - ⌛ Aguardando janela de edição de OS...
2026-01-07 18:01:58,987 - INFO - 🟨 OS programadas detectadas
2026-01-07 18:02:02,168 - INFO - ⌛ Aguardando janela de edição de OS...
2026-01-07 18:02:32,582 - INFO - 🟨 Janela de edição de OS detectada
2026-01-07 18:02:53,956 - INFO - 🟨 Janela de edição de habilidade da turma detectada
2026-01-07 18:03:39,275 - INFO - ⌛ Aguardando detecção do campo de caracteristica 'EQUIPE PRÓPRIA OU EPS' ...
2026-01-07 18:04:11,529 - INFO - ⌛ Aguardando detecção do campo de caracteristica 'EQUIPE PRÓPRIA OU EPS' ...
2026-01-07 18:04:43,770 - INFO - 🟨 campo de caracteristica 'EQUIPE PRÓPRIA OU EPS detectado
2026-01-07 18:05:05,511 - INFO - ⌛ Aguardando confirmação 4 - editar OS...
2026-01-07 18:06:16,517 - INFO - ⌛ Aguardando janela de confirmação de programação de OS...
2026-01-07 18:06:36,854 - INFO - 🟨 Janela de confirmação de programação de OS detectada
2026-01-07 18:06:40,164 - INFO - 🟨 Janela de aviso de edição de OS programadas detectada
2026-01-07 18:06:44,432 - INFO - ⌛ aguardando janela de programação de lote de OS...
2026-01-07 18:07:04,873 - INFO - 🟨 Janela de aviso de substituição de lote de OS detectada
2026-01-07 18:07:11,124 - INFO - ⌛ aguardando janela de programação de lote de OS...
2026-01-07 18:07:31,570 - INFO - 🟨 Janela de programação de lote de OS detectada
2026-01-07 18:07:59,016 - INFO - ⌛ aguardando janela de confirmação de programação de lote de OS...
2026-01-07 18:08:19,355 - INFO - 🟨 Janela de confirmação de programação de lote de OS detectada
2026-01-07 18:08:23,612 - INFO - ⌛ aguardando confirmação final de programação do lote
2026-01-07 18:08:44,025 - INFO - 🟨 programação do lote 2 efetuado com sucesso
2026-01-07 18:08:54,178 - INFO - 
=== Iniciando lote 3/5 [LM] ===
2026-01-07 18:09:00,542 - INFO - Janela de seleção aberta
2026-01-07 18:09:04,764 - INFO - DEBUG: idx=2, inicio=50, fim=75
2026-01-07 18:09:04,764 - INFO - ✅ 25 OS copiadas para a área de transferência.
2026-01-07 18:09:04,764 - INFO - 📋 Lote 3 copiado.
2026-01-07 18:09:13,108 - INFO - ⌛ Esperando mudança visual...
2026-01-07 18:09:14,118 - INFO - ⌛ Esperando mudança visual...
2026-01-07 18:09:15,134 - INFO - ⌛ Esperando mudança visual...
2026-01-07 18:09:16,154 - INFO - ⌛ Esperando mudança visual...
2026-01-07 18:09:17,170 - INFO - ⌛ Esperando mudança visual...
2026-01-07 18:09:18,188 - INFO - ⌛ Esperando mudança visual...
2026-01-07 18:09:19,198 - INFO - ⌛ Esperando mudança visual...
2026-01-07 18:09:20,217 - INFO - ⌛ Esperando mudança visual...
2026-01-07 18:09:21,229 - INFO - ⌛ Esperando mudança visual...
2026-01-07 18:09:22,242 - INFO - ⌛ Esperando mudança visual...
2026-01-07 18:09:23,257 - INFO - ✅ Tela carregada!
2026-01-07 18:09:33,747 - INFO - ⌛ Aguardando janela de confirmação de desbloqueio...
2026-01-07 18:09:54,095 - INFO - 🟨 Registros desbloqueados com sucesso
2026-01-07 18:10:07,693 - INFO - ⌛ Aguardando janela de edição de OS...
2026-01-07 18:10:38,090 - INFO - 🟨 Janela de edição de OS detectada
2026-01-07 18:10:59,449 - INFO - 🟨 Janela de edição de habilidade da turma detectada
2026-01-07 18:11:44,773 - INFO - ⌛ Aguardando detecção do campo de caracteristica 'EQUIPE PRÓPRIA OU EPS' ...
2026-01-07 18:12:17,026 - INFO - ⌛ Aguardando detecção do campo de caracteristica 'EQUIPE PRÓPRIA OU EPS' ...
2026-01-07 18:12:49,281 - INFO - 🟨 campo de caracteristica 'EQUIPE PRÓPRIA OU EPS detectado
2026-01-07 18:13:11,016 - INFO - ⌛ Aguardando confirmação 4 - editar OS...
2026-01-07 18:13:41,362 - INFO - ⌛ Aguardando confirmação 4 - editar OS...
2026-01-07 18:14:52,324 - INFO - ⌛ Aguardando janela de confirmação de programação de OS...
2026-01-07 18:15:12,704 - INFO - 🟨 Janela de confirmação de programação de OS detectada
2026-01-07 18:15:16,040 - INFO - ⌛ aguardando janela de programação de lote de OS...
2026-01-07 18:15:36,531 - INFO - 🟨 Janela de programação de lote de OS detectada
2026-01-07 18:16:04,016 - INFO - ⌛ aguardando janela de confirmação de programação de lote de OS...
2026-01-07 18:16:24,379 - INFO - 🟨 Janela de confirmação de programação de lote de OS detectada
2026-01-07 18:16:28,679 - INFO - ⌛ aguardando confirmação final de programação do lote
2026-01-07 18:16:49,196 - INFO - 🟨 programação do lote 3 efetuado com sucesso
2026-01-07 18:16:59,358 - INFO - 
=== Iniciando lote 4/5 [LM] ===
2026-01-07 18:17:05,719 - INFO - Janela de seleção aberta
2026-01-07 18:17:09,956 - INFO - DEBUG: idx=3, inicio=75, fim=100
2026-01-07 18:17:09,956 - INFO - ✅ 25 OS copiadas para a área de transferência.
2026-01-07 18:17:09,956 - INFO - 📋 Lote 4 copiado.
2026-01-07 18:17:18,295 - INFO - ⌛ Esperando mudança visual...
2026-01-07 18:17:19,305 - INFO - ⌛ Esperando mudança visual...
2026-01-07 18:17:20,321 - INFO - ⌛ Esperando mudança visual...
2026-01-07 18:17:21,341 - INFO - ⌛ Esperando mudança visual...
2026-01-07 18:17:22,351 - INFO - ⌛ Esperando mudança visual...
2026-01-07 18:17:23,369 - INFO - ⌛ Esperando mudança visual...
2026-01-07 18:17:24,384 - INFO - ⌛ Esperando mudança visual...
2026-01-07 18:17:25,399 - INFO - ⌛ Esperando mudança visual...
2026-01-07 18:17:26,418 - INFO - ⌛ Esperando mudança visual...
2026-01-07 18:17:27,430 - INFO - ⌛ Esperando mudança visual...
2026-01-07 18:17:28,452 - INFO - ✅ Tela carregada!
2026-01-07 18:17:38,918 - INFO - ⌛ Aguardando janela de confirmação de desbloqueio...
2026-01-07 18:17:59,266 - INFO - 🟨 Registros desbloqueados com sucesso
2026-01-07 18:18:12,847 - INFO - ⌛ Aguardando janela de edição de OS...
2026-01-07 18:18:43,229 - INFO - 🟨 OS programadas detectadas
2026-01-07 18:18:46,386 - INFO - ⌛ Aguardando janela de edição de OS...
2026-01-07 18:19:16,780 - INFO - 🟨 Janela de edição de OS detectada
2026-01-07 18:19:38,158 - INFO - 🟨 Janela de edição de habilidade da turma detectada
2026-01-07 18:20:23,481 - INFO - ⌛ Aguardando detecção do campo de caracteristica 'EQUIPE PRÓPRIA OU EPS' ...
2026-01-07 18:20:55,781 - INFO - ⌛ Aguardando detecção do campo de caracteristica 'EQUIPE PRÓPRIA OU EPS' ...
2026-01-07 18:21:28,025 - INFO - 🟨 campo de caracteristica 'EQUIPE PRÓPRIA OU EPS detectado
2026-01-07 18:21:49,797 - INFO - ⌛ Aguardando confirmação 4 - editar OS...
2026-01-07 18:22:20,281 - INFO - ⌛ Aguardando confirmação 4 - editar OS...
2026-01-07 18:23:31,272 - INFO - ⌛ Aguardando janela de confirmação de programação de OS...
2026-01-07 18:23:51,590 - INFO - 🟨 Janela de confirmação de programação de OS detectada
2026-01-07 18:23:54,909 - INFO - ⌛ aguardando janela de programação de lote de OS...
2026-01-07 18:24:15,326 - INFO - 🟨 Janela de aviso de edição de OS programadas detectada
2026-01-07 18:24:19,588 - INFO - ⌛ aguardando janela de programação de lote de OS...
2026-01-07 18:24:40,001 - INFO - 🟨 Janela de aviso de substituição de lote de OS detectada
2026-01-07 18:24:46,263 - INFO - ⌛ aguardando janela de programação de lote de OS...
2026-01-07 18:25:06,688 - INFO - ⌛ aguardando janela de programação de lote de OS...
2026-01-07 18:25:27,130 - INFO - ⌛ aguardando janela de programação de lote de OS...
2026-01-07 18:25:27,258 - INFO - 🟨 Identificado travamento no EQM, reiniciando contador de espera
2026-01-07 18:25:47,578 - INFO - ⌛ aguardando janela de programação de lote de OS...
2026-01-07 18:26:08,000 - INFO - ⌛ aguardando janela de programação de lote de OS...
2026-01-07 18:26:28,457 - INFO - ⌛ aguardando janela de programação de lote de OS...
2026-01-07 18:26:48,997 - INFO - ⌛ aguardando janela de programação de lote de OS...
2026-01-07 18:27:09,517 - INFO - ⌛ aguardando janela de programação de lote de OS...
2026-01-07 18:27:30,026 - INFO - ⌛ aguardando janela de programação de lote de OS...
2026-01-07 18:27:50,469 - INFO - ⌛ aguardando janela de programação de lote de OS...
2026-01-07 18:28:10,909 - INFO - ⌛ aguardando janela de programação de lote de OS...
2026-01-07 18:28:31,336 - INFO - ⌛ aguardando janela de programação de lote de OS...
2026-01-07 18:28:51,797 - INFO - ⌛ aguardando janela de programação de lote de OS...
2026-01-07 18:29:12,236 - INFO - ⌛ aguardando janela de programação de lote de OS...
2026-01-07 18:29:32,695 - INFO - ⌛ aguardando janela de programação de lote de OS...
2026-01-07 18:29:53,135 - INFO - ⌛ aguardando janela de programação de lote de OS...
2026-01-07 18:30:13,560 - INFO - ⌛ aguardando janela de programação de lote de OS...
2026-01-07 18:30:34,015 - INFO - ⌛ aguardando janela de programação de lote de OS...
2026-01-07 18:30:54,510 - INFO - ⌛ aguardando janela de programação de lote de OS...
2026-01-07 18:31:15,011 - INFO - ⌛ aguardando janela de programação de lote de OS...
2026-01-07 18:31:35,446 - INFO - ⌛ aguardando janela de programação de lote de OS...
2026-01-07 18:31:55,927 - INFO - ⌛ aguardando janela de programação de lote de OS...
2026-01-07 18:32:16,380 - INFO - ⌛ aguardando janela de programação de lote de OS...
2026-01-07 18:32:36,823 - INFO - ⌛ aguardando janela de programação de lote de OS...
2026-01-07 18:32:57,285 - INFO - ⌛ aguardando janela de programação de lote de OS...
2026-01-07 18:33:17,720 - INFO - ⌛ aguardando janela de programação de lote de OS...
2026-01-07 18:33:38,170 - INFO - ⌛ aguardando janela de programação de lote de OS...
2026-01-07 18:34:08,895 - INFO - ⏱️ Tempo limite atingido. Abortando seleção
