2026-02-12 09:05:38,988 - INFO - Data hoje: 12/02/2026
2026-02-12 09:05:38,988 - INFO - Data de referência: 28/02/2026
2026-02-12 09:06:57,522 - INFO - Qtde OS de LINHA VIVA: 825
2026-02-12 09:06:57,524 - INFO - Qtde OS poda de LINHA MORTA: 356
2026-02-12 09:06:57,524 - INFO - Qtde OS estrutural de LINHA MORTA : 85
2026-02-12 09:06:57,524 - INFO - Qtde OS poda de LINHA MORTA fora carteira: 1657
2026-02-12 09:06:57,524 - INFO - Qtde OS para desprogramar: 626
2026-02-12 09:06:57,524 - INFO - 
 Qtd de lotes de LM: 15
2026-02-12 09:06:57,524 - INFO - 
 Qtd de lotes de LV: 33
2026-02-12 09:06:57,526 - INFO - 
 Qtd de lotes de ESTRUTURAL LM: 4
2026-02-12 09:06:57,526 - INFO - 
 Qtd de lotes de LEVE: 67
2026-02-12 09:06:57,526 - INFO - 
 Qtd de lotes para desprogramar: 26
2026-02-12 09:06:57,528 - INFO - 
=== Iniciando lote 1/4 [REDES] ===
2026-02-12 09:07:04,360 - INFO - ⌛ Aguardando janela de seleção...
2026-02-12 09:09:24,083 - INFO - Data hoje: 12/02/2026
2026-02-12 09:09:24,083 - INFO - Data de referência: 28/02/2026
2026-02-12 09:10:01,064 - INFO - Qtde OS de LINHA VIVA: 4
2026-02-12 09:10:01,064 - INFO - Qtde OS poda de LINHA MORTA: 2
2026-02-12 09:10:01,064 - INFO - Qtde OS estrutural de LINHA MORTA : 1
2026-02-12 09:10:01,064 - INFO - Qtde OS poda de LINHA MORTA fora carteira: 22
2026-02-12 09:10:01,064 - INFO - Qtde OS para desprogramar: 5
2026-02-12 09:10:01,064 - INFO - 
 Qtd de lotes de LM: 1
2026-02-12 09:10:01,064 - INFO - 
 Qtd de lotes de LV: 1
2026-02-12 09:10:01,064 - INFO - 
 Qtd de lotes de ESTRUTURAL LM: 1
2026-02-12 09:10:01,064 - INFO - 
 Qtd de lotes de LEVE: 1
2026-02-12 09:10:01,064 - INFO - 
 Qtd de lotes para desprogramar: 1
2026-02-12 09:10:01,064 - INFO - 
=== Iniciando lote 1/1 [REDES] ===
2026-02-12 09:10:07,476 - INFO - Janela de seleção aberta
2026-02-12 09:10:11,708 - INFO - DEBUG: idx=0, inicio=0, fim=25
2026-02-12 09:10:11,708 - INFO - ✅ 1 OS copiadas para a área de transferência.
2026-02-12 09:10:11,708 - INFO - 📋 Lote 1 copiado.
2026-02-12 09:10:20,036 - INFO - ⌛ Esperando mudança visual...
2026-02-12 09:10:21,057 - INFO - ✅ Tela carregada!
2026-02-12 09:10:31,546 - INFO - ⌛ Aguardando janela de confirmação de desbloqueio...
2026-02-12 09:10:46,966 - INFO - 🟨 Registros desbloqueados com sucesso
2026-02-12 09:11:00,488 - INFO - ⌛ Aguardando janela de edição de OS...
2026-02-12 09:11:15,927 - INFO - ⌛ Aguardando janela de edição de OS...
2026-02-12 09:11:31,385 - INFO - ⌛ Aguardando janela de edição de OS...
2026-02-12 10:08:59,131 - INFO - Data hoje: 12/02/2026
2026-02-12 10:08:59,132 - INFO - Data de referência: 28/02/2026
2026-02-12 10:10:06,190 - INFO - Qtde OS de LINHA VIVA: 1193
2026-02-12 10:10:06,190 - INFO - Qtde OS poda de LINHA MORTA: 468
2026-02-12 10:10:06,190 - INFO - Qtde OS estrutural de LINHA MORTA : 94
2026-02-12 10:10:06,190 - INFO - Qtde OS poda de LINHA MORTA fora carteira: 3044
2026-02-12 10:10:06,190 - INFO - Qtde OS para desprogramar: 148
2026-02-12 10:10:06,190 - INFO - 
 Qtd de lotes de LM: 19
2026-02-12 10:10:06,190 - INFO - 
 Qtd de lotes de LV: 48
2026-02-12 10:10:06,190 - INFO - 
 Qtd de lotes de ESTRUTURAL LM: 4
2026-02-12 10:10:06,190 - INFO - 
 Qtd de lotes de LEVE: 122
2026-02-12 10:10:06,190 - INFO - 
 Qtd de lotes para desprogramar: 6
2026-02-12 10:10:06,190 - INFO - 
=== Iniciando lote 1/4 [REDES] ===
2026-02-12 11:50:09,204 - INFO - Data hoje: 12/02/2026
2026-02-12 11:50:09,205 - INFO - Data de referência: 28/02/2026
2026-02-12 11:51:17,861 - INFO - Qtde OS de LINHA VIVA: 471
2026-02-12 11:51:17,861 - INFO - Qtde OS poda de LINHA MORTA: 126
2026-02-12 11:51:17,861 - INFO - Qtde OS estrutural de LINHA MORTA : 59
2026-02-12 11:51:17,861 - INFO - Qtde OS poda de LINHA MORTA fora carteira: 1231
2026-02-12 11:51:17,861 - INFO - Qtde OS para desprogramar: 1322
2026-02-12 11:51:17,861 - INFO - 
 Qtd de lotes de LM: 6
2026-02-12 11:51:17,861 - INFO - 
 Qtd de lotes de LV: 19
2026-02-12 11:51:17,861 - INFO - 
 Qtd de lotes de ESTRUTURAL LM: 3
2026-02-12 11:51:17,861 - INFO - 
 Qtd de lotes de LEVE: 50
2026-02-12 11:51:17,861 - INFO - 
 Qtd de lotes para desprogramar: 53
2026-02-12 11:51:17,861 - INFO - 
=== Iniciando lote 1/3 [REDES] ===
2026-02-12 11:51:24,343 - INFO - Janela de seleção aberta
2026-02-12 11:51:28,582 - INFO - DEBUG: idx=0, inicio=0, fim=25
2026-02-12 11:51:28,582 - INFO - ✅ 25 OS copiadas para a área de transferência.
2026-02-12 11:51:28,582 - INFO - 📋 Lote 1 copiado.
2026-02-12 11:51:36,914 - INFO - ⌛ Esperando mudança visual...
2026-02-12 11:51:37,921 - INFO - ⌛ Esperando mudança visual...
2026-02-12 11:51:38,925 - INFO - ⌛ Esperando mudança visual...
2026-02-12 11:51:39,937 - INFO - ⌛ Esperando mudança visual...
2026-02-12 11:51:40,958 - INFO - ⌛ Esperando mudança visual...
2026-02-12 11:51:41,972 - INFO - ✅ Tela carregada!
2026-02-12 11:51:52,467 - INFO - ⌛ Aguardando janela de confirmação de desbloqueio...
2026-02-12 11:52:07,862 - INFO - 🟨 Registros desbloqueados com sucesso
2026-02-12 11:52:21,413 - INFO - ⌛ Aguardando janela de edição de OS...
2026-02-12 11:52:36,875 - INFO - 🟨 OS programadas detectadas
2026-02-12 11:52:40,032 - INFO - ⌛ Aguardando janela de edição de OS...
2026-02-12 11:52:55,475 - INFO - 🟨 Janela de edição de OS detectada
2026-02-12 11:53:16,833 - INFO - 🟨 Janela de edição de habilidade da turma detectada
2026-02-12 11:54:35,173 - INFO - ⌛ Aguardando detecção do campo de caracteristica 'EQUIPE PRÓPRIA OU EPS' ...
2026-02-12 11:54:54,529 - INFO - 🟨 campo de caracteristica 'EQUIPE PRÓPRIA OU EPS detectado
2026-02-12 11:55:16,318 - INFO - ⌛ Aguardando confirmação 4 - editar OS...
2026-02-12 11:55:31,818 - INFO - ⌛ Aguardando confirmação 4 - editar OS...
2026-02-12 11:55:47,343 - INFO - ⌛ Aguardando confirmação 4 - editar OS...
2026-02-12 11:56:02,837 - INFO - ⌛ Aguardando confirmação 4 - editar OS...
2026-02-12 11:56:18,415 - INFO - 🟨 Janela de confirmação 4 de edição de OS detectada
2026-02-12 11:56:49,122 - INFO - ⌛ Aguardando janela de confirmação de programação de OS...
2026-02-12 11:57:09,498 - INFO - 🟨 Janela de confirmação de programação de OS detectada
2026-02-12 11:57:22,849 - INFO - 🟨 Janela de aviso de edição de OS programadas detectada
2026-02-12 11:57:27,121 - INFO - ⌛ aguardando janela de programação de lote de OS...
2026-02-12 11:57:47,667 - INFO - 🟨 Janela de aviso de substituição de lote de OS detectada
2026-02-12 11:57:53,941 - INFO - ⌛ aguardando janela de programação de lote de OS...
2026-02-12 11:58:14,463 - INFO - ⌛ aguardando janela de programação de lote de OS...
2026-02-12 11:58:35,020 - INFO - 🟨 Janela de programação de lote de OS detectada
2026-02-12 11:59:12,545 - INFO - 🟨 Janela de confirmação de programação de lote de OS detectada
2026-02-12 11:59:16,821 - INFO - ⌛ aguardando confirmação final de programação do lote
2026-02-12 11:59:37,261 - INFO - 🟨 programação do lote 1 efetuado com sucesso
2026-02-12 11:59:47,419 - INFO - 
=== Iniciando lote 2/3 [REDES] ===
2026-02-12 11:59:53,779 - INFO - Janela de seleção aberta
2026-02-12 11:59:58,045 - INFO - DEBUG: idx=1, inicio=25, fim=50
2026-02-12 11:59:58,045 - INFO - ✅ 25 OS copiadas para a área de transferência.
2026-02-12 11:59:58,045 - INFO - 📋 Lote 2 copiado.
2026-02-12 12:00:06,374 - INFO - ⌛ Esperando mudança visual...
2026-02-12 12:00:07,393 - INFO - ⌛ Esperando mudança visual...
2026-02-12 12:00:08,409 - INFO - ⌛ Esperando mudança visual...
2026-02-12 12:00:09,425 - INFO - ⌛ Esperando mudança visual...
2026-02-12 12:00:10,440 - INFO - ⌛ Esperando mudança visual...
2026-02-12 12:00:11,456 - INFO - ⌛ Esperando mudança visual...
2026-02-12 12:00:12,472 - INFO - ⌛ Esperando mudança visual...
2026-02-12 12:00:13,487 - INFO - ⌛ Esperando mudança visual...
2026-02-12 12:00:14,505 - INFO - ⌛ Esperando mudança visual...
2026-02-12 12:00:15,519 - INFO - ⌛ Esperando mudança visual...
2026-02-12 12:00:16,535 - INFO - ⌛ Esperando mudança visual...
2026-02-12 12:00:17,550 - INFO - ⌛ Esperando mudança visual...
2026-02-12 12:00:18,565 - INFO - ⌛ Esperando mudança visual...
2026-02-12 12:00:19,581 - INFO - ⌛ Esperando mudança visual...
2026-02-12 12:00:20,597 - INFO - ✅ Tela carregada!
2026-02-12 12:00:31,071 - INFO - ⌛ Aguardando janela de confirmação de desbloqueio...
2026-02-12 12:00:46,507 - INFO - 🟨 Registros desbloqueados com sucesso
2026-02-12 12:01:00,060 - INFO - ⌛ Aguardando janela de edição de OS...
2026-02-12 12:01:15,565 - INFO - 🟨 OS programadas detectadas
2026-02-12 12:01:18,744 - INFO - ⌛ Aguardando janela de edição de OS...
2026-02-12 12:01:34,218 - INFO - 🟨 Janela de edição de OS detectada
2026-02-12 12:01:55,578 - INFO - 🟨 Janela de edição de habilidade da turma detectada
2026-02-12 12:03:13,895 - INFO - ⌛ Aguardando detecção do campo de caracteristica 'EQUIPE PRÓPRIA OU EPS' ...
2026-02-12 12:03:33,271 - INFO - 🟨 campo de caracteristica 'EQUIPE PRÓPRIA OU EPS detectado
2026-02-12 12:03:55,065 - INFO - ⌛ Aguardando confirmação 4 - editar OS...
2026-02-12 12:04:10,563 - INFO - ⌛ Aguardando confirmação 4 - editar OS...
2026-02-12 12:04:26,104 - INFO - ⌛ Aguardando confirmação 4 - editar OS...
2026-02-12 12:04:41,679 - INFO - 🟨 Janela de confirmação 4 de edição de OS detectada
2026-02-12 12:05:12,429 - INFO - ⌛ Aguardando janela de confirmação de programação de OS...
2026-02-12 12:05:32,782 - INFO - 🟨 Janela de confirmação de programação de OS detectada
2026-02-12 12:05:46,145 - INFO - 🟨 Janela de aviso de edição de OS programadas detectada
2026-02-12 12:05:50,404 - INFO - ⌛ aguardando janela de programação de lote de OS...
2026-02-12 12:06:10,969 - INFO - 🟨 Janela de aviso de substituição de lote de OS detectada
2026-02-12 12:06:17,246 - INFO - ⌛ aguardando janela de programação de lote de OS...
2026-02-12 12:06:37,759 - INFO - 🟨 Janela de programação de lote de OS detectada
2026-02-12 12:07:15,318 - INFO - 🟨 Janela de confirmação de programação de lote de OS detectada
2026-02-12 12:07:19,647 - INFO - ⌛ aguardando confirmação final de programação do lote
2026-02-12 12:07:40,191 - INFO - 🟨 programação do lote 2 efetuado com sucesso
2026-02-12 12:07:50,365 - INFO - 
=== Iniciando lote 3/3 [REDES] ===
2026-02-12 12:07:56,724 - INFO - Janela de seleção aberta
2026-02-12 12:08:00,953 - INFO - DEBUG: idx=2, inicio=50, fim=75
2026-02-12 12:08:00,953 - INFO - ✅ 9 OS copiadas para a área de transferência.
2026-02-12 12:08:00,953 - INFO - 📋 Lote 3 copiado.
2026-02-12 12:08:09,287 - INFO - ⌛ Esperando mudança visual...
2026-02-12 12:08:10,301 - INFO - ⌛ Esperando mudança visual...
2026-02-12 12:08:11,318 - INFO - ⌛ Esperando mudança visual...
2026-02-12 12:08:12,333 - INFO - ⌛ Esperando mudança visual...
2026-02-12 12:08:13,351 - INFO - ⌛ Esperando mudança visual...
2026-02-12 12:08:14,368 - INFO - ⌛ Esperando mudança visual...
2026-02-12 12:08:15,380 - INFO - ⌛ Esperando mudança visual...
2026-02-12 12:08:16,396 - INFO - ⌛ Esperando mudança visual...
2026-02-12 12:08:17,411 - INFO - ⌛ Esperando mudança visual...
2026-02-12 12:08:18,435 - INFO - ⌛ Esperando mudança visual...
2026-02-12 12:08:19,442 - INFO - ⌛ Esperando mudança visual...
2026-02-12 12:08:20,470 - INFO - ⌛ Esperando mudança visual...
2026-02-12 12:08:21,473 - INFO - ✅ Tela carregada!
2026-02-12 12:08:31,975 - INFO - ⌛ Aguardando janela de confirmação de desbloqueio...
2026-02-12 12:08:47,418 - INFO - 🟨 Registros desbloqueados com sucesso
2026-02-12 12:09:00,966 - INFO - 🟨 OS programadas detectadas
2026-02-12 12:09:04,129 - INFO - ⌛ Aguardando janela de edição de OS...
2026-02-12 12:09:19,562 - INFO - 🟨 Janela de edição de OS detectada
2026-02-12 12:09:40,933 - INFO - 🟨 Janela de edição de habilidade da turma detectada
2026-02-12 12:10:59,279 - INFO - ⌛ Aguardando detecção do campo de caracteristica 'EQUIPE PRÓPRIA OU EPS' ...
2026-02-12 12:11:18,641 - INFO - 🟨 campo de caracteristica 'EQUIPE PRÓPRIA OU EPS detectado
2026-02-12 12:11:40,478 - INFO - ⌛ Aguardando confirmação 4 - editar OS...
2026-02-12 12:11:55,926 - INFO - 🟨 Janela de confirmação 4 de edição de OS detectada
2026-02-12 12:12:26,638 - INFO - ⌛ Aguardando janela de confirmação de programação de OS...
2026-02-12 12:12:47,011 - INFO - 🟨 Janela de confirmação de programação de OS detectada
2026-02-12 12:13:00,426 - INFO - 🟨 Janela de aviso de edição de OS programadas detectada
2026-02-12 12:13:04,706 - INFO - ⌛ aguardando janela de programação de lote de OS...
2026-02-12 12:13:25,250 - INFO - 🟨 Janela de aviso de substituição de lote de OS detectada
2026-02-12 12:13:31,520 - INFO - ⌛ aguardando janela de programação de lote de OS...
2026-02-12 12:13:52,074 - INFO - 🟨 Janela de programação de lote de OS detectada
2026-02-12 12:14:29,629 - INFO - 🟨 Janela de confirmação de programação de lote de OS detectada
2026-02-12 12:14:33,916 - INFO - ⌛ aguardando confirmação final de programação do lote
2026-02-12 12:14:54,404 - INFO - 🟨 programação do lote 3 efetuado com sucesso
2026-02-12 12:15:04,559 - INFO - 
=== Iniciando lote 1/6 [LM] ===
2026-02-12 12:15:10,909 - INFO - Janela de seleção aberta
2026-02-12 12:15:15,147 - INFO - DEBUG: idx=0, inicio=0, fim=25
2026-02-12 12:15:15,147 - INFO - ✅ 25 OS copiadas para a área de transferência.
2026-02-12 12:15:15,147 - INFO - 📋 Lote 1 copiado.
2026-02-12 12:15:23,468 - INFO - ⌛ Esperando mudança visual...
2026-02-12 12:15:24,493 - INFO - ⌛ Esperando mudança visual...
2026-02-12 12:15:25,495 - INFO - ⌛ Esperando mudança visual...
2026-02-12 12:15:26,506 - INFO - ⌛ Esperando mudança visual...
2026-02-12 12:15:27,522 - INFO - ⌛ Esperando mudança visual...
2026-02-12 12:15:28,537 - INFO - ⌛ Esperando mudança visual...
2026-02-12 12:15:29,553 - INFO - ⌛ Esperando mudança visual...
2026-02-12 12:15:30,586 - INFO - ⌛ Esperando mudança visual...
2026-02-12 12:15:31,600 - INFO - ⌛ Esperando mudança visual...
2026-02-12 12:15:32,617 - INFO - ⌛ Esperando mudança visual...
2026-02-12 12:15:33,633 - INFO - ⌛ Esperando mudança visual...
2026-02-12 12:15:34,647 - INFO - ⌛ Esperando mudança visual...
2026-02-12 12:15:35,666 - INFO - ✅ Tela carregada!
2026-02-12 12:15:46,130 - INFO - ⌛ Aguardando janela de confirmação de desbloqueio...
2026-02-12 12:16:01,587 - INFO - 🟨 Registros desbloqueados com sucesso
2026-02-12 12:16:15,102 - INFO - 🟨 OS programadas detectadas
2026-02-12 12:16:18,305 - INFO - ⌛ Aguardando janela de edição de OS...
2026-02-12 12:16:33,766 - INFO - 🟨 Janela de edição de OS detectada
2026-02-12 12:16:55,145 - INFO - 🟨 Janela de edição de habilidade da turma detectada
2026-02-12 12:18:13,451 - INFO - ⌛ Aguardando detecção do campo de caracteristica 'EQUIPE PRÓPRIA OU EPS' ...
2026-02-12 12:18:32,795 - INFO - 🟨 campo de caracteristica 'EQUIPE PRÓPRIA OU EPS detectado
2026-02-12 12:18:54,574 - INFO - ⌛ Aguardando confirmação 4 - editar OS...
2026-02-12 12:19:10,049 - INFO - ⌛ Aguardando confirmação 4 - editar OS...
2026-02-12 12:19:25,526 - INFO - 🟨 Janela de confirmação 4 de edição de OS detectada
2026-02-12 12:19:56,210 - INFO - ⌛ Aguardando janela de confirmação de programação de OS...
2026-02-12 12:20:16,601 - INFO - 🟨 Janela de confirmação de programação de OS detectada
2026-02-12 12:20:29,941 - INFO - 🟨 Janela de aviso de edição de OS programadas detectada
2026-02-12 12:20:34,220 - INFO - ⌛ aguardando janela de programação de lote de OS...
2026-02-12 12:20:54,833 - INFO - 🟨 Janela de aviso de substituição de lote de OS detectada
2026-02-12 12:21:01,093 - INFO - ⌛ aguardando janela de programação de lote de OS...
2026-02-12 12:21:21,640 - INFO - 🟨 Janela de programação de lote de OS detectada
2026-02-12 12:21:59,180 - INFO - 🟨 Janela de confirmação de programação de lote de OS detectada
2026-02-12 12:22:03,474 - INFO - ⌛ aguardando confirmação final de programação do lote
2026-02-12 12:22:24,013 - INFO - 🟨 programação do lote 1 efetuado com sucesso
2026-02-12 12:22:34,172 - INFO - 
=== Iniciando lote 2/6 [LM] ===
2026-02-12 12:22:40,534 - INFO - Janela de seleção aberta
2026-02-12 12:22:44,767 - INFO - DEBUG: idx=1, inicio=25, fim=50
2026-02-12 12:22:44,767 - INFO - ✅ 25 OS copiadas para a área de transferência.
2026-02-12 12:22:44,767 - INFO - 📋 Lote 2 copiado.
2026-02-12 12:22:53,100 - INFO - ⌛ Esperando mudança visual...
2026-02-12 12:22:54,113 - INFO - ⌛ Esperando mudança visual...
2026-02-12 12:22:55,129 - INFO - ⌛ Esperando mudança visual...
2026-02-12 12:22:56,145 - INFO - ⌛ Esperando mudança visual...
2026-02-12 12:22:57,160 - INFO - ⌛ Esperando mudança visual...
2026-02-12 12:22:58,176 - INFO - ⌛ Esperando mudança visual...
2026-02-12 12:22:59,191 - INFO - ⌛ Esperando mudança visual...
2026-02-12 12:23:00,212 - INFO - ⌛ Esperando mudança visual...
2026-02-12 12:23:01,225 - INFO - ⌛ Esperando mudança visual...
2026-02-12 12:23:02,238 - INFO - ⌛ Esperando mudança visual...
2026-02-12 12:23:03,254 - INFO - ⌛ Esperando mudança visual...
2026-02-12 12:23:04,269 - INFO - ⌛ Esperando mudança visual...
2026-02-12 12:23:05,285 - INFO - ⌛ Esperando mudança visual...
2026-02-12 12:23:06,301 - INFO - ✅ Tela carregada!
2026-02-12 12:23:16,793 - INFO - ⌛ Aguardando janela de confirmação de desbloqueio...
2026-02-12 12:23:32,260 - INFO - 🟨 Registros desbloqueados com sucesso
2026-02-12 12:23:45,840 - INFO - ⌛ Aguardando janela de edição de OS...
2026-02-12 12:24:01,349 - INFO - 🟨 OS programadas detectadas
2026-02-12 12:24:04,521 - INFO - ⌛ Aguardando janela de edição de OS...
2026-02-12 12:24:19,992 - INFO - 🟨 Janela de edição de OS detectada
2026-02-12 12:24:41,379 - INFO - 🟨 Janela de edição de habilidade da turma detectada
2026-02-12 12:25:59,689 - INFO - ⌛ Aguardando detecção do campo de caracteristica 'EQUIPE PRÓPRIA OU EPS' ...
2026-02-12 12:26:19,068 - INFO - 🟨 campo de caracteristica 'EQUIPE PRÓPRIA OU EPS detectado
2026-02-12 12:26:40,950 - INFO - ⌛ Aguardando confirmação 4 - editar OS...
2026-02-12 12:26:56,476 - INFO - ⌛ Aguardando confirmação 4 - editar OS...
2026-02-12 12:27:12,006 - INFO - ⌛ Aguardando confirmação 4 - editar OS...
2026-02-12 12:27:27,509 - INFO - 🟨 Janela de confirmação 4 de edição de OS detectada
2026-02-12 12:27:58,196 - INFO - ⌛ Aguardando janela de confirmação de programação de OS...
2026-02-12 12:28:18,566 - INFO - 🟨 Janela de confirmação de programação de OS detectada
2026-02-12 12:28:31,883 - INFO - 🟨 Janela de aviso de edição de OS programadas detectada
2026-02-12 12:28:36,154 - INFO - ⌛ aguardando janela de programação de lote de OS...
2026-02-12 12:28:56,716 - INFO - 🟨 Janela de aviso de substituição de lote de OS detectada
2026-02-12 12:29:02,986 - INFO - ⌛ aguardando janela de programação de lote de OS...
2026-02-12 12:29:23,519 - INFO - 🟨 Janela de programação de lote de OS detectada
2026-02-12 12:30:01,137 - INFO - 🟨 Janela de confirmação de programação de lote de OS detectada
2026-02-12 12:30:05,432 - INFO - ⌛ aguardando confirmação final de programação do lote
2026-02-12 12:30:25,965 - INFO - 🟨 programação do lote 2 efetuado com sucesso
2026-02-12 12:30:36,127 - INFO - 
=== Iniciando lote 3/6 [LM] ===
2026-02-12 12:30:42,493 - INFO - Janela de seleção aberta
2026-02-12 12:30:46,723 - INFO - DEBUG: idx=2, inicio=50, fim=75
2026-02-12 12:30:46,723 - INFO - ✅ 25 OS copiadas para a área de transferência.
2026-02-12 12:30:46,723 - INFO - 📋 Lote 3 copiado.
2026-02-12 12:30:55,047 - INFO - ⌛ Esperando mudança visual...
2026-02-12 12:30:56,067 - INFO - ⌛ Esperando mudança visual...
2026-02-12 12:30:57,082 - INFO - ⌛ Esperando mudança visual...
2026-02-12 12:30:58,101 - INFO - ⌛ Esperando mudança visual...
2026-02-12 12:30:59,113 - INFO - ⌛ Esperando mudança visual...
2026-02-12 12:31:00,129 - INFO - ⌛ Esperando mudança visual...
2026-02-12 12:31:01,144 - INFO - ⌛ Esperando mudança visual...
2026-02-12 12:31:02,161 - INFO - ⌛ Esperando mudança visual...
2026-02-12 12:31:03,177 - INFO - ⌛ Esperando mudança visual...
2026-02-12 12:31:04,205 - INFO - ⌛ Esperando mudança visual...
2026-02-12 12:31:05,219 - INFO - ⌛ Esperando mudança visual...
2026-02-12 12:31:06,240 - INFO - ⌛ Esperando mudança visual...
2026-02-12 12:31:07,255 - INFO - ⌛ Esperando mudança visual...
2026-02-12 12:31:08,272 - INFO - ✅ Tela carregada!
2026-02-12 12:31:18,739 - INFO - ⌛ Aguardando janela de confirmação de desbloqueio...
2026-02-12 12:31:34,207 - INFO - 🟨 Registros desbloqueados com sucesso
2026-02-12 12:31:47,719 - INFO - ⌛ Aguardando janela de edição de OS...
2026-02-12 12:32:03,223 - INFO - 🟨 OS programadas detectadas
2026-02-12 12:32:06,450 - INFO - ⌛ Aguardando janela de edição de OS...
2026-02-12 12:32:21,936 - INFO - 🟨 Janela de edição de OS detectada
2026-02-12 12:32:43,295 - INFO - 🟨 Janela de edição de habilidade da turma detectada
2026-02-12 12:34:01,626 - INFO - ⌛ Aguardando detecção do campo de caracteristica 'EQUIPE PRÓPRIA OU EPS' ...
2026-02-12 12:34:20,975 - INFO - 🟨 campo de caracteristica 'EQUIPE PRÓPRIA OU EPS detectado
2026-02-12 12:34:42,821 - INFO - ⌛ Aguardando confirmação 4 - editar OS...
2026-02-12 12:34:58,329 - INFO - ⌛ Aguardando confirmação 4 - editar OS...
2026-02-12 12:35:13,824 - INFO - 🟨 Janela de confirmação 4 de edição de OS detectada
2026-02-12 12:35:44,523 - INFO - ⌛ Aguardando janela de confirmação de programação de OS...
2026-02-12 12:36:04,944 - INFO - 🟨 Janela de confirmação de programação de OS detectada
2026-02-12 12:36:18,267 - INFO - 🟨 Janela de aviso de edição de OS programadas detectada
2026-02-12 12:36:22,535 - INFO - ⌛ aguardando janela de programação de lote de OS...
2026-02-12 12:36:43,028 - INFO - 🟨 Janela de aviso de substituição de lote de OS detectada
2026-02-12 12:36:49,280 - INFO - ⌛ aguardando janela de programação de lote de OS...
2026-02-12 12:37:09,763 - INFO - 🟨 Janela de programação de lote de OS detectada
2026-02-12 12:37:47,273 - INFO - 🟨 Janela de confirmação de programação de lote de OS detectada
2026-02-12 12:37:51,554 - INFO - ⌛ aguardando confirmação final de programação do lote
2026-02-12 12:38:12,032 - INFO - 🟨 programação do lote 3 efetuado com sucesso
2026-02-12 12:38:22,190 - INFO - 
=== Iniciando lote 4/6 [LM] ===
2026-02-12 12:38:28,542 - INFO - Janela de seleção aberta
2026-02-12 12:38:32,791 - INFO - DEBUG: idx=3, inicio=75, fim=100
2026-02-12 12:38:32,791 - INFO - ✅ 25 OS copiadas para a área de transferência.
2026-02-12 12:38:32,791 - INFO - 📋 Lote 4 copiado.
2026-02-12 12:38:41,126 - INFO - ⌛ Esperando mudança visual...
2026-02-12 12:38:42,137 - INFO - ⌛ Esperando mudança visual...
2026-02-12 12:38:43,165 - INFO - ⌛ Esperando mudança visual...
2026-02-12 12:38:44,168 - INFO - ⌛ Esperando mudança visual...
2026-02-12 12:38:45,184 - INFO - ⌛ Esperando mudança visual...
2026-02-12 12:38:46,199 - INFO - ⌛ Esperando mudança visual...
2026-02-12 12:38:47,215 - INFO - ⌛ Esperando mudança visual...
2026-02-12 12:38:48,231 - INFO - ⌛ Esperando mudança visual...
2026-02-12 12:38:49,247 - INFO - ⌛ Esperando mudança visual...
2026-02-12 12:38:50,263 - INFO - ⌛ Esperando mudança visual...
2026-02-12 12:38:51,278 - INFO - ⌛ Esperando mudança visual...
2026-02-12 12:38:52,294 - INFO - ⌛ Esperando mudança visual...
2026-02-12 12:38:53,310 - INFO - ⌛ Esperando mudança visual...
2026-02-12 12:38:54,327 - INFO - ✅ Tela carregada!
2026-02-12 12:39:04,791 - INFO - ⌛ Aguardando janela de confirmação de desbloqueio...
2026-02-12 12:39:20,209 - INFO - 🟨 Registros desbloqueados com sucesso
2026-02-12 12:39:33,722 - INFO - ⌛ Aguardando janela de edição de OS...
2026-02-12 12:39:49,171 - INFO - 🟨 OS programadas detectadas
2026-02-12 12:39:52,327 - INFO - ⌛ Aguardando janela de edição de OS...
2026-02-12 12:40:07,798 - INFO - 🟨 Janela de edição de OS detectada
2026-02-12 12:40:29,170 - INFO - 🟨 Janela de edição de habilidade da turma detectada
2026-02-12 12:41:47,481 - INFO - ⌛ Aguardando detecção do campo de caracteristica 'EQUIPE PRÓPRIA OU EPS' ...
2026-02-12 12:42:06,853 - INFO - 🟨 campo de caracteristica 'EQUIPE PRÓPRIA OU EPS detectado
2026-02-12 12:42:28,634 - INFO - ⌛ Aguardando confirmação 4 - editar OS...
2026-02-12 12:42:44,089 - INFO - ⌛ Aguardando confirmação 4 - editar OS...
2026-02-12 12:42:59,547 - INFO - ⌛ Aguardando confirmação 4 - editar OS...
2026-02-12 12:43:14,990 - INFO - 🟨 Janela de confirmação 4 de edição de OS detectada
2026-02-12 12:43:45,685 - INFO - ⌛ Aguardando janela de confirmação de programação de OS...
2026-02-12 12:44:06,051 - INFO - 🟨 Janela de confirmação de programação de OS detectada
2026-02-12 12:44:19,376 - INFO - 🟨 Janela de aviso de edição de OS programadas detectada
2026-02-12 12:44:23,651 - INFO - ⌛ aguardando janela de programação de lote de OS...
2026-02-12 12:44:44,121 - INFO - 🟨 Janela de aviso de substituição de lote de OS detectada
2026-02-12 12:44:50,384 - INFO - ⌛ aguardando janela de programação de lote de OS...
2026-02-12 12:45:10,896 - INFO - ⌛ aguardando janela de programação de lote de OS...
2026-02-12 12:45:11,147 - INFO - 🟨 Identificado falha no EQM
2026-02-12 12:45:32,794 - INFO - ⌛ Aguardando janela de confirmação de programação de OS...
2026-02-12 12:45:53,153 - INFO - 🟨 Janela de confirmação de programação de OS detectada
2026-02-12 12:46:06,445 - INFO - 🟨 Janela de aviso de edição de OS programadas detectada
2026-02-12 15:16:21,235 - INFO - Data hoje: 12/02/2026
2026-02-12 15:16:21,235 - INFO - Data de referência: 28/02/2026
2026-02-12 15:17:18,832 - INFO - Data hoje: 12/02/2026
2026-02-12 15:17:18,832 - INFO - Data de referência: 28/02/2026
2026-02-12 15:20:59,290 - INFO - Qtde OS de LINHA VIVA: 3232
2026-02-12 15:20:59,290 - INFO - Qtde OS poda de LINHA MORTA: 1191
2026-02-12 15:20:59,290 - INFO - Qtde OS estrutural de LINHA MORTA : 260
2026-02-12 15:20:59,290 - INFO - Qtde OS poda de LINHA MORTA fora carteira: 3176
2026-02-12 15:20:59,290 - INFO - Qtde OS para desprogramar: 83
2026-02-12 15:20:59,290 - INFO - 
 Qtd de lotes de LM: 48
2026-02-12 15:20:59,290 - INFO - 
 Qtd de lotes de LV: 130
2026-02-12 15:20:59,290 - INFO - 
 Qtd de lotes de ESTRUTURAL LM: 11
2026-02-12 15:20:59,290 - INFO - 
 Qtd de lotes de LEVE: 128
2026-02-12 15:20:59,290 - INFO - 
 Qtd de lotes para desprogramar: 4
2026-02-12 15:20:59,290 - INFO - 
=== Iniciando lote 1/11 [REDES] ===
2026-02-12 18:15:37,851 - INFO - Data hoje: 12/02/2026
2026-02-12 18:15:37,851 - INFO - Data de referência: 28/02/2026
2026-02-12 18:17:06,561 - INFO - Qtde OS de LINHA VIVA: 429
2026-02-12 18:17:06,561 - INFO - Qtde OS poda de LINHA MORTA: 153
2026-02-12 18:17:06,561 - INFO - Qtde OS estrutural de LINHA MORTA : 63
2026-02-12 18:17:06,561 - INFO - Qtde OS poda de LINHA MORTA fora carteira: 1232
2026-02-12 18:17:06,561 - INFO - Qtde OS para desprogramar: 1320
2026-02-12 18:17:06,561 - INFO - 
 Qtd de lotes de LM: 7
2026-02-12 18:17:06,561 - INFO - 
 Qtd de lotes de LV: 18
2026-02-12 18:17:06,561 - INFO - 
 Qtd de lotes de ESTRUTURAL LM: 3
2026-02-12 18:17:06,561 - INFO - 
 Qtd de lotes de LEVE: 50
2026-02-12 18:17:06,561 - INFO - 
 Qtd de lotes para desprogramar: 53
2026-02-12 18:17:06,561 - INFO - 
=== Iniciando lote 1/3 [REDES] ===
2026-02-12 18:17:12,969 - INFO - Janela de seleção aberta
2026-02-12 18:17:17,206 - INFO - DEBUG: idx=0, inicio=0, fim=25
2026-02-12 18:17:17,206 - INFO - ✅ 25 OS copiadas para a área de transferência.
2026-02-12 18:17:17,206 - INFO - 📋 Lote 1 copiado.
2026-02-12 18:17:25,526 - INFO - ⌛ Esperando mudança visual...
2026-02-12 18:17:26,543 - INFO - ⌛ Esperando mudança visual...
2026-02-12 18:17:27,565 - INFO - ⌛ Esperando mudança visual...
2026-02-12 18:17:28,576 - INFO - ⌛ Esperando mudança visual...
2026-02-12 18:17:29,597 - INFO - ⌛ Esperando mudança visual...
2026-02-12 18:17:30,610 - INFO - ⌛ Esperando mudança visual...
2026-02-12 18:17:31,621 - INFO - ⌛ Esperando mudança visual...
2026-02-12 18:17:32,640 - INFO - ⌛ Esperando mudança visual...
2026-02-12 18:17:33,671 - INFO - ⌛ Esperando mudança visual...
2026-02-12 18:17:34,688 - INFO - ⌛ Esperando mudança visual...
2026-02-12 18:17:35,704 - INFO - ⌛ Esperando mudança visual...
2026-02-12 18:17:36,712 - INFO - ⌛ Esperando mudança visual...
2026-02-12 18:17:37,735 - INFO - ⌛ Esperando mudança visual...
2026-02-12 18:17:38,754 - INFO - ⌛ Esperando mudança visual...
2026-02-12 18:17:39,766 - INFO - ⌛ Esperando mudança visual...
2026-02-12 18:17:40,780 - INFO - ⌛ Esperando mudança visual...
2026-02-12 18:17:41,794 - INFO - ⌛ Esperando mudança visual...
2026-02-12 18:17:42,814 - INFO - ⌛ Esperando mudança visual...
2026-02-12 18:17:43,831 - INFO - ⌛ Esperando mudança visual...
2026-02-12 18:17:44,844 - INFO - ⌛ Esperando mudança visual...
2026-02-12 18:17:45,865 - INFO - ✅ Tela carregada!
2026-02-12 18:17:56,324 - INFO - ⌛ Aguardando janela de confirmação de desbloqueio...
2026-02-12 18:18:11,732 - INFO - 🟨 Registros desbloqueados com sucesso
2026-02-12 18:18:25,259 - INFO - ⌛ Aguardando janela de edição de OS...
2026-02-12 18:18:40,733 - INFO - 🟨 OS programadas detectadas
2026-02-12 18:18:43,888 - INFO - ⌛ Aguardando janela de edição de OS...
2026-02-12 18:18:59,305 - INFO - 🟨 Janela de edição de OS detectada
2026-02-12 18:19:20,669 - INFO - 🟨 Janela de edição de habilidade da turma detectada
2026-02-12 18:20:39,000 - INFO - ⌛ Aguardando detecção do campo de caracteristica 'EQUIPE PRÓPRIA OU EPS' ...
2026-02-12 18:20:58,351 - INFO - 🟨 campo de caracteristica 'EQUIPE PRÓPRIA OU EPS detectado
2026-02-12 18:21:20,152 - INFO - ⌛ Aguardando confirmação 4 - editar OS...
2026-02-12 18:21:35,620 - INFO - ⌛ Aguardando confirmação 4 - editar OS...
2026-02-12 18:21:51,136 - INFO - ⌛ Aguardando confirmação 4 - editar OS...
2026-02-12 18:22:06,563 - INFO - 🟨 Janela de confirmação 4 de edição de OS detectada
2026-02-12 18:22:37,273 - INFO - ⌛ Aguardando janela de confirmação de programação de OS...
2026-02-12 18:22:57,614 - INFO - 🟨 Janela de confirmação de programação de OS detectada
2026-02-12 18:23:10,956 - INFO - 🟨 Janela de aviso de edição de OS programadas detectada
2026-02-12 18:23:15,231 - INFO - ⌛ aguardando janela de programação de lote de OS...
2026-02-12 18:23:35,751 - INFO - 🟨 Janela de aviso de substituição de lote de OS detectada
2026-02-12 18:23:42,025 - INFO - ⌛ aguardando janela de programação de lote de OS...
2026-02-12 18:24:02,510 - INFO - 🟨 Janela de programação de lote de OS detectada
2026-02-12 18:24:40,101 - INFO - 🟨 Janela de confirmação de programação de lote de OS detectada
2026-02-12 18:24:44,395 - INFO - ⌛ aguardando confirmação final de programação do lote
2026-02-12 18:25:04,884 - INFO - 🟨 programação do lote 1 efetuado com sucesso
2026-02-12 18:25:15,037 - INFO - 
=== Iniciando lote 2/3 [REDES] ===
2026-02-12 18:25:21,390 - INFO - Janela de seleção aberta
2026-02-12 18:25:25,636 - INFO - DEBUG: idx=1, inicio=25, fim=50
2026-02-12 18:25:25,636 - INFO - ✅ 25 OS copiadas para a área de transferência.
2026-02-12 18:25:25,636 - INFO - 📋 Lote 2 copiado.
2026-02-12 18:25:33,961 - INFO - ⌛ Esperando mudança visual...
2026-02-12 18:25:34,984 - INFO - ⌛ Esperando mudança visual...
2026-02-12 18:25:35,999 - INFO - ⌛ Esperando mudança visual...
2026-02-12 18:25:37,015 - INFO - ⌛ Esperando mudança visual...
2026-02-12 18:25:38,031 - INFO - ⌛ Esperando mudança visual...
2026-02-12 18:25:39,046 - INFO - ⌛ Esperando mudança visual...
2026-02-12 18:25:40,061 - INFO - ⌛ Esperando mudança visual...
2026-02-12 18:25:41,077 - INFO - ⌛ Esperando mudança visual...
2026-02-12 18:25:42,096 - INFO - ⌛ Esperando mudança visual...
2026-02-12 18:25:43,109 - INFO - ⌛ Esperando mudança visual...
2026-02-12 18:25:44,130 - INFO - ⌛ Esperando mudança visual...
2026-02-12 18:25:45,140 - INFO - ⌛ Esperando mudança visual...
2026-02-12 18:25:46,155 - INFO - ⌛ Esperando mudança visual...
2026-02-12 18:25:47,171 - INFO - ⌛ Esperando mudança visual...
2026-02-12 18:25:48,174 - INFO - ⌛ Esperando mudança visual...
2026-02-12 18:25:49,188 - INFO - ⌛ Esperando mudança visual...
2026-02-12 18:25:50,191 - INFO - ⌛ Esperando mudança visual...
2026-02-12 18:25:51,217 - INFO - ⌛ Esperando mudança visual...
2026-02-12 18:25:52,225 - INFO - ⌛ Esperando mudança visual...
2026-02-12 18:25:53,249 - INFO - ⌛ Esperando mudança visual...
2026-02-12 18:25:54,266 - INFO - ✅ Tela carregada!
2026-02-12 18:26:04,751 - INFO - ⌛ Aguardando janela de confirmação de desbloqueio...
2026-02-12 18:26:20,132 - INFO - 🟨 Registros desbloqueados com sucesso
2026-02-12 18:26:33,660 - INFO - ⌛ Aguardando janela de edição de OS...
2026-02-12 18:26:49,114 - INFO - 🟨 OS programadas detectadas
2026-02-12 18:26:52,288 - INFO - ⌛ Aguardando janela de edição de OS...
2026-02-12 18:27:07,749 - INFO - 🟨 Janela de edição de OS detectada
2026-02-12 18:27:29,110 - INFO - 🟨 Janela de edição de habilidade da turma detectada
2026-02-12 18:28:47,418 - INFO - ⌛ Aguardando detecção do campo de caracteristica 'EQUIPE PRÓPRIA OU EPS' ...
2026-02-12 18:29:06,774 - INFO - 🟨 campo de caracteristica 'EQUIPE PRÓPRIA OU EPS detectado
2026-02-12 18:29:28,599 - INFO - ⌛ Aguardando confirmação 4 - editar OS...
2026-02-12 18:29:44,061 - INFO - ⌛ Aguardando confirmação 4 - editar OS...
2026-02-12 18:29:59,555 - INFO - ⌛ Aguardando confirmação 4 - editar OS...
2026-02-12 18:30:15,069 - INFO - 🟨 Janela de confirmação 4 de edição de OS detectada
2026-02-12 18:30:45,833 - INFO - ⌛ Aguardando janela de confirmação de programação de OS...
2026-02-12 18:31:06,279 - INFO - 🟨 Janela de confirmação de programação de OS detectada
2026-02-12 18:31:19,664 - INFO - 🟨 Janela de aviso de edição de OS programadas detectada
2026-02-12 18:31:23,937 - INFO - ⌛ aguardando janela de programação de lote de OS...
2026-02-12 18:31:44,543 - INFO - 🟨 Janela de aviso de substituição de lote de OS detectada
2026-02-12 18:31:50,813 - INFO - ⌛ aguardando janela de programação de lote de OS...
2026-02-12 18:32:11,349 - INFO - 🟨 Janela de programação de lote de OS detectada
2026-02-12 18:32:48,917 - INFO - 🟨 Janela de confirmação de programação de lote de OS detectada
2026-02-12 18:32:53,194 - INFO - ⌛ aguardando confirmação final de programação do lote
2026-02-12 18:33:13,763 - INFO - 🟨 programação do lote 2 efetuado com sucesso
2026-02-12 18:33:23,922 - INFO - 
=== Iniciando lote 3/3 [REDES] ===
2026-02-12 18:33:30,278 - INFO - Janela de seleção aberta
2026-02-12 18:33:34,523 - INFO - DEBUG: idx=2, inicio=50, fim=75
2026-02-12 18:33:34,523 - INFO - ✅ 13 OS copiadas para a área de transferência.
2026-02-12 18:33:34,523 - INFO - 📋 Lote 3 copiado.
2026-02-12 18:33:42,846 - INFO - ⌛ Esperando mudança visual...
2026-02-12 18:33:43,867 - INFO - ⌛ Esperando mudança visual...
2026-02-12 18:33:44,885 - INFO - ⌛ Esperando mudança visual...
2026-02-12 18:33:45,900 - INFO - ⌛ Esperando mudança visual...
2026-02-12 18:33:46,914 - INFO - ⌛ Esperando mudança visual...
2026-02-12 18:33:47,929 - INFO - ⌛ Esperando mudança visual...
2026-02-12 18:33:48,945 - INFO - ⌛ Esperando mudança visual...
2026-02-12 18:33:49,961 - INFO - ⌛ Esperando mudança visual...
2026-02-12 18:33:50,976 - INFO - ⌛ Esperando mudança visual...
2026-02-12 18:33:51,992 - INFO - ⌛ Esperando mudança visual...
2026-02-12 18:33:53,011 - INFO - ✅ Tela carregada!
2026-02-12 18:34:03,482 - INFO - ⌛ Aguardando janela de confirmação de desbloqueio...
2026-02-12 18:34:18,917 - INFO - 🟨 Registros desbloqueados com sucesso
2026-02-12 18:34:32,449 - INFO - 🟨 OS programadas detectadas
2026-02-12 18:34:35,619 - INFO - ⌛ Aguardando janela de edição de OS...
2026-02-12 18:34:51,098 - INFO - 🟨 Janela de edição de OS detectada
2026-02-12 18:35:12,452 - INFO - 🟨 Janela de edição de habilidade da turma detectada
2026-02-12 18:36:30,776 - INFO - ⌛ Aguardando detecção do campo de caracteristica 'EQUIPE PRÓPRIA OU EPS' ...
2026-02-12 18:36:50,148 - INFO - 🟨 campo de caracteristica 'EQUIPE PRÓPRIA OU EPS detectado
2026-02-12 18:37:11,969 - INFO - ⌛ Aguardando confirmação 4 - editar OS...
2026-02-12 18:37:27,434 - INFO - 🟨 Janela de confirmação 4 de edição de OS detectada
2026-02-12 18:37:58,134 - INFO - ⌛ Aguardando janela de confirmação de programação de OS...
2026-02-12 18:38:18,504 - INFO - 🟨 Janela de confirmação de programação de OS detectada
2026-02-12 18:38:31,909 - INFO - 🟨 Janela de aviso de edição de OS programadas detectada
2026-02-12 18:38:36,176 - INFO - ⌛ aguardando janela de programação de lote de OS...
2026-02-12 18:38:56,754 - INFO - 🟨 Janela de aviso de substituição de lote de OS detectada
2026-02-12 18:39:03,020 - INFO - ⌛ aguardando janela de programação de lote de OS...
2026-02-12 18:39:23,579 - INFO - 🟨 Janela de programação de lote de OS detectada
2026-02-12 18:40:01,154 - INFO - 🟨 Janela de confirmação de programação de lote de OS detectada
2026-02-12 18:40:05,444 - INFO - ⌛ aguardando confirmação final de programação do lote
2026-02-12 18:40:25,983 - INFO - 🟨 programação do lote 3 efetuado com sucesso
2026-02-12 18:40:36,148 - INFO - 
=== Iniciando lote 1/7 [LM] ===
2026-02-12 18:40:42,512 - INFO - Janela de seleção aberta
2026-02-12 18:40:46,749 - INFO - DEBUG: idx=0, inicio=0, fim=25
2026-02-12 18:40:46,749 - INFO - ✅ 25 OS copiadas para a área de transferência.
2026-02-12 18:40:46,749 - INFO - 📋 Lote 1 copiado.
2026-02-12 18:40:55,072 - INFO - ⌛ Esperando mudança visual...
2026-02-12 18:40:56,090 - INFO - ⌛ Esperando mudança visual...
2026-02-12 18:40:57,104 - INFO - ⌛ Esperando mudança visual...
2026-02-12 18:40:58,122 - INFO - ⌛ Esperando mudança visual...
2026-02-12 18:40:59,137 - INFO - ⌛ Esperando mudança visual...
2026-02-12 18:41:00,152 - INFO - ⌛ Esperando mudança visual...
2026-02-12 18:41:01,168 - INFO - ⌛ Esperando mudança visual...
2026-02-12 18:41:02,188 - INFO - ⌛ Esperando mudança visual...
2026-02-12 18:41:03,199 - INFO - ⌛ Esperando mudança visual...
2026-02-12 18:41:04,215 - INFO - ⌛ Esperando mudança visual...
2026-02-12 18:41:05,230 - INFO - ⌛ Esperando mudança visual...
2026-02-12 18:41:06,247 - INFO - ✅ Tela carregada!
2026-02-12 18:41:16,738 - INFO - ⌛ Aguardando janela de confirmação de desbloqueio...
2026-02-12 18:41:32,205 - INFO - 🟨 Registros desbloqueados com sucesso
2026-02-12 18:41:45,737 - INFO - 🟨 OS programadas detectadas
2026-02-12 18:41:48,910 - INFO - ⌛ Aguardando janela de edição de OS...
2026-02-12 18:42:04,435 - INFO - 🟨 Janela de edição de OS detectada
2026-02-12 18:42:25,795 - INFO - 🟨 Janela de edição de habilidade da turma detectada
2026-02-12 18:43:44,087 - INFO - ⌛ Aguardando detecção do campo de caracteristica 'EQUIPE PRÓPRIA OU EPS' ...
2026-02-12 18:44:03,452 - INFO - 🟨 campo de caracteristica 'EQUIPE PRÓPRIA OU EPS detectado
2026-02-12 18:44:25,262 - INFO - ⌛ Aguardando confirmação 4 - editar OS...
2026-02-12 18:44:40,715 - INFO - 🟨 Janela de confirmação 4 de edição de OS detectada
2026-02-12 18:45:11,409 - INFO - ⌛ Aguardando janela de confirmação de programação de OS...
2026-02-12 18:45:31,798 - INFO - 🟨 Janela de confirmação de programação de OS detectada
2026-02-12 18:45:45,245 - INFO - 🟨 Janela de aviso de edição de OS programadas detectada
2026-02-12 18:45:49,517 - INFO - ⌛ aguardando janela de programação de lote de OS...
2026-02-12 18:46:10,131 - INFO - 🟨 Janela de aviso de substituição de lote de OS detectada
2026-02-12 18:46:16,391 - INFO - ⌛ aguardando janela de programação de lote de OS...
2026-02-12 18:46:36,943 - INFO - 🟨 Janela de programação de lote de OS detectada
2026-02-12 18:47:14,529 - INFO - 🟨 Janela de confirmação de programação de lote de OS detectada
2026-02-12 18:47:18,837 - INFO - ⌛ aguardando confirmação final de programação do lote
2026-02-12 18:47:39,414 - INFO - 🟨 programação do lote 1 efetuado com sucesso
2026-02-12 18:47:49,589 - INFO - 
=== Iniciando lote 2/7 [LM] ===
2026-02-12 18:47:55,951 - INFO - Janela de seleção aberta
2026-02-12 18:48:00,176 - INFO - DEBUG: idx=1, inicio=25, fim=50
2026-02-12 18:48:00,176 - INFO - ✅ 25 OS copiadas para a área de transferência.
2026-02-12 18:48:00,176 - INFO - 📋 Lote 2 copiado.
2026-02-12 18:48:08,530 - INFO - ⌛ Esperando mudança visual...
2026-02-12 18:48:09,548 - INFO - ⌛ Esperando mudança visual...
2026-02-12 18:48:10,560 - INFO - ⌛ Esperando mudança visual...
2026-02-12 18:48:11,563 - INFO - ⌛ Esperando mudança visual...
2026-02-12 18:48:12,575 - INFO - ⌛ Esperando mudança visual...
2026-02-12 18:48:13,591 - INFO - ⌛ Esperando mudança visual...
2026-02-12 18:48:14,606 - INFO - ⌛ Esperando mudança visual...
2026-02-12 18:48:15,622 - INFO - ⌛ Esperando mudança visual...
2026-02-12 18:48:16,637 - INFO - ⌛ Esperando mudança visual...
2026-02-12 18:48:17,653 - INFO - ⌛ Esperando mudança visual...
2026-02-12 18:48:18,669 - INFO - ✅ Tela carregada!
2026-02-12 18:48:29,141 - INFO - ⌛ Aguardando janela de confirmação de desbloqueio...
2026-02-12 18:48:44,549 - INFO - 🟨 Registros desbloqueados com sucesso
2026-02-12 18:48:58,061 - INFO - 🟨 OS programadas detectadas
2026-02-12 18:49:01,222 - INFO - ⌛ Aguardando janela de edição de OS...
2026-02-12 18:49:16,665 - INFO - 🟨 Janela de edição de OS detectada
2026-02-12 18:49:38,024 - INFO - 🟨 Janela de edição de habilidade da turma detectada
2026-02-12 18:50:56,360 - INFO - ⌛ Aguardando detecção do campo de caracteristica 'EQUIPE PRÓPRIA OU EPS' ...
2026-02-12 18:51:15,707 - INFO - 🟨 campo de caracteristica 'EQUIPE PRÓPRIA OU EPS detectado
2026-02-12 18:51:37,565 - INFO - ⌛ Aguardando confirmação 4 - editar OS...
2026-02-12 18:51:53,130 - INFO - ⌛ Aguardando confirmação 4 - editar OS...
2026-02-12 18:52:08,683 - INFO - 🟨 Janela de confirmação 4 de edição de OS detectada
2026-02-12 18:52:39,402 - INFO - ⌛ Aguardando janela de confirmação de programação de OS...
2026-02-12 18:52:59,785 - INFO - 🟨 Janela de confirmação de programação de OS detectada
2026-02-12 18:53:13,173 - INFO - 🟨 Janela de aviso de edição de OS programadas detectada
2026-02-12 18:53:17,455 - INFO - ⌛ aguardando janela de programação de lote de OS...
2026-02-12 18:53:38,041 - INFO - 🟨 Janela de aviso de substituição de lote de OS detectada
2026-02-12 18:53:44,318 - INFO - ⌛ aguardando janela de programação de lote de OS...
2026-02-12 18:54:04,831 - INFO - 🟨 Janela de programação de lote de OS detectada
2026-02-12 18:54:42,431 - INFO - 🟨 Janela de confirmação de programação de lote de OS detectada
2026-02-12 18:54:46,707 - INFO - ⌛ aguardando confirmação final de programação do lote
2026-02-12 18:55:07,327 - INFO - 🟨 programação do lote 2 efetuado com sucesso
2026-02-12 18:55:17,496 - INFO - 
=== Iniciando lote 3/7 [LM] ===
2026-02-12 18:55:23,854 - INFO - Janela de seleção aberta
2026-02-12 18:55:28,089 - INFO - DEBUG: idx=2, inicio=50, fim=75
2026-02-12 18:55:28,089 - INFO - ✅ 25 OS copiadas para a área de transferência.
2026-02-12 18:55:28,089 - INFO - 📋 Lote 3 copiado.
2026-02-12 18:55:36,427 - INFO - ⌛ Esperando mudança visual...
2026-02-12 18:55:37,439 - INFO - ⌛ Esperando mudança visual...
2026-02-12 18:55:38,440 - INFO - ⌛ Esperando mudança visual...
2026-02-12 18:55:39,463 - INFO - ⌛ Esperando mudança visual...
2026-02-12 18:55:40,482 - INFO - ⌛ Esperando mudança visual...
2026-02-12 18:55:41,483 - INFO - ⌛ Esperando mudança visual...
2026-02-12 18:55:42,515 - INFO - ⌛ Esperando mudança visual...
2026-02-12 18:55:43,531 - INFO - ⌛ Esperando mudança visual...
2026-02-12 18:55:44,548 - INFO - ⌛ Esperando mudança visual...
2026-02-12 18:55:45,561 - INFO - ⌛ Esperando mudança visual...
2026-02-12 18:55:46,577 - INFO - ✅ Tela carregada!
2026-02-12 18:55:57,051 - INFO - ⌛ Aguardando janela de confirmação de desbloqueio...
2026-02-12 18:56:12,482 - INFO - 🟨 Registros desbloqueados com sucesso
2026-02-12 18:56:26,010 - INFO - 🟨 OS programadas detectadas
2026-02-12 18:56:29,188 - INFO - ⌛ Aguardando janela de edição de OS...
2026-02-12 18:56:44,683 - INFO - 🟨 Janela de edição de OS detectada
2026-02-12 18:57:06,046 - INFO - 🟨 Janela de edição de habilidade da turma detectada
2026-02-12 18:58:24,340 - INFO - ⌛ Aguardando detecção do campo de caracteristica 'EQUIPE PRÓPRIA OU EPS' ...
2026-02-12 18:58:43,705 - INFO - 🟨 campo de caracteristica 'EQUIPE PRÓPRIA OU EPS detectado
2026-02-12 18:59:05,543 - INFO - ⌛ Aguardando confirmação 4 - editar OS...
2026-02-12 18:59:21,075 - INFO - ⌛ Aguardando confirmação 4 - editar OS...
2026-02-12 18:59:36,497 - INFO - 🟨 Janela de confirmação 4 de edição de OS detectada
2026-02-12 19:00:07,183 - INFO - ⌛ Aguardando janela de confirmação de programação de OS...
2026-02-12 19:00:27,555 - INFO - 🟨 Janela de confirmação de programação de OS detectada
2026-02-12 19:00:40,905 - INFO - 🟨 Janela de aviso de edição de OS programadas detectada
2026-02-12 19:00:45,166 - INFO - ⌛ aguardando janela de programação de lote de OS...
2026-02-12 19:01:05,808 - INFO - 🟨 Janela de aviso de substituição de lote de OS detectada
2026-02-12 19:01:12,071 - INFO - ⌛ aguardando janela de programação de lote de OS...
2026-02-12 19:01:32,710 - INFO - ⌛ aguardando janela de programação de lote de OS...
2026-02-12 19:01:53,271 - INFO - 🟨 Janela de programação de lote de OS detectada
2026-02-12 19:02:30,831 - INFO - 🟨 Janela de confirmação de programação de lote de OS detectada
2026-02-12 19:02:35,146 - INFO - ⌛ aguardando confirmação final de programação do lote
2026-02-12 19:02:55,767 - INFO - 🟨 programação do lote 3 efetuado com sucesso
2026-02-12 19:03:05,933 - INFO - 
=== Iniciando lote 4/7 [LM] ===
2026-02-12 19:03:12,283 - INFO - Janela de seleção aberta
2026-02-12 19:03:16,532 - INFO - DEBUG: idx=3, inicio=75, fim=100
2026-02-12 19:03:16,532 - INFO - ✅ 25 OS copiadas para a área de transferência.
2026-02-12 19:03:16,532 - INFO - 📋 Lote 4 copiado.
2026-02-12 19:03:24,852 - INFO - ⌛ Esperando mudança visual...
2026-02-12 19:03:25,874 - INFO - ⌛ Esperando mudança visual...
2026-02-12 19:03:26,893 - INFO - ⌛ Esperando mudança visual...
2026-02-12 19:03:27,906 - INFO - ⌛ Esperando mudança visual...
2026-02-12 19:03:28,922 - INFO - ⌛ Esperando mudança visual...
2026-02-12 19:03:29,938 - INFO - ⌛ Esperando mudança visual...
2026-02-12 19:03:30,952 - INFO - ⌛ Esperando mudança visual...
2026-02-12 19:03:31,969 - INFO - ⌛ Esperando mudança visual...
2026-02-12 19:03:32,984 - INFO - ⌛ Esperando mudança visual...
2026-02-12 19:03:34,000 - INFO - ⌛ Esperando mudança visual...
2026-02-12 19:03:35,032 - INFO - ⌛ Esperando mudança visual...
2026-02-12 19:03:36,048 - INFO - ✅ Tela carregada!
2026-02-12 19:03:46,506 - INFO - ⌛ Aguardando janela de confirmação de desbloqueio...
2026-02-12 19:04:02,022 - INFO - 🟨 Registros desbloqueados com sucesso
2026-02-12 19:04:15,549 - INFO - 🟨 OS programadas detectadas
2026-02-12 19:04:18,709 - INFO - ⌛ Aguardando janela de edição de OS...
2026-02-12 19:04:34,147 - INFO - 🟨 Janela de edição de OS detectada
2026-02-12 19:04:55,509 - INFO - 🟨 Janela de edição de habilidade da turma detectada
2026-02-12 19:06:13,869 - INFO - ⌛ Aguardando detecção do campo de caracteristica 'EQUIPE PRÓPRIA OU EPS' ...
2026-02-12 19:06:33,220 - INFO - 🟨 campo de caracteristica 'EQUIPE PRÓPRIA OU EPS detectado
2026-02-12 19:06:55,009 - INFO - ⌛ Aguardando confirmação 4 - editar OS...
2026-02-12 19:07:10,457 - INFO - ⌛ Aguardando confirmação 4 - editar OS...
2026-02-12 19:07:25,902 - INFO - 🟨 Janela de confirmação 4 de edição de OS detectada
2026-02-12 19:07:56,613 - INFO - ⌛ Aguardando janela de confirmação de programação de OS...
2026-02-12 19:08:16,974 - INFO - 🟨 Janela de confirmação de programação de OS detectada
2026-02-12 19:08:30,356 - INFO - 🟨 Janela de aviso de edição de OS programadas detectada
2026-02-12 19:08:34,652 - INFO - ⌛ aguardando janela de programação de lote de OS...
2026-02-12 19:08:55,229 - INFO - 🟨 Janela de aviso de substituição de lote de OS detectada
2026-02-12 19:09:01,520 - INFO - ⌛ aguardando janela de programação de lote de OS...
2026-02-12 19:09:22,023 - INFO - 🟨 Janela de programação de lote de OS detectada
2026-02-12 19:09:59,609 - INFO - 🟨 Janela de confirmação de programação de lote de OS detectada
2026-02-12 19:10:03,889 - INFO - ⌛ aguardando confirmação final de programação do lote
2026-02-12 19:10:24,413 - INFO - 🟨 programação do lote 4 efetuado com sucesso
2026-02-12 19:10:34,571 - INFO - 
=== Iniciando lote 5/7 [LM] ===
2026-02-12 19:10:40,927 - INFO - Janela de seleção aberta
2026-02-12 19:10:45,174 - INFO - DEBUG: idx=4, inicio=100, fim=125
2026-02-12 19:10:45,174 - INFO - ✅ 25 OS copiadas para a área de transferência.
2026-02-12 19:10:45,174 - INFO - 📋 Lote 5 copiado.
2026-02-12 19:10:53,493 - INFO - ⌛ Esperando mudança visual...
2026-02-12 19:10:54,504 - INFO - ⌛ Esperando mudança visual...
2026-02-12 19:10:55,515 - INFO - ⌛ Esperando mudança visual...
2026-02-12 19:10:56,530 - INFO - ⌛ Esperando mudança visual...
2026-02-12 19:10:57,547 - INFO - ⌛ Esperando mudança visual...
2026-02-12 19:10:58,548 - INFO - ⌛ Esperando mudança visual...
2026-02-12 19:10:59,578 - INFO - ⌛ Esperando mudança visual...
2026-02-12 19:11:00,591 - INFO - ⌛ Esperando mudança visual...
2026-02-12 19:11:01,607 - INFO - ⌛ Esperando mudança visual...
2026-02-12 19:11:02,624 - INFO - ⌛ Esperando mudança visual...
2026-02-12 19:11:03,640 - INFO - ✅ Tela carregada!
2026-02-12 19:11:14,109 - INFO - ⌛ Aguardando janela de confirmação de desbloqueio...
2026-02-12 19:11:29,637 - INFO - 🟨 Registros desbloqueados com sucesso
2026-02-12 19:11:43,199 - INFO - 🟨 OS programadas detectadas
2026-02-12 19:11:46,368 - INFO - ⌛ Aguardando janela de edição de OS...
2026-02-12 19:12:01,805 - INFO - 🟨 Janela de edição de OS detectada
2026-02-12 19:12:23,190 - INFO - 🟨 Janela de edição de habilidade da turma detectada
2026-02-12 19:13:41,498 - INFO - ⌛ Aguardando detecção do campo de caracteristica 'EQUIPE PRÓPRIA OU EPS' ...
2026-02-12 19:14:00,860 - INFO - 🟨 campo de caracteristica 'EQUIPE PRÓPRIA OU EPS detectado
2026-02-12 19:14:22,670 - INFO - ⌛ Aguardando confirmação 4 - editar OS...
2026-02-12 19:14:38,146 - INFO - ⌛ Aguardando confirmação 4 - editar OS...
2026-02-12 19:14:53,636 - INFO - 🟨 Janela de confirmação 4 de edição de OS detectada
2026-02-12 19:15:24,326 - INFO - ⌛ Aguardando janela de confirmação de programação de OS...
2026-02-12 19:15:44,683 - INFO - 🟨 Janela de confirmação de programação de OS detectada
2026-02-12 19:15:58,174 - INFO - 🟨 Janela de aviso de edição de OS programadas detectada
2026-02-12 19:16:02,470 - INFO - ⌛ aguardando janela de programação de lote de OS...
2026-02-12 19:16:23,101 - INFO - 🟨 Janela de aviso de substituição de lote de OS detectada
2026-02-12 19:16:29,364 - INFO - ⌛ aguardando janela de programação de lote de OS...
2026-02-12 19:16:49,842 - INFO - 🟨 Janela de programação de lote de OS detectada
2026-02-12 19:17:27,413 - INFO - 🟨 Janela de confirmação de programação de lote de OS detectada
2026-02-12 19:17:31,667 - INFO - ⌛ aguardando confirmação final de programação do lote
2026-02-12 19:17:52,168 - INFO - 🟨 programação do lote 5 efetuado com sucesso
2026-02-12 19:18:02,327 - INFO - 
=== Iniciando lote 6/7 [LM] ===
2026-02-12 19:18:08,666 - INFO - Janela de seleção aberta
2026-02-12 19:18:12,913 - INFO - DEBUG: idx=5, inicio=125, fim=150
2026-02-12 19:18:12,913 - INFO - ✅ 25 OS copiadas para a área de transferência.
2026-02-12 19:18:12,913 - INFO - 📋 Lote 6 copiado.
2026-02-12 19:18:21,237 - INFO - ⌛ Esperando mudança visual...
2026-02-12 19:18:22,256 - INFO - ⌛ Esperando mudança visual...
2026-02-12 19:18:23,258 - INFO - ⌛ Esperando mudança visual...
2026-02-12 19:18:24,289 - INFO - ⌛ Esperando mudança visual...
2026-02-12 19:18:25,305 - INFO - ⌛ Esperando mudança visual...
2026-02-12 19:18:26,320 - INFO - ⌛ Esperando mudança visual...
2026-02-12 19:18:27,336 - INFO - ⌛ Esperando mudança visual...
2026-02-12 19:18:28,352 - INFO - ⌛ Esperando mudança visual...
2026-02-12 19:18:29,367 - INFO - ⌛ Esperando mudança visual...
2026-02-12 19:18:30,376 - INFO - ✅ Tela carregada!
2026-02-12 19:18:40,839 - INFO - ⌛ Aguardando janela de confirmação de desbloqueio...
2026-02-12 19:18:56,293 - INFO - 🟨 Registros desbloqueados com sucesso
2026-02-12 19:19:09,816 - INFO - ⌛ Aguardando janela de edição de OS...
2026-02-12 19:19:25,284 - INFO - 🟨 OS programadas detectadas
2026-02-12 19:19:28,436 - INFO - ⌛ Aguardando janela de edição de OS...
2026-02-12 19:19:43,858 - INFO - 🟨 Janela de edição de OS detectada
2026-02-12 19:20:05,229 - INFO - 🟨 Janela de edição de habilidade da turma detectada
2026-02-12 19:21:23,537 - INFO - ⌛ Aguardando detecção do campo de caracteristica 'EQUIPE PRÓPRIA OU EPS' ...
2026-02-12 19:21:42,891 - INFO - 🟨 campo de caracteristica 'EQUIPE PRÓPRIA OU EPS detectado
2026-02-12 19:22:04,696 - INFO - ⌛ Aguardando confirmação 4 - editar OS...
2026-02-12 19:22:20,159 - INFO - ⌛ Aguardando confirmação 4 - editar OS...
2026-02-12 19:22:35,597 - INFO - 🟨 Janela de confirmação 4 de edição de OS detectada
2026-02-12 19:23:06,268 - INFO - ⌛ Aguardando janela de confirmação de programação de OS...
2026-02-12 19:23:26,587 - INFO - 🟨 Janela de confirmação de programação de OS detectada
2026-02-12 19:23:39,943 - INFO - 🟨 Janela de aviso de edição de OS programadas detectada
2026-02-12 19:23:44,220 - INFO - ⌛ aguardando janela de programação de lote de OS...
2026-02-12 19:24:04,784 - INFO - 🟨 Janela de aviso de substituição de lote de OS detectada
2026-02-12 19:24:11,062 - INFO - ⌛ aguardando janela de programação de lote de OS...
2026-02-12 19:24:31,545 - INFO - 🟨 Janela de programação de lote de OS detectada
2026-02-12 19:25:09,102 - INFO - 🟨 Janela de confirmação de programação de lote de OS detectada
2026-02-12 19:25:13,378 - INFO - ⌛ aguardando confirmação final de programação do lote
2026-02-12 19:25:33,888 - INFO - 🟨 programação do lote 6 efetuado com sucesso
2026-02-12 19:25:44,061 - INFO - 
=== Iniciando lote 7/7 [LM] ===
2026-02-12 19:25:50,406 - INFO - Janela de seleção aberta
2026-02-12 19:25:54,644 - INFO - DEBUG: idx=6, inicio=150, fim=175
2026-02-12 19:25:54,644 - INFO - ✅ 3 OS copiadas para a área de transferência.
2026-02-12 19:25:54,644 - INFO - 📋 Lote 7 copiado.
2026-02-12 19:26:02,986 - INFO - ⌛ Esperando mudança visual...
2026-02-12 19:26:04,003 - INFO - ⌛ Esperando mudança visual...
2026-02-12 19:26:05,019 - INFO - ⌛ Esperando mudança visual...
2026-02-12 19:26:06,034 - INFO - ⌛ Esperando mudança visual...
2026-02-12 19:26:07,050 - INFO - ⌛ Esperando mudança visual...
2026-02-12 19:26:08,067 - INFO - ⌛ Esperando mudança visual...
2026-02-12 19:26:09,082 - INFO - ⌛ Esperando mudança visual...
2026-02-12 19:26:10,096 - INFO - ⌛ Esperando mudança visual...
2026-02-12 19:26:11,112 - INFO - ⌛ Esperando mudança visual...
2026-02-12 19:26:12,128 - INFO - ⌛ Esperando mudança visual...
2026-02-12 19:26:13,145 - INFO - ⌛ Esperando mudança visual...
2026-02-12 19:26:14,160 - INFO - ✅ Tela carregada!
2026-02-12 19:26:24,621 - INFO - ⌛ Aguardando janela de confirmação de desbloqueio...
2026-02-12 19:26:40,020 - INFO - 🟨 Registros desbloqueados com sucesso
2026-02-12 19:26:53,595 - INFO - 🟨 OS programadas detectadas
2026-02-12 19:26:56,759 - INFO - ⌛ Aguardando janela de edição de OS...
2026-02-12 19:27:12,197 - INFO - 🟨 Janela de edição de OS detectada
2026-02-12 19:27:33,554 - INFO - 🟨 Janela de edição de habilidade da turma detectada
2026-02-12 19:28:51,842 - INFO - ⌛ Aguardando detecção do campo de caracteristica 'EQUIPE PRÓPRIA OU EPS' ...
2026-02-12 19:29:11,181 - INFO - 🟨 campo de caracteristica 'EQUIPE PRÓPRIA OU EPS detectado
2026-02-12 19:29:32,951 - INFO - ⌛ Aguardando confirmação 4 - editar OS...
2026-02-12 19:29:48,445 - INFO - 🟨 Janela de confirmação 4 de edição de OS detectada
2026-02-12 19:30:19,134 - INFO - ⌛ Aguardando janela de confirmação de programação de OS...
2026-02-12 19:30:39,553 - INFO - 🟨 Janela de confirmação de programação de OS detectada
2026-02-12 19:30:52,989 - INFO - 🟨 Janela de aviso de edição de OS programadas detectada
2026-02-12 19:30:57,263 - INFO - ⌛ aguardando janela de programação de lote de OS...
2026-02-12 19:31:17,867 - INFO - 🟨 Janela de aviso de substituição de lote de OS detectada
2026-02-12 19:31:24,140 - INFO - ⌛ aguardando janela de programação de lote de OS...
2026-02-12 19:31:44,700 - INFO - 🟨 Janela de programação de lote de OS detectada
2026-02-12 19:32:22,263 - INFO - 🟨 Janela de confirmação de programação de lote de OS detectada
2026-02-12 19:32:26,557 - INFO - ⌛ aguardando confirmação final de programação do lote
2026-02-12 19:32:47,134 - INFO - 🟨 programação do lote 7 efetuado com sucesso
2026-02-12 19:32:57,304 - INFO - 
=== Iniciando lote 1/18 [LV] ===
2026-02-12 19:33:03,649 - INFO - Janela de seleção aberta
2026-02-12 19:33:07,887 - INFO - DEBUG: idx=0, inicio=0, fim=25
2026-02-12 19:33:07,887 - INFO - ✅ 25 OS copiadas para a área de transferência.
2026-02-12 19:33:07,887 - INFO - 📋 Lote 1 copiado.
2026-02-12 19:33:16,210 - INFO - ⌛ Esperando mudança visual...
2026-02-12 19:33:17,229 - INFO - ⌛ Esperando mudança visual...
2026-02-12 19:33:18,242 - INFO - ⌛ Esperando mudança visual...
2026-02-12 19:33:19,258 - INFO - ⌛ Esperando mudança visual...
2026-02-12 19:33:20,274 - INFO - ⌛ Esperando mudança visual...
2026-02-12 19:33:21,290 - INFO - ⌛ Esperando mudança visual...
2026-02-12 19:33:22,294 - INFO - ⌛ Esperando mudança visual...
2026-02-12 19:33:23,303 - INFO - ⌛ Esperando mudança visual...
2026-02-12 19:33:24,320 - INFO - ⌛ Esperando mudança visual...
2026-02-12 19:33:25,351 - INFO - ⌛ Esperando mudança visual...
2026-02-12 19:33:26,367 - INFO - ✅ Tela carregada!
2026-02-12 19:33:36,827 - INFO - ⌛ Aguardando janela de confirmação de desbloqueio...
2026-02-12 19:33:52,270 - INFO - 🟨 Registros desbloqueados com sucesso
2026-02-12 19:34:05,822 - INFO - 🟨 OS programadas detectadas
2026-02-12 19:34:09,002 - INFO - ⌛ Aguardando janela de edição de OS...
2026-02-12 19:34:24,506 - INFO - 🟨 Janela de edição de OS detectada
2026-02-12 19:34:45,878 - INFO - 🟨 Janela de edição de habilidade da turma detectada
2026-02-12 19:36:04,193 - INFO - ⌛ Aguardando detecção do campo de caracteristica 'EQUIPE PRÓPRIA OU EPS' ...
2026-02-12 19:36:23,572 - INFO - 🟨 campo de caracteristica 'EQUIPE PRÓPRIA OU EPS detectado
2026-02-12 19:36:45,354 - INFO - ⌛ Aguardando confirmação 4 - editar OS...
2026-02-12 19:37:00,835 - INFO - ⌛ Aguardando confirmação 4 - editar OS...
2026-02-12 19:37:16,297 - INFO - 🟨 Janela de confirmação 4 de edição de OS detectada
2026-02-12 19:37:46,986 - INFO - ⌛ Aguardando janela de confirmação de programação de OS...
2026-02-12 19:38:07,311 - INFO - 🟨 Janela de confirmação de programação de OS detectada
2026-02-12 19:38:20,667 - INFO - 🟨 Janela de aviso de edição de OS programadas detectada
2026-02-12 19:38:24,919 - INFO - ⌛ aguardando janela de programação de lote de OS...
2026-02-12 19:38:45,491 - INFO - 🟨 Janela de aviso de substituição de lote de OS detectada
2026-02-12 19:38:51,767 - INFO - ⌛ aguardando janela de programação de lote de OS...
2026-02-12 19:39:12,268 - INFO - 🟨 Janela de programação de lote de OS detectada
2026-02-12 19:39:49,825 - INFO - 🟨 Janela de confirmação de programação de lote de OS detectada
2026-02-12 19:39:54,078 - INFO - ⌛ aguardando confirmação final de programação do lote
2026-02-12 19:40:14,556 - INFO - 🟨 programação do lote 1 efetuado com sucesso
2026-02-12 19:40:24,710 - INFO - 
=== Iniciando lote 2/18 [LV] ===
2026-02-12 19:40:31,063 - INFO - Janela de seleção aberta
2026-02-12 19:40:35,295 - INFO - DEBUG: idx=1, inicio=25, fim=50
2026-02-12 19:40:35,295 - INFO - ✅ 25 OS copiadas para a área de transferência.
2026-02-12 19:40:35,295 - INFO - 📋 Lote 2 copiado.
2026-02-12 19:40:43,621 - INFO - ⌛ Esperando mudança visual...
2026-02-12 19:40:44,636 - INFO - ⌛ Esperando mudança visual...
2026-02-12 19:40:45,653 - INFO - ⌛ Esperando mudança visual...
2026-02-12 19:40:46,667 - INFO - ⌛ Esperando mudança visual...
2026-02-12 19:40:47,685 - INFO - ⌛ Esperando mudança visual...
2026-02-12 19:40:48,699 - INFO - ⌛ Esperando mudança visual...
2026-02-12 19:40:49,714 - INFO - ⌛ Esperando mudança visual...
2026-02-12 19:40:50,731 - INFO - ⌛ Esperando mudança visual...
2026-02-12 19:40:51,746 - INFO - ⌛ Esperando mudança visual...
2026-02-12 19:40:52,762 - INFO - ✅ Tela carregada!
2026-02-12 19:41:03,226 - INFO - ⌛ Aguardando janela de confirmação de desbloqueio...
2026-02-12 19:41:18,632 - INFO - 🟨 Registros desbloqueados com sucesso
2026-02-12 19:41:32,188 - INFO - 🟨 OS programadas detectadas
2026-02-12 19:41:35,363 - INFO - ⌛ Aguardando janela de edição de OS...
2026-02-12 19:41:50,868 - INFO - 🟨 Janela de edição de OS detectada
2026-02-12 19:42:12,225 - INFO - 🟨 Janela de edição de habilidade da turma detectada
2026-02-12 19:43:30,540 - INFO - ⌛ Aguardando detecção do campo de caracteristica 'EQUIPE PRÓPRIA OU EPS' ...
2026-02-12 19:43:49,911 - INFO - 🟨 campo de caracteristica 'EQUIPE PRÓPRIA OU EPS detectado
2026-02-12 19:44:11,705 - INFO - ⌛ Aguardando confirmação 4 - editar OS...
2026-02-12 19:44:27,273 - INFO - ⌛ Aguardando confirmação 4 - editar OS...
2026-02-12 19:44:42,734 - INFO - 🟨 Janela de confirmação 4 de edição de OS detectada
2026-02-12 19:45:13,433 - INFO - ⌛ Aguardando janela de confirmação de programação de OS...
2026-02-12 19:45:33,788 - INFO - 🟨 Janela de confirmação de programação de OS detectada
2026-02-12 19:45:47,195 - INFO - 🟨 Janela de aviso de edição de OS programadas detectada
2026-02-12 19:45:51,455 - INFO - ⌛ aguardando janela de programação de lote de OS...
2026-02-12 19:46:12,049 - INFO - 🟨 Janela de aviso de substituição de lote de OS detectada
2026-02-12 19:46:18,306 - INFO - ⌛ aguardando janela de programação de lote de OS...
2026-02-12 19:46:38,896 - INFO - 🟨 Janela de programação de lote de OS detectada
2026-02-12 19:47:16,474 - INFO - 🟨 Janela de confirmação de programação de lote de OS detectada
2026-02-12 19:47:20,772 - INFO - ⌛ aguardando confirmação final de programação do lote
2026-02-12 19:47:41,319 - INFO - 🟨 programação do lote 2 efetuado com sucesso
2026-02-12 19:47:51,491 - INFO - 
=== Iniciando lote 3/18 [LV] ===
2026-02-12 19:47:57,848 - INFO - Janela de seleção aberta
2026-02-12 19:48:02,086 - INFO - DEBUG: idx=2, inicio=50, fim=75
2026-02-12 19:48:02,086 - INFO - ✅ 25 OS copiadas para a área de transferência.
2026-02-12 19:48:02,086 - INFO - 📋 Lote 3 copiado.
2026-02-12 19:48:10,431 - INFO - ⌛ Esperando mudança visual...
2026-02-12 19:48:11,445 - INFO - ⌛ Esperando mudança visual...
2026-02-12 19:48:12,462 - INFO - ⌛ Esperando mudança visual...
2026-02-12 19:48:13,478 - INFO - ⌛ Esperando mudança visual...
2026-02-12 19:48:14,493 - INFO - ⌛ Esperando mudança visual...
2026-02-12 19:48:15,509 - INFO - ⌛ Esperando mudança visual...
2026-02-12 19:48:16,529 - INFO - ⌛ Esperando mudança visual...
2026-02-12 19:48:17,540 - INFO - ⌛ Esperando mudança visual...
2026-02-12 19:48:18,559 - INFO - ⌛ Esperando mudança visual...
2026-02-12 19:48:19,573 - INFO - ✅ Tela carregada!
2026-02-12 19:48:30,031 - INFO - ⌛ Aguardando janela de confirmação de desbloqueio...
2026-02-12 19:48:45,450 - INFO - 🟨 Registros desbloqueados com sucesso
2026-02-12 19:48:58,958 - INFO - 🟨 OS programadas detectadas
2026-02-12 19:49:02,130 - INFO - ⌛ Aguardando janela de edição de OS...
2026-02-12 19:49:17,598 - INFO - 🟨 Janela de edição de OS detectada
2026-02-12 19:49:38,968 - INFO - 🟨 Janela de edição de habilidade da turma detectada
2026-02-12 19:50:57,265 - INFO - ⌛ Aguardando detecção do campo de caracteristica 'EQUIPE PRÓPRIA OU EPS' ...
2026-02-12 19:51:16,638 - INFO - 🟨 campo de caracteristica 'EQUIPE PRÓPRIA OU EPS detectado
2026-02-12 19:51:38,466 - INFO - ⌛ Aguardando confirmação 4 - editar OS...
2026-02-12 19:51:54,009 - INFO - ⌛ Aguardando confirmação 4 - editar OS...
2026-02-12 19:52:09,520 - INFO - 🟨 Janela de confirmação 4 de edição de OS detectada
2026-02-12 19:52:40,237 - INFO - ⌛ Aguardando janela de confirmação de programação de OS...
2026-02-12 19:53:00,569 - INFO - 🟨 Janela de confirmação de programação de OS detectada
2026-02-12 19:53:13,945 - INFO - 🟨 Janela de aviso de edição de OS programadas detectada
2026-02-12 19:53:18,201 - INFO - ⌛ aguardando janela de programação de lote de OS...
2026-02-12 19:53:38,734 - INFO - 🟨 Janela de aviso de substituição de lote de OS detectada
2026-02-12 19:53:44,999 - INFO - ⌛ aguardando janela de programação de lote de OS...
2026-02-12 19:54:05,500 - INFO - 🟨 Janela de programação de lote de OS detectada
2026-02-12 19:54:43,084 - INFO - 🟨 Janela de confirmação de programação de lote de OS detectada
2026-02-12 19:54:47,376 - INFO - ⌛ aguardando confirmação final de programação do lote
2026-02-12 19:55:07,891 - INFO - 🟨 programação do lote 3 efetuado com sucesso
2026-02-12 19:55:18,048 - INFO - 
=== Iniciando lote 4/18 [LV] ===
2026-02-12 19:55:24,408 - INFO - Janela de seleção aberta
2026-02-12 19:55:28,650 - INFO - DEBUG: idx=3, inicio=75, fim=100
2026-02-12 19:55:28,650 - INFO - ✅ 25 OS copiadas para a área de transferência.
2026-02-12 19:55:28,650 - INFO - 📋 Lote 4 copiado.
2026-02-12 19:55:36,974 - INFO - ⌛ Esperando mudança visual...
2026-02-12 19:55:37,991 - INFO - ⌛ Esperando mudança visual...
2026-02-12 19:55:39,008 - INFO - ⌛ Esperando mudança visual...
2026-02-12 19:55:40,022 - INFO - ⌛ Esperando mudança visual...
2026-02-12 19:55:41,037 - INFO - ⌛ Esperando mudança visual...
2026-02-12 19:55:42,053 - INFO - ⌛ Esperando mudança visual...
2026-02-12 19:55:43,069 - INFO - ⌛ Esperando mudança visual...
2026-02-12 19:55:44,090 - INFO - ⌛ Esperando mudança visual...
2026-02-12 19:55:45,100 - INFO - ⌛ Esperando mudança visual...
2026-02-12 19:55:46,103 - INFO - ✅ Tela carregada!
2026-02-12 19:55:56,579 - INFO - ⌛ Aguardando janela de confirmação de desbloqueio...
2026-02-12 19:56:11,977 - INFO - 🟨 Registros desbloqueados com sucesso
2026-02-12 19:56:25,495 - INFO - ⌛ Aguardando janela de edição de OS...
2026-02-12 19:56:40,988 - INFO - 🟨 OS programadas detectadas
2026-02-12 19:56:44,156 - INFO - ⌛ Aguardando janela de edição de OS...
2026-02-12 19:56:59,602 - INFO - 🟨 Janela de edição de OS detectada
2026-02-12 19:57:20,954 - INFO - 🟨 Janela de edição de habilidade da turma detectada
2026-02-12 19:58:39,273 - INFO - ⌛ Aguardando detecção do campo de caracteristica 'EQUIPE PRÓPRIA OU EPS' ...
2026-02-12 19:58:58,635 - INFO - 🟨 campo de caracteristica 'EQUIPE PRÓPRIA OU EPS detectado
2026-02-12 19:59:20,437 - INFO - ⌛ Aguardando confirmação 4 - editar OS...
2026-02-12 19:59:35,887 - INFO - ⌛ Aguardando confirmação 4 - editar OS...
2026-02-12 19:59:51,359 - INFO - 🟨 Janela de confirmação 4 de edição de OS detectada
2026-02-12 20:00:22,066 - INFO - ⌛ Aguardando janela de confirmação de programação de OS...
2026-02-12 20:00:42,428 - INFO - 🟨 Janela de confirmação de programação de OS detectada
2026-02-12 20:00:55,813 - INFO - 🟨 Janela de aviso de edição de OS programadas detectada
2026-02-12 20:01:00,087 - INFO - ⌛ aguardando janela de programação de lote de OS...
2026-02-12 20:01:20,658 - INFO - 🟨 Janela de aviso de substituição de lote de OS detectada
2026-02-12 20:01:26,937 - INFO - ⌛ aguardando janela de programação de lote de OS...
2026-02-12 20:01:47,468 - INFO - 🟨 Janela de programação de lote de OS detectada
2026-02-12 20:02:25,023 - INFO - 🟨 Janela de confirmação de programação de lote de OS detectada
2026-02-12 20:02:29,295 - INFO - ⌛ aguardando confirmação final de programação do lote
2026-02-12 20:02:49,828 - INFO - 🟨 programação do lote 4 efetuado com sucesso
2026-02-12 20:02:59,998 - INFO - 
=== Iniciando lote 5/18 [LV] ===
2026-02-12 20:03:06,360 - INFO - Janela de seleção aberta
2026-02-12 20:03:10,590 - INFO - DEBUG: idx=4, inicio=100, fim=125
2026-02-12 20:03:10,590 - INFO - ✅ 25 OS copiadas para a área de transferência.
2026-02-12 20:03:10,590 - INFO - 📋 Lote 5 copiado.
2026-02-12 20:03:18,912 - INFO - ⌛ Esperando mudança visual...
2026-02-12 20:03:19,937 - INFO - ⌛ Esperando mudança visual...
2026-02-12 20:03:20,952 - INFO - ⌛ Esperando mudança visual...
2026-02-12 20:03:21,968 - INFO - ⌛ Esperando mudança visual...
2026-02-12 20:03:22,984 - INFO - ⌛ Esperando mudança visual...
2026-02-12 20:03:23,999 - INFO - ⌛ Esperando mudança visual...
2026-02-12 20:03:25,014 - INFO - ⌛ Esperando mudança visual...
2026-02-12 20:03:26,030 - INFO - ⌛ Esperando mudança visual...
2026-02-12 20:03:27,046 - INFO - ⌛ Esperando mudança visual...
2026-02-12 20:03:28,062 - INFO - ⌛ Esperando mudança visual...
2026-02-12 20:03:29,077 - INFO - ✅ Tela carregada!
2026-02-12 20:03:39,547 - INFO - ⌛ Aguardando janela de confirmação de desbloqueio...
2026-02-12 20:03:54,990 - INFO - 🟨 Registros desbloqueados com sucesso
2026-02-12 20:04:08,526 - INFO - ⌛ Aguardando janela de edição de OS...
2026-02-12 20:04:24,007 - INFO - 🟨 OS programadas detectadas
2026-02-12 20:04:27,167 - INFO - ⌛ Aguardando janela de edição de OS...
2026-02-12 20:04:42,593 - INFO - 🟨 Janela de edição de OS detectada
2026-02-12 20:05:03,965 - INFO - 🟨 Janela de edição de habilidade da turma detectada
2026-02-12 20:06:22,279 - INFO - ⌛ Aguardando detecção do campo de caracteristica 'EQUIPE PRÓPRIA OU EPS' ...
2026-02-12 20:06:41,619 - INFO - 🟨 campo de caracteristica 'EQUIPE PRÓPRIA OU EPS detectado
2026-02-12 20:07:03,418 - INFO - ⌛ Aguardando confirmação 4 - editar OS...
2026-02-12 20:07:18,897 - INFO - ⌛ Aguardando confirmação 4 - editar OS...
2026-02-12 20:07:34,375 - INFO - ⌛ Aguardando confirmação 4 - editar OS...
2026-02-12 20:07:49,880 - INFO - 🟨 Janela de confirmação 4 de edição de OS detectada
2026-02-12 20:08:20,556 - INFO - ⌛ Aguardando janela de confirmação de programação de OS...
2026-02-12 20:08:40,916 - INFO - 🟨 Janela de confirmação de programação de OS detectada
2026-02-12 20:08:54,348 - INFO - 🟨 Janela de aviso de edição de OS programadas detectada
2026-02-12 20:08:58,613 - INFO - ⌛ aguardando janela de programação de lote de OS...
2026-02-12 20:09:19,133 - INFO - 🟨 Janela de aviso de substituição de lote de OS detectada
2026-02-12 20:09:25,402 - INFO - ⌛ aguardando janela de programação de lote de OS...
2026-02-12 20:09:45,942 - INFO - ⌛ aguardando janela de programação de lote de OS...
2026-02-12 20:10:06,481 - INFO - ⌛ aguardando janela de programação de lote de OS...
2026-02-12 20:10:27,044 - INFO - ⌛ aguardando janela de programação de lote de OS...
2026-02-12 20:10:47,589 - INFO - ⌛ aguardando janela de programação de lote de OS...
2026-02-12 20:11:08,146 - INFO - ⌛ aguardando janela de programação de lote de OS...
2026-02-12 20:11:28,698 - INFO - ⌛ aguardando janela de programação de lote de OS...
2026-02-12 20:11:49,342 - INFO - ⌛ aguardando janela de programação de lote de OS...
2026-02-12 20:12:09,939 - INFO - ⌛ aguardando janela de programação de lote de OS...
2026-02-12 20:12:30,501 - INFO - ⌛ aguardando janela de programação de lote de OS...
2026-02-12 20:12:51,052 - INFO - ⌛ aguardando janela de programação de lote de OS...
2026-02-12 20:13:11,608 - INFO - ⌛ aguardando janela de programação de lote de OS...
2026-02-12 20:13:32,148 - INFO - ⌛ aguardando janela de programação de lote de OS...
2026-02-12 20:13:52,718 - INFO - ⌛ aguardando janela de programação de lote de OS...
2026-02-12 20:14:13,297 - INFO - ⌛ aguardando janela de programação de lote de OS...
2026-02-12 20:14:33,852 - INFO - ⌛ aguardando janela de programação de lote de OS...
2026-02-12 20:14:54,425 - INFO - ⌛ aguardando janela de programação de lote de OS...
2026-02-12 20:15:14,992 - INFO - ⌛ aguardando janela de programação de lote de OS...
2026-02-12 20:15:35,533 - INFO - ⌛ aguardando janela de programação de lote de OS...
2026-02-12 20:15:56,107 - INFO - ⌛ aguardando janela de programação de lote de OS...
2026-02-12 20:16:16,685 - INFO - ⌛ aguardando janela de programação de lote de OS...
2026-02-12 20:16:37,272 - INFO - ⌛ aguardando janela de programação de lote de OS...
2026-02-12 20:16:57,875 - INFO - ⌛ aguardando janela de programação de lote de OS...
2026-02-12 20:17:18,471 - INFO - ⌛ aguardando janela de programação de lote de OS...
2026-02-12 20:17:39,081 - INFO - ⌛ aguardando janela de programação de lote de OS...
2026-02-12 20:17:59,660 - INFO - ⌛ aguardando janela de programação de lote de OS...
2026-02-12 20:18:20,196 - INFO - ⌛ aguardando janela de programação de lote de OS...
2026-02-12 20:18:40,774 - INFO - ⌛ aguardando janela de programação de lote de OS...
2026-02-12 20:19:01,349 - INFO - verificando janela oculta
2026-02-12 20:19:21,807 - INFO - ⏱️ Tempo limite atingido. Abortando seleção
