2026-05-17 20:00:11,172 - INFO - Data hoje: 17/05/2026
2026-05-17 20:00:11,172 - INFO - Data de referência: 31/05/2026
2026-05-17 20:04:22,767 - INFO - Qtde OS de LINHA VIVA: 490
2026-05-17 20:04:22,767 - INFO - Qtde OS poda de LINHA MORTA: 160
2026-05-17 20:04:22,767 - INFO - Qtde OS estrutural de LINHA MORTA : 12630
2026-05-17 20:04:22,767 - INFO - Qtde OS poda de LINHA MORTA fora carteira: 68
2026-05-17 20:04:22,767 - INFO - Qtde OS para desprogramar: 2471
2026-05-17 20:04:22,767 - INFO - 
 Qtd de lotes de LM: 7
2026-05-17 20:04:22,767 - INFO - 
 Qtd de lotes de LV: 20
2026-05-17 20:04:22,767 - INFO - 
 Qtd de lotes de ESTRUTURAL LM: 506
2026-05-17 20:04:22,767 - INFO - 
 Qtd de lotes de LEVE: 3
2026-05-17 20:04:22,767 - INFO - 
 Qtd de lotes para desprogramar: 99
2026-05-17 20:04:22,767 - INFO - 
=== Iniciando lote 14/20 [LV] ===
2026-05-17 20:04:22,767 - INFO - 
=== abrir_janela_selecao ===
2026-05-17 20:04:29,082 - INFO - 
=== rotina abrir_selecao_colar_os ===
2026-05-17 20:04:29,179 - INFO - Janela de seleção aberta
2026-05-17 20:04:33,412 - INFO - DEBUG: idx=13, inicio=325, fim=350
2026-05-17 20:04:33,412 - INFO - ✅ 25 OS copiadas para a área de transferência.
2026-05-17 20:04:33,412 - INFO - 📋 Lote 14 copiado.
2026-05-17 20:04:41,733 - INFO - ⌛ Esperando mudança visual...
2026-05-17 20:04:42,753 - INFO - ⌛ Esperando mudança visual...
2026-05-17 20:04:43,776 - INFO - ✅ Tela carregada!
2026-05-17 20:04:47,778 - INFO - 
=== rotina desbloquear_os ===
2026-05-17 20:05:14,239 - INFO - ⌛ Aguardando janela de confirmação de desbloqueio...
2026-05-17 20:05:29,622 - INFO - 🟨 Registros desbloqueados com sucesso
2026-05-17 20:05:33,726 - INFO - 
=== rotina editar_os ===
2026-05-17 20:05:43,155 - INFO - ⌛ Aguardando janela de edição de OS...
2026-05-17 20:05:58,595 - INFO - 🟨 OS programadas detectadas
2026-05-17 20:06:01,699 - INFO - ⌛ Aguardando janela de edição de OS...
2026-05-17 20:06:17,133 - INFO - 🟨 Janela de edição de OS detectada
2026-05-17 20:06:38,506 - INFO - 🟨 Janela de edição de habilidade da turma detectada
2026-05-17 20:07:56,808 - INFO - ⌛ Aguardando detecção do campo de caracteristica 'EQUIPE PRÓPRIA OU EPS' ...
2026-05-17 20:08:16,168 - INFO - 🟨 campo de caracteristica 'EQUIPE PRÓPRIA OU EPS detectado
2026-05-17 20:08:37,946 - INFO - 🟨 Janela de atenção de OS com contrato não vigente, pulando lote
2026-05-17 20:08:50,155 - INFO - 
=== Iniciando lote 15/20 [LV] ===
2026-05-17 20:08:50,155 - INFO - 
=== abrir_janela_selecao ===
2026-05-17 20:08:56,461 - INFO - 
=== rotina abrir_selecao_colar_os ===
2026-05-17 20:08:56,509 - INFO - ⌛ Aguardando janela de seleção...
2026-05-17 20:09:06,873 - INFO - ⌛ Aguardando janela de seleção...
2026-05-17 20:09:17,254 - INFO - ⌛ Aguardando janela de seleção...
2026-05-17 20:09:27,622 - INFO - ⌛ Aguardando janela de seleção...
2026-05-17 20:09:37,988 - INFO - ⌛ Aguardando janela de seleção...
2026-05-17 20:09:48,337 - INFO - ⌛ Aguardando janela de seleção...
2026-05-17 20:09:58,713 - INFO - ⌛ Aguardando janela de seleção...
2026-05-17 20:10:09,082 - INFO - ⌛ Aguardando janela de seleção...
2026-05-17 20:10:19,459 - INFO - ⌛ Aguardando janela de seleção...
2026-05-17 20:10:29,831 - INFO - ⌛ Aguardando janela de seleção...
2026-05-17 20:10:40,201 - INFO - ⌛ Aguardando janela de seleção...
2026-05-17 20:10:50,569 - INFO - ⌛ Aguardando janela de seleção...
2026-05-17 20:11:00,935 - INFO - ⌛ Aguardando janela de seleção...
2026-05-17 20:11:11,302 - INFO - ⌛ Aguardando janela de seleção...
2026-05-17 20:11:21,678 - INFO - ⌛ Aguardando janela de seleção...
2026-05-17 20:11:32,069 - INFO - ⌛ Aguardando janela de seleção...
2026-05-17 20:11:42,480 - INFO - ⌛ Aguardando janela de seleção...
2026-05-17 20:11:52,869 - INFO - ⌛ Aguardando janela de seleção...
2026-05-17 20:12:03,244 - INFO - ⌛ Aguardando janela de seleção...
2026-05-17 20:12:13,608 - INFO - ⌛ Aguardando janela de seleção...
2026-05-17 20:12:23,960 - INFO - ⌛ Aguardando janela de seleção...
2026-05-17 20:12:34,351 - INFO - ⌛ Aguardando janela de seleção...
2026-05-17 20:12:44,752 - INFO - ⌛ Aguardando janela de seleção...
2026-05-17 20:12:55,114 - INFO - ⌛ Aguardando janela de seleção...
2026-05-17 20:13:05,516 - INFO - ⌛ Aguardando janela de seleção...
2026-05-17 20:13:15,875 - INFO - ⌛ Aguardando janela de seleção...
2026-05-17 20:13:26,236 - INFO - ⌛ Aguardando janela de seleção...
2026-05-17 20:13:36,614 - INFO - ⌛ Aguardando janela de seleção...
2026-05-17 20:13:47,017 - INFO - ⌛ Aguardando janela de seleção...
2026-05-17 20:13:57,383 - INFO - ⌛ Aguardando janela de seleção...
2026-05-17 20:14:07,761 - INFO - ⌛ Aguardando janela de seleção...
2026-05-17 20:14:18,127 - INFO - ⌛ Aguardando janela de seleção...
2026-05-17 20:14:28,492 - INFO - ⌛ Aguardando janela de seleção...
2026-05-17 20:14:38,876 - INFO - ⌛ Aguardando janela de seleção...
2026-05-17 20:14:49,252 - INFO - ⌛ Aguardando janela de seleção...
2026-05-17 20:14:59,636 - INFO - ⌛ Aguardando janela de seleção...
2026-05-17 20:15:10,009 - INFO - ⌛ Aguardando janela de seleção...
2026-05-17 20:15:20,367 - INFO - ⌛ Aguardando janela de seleção...
2026-05-17 20:15:30,768 - INFO - ⌛ Aguardando janela de seleção...
2026-05-17 20:15:41,142 - INFO - ⌛ Aguardando janela de seleção...
2026-05-17 20:15:51,508 - INFO - ⌛ Aguardando janela de seleção...
2026-05-17 20:16:01,875 - INFO - ⌛ Aguardando janela de seleção...
2026-05-17 20:16:12,233 - INFO - ⌛ Aguardando janela de seleção...
2026-05-17 20:16:22,634 - INFO - ⌛ Aguardando janela de seleção...
2026-05-17 20:16:32,995 - INFO - ⌛ Aguardando janela de seleção...
2026-05-17 20:16:43,376 - INFO - ⌛ Aguardando janela de seleção...
2026-05-17 20:16:53,774 - INFO - ⌛ Aguardando janela de seleção...
2026-05-17 20:17:04,158 - INFO - ⌛ Aguardando janela de seleção...
2026-05-17 20:17:14,537 - INFO - ⌛ Aguardando janela de seleção...
2026-05-17 20:17:24,917 - INFO - ⌛ Aguardando janela de seleção...
2026-05-17 20:17:35,316 - INFO - ⌛ Aguardando janela de seleção...
2026-05-17 20:17:45,680 - INFO - ⌛ Aguardando janela de seleção...
2026-05-17 20:17:56,061 - INFO - ⌛ Aguardando janela de seleção...
2026-05-17 20:18:06,423 - INFO - ⌛ Aguardando janela de seleção...
2026-05-17 20:18:16,797 - INFO - ⌛ Aguardando janela de seleção...
2026-05-17 20:18:27,192 - INFO - ⌛ Aguardando janela de seleção...
2026-05-17 20:18:37,563 - INFO - ⌛ Aguardando janela de seleção...
2026-05-17 20:18:47,934 - INFO - ⌛ Aguardando janela de seleção...
2026-05-17 20:18:58,342 - INFO - verificando janela oculta
2026-05-17 20:19:18,805 - INFO - ⏱️ Tempo limite atingido. Abortando seleção
2026-05-17 20:19:18,805 - INFO - Capturando print...
