2026-06-30 18:11:34,680 - INFO - Data hoje: 30/06/2026
2026-06-30 18:11:34,680 - INFO - Data de referência: 30/06/2026
2026-06-30 18:13:04,858 - INFO - Qtde OS de LINHA VIVA: 2250
2026-06-30 18:13:04,858 - INFO - Qtde OS poda de LINHA MORTA: 371
2026-06-30 18:13:04,858 - INFO - Qtde OS estrutural de LINHA MORTA : 16302
2026-06-30 18:13:04,858 - INFO - Qtde OS poda de LINHA MORTA fora carteira: 90
2026-06-30 18:13:04,858 - INFO - Qtde OS para desprogramar: 2697
2026-06-30 18:13:04,858 - INFO - 
 Qtd de lotes de LM: 15
2026-06-30 18:13:04,858 - INFO - 
 Qtd de lotes de LV: 90
2026-06-30 18:13:04,858 - INFO - 
 Qtd de lotes de ESTRUTURAL LM: 653
2026-06-30 18:13:04,858 - INFO - 
 Qtd de lotes de LEVE: 4
2026-06-30 18:13:04,858 - INFO - 
 Qtd de lotes para desprogramar: 108
2026-06-30 18:13:04,858 - INFO - 
=== Iniciando lote 1/15 [LM] ===
2026-06-30 18:13:04,858 - INFO - 
=== abrir_janela_selecao ===
2026-06-30 18:13:11,175 - INFO - 
=== rotina abrir_selecao_colar_os ===
2026-06-30 18:13:11,281 - INFO - Janela de seleção aberta
2026-06-30 18:13:15,518 - INFO - DEBUG: idx=0, inicio=0, fim=25
2026-06-30 18:13:15,518 - INFO - ✅ 25 OS copiadas para a área de transferência.
2026-06-30 18:13:15,518 - INFO - 📋 Lote 1 copiado.
2026-06-30 18:13:23,851 - INFO - ⌛ Esperando mudança visual...
2026-06-30 18:13:24,862 - INFO - ✅ Tela carregada!
2026-06-30 18:13:28,863 - INFO - 
=== rotina desbloquear_os ===
2026-06-30 18:13:35,360 - INFO - ⌛ Aguardando janela de confirmação de desbloqueio...
2026-06-30 18:13:50,844 - INFO - 🟨 Registros desbloqueados com sucesso
2026-06-30 18:13:54,947 - INFO - 
=== rotina editar_os ===
2026-06-30 18:14:04,364 - INFO - ⌛ Aguardando janela de edição de OS...
2026-06-30 18:14:19,826 - INFO - 🟨 OS programadas detectadas
2026-06-30 18:14:22,934 - INFO - ⌛ Aguardando janela de edição de OS...
2026-06-30 18:14:38,413 - INFO - 🟨 Janela de edição de OS detectada
2026-06-30 18:14:59,782 - INFO - 🟨 Janela de edição de habilidade da turma detectada
2026-06-30 18:16:18,104 - INFO - ⌛ Aguardando detecção do campo de caracteristica 'EQUIPE PRÓPRIA OU EPS' ...
2026-06-30 18:16:37,451 - INFO - 🟨 campo de caracteristica 'EQUIPE PRÓPRIA OU EPS detectado
2026-06-30 18:16:59,220 - INFO - ⌛ Aguardando confirmação 4 - editar OS...
2026-06-30 18:16:59,220 - INFO - 🟨 verificando algum erro de impedimento do lote
2026-06-30 18:17:06,282 - INFO - identificado impedimento, pulando lote
2026-06-30 18:17:20,513 - INFO - 
=== Iniciando lote 2/15 [LM] ===
2026-06-30 18:17:20,513 - INFO - 
=== abrir_janela_selecao ===
2026-06-30 18:17:26,822 - INFO - 
=== rotina abrir_selecao_colar_os ===
2026-06-30 18:17:26,869 - INFO - Janela de seleção aberta
2026-06-30 18:17:31,094 - INFO - DEBUG: idx=1, inicio=25, fim=50
2026-06-30 18:17:31,094 - INFO - ✅ 25 OS copiadas para a área de transferência.
2026-06-30 18:17:31,094 - INFO - 📋 Lote 2 copiado.
2026-06-30 18:17:39,426 - INFO - ⌛ Esperando mudança visual...
2026-06-30 18:17:40,448 - INFO - ⌛ Esperando mudança visual...
2026-06-30 18:17:41,464 - INFO - ⌛ Esperando mudança visual...
2026-06-30 18:17:42,479 - INFO - ⌛ Esperando mudança visual...
2026-06-30 18:17:43,495 - INFO - ⌛ Esperando mudança visual...
2026-06-30 18:17:44,512 - INFO - ⌛ Esperando mudança visual...
2026-06-30 18:17:45,526 - INFO - ⌛ Esperando mudança visual...
2026-06-30 18:17:46,542 - INFO - ⌛ Esperando mudança visual...
2026-06-30 18:17:47,559 - INFO - ⌛ Esperando mudança visual...
2026-06-30 18:17:48,577 - INFO - ⌛ Esperando mudança visual...
2026-06-30 18:17:49,589 - INFO - ⌛ Esperando mudança visual...
2026-06-30 18:17:50,607 - INFO - ✅ Tela carregada!
2026-06-30 18:17:54,610 - INFO - 
=== rotina desbloquear_os ===
2026-06-30 18:18:01,086 - INFO - ⌛ Aguardando janela de confirmação de desbloqueio...
2026-06-30 18:18:16,506 - INFO - 🟨 Registros desbloqueados com sucesso
2026-06-30 18:18:20,610 - INFO - 
=== rotina editar_os ===
2026-06-30 18:18:30,058 - INFO - ⌛ Aguardando janela de edição de OS...
2026-06-30 18:18:45,576 - INFO - 🟨 OS programadas detectadas
2026-06-30 18:18:48,680 - INFO - ⌛ Aguardando janela de edição de OS...
2026-06-30 18:19:04,124 - INFO - 🟨 Janela de edição de OS detectada
2026-06-30 18:19:25,481 - INFO - 🟨 Janela de edição de habilidade da turma detectada
2026-06-30 18:20:43,778 - INFO - ⌛ Aguardando detecção do campo de caracteristica 'EQUIPE PRÓPRIA OU EPS' ...
2026-06-30 18:21:03,133 - INFO - 🟨 campo de caracteristica 'EQUIPE PRÓPRIA OU EPS detectado
2026-06-30 18:21:24,916 - INFO - ⌛ Aguardando confirmação 4 - editar OS...
2026-06-30 18:21:24,916 - INFO - 🟨 verificando algum erro de impedimento do lote
2026-06-30 18:21:45,446 - INFO - ⌛ Aguardando confirmação 4 - editar OS...
2026-06-30 18:21:45,446 - INFO - 🟨 verificando algum erro de impedimento do lote
2026-06-30 18:22:05,941 - INFO - 🟨 Janela de confirmação 4 de edição de OS detectada
2026-06-30 18:22:10,047 - INFO - 
=== rotina programar_os ===
2026-06-30 18:22:36,581 - INFO - ⌛ Aguardando janela de confirmação de programação de OS...
2026-06-30 18:23:01,998 - INFO - 🟨 Janela de confirmação de programação de OS detectada
2026-06-30 18:23:15,256 - INFO - 🟨 Janela de aviso de edição de OS programadas detectada
2026-06-30 18:23:22,479 - INFO - ⌛ aguardando janela de programação de lote de OS...
2026-06-30 18:23:47,996 - INFO - 🟨 Janela de aviso de substituição de lote de OS detectada
2026-06-30 18:24:08,117 - INFO - ⌛ aguardando janela de programação de lote de OS...
2026-06-30 18:24:33,694 - INFO - 🟨 Janela de programação de lote de OS detectada
2026-06-30 18:25:23,219 - INFO - 🟨 Janela de confirmação de programação de lote de OS detectada
2026-06-30 18:25:27,446 - INFO - ⌛ aguardando confirmação final de programação do lote
2026-06-30 18:25:52,972 - INFO - 🟨 programação do lote 2 efetuado com sucesso
2026-06-30 18:26:03,084 - INFO - 
=== Iniciando lote 3/15 [LM] ===
2026-06-30 18:26:03,085 - INFO - 
=== abrir_janela_selecao ===
2026-06-30 18:26:09,427 - INFO - 
=== rotina abrir_selecao_colar_os ===
2026-06-30 18:26:09,488 - INFO - Janela de seleção aberta
2026-06-30 18:26:13,716 - INFO - DEBUG: idx=2, inicio=50, fim=75
2026-06-30 18:26:13,716 - INFO - ✅ 25 OS copiadas para a área de transferência.
2026-06-30 18:26:13,716 - INFO - 📋 Lote 3 copiado.
2026-06-30 18:26:22,047 - INFO - ⌛ Esperando mudança visual...
2026-06-30 18:26:23,066 - INFO - ⌛ Esperando mudança visual...
2026-06-30 18:26:24,082 - INFO - ⌛ Esperando mudança visual...
2026-06-30 18:26:25,097 - INFO - ⌛ Esperando mudança visual...
2026-06-30 18:26:26,113 - INFO - ⌛ Esperando mudança visual...
2026-06-30 18:26:27,116 - INFO - ⌛ Esperando mudança visual...
2026-06-30 18:26:28,128 - INFO - ⌛ Esperando mudança visual...
2026-06-30 18:26:29,143 - INFO - ⌛ Esperando mudança visual...
2026-06-30 18:26:30,159 - INFO - ⌛ Esperando mudança visual...
2026-06-30 18:26:31,175 - INFO - ⌛ Esperando mudança visual...
2026-06-30 18:26:32,190 - INFO - ✅ Tela carregada!
2026-06-30 18:26:36,191 - INFO - 
=== rotina desbloquear_os ===
2026-06-30 18:26:42,668 - INFO - ⌛ Aguardando janela de confirmação de desbloqueio...
2026-06-30 18:26:58,124 - INFO - 🟨 Registros desbloqueados com sucesso
2026-06-30 18:27:02,239 - INFO - 
=== rotina editar_os ===
2026-06-30 18:27:11,640 - INFO - ⌛ Aguardando janela de edição de OS...
2026-06-30 18:27:27,100 - INFO - 🟨 OS programadas detectadas
2026-06-30 18:27:30,205 - INFO - ⌛ Aguardando janela de edição de OS...
2026-06-30 18:27:45,662 - INFO - 🟨 Janela de edição de OS detectada
2026-06-30 18:28:07,025 - INFO - 🟨 Janela de edição de habilidade da turma detectada
2026-06-30 18:29:25,328 - INFO - ⌛ Aguardando detecção do campo de caracteristica 'EQUIPE PRÓPRIA OU EPS' ...
2026-06-30 18:29:44,680 - INFO - 🟨 campo de caracteristica 'EQUIPE PRÓPRIA OU EPS detectado
2026-06-30 18:30:06,493 - INFO - ⌛ Aguardando confirmação 4 - editar OS...
2026-06-30 18:30:06,493 - INFO - 🟨 verificando algum erro de impedimento do lote
2026-06-30 18:30:27,030 - INFO - ⌛ Aguardando confirmação 4 - editar OS...
2026-06-30 18:30:27,030 - INFO - 🟨 verificando algum erro de impedimento do lote
2026-06-30 18:30:47,560 - INFO - 🟨 Janela de confirmação 4 de edição de OS detectada
2026-06-30 18:30:51,671 - INFO - 
=== rotina programar_os ===
2026-06-30 18:31:18,212 - INFO - ⌛ Aguardando janela de confirmação de programação de OS...
2026-06-30 18:31:43,697 - INFO - 🟨 Janela de confirmação de programação de OS detectada
2026-06-30 18:31:56,994 - INFO - 🟨 Janela de aviso de edição de OS programadas detectada
2026-06-30 18:32:04,207 - INFO - ⌛ aguardando janela de programação de lote de OS...
2026-06-30 18:32:29,768 - INFO - 🟨 Janela de aviso de substituição de lote de OS detectada
2026-06-30 18:32:49,872 - INFO - ⌛ aguardando janela de programação de lote de OS...
2026-06-30 18:33:15,402 - INFO - 🟨 Janela de programação de lote de OS detectada
2026-06-30 18:34:04,957 - INFO - 🟨 Janela de confirmação de programação de lote de OS detectada
2026-06-30 18:34:09,188 - INFO - ⌛ aguardando confirmação final de programação do lote
2026-06-30 18:34:34,749 - INFO - 🟨 programação do lote 3 efetuado com sucesso
2026-06-30 18:34:44,866 - INFO - 
=== Iniciando lote 4/15 [LM] ===
2026-06-30 18:34:44,866 - INFO - 
=== abrir_janela_selecao ===
2026-06-30 18:34:51,193 - INFO - 
=== rotina abrir_selecao_colar_os ===
2026-06-30 18:34:51,248 - INFO - Janela de seleção aberta
2026-06-30 18:34:55,480 - INFO - DEBUG: idx=3, inicio=75, fim=100
2026-06-30 18:34:55,480 - INFO - ✅ 25 OS copiadas para a área de transferência.
2026-06-30 18:34:55,480 - INFO - 📋 Lote 4 copiado.
2026-06-30 18:35:03,821 - INFO - ⌛ Esperando mudança visual...
2026-06-30 18:35:04,835 - INFO - ⌛ Esperando mudança visual...
2026-06-30 18:35:05,854 - INFO - ⌛ Esperando mudança visual...
2026-06-30 18:35:06,866 - INFO - ⌛ Esperando mudança visual...
2026-06-30 18:35:07,884 - INFO - ⌛ Esperando mudança visual...
2026-06-30 18:35:08,897 - INFO - ⌛ Esperando mudança visual...
2026-06-30 18:35:09,918 - INFO - ⌛ Esperando mudança visual...
2026-06-30 18:35:10,932 - INFO - ⌛ Esperando mudança visual...
2026-06-30 18:35:11,945 - INFO - ⌛ Esperando mudança visual...
2026-06-30 18:35:12,960 - INFO - ✅ Tela carregada!
2026-06-30 18:35:16,964 - INFO - 
=== rotina desbloquear_os ===
2026-06-30 18:35:23,452 - INFO - ⌛ Aguardando janela de confirmação de desbloqueio...
2026-06-30 18:35:38,884 - INFO - 🟨 Registros desbloqueados com sucesso
2026-06-30 18:35:42,989 - INFO - 
=== rotina editar_os ===
2026-06-30 18:35:52,419 - INFO - ⌛ Aguardando janela de edição de OS...
2026-06-30 18:36:07,948 - INFO - 🟨 OS programadas detectadas
2026-06-30 18:36:11,057 - INFO - ⌛ Aguardando janela de edição de OS...
2026-06-30 18:36:26,517 - INFO - 🟨 Janela de edição de OS detectada
2026-06-30 18:36:47,874 - INFO - 🟨 Janela de edição de habilidade da turma detectada
2026-06-30 18:38:06,176 - INFO - ⌛ Aguardando detecção do campo de caracteristica 'EQUIPE PRÓPRIA OU EPS' ...
2026-06-30 18:38:25,517 - INFO - 🟨 campo de caracteristica 'EQUIPE PRÓPRIA OU EPS detectado
2026-06-30 18:38:47,302 - INFO - ⌛ Aguardando confirmação 4 - editar OS...
2026-06-30 18:38:47,302 - INFO - 🟨 verificando algum erro de impedimento do lote
2026-06-30 18:39:07,818 - INFO - ⌛ Aguardando confirmação 4 - editar OS...
2026-06-30 18:39:07,818 - INFO - 🟨 verificando algum erro de impedimento do lote
2026-06-30 18:39:28,302 - INFO - 🟨 Janela de confirmação 4 de edição de OS detectada
2026-06-30 18:39:32,418 - INFO - 
=== rotina programar_os ===
2026-06-30 18:39:58,964 - INFO - ⌛ Aguardando janela de confirmação de programação de OS...
2026-06-30 18:40:24,469 - INFO - 🟨 Janela de confirmação de programação de OS detectada
2026-06-30 18:40:37,719 - INFO - 🟨 Janela de aviso de edição de OS programadas detectada
2026-06-30 18:40:44,938 - INFO - ⌛ aguardando janela de programação de lote de OS...
2026-06-30 18:41:10,422 - INFO - 🟨 Janela de aviso de substituição de lote de OS detectada
2026-06-30 18:41:30,534 - INFO - ⌛ aguardando janela de programação de lote de OS...
2026-06-30 18:41:56,030 - INFO - 🟨 Janela de programação de lote de OS detectada
2026-06-30 18:42:45,596 - INFO - 🟨 Janela de confirmação de programação de lote de OS detectada
2026-06-30 18:42:49,788 - INFO - ⌛ aguardando confirmação final de programação do lote
2026-06-30 18:43:15,256 - INFO - 🟨 programação do lote 4 efetuado com sucesso
2026-06-30 18:43:25,363 - INFO - 
=== Iniciando lote 5/15 [LM] ===
2026-06-30 18:43:25,363 - INFO - 
=== abrir_janela_selecao ===
2026-06-30 18:43:31,706 - INFO - 
=== rotina abrir_selecao_colar_os ===
2026-06-30 18:43:31,752 - INFO - Janela de seleção aberta
2026-06-30 18:43:35,985 - INFO - DEBUG: idx=4, inicio=100, fim=125
2026-06-30 18:43:35,985 - INFO - ✅ 25 OS copiadas para a área de transferência.
2026-06-30 18:43:35,985 - INFO - 📋 Lote 5 copiado.
2026-06-30 18:43:44,326 - INFO - ⌛ Esperando mudança visual...
2026-06-30 18:43:45,339 - INFO - ⌛ Esperando mudança visual...
2026-06-30 18:43:46,354 - INFO - ⌛ Esperando mudança visual...
2026-06-30 18:43:47,370 - INFO - ⌛ Esperando mudança visual...
2026-06-30 18:43:48,386 - INFO - ⌛ Esperando mudança visual...
2026-06-30 18:43:49,401 - INFO - ⌛ Esperando mudança visual...
2026-06-30 18:43:50,417 - INFO - ⌛ Esperando mudança visual...
2026-06-30 18:43:51,430 - INFO - ⌛ Esperando mudança visual...
2026-06-30 18:43:52,451 - INFO - ⌛ Esperando mudança visual...
2026-06-30 18:43:53,464 - INFO - ⌛ Esperando mudança visual...
2026-06-30 18:43:54,480 - INFO - ✅ Tela carregada!
2026-06-30 18:43:58,485 - INFO - 
=== rotina desbloquear_os ===
2026-06-30 18:44:04,944 - INFO - ⌛ Aguardando janela de confirmação de desbloqueio...
2026-06-30 18:44:20,375 - INFO - 🟨 Registros desbloqueados com sucesso
2026-06-30 18:44:24,478 - INFO - 
=== rotina editar_os ===
2026-06-30 18:44:33,885 - INFO - ⌛ Aguardando janela de edição de OS...
2026-06-30 18:44:49,344 - INFO - 🟨 OS programadas detectadas
2026-06-30 18:44:52,457 - INFO - ⌛ Aguardando janela de edição de OS...
2026-06-30 18:45:07,890 - INFO - 🟨 Janela de edição de OS detectada
2026-06-30 18:45:29,257 - INFO - 🟨 Janela de edição de habilidade da turma detectada
2026-06-30 18:46:47,601 - INFO - ⌛ Aguardando detecção do campo de caracteristica 'EQUIPE PRÓPRIA OU EPS' ...
2026-06-30 18:47:06,956 - INFO - 🟨 campo de caracteristica 'EQUIPE PRÓPRIA OU EPS detectado
2026-06-30 18:47:28,762 - INFO - ⌛ Aguardando confirmação 4 - editar OS...
2026-06-30 18:47:28,764 - INFO - 🟨 verificando algum erro de impedimento do lote
2026-06-30 18:47:49,350 - INFO - ⌛ Aguardando confirmação 4 - editar OS...
2026-06-30 18:47:49,350 - INFO - 🟨 verificando algum erro de impedimento do lote
2026-06-30 18:48:09,858 - INFO - 🟨 Janela de confirmação 4 de edição de OS detectada
2026-06-30 18:48:13,961 - INFO - 
=== rotina programar_os ===
2026-06-30 18:48:40,486 - INFO - ⌛ Aguardando janela de confirmação de programação de OS...
2026-06-30 18:49:05,991 - INFO - 🟨 Janela de confirmação de programação de OS detectada
2026-06-30 18:49:19,249 - INFO - 🟨 Janela de aviso de edição de OS programadas detectada
2026-06-30 18:49:26,463 - INFO - ⌛ aguardando janela de programação de lote de OS...
2026-06-30 18:49:52,002 - INFO - 🟨 Janela de aviso de substituição de lote de OS detectada
2026-06-30 18:50:12,110 - INFO - ⌛ aguardando janela de programação de lote de OS...
2026-06-30 18:50:37,640 - INFO - ⌛ aguardando janela de programação de lote de OS...
2026-06-30 18:50:37,894 - INFO - 🟨 Identificado falha no EQM
2026-06-30 18:50:37,894 - INFO - Capturando print...
2026-06-30 18:51:23,588 - INFO - ⌛ Aguardando janela de confirmação de programação de OS...
2026-06-30 18:51:49,094 - INFO - 🟨 Janela de confirmação de programação de OS detectada
2026-06-30 18:52:02,375 - INFO - 🟨 Janela de aviso de edição de OS programadas detectada
2026-06-30 18:52:09,597 - INFO - ⌛ aguardando janela de programação de lote de OS...
2026-06-30 18:52:35,119 - INFO - 🟨 Janela de aviso de substituição de lote de OS detectada
2026-06-30 18:52:55,233 - INFO - ⌛ aguardando janela de programação de lote de OS...
2026-06-30 18:53:20,743 - INFO - 🟨 Janela de programação de lote de OS detectada
2026-06-30 18:54:10,252 - INFO - 🟨 Janela de confirmação de programação de lote de OS detectada
2026-06-30 18:54:14,478 - INFO - ⌛ aguardando confirmação final de programação do lote
2026-06-30 18:54:39,929 - INFO - 🟨 programação do lote 5 efetuado com sucesso
2026-06-30 18:54:50,038 - INFO - 
=== Iniciando lote 6/15 [LM] ===
2026-06-30 18:54:50,038 - INFO - 
=== abrir_janela_selecao ===
2026-06-30 18:54:56,346 - INFO - 
=== rotina abrir_selecao_colar_os ===
2026-06-30 18:54:56,404 - INFO - Janela de seleção aberta
2026-06-30 18:55:00,628 - INFO - DEBUG: idx=5, inicio=125, fim=150
2026-06-30 18:55:00,628 - INFO - ✅ 25 OS copiadas para a área de transferência.
2026-06-30 18:55:00,628 - INFO - 📋 Lote 6 copiado.
2026-06-30 18:55:08,976 - INFO - ⌛ Esperando mudança visual...
2026-06-30 18:55:09,986 - INFO - ⌛ Esperando mudança visual...
2026-06-30 18:55:10,996 - INFO - ⌛ Esperando mudança visual...
2026-06-30 18:55:12,002 - INFO - ⌛ Esperando mudança visual...
2026-06-30 18:55:13,028 - INFO - ⌛ Esperando mudança visual...
2026-06-30 18:55:14,043 - INFO - ⌛ Esperando mudança visual...
2026-06-30 18:55:15,059 - INFO - ⌛ Esperando mudança visual...
2026-06-30 18:55:16,074 - INFO - ⌛ Esperando mudança visual...
2026-06-30 18:55:17,092 - INFO - ⌛ Esperando mudança visual...
2026-06-30 18:55:18,106 - INFO - ✅ Tela carregada!
2026-06-30 18:55:22,113 - INFO - 
=== rotina desbloquear_os ===
2026-06-30 18:55:28,588 - INFO - ⌛ Aguardando janela de confirmação de desbloqueio...
2026-06-30 18:55:43,976 - INFO - 🟨 Registros desbloqueados com sucesso
2026-06-30 18:55:48,094 - INFO - 
=== rotina editar_os ===
2026-06-30 18:55:57,517 - INFO - ⌛ Aguardando janela de edição de OS...
2026-06-30 18:56:13,052 - INFO - 🟨 OS programadas detectadas
2026-06-30 18:56:16,163 - INFO - ⌛ Aguardando janela de edição de OS...
2026-06-30 18:56:31,613 - INFO - 🟨 Janela de edição de OS detectada
2026-06-30 18:56:52,983 - INFO - 🟨 Janela de edição de habilidade da turma detectada
2026-06-30 18:58:11,299 - INFO - ⌛ Aguardando detecção do campo de caracteristica 'EQUIPE PRÓPRIA OU EPS' ...
2026-06-30 18:58:30,650 - INFO - 🟨 campo de caracteristica 'EQUIPE PRÓPRIA OU EPS detectado
2026-06-30 18:58:52,444 - INFO - ⌛ Aguardando confirmação 4 - editar OS...
2026-06-30 18:58:52,444 - INFO - 🟨 verificando algum erro de impedimento do lote
2026-06-30 18:59:12,945 - INFO - ⌛ Aguardando confirmação 4 - editar OS...
2026-06-30 18:59:12,945 - INFO - 🟨 verificando algum erro de impedimento do lote
2026-06-30 18:59:33,506 - INFO - ⌛ Aguardando confirmação 4 - editar OS...
2026-06-30 18:59:33,506 - INFO - 🟨 verificando algum erro de impedimento do lote
2026-06-30 18:59:54,025 - INFO - 🟨 Janela de confirmação 4 de edição de OS detectada
2026-06-30 18:59:58,135 - INFO - 
=== rotina programar_os ===
2026-06-30 19:00:24,674 - INFO - ⌛ Aguardando janela de confirmação de programação de OS...
2026-06-30 19:00:50,155 - INFO - 🟨 Janela de confirmação de programação de OS detectada
2026-06-30 19:01:03,430 - INFO - 🟨 Janela de aviso de edição de OS programadas detectada
2026-06-30 19:01:10,649 - INFO - ⌛ aguardando janela de programação de lote de OS...
2026-06-30 19:01:36,190 - INFO - 🟨 Janela de aviso de substituição de lote de OS detectada
2026-06-30 19:01:56,314 - INFO - ⌛ aguardando janela de programação de lote de OS...
2026-06-30 19:01:56,591 - INFO - 🟨 Identificado falha no EQM
2026-06-30 19:01:56,591 - INFO - Capturando print...
2026-06-30 19:02:42,196 - INFO - ⌛ Aguardando janela de confirmação de programação de OS...
2026-06-30 19:03:07,656 - INFO - ⌛ Aguardando janela de confirmação de programação de OS...
2026-06-30 19:03:33,128 - INFO - ⌛ Aguardando janela de confirmação de programação de OS...
2026-06-30 19:03:58,611 - INFO - ⌛ Aguardando janela de confirmação de programação de OS...
2026-06-30 19:04:24,098 - INFO - ⌛ Aguardando janela de confirmação de programação de OS...
2026-06-30 19:04:49,576 - INFO - ⌛ Aguardando janela de confirmação de programação de OS...
2026-06-30 19:05:15,092 - INFO - ⌛ Aguardando janela de confirmação de programação de OS...
2026-06-30 19:05:40,570 - INFO - ⌛ Aguardando janela de confirmação de programação de OS...
2026-06-30 19:06:06,048 - INFO - ⌛ Aguardando janela de confirmação de programação de OS...
2026-06-30 19:06:31,540 - INFO - ⌛ Aguardando janela de confirmação de programação de OS...
2026-06-30 19:06:56,990 - INFO - ⌛ Aguardando janela de confirmação de programação de OS...
2026-06-30 19:07:22,516 - INFO - ⌛ Aguardando janela de confirmação de programação de OS...
2026-06-30 19:07:48,023 - INFO - ⌛ Aguardando janela de confirmação de programação de OS...
2026-06-30 19:08:13,442 - INFO - ⌛ Aguardando janela de confirmação de programação de OS...
2026-06-30 19:08:38,889 - INFO - ⌛ Aguardando janela de confirmação de programação de OS...
2026-06-30 19:09:04,389 - INFO - ⌛ Aguardando janela de confirmação de programação de OS...
2026-06-30 19:09:29,847 - INFO - ⌛ Aguardando janela de confirmação de programação de OS...
2026-06-30 19:09:55,284 - INFO - ⌛ Aguardando janela de confirmação de programação de OS...
2026-06-30 19:10:20,707 - INFO - ⌛ Aguardando janela de confirmação de programação de OS...
2026-06-30 19:10:46,146 - INFO - ⌛ Aguardando janela de confirmação de programação de OS...
2026-06-30 19:11:11,660 - INFO - ⌛ Aguardando janela de confirmação de programação de OS...
2026-06-30 19:11:37,168 - INFO - ⌛ Aguardando janela de confirmação de programação de OS...
2026-06-30 19:12:02,649 - INFO - ⌛ Aguardando janela de confirmação de programação de OS...
2026-06-30 19:12:28,132 - INFO - ⌛ Aguardando janela de confirmação de programação de OS...
2026-06-30 19:12:53,557 - INFO - ⌛ Aguardando janela de confirmação de programação de OS...
2026-06-30 19:13:18,974 - INFO - ⌛ Aguardando janela de confirmação de programação de OS...
2026-06-30 19:13:44,419 - INFO - ⌛ Aguardando janela de confirmação de programação de OS...
2026-06-30 19:14:09,881 - INFO - ⌛ Aguardando janela de confirmação de programação de OS...
2026-06-30 19:14:35,269 - INFO - ⌛ Aguardando janela de confirmação de programação de OS...
2026-06-30 19:15:00,706 - INFO - ⌛ Aguardando janela de confirmação de programação de OS...
2026-06-30 19:15:26,189 - INFO - ⌛ Aguardando janela de confirmação de programação de OS...
2026-06-30 19:15:51,609 - INFO - ⌛ Aguardando janela de confirmação de programação de OS...
2026-06-30 19:16:17,088 - INFO - ⌛ Aguardando janela de confirmação de programação de OS...
2026-06-30 19:16:42,630 - INFO - ⌛ Aguardando janela de confirmação de programação de OS...
2026-06-30 19:17:08,216 - INFO - ⌛ Aguardando janela de confirmação de programação de OS...
2026-06-30 19:17:33,995 - INFO - ⌛ Aguardando janela de confirmação de programação de OS...
2026-06-30 19:17:59,459 - INFO - ⌛ Aguardando janela de confirmação de programação de OS...
2026-06-30 19:18:24,929 - INFO - ⌛ Aguardando janela de confirmação de programação de OS...
2026-06-30 19:18:50,395 - INFO - ⌛ Aguardando janela de confirmação de programação de OS...
2026-06-30 19:19:15,864 - INFO - ⌛ Aguardando janela de confirmação de programação de OS...
2026-06-30 19:19:41,369 - INFO - ⌛ Aguardando janela de confirmação de programação de OS...
2026-06-30 19:20:06,831 - INFO - ⌛ Aguardando janela de confirmação de programação de OS...
2026-06-30 19:20:32,309 - INFO - ⌛ Aguardando janela de confirmação de programação de OS...
2026-06-30 19:20:57,818 - INFO - ⌛ Aguardando janela de confirmação de programação de OS...
2026-06-30 19:21:23,329 - INFO - ⌛ Aguardando janela de confirmação de programação de OS...
2026-06-30 19:21:48,819 - INFO - ⌛ Aguardando janela de confirmação de programação de OS...
2026-06-30 19:22:14,293 - INFO - ⌛ Aguardando janela de confirmação de programação de OS...
2026-06-30 19:22:39,784 - INFO - ⌛ Aguardando janela de confirmação de programação de OS...
2026-06-30 19:23:05,220 - INFO - ⌛ Aguardando janela de confirmação de programação de OS...
2026-06-30 19:23:30,616 - INFO - ⌛ Aguardando janela de confirmação de programação de OS...
2026-06-30 19:23:56,086 - INFO - ⌛ Aguardando janela de confirmação de programação de OS...
2026-06-30 19:24:21,529 - INFO - ⌛ Aguardando janela de confirmação de programação de OS...
2026-06-30 19:24:46,982 - INFO - ⌛ Aguardando janela de confirmação de programação de OS...
2026-06-30 19:25:12,460 - INFO - ⌛ Aguardando janela de confirmação de programação de OS...
2026-06-30 19:25:37,936 - INFO - ⌛ Aguardando janela de confirmação de programação de OS...
2026-06-30 19:26:03,417 - INFO - ⌛ Aguardando janela de confirmação de programação de OS...
2026-06-30 19:26:28,922 - INFO - ⌛ Aguardando janela de confirmação de programação de OS...
2026-06-30 19:26:54,437 - INFO - ⌛ Aguardando janela de confirmação de programação de OS...
2026-06-30 19:27:19,926 - INFO - ⌛ Aguardando janela de confirmação de programação de OS...
2026-06-30 19:27:45,413 - INFO - ⌛ Aguardando janela de confirmação de programação de OS...
2026-06-30 19:28:10,949 - INFO - ⌛ Aguardando janela de confirmação de programação de OS...
2026-06-30 19:28:36,427 - INFO - ⌛ Aguardando janela de confirmação de programação de OS...
2026-06-30 19:29:01,906 - INFO - ⌛ Aguardando janela de confirmação de programação de OS...
2026-06-30 19:29:27,363 - INFO - ⌛ Aguardando janela de confirmação de programação de OS...
2026-06-30 19:29:52,801 - INFO - ⌛ Aguardando janela de confirmação de programação de OS...
2026-06-30 19:30:18,247 - INFO - ⌛ Aguardando janela de confirmação de programação de OS...
2026-06-30 19:30:43,679 - INFO - ⌛ Aguardando janela de confirmação de programação de OS...
2026-06-30 19:31:09,097 - INFO - ⌛ Aguardando janela de confirmação de programação de OS...
2026-06-30 19:31:34,554 - INFO - ⌛ Aguardando janela de confirmação de programação de OS...
2026-06-30 19:31:59,996 - INFO - ⌛ Aguardando janela de confirmação de programação de OS...
2026-06-30 19:32:25,459 - INFO - ⌛ Aguardando janela de confirmação de programação de OS...
2026-06-30 19:32:50,926 - INFO - verificando janela oculta
2026-06-30 19:33:11,399 - INFO - ⏱️ Tempo limite atingido. Abortando seleção
2026-06-30 19:33:11,399 - INFO - Capturando print...
