2026-04-08 09:19:02,706 - INFO - Data hoje: 08/04/2026
2026-04-08 09:19:02,707 - INFO - Data de referência: 30/04/2026
2026-04-08 09:20:27,073 - INFO - Qtde OS de LINHA VIVA: 699
2026-04-08 09:20:27,073 - INFO - Qtde OS poda de LINHA MORTA: 283
2026-04-08 09:20:27,074 - INFO - Qtde OS estrutural de LINHA MORTA : 17260
2026-04-08 09:20:27,074 - INFO - Qtde OS poda de LINHA MORTA fora carteira: 720
2026-04-08 09:20:27,074 - INFO - Qtde OS para desprogramar: 1185
2026-04-08 09:20:27,074 - INFO - 
 Qtd de lotes de LM: 12
2026-04-08 09:20:27,074 - INFO - 
 Qtd de lotes de LV: 28
2026-04-08 09:20:27,075 - INFO - 
 Qtd de lotes de ESTRUTURAL LM: 691
2026-04-08 09:20:27,075 - INFO - 
 Qtd de lotes de LEVE: 29
2026-04-08 09:20:27,075 - INFO - 
 Qtd de lotes para desprogramar: 48
2026-04-08 09:20:27,075 - INFO - 
=== Iniciando lote 1/12 [LM] ===
2026-04-08 09:20:27,076 - INFO - 
=== abrir_janela_selecao ===
2026-04-08 09:20:33,409 - INFO - 
=== rotina abrir_selecao_colar_os ===
2026-04-08 09:20:33,547 - INFO - Janela de seleção aberta
2026-04-08 09:20:37,781 - INFO - DEBUG: idx=0, inicio=0, fim=25
2026-04-08 09:20:37,781 - INFO - ✅ 25 OS copiadas para a área de transferência.
2026-04-08 09:20:37,781 - INFO - 📋 Lote 1 copiado.
2026-04-08 09:20:46,105 - INFO - ⌛ Esperando mudança visual...
2026-04-08 09:20:47,123 - INFO - ✅ Tela carregada!
2026-04-08 09:20:51,125 - INFO - 
=== rotina desbloquear_os ===
2026-04-08 09:20:57,610 - INFO - ⌛ Aguardando janela de confirmação de desbloqueio...
2026-04-08 09:21:13,042 - INFO - 🟨 Registros desbloqueados com sucesso
2026-04-08 09:21:17,152 - INFO - 
=== rotina editar_os ===
2026-04-08 09:21:26,596 - INFO - 🟨 OS programadas detectadas
2026-04-08 09:21:29,699 - INFO - ⌛ Aguardando janela de edição de OS...
2026-04-08 09:21:45,179 - INFO - 🟨 Janela de edição de OS detectada
2026-04-08 09:22:06,557 - INFO - 🟨 Janela de edição de habilidade da turma detectada
2026-04-08 09:23:24,878 - INFO - ⌛ Aguardando detecção do campo de caracteristica 'EQUIPE PRÓPRIA OU EPS' ...
2026-04-08 09:23:44,239 - INFO - 🟨 campo de caracteristica 'EQUIPE PRÓPRIA OU EPS detectado
2026-04-08 09:24:06,030 - INFO - ⌛ Aguardando confirmação 4 - editar OS...
2026-04-08 09:24:21,476 - INFO - 🟨 Janela de confirmação 4 de edição de OS detectada
2026-04-08 09:24:25,587 - INFO - 
=== rotina programar_os ===
2026-04-08 09:24:52,130 - INFO - ⌛ Aguardando janela de confirmação de programação de OS...
2026-04-08 09:25:12,588 - INFO - 🟨 Janela de confirmação de programação de OS detectada
2026-04-08 09:25:25,872 - INFO - 🟨 Janela de aviso de edição de OS programadas detectada
2026-04-08 09:25:30,093 - INFO - ⌛ aguardando janela de programação de lote de OS...
2026-04-08 09:25:50,654 - INFO - 🟨 Janela de aviso de substituição de lote de OS detectada
2026-04-08 09:25:56,880 - INFO - ⌛ aguardando janela de programação de lote de OS...
2026-04-08 09:26:17,439 - INFO - 🟨 Janela de programação de lote de OS detectada
2026-04-08 09:27:07,022 - INFO - 🟨 Janela de confirmação de programação de lote de OS detectada
2026-04-08 09:27:11,258 - INFO - ⌛ aguardando confirmação final de programação do lote
2026-04-08 09:27:31,749 - INFO - 🟨 programação do lote 1 efetuado com sucesso
2026-04-08 09:27:41,853 - INFO - 
=== Iniciando lote 2/12 [LM] ===
2026-04-08 09:27:41,853 - INFO - 
=== abrir_janela_selecao ===
2026-04-08 09:27:48,192 - INFO - 
=== rotina abrir_selecao_colar_os ===
2026-04-08 09:27:48,247 - INFO - Janela de seleção aberta
2026-04-08 09:27:52,491 - INFO - DEBUG: idx=1, inicio=25, fim=50
2026-04-08 09:27:52,491 - INFO - ✅ 25 OS copiadas para a área de transferência.
2026-04-08 09:27:52,491 - INFO - 📋 Lote 2 copiado.
2026-04-08 09:28:00,823 - INFO - ⌛ Esperando mudança visual...
2026-04-08 09:28:01,834 - INFO - ⌛ Esperando mudança visual...
2026-04-08 09:28:02,854 - INFO - ⌛ Esperando mudança visual...
2026-04-08 09:28:03,865 - INFO - ⌛ Esperando mudança visual...
2026-04-08 09:28:04,885 - INFO - ⌛ Esperando mudança visual...
2026-04-08 09:28:05,902 - INFO - ⌛ Esperando mudança visual...
2026-04-08 09:28:06,916 - INFO - ⌛ Esperando mudança visual...
2026-04-08 09:28:07,928 - INFO - ⌛ Esperando mudança visual...
2026-04-08 09:28:08,945 - INFO - ⌛ Esperando mudança visual...
2026-04-08 09:28:09,964 - INFO - ⌛ Esperando mudança visual...
2026-04-08 09:28:10,976 - INFO - ✅ Tela carregada!
2026-04-08 09:28:14,981 - INFO - 
=== rotina desbloquear_os ===
2026-04-08 09:28:21,469 - INFO - ⌛ Aguardando janela de confirmação de desbloqueio...
2026-04-08 09:28:36,902 - INFO - 🟨 Registros desbloqueados com sucesso
2026-04-08 09:28:41,020 - INFO - 
=== rotina editar_os ===
2026-04-08 09:28:50,442 - INFO - ⌛ Aguardando janela de edição de OS...
2026-04-08 09:29:05,922 - INFO - 🟨 OS programadas detectadas
2026-04-08 09:29:09,027 - INFO - ⌛ Aguardando janela de edição de OS...
2026-04-08 09:29:24,501 - INFO - 🟨 Janela de edição de OS detectada
2026-04-08 09:29:45,863 - INFO - 🟨 Janela de edição de habilidade da turma detectada
2026-04-08 09:31:04,186 - INFO - ⌛ Aguardando detecção do campo de caracteristica 'EQUIPE PRÓPRIA OU EPS' ...
2026-04-08 09:31:23,566 - INFO - 🟨 campo de caracteristica 'EQUIPE PRÓPRIA OU EPS detectado
2026-04-08 09:31:45,379 - INFO - ⌛ Aguardando confirmação 4 - editar OS...
2026-04-08 09:32:00,901 - INFO - ⌛ Aguardando confirmação 4 - editar OS...
2026-04-08 09:32:01,038 - INFO - 🟨 Identificado travamento no EQM, reiniciando contador de espera
2026-04-08 09:32:16,400 - INFO - ⌛ Aguardando confirmação 4 - editar OS...
2026-04-08 09:32:32,004 - INFO - 🟨 Janela de confirmação 4 de edição de OS detectada
2026-04-08 09:32:36,120 - INFO - 
=== rotina programar_os ===
2026-04-08 09:33:02,667 - INFO - ⌛ Aguardando janela de confirmação de programação de OS...
2026-04-08 09:33:23,037 - INFO - 🟨 Janela de confirmação de programação de OS detectada
2026-04-08 09:33:36,292 - INFO - 🟨 Janela de aviso de edição de OS programadas detectada
2026-04-08 09:33:40,505 - INFO - ⌛ aguardando janela de programação de lote de OS...
2026-04-08 09:34:00,986 - INFO - 🟨 Janela de aviso de substituição de lote de OS detectada
2026-04-08 09:34:07,196 - INFO - ⌛ aguardando janela de programação de lote de OS...
2026-04-08 09:34:27,683 - INFO - 🟨 Janela de aviso de substituição de lote de OS detectada
2026-04-08 09:34:33,898 - INFO - ⌛ aguardando janela de programação de lote de OS...
2026-04-08 09:34:54,393 - INFO - 🟨 Janela de programação de lote de OS detectada
2026-04-08 09:35:43,916 - INFO - 🟨 Janela de confirmação de programação de lote de OS detectada
2026-04-08 09:35:48,121 - INFO - ⌛ aguardando confirmação final de programação do lote
2026-04-08 09:36:08,642 - INFO - 🟨 programação do lote 2 efetuado com sucesso
2026-04-08 11:42:28,985 - INFO - Data hoje: 08/04/2026
2026-04-08 11:42:28,985 - INFO - Data de referência: 30/04/2026
2026-04-08 11:44:58,476 - INFO - Qtde OS de LINHA VIVA: 737
2026-04-08 11:44:58,476 - INFO - Qtde OS poda de LINHA MORTA: 309
2026-04-08 11:44:58,476 - INFO - Qtde OS estrutural de LINHA MORTA : 17260
2026-04-08 11:44:58,476 - INFO - Qtde OS poda de LINHA MORTA fora carteira: 717
2026-04-08 11:44:58,476 - INFO - Qtde OS para desprogramar: 1175
2026-04-08 11:44:58,477 - INFO - 
 Qtd de lotes de LM: 13
2026-04-08 11:44:58,477 - INFO - 
 Qtd de lotes de LV: 30
2026-04-08 11:44:58,477 - INFO - 
 Qtd de lotes de ESTRUTURAL LM: 691
2026-04-08 11:44:58,477 - INFO - 
 Qtd de lotes de LEVE: 29
2026-04-08 11:44:58,478 - INFO - 
 Qtd de lotes para desprogramar: 47
2026-04-08 11:44:58,478 - INFO - 
=== Iniciando lote 1/13 [LM] ===
2026-04-08 11:44:58,478 - INFO - 
=== abrir_janela_selecao ===
2026-04-08 11:45:04,809 - INFO - 
=== rotina abrir_selecao_colar_os ===
2026-04-08 11:45:04,933 - INFO - ⌛ Aguardando janela de seleção...
2026-04-08 11:45:15,404 - INFO - Janela de seleção aberta
2026-04-08 11:45:19,653 - INFO - DEBUG: idx=0, inicio=0, fim=25
2026-04-08 11:45:19,653 - INFO - ✅ 25 OS copiadas para a área de transferência.
2026-04-08 11:45:19,653 - INFO - 📋 Lote 1 copiado.
2026-04-08 11:45:27,979 - INFO - ⌛ Esperando mudança visual...
2026-04-08 11:45:28,997 - INFO - ✅ Tela carregada!
2026-04-08 11:45:32,999 - INFO - 
=== rotina desbloquear_os ===
2026-04-08 11:45:39,486 - INFO - ⌛ Aguardando janela de confirmação de desbloqueio...
2026-04-08 11:45:54,878 - INFO - 🟨 Registros desbloqueados com sucesso
2026-04-08 11:45:58,986 - INFO - 
=== rotina editar_os ===
2026-04-08 11:46:08,410 - INFO - 🟨 OS programadas detectadas
2026-04-08 11:46:11,516 - INFO - ⌛ Aguardando janela de edição de OS...
2026-04-08 11:46:26,960 - INFO - 🟨 Janela de edição de OS detectada
2026-04-08 11:46:48,323 - INFO - 🟨 Janela de edição de habilidade da turma detectada
2026-04-08 11:48:06,637 - INFO - ⌛ Aguardando detecção do campo de caracteristica 'EQUIPE PRÓPRIA OU EPS' ...
2026-04-08 11:48:26,001 - INFO - 🟨 campo de caracteristica 'EQUIPE PRÓPRIA OU EPS detectado
2026-04-08 11:48:47,804 - INFO - ⌛ Aguardando confirmação 4 - editar OS...
2026-04-08 11:49:03,274 - INFO - 🟨 Janela de confirmação 4 de edição de OS detectada
2026-04-08 11:49:07,379 - INFO - 
=== rotina programar_os ===
2026-04-08 11:49:33,901 - INFO - ⌛ Aguardando janela de confirmação de programação de OS...
2026-04-08 11:49:54,377 - INFO - 🟨 Janela de confirmação de programação de OS detectada
2026-04-08 11:50:07,682 - INFO - 🟨 Janela de aviso de edição de OS programadas detectada
2026-04-08 11:50:11,889 - INFO - ⌛ aguardando janela de programação de lote de OS...
2026-04-08 11:50:32,471 - INFO - 🟨 Janela de aviso de substituição de lote de OS detectada
2026-04-08 11:50:38,676 - INFO - ⌛ aguardando janela de programação de lote de OS...
2026-04-08 11:50:59,209 - INFO - 🟨 Janela de programação de lote de OS detectada
2026-04-08 11:51:48,733 - INFO - 🟨 Janela de confirmação de programação de lote de OS detectada
2026-04-08 11:51:52,970 - INFO - ⌛ aguardando confirmação final de programação do lote
2026-04-08 11:52:13,466 - INFO - 🟨 programação do lote 1 efetuado com sucesso
2026-04-08 11:52:23,576 - INFO - 
=== Iniciando lote 2/13 [LM] ===
2026-04-08 11:52:23,576 - INFO - 
=== abrir_janela_selecao ===
2026-04-08 11:52:29,882 - INFO - 
=== rotina abrir_selecao_colar_os ===
2026-04-08 11:52:29,924 - INFO - Janela de seleção aberta
2026-04-08 11:52:34,179 - INFO - DEBUG: idx=1, inicio=25, fim=50
2026-04-08 11:52:34,179 - INFO - ✅ 25 OS copiadas para a área de transferência.
2026-04-08 11:52:34,179 - INFO - 📋 Lote 2 copiado.
2026-04-08 11:52:42,501 - INFO - ⌛ Esperando mudança visual...
2026-04-08 11:52:43,528 - INFO - ⌛ Esperando mudança visual...
2026-04-08 11:52:44,542 - INFO - ⌛ Esperando mudança visual...
2026-04-08 11:52:45,558 - INFO - ⌛ Esperando mudança visual...
2026-04-08 11:52:46,574 - INFO - ⌛ Esperando mudança visual...
2026-04-08 11:52:47,589 - INFO - ⌛ Esperando mudança visual...
2026-04-08 11:52:48,604 - INFO - ⌛ Esperando mudança visual...
2026-04-08 11:52:49,623 - INFO - ⌛ Esperando mudança visual...
2026-04-08 11:52:50,636 - INFO - ⌛ Esperando mudança visual...
2026-04-08 11:52:51,654 - INFO - ⌛ Esperando mudança visual...
2026-04-08 11:52:52,667 - INFO - ⌛ Esperando mudança visual...
2026-04-08 11:52:53,683 - INFO - ⌛ Esperando mudança visual...
2026-04-08 11:52:54,698 - INFO - ✅ Tela carregada!
2026-04-08 11:52:58,701 - INFO - 
=== rotina desbloquear_os ===
2026-04-08 11:53:05,186 - INFO - ⌛ Aguardando janela de confirmação de desbloqueio...
2026-04-08 11:53:20,645 - INFO - ⌛ Aguardando janela de confirmação de desbloqueio...
2026-04-08 11:53:36,073 - INFO - 🟨 Registros desbloqueados com sucesso
2026-04-08 11:53:40,180 - INFO - 
=== rotina editar_os ===
2026-04-08 11:53:49,604 - INFO - ⌛ Aguardando janela de edição de OS...
2026-04-08 11:54:05,088 - INFO - 🟨 OS programadas detectadas
2026-04-08 11:54:08,195 - INFO - ⌛ Aguardando janela de edição de OS...
2026-04-08 11:54:23,727 - INFO - 🟨 Janela de edição de OS detectada
2026-04-08 11:54:45,102 - INFO - 🟨 Janela de edição de habilidade da turma detectada
2026-04-08 11:56:03,412 - INFO - ⌛ Aguardando detecção do campo de caracteristica 'EQUIPE PRÓPRIA OU EPS' ...
2026-04-08 11:56:22,776 - INFO - 🟨 campo de caracteristica 'EQUIPE PRÓPRIA OU EPS detectado
2026-04-08 11:56:44,569 - INFO - ⌛ Aguardando confirmação 4 - editar OS...
2026-04-08 11:57:00,081 - INFO - ⌛ Aguardando confirmação 4 - editar OS...
2026-04-08 11:57:00,245 - INFO - 🟨 Identificado travamento no EQM, reiniciando contador de espera
2026-04-08 11:57:15,620 - INFO - ⌛ Aguardando confirmação 4 - editar OS...
2026-04-08 11:57:31,133 - INFO - 🟨 Janela de confirmação 4 de edição de OS detectada
2026-04-08 11:57:35,240 - INFO - 
=== rotina programar_os ===
2026-04-08 11:58:01,780 - INFO - ⌛ Aguardando janela de confirmação de programação de OS...
2026-04-08 11:58:22,286 - INFO - 🟨 Janela de confirmação de programação de OS detectada
2026-04-08 11:58:35,554 - INFO - 🟨 Janela de aviso de edição de OS programadas detectada
2026-04-08 11:58:39,777 - INFO - ⌛ aguardando janela de programação de lote de OS...
2026-04-08 11:59:00,323 - INFO - 🟨 Janela de aviso de substituição de lote de OS detectada
2026-04-08 11:59:06,536 - INFO - ⌛ aguardando janela de programação de lote de OS...
2026-04-08 11:59:27,086 - INFO - 🟨 Janela de aviso de substituição de lote de OS detectada
2026-04-08 11:59:33,292 - INFO - ⌛ aguardando janela de programação de lote de OS...
2026-04-08 11:59:53,823 - INFO - 🟨 Janela de programação de lote de OS detectada
2026-04-08 12:00:43,330 - INFO - 🟨 Janela de confirmação de programação de lote de OS detectada
2026-04-08 12:00:47,553 - INFO - ⌛ aguardando confirmação final de programação do lote
2026-04-08 12:01:07,978 - INFO - 🟨 programação do lote 2 efetuado com sucesso
2026-04-08 12:01:18,088 - INFO - 
=== Iniciando lote 3/13 [LM] ===
2026-04-08 12:01:18,088 - INFO - 
=== abrir_janela_selecao ===
2026-04-08 12:01:24,427 - INFO - 
=== rotina abrir_selecao_colar_os ===
2026-04-08 12:01:24,490 - INFO - Janela de seleção aberta
2026-04-08 12:01:28,737 - INFO - DEBUG: idx=2, inicio=50, fim=75
2026-04-08 12:01:28,737 - INFO - ✅ 25 OS copiadas para a área de transferência.
2026-04-08 12:01:28,737 - INFO - 📋 Lote 3 copiado.
2026-04-08 12:01:37,059 - INFO - ⌛ Esperando mudança visual...
2026-04-08 12:01:38,076 - INFO - ⌛ Esperando mudança visual...
2026-04-08 12:01:39,091 - INFO - ⌛ Esperando mudança visual...
2026-04-08 12:01:40,107 - INFO - ⌛ Esperando mudança visual...
2026-04-08 12:01:41,125 - INFO - ⌛ Esperando mudança visual...
2026-04-08 12:01:42,139 - INFO - ⌛ Esperando mudança visual...
2026-04-08 12:01:43,156 - INFO - ⌛ Esperando mudança visual...
2026-04-08 12:01:44,170 - INFO - ⌛ Esperando mudança visual...
2026-04-08 12:01:45,186 - INFO - ⌛ Esperando mudança visual...
2026-04-08 12:01:46,204 - INFO - ⌛ Esperando mudança visual...
2026-04-08 12:01:47,218 - INFO - ⌛ Esperando mudança visual...
2026-04-08 12:01:48,232 - INFO - ⌛ Esperando mudança visual...
2026-04-08 12:01:49,250 - INFO - ✅ Tela carregada!
2026-04-08 12:01:53,251 - INFO - 
=== rotina desbloquear_os ===
2026-04-08 12:01:59,757 - INFO - ⌛ Aguardando janela de confirmação de desbloqueio...
2026-04-08 12:02:15,197 - INFO - 🟨 Registros desbloqueados com sucesso
2026-04-08 12:02:19,308 - INFO - 
=== rotina editar_os ===
2026-04-08 12:02:28,730 - INFO - 🟨 OS programadas detectadas
2026-04-08 12:02:31,841 - INFO - ⌛ Aguardando janela de edição de OS...
2026-04-08 12:02:47,303 - INFO - 🟨 Janela de edição de OS detectada
2026-04-08 12:03:08,654 - INFO - 🟨 Janela de edição de habilidade da turma detectada
2026-04-08 12:04:26,997 - INFO - ⌛ Aguardando detecção do campo de caracteristica 'EQUIPE PRÓPRIA OU EPS' ...
2026-04-08 12:04:46,357 - INFO - 🟨 campo de caracteristica 'EQUIPE PRÓPRIA OU EPS detectado
2026-04-08 12:05:08,171 - INFO - ⌛ Aguardando confirmação 4 - editar OS...
2026-04-08 12:05:23,702 - INFO - ⌛ Aguardando confirmação 4 - editar OS...
2026-04-08 12:05:39,149 - INFO - 🟨 Janela de confirmação 4 de edição de OS detectada
2026-04-08 12:05:43,265 - INFO - 
=== rotina programar_os ===
2026-04-08 12:06:09,779 - INFO - ⌛ Aguardando janela de confirmação de programação de OS...
2026-04-08 12:06:30,210 - INFO - 🟨 Janela de confirmação de programação de OS detectada
2026-04-08 12:06:43,456 - INFO - 🟨 Janela de aviso de edição de OS programadas detectada
2026-04-08 12:06:47,675 - INFO - ⌛ aguardando janela de programação de lote de OS...
2026-04-08 12:07:08,153 - INFO - 🟨 Janela de aviso de substituição de lote de OS detectada
2026-04-08 12:07:14,360 - INFO - ⌛ aguardando janela de programação de lote de OS...
2026-04-08 12:07:34,874 - INFO - 🟨 Janela de programação de lote de OS detectada
2026-04-08 12:08:24,400 - INFO - 🟨 Janela de confirmação de programação de lote de OS detectada
2026-04-08 12:08:28,628 - INFO - ⌛ aguardando confirmação final de programação do lote
2026-04-08 12:08:49,145 - INFO - 🟨 programação do lote 3 efetuado com sucesso
2026-04-08 12:08:59,250 - INFO - 
=== Iniciando lote 4/13 [LM] ===
2026-04-08 12:08:59,250 - INFO - 
=== abrir_janela_selecao ===
2026-04-08 12:09:05,557 - INFO - 
=== rotina abrir_selecao_colar_os ===
2026-04-08 12:09:05,615 - INFO - Janela de seleção aberta
2026-04-08 12:09:09,857 - INFO - DEBUG: idx=3, inicio=75, fim=100
2026-04-08 12:09:09,857 - INFO - ✅ 25 OS copiadas para a área de transferência.
2026-04-08 12:09:09,857 - INFO - 📋 Lote 4 copiado.
2026-04-08 12:09:18,187 - INFO - ⌛ Esperando mudança visual...
2026-04-08 12:09:19,200 - INFO - ⌛ Esperando mudança visual...
2026-04-08 12:09:20,218 - INFO - ⌛ Esperando mudança visual...
2026-04-08 12:09:21,231 - INFO - ⌛ Esperando mudança visual...
2026-04-08 12:09:22,247 - INFO - ⌛ Esperando mudança visual...
2026-04-08 12:09:23,263 - INFO - ⌛ Esperando mudança visual...
2026-04-08 12:09:24,282 - INFO - ⌛ Esperando mudança visual...
2026-04-08 12:09:25,294 - INFO - ⌛ Esperando mudança visual...
2026-04-08 12:09:26,313 - INFO - ⌛ Esperando mudança visual...
2026-04-08 12:09:27,325 - INFO - ⌛ Esperando mudança visual...
2026-04-08 12:09:28,342 - INFO - ⌛ Esperando mudança visual...
2026-04-08 12:09:29,357 - INFO - ✅ Tela carregada!
2026-04-08 12:09:33,363 - INFO - 
=== rotina desbloquear_os ===
2026-04-08 12:09:39,828 - INFO - ⌛ Aguardando janela de confirmação de desbloqueio...
2026-04-08 12:09:55,248 - INFO - 🟨 Registros desbloqueados com sucesso
2026-04-08 12:09:59,352 - INFO - 
=== rotina editar_os ===
2026-04-08 12:10:08,789 - INFO - ⌛ Aguardando janela de edição de OS...
2026-04-08 12:10:24,299 - INFO - 🟨 OS programadas detectadas
2026-04-08 12:10:27,405 - INFO - ⌛ Aguardando janela de edição de OS...
2026-04-08 12:10:42,838 - INFO - 🟨 Janela de edição de OS detectada
2026-04-08 12:11:04,196 - INFO - 🟨 Janela de edição de habilidade da turma detectada
2026-04-08 12:12:22,516 - INFO - ⌛ Aguardando detecção do campo de caracteristica 'EQUIPE PRÓPRIA OU EPS' ...
2026-04-08 12:12:41,887 - INFO - 🟨 campo de caracteristica 'EQUIPE PRÓPRIA OU EPS detectado
2026-04-08 12:13:03,724 - INFO - ⌛ Aguardando confirmação 4 - editar OS...
2026-04-08 12:13:19,225 - INFO - ⌛ Aguardando confirmação 4 - editar OS...
2026-04-08 12:13:19,401 - INFO - 🟨 Identificado travamento no EQM, reiniciando contador de espera
2026-04-08 12:13:34,791 - INFO - ⌛ Aguardando confirmação 4 - editar OS...
2026-04-08 12:13:50,328 - INFO - ⌛ Aguardando confirmação 4 - editar OS...
2026-04-08 12:14:05,860 - INFO - 🟨 Janela de confirmação 4 de edição de OS detectada
2026-04-08 12:14:09,965 - INFO - 
=== rotina programar_os ===
2026-04-08 12:14:36,516 - INFO - ⌛ Aguardando janela de confirmação de programação de OS...
2026-04-08 12:14:57,017 - INFO - 🟨 Janela de confirmação de programação de OS detectada
2026-04-08 12:15:10,293 - INFO - 🟨 Janela de aviso de edição de OS programadas detectada
2026-04-08 12:15:14,504 - INFO - ⌛ aguardando janela de programação de lote de OS...
2026-04-08 12:15:35,036 - INFO - 🟨 Janela de aviso de substituição de lote de OS detectada
2026-04-08 12:15:41,247 - INFO - ⌛ aguardando janela de programação de lote de OS...
2026-04-08 12:16:01,772 - INFO - 🟨 Janela de aviso de substituição de lote de OS detectada
2026-04-08 12:16:07,985 - INFO - ⌛ aguardando janela de programação de lote de OS...
2026-04-08 12:16:08,140 - INFO - 🟨 Identificado travamento no EQM, reiniciando contador de espera
2026-04-08 12:16:28,538 - INFO - 🟨 Janela de programação de lote de OS detectada
2026-04-08 12:17:18,048 - INFO - 🟨 Janela de confirmação de programação de lote de OS detectada
2026-04-08 12:17:22,285 - INFO - ⌛ aguardando confirmação final de programação do lote
2026-04-08 12:17:42,781 - INFO - 🟨 programação do lote 4 efetuado com sucesso
2026-04-08 12:17:52,886 - INFO - 
=== Iniciando lote 5/13 [LM] ===
2026-04-08 12:17:52,886 - INFO - 
=== abrir_janela_selecao ===
2026-04-08 12:17:59,193 - INFO - 
=== rotina abrir_selecao_colar_os ===
2026-04-08 12:17:59,251 - INFO - Janela de seleção aberta
2026-04-08 12:18:03,490 - INFO - DEBUG: idx=4, inicio=100, fim=125
2026-04-08 12:18:03,490 - INFO - ✅ 25 OS copiadas para a área de transferência.
2026-04-08 12:18:03,490 - INFO - 📋 Lote 5 copiado.
2026-04-08 12:18:11,824 - INFO - ⌛ Esperando mudança visual...
2026-04-08 12:18:12,839 - INFO - ⌛ Esperando mudança visual...
2026-04-08 12:18:13,852 - INFO - ⌛ Esperando mudança visual...
2026-04-08 12:18:14,868 - INFO - ⌛ Esperando mudança visual...
2026-04-08 12:18:15,884 - INFO - ⌛ Esperando mudança visual...
2026-04-08 12:18:16,902 - INFO - ⌛ Esperando mudança visual...
2026-04-08 12:18:17,918 - INFO - ⌛ Esperando mudança visual...
2026-04-08 12:18:18,931 - INFO - ⌛ Esperando mudança visual...
2026-04-08 12:18:19,946 - INFO - ⌛ Esperando mudança visual...
2026-04-08 12:18:20,964 - INFO - ✅ Tela carregada!
2026-04-08 12:18:24,967 - INFO - 
=== rotina desbloquear_os ===
2026-04-08 12:18:31,435 - INFO - ⌛ Aguardando janela de confirmação de desbloqueio...
2026-04-08 12:18:46,852 - INFO - 🟨 Registros desbloqueados com sucesso
2026-04-08 12:18:50,960 - INFO - 
=== rotina editar_os ===
2026-04-08 12:19:00,366 - INFO - 🟨 OS programadas detectadas
2026-04-08 12:19:03,469 - INFO - ⌛ Aguardando janela de edição de OS...
2026-04-08 12:19:18,920 - INFO - 🟨 Janela de edição de OS detectada
2026-04-08 12:19:40,287 - INFO - 🟨 Janela de edição de habilidade da turma detectada
2026-04-08 12:20:58,601 - INFO - ⌛ Aguardando detecção do campo de caracteristica 'EQUIPE PRÓPRIA OU EPS' ...
2026-04-08 12:21:17,981 - INFO - 🟨 campo de caracteristica 'EQUIPE PRÓPRIA OU EPS detectado
2026-04-08 12:21:39,789 - INFO - ⌛ Aguardando confirmação 4 - editar OS...
2026-04-08 12:21:55,284 - INFO - 🟨 Janela de confirmação 4 de edição de OS detectada
2026-04-08 12:21:59,398 - INFO - 
=== rotina programar_os ===
2026-04-08 12:22:25,931 - INFO - ⌛ Aguardando janela de confirmação de programação de OS...
2026-04-08 12:22:46,427 - INFO - 🟨 Janela de confirmação de programação de OS detectada
2026-04-08 12:22:59,684 - INFO - 🟨 Janela de aviso de edição de OS programadas detectada
2026-04-08 12:23:03,917 - INFO - ⌛ aguardando janela de programação de lote de OS...
2026-04-08 12:23:24,466 - INFO - 🟨 Janela de aviso de substituição de lote de OS detectada
2026-04-08 12:23:30,680 - INFO - ⌛ aguardando janela de programação de lote de OS...
2026-04-08 12:23:51,194 - INFO - 🟨 Janela de programação de lote de OS detectada
2026-04-08 12:24:40,738 - INFO - 🟨 Janela de confirmação de programação de lote de OS detectada
2026-04-08 12:24:44,972 - INFO - ⌛ aguardando confirmação final de programação do lote
2026-04-08 12:25:05,491 - INFO - 🟨 programação do lote 5 efetuado com sucesso
2026-04-08 12:25:15,595 - INFO - 
=== Iniciando lote 6/13 [LM] ===
2026-04-08 12:25:15,595 - INFO - 
=== abrir_janela_selecao ===
2026-04-08 12:25:21,903 - INFO - 
=== rotina abrir_selecao_colar_os ===
2026-04-08 12:25:22,017 - INFO - Janela de seleção aberta
2026-04-08 12:25:26,267 - INFO - DEBUG: idx=5, inicio=125, fim=150
2026-04-08 12:25:26,267 - INFO - ✅ 25 OS copiadas para a área de transferência.
2026-04-08 12:25:26,267 - INFO - 📋 Lote 6 copiado.
2026-04-08 12:25:34,609 - INFO - ⌛ Esperando mudança visual...
2026-04-08 12:25:35,632 - INFO - ⌛ Esperando mudança visual...
2026-04-08 12:25:36,649 - INFO - ⌛ Esperando mudança visual...
2026-04-08 12:25:37,662 - INFO - ⌛ Esperando mudança visual...
2026-04-08 12:25:38,677 - INFO - ⌛ Esperando mudança visual...
2026-04-08 12:25:39,693 - INFO - ⌛ Esperando mudança visual...
2026-04-08 12:25:40,709 - INFO - ⌛ Esperando mudança visual...
2026-04-08 12:25:41,724 - INFO - ⌛ Esperando mudança visual...
2026-04-08 12:25:42,740 - INFO - ⌛ Esperando mudança visual...
2026-04-08 12:25:43,756 - INFO - ✅ Tela carregada!
2026-04-08 12:25:47,761 - INFO - 
=== rotina desbloquear_os ===
2026-04-08 12:25:54,229 - INFO - ⌛ Aguardando janela de confirmação de desbloqueio...
2026-04-08 12:26:09,678 - INFO - 🟨 Registros desbloqueados com sucesso
2026-04-08 12:26:13,786 - INFO - 
=== rotina editar_os ===
2026-04-08 12:26:23,191 - INFO - 🟨 OS programadas detectadas
2026-04-08 12:26:26,301 - INFO - ⌛ Aguardando janela de edição de OS...
2026-04-08 12:26:41,770 - INFO - 🟨 Janela de edição de OS detectada
2026-04-08 12:27:03,139 - INFO - 🟨 Janela de edição de habilidade da turma detectada
2026-04-08 12:28:21,451 - INFO - ⌛ Aguardando detecção do campo de caracteristica 'EQUIPE PRÓPRIA OU EPS' ...
2026-04-08 12:28:40,825 - INFO - 🟨 campo de caracteristica 'EQUIPE PRÓPRIA OU EPS detectado
2026-04-08 12:29:02,598 - INFO - ⌛ Aguardando confirmação 4 - editar OS...
2026-04-08 12:29:18,037 - INFO - ⌛ Aguardando confirmação 4 - editar OS...
2026-04-08 12:29:33,550 - INFO - 🟨 Janela de confirmação 4 de edição de OS detectada
2026-04-08 12:29:37,656 - INFO - 
=== rotina programar_os ===
2026-04-08 12:30:04,186 - INFO - ⌛ Aguardando janela de confirmação de programação de OS...
2026-04-08 12:30:24,722 - INFO - 🟨 Janela de confirmação de programação de OS detectada
2026-04-08 12:30:37,981 - INFO - 🟨 Janela de aviso de edição de OS programadas detectada
2026-04-08 12:30:42,193 - INFO - ⌛ aguardando janela de programação de lote de OS...
2026-04-08 12:31:02,670 - INFO - 🟨 Janela de aviso de substituição de lote de OS detectada
2026-04-08 12:31:08,888 - INFO - ⌛ aguardando janela de programação de lote de OS...
2026-04-08 12:31:29,348 - INFO - 🟨 Janela de programação de lote de OS detectada
2026-04-08 12:32:18,868 - INFO - 🟨 Janela de confirmação de programação de lote de OS detectada
2026-04-08 12:32:23,073 - INFO - ⌛ aguardando confirmação final de programação do lote
2026-04-08 12:32:43,513 - INFO - 🟨 programação do lote 6 efetuado com sucesso
2026-04-08 12:32:53,621 - INFO - 
=== Iniciando lote 7/13 [LM] ===
2026-04-08 12:32:53,621 - INFO - 
=== abrir_janela_selecao ===
2026-04-08 12:32:59,929 - INFO - 
=== rotina abrir_selecao_colar_os ===
2026-04-08 12:32:59,982 - INFO - Janela de seleção aberta
2026-04-08 12:33:04,218 - INFO - DEBUG: idx=6, inicio=150, fim=175
2026-04-08 12:33:04,218 - INFO - ✅ 25 OS copiadas para a área de transferência.
2026-04-08 12:33:04,218 - INFO - 📋 Lote 7 copiado.
2026-04-08 12:33:12,546 - INFO - ⌛ Esperando mudança visual...
2026-04-08 12:33:13,564 - INFO - ⌛ Esperando mudança visual...
2026-04-08 12:33:14,578 - INFO - ⌛ Esperando mudança visual...
2026-04-08 12:33:15,592 - INFO - ⌛ Esperando mudança visual...
2026-04-08 12:33:16,607 - INFO - ⌛ Esperando mudança visual...
2026-04-08 12:33:17,623 - INFO - ⌛ Esperando mudança visual...
2026-04-08 12:33:18,639 - INFO - ⌛ Esperando mudança visual...
2026-04-08 12:33:19,654 - INFO - ⌛ Esperando mudança visual...
2026-04-08 12:33:20,669 - INFO - ⌛ Esperando mudança visual...
2026-04-08 12:33:21,687 - INFO - ✅ Tela carregada!
2026-04-08 12:33:25,689 - INFO - 
=== rotina desbloquear_os ===
2026-04-08 12:33:32,157 - INFO - ⌛ Aguardando janela de confirmação de desbloqueio...
2026-04-08 12:33:47,555 - INFO - 🟨 Registros desbloqueados com sucesso
2026-04-08 12:33:51,658 - INFO - 
=== rotina editar_os ===
2026-04-08 12:34:01,067 - INFO - 🟨 OS programadas detectadas
2026-04-08 12:34:04,175 - INFO - ⌛ Aguardando janela de edição de OS...
2026-04-08 12:34:19,617 - INFO - 🟨 Janela de edição de OS detectada
2026-04-08 12:34:40,973 - INFO - 🟨 Janela de edição de habilidade da turma detectada
2026-04-08 12:35:59,300 - INFO - ⌛ Aguardando detecção do campo de caracteristica 'EQUIPE PRÓPRIA OU EPS' ...
2026-04-08 12:36:18,647 - INFO - 🟨 campo de caracteristica 'EQUIPE PRÓPRIA OU EPS detectado
2026-04-08 12:36:40,435 - INFO - ⌛ Aguardando confirmação 4 - editar OS...
2026-04-08 12:36:55,891 - INFO - ⌛ Aguardando confirmação 4 - editar OS...
2026-04-08 12:37:11,320 - INFO - 🟨 Janela de confirmação 4 de edição de OS detectada
2026-04-08 12:37:15,436 - INFO - 
=== rotina programar_os ===
2026-04-08 12:37:41,943 - INFO - ⌛ Aguardando janela de confirmação de programação de OS...
2026-04-08 12:38:02,360 - INFO - 🟨 Janela de confirmação de programação de OS detectada
2026-04-08 12:38:15,618 - INFO - 🟨 Janela de aviso de edição de OS programadas detectada
2026-04-08 12:38:19,826 - INFO - ⌛ aguardando janela de programação de lote de OS...
2026-04-08 12:38:40,366 - INFO - 🟨 Janela de aviso de substituição de lote de OS detectada
2026-04-08 12:38:46,582 - INFO - ⌛ aguardando janela de programação de lote de OS...
2026-04-08 12:39:07,067 - INFO - 🟨 Janela de programação de lote de OS detectada
2026-04-08 12:39:56,564 - INFO - 🟨 Janela de confirmação de programação de lote de OS detectada
2026-04-08 12:40:00,773 - INFO - ⌛ aguardando confirmação final de programação do lote
2026-04-08 12:40:21,212 - INFO - 🟨 programação do lote 7 efetuado com sucesso
2026-04-08 12:40:31,323 - INFO - 
=== Iniciando lote 8/13 [LM] ===
2026-04-08 12:40:31,323 - INFO - 
=== abrir_janela_selecao ===
2026-04-08 12:40:37,631 - INFO - 
=== rotina abrir_selecao_colar_os ===
2026-04-08 12:40:37,677 - INFO - Janela de seleção aberta
2026-04-08 12:40:41,918 - INFO - DEBUG: idx=7, inicio=175, fim=200
2026-04-08 12:40:41,918 - INFO - ✅ 25 OS copiadas para a área de transferência.
2026-04-08 12:40:41,918 - INFO - 📋 Lote 8 copiado.
2026-04-08 12:40:50,238 - INFO - ⌛ Esperando mudança visual...
2026-04-08 12:40:51,257 - INFO - ⌛ Esperando mudança visual...
2026-04-08 12:40:52,273 - INFO - ⌛ Esperando mudança visual...
2026-04-08 12:40:53,288 - INFO - ⌛ Esperando mudança visual...
2026-04-08 12:40:54,304 - INFO - ⌛ Esperando mudança visual...
2026-04-08 12:40:55,320 - INFO - ⌛ Esperando mudança visual...
2026-04-08 12:40:56,339 - INFO - ⌛ Esperando mudança visual...
2026-04-08 12:40:57,352 - INFO - ⌛ Esperando mudança visual...
2026-04-08 12:40:58,369 - INFO - ⌛ Esperando mudança visual...
2026-04-08 12:40:59,385 - INFO - ✅ Tela carregada!
2026-04-08 12:41:03,388 - INFO - 
=== rotina desbloquear_os ===
2026-04-08 12:41:09,840 - INFO - ⌛ Aguardando janela de confirmação de desbloqueio...
2026-04-08 12:41:25,247 - INFO - 🟨 Registros desbloqueados com sucesso
2026-04-08 12:41:29,356 - INFO - 
=== rotina editar_os ===
2026-04-08 12:41:38,779 - INFO - ⌛ Aguardando janela de edição de OS...
2026-04-08 12:41:54,240 - INFO - 🟨 OS programadas detectadas
2026-04-08 12:41:57,356 - INFO - ⌛ Aguardando janela de edição de OS...
2026-04-08 12:42:12,806 - INFO - 🟨 Janela de edição de OS detectada
2026-04-08 12:42:34,176 - INFO - 🟨 Janela de edição de habilidade da turma detectada
2026-04-08 12:43:52,498 - INFO - ⌛ Aguardando detecção do campo de caracteristica 'EQUIPE PRÓPRIA OU EPS' ...
2026-04-08 12:44:11,835 - INFO - 🟨 campo de caracteristica 'EQUIPE PRÓPRIA OU EPS detectado
2026-04-08 12:44:33,620 - INFO - ⌛ Aguardando confirmação 4 - editar OS...
2026-04-08 12:44:49,083 - INFO - ⌛ Aguardando confirmação 4 - editar OS...
2026-04-08 12:45:04,563 - INFO - 🟨 Janela de confirmação 4 de edição de OS detectada
2026-04-08 12:45:08,671 - INFO - 
=== rotina programar_os ===
2026-04-08 12:45:35,222 - INFO - ⌛ Aguardando janela de confirmação de programação de OS...
2026-04-08 12:45:55,680 - INFO - 🟨 Janela de confirmação de programação de OS detectada
2026-04-08 12:46:08,956 - INFO - 🟨 Janela de aviso de edição de OS programadas detectada
2026-04-08 12:46:13,161 - INFO - ⌛ aguardando janela de programação de lote de OS...
2026-04-08 12:46:33,672 - INFO - 🟨 Janela de aviso de substituição de lote de OS detectada
2026-04-08 12:46:39,901 - INFO - ⌛ aguardando janela de programação de lote de OS...
2026-04-08 12:47:00,417 - INFO - 🟨 Janela de programação de lote de OS detectada
2026-04-08 12:47:49,955 - INFO - 🟨 Janela de confirmação de programação de lote de OS detectada
2026-04-08 12:47:54,187 - INFO - ⌛ aguardando confirmação final de programação do lote
2026-04-08 12:48:14,681 - INFO - 🟨 programação do lote 8 efetuado com sucesso
2026-04-08 12:48:24,789 - INFO - 
=== Iniciando lote 9/13 [LM] ===
2026-04-08 12:48:24,789 - INFO - 
=== abrir_janela_selecao ===
2026-04-08 12:48:31,095 - INFO - 
=== rotina abrir_selecao_colar_os ===
2026-04-08 12:48:31,152 - INFO - Janela de seleção aberta
2026-04-08 12:48:35,399 - INFO - DEBUG: idx=8, inicio=200, fim=225
2026-04-08 12:48:35,399 - INFO - ✅ 25 OS copiadas para a área de transferência.
2026-04-08 12:48:35,399 - INFO - 📋 Lote 9 copiado.
2026-04-08 12:48:43,736 - INFO - ⌛ Esperando mudança visual...
2026-04-08 12:48:44,756 - INFO - ⌛ Esperando mudança visual...
2026-04-08 12:48:45,771 - INFO - ⌛ Esperando mudança visual...
2026-04-08 12:48:46,787 - INFO - ⌛ Esperando mudança visual...
2026-04-08 12:48:47,804 - INFO - ⌛ Esperando mudança visual...
2026-04-08 12:48:48,818 - INFO - ⌛ Esperando mudança visual...
2026-04-08 12:48:49,834 - INFO - ⌛ Esperando mudança visual...
2026-04-08 12:48:50,849 - INFO - ⌛ Esperando mudança visual...
2026-04-08 12:48:51,866 - INFO - ✅ Tela carregada!
2026-04-08 12:48:55,870 - INFO - 
=== rotina desbloquear_os ===
2026-04-08 12:49:02,327 - INFO - ⌛ Aguardando janela de confirmação de desbloqueio...
2026-04-08 12:49:17,781 - INFO - 🟨 Registros desbloqueados com sucesso
2026-04-08 12:49:21,892 - INFO - 
=== rotina editar_os ===
2026-04-08 12:49:31,323 - INFO - ⌛ Aguardando janela de edição de OS...
2026-04-08 12:49:46,810 - INFO - 🟨 OS programadas detectadas
2026-04-08 12:49:49,927 - INFO - ⌛ Aguardando janela de edição de OS...
2026-04-08 12:50:05,400 - INFO - 🟨 Janela de edição de OS detectada
2026-04-08 12:50:26,754 - INFO - 🟨 Janela de edição de habilidade da turma detectada
2026-04-08 12:51:45,084 - INFO - ⌛ Aguardando detecção do campo de caracteristica 'EQUIPE PRÓPRIA OU EPS' ...
2026-04-08 12:52:04,449 - INFO - 🟨 campo de caracteristica 'EQUIPE PRÓPRIA OU EPS detectado
2026-04-08 12:52:26,222 - INFO - ⌛ Aguardando confirmação 4 - editar OS...
2026-04-08 12:52:41,667 - INFO - ⌛ Aguardando confirmação 4 - editar OS...
2026-04-08 12:52:57,246 - INFO - ⌛ Aguardando confirmação 4 - editar OS...
2026-04-08 12:53:12,696 - INFO - 🟨 Janela de confirmação 4 de edição de OS detectada
2026-04-08 12:53:16,804 - INFO - 
=== rotina programar_os ===
2026-04-08 12:53:43,317 - INFO - ⌛ Aguardando janela de confirmação de programação de OS...
2026-04-08 12:54:03,741 - INFO - 🟨 Janela de confirmação de programação de OS detectada
2026-04-08 12:54:16,996 - INFO - 🟨 Janela de aviso de edição de OS programadas detectada
2026-04-08 12:54:21,206 - INFO - ⌛ aguardando janela de programação de lote de OS...
2026-04-08 12:54:41,692 - INFO - 🟨 Janela de aviso de substituição de lote de OS detectada
2026-04-08 12:54:47,898 - INFO - ⌛ aguardando janela de programação de lote de OS...
2026-04-08 12:55:08,447 - INFO - 🟨 Janela de programação de lote de OS detectada
2026-04-08 12:55:57,954 - INFO - 🟨 Janela de confirmação de programação de lote de OS detectada
2026-04-08 12:56:02,167 - INFO - ⌛ aguardando confirmação final de programação do lote
2026-04-08 12:56:22,595 - INFO - 🟨 programação do lote 9 efetuado com sucesso
2026-04-08 12:56:32,706 - INFO - 
=== Iniciando lote 10/13 [LM] ===
2026-04-08 12:56:32,706 - INFO - 
=== abrir_janela_selecao ===
2026-04-08 12:56:39,014 - INFO - 
=== rotina abrir_selecao_colar_os ===
2026-04-08 12:56:39,054 - INFO - Janela de seleção aberta
2026-04-08 12:56:43,303 - INFO - DEBUG: idx=9, inicio=225, fim=250
2026-04-08 12:56:43,303 - INFO - ✅ 25 OS copiadas para a área de transferência.
2026-04-08 12:56:43,303 - INFO - 📋 Lote 10 copiado.
2026-04-08 12:56:51,644 - INFO - ⌛ Esperando mudança visual...
2026-04-08 12:56:52,657 - INFO - ⌛ Esperando mudança visual...
2026-04-08 12:56:53,672 - INFO - ⌛ Esperando mudança visual...
2026-04-08 12:56:54,688 - INFO - ⌛ Esperando mudança visual...
2026-04-08 12:56:55,704 - INFO - ⌛ Esperando mudança visual...
2026-04-08 12:56:56,720 - INFO - ⌛ Esperando mudança visual...
2026-04-08 12:56:57,735 - INFO - ⌛ Esperando mudança visual...
2026-04-08 12:56:58,751 - INFO - ⌛ Esperando mudança visual...
2026-04-08 12:56:59,767 - INFO - ⌛ Esperando mudança visual...
2026-04-08 12:57:00,782 - INFO - ✅ Tela carregada!
2026-04-08 12:57:04,786 - INFO - 
=== rotina desbloquear_os ===
2026-04-08 12:57:11,256 - INFO - ⌛ Aguardando janela de confirmação de desbloqueio...
2026-04-08 12:57:26,715 - INFO - 🟨 Registros desbloqueados com sucesso
2026-04-08 12:57:30,822 - INFO - 
=== rotina editar_os ===
2026-04-08 12:57:40,250 - INFO - ⌛ Aguardando janela de edição de OS...
2026-04-08 12:57:55,674 - INFO - 🟨 OS programadas detectadas
2026-04-08 12:57:58,792 - INFO - ⌛ Aguardando janela de edição de OS...
2026-04-08 12:58:14,237 - INFO - 🟨 Janela de edição de OS detectada
2026-04-08 12:58:35,612 - INFO - 🟨 Janela de edição de habilidade da turma detectada
2026-04-08 12:59:53,922 - INFO - ⌛ Aguardando detecção do campo de caracteristica 'EQUIPE PRÓPRIA OU EPS' ...
2026-04-08 13:00:13,277 - INFO - 🟨 campo de caracteristica 'EQUIPE PRÓPRIA OU EPS detectado
2026-04-08 13:00:35,069 - INFO - ⌛ Aguardando confirmação 4 - editar OS...
2026-04-08 13:00:50,551 - INFO - ⌛ Aguardando confirmação 4 - editar OS...
2026-04-08 13:01:06,066 - INFO - 🟨 Janela de confirmação 4 de edição de OS detectada
2026-04-08 13:01:10,172 - INFO - 
=== rotina programar_os ===
2026-04-08 13:01:36,725 - INFO - ⌛ Aguardando janela de confirmação de programação de OS...
2026-04-08 13:01:57,248 - INFO - 🟨 Janela de confirmação de programação de OS detectada
2026-04-08 13:02:10,515 - INFO - 🟨 Janela de aviso de edição de OS programadas detectada
2026-04-08 13:02:14,745 - INFO - ⌛ aguardando janela de programação de lote de OS...
2026-04-08 13:02:35,330 - INFO - 🟨 Janela de aviso de substituição de lote de OS detectada
2026-04-08 13:02:41,540 - INFO - ⌛ aguardando janela de programação de lote de OS...
2026-04-08 13:03:02,120 - INFO - 🟨 Janela de aviso de substituição de lote de OS detectada
2026-04-08 13:03:08,339 - INFO - ⌛ aguardando janela de programação de lote de OS...
2026-04-08 13:03:28,896 - INFO - ⌛ aguardando janela de programação de lote de OS...
2026-04-08 13:03:49,457 - INFO - ⌛ aguardando janela de programação de lote de OS...
2026-04-08 13:04:09,962 - INFO - ⌛ aguardando janela de programação de lote de OS...
2026-04-08 13:04:30,451 - INFO - ⌛ aguardando janela de programação de lote de OS...
2026-04-08 13:04:50,949 - INFO - ⌛ aguardando janela de programação de lote de OS...
2026-04-08 13:05:11,488 - INFO - ⌛ aguardando janela de programação de lote de OS...
2026-04-08 13:05:32,020 - INFO - ⌛ aguardando janela de programação de lote de OS...
2026-04-08 13:05:52,557 - INFO - ⌛ aguardando janela de programação de lote de OS...
2026-04-08 13:06:13,111 - INFO - ⌛ aguardando janela de programação de lote de OS...
2026-04-08 13:06:33,644 - INFO - ⌛ aguardando janela de programação de lote de OS...
2026-04-08 13:06:54,159 - INFO - ⌛ aguardando janela de programação de lote de OS...
2026-04-08 13:07:14,682 - INFO - ⌛ aguardando janela de programação de lote de OS...
2026-04-08 13:07:35,211 - INFO - ⌛ aguardando janela de programação de lote de OS...
2026-04-08 13:07:55,722 - INFO - ⌛ aguardando janela de programação de lote de OS...
2026-04-08 13:08:16,233 - INFO - ⌛ aguardando janela de programação de lote de OS...
2026-04-08 13:08:36,770 - INFO - ⌛ aguardando janela de programação de lote de OS...
2026-04-08 13:08:57,322 - INFO - ⌛ aguardando janela de programação de lote de OS...
2026-04-08 13:09:17,844 - INFO - ⌛ aguardando janela de programação de lote de OS...
2026-04-08 13:09:38,342 - INFO - ⌛ aguardando janela de programação de lote de OS...
2026-04-08 13:09:58,881 - INFO - ⌛ aguardando janela de programação de lote de OS...
2026-04-08 13:10:19,422 - INFO - ⌛ aguardando janela de programação de lote de OS...
2026-04-08 13:10:39,991 - INFO - ⌛ aguardando janela de programação de lote de OS...
2026-04-08 13:11:00,570 - INFO - ⌛ aguardando janela de programação de lote de OS...
2026-04-08 13:11:21,117 - INFO - ⌛ aguardando janela de programação de lote de OS...
2026-04-08 13:11:41,693 - INFO - ⌛ aguardando janela de programação de lote de OS...
2026-04-08 13:12:02,249 - INFO - ⌛ aguardando janela de programação de lote de OS...
2026-04-08 13:12:22,775 - INFO - ⌛ aguardando janela de programação de lote de OS...
2026-04-08 13:12:43,296 - INFO - ⌛ aguardando janela de programação de lote de OS...
2026-04-08 13:13:03,876 - INFO - ⌛ aguardando janela de programação de lote de OS...
2026-04-08 13:13:24,431 - INFO - ⌛ aguardando janela de programação de lote de OS...
2026-04-08 13:13:44,970 - INFO - ⌛ aguardando janela de programação de lote de OS...
2026-04-08 13:14:05,515 - INFO - ⌛ aguardando janela de programação de lote de OS...
2026-04-08 13:14:26,040 - INFO - ⌛ aguardando janela de programação de lote de OS...
2026-04-08 13:14:46,594 - INFO - ⌛ aguardando janela de programação de lote de OS...
2026-04-08 13:15:07,195 - INFO - ⌛ aguardando janela de programação de lote de OS...
2026-04-08 13:15:27,853 - INFO - ⌛ aguardando janela de programação de lote de OS...
2026-04-08 13:15:48,372 - INFO - ⌛ aguardando janela de programação de lote de OS...
2026-04-08 13:16:08,886 - INFO - ⌛ aguardando janela de programação de lote de OS...
2026-04-08 13:16:29,395 - INFO - ⌛ aguardando janela de programação de lote de OS...
2026-04-08 13:16:49,953 - INFO - ⌛ aguardando janela de programação de lote de OS...
2026-04-08 13:17:10,470 - INFO - ⌛ aguardando janela de programação de lote de OS...
2026-04-08 13:17:31,032 - INFO - ⌛ aguardando janela de programação de lote de OS...
2026-04-08 13:17:51,554 - INFO - ⌛ aguardando janela de programação de lote de OS...
2026-04-08 13:18:12,092 - INFO - ⌛ aguardando janela de programação de lote de OS...
2026-04-08 13:18:32,619 - INFO - ⌛ aguardando janela de programação de lote de OS...
2026-04-08 13:18:53,099 - INFO - ⌛ aguardando janela de programação de lote de OS...
2026-04-08 13:19:13,580 - INFO - ⌛ aguardando janela de programação de lote de OS...
2026-04-08 13:19:34,128 - INFO - ⌛ aguardando janela de programação de lote de OS...
2026-04-08 13:19:54,719 - INFO - ⌛ aguardando janela de programação de lote de OS...
2026-04-08 13:20:15,236 - INFO - ⌛ aguardando janela de programação de lote de OS...
2026-04-08 13:20:35,750 - INFO - ⌛ aguardando janela de programação de lote de OS...
2026-04-08 13:20:56,294 - INFO - ⌛ aguardando janela de programação de lote de OS...
2026-04-08 13:21:16,821 - INFO - ⌛ aguardando janela de programação de lote de OS...
2026-04-08 13:21:37,360 - INFO - ⌛ aguardando janela de programação de lote de OS...
2026-04-08 13:21:57,914 - INFO - ⌛ aguardando janela de programação de lote de OS...
2026-04-08 13:22:18,414 - INFO - ⌛ aguardando janela de programação de lote de OS...
2026-04-08 13:22:38,973 - INFO - ⌛ aguardando janela de programação de lote de OS...
2026-04-08 13:22:59,578 - INFO - ⌛ aguardando janela de programação de lote de OS...
2026-04-08 13:23:20,135 - INFO - ⌛ aguardando janela de programação de lote de OS...
2026-04-08 13:23:40,720 - INFO - ⌛ aguardando janela de programação de lote de OS...
2026-04-08 13:24:01,241 - INFO - ⌛ aguardando janela de programação de lote de OS...
2026-04-08 13:24:21,749 - INFO - ⌛ aguardando janela de programação de lote de OS...
2026-04-08 13:24:42,306 - INFO - ⌛ aguardando janela de programação de lote de OS...
2026-04-08 13:25:02,822 - INFO - ⌛ aguardando janela de programação de lote de OS...
2026-04-08 13:25:23,368 - INFO - ⌛ aguardando janela de programação de lote de OS...
2026-04-08 13:25:43,914 - INFO - ⌛ aguardando janela de programação de lote de OS...
2026-04-08 13:26:04,440 - INFO - ⌛ aguardando janela de programação de lote de OS...
2026-04-08 13:26:24,942 - INFO - ⌛ aguardando janela de programação de lote de OS...
2026-04-08 13:26:45,473 - INFO - ⌛ aguardando janela de programação de lote de OS...
2026-04-08 13:27:06,012 - INFO - ⌛ aguardando janela de programação de lote de OS...
2026-04-08 13:27:26,544 - INFO - ⌛ aguardando janela de programação de lote de OS...
2026-04-08 13:27:47,086 - INFO - ⌛ aguardando janela de programação de lote de OS...
2026-04-08 13:28:07,626 - INFO - ⌛ aguardando janela de programação de lote de OS...
2026-04-08 13:28:28,167 - INFO - ⌛ aguardando janela de programação de lote de OS...
2026-04-08 13:28:48,713 - INFO - ⌛ aguardando janela de programação de lote de OS...
2026-04-08 13:29:09,260 - INFO - ⌛ aguardando janela de programação de lote de OS...
2026-04-08 13:29:29,795 - INFO - ⌛ aguardando janela de programação de lote de OS...
2026-04-08 13:29:50,336 - INFO - ⌛ aguardando janela de programação de lote de OS...
2026-04-08 13:30:10,926 - INFO - ⌛ aguardando janela de programação de lote de OS...
2026-04-08 13:30:31,502 - INFO - ⌛ aguardando janela de programação de lote de OS...
2026-04-08 13:30:52,051 - INFO - ⌛ aguardando janela de programação de lote de OS...
2026-04-08 13:31:12,552 - INFO - ⌛ aguardando janela de programação de lote de OS...
2026-04-08 13:31:33,062 - INFO - ⌛ aguardando janela de programação de lote de OS...
2026-04-08 13:31:53,551 - INFO - ⌛ aguardando janela de programação de lote de OS...
2026-04-08 13:32:14,039 - INFO - verificando janela oculta
2026-04-08 13:32:34,505 - INFO - ⏱️ Tempo limite atingido. Abortando seleção
2026-04-08 13:32:34,506 - INFO - Capturando print...
2026-04-08 17:53:29,913 - INFO - Data hoje: 08/04/2026
2026-04-08 17:53:29,918 - INFO - Data de referência: 30/04/2026
2026-04-08 17:55:18,710 - INFO - Qtde OS de LINHA VIVA: 781
2026-04-08 17:55:18,710 - INFO - Qtde OS poda de LINHA MORTA: 340
2026-04-08 17:55:18,710 - INFO - Qtde OS estrutural de LINHA MORTA : 17261
2026-04-08 17:55:18,710 - INFO - Qtde OS poda de LINHA MORTA fora carteira: 718
2026-04-08 17:55:18,710 - INFO - Qtde OS para desprogramar: 1287
2026-04-08 17:55:18,711 - INFO - 
 Qtd de lotes de LM: 14
2026-04-08 17:55:18,711 - INFO - 
 Qtd de lotes de LV: 32
2026-04-08 17:55:18,712 - INFO - 
 Qtd de lotes de ESTRUTURAL LM: 691
2026-04-08 17:55:18,712 - INFO - 
 Qtd de lotes de LEVE: 29
2026-04-08 17:55:18,712 - INFO - 
 Qtd de lotes para desprogramar: 52
2026-04-08 17:55:18,712 - INFO - 
=== Iniciando lote 1/14 [LM] ===
2026-04-08 17:55:18,712 - INFO - 
=== abrir_janela_selecao ===
2026-04-08 17:57:42,938 - INFO - Data hoje: 08/04/2026
2026-04-08 17:57:42,938 - INFO - Data de referência: 30/04/2026
2026-04-08 17:58:57,097 - INFO - Qtde OS de LINHA VIVA: 781
2026-04-08 17:58:57,097 - INFO - Qtde OS poda de LINHA MORTA: 340
2026-04-08 17:58:57,097 - INFO - Qtde OS estrutural de LINHA MORTA : 17261
2026-04-08 17:58:57,097 - INFO - Qtde OS poda de LINHA MORTA fora carteira: 718
2026-04-08 17:58:57,097 - INFO - Qtde OS para desprogramar: 1287
2026-04-08 17:58:57,097 - INFO - 
 Qtd de lotes de LM: 14
2026-04-08 17:58:57,097 - INFO - 
 Qtd de lotes de LV: 32
2026-04-08 17:58:57,097 - INFO - 
 Qtd de lotes de ESTRUTURAL LM: 691
2026-04-08 17:58:57,097 - INFO - 
 Qtd de lotes de LEVE: 29
2026-04-08 17:58:57,097 - INFO - 
 Qtd de lotes para desprogramar: 52
2026-04-08 17:58:57,097 - INFO - 
=== Iniciando lote 1/14 [LM] ===
2026-04-08 17:58:57,097 - INFO - 
=== abrir_janela_selecao ===
2026-04-08 17:59:03,419 - INFO - 
=== rotina abrir_selecao_colar_os ===
2026-04-08 17:59:03,548 - INFO - Janela de seleção aberta
2026-04-08 17:59:07,783 - INFO - DEBUG: idx=0, inicio=0, fim=25
2026-04-08 17:59:07,783 - INFO - ✅ 25 OS copiadas para a área de transferência.
2026-04-08 17:59:07,783 - INFO - 📋 Lote 1 copiado.
2026-04-08 17:59:16,114 - INFO - ⌛ Esperando mudança visual...
2026-04-08 17:59:17,116 - INFO - ⌛ Esperando mudança visual...
2026-04-08 17:59:18,137 - INFO - ⌛ Esperando mudança visual...
2026-04-08 17:59:19,160 - INFO - ⌛ Esperando mudança visual...
2026-04-08 17:59:20,176 - INFO - ✅ Tela carregada!
2026-04-08 17:59:24,178 - INFO - 
=== rotina desbloquear_os ===
2026-04-08 17:59:30,648 - INFO - ⌛ Aguardando janela de confirmação de desbloqueio...
2026-04-08 17:59:46,086 - INFO - 🟨 Registros desbloqueados com sucesso
2026-04-08 17:59:50,190 - INFO - 
=== rotina editar_os ===
2026-04-08 17:59:59,633 - INFO - 🟨 OS programadas detectadas
2026-04-08 18:00:02,738 - INFO - ⌛ Aguardando janela de edição de OS...
2026-04-08 18:00:18,211 - INFO - 🟨 Janela de edição de OS detectada
2026-04-08 18:00:39,583 - INFO - 🟨 Janela de edição de habilidade da turma detectada
2026-04-08 18:01:57,891 - INFO - ⌛ Aguardando detecção do campo de caracteristica 'EQUIPE PRÓPRIA OU EPS' ...
2026-04-08 18:02:17,254 - INFO - 🟨 campo de caracteristica 'EQUIPE PRÓPRIA OU EPS detectado
2026-04-08 18:02:39,102 - INFO - ⌛ Aguardando confirmação 4 - editar OS...
2026-04-08 18:02:54,645 - INFO - 🟨 Janela de confirmação 4 de edição de OS detectada
2026-04-08 18:02:58,748 - INFO - 
=== rotina programar_os ===
2026-04-08 18:03:25,334 - INFO - ⌛ Aguardando janela de confirmação de programação de OS...
2026-04-08 18:03:50,842 - INFO - 🟨 Janela de confirmação de programação de OS detectada
2026-04-08 18:04:04,130 - INFO - 🟨 Janela de aviso de edição de OS programadas detectada
2026-04-08 18:04:08,348 - INFO - ⌛ aguardando janela de programação de lote de OS...
2026-04-08 18:04:33,877 - INFO - 🟨 Janela de aviso de substituição de lote de OS detectada
2026-04-08 18:04:41,002 - INFO - ⌛ aguardando janela de programação de lote de OS...
2026-04-08 18:07:40,738 - INFO - Data hoje: 08/04/2026
2026-04-08 18:07:40,740 - INFO - Data de referência: 30/04/2026
2026-04-08 18:08:51,418 - INFO - Qtde OS de LINHA VIVA: 781
2026-04-08 18:08:51,418 - INFO - Qtde OS poda de LINHA MORTA: 340
2026-04-08 18:08:51,418 - INFO - Qtde OS estrutural de LINHA MORTA : 17261
2026-04-08 18:08:51,418 - INFO - Qtde OS poda de LINHA MORTA fora carteira: 718
2026-04-08 18:08:51,418 - INFO - Qtde OS para desprogramar: 1287
2026-04-08 18:08:51,418 - INFO - 
 Qtd de lotes de LM: 14
2026-04-08 18:08:51,418 - INFO - 
 Qtd de lotes de LV: 32
2026-04-08 18:08:51,418 - INFO - 
 Qtd de lotes de ESTRUTURAL LM: 691
2026-04-08 18:08:51,418 - INFO - 
 Qtd de lotes de LEVE: 29
2026-04-08 18:08:51,418 - INFO - 
 Qtd de lotes para desprogramar: 52
2026-04-08 18:08:51,418 - INFO - 
=== Iniciando lote 2/14 [LM] ===
2026-04-08 18:08:51,418 - INFO - 
=== abrir_janela_selecao ===
2026-04-08 18:08:57,764 - INFO - 
=== rotina abrir_selecao_colar_os ===
2026-04-08 18:08:57,841 - INFO - Janela de seleção aberta
2026-04-08 18:09:02,084 - INFO - DEBUG: idx=1, inicio=25, fim=50
2026-04-08 18:09:02,084 - INFO - ✅ 25 OS copiadas para a área de transferência.
2026-04-08 18:09:02,084 - INFO - 📋 Lote 2 copiado.
2026-04-08 18:09:10,422 - INFO - ⌛ Esperando mudança visual...
2026-04-08 18:09:11,433 - INFO - ⌛ Esperando mudança visual...
2026-04-08 18:09:12,462 - INFO - ⌛ Esperando mudança visual...
2026-04-08 18:09:13,470 - INFO - ⌛ Esperando mudança visual...
2026-04-08 18:09:14,486 - INFO - ⌛ Esperando mudança visual...
2026-04-08 18:09:15,526 - INFO - ⌛ Esperando mudança visual...
2026-04-08 18:09:16,532 - INFO - ⌛ Esperando mudança visual...
2026-04-08 18:09:17,548 - INFO - ⌛ Esperando mudança visual...
2026-04-08 18:09:18,560 - INFO - ⌛ Esperando mudança visual...
2026-04-08 18:09:19,585 - INFO - ⌛ Esperando mudança visual...
2026-04-08 18:09:20,601 - INFO - ⌛ Esperando mudança visual...
2026-04-08 18:09:21,616 - INFO - ✅ Tela carregada!
2026-04-08 18:09:25,620 - INFO - 
=== rotina desbloquear_os ===
2026-04-08 18:09:32,114 - INFO - ⌛ Aguardando janela de confirmação de desbloqueio...
2026-04-08 18:09:47,591 - INFO - 🟨 Registros desbloqueados com sucesso
2026-04-08 18:09:51,706 - INFO - 
=== rotina editar_os ===
2026-04-08 18:10:01,132 - INFO - 🟨 OS programadas detectadas
2026-04-08 18:10:04,239 - INFO - ⌛ Aguardando janela de edição de OS...
2026-04-08 18:10:19,714 - INFO - 🟨 Janela de edição de OS detectada
2026-04-08 18:10:41,085 - INFO - 🟨 Janela de edição de habilidade da turma detectada
2026-04-08 18:11:59,401 - INFO - ⌛ Aguardando detecção do campo de caracteristica 'EQUIPE PRÓPRIA OU EPS' ...
2026-04-08 18:12:18,770 - INFO - 🟨 campo de caracteristica 'EQUIPE PRÓPRIA OU EPS detectado
2026-04-08 18:12:40,588 - INFO - ⌛ Aguardando confirmação 4 - editar OS...
2026-04-08 18:12:56,130 - INFO - ⌛ Aguardando confirmação 4 - editar OS...
2026-04-08 18:13:11,656 - INFO - 🟨 Janela de confirmação 4 de edição de OS detectada
2026-04-08 18:13:15,759 - INFO - 
=== rotina programar_os ===
2026-04-08 18:13:42,325 - INFO - ⌛ Aguardando janela de confirmação de programação de OS...
2026-04-08 18:14:07,796 - INFO - 🟨 Janela de confirmação de programação de OS detectada
2026-04-08 18:14:21,055 - INFO - 🟨 Janela de aviso de edição de OS programadas detectada
2026-04-08 18:14:28,287 - INFO - ⌛ aguardando janela de programação de lote de OS...
2026-04-08 18:14:53,789 - INFO - 🟨 Janela de aviso de substituição de lote de OS detectada
2026-04-08 18:15:00,921 - INFO - ⌛ aguardando janela de programação de lote de OS...
2026-04-08 18:15:26,440 - INFO - 🟨 Janela de programação de lote de OS detectada
2026-04-08 18:16:15,985 - INFO - 🟨 Janela de confirmação de programação de lote de OS detectada
2026-04-08 18:16:20,221 - INFO - ⌛ aguardando confirmação final de programação do lote
2026-04-08 18:16:45,773 - INFO - 🟨 programação do lote 2 efetuado com sucesso
2026-04-08 18:16:55,886 - INFO - 
=== Iniciando lote 3/14 [LM] ===
2026-04-08 18:16:55,886 - INFO - 
=== abrir_janela_selecao ===
2026-04-08 18:17:02,192 - INFO - 
=== rotina abrir_selecao_colar_os ===
2026-04-08 18:17:02,247 - INFO - Janela de seleção aberta
2026-04-08 18:17:06,491 - INFO - DEBUG: idx=2, inicio=50, fim=75
2026-04-08 18:17:06,491 - INFO - ✅ 25 OS copiadas para a área de transferência.
2026-04-08 18:17:06,491 - INFO - 📋 Lote 3 copiado.
2026-04-08 18:17:14,814 - INFO - ⌛ Esperando mudança visual...
2026-04-08 18:17:15,834 - INFO - ⌛ Esperando mudança visual...
2026-04-08 18:17:16,849 - INFO - ⌛ Esperando mudança visual...
2026-04-08 18:17:17,864 - INFO - ⌛ Esperando mudança visual...
2026-04-08 18:17:18,881 - INFO - ⌛ Esperando mudança visual...
2026-04-08 18:17:19,896 - INFO - ⌛ Esperando mudança visual...
2026-04-08 18:17:20,912 - INFO - ⌛ Esperando mudança visual...
2026-04-08 18:17:21,927 - INFO - ⌛ Esperando mudança visual...
2026-04-08 18:17:22,943 - INFO - ⌛ Esperando mudança visual...
2026-04-08 18:17:23,959 - INFO - ⌛ Esperando mudança visual...
2026-04-08 18:17:24,974 - INFO - ✅ Tela carregada!
2026-04-08 18:17:28,981 - INFO - 
=== rotina desbloquear_os ===
2026-04-08 18:17:35,438 - INFO - ⌛ Aguardando janela de confirmação de desbloqueio...
2026-04-08 18:17:50,920 - INFO - 🟨 Registros desbloqueados com sucesso
2026-04-08 18:17:55,024 - INFO - 
=== rotina editar_os ===
2026-04-08 18:18:04,421 - INFO - 🟨 OS programadas detectadas
2026-04-08 18:18:07,536 - INFO - ⌛ Aguardando janela de edição de OS...
2026-04-08 18:18:23,010 - INFO - 🟨 Janela de edição de OS detectada
2026-04-08 18:18:44,368 - INFO - 🟨 Janela de edição de habilidade da turma detectada
2026-04-08 18:20:02,684 - INFO - ⌛ Aguardando detecção do campo de caracteristica 'EQUIPE PRÓPRIA OU EPS' ...
2026-04-08 18:20:22,063 - INFO - 🟨 campo de caracteristica 'EQUIPE PRÓPRIA OU EPS detectado
2026-04-08 18:20:43,859 - INFO - ⌛ Aguardando confirmação 4 - editar OS...
2026-04-08 18:20:59,348 - INFO - ⌛ Aguardando confirmação 4 - editar OS...
2026-04-08 18:21:14,851 - INFO - 🟨 Janela de confirmação 4 de edição de OS detectada
2026-04-08 18:21:18,967 - INFO - 
=== rotina programar_os ===
2026-04-08 18:21:45,516 - INFO - ⌛ Aguardando janela de confirmação de programação de OS...
2026-04-08 18:22:10,989 - INFO - 🟨 Janela de confirmação de programação de OS detectada
2026-04-08 18:22:24,248 - INFO - 🟨 Janela de aviso de edição de OS programadas detectada
2026-04-08 18:22:31,464 - INFO - ⌛ aguardando janela de programação de lote de OS...
2026-04-08 18:22:56,969 - INFO - 🟨 Janela de aviso de substituição de lote de OS detectada
2026-04-08 18:23:04,096 - INFO - ⌛ aguardando janela de programação de lote de OS...
2026-04-08 18:23:29,632 - INFO - 🟨 Janela de programação de lote de OS detectada
2026-04-08 18:24:19,147 - INFO - 🟨 Janela de confirmação de programação de lote de OS detectada
2026-04-08 18:24:23,397 - INFO - ⌛ aguardando confirmação final de programação do lote
2026-04-08 18:24:48,967 - INFO - 🟨 programação do lote 3 efetuado com sucesso
2026-04-08 18:24:59,082 - INFO - 
=== Iniciando lote 4/14 [LM] ===
2026-04-08 18:24:59,082 - INFO - 
=== abrir_janela_selecao ===
2026-04-08 18:25:05,396 - INFO - 
=== rotina abrir_selecao_colar_os ===
2026-04-08 18:25:05,495 - INFO - Janela de seleção aberta
2026-04-08 18:25:09,737 - INFO - DEBUG: idx=3, inicio=75, fim=100
2026-04-08 18:25:09,737 - INFO - ✅ 25 OS copiadas para a área de transferência.
2026-04-08 18:25:09,737 - INFO - 📋 Lote 4 copiado.
2026-04-08 18:25:18,056 - INFO - ⌛ Esperando mudança visual...
2026-04-08 18:25:19,077 - INFO - ⌛ Esperando mudança visual...
2026-04-08 18:25:20,091 - INFO - ⌛ Esperando mudança visual...
2026-04-08 18:25:21,106 - INFO - ⌛ Esperando mudança visual...
2026-04-08 18:25:22,122 - INFO - ⌛ Esperando mudança visual...
2026-04-08 18:25:23,137 - INFO - ⌛ Esperando mudança visual...
2026-04-08 18:25:24,153 - INFO - ⌛ Esperando mudança visual...
2026-04-08 18:25:25,169 - INFO - ⌛ Esperando mudança visual...
2026-04-08 18:25:26,186 - INFO - ⌛ Esperando mudança visual...
2026-04-08 18:25:27,200 - INFO - ✅ Tela carregada!
2026-04-08 18:25:31,203 - INFO - 
=== rotina desbloquear_os ===
2026-04-08 18:25:37,701 - INFO - ⌛ Aguardando janela de confirmação de desbloqueio...
2026-04-08 18:25:53,155 - INFO - 🟨 Registros desbloqueados com sucesso
2026-04-08 18:25:57,261 - INFO - 
=== rotina editar_os ===
2026-04-08 18:26:06,729 - INFO - 🟨 OS programadas detectadas
2026-04-08 18:26:09,834 - INFO - ⌛ Aguardando janela de edição de OS...
2026-04-08 18:26:25,417 - INFO - 🟨 Janela de edição de OS detectada
2026-04-08 18:26:46,787 - INFO - 🟨 Janela de edição de habilidade da turma detectada
2026-04-08 18:28:05,081 - INFO - ⌛ Aguardando detecção do campo de caracteristica 'EQUIPE PRÓPRIA OU EPS' ...
2026-04-08 18:28:24,446 - INFO - 🟨 campo de caracteristica 'EQUIPE PRÓPRIA OU EPS detectado
2026-04-08 18:28:46,305 - INFO - ⌛ Aguardando confirmação 4 - editar OS...
2026-04-08 18:29:01,839 - INFO - ⌛ Aguardando confirmação 4 - editar OS...
2026-04-08 18:29:17,299 - INFO - 🟨 Janela de confirmação 4 de edição de OS detectada
2026-04-08 18:29:21,403 - INFO - 
=== rotina programar_os ===
2026-04-08 18:29:47,949 - INFO - ⌛ Aguardando janela de confirmação de programação de OS...
2026-04-08 18:30:13,408 - INFO - 🟨 Janela de confirmação de programação de OS detectada
2026-04-08 18:30:26,691 - INFO - 🟨 Janela de aviso de edição de OS programadas detectada
2026-04-08 18:30:33,908 - INFO - ⌛ aguardando janela de programação de lote de OS...
2026-04-08 18:30:59,481 - INFO - 🟨 Janela de aviso de substituição de lote de OS detectada
2026-04-08 18:31:06,593 - INFO - ⌛ aguardando janela de programação de lote de OS...
2026-04-08 18:31:32,096 - INFO - 🟨 Janela de programação de lote de OS detectada
2026-04-08 18:32:21,635 - INFO - 🟨 Janela de confirmação de programação de lote de OS detectada
2026-04-08 18:32:25,868 - INFO - ⌛ aguardando confirmação final de programação do lote
2026-04-08 18:32:51,354 - INFO - 🟨 programação do lote 4 efetuado com sucesso
2026-04-08 18:33:01,466 - INFO - 
=== Iniciando lote 5/14 [LM] ===
2026-04-08 18:33:01,466 - INFO - 
=== abrir_janela_selecao ===
2026-04-08 18:33:07,774 - INFO - 
=== rotina abrir_selecao_colar_os ===
2026-04-08 18:33:07,831 - INFO - Janela de seleção aberta
2026-04-08 18:33:12,065 - INFO - DEBUG: idx=4, inicio=100, fim=125
2026-04-08 18:33:12,065 - INFO - ✅ 25 OS copiadas para a área de transferência.
2026-04-08 18:33:12,065 - INFO - 📋 Lote 5 copiado.
2026-04-08 18:33:20,393 - INFO - ⌛ Esperando mudança visual...
2026-04-08 18:33:21,418 - INFO - ⌛ Esperando mudança visual...
2026-04-08 18:33:22,433 - INFO - ⌛ Esperando mudança visual...
2026-04-08 18:33:23,449 - INFO - ⌛ Esperando mudança visual...
2026-04-08 18:33:24,467 - INFO - ⌛ Esperando mudança visual...
2026-04-08 18:33:25,480 - INFO - ⌛ Esperando mudança visual...
2026-04-08 18:33:26,496 - INFO - ⌛ Esperando mudança visual...
2026-04-08 18:33:27,512 - INFO - ⌛ Esperando mudança visual...
2026-04-08 18:33:28,527 - INFO - ⌛ Esperando mudança visual...
2026-04-08 18:33:29,544 - INFO - ✅ Tela carregada!
2026-04-08 18:33:33,547 - INFO - 
=== rotina desbloquear_os ===
2026-04-08 18:33:40,019 - INFO - ⌛ Aguardando janela de confirmação de desbloqueio...
2026-04-08 18:33:55,437 - INFO - 🟨 Registros desbloqueados com sucesso
2026-04-08 18:33:59,541 - INFO - 
=== rotina editar_os ===
2026-04-08 18:34:08,969 - INFO - 🟨 OS programadas detectadas
2026-04-08 18:34:12,076 - INFO - ⌛ Aguardando janela de edição de OS...
2026-04-08 18:34:27,513 - INFO - 🟨 Janela de edição de OS detectada
2026-04-08 18:34:48,875 - INFO - 🟨 Janela de edição de habilidade da turma detectada
2026-04-08 18:36:07,196 - INFO - ⌛ Aguardando detecção do campo de caracteristica 'EQUIPE PRÓPRIA OU EPS' ...
2026-04-08 18:36:26,553 - INFO - 🟨 campo de caracteristica 'EQUIPE PRÓPRIA OU EPS detectado
2026-04-08 18:36:48,330 - INFO - ⌛ Aguardando confirmação 4 - editar OS...
2026-04-08 18:37:03,800 - INFO - ⌛ Aguardando confirmação 4 - editar OS...
2026-04-08 18:37:19,305 - INFO - 🟨 Janela de confirmação 4 de edição de OS detectada
2026-04-08 18:37:23,419 - INFO - 
=== rotina programar_os ===
2026-04-08 18:37:49,952 - INFO - ⌛ Aguardando janela de confirmação de programação de OS...
2026-04-08 18:38:15,488 - INFO - 🟨 Janela de confirmação de programação de OS detectada
2026-04-08 18:38:28,766 - INFO - 🟨 Janela de aviso de edição de OS programadas detectada
2026-04-08 18:38:35,984 - INFO - ⌛ aguardando janela de programação de lote de OS...
2026-04-08 18:39:01,496 - INFO - 🟨 Janela de aviso de substituição de lote de OS detectada
2026-04-08 18:39:08,600 - INFO - ⌛ aguardando janela de programação de lote de OS...
2026-04-08 18:39:34,148 - INFO - 🟨 Janela de programação de lote de OS detectada
2026-04-08 18:40:23,699 - INFO - 🟨 Janela de confirmação de programação de lote de OS detectada
2026-04-08 18:40:27,927 - INFO - ⌛ aguardando confirmação final de programação do lote
2026-04-08 18:40:53,399 - INFO - 🟨 programação do lote 5 efetuado com sucesso
2026-04-08 18:41:03,508 - INFO - 
=== Iniciando lote 6/14 [LM] ===
2026-04-08 18:41:03,508 - INFO - 
=== abrir_janela_selecao ===
2026-04-08 18:41:09,817 - INFO - 
=== rotina abrir_selecao_colar_os ===
2026-04-08 18:41:09,874 - INFO - Janela de seleção aberta
2026-04-08 18:41:14,121 - INFO - DEBUG: idx=5, inicio=125, fim=150
2026-04-08 18:41:14,121 - INFO - ✅ 25 OS copiadas para a área de transferência.
2026-04-08 18:41:14,121 - INFO - 📋 Lote 6 copiado.
2026-04-08 18:41:22,445 - INFO - ⌛ Esperando mudança visual...
2026-04-08 18:41:23,461 - INFO - ⌛ Esperando mudança visual...
2026-04-08 18:41:24,476 - INFO - ⌛ Esperando mudança visual...
2026-04-08 18:41:25,492 - INFO - ⌛ Esperando mudança visual...
2026-04-08 18:41:26,509 - INFO - ⌛ Esperando mudança visual...
2026-04-08 18:41:27,524 - INFO - ⌛ Esperando mudança visual...
2026-04-08 18:41:28,541 - INFO - ⌛ Esperando mudança visual...
2026-04-08 18:41:29,555 - INFO - ⌛ Esperando mudança visual...
2026-04-08 18:41:30,570 - INFO - ✅ Tela carregada!
2026-04-08 18:41:34,576 - INFO - 
=== rotina desbloquear_os ===
2026-04-08 18:41:41,060 - INFO - ⌛ Aguardando janela de confirmação de desbloqueio...
2026-04-08 18:41:56,482 - INFO - 🟨 Registros desbloqueados com sucesso
2026-04-08 18:42:00,600 - INFO - 
=== rotina editar_os ===
2026-04-08 18:42:10,008 - INFO - 🟨 OS programadas detectadas
2026-04-08 18:42:13,116 - INFO - ⌛ Aguardando janela de edição de OS...
2026-04-08 18:42:28,565 - INFO - 🟨 Janela de edição de OS detectada
2026-04-08 18:42:49,934 - INFO - 🟨 Janela de edição de habilidade da turma detectada
2026-04-08 18:44:08,257 - INFO - ⌛ Aguardando detecção do campo de caracteristica 'EQUIPE PRÓPRIA OU EPS' ...
2026-04-08 18:44:27,617 - INFO - 🟨 campo de caracteristica 'EQUIPE PRÓPRIA OU EPS detectado
2026-04-08 18:44:49,441 - INFO - ⌛ Aguardando confirmação 4 - editar OS...
2026-04-08 18:45:04,886 - INFO - 🟨 Janela de confirmação 4 de edição de OS detectada
2026-04-08 18:45:08,993 - INFO - 
=== rotina programar_os ===
2026-04-08 18:45:35,548 - INFO - ⌛ Aguardando janela de confirmação de programação de OS...
2026-04-08 18:46:01,057 - INFO - 🟨 Janela de confirmação de programação de OS detectada
2026-04-08 18:46:14,315 - INFO - 🟨 Janela de aviso de edição de OS programadas detectada
2026-04-08 18:46:21,524 - INFO - ⌛ aguardando janela de programação de lote de OS...
2026-04-08 18:46:47,037 - INFO - 🟨 Janela de aviso de substituição de lote de OS detectada
2026-04-08 18:46:54,158 - INFO - ⌛ aguardando janela de programação de lote de OS...
2026-04-08 18:47:19,680 - INFO - 🟨 Janela de programação de lote de OS detectada
2026-04-08 18:48:09,195 - INFO - 🟨 Janela de confirmação de programação de lote de OS detectada
2026-04-08 18:48:13,442 - INFO - ⌛ aguardando confirmação final de programação do lote
2026-04-08 18:48:38,951 - INFO - 🟨 programação do lote 6 efetuado com sucesso
2026-04-08 18:48:49,067 - INFO - 
=== Iniciando lote 7/14 [LM] ===
2026-04-08 18:48:49,067 - INFO - 
=== abrir_janela_selecao ===
2026-04-08 18:48:55,373 - INFO - 
=== rotina abrir_selecao_colar_os ===
2026-04-08 18:48:55,435 - INFO - Janela de seleção aberta
2026-04-08 18:48:59,682 - INFO - DEBUG: idx=6, inicio=150, fim=175
2026-04-08 18:48:59,682 - INFO - ✅ 25 OS copiadas para a área de transferência.
2026-04-08 18:48:59,682 - INFO - 📋 Lote 7 copiado.
2026-04-08 18:49:07,998 - INFO - ⌛ Esperando mudança visual...
2026-04-08 18:49:09,021 - INFO - ⌛ Esperando mudança visual...
2026-04-08 18:49:10,039 - INFO - ⌛ Esperando mudança visual...
2026-04-08 18:49:11,052 - INFO - ⌛ Esperando mudança visual...
2026-04-08 18:49:12,067 - INFO - ⌛ Esperando mudança visual...
2026-04-08 18:49:13,083 - INFO - ⌛ Esperando mudança visual...
2026-04-08 18:49:14,099 - INFO - ⌛ Esperando mudança visual...
2026-04-08 18:49:15,114 - INFO - ⌛ Esperando mudança visual...
2026-04-08 18:49:16,130 - INFO - ⌛ Esperando mudança visual...
2026-04-08 18:49:17,146 - INFO - ✅ Tela carregada!
2026-04-08 18:49:21,151 - INFO - 
=== rotina desbloquear_os ===
2026-04-08 18:49:27,645 - INFO - ⌛ Aguardando janela de confirmação de desbloqueio...
2026-04-08 18:49:43,075 - INFO - 🟨 Registros desbloqueados com sucesso
2026-04-08 18:49:47,178 - INFO - 
=== rotina editar_os ===
2026-04-08 18:49:56,603 - INFO - 🟨 OS programadas detectadas
2026-04-08 18:49:59,708 - INFO - ⌛ Aguardando janela de edição de OS...
2026-04-08 18:50:15,155 - INFO - 🟨 Janela de edição de OS detectada
2026-04-08 18:50:36,521 - INFO - 🟨 Janela de edição de habilidade da turma detectada
2026-04-08 18:51:54,851 - INFO - ⌛ Aguardando detecção do campo de caracteristica 'EQUIPE PRÓPRIA OU EPS' ...
2026-04-08 18:52:14,207 - INFO - 🟨 campo de caracteristica 'EQUIPE PRÓPRIA OU EPS detectado
2026-04-08 18:52:36,019 - INFO - ⌛ Aguardando confirmação 4 - editar OS...
2026-04-08 18:52:51,546 - INFO - ⌛ Aguardando confirmação 4 - editar OS...
2026-04-08 18:53:07,039 - INFO - 🟨 Janela de confirmação 4 de edição de OS detectada
2026-04-08 18:53:11,153 - INFO - 
=== rotina programar_os ===
2026-04-08 18:53:37,695 - INFO - ⌛ Aguardando janela de confirmação de programação de OS...
2026-04-08 18:54:03,178 - INFO - 🟨 Janela de confirmação de programação de OS detectada
2026-04-08 18:54:16,464 - INFO - 🟨 Janela de aviso de edição de OS programadas detectada
2026-04-08 18:54:23,668 - INFO - ⌛ aguardando janela de programação de lote de OS...
2026-04-08 18:54:49,178 - INFO - 🟨 Janela de aviso de substituição de lote de OS detectada
2026-04-08 18:54:56,286 - INFO - ⌛ aguardando janela de programação de lote de OS...
2026-04-08 18:55:21,814 - INFO - 🟨 Janela de programação de lote de OS detectada
2026-04-08 18:56:11,383 - INFO - 🟨 Janela de confirmação de programação de lote de OS detectada
2026-04-08 18:56:15,626 - INFO - ⌛ aguardando confirmação final de programação do lote
2026-04-08 18:56:41,141 - INFO - 🟨 programação do lote 7 efetuado com sucesso
2026-04-08 18:56:51,247 - INFO - 
=== Iniciando lote 8/14 [LM] ===
2026-04-08 18:56:51,247 - INFO - 
=== abrir_janela_selecao ===
2026-04-08 18:56:57,557 - INFO - 
=== rotina abrir_selecao_colar_os ===
2026-04-08 18:56:57,610 - INFO - Janela de seleção aberta
2026-04-08 18:57:01,847 - INFO - DEBUG: idx=7, inicio=175, fim=200
2026-04-08 18:57:01,847 - INFO - ✅ 25 OS copiadas para a área de transferência.
2026-04-08 18:57:01,847 - INFO - 📋 Lote 8 copiado.
2026-04-08 18:57:10,180 - INFO - ⌛ Esperando mudança visual...
2026-04-08 18:57:11,196 - INFO - ⌛ Esperando mudança visual...
2026-04-08 18:57:12,212 - INFO - ⌛ Esperando mudança visual...
2026-04-08 18:57:13,228 - INFO - ⌛ Esperando mudança visual...
2026-04-08 18:57:14,244 - INFO - ⌛ Esperando mudança visual...
2026-04-08 18:57:15,260 - INFO - ⌛ Esperando mudança visual...
2026-04-08 18:57:16,279 - INFO - ⌛ Esperando mudança visual...
2026-04-08 18:57:17,292 - INFO - ⌛ Esperando mudança visual...
2026-04-08 18:57:18,307 - INFO - ✅ Tela carregada!
2026-04-08 18:57:22,311 - INFO - 
=== rotina desbloquear_os ===
2026-04-08 18:57:28,780 - INFO - ⌛ Aguardando janela de confirmação de desbloqueio...
2026-04-08 18:57:44,214 - INFO - 🟨 Registros desbloqueados com sucesso
2026-04-08 18:57:48,323 - INFO - 
=== rotina editar_os ===
2026-04-08 18:57:57,726 - INFO - 🟨 OS programadas detectadas
2026-04-08 18:58:00,843 - INFO - ⌛ Aguardando janela de edição de OS...
2026-04-08 18:58:16,311 - INFO - 🟨 Janela de edição de OS detectada
2026-04-08 18:58:37,667 - INFO - 🟨 Janela de edição de habilidade da turma detectada
2026-04-08 18:59:55,968 - INFO - ⌛ Aguardando detecção do campo de caracteristica 'EQUIPE PRÓPRIA OU EPS' ...
2026-04-08 19:00:15,332 - INFO - 🟨 campo de caracteristica 'EQUIPE PRÓPRIA OU EPS detectado
2026-04-08 19:00:37,157 - INFO - ⌛ Aguardando confirmação 4 - editar OS...
2026-04-08 19:00:52,722 - INFO - ⌛ Aguardando confirmação 4 - editar OS...
2026-04-08 19:01:08,223 - INFO - 🟨 Janela de confirmação 4 de edição de OS detectada
2026-04-08 19:01:12,330 - INFO - 
=== rotina programar_os ===
2026-04-08 19:01:38,885 - INFO - ⌛ Aguardando janela de confirmação de programação de OS...
2026-04-08 19:02:04,373 - INFO - 🟨 Janela de confirmação de programação de OS detectada
2026-04-08 19:02:17,629 - INFO - 🟨 Janela de aviso de edição de OS programadas detectada
2026-04-08 19:02:24,863 - INFO - ⌛ aguardando janela de programação de lote de OS...
2026-04-08 19:02:50,375 - INFO - 🟨 Janela de aviso de substituição de lote de OS detectada
2026-04-08 19:02:57,479 - INFO - ⌛ aguardando janela de programação de lote de OS...
2026-04-08 19:03:22,990 - INFO - 🟨 Janela de programação de lote de OS detectada
2026-04-08 19:04:12,524 - INFO - 🟨 Janela de confirmação de programação de lote de OS detectada
2026-04-08 19:04:16,762 - INFO - ⌛ aguardando confirmação final de programação do lote
2026-04-08 19:04:42,254 - INFO - 🟨 programação do lote 8 efetuado com sucesso
2026-04-08 19:04:52,374 - INFO - 
=== Iniciando lote 9/14 [LM] ===
2026-04-08 19:04:52,374 - INFO - 
=== abrir_janela_selecao ===
2026-04-08 19:04:58,680 - INFO - 
=== rotina abrir_selecao_colar_os ===
2026-04-08 19:04:58,737 - INFO - Janela de seleção aberta
2026-04-08 19:05:02,998 - INFO - DEBUG: idx=8, inicio=200, fim=225
2026-04-08 19:05:02,998 - INFO - ✅ 25 OS copiadas para a área de transferência.
2026-04-08 19:05:02,998 - INFO - 📋 Lote 9 copiado.
2026-04-08 19:05:11,328 - INFO - ⌛ Esperando mudança visual...
2026-04-08 19:05:12,341 - INFO - ⌛ Esperando mudança visual...
2026-04-08 19:05:13,357 - INFO - ⌛ Esperando mudança visual...
2026-04-08 19:05:14,372 - INFO - ⌛ Esperando mudança visual...
2026-04-08 19:05:15,388 - INFO - ⌛ Esperando mudança visual...
2026-04-08 19:05:16,404 - INFO - ⌛ Esperando mudança visual...
2026-04-08 19:05:17,419 - INFO - ⌛ Esperando mudança visual...
2026-04-08 19:05:18,434 - INFO - ⌛ Esperando mudança visual...
2026-04-08 19:05:19,450 - INFO - ⌛ Esperando mudança visual...
2026-04-08 19:05:20,466 - INFO - ✅ Tela carregada!
2026-04-08 19:05:24,472 - INFO - 
=== rotina desbloquear_os ===
2026-04-08 19:05:30,945 - INFO - ⌛ Aguardando janela de confirmação de desbloqueio...
2026-04-08 19:05:46,395 - INFO - 🟨 Registros desbloqueados com sucesso
2026-04-08 19:05:50,500 - INFO - 
=== rotina editar_os ===
2026-04-08 19:05:59,907 - INFO - 🟨 OS programadas detectadas
2026-04-08 19:06:03,016 - INFO - ⌛ Aguardando janela de edição de OS...
2026-04-08 19:06:18,470 - INFO - 🟨 Janela de edição de OS detectada
2026-04-08 19:06:39,832 - INFO - 🟨 Janela de edição de habilidade da turma detectada
2026-04-08 19:07:58,154 - INFO - ⌛ Aguardando detecção do campo de caracteristica 'EQUIPE PRÓPRIA OU EPS' ...
2026-04-08 19:08:17,514 - INFO - 🟨 campo de caracteristica 'EQUIPE PRÓPRIA OU EPS detectado
2026-04-08 19:08:39,301 - INFO - ⌛ Aguardando confirmação 4 - editar OS...
2026-04-08 19:08:54,765 - INFO - ⌛ Aguardando confirmação 4 - editar OS...
2026-04-08 19:09:10,245 - INFO - 🟨 Janela de confirmação 4 de edição de OS detectada
2026-04-08 19:09:14,359 - INFO - 
=== rotina programar_os ===
2026-04-08 19:09:40,872 - INFO - ⌛ Aguardando janela de confirmação de programação de OS...
2026-04-08 19:10:06,295 - INFO - 🟨 Janela de confirmação de programação de OS detectada
2026-04-08 19:10:19,543 - INFO - 🟨 Janela de aviso de edição de OS programadas detectada
2026-04-08 19:10:26,751 - INFO - ⌛ aguardando janela de programação de lote de OS...
2026-04-08 19:10:52,238 - INFO - 🟨 Janela de aviso de substituição de lote de OS detectada
2026-04-08 19:10:59,350 - INFO - ⌛ aguardando janela de programação de lote de OS...
2026-04-08 19:11:24,818 - INFO - 🟨 Janela de programação de lote de OS detectada
2026-04-08 19:12:14,346 - INFO - 🟨 Janela de confirmação de programação de lote de OS detectada
2026-04-08 19:12:18,535 - INFO - ⌛ aguardando confirmação final de programação do lote
2026-04-08 19:12:43,989 - INFO - 🟨 programação do lote 9 efetuado com sucesso
2026-04-08 19:12:54,095 - INFO - 
=== Iniciando lote 10/14 [LM] ===
2026-04-08 19:12:54,095 - INFO - 
=== abrir_janela_selecao ===
2026-04-08 19:13:00,404 - INFO - 
=== rotina abrir_selecao_colar_os ===
2026-04-08 19:13:00,465 - INFO - Janela de seleção aberta
2026-04-08 19:13:04,708 - INFO - DEBUG: idx=9, inicio=225, fim=250
2026-04-08 19:13:04,708 - INFO - ✅ 25 OS copiadas para a área de transferência.
2026-04-08 19:13:04,708 - INFO - 📋 Lote 10 copiado.
2026-04-08 19:13:13,034 - INFO - ⌛ Esperando mudança visual...
2026-04-08 19:13:14,052 - INFO - ⌛ Esperando mudança visual...
2026-04-08 19:13:15,067 - INFO - ⌛ Esperando mudança visual...
2026-04-08 19:13:16,083 - INFO - ⌛ Esperando mudança visual...
2026-04-08 19:13:17,099 - INFO - ⌛ Esperando mudança visual...
2026-04-08 19:13:18,114 - INFO - ⌛ Esperando mudança visual...
2026-04-08 19:13:19,130 - INFO - ⌛ Esperando mudança visual...
2026-04-08 19:13:20,146 - INFO - ⌛ Esperando mudança visual...
2026-04-08 19:13:21,161 - INFO - ⌛ Esperando mudança visual...
2026-04-08 19:13:22,177 - INFO - ✅ Tela carregada!
2026-04-08 19:13:26,183 - INFO - 
=== rotina desbloquear_os ===
2026-04-08 19:13:32,635 - INFO - ⌛ Aguardando janela de confirmação de desbloqueio...
2026-04-08 19:13:48,087 - INFO - 🟨 Registros desbloqueados com sucesso
2026-04-08 19:13:52,194 - INFO - 
=== rotina editar_os ===
2026-04-08 19:14:01,596 - INFO - ⌛ Aguardando janela de edição de OS...
2026-04-08 19:14:17,068 - INFO - 🟨 OS programadas detectadas
2026-04-08 19:14:20,183 - INFO - ⌛ Aguardando janela de edição de OS...
2026-04-08 19:14:35,600 - INFO - 🟨 Janela de edição de OS detectada
2026-04-08 19:14:56,964 - INFO - 🟨 Janela de edição de habilidade da turma detectada
2026-04-08 19:16:15,281 - INFO - ⌛ Aguardando detecção do campo de caracteristica 'EQUIPE PRÓPRIA OU EPS' ...
2026-04-08 19:16:34,643 - INFO - 🟨 campo de caracteristica 'EQUIPE PRÓPRIA OU EPS detectado
2026-04-08 19:16:56,409 - INFO - ⌛ Aguardando confirmação 4 - editar OS...
2026-04-08 19:17:11,860 - INFO - ⌛ Aguardando confirmação 4 - editar OS...
2026-04-08 19:17:27,295 - INFO - ⌛ Aguardando confirmação 4 - editar OS...
2026-04-08 19:17:42,737 - INFO - 🟨 Janela de confirmação 4 de edição de OS detectada
2026-04-08 19:17:46,849 - INFO - 
=== rotina programar_os ===
2026-04-08 19:18:13,352 - INFO - ⌛ Aguardando janela de confirmação de programação de OS...
2026-04-08 19:18:38,798 - INFO - 🟨 Janela de confirmação de programação de OS detectada
2026-04-08 19:18:52,048 - INFO - 🟨 Janela de aviso de edição de OS programadas detectada
2026-04-08 19:18:59,265 - INFO - ⌛ aguardando janela de programação de lote de OS...
2026-04-08 19:19:24,759 - INFO - 🟨 Janela de aviso de substituição de lote de OS detectada
2026-04-08 19:19:31,864 - INFO - ⌛ aguardando janela de programação de lote de OS...
2026-04-08 19:19:57,346 - INFO - 🟨 Janela de programação de lote de OS detectada
2026-04-08 19:20:46,831 - INFO - 🟨 Janela de confirmação de programação de lote de OS detectada
2026-04-08 19:20:51,015 - INFO - ⌛ aguardando confirmação final de programação do lote
2026-04-08 19:21:16,468 - INFO - 🟨 programação do lote 10 efetuado com sucesso
2026-04-08 19:21:26,576 - INFO - 
=== Iniciando lote 11/14 [LM] ===
2026-04-08 19:21:26,576 - INFO - 
=== abrir_janela_selecao ===
2026-04-08 19:21:32,891 - INFO - 
=== rotina abrir_selecao_colar_os ===
2026-04-08 19:21:32,945 - INFO - Janela de seleção aberta
2026-04-08 19:21:37,228 - INFO - DEBUG: idx=10, inicio=250, fim=275
2026-04-08 19:21:37,228 - INFO - ✅ 25 OS copiadas para a área de transferência.
2026-04-08 19:21:37,228 - INFO - 📋 Lote 11 copiado.
2026-04-08 19:21:45,558 - INFO - ⌛ Esperando mudança visual...
2026-04-08 19:21:46,581 - INFO - ⌛ Esperando mudança visual...
2026-04-08 19:21:47,600 - INFO - ⌛ Esperando mudança visual...
2026-04-08 19:21:48,613 - INFO - ⌛ Esperando mudança visual...
2026-04-08 19:21:49,628 - INFO - ⌛ Esperando mudança visual...
2026-04-08 19:21:50,644 - INFO - ⌛ Esperando mudança visual...
2026-04-08 19:21:51,660 - INFO - ⌛ Esperando mudança visual...
2026-04-08 19:21:52,676 - INFO - ⌛ Esperando mudança visual...
2026-04-08 19:21:53,691 - INFO - ⌛ Esperando mudança visual...
2026-04-08 19:21:54,707 - INFO - ✅ Tela carregada!
2026-04-08 19:21:58,711 - INFO - 
=== rotina desbloquear_os ===
2026-04-08 19:22:05,193 - INFO - ⌛ Aguardando janela de confirmação de desbloqueio...
2026-04-08 19:22:20,604 - INFO - 🟨 Registros desbloqueados com sucesso
2026-04-08 19:22:24,720 - INFO - 
=== rotina editar_os ===
2026-04-08 19:22:34,151 - INFO - 🟨 OS programadas detectadas
2026-04-08 19:22:37,268 - INFO - ⌛ Aguardando janela de edição de OS...
2026-04-08 19:22:52,796 - INFO - 🟨 Janela de edição de OS detectada
2026-04-08 19:23:14,155 - INFO - 🟨 Janela de edição de habilidade da turma detectada
2026-04-08 19:24:32,452 - INFO - ⌛ Aguardando detecção do campo de caracteristica 'EQUIPE PRÓPRIA OU EPS' ...
2026-04-08 19:24:51,828 - INFO - 🟨 campo de caracteristica 'EQUIPE PRÓPRIA OU EPS detectado
2026-04-08 19:25:13,617 - INFO - ⌛ Aguardando confirmação 4 - editar OS...
2026-04-08 19:25:29,084 - INFO - ⌛ Aguardando confirmação 4 - editar OS...
2026-04-08 19:25:44,657 - INFO - 🟨 Janela de confirmação 4 de edição de OS detectada
2026-04-08 19:25:48,764 - INFO - 
=== rotina programar_os ===
2026-04-08 19:26:15,284 - INFO - ⌛ Aguardando janela de confirmação de programação de OS...
2026-04-08 19:26:40,767 - INFO - 🟨 Janela de confirmação de programação de OS detectada
2026-04-08 19:26:54,045 - INFO - 🟨 Janela de aviso de edição de OS programadas detectada
2026-04-08 19:27:01,263 - INFO - ⌛ aguardando janela de programação de lote de OS...
2026-04-08 19:27:26,785 - INFO - 🟨 Janela de aviso de substituição de lote de OS detectada
2026-04-08 19:27:33,896 - INFO - ⌛ aguardando janela de programação de lote de OS...
2026-04-08 19:27:59,409 - INFO - 🟨 Janela de programação de lote de OS detectada
2026-04-08 19:28:48,926 - INFO - 🟨 Janela de confirmação de programação de lote de OS detectada
2026-04-08 19:28:53,179 - INFO - ⌛ aguardando confirmação final de programação do lote
2026-04-08 19:29:18,685 - INFO - 🟨 programação do lote 11 efetuado com sucesso
2026-04-08 19:29:28,794 - INFO - 
=== Iniciando lote 12/14 [LM] ===
2026-04-08 19:29:28,794 - INFO - 
=== abrir_janela_selecao ===
2026-04-08 19:29:35,103 - INFO - 
=== rotina abrir_selecao_colar_os ===
2026-04-08 19:29:35,179 - INFO - Janela de seleção aberta
2026-04-08 19:29:39,417 - INFO - DEBUG: idx=11, inicio=275, fim=300
2026-04-08 19:29:39,417 - INFO - ✅ 25 OS copiadas para a área de transferência.
2026-04-08 19:29:39,417 - INFO - 📋 Lote 12 copiado.
2026-04-08 19:29:47,738 - INFO - ⌛ Esperando mudança visual...
2026-04-08 19:29:48,758 - INFO - ⌛ Esperando mudança visual...
2026-04-08 19:29:49,774 - INFO - ⌛ Esperando mudança visual...
2026-04-08 19:29:50,790 - INFO - ⌛ Esperando mudança visual...
2026-04-08 19:29:51,805 - INFO - ⌛ Esperando mudança visual...
2026-04-08 19:29:52,821 - INFO - ⌛ Esperando mudança visual...
2026-04-08 19:29:53,837 - INFO - ⌛ Esperando mudança visual...
2026-04-08 19:29:54,852 - INFO - ⌛ Esperando mudança visual...
2026-04-08 19:29:55,870 - INFO - ⌛ Esperando mudança visual...
2026-04-08 19:29:56,884 - INFO - ✅ Tela carregada!
2026-04-08 19:30:00,889 - INFO - 
=== rotina desbloquear_os ===
2026-04-08 19:30:07,390 - INFO - ⌛ Aguardando janela de confirmação de desbloqueio...
2026-04-08 19:30:22,896 - INFO - 🟨 Registros desbloqueados com sucesso
2026-04-08 19:30:26,999 - INFO - 
=== rotina editar_os ===
2026-04-08 19:30:36,409 - INFO - ⌛ Aguardando janela de edição de OS...
2026-04-08 19:30:51,891 - INFO - 🟨 OS programadas detectadas
2026-04-08 19:30:54,997 - INFO - ⌛ Aguardando janela de edição de OS...
2026-04-08 19:31:10,454 - INFO - 🟨 Janela de edição de OS detectada
2026-04-08 19:31:31,802 - INFO - 🟨 Janela de edição de habilidade da turma detectada
2026-04-08 19:32:50,123 - INFO - ⌛ Aguardando detecção do campo de caracteristica 'EQUIPE PRÓPRIA OU EPS' ...
2026-04-08 19:33:09,489 - INFO - 🟨 campo de caracteristica 'EQUIPE PRÓPRIA OU EPS detectado
2026-04-08 19:33:31,283 - INFO - ⌛ Aguardando confirmação 4 - editar OS...
2026-04-08 19:33:46,766 - INFO - ⌛ Aguardando confirmação 4 - editar OS...
2026-04-08 19:34:02,307 - INFO - ⌛ Aguardando confirmação 4 - editar OS...
2026-04-08 19:34:17,822 - INFO - 🟨 Janela de confirmação 4 de edição de OS detectada
2026-04-08 19:34:21,927 - INFO - 
=== rotina programar_os ===
2026-04-08 19:34:48,495 - INFO - ⌛ Aguardando janela de confirmação de programação de OS...
2026-04-08 19:35:13,967 - INFO - 🟨 Janela de confirmação de programação de OS detectada
2026-04-08 19:35:27,237 - INFO - 🟨 Janela de aviso de edição de OS programadas detectada
2026-04-08 19:35:34,472 - INFO - ⌛ aguardando janela de programação de lote de OS...
2026-04-08 19:35:59,991 - INFO - 🟨 Janela de aviso de substituição de lote de OS detectada
2026-04-08 19:36:07,094 - INFO - ⌛ aguardando janela de programação de lote de OS...
2026-04-08 19:36:32,612 - INFO - 🟨 Janela de aviso de substituição de lote de OS detectada
2026-04-08 19:36:39,744 - INFO - ⌛ aguardando janela de programação de lote de OS...
2026-04-08 19:36:39,971 - INFO - 🟨 Identificado travamento no EQM, reiniciando contador de espera
2026-04-08 19:37:05,267 - INFO - ⌛ aguardando janela de programação de lote de OS...
2026-04-08 19:37:30,791 - INFO - ⌛ aguardando janela de programação de lote de OS...
2026-04-08 19:37:56,324 - INFO - ⌛ aguardando janela de programação de lote de OS...
2026-04-08 19:38:21,832 - INFO - ⌛ aguardando janela de programação de lote de OS...
2026-04-08 19:38:47,358 - INFO - ⌛ aguardando janela de programação de lote de OS...
2026-04-08 19:39:12,856 - INFO - ⌛ aguardando janela de programação de lote de OS...
2026-04-08 19:39:38,379 - INFO - ⌛ aguardando janela de programação de lote de OS...
2026-04-08 19:40:03,900 - INFO - ⌛ aguardando janela de programação de lote de OS...
2026-04-08 19:40:29,415 - INFO - ⌛ aguardando janela de programação de lote de OS...
2026-04-08 19:40:54,920 - INFO - ⌛ aguardando janela de programação de lote de OS...
2026-04-08 19:41:20,442 - INFO - ⌛ aguardando janela de programação de lote de OS...
2026-04-08 19:41:45,945 - INFO - ⌛ aguardando janela de programação de lote de OS...
2026-04-08 19:42:11,470 - INFO - ⌛ aguardando janela de programação de lote de OS...
2026-04-08 19:42:37,015 - INFO - ⌛ aguardando janela de programação de lote de OS...
2026-04-08 19:43:02,597 - INFO - ⌛ aguardando janela de programação de lote de OS...
2026-04-08 19:43:28,106 - INFO - ⌛ aguardando janela de programação de lote de OS...
2026-04-08 19:43:53,685 - INFO - ⌛ aguardando janela de programação de lote de OS...
2026-04-08 19:44:19,250 - INFO - ⌛ aguardando janela de programação de lote de OS...
2026-04-08 19:44:44,745 - INFO - ⌛ aguardando janela de programação de lote de OS...
2026-04-08 19:45:10,262 - INFO - ⌛ aguardando janela de programação de lote de OS...
2026-04-08 19:45:35,749 - INFO - ⌛ aguardando janela de programação de lote de OS...
2026-04-08 19:46:01,222 - INFO - ⌛ aguardando janela de programação de lote de OS...
2026-04-08 19:46:26,704 - INFO - ⌛ aguardando janela de programação de lote de OS...
2026-04-08 19:46:52,172 - INFO - ⌛ aguardando janela de programação de lote de OS...
2026-04-08 19:47:17,660 - INFO - ⌛ aguardando janela de programação de lote de OS...
2026-04-08 19:47:43,148 - INFO - ⌛ aguardando janela de programação de lote de OS...
2026-04-08 19:48:08,678 - INFO - ⌛ aguardando janela de programação de lote de OS...
2026-04-08 19:48:34,276 - INFO - ⌛ aguardando janela de programação de lote de OS...
2026-04-08 19:48:59,764 - INFO - ⌛ aguardando janela de programação de lote de OS...
2026-04-08 19:49:25,334 - INFO - ⌛ aguardando janela de programação de lote de OS...
2026-04-08 19:49:50,872 - INFO - ⌛ aguardando janela de programação de lote de OS...
2026-04-08 19:50:16,416 - INFO - ⌛ aguardando janela de programação de lote de OS...
2026-04-08 19:50:41,938 - INFO - ⌛ aguardando janela de programação de lote de OS...
2026-04-08 19:51:07,444 - INFO - ⌛ aguardando janela de programação de lote de OS...
2026-04-08 19:51:32,972 - INFO - ⌛ aguardando janela de programação de lote de OS...
2026-04-08 19:51:58,467 - INFO - ⌛ aguardando janela de programação de lote de OS...
2026-04-08 19:52:23,971 - INFO - ⌛ aguardando janela de programação de lote de OS...
2026-04-08 19:52:49,453 - INFO - ⌛ aguardando janela de programação de lote de OS...
2026-04-08 19:53:14,955 - INFO - ⌛ aguardando janela de programação de lote de OS...
2026-04-08 19:53:40,462 - INFO - ⌛ aguardando janela de programação de lote de OS...
2026-04-08 19:54:05,979 - INFO - ⌛ aguardando janela de programação de lote de OS...
2026-04-08 19:54:31,491 - INFO - ⌛ aguardando janela de programação de lote de OS...
2026-04-08 19:54:56,999 - INFO - ⌛ aguardando janela de programação de lote de OS...
2026-04-08 19:55:22,510 - INFO - ⌛ aguardando janela de programação de lote de OS...
2026-04-08 19:55:48,057 - INFO - ⌛ aguardando janela de programação de lote de OS...
2026-04-08 19:56:13,583 - INFO - ⌛ aguardando janela de programação de lote de OS...
2026-04-08 19:56:39,101 - INFO - ⌛ aguardando janela de programação de lote de OS...
2026-04-08 19:57:04,618 - INFO - ⌛ aguardando janela de programação de lote de OS...
2026-04-08 19:57:30,138 - INFO - ⌛ aguardando janela de programação de lote de OS...
2026-04-08 19:57:55,662 - INFO - ⌛ aguardando janela de programação de lote de OS...
2026-04-08 19:58:21,173 - INFO - ⌛ aguardando janela de programação de lote de OS...
2026-04-08 19:58:46,680 - INFO - ⌛ aguardando janela de programação de lote de OS...
2026-04-08 19:59:12,209 - INFO - ⌛ aguardando janela de programação de lote de OS...
2026-04-08 19:59:37,729 - INFO - ⌛ aguardando janela de programação de lote de OS...
2026-04-08 20:00:03,267 - INFO - ⌛ aguardando janela de programação de lote de OS...
2026-04-08 20:00:28,815 - INFO - ⌛ aguardando janela de programação de lote de OS...
2026-04-08 20:00:54,351 - INFO - ⌛ aguardando janela de programação de lote de OS...
2026-04-08 20:01:19,846 - INFO - ⌛ aguardando janela de programação de lote de OS...
2026-04-08 20:01:45,343 - INFO - ⌛ aguardando janela de programação de lote de OS...
2026-04-08 20:02:10,887 - INFO - ⌛ aguardando janela de programação de lote de OS...
2026-04-08 20:02:36,498 - INFO - ⌛ aguardando janela de programação de lote de OS...
2026-04-08 20:03:02,059 - INFO - ⌛ aguardando janela de programação de lote de OS...
2026-04-08 20:03:27,580 - INFO - ⌛ aguardando janela de programação de lote de OS...
2026-04-08 20:03:53,177 - INFO - ⌛ aguardando janela de programação de lote de OS...
2026-04-08 20:04:18,660 - INFO - ⌛ aguardando janela de programação de lote de OS...
2026-04-08 20:04:44,141 - INFO - ⌛ aguardando janela de programação de lote de OS...
2026-04-08 20:05:09,674 - INFO - ⌛ aguardando janela de programação de lote de OS...
2026-04-08 20:05:35,185 - INFO - verificando janela oculta
2026-04-08 20:05:55,664 - INFO - ⏱️ Tempo limite atingido. Abortando seleção
2026-04-08 20:05:55,664 - INFO - Capturando print...
