2026-01-14 11:28:39,935 - INFO - Data hoje: 14/01/2026
2026-01-14 11:28:39,935 - INFO - Data de referência: 31/01/2026
2026-01-14 11:28:45,292 - INFO - 
Qtde LINHA VIVA: 1872
2026-01-14 11:28:45,292 - INFO - Qtde LINHA MORTA/PESADA/FAIXA: 108
2026-01-14 11:28:46,148 - INFO - 
Arquivo gerado: C:\Users\U469784\venvs\py311\bot_programacao\EXCEL\pendentes_20260114.xlsx
2026-01-14 11:28:46,467 - INFO - 
 Qtd de lotes de LM: 5
2026-01-14 11:28:46,482 - INFO - 
 Qtd de lotes de LV: 75
2026-01-14 11:28:46,482 - INFO - 
=== Iniciando lote 1/5 [LM] ===
2026-01-14 11:29:52,552 - INFO - Data hoje: 14/01/2026
2026-01-14 11:29:52,555 - INFO - Data de referência: 31/01/2026
2026-01-14 11:30:06,219 - INFO - Data hoje: 14/01/2026
2026-01-14 11:30:06,219 - INFO - Data de referência: 31/01/2026
2026-01-14 11:30:08,355 - INFO - 
Qtde LINHA VIVA: 1872
2026-01-14 11:30:08,355 - INFO - Qtde LINHA MORTA/PESADA/FAIXA: 108
2026-01-14 11:30:09,020 - INFO - 
Arquivo gerado: C:\Users\U469784\venvs\py311\bot_programacao\EXCEL\pendentes_20260114.xlsx
2026-01-14 11:30:09,289 - INFO - 
 Qtd de lotes de LM: 5
2026-01-14 11:30:09,289 - INFO - 
 Qtd de lotes de LV: 75
2026-01-14 11:30:09,289 - INFO - 
=== Iniciando lote 1/5 [LM] ===
2026-01-14 11:57:24,205 - INFO - Data hoje: 14/01/2026
2026-01-14 11:57:24,205 - INFO - Data de referência: 31/01/2026
2026-01-14 11:57:34,055 - INFO - 
Qtde LINHA VIVA: 1872
2026-01-14 11:57:34,055 - INFO - Qtde LINHA MORTA/PESADA/FAIXA: 108
2026-01-14 11:57:34,734 - INFO - 
Arquivo gerado: C:\Users\U469784\venvs\py311\bot_programacao\EXCEL\pendentes_20260114.xlsx
2026-01-14 11:57:34,966 - INFO - 
 Qtd de lotes de LM: 5
2026-01-14 11:57:34,966 - INFO - 
 Qtd de lotes de LV: 75
2026-01-14 11:57:34,982 - INFO - 
=== Iniciando lote 1/5 [LM] ===
2026-01-14 11:58:51,495 - INFO - Data hoje: 14/01/2026
2026-01-14 11:58:51,495 - INFO - Data de referência: 31/01/2026
2026-01-14 11:58:58,137 - INFO - 
Qtde LINHA VIVA: 1872
2026-01-14 11:58:58,137 - INFO - Qtde LINHA MORTA/PESADA/FAIXA: 108
2026-01-14 11:58:58,812 - INFO - 
Arquivo gerado: C:\Users\U469784\venvs\py311\bot_programacao\EXCEL\pendentes_20260114.xlsx
2026-01-14 11:58:59,065 - INFO - 
 Qtd de lotes de LM: 5
2026-01-14 11:58:59,065 - INFO - 
 Qtd de lotes de LV: 75
2026-01-14 11:58:59,065 - INFO - 
=== Iniciando lote 1/5 [LM] ===
2026-01-14 11:59:05,450 - INFO - Janela de seleção aberta
2026-01-14 11:59:09,713 - INFO - DEBUG: idx=0, inicio=0, fim=25
2026-01-14 11:59:09,713 - INFO - ✅ 25 OS copiadas para a área de transferência.
2026-01-14 11:59:09,713 - INFO - 📋 Lote 1 copiado.
2026-01-14 11:59:18,059 - INFO - ⌛ Esperando mudança visual...
2026-01-14 11:59:19,085 - INFO - ⌛ Esperando mudança visual...
2026-01-14 11:59:20,100 - INFO - ✅ Tela carregada!
2026-01-14 11:59:30,624 - INFO - ⌛ Aguardando janela de confirmação de desbloqueio...
2026-01-14 11:59:50,962 - INFO - 🟨 Registros desbloqueados com sucesso
2026-01-14 12:00:04,549 - INFO - ⌛ Aguardando janela de edição de OS...
2026-01-14 12:00:34,960 - INFO - 🟨 OS programadas detectadas
2026-01-14 12:00:38,123 - INFO - ⌛ Aguardando janela de edição de OS...
2026-01-14 12:01:08,521 - INFO - 🟨 Janela de edição de OS detectada
2026-01-14 12:01:29,888 - INFO - 🟨 Janela de edição de habilidade da turma detectada
2026-01-14 12:02:15,247 - INFO - ⌛ Aguardando detecção do campo de caracteristica 'EQUIPE PRÓPRIA OU EPS' ...
2026-01-14 12:02:47,509 - INFO - ⌛ Aguardando detecção do campo de caracteristica 'EQUIPE PRÓPRIA OU EPS' ...
2026-01-14 12:03:19,785 - INFO - 🟨 campo de caracteristica 'EQUIPE PRÓPRIA OU EPS detectado
2026-01-14 12:03:41,540 - INFO - ⌛ Aguardando confirmação 4 - editar OS...
2026-01-14 12:04:52,516 - INFO - ⌛ Aguardando janela de confirmação de programação de OS...
2026-01-14 12:05:12,865 - INFO - 🟨 Janela de confirmação de programação de OS detectada
2026-01-14 12:05:16,171 - INFO - ⌛ aguardando janela de programação de lote de OS...
2026-01-14 12:05:36,625 - INFO - 🟨 Janela de aviso de edição de OS programadas detectada
2026-01-14 12:05:40,886 - INFO - ⌛ aguardando janela de programação de lote de OS...
2026-01-14 12:06:01,307 - INFO - 🟨 Janela de aviso de substituição de lote de OS detectada
2026-01-14 12:06:07,568 - INFO - ⌛ aguardando janela de programação de lote de OS...
2026-01-14 12:06:28,023 - INFO - 🟨 Janela de programação de lote de OS detectada
2026-01-14 12:06:55,476 - INFO - ⌛ aguardando janela de confirmação de programação de lote de OS...
2026-01-14 12:07:15,792 - INFO - 🟨 Janela de confirmação de programação de lote de OS detectada
2026-01-14 12:07:20,055 - INFO - ⌛ aguardando confirmação final de programação do lote
2026-01-14 12:07:40,481 - INFO - 🟨 programação do lote 1 efetuado com sucesso
2026-01-14 12:07:50,652 - INFO - 
=== Iniciando lote 2/5 [LM] ===
2026-01-14 12:07:57,010 - INFO - Janela de seleção aberta
2026-01-14 12:08:01,244 - INFO - DEBUG: idx=1, inicio=25, fim=50
2026-01-14 12:08:01,244 - INFO - ✅ 25 OS copiadas para a área de transferência.
2026-01-14 12:08:01,244 - INFO - 📋 Lote 2 copiado.
2026-01-14 12:08:09,576 - INFO - ⌛ Esperando mudança visual...
2026-01-14 12:08:10,591 - INFO - ⌛ Esperando mudança visual...
2026-01-14 12:08:11,608 - INFO - ⌛ Esperando mudança visual...
2026-01-14 12:08:12,623 - INFO - ⌛ Esperando mudança visual...
2026-01-14 12:08:13,627 - INFO - ⌛ Esperando mudança visual...
2026-01-14 12:08:14,637 - INFO - ⌛ Esperando mudança visual...
2026-01-14 12:08:15,653 - INFO - ⌛ Esperando mudança visual...
2026-01-14 12:08:16,656 - INFO - ⌛ Esperando mudança visual...
2026-01-14 12:08:17,668 - INFO - ⌛ Esperando mudança visual...
2026-01-14 12:08:18,697 - INFO - ⌛ Esperando mudança visual...
2026-01-14 12:08:19,716 - INFO - ✅ Tela carregada!
2026-01-14 12:08:30,175 - INFO - ⌛ Aguardando janela de confirmação de desbloqueio...
2026-01-14 12:08:50,549 - INFO - 🟨 Registros desbloqueados com sucesso
2026-01-14 12:09:04,130 - INFO - ⌛ Aguardando janela de edição de OS...
2026-01-14 12:09:34,531 - INFO - 🟨 OS programadas detectadas
2026-01-14 12:09:37,684 - INFO - ⌛ Aguardando janela de edição de OS...
2026-01-14 12:10:08,082 - INFO - 🟨 Janela de edição de OS detectada
2026-01-14 12:10:29,444 - INFO - 🟨 Janela de edição de habilidade da turma detectada
2026-01-14 12:11:14,756 - INFO - ⌛ Aguardando detecção do campo de caracteristica 'EQUIPE PRÓPRIA OU EPS' ...
2026-01-14 12:11:47,011 - INFO - ⌛ Aguardando detecção do campo de caracteristica 'EQUIPE PRÓPRIA OU EPS' ...
2026-01-14 12:12:19,284 - INFO - 🟨 campo de caracteristica 'EQUIPE PRÓPRIA OU EPS detectado
2026-01-14 12:12:41,012 - INFO - ⌛ Aguardando confirmação 4 - editar OS...
2026-01-14 12:13:11,413 - INFO - ⌛ Aguardando confirmação 4 - editar OS...
2026-01-14 12:14:22,420 - INFO - ⌛ Aguardando janela de confirmação de programação de OS...
2026-01-14 12:14:42,807 - INFO - 🟨 Janela de confirmação de programação de OS detectada
2026-01-14 12:14:46,119 - INFO - ⌛ aguardando janela de programação de lote de OS...
2026-01-14 12:15:06,576 - INFO - 🟨 Janela de aviso de edição de OS programadas detectada
2026-01-14 12:15:10,847 - INFO - ⌛ aguardando janela de programação de lote de OS...
2026-01-14 12:15:31,327 - INFO - 🟨 Janela de aviso de substituição de lote de OS detectada
2026-01-14 12:15:37,600 - INFO - ⌛ aguardando janela de programação de lote de OS...
2026-01-14 12:15:58,075 - INFO - 🟨 Janela de programação de lote de OS detectada
2026-01-14 12:16:25,536 - INFO - ⌛ aguardando janela de confirmação de programação de lote de OS...
2026-01-14 12:16:45,966 - INFO - 🟨 Janela de confirmação de programação de lote de OS detectada
2026-01-14 12:16:50,275 - INFO - ⌛ aguardando confirmação final de programação do lote
2026-01-14 12:17:10,707 - INFO - 🟨 programação do lote 2 efetuado com sucesso
2026-01-14 12:17:20,893 - INFO - 
=== Iniciando lote 3/5 [LM] ===
2026-01-14 12:17:27,248 - INFO - Janela de seleção aberta
2026-01-14 12:17:31,486 - INFO - DEBUG: idx=2, inicio=50, fim=75
2026-01-14 12:17:31,486 - INFO - ✅ 25 OS copiadas para a área de transferência.
2026-01-14 12:17:31,486 - INFO - 📋 Lote 3 copiado.
2026-01-14 12:17:39,811 - INFO - ⌛ Esperando mudança visual...
2026-01-14 12:17:40,832 - INFO - ⌛ Esperando mudança visual...
2026-01-14 12:17:41,846 - INFO - ⌛ Esperando mudança visual...
2026-01-14 12:17:42,862 - INFO - ⌛ Esperando mudança visual...
2026-01-14 12:17:43,878 - INFO - ⌛ Esperando mudança visual...
2026-01-14 12:17:44,893 - INFO - ⌛ Esperando mudança visual...
2026-01-14 12:17:45,909 - INFO - ⌛ Esperando mudança visual...
2026-01-14 12:17:46,928 - INFO - ⌛ Esperando mudança visual...
2026-01-14 12:17:47,941 - INFO - ⌛ Esperando mudança visual...
2026-01-14 12:17:48,956 - INFO - ⌛ Esperando mudança visual...
2026-01-14 12:17:49,971 - INFO - ⌛ Esperando mudança visual...
2026-01-14 12:17:50,987 - INFO - ✅ Tela carregada!
2026-01-14 12:18:01,461 - INFO - ⌛ Aguardando janela de confirmação de desbloqueio...
2026-01-14 12:18:21,870 - INFO - 🟨 Registros desbloqueados com sucesso
2026-01-14 12:18:35,467 - INFO - ⌛ Aguardando janela de edição de OS...
2026-01-14 12:19:05,910 - INFO - 🟨 OS programadas detectadas
2026-01-14 12:19:09,080 - INFO - ⌛ Aguardando janela de edição de OS...
2026-01-14 12:19:39,517 - INFO - 🟨 Janela de edição de OS detectada
2026-01-14 12:20:00,888 - INFO - 🟨 Janela de edição de habilidade da turma detectada
2026-01-14 12:20:46,206 - INFO - ⌛ Aguardando detecção do campo de caracteristica 'EQUIPE PRÓPRIA OU EPS' ...
2026-01-14 12:21:18,454 - INFO - ⌛ Aguardando detecção do campo de caracteristica 'EQUIPE PRÓPRIA OU EPS' ...
2026-01-14 12:21:50,702 - INFO - 🟨 campo de caracteristica 'EQUIPE PRÓPRIA OU EPS detectado
2026-01-14 12:22:12,435 - INFO - ⌛ Aguardando confirmação 4 - editar OS...
2026-01-14 12:23:23,436 - INFO - ⌛ Aguardando janela de confirmação de programação de OS...
2026-01-14 12:23:43,801 - INFO - 🟨 Janela de confirmação de programação de OS detectada
2026-01-14 12:23:47,118 - INFO - ⌛ aguardando janela de programação de lote de OS...
2026-01-14 12:24:07,570 - INFO - 🟨 Janela de aviso de edição de OS programadas detectada
2026-01-14 12:24:11,821 - INFO - ⌛ aguardando janela de programação de lote de OS...
2026-01-14 12:24:32,254 - INFO - 🟨 Janela de aviso de substituição de lote de OS detectada
2026-01-14 12:24:38,516 - INFO - ⌛ aguardando janela de programação de lote de OS...
2026-01-14 12:24:58,974 - INFO - 🟨 Janela de programação de lote de OS detectada
2026-01-14 12:25:26,419 - INFO - ⌛ aguardando janela de confirmação de programação de lote de OS...
2026-01-14 12:25:46,755 - INFO - 🟨 Janela de confirmação de programação de lote de OS detectada
2026-01-14 12:25:51,060 - INFO - ⌛ aguardando confirmação final de programação do lote
2026-01-14 12:26:11,554 - INFO - 🟨 programação do lote 3 efetuado com sucesso
2026-01-14 12:26:21,702 - INFO - 
=== Iniciando lote 4/5 [LM] ===
2026-01-14 12:26:28,047 - INFO - Janela de seleção aberta
2026-01-14 12:26:32,274 - INFO - DEBUG: idx=3, inicio=75, fim=100
2026-01-14 12:26:32,274 - INFO - ✅ 25 OS copiadas para a área de transferência.
2026-01-14 12:26:32,274 - INFO - 📋 Lote 4 copiado.
2026-01-14 12:26:40,628 - INFO - ⌛ Esperando mudança visual...
2026-01-14 12:26:41,647 - INFO - ⌛ Esperando mudança visual...
2026-01-14 12:26:42,663 - INFO - ⌛ Esperando mudança visual...
2026-01-14 12:26:43,679 - INFO - ⌛ Esperando mudança visual...
2026-01-14 12:26:44,695 - INFO - ⌛ Esperando mudança visual...
2026-01-14 12:26:45,709 - INFO - ⌛ Esperando mudança visual...
2026-01-14 12:26:46,726 - INFO - ⌛ Esperando mudança visual...
2026-01-14 12:26:47,745 - INFO - ⌛ Esperando mudança visual...
2026-01-14 12:26:48,760 - INFO - ⌛ Esperando mudança visual...
2026-01-14 12:26:49,774 - INFO - ⌛ Esperando mudança visual...
2026-01-14 12:26:50,789 - INFO - ⌛ Esperando mudança visual...
2026-01-14 12:26:51,804 - INFO - ✅ Tela carregada!
2026-01-14 12:27:02,271 - INFO - ⌛ Aguardando janela de confirmação de desbloqueio...
2026-01-14 12:27:22,638 - INFO - 🟨 Registros desbloqueados com sucesso
2026-01-14 12:27:36,212 - INFO - ⌛ Aguardando janela de edição de OS...
2026-01-14 12:28:06,635 - INFO - 🟨 OS programadas detectadas
2026-01-14 12:28:09,806 - INFO - ⌛ Aguardando janela de edição de OS...
2026-01-14 12:28:40,228 - INFO - 🟨 Janela de edição de OS detectada
2026-01-14 12:29:01,586 - INFO - 🟨 Janela de edição de habilidade da turma detectada
2026-01-14 12:29:46,896 - INFO - ⌛ Aguardando detecção do campo de caracteristica 'EQUIPE PRÓPRIA OU EPS' ...
2026-01-14 12:30:19,164 - INFO - ⌛ Aguardando detecção do campo de caracteristica 'EQUIPE PRÓPRIA OU EPS' ...
2026-01-14 12:30:51,417 - INFO - 🟨 campo de caracteristica 'EQUIPE PRÓPRIA OU EPS detectado
2026-01-14 12:31:13,172 - INFO - ⌛ Aguardando confirmação 4 - editar OS...
2026-01-14 12:31:43,565 - INFO - ⌛ Aguardando confirmação 4 - editar OS...
2026-01-14 12:32:54,618 - INFO - ⌛ Aguardando janela de confirmação de programação de OS...
2026-01-14 12:33:14,998 - INFO - 🟨 Janela de confirmação de programação de OS detectada
2026-01-14 12:33:18,324 - INFO - ⌛ aguardando janela de programação de lote de OS...
2026-01-14 12:33:38,797 - INFO - 🟨 Janela de aviso de edição de OS programadas detectada
2026-01-14 12:33:43,064 - INFO - ⌛ aguardando janela de programação de lote de OS...
2026-01-14 12:34:03,557 - INFO - 🟨 Janela de aviso de substituição de lote de OS detectada
2026-01-14 12:34:09,824 - INFO - ⌛ aguardando janela de programação de lote de OS...
2026-01-14 12:34:30,315 - INFO - 🟨 Janela de programação de lote de OS detectada
2026-01-14 12:34:57,762 - INFO - ⌛ aguardando janela de confirmação de programação de lote de OS...
2026-01-14 12:35:18,144 - INFO - 🟨 Janela de confirmação de programação de lote de OS detectada
2026-01-14 12:35:22,439 - INFO - ⌛ aguardando confirmação final de programação do lote
2026-01-14 12:35:42,904 - INFO - 🟨 programação do lote 4 efetuado com sucesso
2026-01-14 12:35:53,060 - INFO - 
=== Iniciando lote 5/5 [LM] ===
2026-01-14 12:35:59,432 - INFO - Janela de seleção aberta
2026-01-14 12:36:03,677 - INFO - DEBUG: idx=4, inicio=100, fim=125
2026-01-14 12:36:03,677 - INFO - ✅ 8 OS copiadas para a área de transferência.
2026-01-14 12:36:03,677 - INFO - 📋 Lote 5 copiado.
2026-01-14 12:36:12,003 - INFO - ⌛ Esperando mudança visual...
2026-01-14 12:36:13,020 - INFO - ⌛ Esperando mudança visual...
2026-01-14 12:36:14,035 - INFO - ⌛ Esperando mudança visual...
2026-01-14 12:36:15,050 - INFO - ⌛ Esperando mudança visual...
2026-01-14 12:36:16,067 - INFO - ⌛ Esperando mudança visual...
2026-01-14 12:36:17,082 - INFO - ⌛ Esperando mudança visual...
2026-01-14 12:36:18,098 - INFO - ⌛ Esperando mudança visual...
2026-01-14 12:36:19,114 - INFO - ⌛ Esperando mudança visual...
2026-01-14 12:36:20,130 - INFO - ⌛ Esperando mudança visual...
2026-01-14 12:36:21,145 - INFO - ⌛ Esperando mudança visual...
2026-01-14 12:36:22,153 - INFO - ✅ Tela carregada!
2026-01-14 12:36:32,636 - INFO - ⌛ Aguardando janela de confirmação de desbloqueio...
2026-01-14 12:36:53,034 - INFO - 🟨 Registros desbloqueados com sucesso
2026-01-14 12:37:06,619 - INFO - 🟨 OS programadas detectadas
2026-01-14 12:37:09,796 - INFO - ⌛ Aguardando janela de edição de OS...
2026-01-14 12:37:40,208 - INFO - 🟨 Janela de edição de OS detectada
2026-01-14 12:38:01,570 - INFO - 🟨 Janela de edição de habilidade da turma detectada
2026-01-14 12:38:46,875 - INFO - ⌛ Aguardando detecção do campo de caracteristica 'EQUIPE PRÓPRIA OU EPS' ...
2026-01-14 12:39:19,147 - INFO - ⌛ Aguardando detecção do campo de caracteristica 'EQUIPE PRÓPRIA OU EPS' ...
2026-01-14 12:39:51,396 - INFO - 🟨 campo de caracteristica 'EQUIPE PRÓPRIA OU EPS detectado
2026-01-14 12:40:13,123 - INFO - ⌛ Aguardando confirmação 4 - editar OS...
2026-01-14 12:41:24,159 - INFO - ⌛ Aguardando janela de confirmação de programação de OS...
2026-01-14 12:41:44,544 - INFO - 🟨 Janela de confirmação de programação de OS detectada
2026-01-14 12:41:47,861 - INFO - 🟨 Janela de aviso de edição de OS programadas detectada
2026-01-14 12:41:52,136 - INFO - ⌛ aguardando janela de programação de lote de OS...
2026-01-14 12:42:12,608 - INFO - 🟨 Janela de aviso de substituição de lote de OS detectada
2026-01-14 12:42:18,870 - INFO - ⌛ aguardando janela de programação de lote de OS...
2026-01-14 12:42:39,357 - INFO - 🟨 Janela de programação de lote de OS detectada
2026-01-14 12:43:06,799 - INFO - ⌛ aguardando janela de confirmação de programação de lote de OS...
2026-01-14 12:43:27,167 - INFO - 🟨 Janela de confirmação de programação de lote de OS detectada
2026-01-14 12:43:31,466 - INFO - ⌛ aguardando confirmação final de programação do lote
2026-01-14 12:43:51,873 - INFO - 🟨 programação do lote 5 efetuado com sucesso
2026-01-14 12:44:02,028 - INFO - 
=== Iniciando lote 1/75 [LV] ===
2026-01-14 12:44:08,393 - INFO - Janela de seleção aberta
2026-01-14 12:44:12,628 - INFO - DEBUG: idx=0, inicio=0, fim=25
2026-01-14 12:44:12,628 - INFO - ✅ 25 OS copiadas para a área de transferência.
2026-01-14 12:44:12,628 - INFO - 📋 Lote 1 copiado.
2026-01-14 12:44:20,959 - INFO - ⌛ Esperando mudança visual...
2026-01-14 12:44:21,974 - INFO - ⌛ Esperando mudança visual...
2026-01-14 12:44:22,989 - INFO - ⌛ Esperando mudança visual...
2026-01-14 12:44:24,005 - INFO - ⌛ Esperando mudança visual...
2026-01-14 12:44:25,021 - INFO - ⌛ Esperando mudança visual...
2026-01-14 12:44:26,038 - INFO - ⌛ Esperando mudança visual...
2026-01-14 12:44:27,052 - INFO - ⌛ Esperando mudança visual...
2026-01-14 12:44:28,067 - INFO - ⌛ Esperando mudança visual...
2026-01-14 12:44:29,083 - INFO - ⌛ Esperando mudança visual...
2026-01-14 12:44:30,099 - INFO - ✅ Tela carregada!
2026-01-14 12:44:40,568 - INFO - ⌛ Aguardando janela de confirmação de desbloqueio...
2026-01-14 12:45:00,897 - INFO - 🟨 Registros desbloqueados com sucesso
2026-01-14 12:45:14,481 - INFO - ⌛ Aguardando janela de edição de OS...
2026-01-14 12:45:44,867 - INFO - 🟨 OS programadas detectadas
2026-01-14 12:45:48,037 - INFO - ⌛ Aguardando janela de edição de OS...
2026-01-14 12:46:18,488 - INFO - 🟨 Janela de edição de OS detectada
2026-01-14 12:46:39,851 - INFO - 🟨 Janela de edição de habilidade da turma detectada
2026-01-14 12:47:25,177 - INFO - ⌛ Aguardando detecção do campo de caracteristica 'EQUIPE PRÓPRIA OU EPS' ...
2026-01-14 12:47:57,438 - INFO - ⌛ Aguardando detecção do campo de caracteristica 'EQUIPE PRÓPRIA OU EPS' ...
2026-01-14 12:48:29,679 - INFO - 🟨 campo de caracteristica 'EQUIPE PRÓPRIA OU EPS detectado
2026-01-14 12:48:51,408 - INFO - ⌛ Aguardando confirmação 4 - editar OS...
2026-01-14 12:49:21,778 - INFO - ⌛ Aguardando confirmação 4 - editar OS...
2026-01-14 12:50:32,765 - INFO - ⌛ Aguardando janela de confirmação de programação de OS...
2026-01-14 12:50:53,123 - INFO - 🟨 Janela de confirmação de programação de OS detectada
2026-01-14 12:50:56,490 - INFO - ⌛ aguardando janela de programação de lote de OS...
2026-01-14 12:51:16,984 - INFO - 🟨 Janela de aviso de edição de OS programadas detectada
2026-01-14 12:51:21,249 - INFO - ⌛ aguardando janela de programação de lote de OS...
2026-01-14 12:51:41,751 - INFO - 🟨 Janela de aviso de substituição de lote de OS detectada
2026-01-14 12:51:48,020 - INFO - ⌛ aguardando janela de programação de lote de OS...
2026-01-14 12:52:08,471 - INFO - ⌛ aguardando janela de programação de lote de OS...
2026-01-14 12:52:28,925 - INFO - 🟨 Janela de programação de lote de OS detectada
2026-01-14 12:52:56,387 - INFO - ⌛ aguardando janela de confirmação de programação de lote de OS...
2026-01-14 12:53:16,761 - INFO - 🟨 Janela de confirmação de programação de lote de OS detectada
2026-01-14 12:53:21,166 - INFO - ⌛ aguardando confirmação final de programação do lote
2026-01-14 12:53:41,748 - INFO - 🟨 programação do lote 1 efetuado com sucesso
2026-01-14 12:53:51,901 - INFO - 
=== Iniciando lote 2/75 [LV] ===
2026-01-14 12:53:58,252 - INFO - Janela de seleção aberta
2026-01-14 12:54:02,518 - INFO - DEBUG: idx=1, inicio=25, fim=50
2026-01-14 12:54:02,518 - INFO - ✅ 25 OS copiadas para a área de transferência.
2026-01-14 12:54:02,518 - INFO - 📋 Lote 2 copiado.
2026-01-14 12:54:10,846 - INFO - ⌛ Esperando mudança visual...
2026-01-14 12:54:11,863 - INFO - ⌛ Esperando mudança visual...
2026-01-14 12:54:12,878 - INFO - ⌛ Esperando mudança visual...
2026-01-14 12:54:13,883 - INFO - ⌛ Esperando mudança visual...
2026-01-14 12:54:14,893 - INFO - ⌛ Esperando mudança visual...
2026-01-14 12:54:15,909 - INFO - ⌛ Esperando mudança visual...
2026-01-14 12:54:16,925 - INFO - ⌛ Esperando mudança visual...
2026-01-14 12:54:17,954 - INFO - ⌛ Esperando mudança visual...
2026-01-14 12:54:18,976 - INFO - ⌛ Esperando mudança visual...
2026-01-14 12:54:19,990 - INFO - ✅ Tela carregada!
2026-01-14 12:54:30,474 - INFO - ⌛ Aguardando janela de confirmação de desbloqueio...
2026-01-14 12:54:50,812 - INFO - 🟨 Registros desbloqueados com sucesso
2026-01-14 12:55:04,416 - INFO - ⌛ Aguardando janela de edição de OS...
2026-01-14 12:55:34,818 - INFO - 🟨 OS programadas detectadas
2026-01-14 12:55:37,975 - INFO - ⌛ Aguardando janela de edição de OS...
2026-01-14 12:56:08,380 - INFO - 🟨 Janela de edição de OS detectada
2026-01-14 12:56:29,738 - INFO - 🟨 Janela de edição de habilidade da turma detectada
2026-01-14 12:57:15,057 - INFO - ⌛ Aguardando detecção do campo de caracteristica 'EQUIPE PRÓPRIA OU EPS' ...
2026-01-14 12:57:47,295 - INFO - ⌛ Aguardando detecção do campo de caracteristica 'EQUIPE PRÓPRIA OU EPS' ...
2026-01-14 12:58:19,555 - INFO - 🟨 campo de caracteristica 'EQUIPE PRÓPRIA OU EPS detectado
2026-01-14 12:58:41,307 - INFO - ⌛ Aguardando confirmação 4 - editar OS...
2026-01-14 12:59:52,272 - INFO - ⌛ Aguardando janela de confirmação de programação de OS...
2026-01-14 13:00:12,609 - INFO - 🟨 Janela de confirmação de programação de OS detectada
2026-01-14 13:00:15,929 - INFO - ⌛ aguardando janela de programação de lote de OS...
2026-01-14 13:00:36,371 - INFO - 🟨 Janela de aviso de edição de OS programadas detectada
2026-01-14 13:00:40,644 - INFO - ⌛ aguardando janela de programação de lote de OS...
2026-01-14 13:01:01,062 - INFO - 🟨 Janela de aviso de substituição de lote de OS detectada
2026-01-14 13:01:07,317 - INFO - ⌛ aguardando janela de programação de lote de OS...
2026-01-14 13:01:27,866 - INFO - 🟨 Janela de programação de lote de OS detectada
2026-01-14 13:01:55,304 - INFO - ⌛ aguardando janela de confirmação de programação de lote de OS...
2026-01-14 13:02:15,750 - INFO - 🟨 Janela de confirmação de programação de lote de OS detectada
2026-01-14 13:02:19,994 - INFO - ⌛ aguardando confirmação final de programação do lote
2026-01-14 13:02:40,443 - INFO - 🟨 programação do lote 2 efetuado com sucesso
2026-01-14 13:02:50,613 - INFO - 
=== Iniciando lote 3/75 [LV] ===
2026-01-14 13:02:56,973 - INFO - Janela de seleção aberta
2026-01-14 13:03:01,212 - INFO - DEBUG: idx=2, inicio=50, fim=75
2026-01-14 13:03:01,212 - INFO - ✅ 25 OS copiadas para a área de transferência.
2026-01-14 13:03:01,212 - INFO - 📋 Lote 3 copiado.
2026-01-14 13:03:09,548 - INFO - ⌛ Esperando mudança visual...
2026-01-14 13:03:10,570 - INFO - ⌛ Esperando mudança visual...
2026-01-14 13:03:11,586 - INFO - ⌛ Esperando mudança visual...
2026-01-14 13:03:12,602 - INFO - ⌛ Esperando mudança visual...
2026-01-14 13:03:13,618 - INFO - ⌛ Esperando mudança visual...
2026-01-14 13:03:14,633 - INFO - ⌛ Esperando mudança visual...
2026-01-14 13:03:15,653 - INFO - ⌛ Esperando mudança visual...
2026-01-14 13:03:16,664 - INFO - ⌛ Esperando mudança visual...
2026-01-14 13:03:17,680 - INFO - ⌛ Esperando mudança visual...
2026-01-14 13:03:18,696 - INFO - ✅ Tela carregada!
2026-01-14 13:03:29,152 - INFO - ⌛ Aguardando janela de confirmação de desbloqueio...
2026-01-14 13:03:49,528 - INFO - 🟨 Registros desbloqueados com sucesso
2026-01-14 13:04:03,109 - INFO - ⌛ Aguardando janela de edição de OS...
2026-01-14 13:04:33,502 - INFO - 🟨 OS programadas detectadas
2026-01-14 13:04:36,665 - INFO - ⌛ Aguardando janela de edição de OS...
2026-01-14 13:05:07,061 - INFO - 🟨 Janela de edição de OS detectada
2026-01-14 13:05:28,422 - INFO - 🟨 Janela de edição de habilidade da turma detectada
2026-01-14 13:06:13,730 - INFO - ⌛ Aguardando detecção do campo de caracteristica 'EQUIPE PRÓPRIA OU EPS' ...
2026-01-14 13:06:45,999 - INFO - ⌛ Aguardando detecção do campo de caracteristica 'EQUIPE PRÓPRIA OU EPS' ...
2026-01-14 13:07:18,241 - INFO - 🟨 campo de caracteristica 'EQUIPE PRÓPRIA OU EPS detectado
2026-01-14 13:07:39,985 - INFO - ⌛ Aguardando confirmação 4 - editar OS...
2026-01-14 13:08:10,348 - INFO - ⌛ Aguardando confirmação 4 - editar OS...
2026-01-14 13:09:21,315 - INFO - ⌛ Aguardando janela de confirmação de programação de OS...
2026-01-14 13:09:41,667 - INFO - 🟨 Janela de confirmação de programação de OS detectada
2026-01-14 13:09:44,971 - INFO - ⌛ aguardando janela de programação de lote de OS...
2026-01-14 13:10:05,407 - INFO - 🟨 Janela de aviso de edição de OS programadas detectada
2026-01-14 13:10:09,671 - INFO - ⌛ aguardando janela de programação de lote de OS...
2026-01-14 13:10:30,108 - INFO - 🟨 Janela de aviso de substituição de lote de OS detectada
2026-01-14 13:10:36,364 - INFO - ⌛ aguardando janela de programação de lote de OS...
2026-01-14 13:10:56,853 - INFO - 🟨 Janela de programação de lote de OS detectada
2026-01-14 13:11:24,291 - INFO - ⌛ aguardando janela de confirmação de programação de lote de OS...
2026-01-14 13:11:44,620 - INFO - 🟨 Janela de confirmação de programação de lote de OS detectada
2026-01-14 13:11:48,888 - INFO - ⌛ aguardando confirmação final de programação do lote
2026-01-14 13:12:09,296 - INFO - 🟨 programação do lote 3 efetuado com sucesso
2026-01-14 13:12:19,460 - INFO - 
=== Iniciando lote 4/75 [LV] ===
2026-01-14 13:12:25,828 - INFO - Janela de seleção aberta
2026-01-14 13:12:30,054 - INFO - DEBUG: idx=3, inicio=75, fim=100
2026-01-14 13:12:30,054 - INFO - ✅ 25 OS copiadas para a área de transferência.
2026-01-14 13:12:30,054 - INFO - 📋 Lote 4 copiado.
2026-01-14 13:12:38,374 - INFO - ⌛ Esperando mudança visual...
2026-01-14 13:12:39,397 - INFO - ⌛ Esperando mudança visual...
2026-01-14 13:12:40,412 - INFO - ⌛ Esperando mudança visual...
2026-01-14 13:12:41,414 - INFO - ⌛ Esperando mudança visual...
2026-01-14 13:12:42,427 - INFO - ⌛ Esperando mudança visual...
2026-01-14 13:12:43,454 - INFO - ⌛ Esperando mudança visual...
2026-01-14 13:12:44,462 - INFO - ⌛ Esperando mudança visual...
2026-01-14 13:12:45,474 - INFO - ⌛ Esperando mudança visual...
2026-01-14 13:12:46,490 - INFO - ⌛ Esperando mudança visual...
2026-01-14 13:12:47,506 - INFO - ⌛ Esperando mudança visual...
2026-01-14 13:12:48,523 - INFO - ✅ Tela carregada!
2026-01-14 13:12:58,996 - INFO - ⌛ Aguardando janela de confirmação de desbloqueio...
2026-01-14 13:13:19,365 - INFO - 🟨 Registros desbloqueados com sucesso
2026-01-14 13:13:32,938 - INFO - ⌛ Aguardando janela de edição de OS...
2026-01-14 13:14:03,354 - INFO - 🟨 OS programadas detectadas
2026-01-14 13:14:06,538 - INFO - ⌛ Aguardando janela de edição de OS...
2026-01-14 13:14:36,933 - INFO - 🟨 Janela de edição de OS detectada
2026-01-14 13:14:58,302 - INFO - 🟨 Janela de edição de habilidade da turma detectada
2026-01-14 13:15:43,610 - INFO - ⌛ Aguardando detecção do campo de caracteristica 'EQUIPE PRÓPRIA OU EPS' ...
2026-01-14 13:16:15,859 - INFO - ⌛ Aguardando detecção do campo de caracteristica 'EQUIPE PRÓPRIA OU EPS' ...
2026-01-14 13:16:48,108 - INFO - 🟨 campo de caracteristica 'EQUIPE PRÓPRIA OU EPS detectado
2026-01-14 13:17:09,835 - INFO - ⌛ Aguardando confirmação 4 - editar OS...
2026-01-14 13:18:20,806 - INFO - ⌛ Aguardando janela de confirmação de programação de OS...
2026-01-14 13:18:41,204 - INFO - 🟨 Janela de confirmação de programação de OS detectada
2026-01-14 13:18:44,529 - INFO - 🟨 Janela de aviso de edição de OS programadas detectada
2026-01-14 13:18:48,779 - INFO - ⌛ aguardando janela de programação de lote de OS...
2026-01-14 13:19:09,203 - INFO - 🟨 Janela de aviso de substituição de lote de OS detectada
2026-01-14 13:19:15,457 - INFO - ⌛ aguardando janela de programação de lote de OS...
2026-01-14 13:19:35,871 - INFO - 🟨 Janela de programação de lote de OS detectada
2026-01-14 13:20:03,318 - INFO - ⌛ aguardando janela de confirmação de programação de lote de OS...
2026-01-14 13:20:23,671 - INFO - 🟨 Janela de confirmação de programação de lote de OS detectada
2026-01-14 13:20:27,966 - INFO - ⌛ aguardando confirmação final de programação do lote
2026-01-14 13:20:48,354 - INFO - 🟨 programação do lote 4 efetuado com sucesso
2026-01-14 13:20:58,512 - INFO - 
=== Iniciando lote 5/75 [LV] ===
2026-01-14 13:21:04,875 - INFO - Janela de seleção aberta
2026-01-14 13:21:09,111 - INFO - DEBUG: idx=4, inicio=100, fim=125
2026-01-14 13:21:09,111 - INFO - ✅ 25 OS copiadas para a área de transferência.
2026-01-14 13:21:09,111 - INFO - 📋 Lote 5 copiado.
2026-01-14 13:21:17,432 - INFO - ⌛ Esperando mudança visual...
2026-01-14 13:21:18,455 - INFO - ⌛ Esperando mudança visual...
2026-01-14 13:21:19,471 - INFO - ⌛ Esperando mudança visual...
2026-01-14 13:21:20,487 - INFO - ⌛ Esperando mudança visual...
2026-01-14 13:21:21,502 - INFO - ⌛ Esperando mudança visual...
2026-01-14 13:21:22,519 - INFO - ⌛ Esperando mudança visual...
2026-01-14 13:21:23,533 - INFO - ⌛ Esperando mudança visual...
2026-01-14 13:21:24,549 - INFO - ⌛ Esperando mudança visual...
2026-01-14 13:21:25,569 - INFO - ⌛ Esperando mudança visual...
2026-01-14 13:21:26,580 - INFO - ⌛ Esperando mudança visual...
2026-01-14 13:21:27,596 - INFO - ✅ Tela carregada!
2026-01-14 13:21:38,084 - INFO - ⌛ Aguardando janela de confirmação de desbloqueio...
2026-01-14 13:21:58,460 - INFO - 🟨 Registros desbloqueados com sucesso
2026-01-14 13:22:12,062 - INFO - ⌛ Aguardando janela de edição de OS...
2026-01-14 13:22:42,467 - INFO - 🟨 OS programadas detectadas
2026-01-14 13:22:45,632 - INFO - ⌛ Aguardando janela de edição de OS...
2026-01-14 13:23:16,046 - INFO - 🟨 Janela de edição de OS detectada
2026-01-14 13:23:37,411 - INFO - 🟨 Janela de edição de habilidade da turma detectada
2026-01-14 13:24:22,721 - INFO - ⌛ Aguardando detecção do campo de caracteristica 'EQUIPE PRÓPRIA OU EPS' ...
2026-01-14 13:24:54,986 - INFO - ⌛ Aguardando detecção do campo de caracteristica 'EQUIPE PRÓPRIA OU EPS' ...
2026-01-14 13:25:27,238 - INFO - 🟨 campo de caracteristica 'EQUIPE PRÓPRIA OU EPS detectado
2026-01-14 13:25:48,984 - INFO - ⌛ Aguardando confirmação 4 - editar OS...
2026-01-14 13:26:19,311 - INFO - ⌛ Aguardando confirmação 4 - editar OS...
2026-01-14 13:27:30,302 - INFO - ⌛ Aguardando janela de confirmação de programação de OS...
2026-01-14 13:27:50,650 - INFO - 🟨 Janela de confirmação de programação de OS detectada
2026-01-14 13:27:54,046 - INFO - 🟨 Janela de aviso de edição de OS programadas detectada
2026-01-14 13:27:58,308 - INFO - ⌛ aguardando janela de programação de lote de OS...
2026-01-14 13:28:18,779 - INFO - 🟨 Janela de aviso de substituição de lote de OS detectada
2026-01-14 13:28:25,059 - INFO - ⌛ aguardando janela de programação de lote de OS...
2026-01-14 13:28:45,619 - INFO - 🟨 Janela de programação de lote de OS detectada
2026-01-14 13:29:13,045 - INFO - ⌛ aguardando janela de confirmação de programação de lote de OS...
2026-01-14 13:29:33,383 - INFO - 🟨 Janela de confirmação de programação de lote de OS detectada
2026-01-14 13:29:37,640 - INFO - ⌛ aguardando confirmação final de programação do lote
2026-01-14 13:29:58,078 - INFO - 🟨 programação do lote 5 efetuado com sucesso
2026-01-14 13:30:08,238 - INFO - 
=== Iniciando lote 6/75 [LV] ===
2026-01-14 13:30:14,600 - INFO - Janela de seleção aberta
2026-01-14 13:30:18,837 - INFO - DEBUG: idx=5, inicio=125, fim=150
2026-01-14 13:30:18,837 - INFO - ✅ 25 OS copiadas para a área de transferência.
2026-01-14 13:30:18,837 - INFO - 📋 Lote 6 copiado.
2026-01-14 13:30:27,166 - INFO - ⌛ Esperando mudança visual...
2026-01-14 13:30:28,185 - INFO - ⌛ Esperando mudança visual...
2026-01-14 13:30:29,198 - INFO - ⌛ Esperando mudança visual...
2026-01-14 13:30:30,213 - INFO - ⌛ Esperando mudança visual...
2026-01-14 13:30:31,229 - INFO - ⌛ Esperando mudança visual...
2026-01-14 13:30:32,244 - INFO - ⌛ Esperando mudança visual...
2026-01-14 13:30:33,271 - INFO - ⌛ Esperando mudança visual...
2026-01-14 13:30:34,285 - INFO - ⌛ Esperando mudança visual...
2026-01-14 13:30:35,292 - INFO - ⌛ Esperando mudança visual...
2026-01-14 13:30:36,308 - INFO - ✅ Tela carregada!
2026-01-14 13:30:46,783 - INFO - ⌛ Aguardando janela de confirmação de desbloqueio...
2026-01-14 13:31:07,152 - INFO - 🟨 Registros desbloqueados com sucesso
2026-01-14 13:31:20,760 - INFO - ⌛ Aguardando janela de edição de OS...
2026-01-14 13:31:51,185 - INFO - 🟨 OS programadas detectadas
2026-01-14 13:31:54,360 - INFO - ⌛ Aguardando janela de edição de OS...
2026-01-14 13:32:24,757 - INFO - 🟨 Janela de edição de OS detectada
2026-01-14 13:32:46,136 - INFO - 🟨 Janela de edição de habilidade da turma detectada
2026-01-14 13:33:31,463 - INFO - ⌛ Aguardando detecção do campo de caracteristica 'EQUIPE PRÓPRIA OU EPS' ...
2026-01-14 13:34:03,709 - INFO - ⌛ Aguardando detecção do campo de caracteristica 'EQUIPE PRÓPRIA OU EPS' ...
2026-01-14 13:34:35,946 - INFO - 🟨 campo de caracteristica 'EQUIPE PRÓPRIA OU EPS detectado
2026-01-14 13:34:57,707 - INFO - ⌛ Aguardando confirmação 4 - editar OS...
2026-01-14 13:36:08,716 - INFO - ⌛ Aguardando janela de confirmação de programação de OS...
2026-01-14 13:36:29,096 - INFO - 🟨 Janela de confirmação de programação de OS detectada
2026-01-14 13:36:32,433 - INFO - 🟨 Janela de aviso de edição de OS programadas detectada
2026-01-14 13:36:36,710 - INFO - ⌛ aguardando janela de programação de lote de OS...
2026-01-14 13:36:57,189 - INFO - 🟨 Janela de aviso de substituição de lote de OS detectada
2026-01-14 13:37:03,457 - INFO - ⌛ aguardando janela de programação de lote de OS...
2026-01-14 13:37:23,891 - INFO - 🟨 Janela de programação de lote de OS detectada
2026-01-14 13:37:51,324 - INFO - ⌛ aguardando janela de confirmação de programação de lote de OS...
2026-01-14 13:38:11,683 - INFO - 🟨 Janela de confirmação de programação de lote de OS detectada
2026-01-14 13:38:15,930 - INFO - ⌛ aguardando confirmação final de programação do lote
2026-01-14 13:38:36,365 - INFO - 🟨 programação do lote 6 efetuado com sucesso
2026-01-14 13:38:46,539 - INFO - 
=== Iniciando lote 7/75 [LV] ===
2026-01-14 13:38:52,921 - INFO - Janela de seleção aberta
2026-01-14 16:05:36,981 - INFO - Data hoje: 14/01/2026
2026-01-14 16:05:36,981 - INFO - Data de referência: 31/01/2026
2026-01-14 16:12:14,156 - INFO - Data hoje: 14/01/2026
2026-01-14 16:12:14,165 - INFO - Data de referência: 31/01/2026
2026-01-14 16:14:30,087 - INFO - Data hoje: 14/01/2026
2026-01-14 16:14:30,087 - INFO - Data de referência: 31/01/2026
2026-01-14 16:15:40,007 - INFO - Data hoje: 14/01/2026
2026-01-14 16:15:40,007 - INFO - Data de referência: 31/01/2026
2026-01-14 16:20:12,119 - INFO - Data hoje: 14/01/2026
2026-01-14 16:20:12,119 - INFO - Data de referência: 31/01/2026
2026-01-14 17:54:18,436 - INFO - Data hoje: 14/01/2026
2026-01-14 17:54:18,436 - INFO - Data de referência: 31/01/2026
2026-01-14 17:54:25,633 - INFO - 
Qtde LINHA VIVA: 1872
2026-01-14 17:54:25,633 - INFO - Qtde LINHA MORTA/PESADA/FAIXA: 108
2026-01-14 17:54:26,325 - INFO - 
Arquivo gerado: C:\Users\U469784\venvs\py311\bot_programacao\EXCEL\pendentes_20260114.xlsx
2026-01-14 17:54:26,584 - INFO - 
 Qtd de lotes de LM: 5
2026-01-14 17:54:26,584 - INFO - 
 Qtd de lotes de LV: 75
2026-01-14 17:54:26,584 - INFO - 
=== Iniciando lote 7/75 [LV] ===
2026-01-14 17:54:33,015 - INFO - Janela de seleção aberta
2026-01-14 17:54:37,238 - INFO - DEBUG: idx=6, inicio=150, fim=175
2026-01-14 17:54:37,238 - INFO - ✅ 25 OS copiadas para a área de transferência.
2026-01-14 17:54:37,238 - INFO - 📋 Lote 7 copiado.
2026-01-14 17:54:45,572 - INFO - ⌛ Esperando mudança visual...
2026-01-14 17:54:46,582 - INFO - ⌛ Esperando mudança visual...
2026-01-14 17:54:47,597 - INFO - ⌛ Esperando mudança visual...
2026-01-14 17:54:48,623 - INFO - ⌛ Esperando mudança visual...
2026-01-14 17:54:49,635 - INFO - ✅ Tela carregada!
2026-01-14 17:55:00,123 - INFO - ⌛ Aguardando janela de confirmação de desbloqueio...
2026-01-14 17:55:20,489 - INFO - 🟨 Registros desbloqueados com sucesso
2026-01-14 17:55:34,084 - INFO - ⌛ Aguardando janela de edição de OS...
2026-01-14 17:56:04,490 - INFO - 🟨 OS programadas detectadas
2026-01-14 17:56:07,661 - INFO - ⌛ Aguardando janela de edição de OS...
2026-01-14 17:56:38,092 - INFO - 🟨 Janela de edição de OS detectada
2026-01-14 17:56:59,447 - INFO - 🟨 Janela de edição de habilidade da turma detectada
2026-01-14 17:57:44,777 - INFO - ⌛ Aguardando detecção do campo de caracteristica 'EQUIPE PRÓPRIA OU EPS' ...
2026-01-14 17:58:17,046 - INFO - ⌛ Aguardando detecção do campo de caracteristica 'EQUIPE PRÓPRIA OU EPS' ...
2026-01-14 17:58:49,312 - INFO - 🟨 campo de caracteristica 'EQUIPE PRÓPRIA OU EPS detectado
2026-01-14 17:59:11,051 - INFO - ⌛ Aguardando confirmação 4 - editar OS...
2026-01-14 17:59:41,482 - INFO - ⌛ Aguardando confirmação 4 - editar OS...
2026-01-14 18:00:52,487 - INFO - ⌛ Aguardando janela de confirmação de programação de OS...
2026-01-14 18:01:12,848 - INFO - 🟨 Janela de confirmação de programação de OS detectada
2026-01-14 18:01:16,207 - INFO - ⌛ aguardando janela de programação de lote de OS...
2026-01-14 18:01:36,691 - INFO - 🟨 Janela de aviso de edição de OS programadas detectada
2026-01-14 18:01:40,965 - INFO - ⌛ aguardando janela de programação de lote de OS...
2026-01-14 18:02:01,453 - INFO - 🟨 Janela de aviso de substituição de lote de OS detectada
2026-01-14 18:02:07,772 - INFO - ⌛ aguardando janela de programação de lote de OS...
2026-01-14 18:02:28,318 - INFO - 🟨 Janela de programação de lote de OS detectada
2026-01-14 18:02:55,757 - INFO - ⌛ aguardando janela de confirmação de programação de lote de OS...
2026-01-14 18:03:16,153 - INFO - 🟨 Janela de confirmação de programação de lote de OS detectada
2026-01-14 18:03:20,446 - INFO - ⌛ aguardando confirmação final de programação do lote
2026-01-14 18:03:40,870 - INFO - 🟨 programação do lote 7 efetuado com sucesso
2026-01-14 18:03:51,042 - INFO - 
=== Iniciando lote 8/75 [LV] ===
2026-01-14 18:03:57,396 - INFO - Janela de seleção aberta
2026-01-14 18:04:01,625 - INFO - DEBUG: idx=7, inicio=175, fim=200
2026-01-14 18:04:01,625 - INFO - ✅ 25 OS copiadas para a área de transferência.
2026-01-14 18:04:01,625 - INFO - 📋 Lote 8 copiado.
2026-01-14 18:04:09,960 - INFO - ⌛ Esperando mudança visual...
2026-01-14 18:04:10,975 - INFO - ⌛ Esperando mudança visual...
2026-01-14 18:04:11,987 - INFO - ⌛ Esperando mudança visual...
2026-01-14 18:04:13,010 - INFO - ⌛ Esperando mudança visual...
2026-01-14 18:04:14,016 - INFO - ⌛ Esperando mudança visual...
2026-01-14 18:04:15,034 - INFO - ⌛ Esperando mudança visual...
2026-01-14 18:04:16,050 - INFO - ⌛ Esperando mudança visual...
2026-01-14 18:04:17,064 - INFO - ⌛ Esperando mudança visual...
2026-01-14 18:04:18,087 - INFO - ⌛ Esperando mudança visual...
2026-01-14 18:04:19,097 - INFO - ✅ Tela carregada!
2026-01-14 18:04:29,603 - INFO - ⌛ Aguardando janela de confirmação de desbloqueio...
2026-01-14 18:04:49,933 - INFO - 🟨 Registros desbloqueados com sucesso
2026-01-14 18:05:03,523 - INFO - ⌛ Aguardando janela de edição de OS...
2026-01-14 18:05:33,917 - INFO - 🟨 OS programadas detectadas
2026-01-14 18:05:37,069 - INFO - ⌛ Aguardando janela de edição de OS...
2026-01-14 18:06:07,451 - INFO - 🟨 Janela de edição de OS detectada
2026-01-14 18:06:28,808 - INFO - 🟨 Janela de edição de habilidade da turma detectada
2026-01-14 18:07:14,133 - INFO - ⌛ Aguardando detecção do campo de caracteristica 'EQUIPE PRÓPRIA OU EPS' ...
2026-01-14 18:07:46,385 - INFO - ⌛ Aguardando detecção do campo de caracteristica 'EQUIPE PRÓPRIA OU EPS' ...
2026-01-14 18:08:18,641 - INFO - 🟨 campo de caracteristica 'EQUIPE PRÓPRIA OU EPS detectado
2026-01-14 18:08:40,360 - INFO - ⌛ Aguardando confirmação 4 - editar OS...
2026-01-14 18:09:10,699 - INFO - ⌛ Aguardando confirmação 4 - editar OS...
2026-01-14 18:10:21,656 - INFO - ⌛ Aguardando janela de confirmação de programação de OS...
2026-01-14 18:10:41,978 - INFO - 🟨 Janela de confirmação de programação de OS detectada
2026-01-14 18:10:45,290 - INFO - 🟨 Janela de aviso de edição de OS programadas detectada
2026-01-14 18:10:49,543 - INFO - ⌛ aguardando janela de programação de lote de OS...
2026-01-14 18:11:09,973 - INFO - 🟨 Janela de aviso de substituição de lote de OS detectada
2026-01-14 18:11:16,235 - INFO - ⌛ aguardando janela de programação de lote de OS...
2026-01-14 18:11:36,690 - INFO - 🟨 Janela de programação de lote de OS detectada
2026-01-14 18:12:04,110 - INFO - ⌛ aguardando janela de confirmação de programação de lote de OS...
2026-01-14 18:12:24,460 - INFO - 🟨 Janela de confirmação de programação de lote de OS detectada
2026-01-14 18:12:28,747 - INFO - ⌛ aguardando confirmação final de programação do lote
2026-01-14 18:12:49,168 - INFO - 🟨 programação do lote 8 efetuado com sucesso
2026-01-14 18:12:59,323 - INFO - 
=== Iniciando lote 9/75 [LV] ===
2026-01-14 18:13:05,680 - INFO - Janela de seleção aberta
2026-01-14 18:13:09,922 - INFO - DEBUG: idx=8, inicio=200, fim=225
2026-01-14 18:13:09,922 - INFO - ✅ 25 OS copiadas para a área de transferência.
2026-01-14 18:13:09,922 - INFO - 📋 Lote 9 copiado.
2026-01-14 18:13:18,240 - INFO - ⌛ Esperando mudança visual...
2026-01-14 18:13:19,260 - INFO - ⌛ Esperando mudança visual...
2026-01-14 18:13:20,276 - INFO - ⌛ Esperando mudança visual...
2026-01-14 18:13:21,290 - INFO - ⌛ Esperando mudança visual...
2026-01-14 18:13:22,314 - INFO - ⌛ Esperando mudança visual...
2026-01-14 18:13:23,321 - INFO - ⌛ Esperando mudança visual...
2026-01-14 18:13:24,338 - INFO - ⌛ Esperando mudança visual...
2026-01-14 18:13:25,360 - INFO - ⌛ Esperando mudança visual...
2026-01-14 18:13:26,370 - INFO - ⌛ Esperando mudança visual...
2026-01-14 18:13:27,391 - INFO - ✅ Tela carregada!
2026-01-14 18:13:37,864 - INFO - ⌛ Aguardando janela de confirmação de desbloqueio...
2026-01-14 18:13:58,223 - INFO - 🟨 Registros desbloqueados com sucesso
2026-01-14 18:14:11,800 - INFO - ⌛ Aguardando janela de edição de OS...
2026-01-14 18:14:42,212 - INFO - 🟨 OS programadas detectadas
2026-01-14 18:14:45,380 - INFO - ⌛ Aguardando janela de edição de OS...
2026-01-14 18:15:15,779 - INFO - 🟨 Janela de edição de OS detectada
2026-01-14 18:15:37,151 - INFO - 🟨 Janela de edição de habilidade da turma detectada
2026-01-14 18:16:22,466 - INFO - ⌛ Aguardando detecção do campo de caracteristica 'EQUIPE PRÓPRIA OU EPS' ...
2026-01-14 18:16:54,750 - INFO - ⌛ Aguardando detecção do campo de caracteristica 'EQUIPE PRÓPRIA OU EPS' ...
2026-01-14 18:17:27,014 - INFO - 🟨 campo de caracteristica 'EQUIPE PRÓPRIA OU EPS detectado
2026-01-14 18:17:48,737 - INFO - ⌛ Aguardando confirmação 4 - editar OS...
2026-01-14 18:18:59,762 - INFO - ⌛ Aguardando janela de confirmação de programação de OS...
2026-01-14 18:19:20,097 - INFO - 🟨 Janela de confirmação de programação de OS detectada
2026-01-14 18:19:23,417 - INFO - ⌛ aguardando janela de programação de lote de OS...
2026-01-14 18:19:43,830 - INFO - 🟨 Janela de aviso de edição de OS programadas detectada
2026-01-14 18:19:48,094 - INFO - ⌛ aguardando janela de programação de lote de OS...
2026-01-14 18:20:08,510 - INFO - 🟨 Janela de aviso de substituição de lote de OS detectada
2026-01-14 18:20:14,787 - INFO - ⌛ aguardando janela de programação de lote de OS...
2026-01-14 18:20:35,256 - INFO - 🟨 Janela de programação de lote de OS detectada
2026-01-14 18:21:02,688 - INFO - ⌛ aguardando janela de confirmação de programação de lote de OS...
2026-01-14 18:21:23,036 - INFO - 🟨 Janela de confirmação de programação de lote de OS detectada
2026-01-14 18:21:27,323 - INFO - ⌛ aguardando confirmação final de programação do lote
2026-01-14 18:21:47,741 - INFO - 🟨 programação do lote 9 efetuado com sucesso
2026-01-14 18:21:57,908 - INFO - 
=== Iniciando lote 10/75 [LV] ===
2026-01-14 18:22:04,269 - INFO - Janela de seleção aberta
2026-01-14 18:22:08,494 - INFO - DEBUG: idx=9, inicio=225, fim=250
2026-01-14 18:22:08,494 - INFO - ✅ 25 OS copiadas para a área de transferência.
2026-01-14 18:22:08,494 - INFO - 📋 Lote 10 copiado.
2026-01-14 18:22:16,837 - INFO - ⌛ Esperando mudança visual...
2026-01-14 18:22:17,847 - INFO - ⌛ Esperando mudança visual...
2026-01-14 18:22:18,857 - INFO - ⌛ Esperando mudança visual...
2026-01-14 18:22:19,882 - INFO - ⌛ Esperando mudança visual...
2026-01-14 18:22:20,890 - INFO - ⌛ Esperando mudança visual...
2026-01-14 18:22:21,913 - INFO - ⌛ Esperando mudança visual...
2026-01-14 18:22:22,927 - INFO - ⌛ Esperando mudança visual...
2026-01-14 18:22:23,939 - INFO - ⌛ Esperando mudança visual...
2026-01-14 18:22:24,955 - INFO - ⌛ Esperando mudança visual...
2026-01-14 18:22:25,974 - INFO - ✅ Tela carregada!
2026-01-14 18:22:36,511 - INFO - ⌛ Aguardando janela de confirmação de desbloqueio...
2026-01-14 18:22:57,000 - INFO - 🟨 Registros desbloqueados com sucesso
2026-01-14 18:23:10,578 - INFO - ⌛ Aguardando janela de edição de OS...
2026-01-14 18:23:41,011 - INFO - 🟨 OS programadas detectadas
2026-01-14 18:23:44,183 - INFO - ⌛ Aguardando janela de edição de OS...
2026-01-14 18:24:14,597 - INFO - 🟨 Janela de edição de OS detectada
2026-01-14 18:24:35,957 - INFO - 🟨 Janela de edição de habilidade da turma detectada
2026-01-14 18:25:21,272 - INFO - ⌛ Aguardando detecção do campo de caracteristica 'EQUIPE PRÓPRIA OU EPS' ...
2026-01-14 18:25:53,518 - INFO - ⌛ Aguardando detecção do campo de caracteristica 'EQUIPE PRÓPRIA OU EPS' ...
2026-01-14 18:26:25,800 - INFO - 🟨 campo de caracteristica 'EQUIPE PRÓPRIA OU EPS detectado
2026-01-14 18:26:47,518 - INFO - ⌛ Aguardando confirmação 4 - editar OS...
2026-01-14 18:27:17,878 - INFO - ⌛ Aguardando confirmação 4 - editar OS...
2026-01-14 18:28:28,890 - INFO - ⌛ Aguardando janela de confirmação de programação de OS...
2026-01-14 18:28:49,307 - INFO - 🟨 Janela de confirmação de programação de OS detectada
2026-01-14 18:28:52,654 - INFO - 🟨 Janela de aviso de edição de OS programadas detectada
2026-01-14 18:28:56,923 - INFO - ⌛ aguardando janela de programação de lote de OS...
2026-01-14 18:29:17,426 - INFO - 🟨 Janela de aviso de substituição de lote de OS detectada
2026-01-14 18:29:23,710 - INFO - ⌛ aguardando janela de programação de lote de OS...
2026-01-14 18:29:44,180 - INFO - 🟨 Janela de programação de lote de OS detectada
2026-01-14 18:30:11,621 - INFO - ⌛ aguardando janela de confirmação de programação de lote de OS...
2026-01-14 18:30:31,991 - INFO - 🟨 Janela de confirmação de programação de lote de OS detectada
2026-01-14 18:30:36,251 - INFO - ⌛ aguardando confirmação final de programação do lote
2026-01-14 18:30:56,691 - INFO - 🟨 programação do lote 10 efetuado com sucesso
2026-01-14 18:31:06,853 - INFO - 
=== Iniciando lote 11/75 [LV] ===
2026-01-14 18:31:13,206 - INFO - Janela de seleção aberta
2026-01-14 18:31:17,465 - INFO - DEBUG: idx=10, inicio=250, fim=275
2026-01-14 18:31:17,465 - INFO - ✅ 25 OS copiadas para a área de transferência.
2026-01-14 18:31:17,465 - INFO - 📋 Lote 11 copiado.
2026-01-14 18:31:25,786 - INFO - ⌛ Esperando mudança visual...
2026-01-14 18:31:26,802 - INFO - ⌛ Esperando mudança visual...
2026-01-14 18:31:27,820 - INFO - ⌛ Esperando mudança visual...
2026-01-14 18:31:28,833 - INFO - ⌛ Esperando mudança visual...
2026-01-14 18:31:29,855 - INFO - ⌛ Esperando mudança visual...
2026-01-14 18:31:30,864 - INFO - ⌛ Esperando mudança visual...
2026-01-14 18:31:31,884 - INFO - ⌛ Esperando mudança visual...
2026-01-14 18:31:32,895 - INFO - ⌛ Esperando mudança visual...
2026-01-14 18:31:33,918 - INFO - ⌛ Esperando mudança visual...
2026-01-14 18:31:34,932 - INFO - ⌛ Esperando mudança visual...
2026-01-14 18:31:35,946 - INFO - ✅ Tela carregada!
2026-01-14 18:31:46,437 - INFO - ⌛ Aguardando janela de confirmação de desbloqueio...
2026-01-14 18:32:06,803 - INFO - 🟨 Registros desbloqueados com sucesso
2026-01-14 18:32:20,421 - INFO - ⌛ Aguardando janela de edição de OS...
2026-01-14 18:32:50,853 - INFO - 🟨 OS programadas detectadas
2026-01-14 18:32:54,024 - INFO - ⌛ Aguardando janela de edição de OS...
2026-01-14 18:33:24,407 - INFO - 🟨 Janela de edição de OS detectada
2026-01-14 18:33:45,781 - INFO - 🟨 Janela de edição de habilidade da turma detectada
2026-01-14 18:34:31,100 - INFO - ⌛ Aguardando detecção do campo de caracteristica 'EQUIPE PRÓPRIA OU EPS' ...
2026-01-14 18:35:03,369 - INFO - ⌛ Aguardando detecção do campo de caracteristica 'EQUIPE PRÓPRIA OU EPS' ...
2026-01-14 18:35:35,636 - INFO - 🟨 campo de caracteristica 'EQUIPE PRÓPRIA OU EPS detectado
2026-01-14 18:35:57,379 - INFO - ⌛ Aguardando confirmação 4 - editar OS...
2026-01-14 18:37:08,426 - INFO - ⌛ Aguardando janela de confirmação de programação de OS...
2026-01-14 18:37:28,772 - INFO - 🟨 Janela de confirmação de programação de OS detectada
2026-01-14 18:37:32,119 - INFO - 🟨 Janela de aviso de edição de OS programadas detectada
2026-01-14 18:37:36,398 - INFO - ⌛ aguardando janela de programação de lote de OS...
2026-01-14 18:37:56,845 - INFO - 🟨 Janela de aviso de substituição de lote de OS detectada
2026-01-14 18:38:03,120 - INFO - ⌛ aguardando janela de programação de lote de OS...
2026-01-14 18:38:23,648 - INFO - 🟨 Janela de programação de lote de OS detectada
2026-01-14 18:38:51,100 - INFO - ⌛ aguardando janela de confirmação de programação de lote de OS...
2026-01-14 18:39:11,448 - INFO - 🟨 Janela de confirmação de programação de lote de OS detectada
2026-01-14 18:39:15,731 - INFO - ⌛ aguardando confirmação final de programação do lote
2026-01-14 18:39:36,188 - INFO - 🟨 programação do lote 11 efetuado com sucesso
2026-01-14 18:39:46,357 - INFO - 
=== Iniciando lote 12/75 [LV] ===
2026-01-14 18:39:52,734 - INFO - Janela de seleção aberta
2026-01-14 18:39:56,969 - INFO - DEBUG: idx=11, inicio=275, fim=300
2026-01-14 18:39:56,969 - INFO - ✅ 25 OS copiadas para a área de transferência.
2026-01-14 18:39:56,969 - INFO - 📋 Lote 12 copiado.
2026-01-14 18:40:05,307 - INFO - ⌛ Esperando mudança visual...
2026-01-14 18:40:06,332 - INFO - ⌛ Esperando mudança visual...
2026-01-14 18:40:07,341 - INFO - ⌛ Esperando mudança visual...
2026-01-14 18:40:08,355 - INFO - ⌛ Esperando mudança visual...
2026-01-14 18:40:09,375 - INFO - ⌛ Esperando mudança visual...
2026-01-14 18:40:10,387 - INFO - ⌛ Esperando mudança visual...
2026-01-14 18:40:11,407 - INFO - ⌛ Esperando mudança visual...
2026-01-14 18:40:12,414 - INFO - ⌛ Esperando mudança visual...
2026-01-14 18:40:13,430 - INFO - ⌛ Esperando mudança visual...
2026-01-14 18:40:14,444 - INFO - ⌛ Esperando mudança visual...
2026-01-14 18:40:15,464 - INFO - ✅ Tela carregada!
2026-01-14 18:40:25,956 - INFO - ⌛ Aguardando janela de confirmação de desbloqueio...
2026-01-14 18:40:46,280 - INFO - 🟨 Registros desbloqueados com sucesso
2026-01-14 18:40:59,904 - INFO - ⌛ Aguardando janela de edição de OS...
2026-01-14 18:41:30,347 - INFO - 🟨 OS programadas detectadas
2026-01-14 18:41:33,526 - INFO - ⌛ Aguardando janela de edição de OS...
2026-01-14 18:42:03,941 - INFO - 🟨 Janela de edição de OS detectada
2026-01-14 18:42:25,301 - INFO - 🟨 Janela de edição de habilidade da turma detectada
2026-01-14 18:43:10,618 - INFO - ⌛ Aguardando detecção do campo de caracteristica 'EQUIPE PRÓPRIA OU EPS' ...
2026-01-14 18:43:42,870 - INFO - ⌛ Aguardando detecção do campo de caracteristica 'EQUIPE PRÓPRIA OU EPS' ...
2026-01-14 18:44:15,123 - INFO - 🟨 campo de caracteristica 'EQUIPE PRÓPRIA OU EPS detectado
2026-01-14 18:44:36,862 - INFO - ⌛ Aguardando confirmação 4 - editar OS...
2026-01-14 18:45:07,221 - INFO - ⌛ Aguardando confirmação 4 - editar OS...
2026-01-14 18:46:18,229 - INFO - ⌛ Aguardando janela de confirmação de programação de OS...
2026-01-14 18:46:38,599 - INFO - 🟨 Janela de confirmação de programação de OS detectada
2026-01-14 18:46:41,922 - INFO - ⌛ aguardando janela de programação de lote de OS...
2026-01-14 18:47:02,393 - INFO - 🟨 Janela de aviso de edição de OS programadas detectada
2026-01-14 18:47:06,664 - INFO - ⌛ aguardando janela de programação de lote de OS...
2026-01-14 18:47:27,113 - INFO - 🟨 Janela de aviso de substituição de lote de OS detectada
2026-01-14 18:47:33,392 - INFO - ⌛ aguardando janela de programação de lote de OS...
2026-01-14 18:47:53,852 - INFO - 🟨 Janela de programação de lote de OS detectada
2026-01-14 18:48:21,316 - INFO - ⌛ aguardando janela de confirmação de programação de lote de OS...
2026-01-14 18:48:41,692 - INFO - 🟨 Janela de confirmação de programação de lote de OS detectada
2026-01-14 18:48:45,988 - INFO - ⌛ aguardando confirmação final de programação do lote
2026-01-14 18:49:06,427 - INFO - 🟨 programação do lote 12 efetuado com sucesso
2026-01-14 18:49:16,594 - INFO - 
=== Iniciando lote 13/75 [LV] ===
2026-01-14 18:49:22,954 - INFO - Janela de seleção aberta
2026-01-14 18:49:27,191 - INFO - DEBUG: idx=12, inicio=300, fim=325
2026-01-14 18:49:27,191 - INFO - ✅ 25 OS copiadas para a área de transferência.
2026-01-14 18:49:27,191 - INFO - 📋 Lote 13 copiado.
2026-01-14 18:49:35,516 - INFO - ⌛ Esperando mudança visual...
2026-01-14 18:49:36,535 - INFO - ⌛ Esperando mudança visual...
2026-01-14 18:49:37,546 - INFO - ⌛ Esperando mudança visual...
2026-01-14 18:49:38,560 - INFO - ⌛ Esperando mudança visual...
2026-01-14 18:49:39,577 - INFO - ⌛ Esperando mudança visual...
2026-01-14 18:49:40,594 - INFO - ⌛ Esperando mudança visual...
2026-01-14 18:49:41,610 - INFO - ⌛ Esperando mudança visual...
2026-01-14 18:49:42,631 - INFO - ⌛ Esperando mudança visual...
2026-01-14 18:49:43,642 - INFO - ⌛ Esperando mudança visual...
2026-01-14 18:49:44,656 - INFO - ⌛ Esperando mudança visual...
2026-01-14 18:49:45,671 - INFO - ✅ Tela carregada!
2026-01-14 18:49:56,145 - INFO - ⌛ Aguardando janela de confirmação de desbloqueio...
2026-01-14 18:50:16,478 - INFO - 🟨 Registros desbloqueados com sucesso
2026-01-14 18:50:30,057 - INFO - ⌛ Aguardando janela de edição de OS...
2026-01-14 18:51:00,452 - INFO - 🟨 OS programadas detectadas
2026-01-14 18:51:03,615 - INFO - ⌛ Aguardando janela de edição de OS...
2026-01-14 18:51:34,033 - INFO - 🟨 Janela de edição de OS detectada
2026-01-14 18:51:55,382 - INFO - 🟨 Janela de edição de habilidade da turma detectada
2026-01-14 18:52:40,710 - INFO - ⌛ Aguardando detecção do campo de caracteristica 'EQUIPE PRÓPRIA OU EPS' ...
2026-01-14 18:53:12,966 - INFO - ⌛ Aguardando detecção do campo de caracteristica 'EQUIPE PRÓPRIA OU EPS' ...
2026-01-14 18:53:45,209 - INFO - 🟨 campo de caracteristica 'EQUIPE PRÓPRIA OU EPS detectado
2026-01-14 18:54:06,971 - INFO - ⌛ Aguardando confirmação 4 - editar OS...
2026-01-14 18:55:17,947 - INFO - ⌛ Aguardando janela de confirmação de programação de OS...
2026-01-14 18:55:38,321 - INFO - 🟨 Janela de confirmação de programação de OS detectada
2026-01-14 18:55:41,677 - INFO - 🟨 Janela de aviso de edição de OS programadas detectada
2026-01-14 18:55:45,952 - INFO - ⌛ aguardando janela de programação de lote de OS...
2026-01-14 18:56:06,439 - INFO - 🟨 Janela de aviso de substituição de lote de OS detectada
2026-01-14 18:56:12,714 - INFO - ⌛ aguardando janela de programação de lote de OS...
2026-01-14 18:56:33,199 - INFO - 🟨 Janela de programação de lote de OS detectada
2026-01-14 18:57:00,670 - INFO - ⌛ aguardando janela de confirmação de programação de lote de OS...
2026-01-14 18:57:21,053 - INFO - 🟨 Janela de confirmação de programação de lote de OS detectada
2026-01-14 18:57:25,341 - INFO - ⌛ aguardando confirmação final de programação do lote
2026-01-14 18:57:45,781 - INFO - 🟨 programação do lote 13 efetuado com sucesso
2026-01-14 18:57:55,951 - INFO - 
=== Iniciando lote 14/75 [LV] ===
2026-01-14 18:58:02,314 - INFO - Janela de seleção aberta
2026-01-14 18:58:06,546 - INFO - DEBUG: idx=13, inicio=325, fim=350
2026-01-14 18:58:06,546 - INFO - ✅ 25 OS copiadas para a área de transferência.
2026-01-14 18:58:06,546 - INFO - 📋 Lote 14 copiado.
2026-01-14 18:58:14,876 - INFO - ⌛ Esperando mudança visual...
2026-01-14 18:58:15,887 - INFO - ⌛ Esperando mudança visual...
2026-01-14 18:58:16,906 - INFO - ⌛ Esperando mudança visual...
2026-01-14 18:58:17,911 - INFO - ⌛ Esperando mudança visual...
2026-01-14 18:58:18,938 - INFO - ⌛ Esperando mudança visual...
2026-01-14 18:58:19,942 - INFO - ⌛ Esperando mudança visual...
2026-01-14 18:58:20,965 - INFO - ⌛ Esperando mudança visual...
2026-01-14 18:58:21,977 - INFO - ⌛ Esperando mudança visual...
2026-01-14 18:58:22,992 - INFO - ⌛ Esperando mudança visual...
2026-01-14 18:58:24,006 - INFO - ✅ Tela carregada!
2026-01-14 18:58:34,493 - INFO - ⌛ Aguardando janela de confirmação de desbloqueio...
2026-01-14 18:58:54,851 - INFO - 🟨 Registros desbloqueados com sucesso
2026-01-14 18:59:08,461 - INFO - ⌛ Aguardando janela de edição de OS...
2026-01-14 18:59:38,918 - INFO - 🟨 OS programadas detectadas
2026-01-14 18:59:42,089 - INFO - ⌛ Aguardando janela de edição de OS...
2026-01-14 19:00:12,490 - INFO - 🟨 Janela de edição de OS detectada
2026-01-14 19:00:33,845 - INFO - 🟨 Janela de edição de habilidade da turma detectada
2026-01-14 19:01:19,178 - INFO - ⌛ Aguardando detecção do campo de caracteristica 'EQUIPE PRÓPRIA OU EPS' ...
2026-01-14 19:01:51,429 - INFO - ⌛ Aguardando detecção do campo de caracteristica 'EQUIPE PRÓPRIA OU EPS' ...
2026-01-14 19:02:23,690 - INFO - 🟨 campo de caracteristica 'EQUIPE PRÓPRIA OU EPS detectado
2026-01-14 19:02:45,416 - INFO - ⌛ Aguardando confirmação 4 - editar OS...
2026-01-14 19:03:15,770 - INFO - ⌛ Aguardando confirmação 4 - editar OS...
2026-01-14 19:04:26,794 - INFO - ⌛ Aguardando janela de confirmação de programação de OS...
2026-01-14 19:04:47,264 - INFO - 🟨 Janela de confirmação de programação de OS detectada
2026-01-14 19:04:50,592 - INFO - ⌛ aguardando janela de programação de lote de OS...
2026-01-14 19:05:11,063 - INFO - 🟨 Janela de aviso de edição de OS programadas detectada
2026-01-14 19:05:15,322 - INFO - ⌛ aguardando janela de programação de lote de OS...
2026-01-14 19:05:35,744 - INFO - 🟨 Janela de aviso de substituição de lote de OS detectada
2026-01-14 19:05:41,998 - INFO - ⌛ aguardando janela de programação de lote de OS...
2026-01-14 19:06:02,420 - INFO - 🟨 Janela de programação de lote de OS detectada
2026-01-14 19:06:29,848 - INFO - ⌛ aguardando janela de confirmação de programação de lote de OS...
2026-01-14 19:06:50,151 - INFO - 🟨 Janela de confirmação de programação de lote de OS detectada
2026-01-14 19:06:54,423 - INFO - ⌛ aguardando confirmação final de programação do lote
2026-01-14 19:07:14,801 - INFO - 🟨 programação do lote 14 efetuado com sucesso
2026-01-14 19:07:24,953 - INFO - 
=== Iniciando lote 15/75 [LV] ===
2026-01-14 19:07:31,316 - INFO - Janela de seleção aberta
2026-01-14 19:07:35,546 - INFO - DEBUG: idx=14, inicio=350, fim=375
2026-01-14 19:07:35,546 - INFO - ✅ 25 OS copiadas para a área de transferência.
2026-01-14 19:07:35,546 - INFO - 📋 Lote 15 copiado.
2026-01-14 19:07:43,880 - INFO - ⌛ Esperando mudança visual...
2026-01-14 19:07:44,891 - INFO - ⌛ Esperando mudança visual...
2026-01-14 19:07:45,908 - INFO - ⌛ Esperando mudança visual...
2026-01-14 19:07:46,924 - INFO - ⌛ Esperando mudança visual...
2026-01-14 19:07:47,941 - INFO - ⌛ Esperando mudança visual...
2026-01-14 19:07:48,964 - INFO - ⌛ Esperando mudança visual...
2026-01-14 19:07:49,971 - INFO - ⌛ Esperando mudança visual...
2026-01-14 19:07:50,986 - INFO - ⌛ Esperando mudança visual...
2026-01-14 19:07:52,001 - INFO - ⌛ Esperando mudança visual...
2026-01-14 19:07:53,020 - INFO - ✅ Tela carregada!
2026-01-14 19:08:03,478 - INFO - ⌛ Aguardando janela de confirmação de desbloqueio...
2026-01-14 19:08:23,845 - INFO - 🟨 Registros desbloqueados com sucesso
2026-01-14 19:08:37,420 - INFO - ⌛ Aguardando janela de edição de OS...
2026-01-14 19:09:07,820 - INFO - 🟨 OS programadas detectadas
2026-01-14 19:09:10,974 - INFO - ⌛ Aguardando janela de edição de OS...
2026-01-14 19:09:41,353 - INFO - 🟨 Janela de edição de OS detectada
2026-01-14 19:10:02,717 - INFO - 🟨 Janela de edição de habilidade da turma detectada
2026-01-14 19:10:48,009 - INFO - ⌛ Aguardando detecção do campo de caracteristica 'EQUIPE PRÓPRIA OU EPS' ...
2026-01-14 19:11:20,270 - INFO - ⌛ Aguardando detecção do campo de caracteristica 'EQUIPE PRÓPRIA OU EPS' ...
2026-01-14 19:11:52,526 - INFO - 🟨 campo de caracteristica 'EQUIPE PRÓPRIA OU EPS detectado
2026-01-14 19:12:14,256 - INFO - ⌛ Aguardando confirmação 4 - editar OS...
2026-01-14 19:13:25,251 - INFO - ⌛ Aguardando janela de confirmação de programação de OS...
2026-01-14 19:13:45,642 - INFO - 🟨 Janela de confirmação de programação de OS detectada
2026-01-14 19:13:48,966 - INFO - ⌛ aguardando janela de programação de lote de OS...
2026-01-14 19:14:09,434 - INFO - 🟨 Janela de aviso de edição de OS programadas detectada
2026-01-14 19:14:13,711 - INFO - ⌛ aguardando janela de programação de lote de OS...
2026-01-14 19:14:34,194 - INFO - 🟨 Janela de aviso de substituição de lote de OS detectada
2026-01-14 19:14:40,475 - INFO - ⌛ aguardando janela de programação de lote de OS...
2026-01-14 19:15:00,955 - INFO - 🟨 Janela de programação de lote de OS detectada
2026-01-14 19:15:28,396 - INFO - ⌛ aguardando janela de confirmação de programação de lote de OS...
2026-01-14 19:15:48,748 - INFO - 🟨 Janela de confirmação de programação de lote de OS detectada
2026-01-14 19:15:53,035 - INFO - ⌛ aguardando confirmação final de programação do lote
2026-01-14 19:16:13,469 - INFO - 🟨 programação do lote 15 efetuado com sucesso
2026-01-14 19:16:23,641 - INFO - 
=== Iniciando lote 16/75 [LV] ===
2026-01-14 19:16:29,991 - INFO - Janela de seleção aberta
2026-01-14 19:16:34,219 - INFO - DEBUG: idx=15, inicio=375, fim=400
2026-01-14 19:16:34,219 - INFO - ✅ 25 OS copiadas para a área de transferência.
2026-01-14 19:16:34,219 - INFO - 📋 Lote 16 copiado.
2026-01-14 19:16:42,564 - INFO - ⌛ Esperando mudança visual...
2026-01-14 19:16:43,574 - INFO - ⌛ Esperando mudança visual...
2026-01-14 19:16:44,587 - INFO - ⌛ Esperando mudança visual...
2026-01-14 19:16:45,608 - INFO - ⌛ Esperando mudança visual...
2026-01-14 19:16:46,624 - INFO - ⌛ Esperando mudança visual...
2026-01-14 19:16:47,636 - INFO - ⌛ Esperando mudança visual...
2026-01-14 19:16:48,650 - INFO - ⌛ Esperando mudança visual...
2026-01-14 19:16:49,675 - INFO - ⌛ Esperando mudança visual...
2026-01-14 19:16:50,679 - INFO - ⌛ Esperando mudança visual...
2026-01-14 19:16:51,698 - INFO - ⌛ Esperando mudança visual...
2026-01-14 19:16:52,718 - INFO - ✅ Tela carregada!
2026-01-14 19:17:03,187 - INFO - ⌛ Aguardando janela de confirmação de desbloqueio...
2026-01-14 19:17:23,557 - INFO - 🟨 Registros desbloqueados com sucesso
2026-01-14 19:17:37,156 - INFO - ⌛ Aguardando janela de edição de OS...
2026-01-14 19:18:07,594 - INFO - 🟨 OS programadas detectadas
2026-01-14 19:18:10,758 - INFO - ⌛ Aguardando janela de edição de OS...
2026-01-14 19:18:41,171 - INFO - 🟨 Janela de edição de OS detectada
2026-01-14 19:19:02,520 - INFO - 🟨 Janela de edição de habilidade da turma detectada
2026-01-14 19:19:47,839 - INFO - ⌛ Aguardando detecção do campo de caracteristica 'EQUIPE PRÓPRIA OU EPS' ...
2026-01-14 19:20:20,101 - INFO - ⌛ Aguardando detecção do campo de caracteristica 'EQUIPE PRÓPRIA OU EPS' ...
2026-01-14 19:20:52,355 - INFO - 🟨 campo de caracteristica 'EQUIPE PRÓPRIA OU EPS detectado
2026-01-14 19:21:14,087 - INFO - ⌛ Aguardando confirmação 4 - editar OS...
2026-01-14 19:21:44,401 - INFO - ⌛ Aguardando confirmação 4 - editar OS...
2026-01-14 19:22:55,345 - INFO - ⌛ Aguardando janela de confirmação de programação de OS...
2026-01-14 19:23:15,687 - INFO - 🟨 Janela de confirmação de programação de OS detectada
2026-01-14 19:23:18,987 - INFO - ⌛ aguardando janela de programação de lote de OS...
2026-01-14 19:23:39,446 - INFO - 🟨 Janela de aviso de edição de OS programadas detectada
2026-01-14 19:23:43,706 - INFO - ⌛ aguardando janela de programação de lote de OS...
2026-01-14 19:24:04,130 - INFO - 🟨 Janela de aviso de substituição de lote de OS detectada
2026-01-14 19:24:10,388 - INFO - ⌛ aguardando janela de programação de lote de OS...
2026-01-14 19:24:30,837 - INFO - 🟨 Janela de programação de lote de OS detectada
2026-01-14 19:24:58,269 - INFO - ⌛ aguardando janela de confirmação de programação de lote de OS...
2026-01-14 19:25:18,581 - INFO - 🟨 Janela de confirmação de programação de lote de OS detectada
2026-01-14 19:25:22,837 - INFO - ⌛ aguardando confirmação final de programação do lote
2026-01-14 19:25:43,220 - INFO - 🟨 programação do lote 16 efetuado com sucesso
2026-01-14 19:25:53,388 - INFO - 
=== Iniciando lote 17/75 [LV] ===
2026-01-14 19:25:59,754 - INFO - Janela de seleção aberta
2026-01-14 19:26:03,986 - INFO - DEBUG: idx=16, inicio=400, fim=425
2026-01-14 19:26:03,986 - INFO - ✅ 25 OS copiadas para a área de transferência.
2026-01-14 19:26:03,986 - INFO - 📋 Lote 17 copiado.
2026-01-14 19:26:12,314 - INFO - ⌛ Esperando mudança visual...
2026-01-14 19:26:13,330 - INFO - ⌛ Esperando mudança visual...
2026-01-14 19:26:14,347 - INFO - ⌛ Esperando mudança visual...
2026-01-14 19:26:15,362 - INFO - ⌛ Esperando mudança visual...
2026-01-14 19:26:16,377 - INFO - ⌛ Esperando mudança visual...
2026-01-14 19:26:17,396 - INFO - ⌛ Esperando mudança visual...
2026-01-14 19:26:18,409 - INFO - ⌛ Esperando mudança visual...
2026-01-14 19:26:19,416 - INFO - ⌛ Esperando mudança visual...
2026-01-14 19:26:20,434 - INFO - ⌛ Esperando mudança visual...
2026-01-14 19:26:21,452 - INFO - ⌛ Esperando mudança visual...
2026-01-14 19:26:22,458 - INFO - ✅ Tela carregada!
2026-01-14 19:26:32,958 - INFO - ⌛ Aguardando janela de confirmação de desbloqueio...
2026-01-14 19:26:53,320 - INFO - 🟨 Registros desbloqueados com sucesso
2026-01-14 19:27:06,907 - INFO - ⌛ Aguardando janela de edição de OS...
2026-01-14 19:27:37,323 - INFO - 🟨 OS programadas detectadas
2026-01-14 19:27:40,484 - INFO - ⌛ Aguardando janela de edição de OS...
2026-01-14 19:28:10,917 - INFO - 🟨 Janela de edição de OS detectada
2026-01-14 19:28:32,284 - INFO - 🟨 Janela de edição de habilidade da turma detectada
2026-01-14 19:29:17,597 - INFO - ⌛ Aguardando detecção do campo de caracteristica 'EQUIPE PRÓPRIA OU EPS' ...
2026-01-14 19:29:49,854 - INFO - ⌛ Aguardando detecção do campo de caracteristica 'EQUIPE PRÓPRIA OU EPS' ...
2026-01-14 19:30:22,125 - INFO - 🟨 campo de caracteristica 'EQUIPE PRÓPRIA OU EPS detectado
2026-01-14 19:30:43,844 - INFO - ⌛ Aguardando confirmação 4 - editar OS...
2026-01-14 19:31:54,821 - INFO - ⌛ Aguardando janela de confirmação de programação de OS...
2026-01-14 19:32:15,164 - INFO - 🟨 Janela de confirmação de programação de OS detectada
2026-01-14 19:32:18,512 - INFO - 🟨 Janela de aviso de edição de OS programadas detectada
2026-01-14 19:32:22,792 - INFO - ⌛ aguardando janela de programação de lote de OS...
2026-01-14 19:32:43,221 - INFO - 🟨 Janela de aviso de substituição de lote de OS detectada
2026-01-14 19:32:49,490 - INFO - ⌛ aguardando janela de programação de lote de OS...
2026-01-14 19:33:09,978 - INFO - 🟨 Janela de programação de lote de OS detectada
2026-01-14 19:33:37,435 - INFO - ⌛ aguardando janela de confirmação de programação de lote de OS...
2026-01-14 19:33:57,797 - INFO - 🟨 Janela de confirmação de programação de lote de OS detectada
2026-01-14 19:34:02,096 - INFO - ⌛ aguardando confirmação final de programação do lote
2026-01-14 19:34:22,543 - INFO - 🟨 programação do lote 17 efetuado com sucesso
2026-01-14 19:34:32,710 - INFO - 
=== Iniciando lote 18/75 [LV] ===
2026-01-14 19:34:39,089 - INFO - Janela de seleção aberta
2026-01-14 19:34:43,335 - INFO - DEBUG: idx=17, inicio=425, fim=450
2026-01-14 19:34:43,335 - INFO - ✅ 25 OS copiadas para a área de transferência.
2026-01-14 19:34:43,335 - INFO - 📋 Lote 18 copiado.
2026-01-14 19:34:51,659 - INFO - ⌛ Esperando mudança visual...
2026-01-14 19:34:52,681 - INFO - ⌛ Esperando mudança visual...
2026-01-14 19:34:53,697 - INFO - ⌛ Esperando mudança visual...
2026-01-14 19:34:54,705 - INFO - ⌛ Esperando mudança visual...
2026-01-14 19:34:55,733 - INFO - ⌛ Esperando mudança visual...
2026-01-14 19:34:56,748 - INFO - ⌛ Esperando mudança visual...
2026-01-14 19:34:57,761 - INFO - ⌛ Esperando mudança visual...
2026-01-14 19:34:58,768 - INFO - ⌛ Esperando mudança visual...
2026-01-14 19:34:59,786 - INFO - ⌛ Esperando mudança visual...
2026-01-14 19:35:00,807 - INFO - ⌛ Esperando mudança visual...
2026-01-14 19:35:01,826 - INFO - ✅ Tela carregada!
2026-01-14 19:35:12,317 - INFO - ⌛ Aguardando janela de confirmação de desbloqueio...
2026-01-14 19:35:32,691 - INFO - 🟨 Registros desbloqueados com sucesso
2026-01-14 19:35:46,312 - INFO - ⌛ Aguardando janela de edição de OS...
2026-01-14 19:36:16,720 - INFO - 🟨 OS programadas detectadas
2026-01-14 19:36:19,899 - INFO - ⌛ Aguardando janela de edição de OS...
2026-01-14 19:36:50,307 - INFO - 🟨 Janela de edição de OS detectada
2026-01-14 19:37:11,666 - INFO - 🟨 Janela de edição de habilidade da turma detectada
2026-01-14 19:37:56,990 - INFO - ⌛ Aguardando detecção do campo de caracteristica 'EQUIPE PRÓPRIA OU EPS' ...
2026-01-14 19:38:29,270 - INFO - ⌛ Aguardando detecção do campo de caracteristica 'EQUIPE PRÓPRIA OU EPS' ...
2026-01-14 19:39:01,521 - INFO - 🟨 campo de caracteristica 'EQUIPE PRÓPRIA OU EPS detectado
2026-01-14 19:39:23,263 - INFO - ⌛ Aguardando confirmação 4 - editar OS...
2026-01-14 19:39:53,613 - INFO - ⌛ Aguardando confirmação 4 - editar OS...
2026-01-14 19:41:04,611 - INFO - ⌛ Aguardando janela de confirmação de programação de OS...
2026-01-14 19:41:24,973 - INFO - 🟨 Janela de confirmação de programação de OS detectada
2026-01-14 19:41:28,315 - INFO - 🟨 Janela de aviso de edição de OS programadas detectada
2026-01-14 19:41:32,589 - INFO - ⌛ aguardando janela de programação de lote de OS...
2026-01-14 19:41:53,094 - INFO - 🟨 Janela de aviso de substituição de lote de OS detectada
2026-01-14 19:41:59,363 - INFO - ⌛ aguardando janela de programação de lote de OS...
2026-01-14 19:42:19,825 - INFO - 🟨 Janela de programação de lote de OS detectada
2026-01-14 19:42:47,257 - INFO - ⌛ aguardando janela de confirmação de programação de lote de OS...
2026-01-14 19:43:07,624 - INFO - 🟨 Janela de confirmação de programação de lote de OS detectada
2026-01-14 19:43:11,921 - INFO - ⌛ aguardando confirmação final de programação do lote
2026-01-14 19:43:32,366 - INFO - 🟨 programação do lote 18 efetuado com sucesso
2026-01-14 19:43:42,534 - INFO - 
=== Iniciando lote 19/75 [LV] ===
2026-01-14 19:43:48,897 - INFO - Janela de seleção aberta
2026-01-14 19:43:53,115 - INFO - DEBUG: idx=18, inicio=450, fim=475
2026-01-14 19:43:53,115 - INFO - ✅ 25 OS copiadas para a área de transferência.
2026-01-14 19:43:53,115 - INFO - 📋 Lote 19 copiado.
2026-01-14 19:44:01,457 - INFO - ⌛ Esperando mudança visual...
2026-01-14 19:44:02,466 - INFO - ⌛ Esperando mudança visual...
2026-01-14 19:44:03,484 - INFO - ⌛ Esperando mudança visual...
2026-01-14 19:44:04,495 - INFO - ⌛ Esperando mudança visual...
2026-01-14 19:44:05,517 - INFO - ⌛ Esperando mudança visual...
2026-01-14 19:44:06,531 - INFO - ⌛ Esperando mudança visual...
2026-01-14 19:44:07,546 - INFO - ⌛ Esperando mudança visual...
2026-01-14 19:44:08,565 - INFO - ⌛ Esperando mudança visual...
2026-01-14 19:44:09,577 - INFO - ⌛ Esperando mudança visual...
2026-01-14 19:44:10,599 - INFO - ✅ Tela carregada!
2026-01-14 19:44:21,089 - INFO - ⌛ Aguardando janela de confirmação de desbloqueio...
2026-01-14 19:44:41,465 - INFO - 🟨 Registros desbloqueados com sucesso
2026-01-14 19:44:55,069 - INFO - ⌛ Aguardando janela de edição de OS...
2026-01-14 19:45:25,488 - INFO - 🟨 OS programadas detectadas
2026-01-14 19:45:28,653 - INFO - ⌛ Aguardando janela de edição de OS...
2026-01-14 19:45:59,141 - INFO - 🟨 Janela de edição de OS detectada
2026-01-14 19:46:20,514 - INFO - 🟨 Janela de edição de habilidade da turma detectada
2026-01-14 19:47:05,824 - INFO - ⌛ Aguardando detecção do campo de caracteristica 'EQUIPE PRÓPRIA OU EPS' ...
2026-01-14 19:47:38,088 - INFO - ⌛ Aguardando detecção do campo de caracteristica 'EQUIPE PRÓPRIA OU EPS' ...
2026-01-14 19:48:10,341 - INFO - 🟨 campo de caracteristica 'EQUIPE PRÓPRIA OU EPS detectado
2026-01-14 19:48:32,081 - INFO - ⌛ Aguardando confirmação 4 - editar OS...
2026-01-14 19:49:43,034 - INFO - ⌛ Aguardando janela de confirmação de programação de OS...
2026-01-14 19:50:03,376 - INFO - 🟨 Janela de confirmação de programação de OS detectada
2026-01-14 19:50:06,682 - INFO - ⌛ aguardando janela de programação de lote de OS...
2026-01-14 19:50:27,105 - INFO - 🟨 Janela de aviso de edição de OS programadas detectada
2026-01-14 19:50:31,384 - INFO - ⌛ aguardando janela de programação de lote de OS...
2026-01-14 19:50:51,786 - INFO - 🟨 Janela de aviso de substituição de lote de OS detectada
2026-01-14 19:50:58,067 - INFO - ⌛ aguardando janela de programação de lote de OS...
2026-01-14 19:51:18,524 - INFO - 🟨 Janela de programação de lote de OS detectada
2026-01-14 19:51:45,975 - INFO - ⌛ aguardando janela de confirmação de programação de lote de OS...
2026-01-14 19:52:06,288 - INFO - 🟨 Janela de confirmação de programação de lote de OS detectada
2026-01-14 19:52:10,549 - INFO - ⌛ aguardando confirmação final de programação do lote
2026-01-14 19:52:30,926 - INFO - 🟨 programação do lote 19 efetuado com sucesso
2026-01-14 19:52:41,080 - INFO - 
=== Iniciando lote 20/75 [LV] ===
2026-01-14 19:52:47,437 - INFO - Janela de seleção aberta
2026-01-14 19:52:51,696 - INFO - DEBUG: idx=19, inicio=475, fim=500
2026-01-14 19:52:51,696 - INFO - ✅ 25 OS copiadas para a área de transferência.
2026-01-14 19:52:51,696 - INFO - 📋 Lote 20 copiado.
2026-01-14 19:53:00,027 - INFO - ⌛ Esperando mudança visual...
2026-01-14 19:53:01,037 - INFO - ⌛ Esperando mudança visual...
2026-01-14 19:53:02,051 - INFO - ⌛ Esperando mudança visual...
2026-01-14 19:53:03,074 - INFO - ⌛ Esperando mudança visual...
2026-01-14 19:53:04,092 - INFO - ⌛ Esperando mudança visual...
2026-01-14 19:53:05,102 - INFO - ⌛ Esperando mudança visual...
2026-01-14 19:53:06,121 - INFO - ⌛ Esperando mudança visual...
2026-01-14 19:53:07,137 - INFO - ⌛ Esperando mudança visual...
2026-01-14 19:53:08,154 - INFO - ⌛ Esperando mudança visual...
2026-01-14 19:53:09,162 - INFO - ⌛ Esperando mudança visual...
2026-01-14 19:53:10,179 - INFO - ✅ Tela carregada!
2026-01-14 19:53:20,673 - INFO - ⌛ Aguardando janela de confirmação de desbloqueio...
2026-01-14 19:53:41,060 - INFO - 🟨 Registros desbloqueados com sucesso
2026-01-14 19:53:54,670 - INFO - ⌛ Aguardando janela de edição de OS...
2026-01-14 19:54:25,088 - INFO - 🟨 OS programadas detectadas
2026-01-14 19:54:28,256 - INFO - ⌛ Aguardando janela de edição de OS...
2026-01-14 19:54:58,658 - INFO - 🟨 Janela de edição de OS detectada
2026-01-14 19:55:20,015 - INFO - 🟨 Janela de edição de habilidade da turma detectada
2026-01-14 19:56:05,335 - INFO - ⌛ Aguardando detecção do campo de caracteristica 'EQUIPE PRÓPRIA OU EPS' ...
2026-01-14 19:56:37,607 - INFO - ⌛ Aguardando detecção do campo de caracteristica 'EQUIPE PRÓPRIA OU EPS' ...
2026-01-14 19:57:09,857 - INFO - 🟨 campo de caracteristica 'EQUIPE PRÓPRIA OU EPS detectado
2026-01-14 19:57:31,607 - INFO - ⌛ Aguardando confirmação 4 - editar OS...
2026-01-14 19:58:42,607 - INFO - ⌛ Aguardando janela de confirmação de programação de OS...
2026-01-14 19:59:02,964 - INFO - 🟨 Janela de confirmação de programação de OS detectada
2026-01-14 19:59:06,299 - INFO - ⌛ aguardando janela de programação de lote de OS...
2026-01-14 19:59:26,770 - INFO - 🟨 Janela de aviso de edição de OS programadas detectada
2026-01-14 19:59:31,041 - INFO - ⌛ aguardando janela de programação de lote de OS...
2026-01-14 19:59:51,515 - INFO - 🟨 Janela de aviso de substituição de lote de OS detectada
2026-01-14 19:59:57,782 - INFO - ⌛ aguardando janela de programação de lote de OS...
2026-01-14 20:00:18,244 - INFO - 🟨 Janela de programação de lote de OS detectada
2026-01-14 20:00:45,668 - INFO - ⌛ aguardando janela de confirmação de programação de lote de OS...
2026-01-14 20:01:06,051 - INFO - 🟨 Janela de confirmação de programação de lote de OS detectada
2026-01-14 20:01:10,343 - INFO - ⌛ aguardando confirmação final de programação do lote
2026-01-14 20:01:30,772 - INFO - 🟨 programação do lote 20 efetuado com sucesso
2026-01-14 20:01:40,940 - INFO - 
=== Iniciando lote 21/75 [LV] ===
2026-01-14 20:01:47,301 - INFO - Janela de seleção aberta
2026-01-14 20:01:51,523 - INFO - DEBUG: idx=20, inicio=500, fim=525
2026-01-14 20:01:51,523 - INFO - ✅ 25 OS copiadas para a área de transferência.
2026-01-14 20:01:51,523 - INFO - 📋 Lote 21 copiado.
2026-01-14 20:01:59,882 - INFO - ⌛ Esperando mudança visual...
2026-01-14 20:02:00,889 - INFO - ⌛ Esperando mudança visual...
2026-01-14 20:02:01,905 - INFO - ⌛ Esperando mudança visual...
2026-01-14 20:02:02,921 - INFO - ⌛ Esperando mudança visual...
2026-01-14 20:02:03,937 - INFO - ⌛ Esperando mudança visual...
2026-01-14 20:02:04,952 - INFO - ⌛ Esperando mudança visual...
2026-01-14 20:02:05,966 - INFO - ⌛ Esperando mudança visual...
2026-01-14 20:02:06,985 - INFO - ⌛ Esperando mudança visual...
2026-01-14 20:02:08,004 - INFO - ⌛ Esperando mudança visual...
2026-01-14 20:02:09,011 - INFO - ✅ Tela carregada!
2026-01-14 20:02:19,513 - INFO - ⌛ Aguardando janela de confirmação de desbloqueio...
2026-01-14 20:02:39,886 - INFO - 🟨 Registros desbloqueados com sucesso
2026-01-14 20:02:53,467 - INFO - ⌛ Aguardando janela de edição de OS...
2026-01-14 20:03:23,891 - INFO - 🟨 OS programadas detectadas
2026-01-14 20:03:27,059 - INFO - ⌛ Aguardando janela de edição de OS...
2026-01-14 20:03:57,473 - INFO - 🟨 Janela de edição de OS detectada
2026-01-14 20:04:18,839 - INFO - 🟨 Janela de edição de habilidade da turma detectada
2026-01-14 20:05:04,153 - INFO - ⌛ Aguardando detecção do campo de caracteristica 'EQUIPE PRÓPRIA OU EPS' ...
2026-01-14 20:05:36,406 - INFO - ⌛ Aguardando detecção do campo de caracteristica 'EQUIPE PRÓPRIA OU EPS' ...
2026-01-14 20:06:08,660 - INFO - 🟨 campo de caracteristica 'EQUIPE PRÓPRIA OU EPS detectado
2026-01-14 20:06:30,388 - INFO - ⌛ Aguardando confirmação 4 - editar OS...
2026-01-14 20:07:00,760 - INFO - ⌛ Aguardando confirmação 4 - editar OS...
2026-01-14 20:08:11,767 - INFO - ⌛ Aguardando janela de confirmação de programação de OS...
2026-01-14 20:08:32,123 - INFO - 🟨 Janela de confirmação de programação de OS detectada
2026-01-14 20:08:35,423 - INFO - ⌛ aguardando janela de programação de lote de OS...
2026-01-14 20:08:55,850 - INFO - 🟨 Janela de aviso de edição de OS programadas detectada
2026-01-14 20:09:00,113 - INFO - ⌛ aguardando janela de programação de lote de OS...
2026-01-14 20:09:20,568 - INFO - 🟨 Janela de aviso de substituição de lote de OS detectada
2026-01-14 20:09:26,820 - INFO - ⌛ aguardando janela de programação de lote de OS...
2026-01-14 20:09:47,275 - INFO - 🟨 Janela de programação de lote de OS detectada
2026-01-14 20:10:14,721 - INFO - ⌛ aguardando janela de confirmação de programação de lote de OS...
2026-01-14 20:10:35,041 - INFO - 🟨 Janela de confirmação de programação de lote de OS detectada
2026-01-14 20:10:39,334 - INFO - ⌛ aguardando confirmação final de programação do lote
2026-01-14 20:10:59,772 - INFO - 🟨 programação do lote 21 efetuado com sucesso
2026-01-14 20:11:09,923 - INFO - 
=== Iniciando lote 22/75 [LV] ===
2026-01-14 20:11:16,282 - INFO - Janela de seleção aberta
2026-01-14 20:11:20,521 - INFO - DEBUG: idx=21, inicio=525, fim=550
2026-01-14 20:11:20,521 - INFO - ✅ 25 OS copiadas para a área de transferência.
2026-01-14 20:11:20,521 - INFO - 📋 Lote 22 copiado.
2026-01-14 20:11:28,854 - INFO - ⌛ Esperando mudança visual...
2026-01-14 20:11:29,862 - INFO - ⌛ Esperando mudança visual...
2026-01-14 20:11:30,883 - INFO - ⌛ Esperando mudança visual...
2026-01-14 20:11:31,900 - INFO - ⌛ Esperando mudança visual...
2026-01-14 20:11:32,912 - INFO - ⌛ Esperando mudança visual...
2026-01-14 20:11:33,933 - INFO - ⌛ Esperando mudança visual...
2026-01-14 20:11:34,941 - INFO - ⌛ Esperando mudança visual...
2026-01-14 20:11:35,962 - INFO - ⌛ Esperando mudança visual...
2026-01-14 20:11:36,975 - INFO - ⌛ Esperando mudança visual...
2026-01-14 20:11:37,988 - INFO - ✅ Tela carregada!
2026-01-14 20:11:48,470 - INFO - ⌛ Aguardando janela de confirmação de desbloqueio...
2026-01-14 20:12:08,808 - INFO - 🟨 Registros desbloqueados com sucesso
2026-01-14 20:12:22,390 - INFO - ⌛ Aguardando janela de edição de OS...
2026-01-14 20:12:52,788 - INFO - 🟨 OS programadas detectadas
2026-01-14 20:12:55,970 - INFO - ⌛ Aguardando janela de edição de OS...
2026-01-14 20:13:26,382 - INFO - 🟨 Janela de edição de OS detectada
2026-01-14 20:13:47,756 - INFO - 🟨 Janela de edição de habilidade da turma detectada
2026-01-14 20:14:33,078 - INFO - ⌛ Aguardando detecção do campo de caracteristica 'EQUIPE PRÓPRIA OU EPS' ...
2026-01-14 20:15:05,333 - INFO - ⌛ Aguardando detecção do campo de caracteristica 'EQUIPE PRÓPRIA OU EPS' ...
2026-01-14 20:15:37,581 - INFO - 🟨 campo de caracteristica 'EQUIPE PRÓPRIA OU EPS detectado
2026-01-14 20:15:59,333 - INFO - ⌛ Aguardando confirmação 4 - editar OS...
2026-01-14 20:16:29,699 - INFO - ⌛ Aguardando confirmação 4 - editar OS...
2026-01-14 20:17:40,715 - INFO - ⌛ Aguardando janela de confirmação de programação de OS...
2026-01-14 20:18:01,075 - INFO - 🟨 Janela de confirmação de programação de OS detectada
2026-01-14 20:18:04,425 - INFO - ⌛ aguardando janela de programação de lote de OS...
2026-01-14 20:18:24,917 - INFO - 🟨 Janela de aviso de edição de OS programadas detectada
2026-01-14 20:18:29,190 - INFO - ⌛ aguardando janela de programação de lote de OS...
2026-01-14 20:18:49,675 - INFO - 🟨 Janela de aviso de substituição de lote de OS detectada
2026-01-14 20:18:55,937 - INFO - ⌛ aguardando janela de programação de lote de OS...
2026-01-14 20:19:16,358 - INFO - 🟨 Janela de programação de lote de OS detectada
2026-01-14 20:19:43,792 - INFO - ⌛ aguardando janela de confirmação de programação de lote de OS...
2026-01-14 20:20:04,139 - INFO - 🟨 Janela de confirmação de programação de lote de OS detectada
2026-01-14 20:20:08,423 - INFO - ⌛ aguardando confirmação final de programação do lote
2026-01-14 20:20:28,858 - INFO - 🟨 programação do lote 22 efetuado com sucesso
2026-01-14 20:20:39,028 - INFO - 
=== Iniciando lote 23/75 [LV] ===
2026-01-14 20:20:45,416 - INFO - Janela de seleção aberta
2026-01-14 20:20:49,650 - INFO - DEBUG: idx=22, inicio=550, fim=575
2026-01-14 20:20:49,654 - INFO - ✅ 25 OS copiadas para a área de transferência.
2026-01-14 20:20:49,654 - INFO - 📋 Lote 23 copiado.
2026-01-14 20:20:57,978 - INFO - ⌛ Esperando mudança visual...
2026-01-14 20:20:58,999 - INFO - ⌛ Esperando mudança visual...
2026-01-14 20:21:00,017 - INFO - ⌛ Esperando mudança visual...
2026-01-14 20:21:01,023 - INFO - ⌛ Esperando mudança visual...
2026-01-14 20:21:02,041 - INFO - ⌛ Esperando mudança visual...
2026-01-14 20:21:03,060 - INFO - ⌛ Esperando mudança visual...
2026-01-14 20:21:04,069 - INFO - ⌛ Esperando mudança visual...
2026-01-14 20:21:05,083 - INFO - ⌛ Esperando mudança visual...
2026-01-14 20:21:06,105 - INFO - ✅ Tela carregada!
2026-01-14 20:21:16,590 - INFO - ⌛ Aguardando janela de confirmação de desbloqueio...
2026-01-14 20:21:36,954 - INFO - 🟨 Registros desbloqueados com sucesso
2026-01-14 20:21:50,569 - INFO - ⌛ Aguardando janela de edição de OS...
2026-01-14 20:22:20,969 - INFO - 🟨 OS programadas detectadas
2026-01-14 20:22:24,125 - INFO - ⌛ Aguardando janela de edição de OS...
2026-01-14 20:22:54,549 - INFO - 🟨 Janela de edição de OS detectada
2026-01-14 20:23:15,905 - INFO - 🟨 Janela de edição de habilidade da turma detectada
2026-01-14 20:24:01,224 - INFO - ⌛ Aguardando detecção do campo de caracteristica 'EQUIPE PRÓPRIA OU EPS' ...
2026-01-14 20:24:33,477 - INFO - ⌛ Aguardando detecção do campo de caracteristica 'EQUIPE PRÓPRIA OU EPS' ...
2026-01-14 20:25:05,735 - INFO - 🟨 campo de caracteristica 'EQUIPE PRÓPRIA OU EPS detectado
2026-01-14 20:25:27,483 - INFO - ⌛ Aguardando confirmação 4 - editar OS...
2026-01-14 20:26:38,490 - INFO - ⌛ Aguardando janela de confirmação de programação de OS...
2026-01-14 20:26:58,839 - INFO - 🟨 Janela de confirmação de programação de OS detectada
2026-01-14 20:27:02,187 - INFO - ⌛ aguardando janela de programação de lote de OS...
2026-01-14 20:27:22,649 - INFO - 🟨 Janela de aviso de edição de OS programadas detectada
2026-01-14 20:27:26,918 - INFO - ⌛ aguardando janela de programação de lote de OS...
2026-01-14 20:27:47,378 - INFO - 🟨 Janela de aviso de substituição de lote de OS detectada
2026-01-14 20:27:53,660 - INFO - ⌛ aguardando janela de programação de lote de OS...
2026-01-14 20:28:14,107 - INFO - 🟨 Janela de programação de lote de OS detectada
2026-01-14 20:28:41,579 - INFO - ⌛ aguardando janela de confirmação de programação de lote de OS...
2026-01-14 20:29:02,053 - INFO - 🟨 Janela de confirmação de programação de lote de OS detectada
2026-01-14 20:29:06,458 - INFO - ⌛ aguardando confirmação final de programação do lote
2026-01-14 20:29:26,983 - INFO - 🟨 programação do lote 23 efetuado com sucesso
2026-01-14 20:29:37,163 - INFO - 
=== Iniciando lote 24/75 [LV] ===
2026-01-14 20:29:43,516 - INFO - Janela de seleção aberta
2026-01-14 20:29:47,762 - INFO - DEBUG: idx=23, inicio=575, fim=600
2026-01-14 20:29:47,762 - INFO - ✅ 25 OS copiadas para a área de transferência.
2026-01-14 20:29:47,762 - INFO - 📋 Lote 24 copiado.
2026-01-14 20:29:56,083 - INFO - ⌛ Esperando mudança visual...
2026-01-14 20:29:57,091 - INFO - ⌛ Esperando mudança visual...
2026-01-14 20:29:58,114 - INFO - ⌛ Esperando mudança visual...
2026-01-14 20:29:59,132 - INFO - ⌛ Esperando mudança visual...
2026-01-14 20:30:00,152 - INFO - ⌛ Esperando mudança visual...
2026-01-14 20:30:01,166 - INFO - ⌛ Esperando mudança visual...
2026-01-14 20:30:02,185 - INFO - ⌛ Esperando mudança visual...
2026-01-14 20:30:03,199 - INFO - ⌛ Esperando mudança visual...
2026-01-14 20:30:04,214 - INFO - ⌛ Esperando mudança visual...
2026-01-14 20:30:05,230 - INFO - ✅ Tela carregada!
2026-01-14 20:30:15,833 - INFO - ⌛ Aguardando janela de confirmação de desbloqueio...
2026-01-14 20:30:36,427 - INFO - 🟨 Registros desbloqueados com sucesso
2026-01-14 20:30:50,044 - INFO - ⌛ Aguardando janela de edição de OS...
2026-01-14 20:31:20,496 - INFO - 🟨 OS programadas detectadas
2026-01-14 20:31:23,660 - INFO - ⌛ Aguardando janela de edição de OS...
2026-01-14 20:31:54,123 - INFO - 🟨 Janela de edição de OS detectada
2026-01-14 20:32:15,508 - INFO - 🟨 Janela de edição de habilidade da turma detectada
2026-01-14 20:33:00,819 - INFO - ⌛ Aguardando detecção do campo de caracteristica 'EQUIPE PRÓPRIA OU EPS' ...
2026-01-14 20:33:33,089 - INFO - ⌛ Aguardando detecção do campo de caracteristica 'EQUIPE PRÓPRIA OU EPS' ...
2026-01-14 20:34:05,341 - INFO - 🟨 campo de caracteristica 'EQUIPE PRÓPRIA OU EPS detectado
2026-01-14 20:34:27,108 - INFO - ⌛ Aguardando confirmação 4 - editar OS...
2026-01-14 20:34:57,573 - INFO - ⌛ Aguardando confirmação 4 - editar OS...
2026-01-14 20:36:08,588 - INFO - ⌛ Aguardando janela de confirmação de programação de OS...
2026-01-14 20:36:28,929 - INFO - 🟨 Janela de confirmação de programação de OS detectada
2026-01-14 20:36:32,251 - INFO - ⌛ aguardando janela de programação de lote de OS...
2026-01-14 20:36:52,676 - INFO - 🟨 Janela de aviso de edição de OS programadas detectada
2026-01-14 20:36:56,944 - INFO - ⌛ aguardando janela de programação de lote de OS...
2026-01-14 20:37:17,393 - INFO - 🟨 Janela de aviso de substituição de lote de OS detectada
2026-01-14 20:37:23,654 - INFO - ⌛ aguardando janela de programação de lote de OS...
2026-01-14 20:37:44,059 - INFO - 🟨 Janela de programação de lote de OS detectada
2026-01-14 20:38:11,514 - INFO - ⌛ aguardando janela de confirmação de programação de lote de OS...
2026-01-14 20:38:31,856 - INFO - 🟨 Janela de confirmação de programação de lote de OS detectada
2026-01-14 20:38:36,153 - INFO - ⌛ aguardando confirmação final de programação do lote
2026-01-14 20:38:56,555 - INFO - 🟨 programação do lote 24 efetuado com sucesso
2026-01-14 20:39:06,720 - INFO - 
=== Iniciando lote 25/75 [LV] ===
2026-01-14 20:39:13,066 - INFO - Janela de seleção aberta
2026-01-14 20:39:17,321 - INFO - DEBUG: idx=24, inicio=600, fim=625
2026-01-14 20:39:17,321 - INFO - ✅ 25 OS copiadas para a área de transferência.
2026-01-14 20:39:17,321 - INFO - 📋 Lote 25 copiado.
2026-01-14 20:39:25,662 - INFO - ⌛ Esperando mudança visual...
2026-01-14 20:39:26,669 - INFO - ⌛ Esperando mudança visual...
2026-01-14 20:39:27,683 - INFO - ⌛ Esperando mudança visual...
2026-01-14 20:39:28,698 - INFO - ⌛ Esperando mudança visual...
2026-01-14 20:39:29,721 - INFO - ⌛ Esperando mudança visual...
2026-01-14 20:39:30,735 - INFO - ⌛ Esperando mudança visual...
2026-01-14 20:39:31,746 - INFO - ⌛ Esperando mudança visual...
2026-01-14 20:39:32,769 - INFO - ⌛ Esperando mudança visual...
2026-01-14 20:39:33,781 - INFO - ⌛ Esperando mudança visual...
2026-01-14 20:39:34,799 - INFO - ⌛ Esperando mudança visual...
2026-01-14 20:39:35,818 - INFO - ✅ Tela carregada!
2026-01-14 20:39:46,289 - INFO - ⌛ Aguardando janela de confirmação de desbloqueio...
2026-01-14 20:40:06,614 - INFO - 🟨 Registros desbloqueados com sucesso
2026-01-14 20:40:20,197 - INFO - ⌛ Aguardando janela de edição de OS...
2026-01-14 20:40:50,577 - INFO - 🟨 OS programadas detectadas
2026-01-14 20:40:53,735 - INFO - ⌛ Aguardando janela de edição de OS...
2026-01-14 20:41:24,172 - INFO - 🟨 Janela de edição de OS detectada
2026-01-14 20:41:45,539 - INFO - 🟨 Janela de edição de habilidade da turma detectada
2026-01-14 20:42:30,864 - INFO - ⌛ Aguardando detecção do campo de caracteristica 'EQUIPE PRÓPRIA OU EPS' ...
2026-01-14 20:43:03,105 - INFO - ⌛ Aguardando detecção do campo de caracteristica 'EQUIPE PRÓPRIA OU EPS' ...
2026-01-14 20:43:35,353 - INFO - 🟨 campo de caracteristica 'EQUIPE PRÓPRIA OU EPS detectado
2026-01-14 20:43:57,082 - INFO - ⌛ Aguardando confirmação 4 - editar OS...
2026-01-14 20:45:08,040 - INFO - ⌛ Aguardando janela de confirmação de programação de OS...
2026-01-14 20:45:28,392 - INFO - 🟨 Janela de confirmação de programação de OS detectada
2026-01-14 20:45:31,696 - INFO - ⌛ aguardando janela de programação de lote de OS...
2026-01-14 20:45:52,121 - INFO - 🟨 Janela de aviso de edição de OS programadas detectada
2026-01-14 20:45:56,385 - INFO - ⌛ aguardando janela de programação de lote de OS...
2026-01-14 20:46:16,857 - INFO - 🟨 Janela de aviso de substituição de lote de OS detectada
2026-01-14 20:46:23,120 - INFO - ⌛ aguardando janela de programação de lote de OS...
2026-01-14 20:46:43,548 - INFO - 🟨 Janela de programação de lote de OS detectada
2026-01-14 20:47:11,003 - INFO - ⌛ aguardando janela de confirmação de programação de lote de OS...
2026-01-14 20:47:31,314 - INFO - 🟨 Janela de confirmação de programação de lote de OS detectada
2026-01-14 20:47:35,628 - INFO - ⌛ aguardando confirmação final de programação do lote
2026-01-14 20:47:56,020 - INFO - 🟨 programação do lote 25 efetuado com sucesso
2026-01-14 20:48:06,174 - INFO - 
=== Iniciando lote 26/75 [LV] ===
2026-01-14 20:48:12,529 - INFO - Janela de seleção aberta
2026-01-14 20:48:16,772 - INFO - DEBUG: idx=25, inicio=625, fim=650
2026-01-14 20:48:16,772 - INFO - ✅ 25 OS copiadas para a área de transferência.
2026-01-14 20:48:16,772 - INFO - 📋 Lote 26 copiado.
2026-01-14 20:48:25,097 - INFO - ⌛ Esperando mudança visual...
2026-01-14 20:48:26,107 - INFO - ⌛ Esperando mudança visual...
2026-01-14 20:48:27,127 - INFO - ⌛ Esperando mudança visual...
2026-01-14 20:48:28,145 - INFO - ⌛ Esperando mudança visual...
2026-01-14 20:48:29,156 - INFO - ⌛ Esperando mudança visual...
2026-01-14 20:48:30,173 - INFO - ⌛ Esperando mudança visual...
2026-01-14 20:48:31,192 - INFO - ⌛ Esperando mudança visual...
2026-01-14 20:48:32,204 - INFO - ⌛ Esperando mudança visual...
2026-01-14 20:48:33,228 - INFO - ⌛ Esperando mudança visual...
2026-01-14 20:48:34,243 - INFO - ⌛ Esperando mudança visual...
2026-01-14 20:48:35,260 - INFO - ⌛ Esperando mudança visual...
2026-01-14 20:48:36,269 - INFO - ✅ Tela carregada!
2026-01-14 20:48:46,751 - INFO - ⌛ Aguardando janela de confirmação de desbloqueio...
2026-01-14 20:49:07,087 - INFO - 🟨 Registros desbloqueados com sucesso
2026-01-14 20:49:20,643 - INFO - ⌛ Aguardando janela de edição de OS...
2026-01-14 20:49:51,027 - INFO - 🟨 OS programadas detectadas
2026-01-14 20:49:54,196 - INFO - ⌛ Aguardando janela de edição de OS...
2026-01-14 20:50:24,605 - INFO - 🟨 Janela de edição de OS detectada
2026-01-14 20:50:45,955 - INFO - 🟨 Janela de edição de habilidade da turma detectada
2026-01-14 20:51:31,270 - INFO - ⌛ Aguardando detecção do campo de caracteristica 'EQUIPE PRÓPRIA OU EPS' ...
2026-01-14 20:52:03,522 - INFO - ⌛ Aguardando detecção do campo de caracteristica 'EQUIPE PRÓPRIA OU EPS' ...
2026-01-14 20:52:35,771 - INFO - 🟨 campo de caracteristica 'EQUIPE PRÓPRIA OU EPS detectado
2026-01-14 20:52:57,507 - INFO - ⌛ Aguardando confirmação 4 - editar OS...
2026-01-14 20:53:27,827 - INFO - ⌛ Aguardando confirmação 4 - editar OS...
2026-01-14 20:54:38,813 - INFO - ⌛ Aguardando janela de confirmação de programação de OS...
2026-01-14 20:54:59,155 - INFO - 🟨 Janela de confirmação de programação de OS detectada
2026-01-14 20:55:02,454 - INFO - 🟨 Janela de aviso de edição de OS programadas detectada
2026-01-14 20:55:06,713 - INFO - ⌛ aguardando janela de programação de lote de OS...
2026-01-14 20:55:27,132 - INFO - 🟨 Janela de aviso de substituição de lote de OS detectada
2026-01-14 20:55:33,389 - INFO - ⌛ aguardando janela de programação de lote de OS...
2026-01-14 20:55:53,863 - INFO - 🟨 Janela de programação de lote de OS detectada
2026-01-14 20:56:21,293 - INFO - ⌛ aguardando janela de confirmação de programação de lote de OS...
2026-01-14 20:56:41,634 - INFO - 🟨 Janela de confirmação de programação de lote de OS detectada
2026-01-14 20:56:45,891 - INFO - ⌛ aguardando confirmação final de programação do lote
2026-01-14 20:57:06,271 - INFO - 🟨 programação do lote 26 efetuado com sucesso
2026-01-14 20:57:16,427 - INFO - 
=== Iniciando lote 27/75 [LV] ===
2026-01-14 20:57:22,786 - INFO - Janela de seleção aberta
2026-01-14 20:57:27,013 - INFO - DEBUG: idx=26, inicio=650, fim=675
2026-01-14 20:57:27,013 - INFO - ✅ 25 OS copiadas para a área de transferência.
2026-01-14 20:57:27,013 - INFO - 📋 Lote 27 copiado.
2026-01-14 20:57:35,352 - INFO - ⌛ Esperando mudança visual...
2026-01-14 20:57:36,362 - INFO - ⌛ Esperando mudança visual...
2026-01-14 20:57:37,389 - INFO - ⌛ Esperando mudança visual...
2026-01-14 20:57:38,397 - INFO - ⌛ Esperando mudança visual...
2026-01-14 20:57:39,411 - INFO - ⌛ Esperando mudança visual...
2026-01-14 20:57:40,429 - INFO - ⌛ Esperando mudança visual...
2026-01-14 20:57:41,450 - INFO - ⌛ Esperando mudança visual...
2026-01-14 20:57:42,460 - INFO - ⌛ Esperando mudança visual...
2026-01-14 20:57:43,476 - INFO - ⌛ Esperando mudança visual...
2026-01-14 20:57:44,495 - INFO - ⌛ Esperando mudança visual...
2026-01-14 20:57:45,501 - INFO - ✅ Tela carregada!
2026-01-14 20:57:55,996 - INFO - ⌛ Aguardando janela de confirmação de desbloqueio...
2026-01-14 20:58:16,344 - INFO - 🟨 Registros desbloqueados com sucesso
2026-01-14 20:58:29,914 - INFO - ⌛ Aguardando janela de edição de OS...
2026-01-14 20:59:00,296 - INFO - 🟨 Janela de edição de OS detectada
2026-01-14 20:59:21,681 - INFO - 🟨 Janela de edição de habilidade da turma detectada
2026-01-14 21:00:07,002 - INFO - ⌛ Aguardando detecção do campo de caracteristica 'EQUIPE PRÓPRIA OU EPS' ...
2026-01-14 21:00:39,261 - INFO - ⌛ Aguardando detecção do campo de caracteristica 'EQUIPE PRÓPRIA OU EPS' ...
2026-01-14 21:01:11,514 - INFO - 🟨 campo de caracteristica 'EQUIPE PRÓPRIA OU EPS detectado
2026-01-14 21:01:33,263 - INFO - ⌛ Aguardando confirmação 4 - editar OS...
2026-01-14 21:02:44,257 - INFO - ⌛ Aguardando janela de confirmação de programação de OS...
2026-01-14 21:03:04,624 - INFO - 🟨 Janela de confirmação de programação de OS detectada
2026-01-14 21:03:07,928 - INFO - ⌛ aguardando janela de programação de lote de OS...
2026-01-14 21:03:28,378 - INFO - 🟨 Janela de programação de lote de OS detectada
2026-01-14 21:03:55,842 - INFO - ⌛ aguardando janela de confirmação de programação de lote de OS...
2026-01-14 21:04:16,181 - INFO - 🟨 Janela de confirmação de programação de lote de OS detectada
2026-01-14 21:04:20,424 - INFO - ⌛ aguardando confirmação final de programação do lote
2026-01-14 21:04:40,807 - INFO - 🟨 programação do lote 27 efetuado com sucesso
2026-01-14 21:04:50,956 - INFO - 
=== Iniciando lote 28/75 [LV] ===
2026-01-14 21:04:57,293 - INFO - Janela de seleção aberta
2026-01-14 21:05:01,549 - INFO - DEBUG: idx=27, inicio=675, fim=700
2026-01-14 21:05:01,549 - INFO - ✅ 25 OS copiadas para a área de transferência.
2026-01-14 21:05:01,549 - INFO - 📋 Lote 28 copiado.
2026-01-14 21:05:09,878 - INFO - ⌛ Esperando mudança visual...
2026-01-14 21:05:10,898 - INFO - ⌛ Esperando mudança visual...
2026-01-14 21:05:11,920 - INFO - ⌛ Esperando mudança visual...
2026-01-14 21:05:12,935 - INFO - ⌛ Esperando mudança visual...
2026-01-14 21:05:13,951 - INFO - ⌛ Esperando mudança visual...
2026-01-14 21:05:14,963 - INFO - ⌛ Esperando mudança visual...
2026-01-14 21:05:15,975 - INFO - ⌛ Esperando mudança visual...
2026-01-14 21:05:16,997 - INFO - ⌛ Esperando mudança visual...
2026-01-14 21:05:18,004 - INFO - ⌛ Esperando mudança visual...
2026-01-14 21:05:19,023 - INFO - ⌛ Esperando mudança visual...
2026-01-14 21:05:20,043 - INFO - ⌛ Esperando mudança visual...
2026-01-14 21:05:21,060 - INFO - ⌛ Esperando mudança visual...
2026-01-14 21:05:22,071 - INFO - ⌛ Esperando mudança visual...
2026-01-14 21:05:23,090 - INFO - ✅ Tela carregada!
2026-01-14 21:05:33,571 - INFO - ⌛ Aguardando janela de confirmação de desbloqueio...
2026-01-14 21:05:53,906 - INFO - 🟨 Registros desbloqueados com sucesso
2026-01-14 21:06:07,475 - INFO - ⌛ Aguardando janela de edição de OS...
2026-01-14 21:06:37,904 - INFO - 🟨 OS programadas detectadas
2026-01-14 21:06:41,060 - INFO - ⌛ Aguardando janela de edição de OS...
2026-01-14 21:07:11,471 - INFO - ⌛ Aguardando janela de edição de OS...
2026-01-14 21:07:41,851 - INFO - ⌛ Aguardando janela de edição de OS...
2026-01-14 21:08:12,232 - INFO - ⌛ Aguardando janela de edição de OS...
2026-01-14 21:08:42,611 - INFO - ⌛ Aguardando janela de edição de OS...
2026-01-14 21:09:13,007 - INFO - ⌛ Aguardando janela de edição de OS...
2026-01-14 21:09:43,406 - INFO - ⌛ Aguardando janela de edição de OS...
2026-01-14 21:10:13,791 - INFO - ⌛ Aguardando janela de edição de OS...
2026-01-14 21:10:44,156 - INFO - ⌛ Aguardando janela de edição de OS...
2026-01-14 21:11:14,542 - INFO - ⌛ Aguardando janela de edição de OS...
2026-01-14 21:11:44,935 - INFO - ⌛ Aguardando janela de edição de OS...
2026-01-14 21:12:15,321 - INFO - ⌛ Aguardando janela de edição de OS...
2026-01-14 21:12:45,737 - INFO - ⌛ Aguardando janela de edição de OS...
2026-01-14 21:13:16,212 - INFO - ⌛ Aguardando janela de edição de OS...
2026-01-14 21:13:46,604 - INFO - ⌛ Aguardando janela de edição de OS...
2026-01-14 21:14:16,992 - INFO - ⌛ Aguardando janela de edição de OS...
2026-01-14 21:14:47,396 - INFO - ⌛ Aguardando janela de edição de OS...
2026-01-14 21:15:17,782 - INFO - ⌛ Aguardando janela de edição de OS...
2026-01-14 21:15:48,152 - INFO - ⌛ Aguardando janela de edição de OS...
2026-01-14 21:16:18,527 - INFO - Janela restaurada
2026-01-14 21:16:28,988 - INFO - ⏱️ Tempo limite atingido. Abortando seleção
