2026-03-05 11:52:59,757 - INFO - Data hoje: 05/03/2026
2026-03-05 11:52:59,758 - INFO - Data de referência: 31/03/2026
2026-03-05 11:54:10,021 - INFO - Qtde OS de LINHA VIVA: 2071
2026-03-05 11:54:10,021 - INFO - Qtde OS poda de LINHA MORTA: 471
2026-03-05 11:54:10,021 - INFO - Qtde OS estrutural de LINHA MORTA : 136
2026-03-05 11:54:10,021 - INFO - Qtde OS poda de LINHA MORTA fora carteira: 2791
2026-03-05 11:54:10,021 - INFO - Qtde OS para desprogramar: 873
2026-03-05 11:54:10,021 - INFO - 
 Qtd de lotes de LM: 19
2026-03-05 11:54:10,021 - INFO - 
 Qtd de lotes de LV: 83
2026-03-05 11:54:10,037 - INFO - 
 Qtd de lotes de ESTRUTURAL LM: 6
2026-03-05 11:54:10,037 - INFO - 
 Qtd de lotes de LEVE: 112
2026-03-05 11:54:10,037 - INFO - 
 Qtd de lotes para desprogramar: 35
2026-03-05 11:54:10,037 - INFO - 
=== Iniciando lote 1/6 [REDES] ===
2026-03-05 11:54:16,422 - INFO - Janela de seleção aberta
2026-03-05 11:54:20,650 - INFO - DEBUG: idx=0, inicio=0, fim=25
2026-03-05 11:54:20,650 - INFO - ✅ 25 OS copiadas para a área de transferência.
2026-03-05 11:54:20,650 - INFO - 📋 Lote 1 copiado.
2026-03-05 11:54:28,991 - INFO - ⌛ Esperando mudança visual...
2026-03-05 11:54:30,019 - INFO - ✅ Tela carregada!
2026-03-05 11:54:40,512 - INFO - ⌛ Aguardando janela de confirmação de desbloqueio...
2026-03-05 11:54:55,971 - INFO - 🟨 Registros desbloqueados com sucesso
2026-03-05 11:55:09,509 - INFO - ⌛ Aguardando janela de edição de OS...
2026-03-05 11:55:24,988 - INFO - 🟨 OS programadas detectadas
2026-03-05 11:55:28,169 - INFO - ⌛ Aguardando janela de edição de OS...
2026-03-05 11:55:43,603 - INFO - 🟨 Janela de edição de OS detectada
2026-03-05 11:56:04,964 - INFO - 🟨 Janela de edição de habilidade da turma detectada
2026-03-05 11:57:23,321 - INFO - ⌛ Aguardando detecção do campo de caracteristica 'EQUIPE PRÓPRIA OU EPS' ...
2026-03-05 11:57:42,690 - INFO - 🟨 campo de caracteristica 'EQUIPE PRÓPRIA OU EPS detectado
2026-03-05 11:58:04,462 - INFO - ⌛ Aguardando confirmação 4 - editar OS...
2026-03-05 11:58:19,946 - INFO - ⌛ Aguardando confirmação 4 - editar OS...
2026-03-05 11:58:35,415 - INFO - ⌛ Aguardando confirmação 4 - editar OS...
2026-03-05 11:58:50,851 - INFO - 🟨 Janela de confirmação 4 de edição de OS detectada
2026-03-05 11:59:21,558 - INFO - ⌛ Aguardando janela de confirmação de programação de OS...
2026-03-05 11:59:41,882 - INFO - 🟨 Janela de confirmação de programação de OS detectada
2026-03-05 11:59:55,250 - INFO - 🟨 Janela de aviso de edição de OS programadas detectada
2026-03-05 11:59:59,514 - INFO - ⌛ aguardando janela de programação de lote de OS...
2026-03-05 12:00:20,179 - INFO - 🟨 Janela de aviso de substituição de lote de OS detectada
2026-03-05 12:00:26,438 - INFO - ⌛ aguardando janela de programação de lote de OS...
2026-03-05 12:00:46,953 - INFO - 🟨 Janela de programação de lote de OS detectada
2026-03-05 12:01:24,563 - INFO - 🟨 Janela de confirmação de programação de lote de OS detectada
2026-03-05 12:01:28,821 - INFO - ⌛ aguardando confirmação final de programação do lote
2026-03-05 12:01:49,326 - INFO - 🟨 programação do lote 1 efetuado com sucesso
2026-03-05 12:01:59,482 - INFO - 
=== Iniciando lote 2/6 [REDES] ===
2026-03-05 12:02:05,843 - INFO - Janela de seleção aberta
2026-03-05 12:02:10,076 - INFO - DEBUG: idx=1, inicio=25, fim=50
2026-03-05 12:02:10,076 - INFO - ✅ 25 OS copiadas para a área de transferência.
2026-03-05 12:02:10,076 - INFO - 📋 Lote 2 copiado.
2026-03-05 12:02:18,403 - INFO - ⌛ Esperando mudança visual...
2026-03-05 12:02:19,428 - INFO - ⌛ Esperando mudança visual...
2026-03-05 12:02:20,437 - INFO - ⌛ Esperando mudança visual...
2026-03-05 12:02:21,452 - INFO - ⌛ Esperando mudança visual...
2026-03-05 12:02:22,467 - INFO - ⌛ Esperando mudança visual...
2026-03-05 12:02:23,483 - INFO - ⌛ Esperando mudança visual...
2026-03-05 12:02:24,501 - INFO - ⌛ Esperando mudança visual...
2026-03-05 12:02:25,515 - INFO - ⌛ Esperando mudança visual...
2026-03-05 12:02:26,531 - INFO - ⌛ Esperando mudança visual...
2026-03-05 12:02:27,533 - INFO - ⌛ Esperando mudança visual...
2026-03-05 12:02:28,563 - INFO - ⌛ Esperando mudança visual...
2026-03-05 12:02:29,579 - INFO - ⌛ Esperando mudança visual...
2026-03-05 12:02:30,594 - INFO - ⌛ Esperando mudança visual...
2026-03-05 12:02:31,607 - INFO - ✅ Tela carregada!
2026-03-05 12:02:42,087 - INFO - ⌛ Aguardando janela de confirmação de desbloqueio...
2026-03-05 12:02:57,511 - INFO - 🟨 Registros desbloqueados com sucesso
2026-03-05 12:03:11,040 - INFO - ⌛ Aguardando janela de edição de OS...
2026-03-05 12:03:26,505 - INFO - 🟨 OS programadas detectadas
2026-03-05 12:03:29,667 - INFO - ⌛ Aguardando janela de edição de OS...
2026-03-05 12:03:45,086 - INFO - 🟨 Janela de edição de OS detectada
2026-03-05 12:04:06,452 - INFO - 🟨 Janela de edição de habilidade da turma detectada
2026-03-05 12:05:24,777 - INFO - ⌛ Aguardando detecção do campo de caracteristica 'EQUIPE PRÓPRIA OU EPS' ...
2026-03-05 12:05:44,128 - INFO - 🟨 campo de caracteristica 'EQUIPE PRÓPRIA OU EPS detectado
2026-03-05 12:06:05,929 - INFO - ⌛ Aguardando confirmação 4 - editar OS...
2026-03-05 12:06:21,402 - INFO - ⌛ Aguardando confirmação 4 - editar OS...
2026-03-05 12:06:36,894 - INFO - ⌛ Aguardando confirmação 4 - editar OS...
2026-03-05 12:06:52,403 - INFO - 🟨 Janela de confirmação 4 de edição de OS detectada
2026-03-05 12:07:23,078 - INFO - ⌛ Aguardando janela de confirmação de programação de OS...
2026-03-05 12:07:43,411 - INFO - 🟨 Janela de confirmação de programação de OS detectada
2026-03-05 12:07:56,737 - INFO - 🟨 Janela de aviso de edição de OS programadas detectada
2026-03-05 12:08:01,000 - INFO - ⌛ aguardando janela de programação de lote de OS...
2026-03-05 12:08:21,572 - INFO - 🟨 Janela de aviso de substituição de lote de OS detectada
2026-03-05 12:08:27,844 - INFO - ⌛ aguardando janela de programação de lote de OS...
2026-03-05 12:08:48,366 - INFO - 🟨 Janela de programação de lote de OS detectada
2026-03-05 12:09:25,941 - INFO - 🟨 Janela de confirmação de programação de lote de OS detectada
2026-03-05 12:09:30,209 - INFO - ⌛ aguardando confirmação final de programação do lote
2026-03-05 12:09:50,687 - INFO - 🟨 programação do lote 2 efetuado com sucesso
2026-03-05 12:10:00,836 - INFO - 
=== Iniciando lote 3/6 [REDES] ===
2026-03-05 12:10:07,197 - INFO - Janela de seleção aberta
2026-03-05 12:10:11,440 - INFO - DEBUG: idx=2, inicio=50, fim=75
2026-03-05 12:10:11,440 - INFO - ✅ 25 OS copiadas para a área de transferência.
2026-03-05 12:10:11,440 - INFO - 📋 Lote 3 copiado.
2026-03-05 12:10:19,771 - INFO - ⌛ Esperando mudança visual...
2026-03-05 12:10:20,809 - INFO - ⌛ Esperando mudança visual...
2026-03-05 12:10:21,826 - INFO - ⌛ Esperando mudança visual...
2026-03-05 12:10:22,827 - INFO - ⌛ Esperando mudança visual...
2026-03-05 12:10:23,843 - INFO - ⌛ Esperando mudança visual...
2026-03-05 12:10:24,856 - INFO - ⌛ Esperando mudança visual...
2026-03-05 12:10:25,875 - INFO - ⌛ Esperando mudança visual...
2026-03-05 12:10:26,890 - INFO - ⌛ Esperando mudança visual...
2026-03-05 12:10:27,911 - INFO - ⌛ Esperando mudança visual...
2026-03-05 12:10:28,923 - INFO - ⌛ Esperando mudança visual...
2026-03-05 12:10:29,941 - INFO - ⌛ Esperando mudança visual...
2026-03-05 12:10:30,952 - INFO - ⌛ Esperando mudança visual...
2026-03-05 12:10:31,967 - INFO - ✅ Tela carregada!
2026-03-05 12:10:42,444 - INFO - ⌛ Aguardando janela de confirmação de desbloqueio...
2026-03-05 12:10:57,842 - INFO - 🟨 Registros desbloqueados com sucesso
2026-03-05 12:11:11,358 - INFO - ⌛ Aguardando janela de edição de OS...
2026-03-05 12:11:26,826 - INFO - 🟨 OS programadas detectadas
2026-03-05 12:11:29,978 - INFO - ⌛ Aguardando janela de edição de OS...
2026-03-05 12:11:45,460 - INFO - 🟨 Janela de edição de OS detectada
2026-03-05 12:12:06,812 - INFO - 🟨 Janela de edição de habilidade da turma detectada
2026-03-05 12:13:25,136 - INFO - ⌛ Aguardando detecção do campo de caracteristica 'EQUIPE PRÓPRIA OU EPS' ...
2026-03-05 12:13:44,505 - INFO - 🟨 campo de caracteristica 'EQUIPE PRÓPRIA OU EPS detectado
2026-03-05 12:14:06,323 - INFO - ⌛ Aguardando confirmação 4 - editar OS...
2026-03-05 12:14:21,798 - INFO - ⌛ Aguardando confirmação 4 - editar OS...
2026-03-05 12:14:37,328 - INFO - ⌛ Aguardando confirmação 4 - editar OS...
2026-03-05 12:14:52,810 - INFO - 🟨 Janela de confirmação 4 de edição de OS detectada
2026-03-05 12:15:23,512 - INFO - ⌛ Aguardando janela de confirmação de programação de OS...
2026-03-05 12:15:43,928 - INFO - 🟨 Janela de confirmação de programação de OS detectada
2026-03-05 12:15:57,242 - INFO - 🟨 Janela de aviso de edição de OS programadas detectada
2026-03-05 12:16:01,512 - INFO - ⌛ aguardando janela de programação de lote de OS...
2026-03-05 12:16:22,077 - INFO - 🟨 Janela de aviso de substituição de lote de OS detectada
2026-03-05 12:16:28,355 - INFO - ⌛ aguardando janela de programação de lote de OS...
2026-03-05 12:16:48,940 - INFO - ⌛ aguardando janela de programação de lote de OS...
2026-03-05 12:17:09,497 - INFO - ⌛ aguardando janela de programação de lote de OS...
2026-03-05 12:17:30,055 - INFO - 🟨 Janela de programação de lote de OS detectada
2026-03-05 12:18:07,632 - INFO - 🟨 Janela de confirmação de programação de lote de OS detectada
2026-03-05 12:18:11,906 - INFO - ⌛ aguardando confirmação final de programação do lote
2026-03-05 12:18:32,467 - INFO - 🟨 programação do lote 3 efetuado com sucesso
2026-03-05 12:18:42,649 - INFO - 
=== Iniciando lote 4/6 [REDES] ===
2026-03-05 12:18:49,014 - INFO - Janela de seleção aberta
2026-03-05 12:18:53,253 - INFO - DEBUG: idx=3, inicio=75, fim=100
2026-03-05 12:18:53,253 - INFO - ✅ 25 OS copiadas para a área de transferência.
2026-03-05 12:18:53,253 - INFO - 📋 Lote 4 copiado.
2026-03-05 12:19:01,591 - INFO - ⌛ Esperando mudança visual...
2026-03-05 12:19:02,615 - INFO - ⌛ Esperando mudança visual...
2026-03-05 12:19:03,632 - INFO - ⌛ Esperando mudança visual...
2026-03-05 12:19:04,660 - INFO - ⌛ Esperando mudança visual...
2026-03-05 12:19:05,680 - INFO - ⌛ Esperando mudança visual...
2026-03-05 12:19:06,685 - INFO - ⌛ Esperando mudança visual...
2026-03-05 12:19:07,691 - INFO - ⌛ Esperando mudança visual...
2026-03-05 12:19:08,701 - INFO - ⌛ Esperando mudança visual...
2026-03-05 12:19:09,706 - INFO - ⌛ Esperando mudança visual...
2026-03-05 12:19:10,722 - INFO - ⌛ Esperando mudança visual...
2026-03-05 12:19:11,740 - INFO - ⌛ Esperando mudança visual...
2026-03-05 12:19:12,774 - INFO - ⌛ Esperando mudança visual...
2026-03-05 12:19:13,789 - INFO - ✅ Tela carregada!
2026-03-05 12:19:24,264 - INFO - ⌛ Aguardando janela de confirmação de desbloqueio...
2026-03-05 12:19:39,720 - INFO - 🟨 Registros desbloqueados com sucesso
2026-03-05 12:19:53,226 - INFO - ⌛ Aguardando janela de edição de OS...
2026-03-05 12:20:08,703 - INFO - 🟨 OS programadas detectadas
2026-03-05 12:20:11,870 - INFO - ⌛ Aguardando janela de edição de OS...
2026-03-05 12:20:27,350 - INFO - 🟨 Janela de edição de OS detectada
2026-03-05 12:20:48,710 - INFO - 🟨 Janela de edição de habilidade da turma detectada
2026-03-05 12:22:07,030 - INFO - ⌛ Aguardando detecção do campo de caracteristica 'EQUIPE PRÓPRIA OU EPS' ...
2026-03-05 12:22:26,383 - INFO - 🟨 campo de caracteristica 'EQUIPE PRÓPRIA OU EPS detectado
2026-03-05 12:22:48,194 - INFO - ⌛ Aguardando confirmação 4 - editar OS...
2026-03-05 12:23:03,649 - INFO - ⌛ Aguardando confirmação 4 - editar OS...
2026-03-05 12:23:19,114 - INFO - ⌛ Aguardando confirmação 4 - editar OS...
2026-03-05 12:23:34,604 - INFO - 🟨 Janela de confirmação 4 de edição de OS detectada
2026-03-05 12:24:05,328 - INFO - ⌛ Aguardando janela de confirmação de programação de OS...
2026-03-05 12:24:25,653 - INFO - 🟨 Janela de confirmação de programação de OS detectada
2026-03-05 12:24:39,068 - INFO - 🟨 Janela de aviso de edição de OS programadas detectada
2026-03-05 12:24:43,325 - INFO - ⌛ aguardando janela de programação de lote de OS...
2026-03-05 12:25:03,903 - INFO - 🟨 Janela de aviso de substituição de lote de OS detectada
2026-03-05 12:25:10,173 - INFO - ⌛ aguardando janela de programação de lote de OS...
2026-03-05 12:25:30,673 - INFO - 🟨 Janela de programação de lote de OS detectada
2026-03-05 12:26:08,237 - INFO - 🟨 Janela de confirmação de programação de lote de OS detectada
2026-03-05 12:26:12,519 - INFO - ⌛ aguardando confirmação final de programação do lote
2026-03-05 12:26:33,091 - INFO - 🟨 programação do lote 4 efetuado com sucesso
2026-03-05 12:26:43,255 - INFO - 
=== Iniciando lote 5/6 [REDES] ===
2026-03-05 12:26:49,605 - INFO - Janela de seleção aberta
2026-03-05 12:26:53,851 - INFO - DEBUG: idx=4, inicio=100, fim=125
2026-03-05 12:26:53,851 - INFO - ✅ 25 OS copiadas para a área de transferência.
2026-03-05 12:26:53,851 - INFO - 📋 Lote 5 copiado.
2026-03-05 12:27:02,175 - INFO - ⌛ Esperando mudança visual...
2026-03-05 12:27:03,192 - INFO - ⌛ Esperando mudança visual...
2026-03-05 12:27:04,209 - INFO - ⌛ Esperando mudança visual...
2026-03-05 12:27:05,225 - INFO - ⌛ Esperando mudança visual...
2026-03-05 12:27:06,231 - INFO - ⌛ Esperando mudança visual...
2026-03-05 12:27:07,240 - INFO - ⌛ Esperando mudança visual...
2026-03-05 12:27:08,259 - INFO - ⌛ Esperando mudança visual...
2026-03-05 12:27:09,271 - INFO - ⌛ Esperando mudança visual...
2026-03-05 12:27:10,286 - INFO - ⌛ Esperando mudança visual...
2026-03-05 12:27:11,301 - INFO - ⌛ Esperando mudança visual...
2026-03-05 12:27:12,318 - INFO - ⌛ Esperando mudança visual...
2026-03-05 12:27:13,331 - INFO - ⌛ Esperando mudança visual...
2026-03-05 12:27:14,349 - INFO - ✅ Tela carregada!
2026-03-05 12:27:24,840 - INFO - ⌛ Aguardando janela de confirmação de desbloqueio...
2026-03-05 12:27:40,284 - INFO - 🟨 Registros desbloqueados com sucesso
2026-03-05 12:27:53,822 - INFO - ⌛ Aguardando janela de edição de OS...
2026-03-05 12:28:09,341 - INFO - 🟨 OS programadas detectadas
2026-03-05 12:28:12,493 - INFO - ⌛ Aguardando janela de edição de OS...
2026-03-05 12:28:27,913 - INFO - 🟨 Janela de edição de OS detectada
2026-03-05 12:28:49,281 - INFO - 🟨 Janela de edição de habilidade da turma detectada
2026-03-05 12:30:07,614 - INFO - ⌛ Aguardando detecção do campo de caracteristica 'EQUIPE PRÓPRIA OU EPS' ...
2026-03-05 12:30:26,966 - INFO - 🟨 campo de caracteristica 'EQUIPE PRÓPRIA OU EPS detectado
2026-03-05 12:30:48,774 - INFO - ⌛ Aguardando confirmação 4 - editar OS...
2026-03-05 12:31:04,270 - INFO - ⌛ Aguardando confirmação 4 - editar OS...
2026-03-05 12:31:19,869 - INFO - ⌛ Aguardando confirmação 4 - editar OS...
2026-03-05 12:31:35,370 - INFO - 🟨 Janela de confirmação 4 de edição de OS detectada
2026-03-05 12:32:06,098 - INFO - ⌛ Aguardando janela de confirmação de programação de OS...
2026-03-05 12:32:26,482 - INFO - 🟨 Janela de confirmação de programação de OS detectada
2026-03-05 12:32:39,828 - INFO - 🟨 Janela de aviso de edição de OS programadas detectada
2026-03-05 12:32:44,094 - INFO - ⌛ aguardando janela de programação de lote de OS...
2026-03-05 12:33:04,707 - INFO - 🟨 Janela de aviso de substituição de lote de OS detectada
2026-03-05 12:33:10,987 - INFO - ⌛ aguardando janela de programação de lote de OS...
2026-03-05 12:33:31,557 - INFO - ⌛ aguardando janela de programação de lote de OS...
2026-03-05 12:33:52,134 - INFO - ⌛ aguardando janela de programação de lote de OS...
2026-03-05 12:34:12,684 - INFO - 🟨 Janela de programação de lote de OS detectada
2026-03-05 12:34:50,290 - INFO - 🟨 Janela de confirmação de programação de lote de OS detectada
2026-03-05 12:34:54,552 - INFO - ⌛ aguardando confirmação final de programação do lote
2026-03-05 12:35:15,127 - INFO - 🟨 programação do lote 5 efetuado com sucesso
2026-03-05 12:35:25,284 - INFO - 
=== Iniciando lote 6/6 [REDES] ===
2026-03-05 12:35:31,636 - INFO - Janela de seleção aberta
2026-03-05 12:35:35,869 - INFO - DEBUG: idx=5, inicio=125, fim=150
2026-03-05 12:35:35,869 - INFO - ✅ 11 OS copiadas para a área de transferência.
2026-03-05 12:35:35,869 - INFO - 📋 Lote 6 copiado.
2026-03-05 12:35:44,194 - INFO - ⌛ Esperando mudança visual...
2026-03-05 12:35:45,211 - INFO - ⌛ Esperando mudança visual...
2026-03-05 12:35:46,232 - INFO - ⌛ Esperando mudança visual...
2026-03-05 12:35:47,267 - INFO - ⌛ Esperando mudança visual...
2026-03-05 12:35:48,274 - INFO - ⌛ Esperando mudança visual...
2026-03-05 12:35:49,293 - INFO - ⌛ Esperando mudança visual...
2026-03-05 12:35:50,313 - INFO - ⌛ Esperando mudança visual...
2026-03-05 12:35:51,326 - INFO - ⌛ Esperando mudança visual...
2026-03-05 12:35:52,341 - INFO - ⌛ Esperando mudança visual...
2026-03-05 12:35:53,356 - INFO - ⌛ Esperando mudança visual...
2026-03-05 12:35:54,384 - INFO - ⌛ Esperando mudança visual...
2026-03-05 12:35:55,403 - INFO - ⌛ Esperando mudança visual...
2026-03-05 12:35:56,418 - INFO - ✅ Tela carregada!
2026-03-05 12:36:06,895 - INFO - ⌛ Aguardando janela de confirmação de desbloqueio...
2026-03-05 12:36:22,342 - INFO - 🟨 Registros desbloqueados com sucesso
2026-03-05 12:36:35,861 - INFO - 🟨 OS programadas detectadas
2026-03-05 12:36:39,034 - INFO - ⌛ Aguardando janela de edição de OS...
2026-03-05 12:36:54,496 - INFO - 🟨 Janela de edição de OS detectada
2026-03-05 12:37:15,856 - INFO - 🟨 Janela de edição de habilidade da turma detectada
2026-03-05 12:38:34,155 - INFO - ⌛ Aguardando detecção do campo de caracteristica 'EQUIPE PRÓPRIA OU EPS' ...
2026-03-05 12:38:53,521 - INFO - 🟨 campo de caracteristica 'EQUIPE PRÓPRIA OU EPS detectado
2026-03-05 12:39:15,303 - INFO - 🟨 Janela de atenção de OS com contrato não vigente, pulando lote
2026-03-05 12:39:27,521 - INFO - 
=== Iniciando lote 1/83 [LV] ===
2026-03-05 12:39:33,868 - INFO - Janela de seleção aberta
2026-03-05 12:39:38,116 - INFO - DEBUG: idx=0, inicio=0, fim=25
2026-03-05 12:39:38,116 - INFO - ✅ 25 OS copiadas para a área de transferência.
2026-03-05 12:39:38,116 - INFO - 📋 Lote 1 copiado.
2026-03-05 12:39:46,467 - INFO - ⌛ Esperando mudança visual...
2026-03-05 12:39:47,475 - INFO - ⌛ Esperando mudança visual...
2026-03-05 12:39:48,497 - INFO - ⌛ Esperando mudança visual...
2026-03-05 12:39:49,509 - INFO - ⌛ Esperando mudança visual...
2026-03-05 12:39:50,533 - INFO - ⌛ Esperando mudança visual...
2026-03-05 12:39:51,539 - INFO - ⌛ Esperando mudança visual...
2026-03-05 12:39:52,547 - INFO - ⌛ Esperando mudança visual...
2026-03-05 12:39:53,557 - INFO - ⌛ Esperando mudança visual...
2026-03-05 12:39:54,574 - INFO - ⌛ Esperando mudança visual...
2026-03-05 12:39:55,600 - INFO - ⌛ Esperando mudança visual...
2026-03-05 12:39:56,638 - INFO - ⌛ Esperando mudança visual...
2026-03-05 12:39:57,651 - INFO - ✅ Tela carregada!
2026-03-05 12:40:08,126 - INFO - ⌛ Aguardando janela de confirmação de desbloqueio...
2026-03-05 12:40:23,524 - INFO - 🟨 Registros desbloqueados com sucesso
2026-03-05 12:40:37,039 - INFO - ⌛ Aguardando janela de edição de OS...
2026-03-05 12:40:52,480 - INFO - 🟨 OS programadas detectadas
2026-03-05 12:40:55,642 - INFO - ⌛ Aguardando janela de edição de OS...
2026-03-05 12:41:11,074 - INFO - 🟨 Janela de edição de OS detectada
2026-03-05 12:41:32,440 - INFO - 🟨 Janela de edição de habilidade da turma detectada
2026-03-05 12:42:50,763 - INFO - ⌛ Aguardando detecção do campo de caracteristica 'EQUIPE PRÓPRIA OU EPS' ...
2026-03-05 12:43:10,129 - INFO - 🟨 campo de caracteristica 'EQUIPE PRÓPRIA OU EPS detectado
2026-03-05 12:43:31,926 - INFO - ⌛ Aguardando confirmação 4 - editar OS...
2026-03-05 12:43:47,416 - INFO - ⌛ Aguardando confirmação 4 - editar OS...
2026-03-05 12:44:02,905 - INFO - ⌛ Aguardando confirmação 4 - editar OS...
2026-03-05 12:44:18,380 - INFO - 🟨 Janela de confirmação 4 de edição de OS detectada
2026-03-05 12:44:49,099 - INFO - ⌛ Aguardando janela de confirmação de programação de OS...
2026-03-05 12:45:09,444 - INFO - 🟨 Janela de confirmação de programação de OS detectada
2026-03-05 12:45:22,771 - INFO - 🟨 Janela de aviso de edição de OS programadas detectada
2026-03-05 12:45:27,044 - INFO - ⌛ aguardando janela de programação de lote de OS...
2026-03-05 12:45:47,623 - INFO - 🟨 Janela de aviso de substituição de lote de OS detectada
2026-03-05 12:45:53,886 - INFO - ⌛ aguardando janela de programação de lote de OS...
2026-03-05 12:46:14,429 - INFO - 🟨 Janela de programação de lote de OS detectada
2026-03-05 12:46:52,016 - INFO - 🟨 Janela de confirmação de programação de lote de OS detectada
2026-03-05 12:46:56,284 - INFO - ⌛ aguardando confirmação final de programação do lote
2026-03-05 12:47:16,868 - INFO - 🟨 programação do lote 1 efetuado com sucesso
2026-03-05 12:47:27,020 - INFO - 
=== Iniciando lote 2/83 [LV] ===
2026-03-05 12:47:33,384 - INFO - Janela de seleção aberta
2026-03-05 12:47:37,616 - INFO - DEBUG: idx=1, inicio=25, fim=50
2026-03-05 12:47:37,616 - INFO - ✅ 25 OS copiadas para a área de transferência.
2026-03-05 12:47:37,616 - INFO - 📋 Lote 2 copiado.
2026-03-05 12:47:45,937 - INFO - ⌛ Esperando mudança visual...
2026-03-05 12:47:46,955 - INFO - ⌛ Esperando mudança visual...
2026-03-05 12:47:47,975 - INFO - ⌛ Esperando mudança visual...
2026-03-05 12:47:49,001 - INFO - ⌛ Esperando mudança visual...
2026-03-05 12:47:50,010 - INFO - ⌛ Esperando mudança visual...
2026-03-05 12:47:51,022 - INFO - ⌛ Esperando mudança visual...
2026-03-05 12:47:52,050 - INFO - ⌛ Esperando mudança visual...
2026-03-05 12:47:53,054 - INFO - ⌛ Esperando mudança visual...
2026-03-05 12:47:54,066 - INFO - ⌛ Esperando mudança visual...
2026-03-05 12:47:55,082 - INFO - ⌛ Esperando mudança visual...
2026-03-05 12:47:56,101 - INFO - ⌛ Esperando mudança visual...
2026-03-05 12:47:57,116 - INFO - ✅ Tela carregada!
2026-03-05 12:48:07,608 - INFO - ⌛ Aguardando janela de confirmação de desbloqueio...
2026-03-05 12:48:23,028 - INFO - 🟨 Registros desbloqueados com sucesso
2026-03-05 12:48:36,527 - INFO - ⌛ Aguardando janela de edição de OS...
2026-03-05 12:48:51,971 - INFO - 🟨 OS programadas detectadas
2026-03-05 12:48:55,130 - INFO - ⌛ Aguardando janela de edição de OS...
2026-03-05 12:49:10,541 - INFO - 🟨 Janela de edição de OS detectada
2026-03-05 12:49:31,899 - INFO - 🟨 Janela de edição de habilidade da turma detectada
2026-03-05 12:50:50,218 - INFO - ⌛ Aguardando detecção do campo de caracteristica 'EQUIPE PRÓPRIA OU EPS' ...
2026-03-05 12:51:09,574 - INFO - 🟨 campo de caracteristica 'EQUIPE PRÓPRIA OU EPS detectado
2026-03-05 12:51:31,385 - INFO - ⌛ Aguardando confirmação 4 - editar OS...
2026-03-05 12:51:46,935 - INFO - ⌛ Aguardando confirmação 4 - editar OS...
2026-03-05 12:52:02,445 - INFO - ⌛ Aguardando confirmação 4 - editar OS...
2026-03-05 12:52:17,878 - INFO - 🟨 Janela de confirmação 4 de edição de OS detectada
2026-03-05 12:52:48,612 - INFO - ⌛ Aguardando janela de confirmação de programação de OS...
2026-03-05 12:53:08,995 - INFO - 🟨 Janela de confirmação de programação de OS detectada
2026-03-05 12:53:22,327 - INFO - 🟨 Janela de aviso de edição de OS programadas detectada
2026-03-05 12:53:26,594 - INFO - ⌛ aguardando janela de programação de lote de OS...
2026-03-05 12:53:47,154 - INFO - 🟨 Janela de aviso de substituição de lote de OS detectada
2026-03-05 12:53:53,432 - INFO - ⌛ aguardando janela de programação de lote de OS...
2026-03-05 12:54:13,933 - INFO - 🟨 Janela de programação de lote de OS detectada
2026-03-05 12:54:51,510 - INFO - 🟨 Janela de confirmação de programação de lote de OS detectada
2026-03-05 12:54:55,766 - INFO - ⌛ aguardando confirmação final de programação do lote
2026-03-05 12:55:16,277 - INFO - 🟨 programação do lote 2 efetuado com sucesso
2026-03-05 12:55:26,433 - INFO - 
=== Iniciando lote 3/83 [LV] ===
2026-03-05 12:55:32,799 - INFO - Janela de seleção aberta
2026-03-05 12:55:37,031 - INFO - DEBUG: idx=2, inicio=50, fim=75
2026-03-05 12:55:37,031 - INFO - ✅ 25 OS copiadas para a área de transferência.
2026-03-05 12:55:37,031 - INFO - 📋 Lote 3 copiado.
2026-03-05 12:55:45,359 - INFO - ⌛ Esperando mudança visual...
2026-03-05 12:55:46,386 - INFO - ⌛ Esperando mudança visual...
2026-03-05 12:55:47,390 - INFO - ⌛ Esperando mudança visual...
2026-03-05 12:55:48,419 - INFO - ⌛ Esperando mudança visual...
2026-03-05 12:55:49,421 - INFO - ⌛ Esperando mudança visual...
2026-03-05 12:55:50,428 - INFO - ⌛ Esperando mudança visual...
2026-03-05 12:55:51,452 - INFO - ⌛ Esperando mudança visual...
2026-03-05 12:55:52,467 - INFO - ⌛ Esperando mudança visual...
2026-03-05 12:55:53,481 - INFO - ⌛ Esperando mudança visual...
2026-03-05 12:55:54,496 - INFO - ⌛ Esperando mudança visual...
2026-03-05 12:55:55,515 - INFO - ⌛ Esperando mudança visual...
2026-03-05 12:55:56,529 - INFO - ✅ Tela carregada!
2026-03-05 12:56:06,997 - INFO - ⌛ Aguardando janela de confirmação de desbloqueio...
2026-03-05 12:56:22,422 - INFO - 🟨 Registros desbloqueados com sucesso
2026-03-05 12:56:35,951 - INFO - ⌛ Aguardando janela de edição de OS...
2026-03-05 12:56:51,461 - INFO - 🟨 OS programadas detectadas
2026-03-05 12:56:54,615 - INFO - ⌛ Aguardando janela de edição de OS...
2026-03-05 12:57:10,083 - INFO - 🟨 Janela de edição de OS detectada
2026-03-05 12:57:31,436 - INFO - 🟨 Janela de edição de habilidade da turma detectada
2026-03-05 12:58:49,768 - INFO - ⌛ Aguardando detecção do campo de caracteristica 'EQUIPE PRÓPRIA OU EPS' ...
2026-03-05 12:59:09,127 - INFO - 🟨 campo de caracteristica 'EQUIPE PRÓPRIA OU EPS detectado
2026-03-05 12:59:30,921 - INFO - ⌛ Aguardando confirmação 4 - editar OS...
2026-03-05 12:59:46,383 - INFO - ⌛ Aguardando confirmação 4 - editar OS...
2026-03-05 13:00:01,875 - INFO - ⌛ Aguardando confirmação 4 - editar OS...
2026-03-05 13:00:17,422 - INFO - 🟨 Janela de confirmação 4 de edição de OS detectada
2026-03-05 13:00:48,146 - INFO - ⌛ Aguardando janela de confirmação de programação de OS...
2026-03-05 13:01:08,541 - INFO - 🟨 Janela de confirmação de programação de OS detectada
2026-03-05 13:01:21,846 - INFO - 🟨 Janela de aviso de edição de OS programadas detectada
2026-03-05 13:01:26,124 - INFO - ⌛ aguardando janela de programação de lote de OS...
2026-03-05 13:01:46,815 - INFO - 🟨 Janela de aviso de substituição de lote de OS detectada
2026-03-05 13:01:53,080 - INFO - ⌛ aguardando janela de programação de lote de OS...
2026-03-05 13:02:13,660 - INFO - ⌛ aguardando janela de programação de lote de OS...
2026-03-05 13:02:34,207 - INFO - 🟨 Janela de programação de lote de OS detectada
2026-03-05 13:03:11,792 - INFO - 🟨 Janela de confirmação de programação de lote de OS detectada
2026-03-05 13:03:16,068 - INFO - ⌛ aguardando confirmação final de programação do lote
2026-03-05 13:03:36,651 - INFO - 🟨 programação do lote 3 efetuado com sucesso
2026-03-05 13:03:46,813 - INFO - 
=== Iniciando lote 4/83 [LV] ===
2026-03-05 13:03:53,185 - INFO - Janela de seleção aberta
2026-03-05 13:03:57,440 - INFO - DEBUG: idx=3, inicio=75, fim=100
2026-03-05 13:03:57,440 - INFO - ✅ 25 OS copiadas para a área de transferência.
2026-03-05 13:03:57,440 - INFO - 📋 Lote 4 copiado.
2026-03-05 13:04:05,768 - INFO - ⌛ Esperando mudança visual...
2026-03-05 13:04:06,785 - INFO - ⌛ Esperando mudança visual...
2026-03-05 13:04:07,799 - INFO - ⌛ Esperando mudança visual...
2026-03-05 13:04:08,814 - INFO - ⌛ Esperando mudança visual...
2026-03-05 13:04:09,834 - INFO - ⌛ Esperando mudança visual...
2026-03-05 13:04:10,844 - INFO - ⌛ Esperando mudança visual...
2026-03-05 13:04:11,869 - INFO - ⌛ Esperando mudança visual...
2026-03-05 13:04:12,884 - INFO - ⌛ Esperando mudança visual...
2026-03-05 13:04:13,908 - INFO - ⌛ Esperando mudança visual...
2026-03-05 13:04:14,924 - INFO - ⌛ Esperando mudança visual...
2026-03-05 13:04:15,954 - INFO - ✅ Tela carregada!
2026-03-05 13:04:26,432 - INFO - ⌛ Aguardando janela de confirmação de desbloqueio...
2026-03-05 13:04:41,877 - INFO - 🟨 Registros desbloqueados com sucesso
2026-03-05 13:04:55,387 - INFO - ⌛ Aguardando janela de edição de OS...
2026-03-05 13:05:10,851 - INFO - 🟨 OS programadas detectadas
2026-03-05 13:05:14,000 - INFO - ⌛ Aguardando janela de edição de OS...
2026-03-05 13:05:29,409 - INFO - 🟨 Janela de edição de OS detectada
2026-03-05 13:05:50,767 - INFO - 🟨 Janela de edição de habilidade da turma detectada
2026-03-05 13:07:09,110 - INFO - ⌛ Aguardando detecção do campo de caracteristica 'EQUIPE PRÓPRIA OU EPS' ...
2026-03-05 13:07:28,462 - INFO - 🟨 campo de caracteristica 'EQUIPE PRÓPRIA OU EPS detectado
2026-03-05 13:07:50,237 - INFO - ⌛ Aguardando confirmação 4 - editar OS...
2026-03-05 13:08:05,714 - INFO - ⌛ Aguardando confirmação 4 - editar OS...
2026-03-05 13:08:21,203 - INFO - ⌛ Aguardando confirmação 4 - editar OS...
2026-03-05 13:08:36,663 - INFO - 🟨 Janela de confirmação 4 de edição de OS detectada
2026-03-05 13:09:07,360 - INFO - ⌛ Aguardando janela de confirmação de programação de OS...
2026-03-05 13:09:27,702 - INFO - 🟨 Janela de confirmação de programação de OS detectada
2026-03-05 13:09:41,025 - INFO - 🟨 Janela de aviso de edição de OS programadas detectada
2026-03-05 13:09:45,303 - INFO - ⌛ aguardando janela de programação de lote de OS...
2026-03-05 13:10:05,907 - INFO - 🟨 Janela de aviso de substituição de lote de OS detectada
2026-03-05 13:10:12,163 - INFO - ⌛ aguardando janela de programação de lote de OS...
2026-03-05 13:10:32,727 - INFO - ⌛ aguardando janela de programação de lote de OS...
2026-03-05 13:10:53,289 - INFO - ⌛ aguardando janela de programação de lote de OS...
2026-03-05 13:11:13,814 - INFO - 🟨 Janela de programação de lote de OS detectada
2026-03-05 13:11:51,398 - INFO - 🟨 Janela de confirmação de programação de lote de OS detectada
2026-03-05 13:11:55,654 - INFO - ⌛ aguardando confirmação final de programação do lote
2026-03-05 13:12:16,199 - INFO - 🟨 programação do lote 4 efetuado com sucesso
2026-03-05 13:12:26,349 - INFO - 
=== Iniciando lote 5/83 [LV] ===
2026-03-05 13:12:32,714 - INFO - Janela de seleção aberta
2026-03-05 13:12:36,949 - INFO - DEBUG: idx=4, inicio=100, fim=125
2026-03-05 13:12:36,949 - INFO - ✅ 25 OS copiadas para a área de transferência.
2026-03-05 13:12:36,949 - INFO - 📋 Lote 5 copiado.
2026-03-05 13:12:45,274 - INFO - ⌛ Esperando mudança visual...
2026-03-05 13:12:46,294 - INFO - ⌛ Esperando mudança visual...
2026-03-05 13:12:47,306 - INFO - ⌛ Esperando mudança visual...
2026-03-05 13:12:48,335 - INFO - ⌛ Esperando mudança visual...
2026-03-05 13:12:49,340 - INFO - ⌛ Esperando mudança visual...
2026-03-05 13:12:50,353 - INFO - ⌛ Esperando mudança visual...
2026-03-05 13:12:51,371 - INFO - ⌛ Esperando mudança visual...
2026-03-05 13:12:52,388 - INFO - ⌛ Esperando mudança visual...
2026-03-05 13:12:53,421 - INFO - ⌛ Esperando mudança visual...
2026-03-05 13:12:54,433 - INFO - ⌛ Esperando mudança visual...
2026-03-05 13:12:55,449 - INFO - ⌛ Esperando mudança visual...
2026-03-05 13:12:56,465 - INFO - ✅ Tela carregada!
2026-03-05 13:13:06,940 - INFO - ⌛ Aguardando janela de confirmação de desbloqueio...
2026-03-05 13:13:22,345 - INFO - 🟨 Registros desbloqueados com sucesso
2026-03-05 13:13:35,864 - INFO - ⌛ Aguardando janela de edição de OS...
2026-03-05 13:13:51,337 - INFO - 🟨 OS programadas detectadas
2026-03-05 13:13:54,514 - INFO - ⌛ Aguardando janela de edição de OS...
2026-03-05 13:14:09,992 - INFO - 🟨 Janela de edição de OS detectada
2026-03-05 13:14:31,353 - INFO - 🟨 Janela de edição de habilidade da turma detectada
2026-03-05 13:15:49,671 - INFO - ⌛ Aguardando detecção do campo de caracteristica 'EQUIPE PRÓPRIA OU EPS' ...
2026-03-05 13:16:09,040 - INFO - 🟨 campo de caracteristica 'EQUIPE PRÓPRIA OU EPS detectado
2026-03-05 13:16:30,849 - INFO - ⌛ Aguardando confirmação 4 - editar OS...
2026-03-05 13:16:46,349 - INFO - ⌛ Aguardando confirmação 4 - editar OS...
2026-03-05 13:17:01,784 - INFO - ⌛ Aguardando confirmação 4 - editar OS...
2026-03-05 13:17:17,217 - INFO - 🟨 Janela de confirmação 4 de edição de OS detectada
2026-03-05 13:17:47,895 - INFO - ⌛ Aguardando janela de confirmação de programação de OS...
2026-03-05 13:18:08,206 - INFO - 🟨 Janela de confirmação de programação de OS detectada
2026-03-05 13:18:21,515 - INFO - 🟨 Janela de aviso de edição de OS programadas detectada
2026-03-05 13:18:25,791 - INFO - ⌛ aguardando janela de programação de lote de OS...
2026-03-05 13:18:46,341 - INFO - 🟨 Janela de aviso de substituição de lote de OS detectada
2026-03-05 13:18:52,604 - INFO - ⌛ aguardando janela de programação de lote de OS...
2026-03-05 13:19:13,118 - INFO - ⌛ aguardando janela de programação de lote de OS...
2026-03-05 13:19:33,685 - INFO - ⌛ aguardando janela de programação de lote de OS...
2026-03-05 13:19:54,189 - INFO - 🟨 Janela de programação de lote de OS detectada
2026-03-05 13:20:31,810 - INFO - 🟨 Janela de confirmação de programação de lote de OS detectada
2026-03-05 13:20:36,062 - INFO - ⌛ aguardando confirmação final de programação do lote
2026-03-05 13:20:56,559 - INFO - 🟨 programação do lote 5 efetuado com sucesso
2026-03-05 13:21:06,718 - INFO - 
=== Iniciando lote 6/83 [LV] ===
2026-03-05 13:21:13,083 - INFO - Janela de seleção aberta
2026-03-05 13:21:17,334 - INFO - DEBUG: idx=5, inicio=125, fim=150
2026-03-05 13:21:17,334 - INFO - ✅ 25 OS copiadas para a área de transferência.
2026-03-05 13:21:17,334 - INFO - 📋 Lote 6 copiado.
2026-03-05 13:21:25,672 - INFO - ⌛ Esperando mudança visual...
2026-03-05 13:21:26,683 - INFO - ⌛ Esperando mudança visual...
2026-03-05 13:21:27,699 - INFO - ⌛ Esperando mudança visual...
2026-03-05 13:21:28,712 - INFO - ⌛ Esperando mudança visual...
2026-03-05 13:21:29,745 - INFO - ⌛ Esperando mudança visual...
2026-03-05 13:21:30,766 - INFO - ⌛ Esperando mudança visual...
2026-03-05 13:21:31,783 - INFO - ⌛ Esperando mudança visual...
2026-03-05 13:21:32,800 - INFO - ⌛ Esperando mudança visual...
2026-03-05 13:21:33,820 - INFO - ⌛ Esperando mudança visual...
2026-03-05 13:21:34,827 - INFO - ⌛ Esperando mudança visual...
2026-03-05 13:21:35,843 - INFO - ✅ Tela carregada!
2026-03-05 13:21:46,332 - INFO - ⌛ Aguardando janela de confirmação de desbloqueio...
2026-03-05 13:22:01,748 - INFO - 🟨 Registros desbloqueados com sucesso
2026-03-05 13:22:15,267 - INFO - ⌛ Aguardando janela de edição de OS...
2026-03-05 13:22:30,726 - INFO - 🟨 OS programadas detectadas
2026-03-05 13:22:33,892 - INFO - ⌛ Aguardando janela de edição de OS...
2026-03-05 13:22:49,349 - INFO - 🟨 Janela de edição de OS detectada
2026-03-05 13:23:10,729 - INFO - 🟨 Janela de edição de habilidade da turma detectada
2026-03-05 13:24:29,036 - INFO - ⌛ Aguardando detecção do campo de caracteristica 'EQUIPE PRÓPRIA OU EPS' ...
2026-03-05 13:24:48,398 - INFO - 🟨 campo de caracteristica 'EQUIPE PRÓPRIA OU EPS detectado
2026-03-05 13:25:10,192 - INFO - ⌛ Aguardando confirmação 4 - editar OS...
2026-03-05 13:25:25,683 - INFO - ⌛ Aguardando confirmação 4 - editar OS...
2026-03-05 13:25:41,116 - INFO - ⌛ Aguardando confirmação 4 - editar OS...
2026-03-05 13:25:56,524 - INFO - 🟨 Janela de confirmação 4 de edição de OS detectada
2026-03-05 13:26:27,214 - INFO - ⌛ Aguardando janela de confirmação de programação de OS...
2026-03-05 13:26:47,549 - INFO - 🟨 Janela de confirmação de programação de OS detectada
2026-03-05 13:27:00,852 - INFO - 🟨 Janela de aviso de edição de OS programadas detectada
2026-03-05 13:27:05,103 - INFO - ⌛ aguardando janela de programação de lote de OS...
2026-03-05 13:27:25,626 - INFO - 🟨 Janela de aviso de substituição de lote de OS detectada
2026-03-05 13:27:31,898 - INFO - ⌛ aguardando janela de programação de lote de OS...
2026-03-05 13:27:52,447 - INFO - ⌛ aguardando janela de programação de lote de OS...
2026-03-05 13:28:12,953 - INFO - 🟨 Janela de programação de lote de OS detectada
2026-03-05 13:28:50,524 - INFO - 🟨 Janela de confirmação de programação de lote de OS detectada
2026-03-05 13:28:54,788 - INFO - ⌛ aguardando confirmação final de programação do lote
2026-03-05 13:29:15,320 - INFO - 🟨 programação do lote 6 efetuado com sucesso
2026-03-05 13:29:25,483 - INFO - 
=== Iniciando lote 7/83 [LV] ===
2026-03-05 13:29:31,838 - INFO - Janela de seleção aberta
2026-03-05 13:29:36,076 - INFO - DEBUG: idx=6, inicio=150, fim=175
2026-03-05 13:29:36,076 - INFO - ✅ 25 OS copiadas para a área de transferência.
2026-03-05 13:29:36,076 - INFO - 📋 Lote 7 copiado.
2026-03-05 13:29:44,419 - INFO - ⌛ Esperando mudança visual...
2026-03-05 13:29:45,436 - INFO - ⌛ Esperando mudança visual...
2026-03-05 13:29:46,463 - INFO - ⌛ Esperando mudança visual...
2026-03-05 13:29:47,492 - INFO - ⌛ Esperando mudança visual...
2026-03-05 13:29:48,496 - INFO - ⌛ Esperando mudança visual...
2026-03-05 13:29:49,542 - INFO - ⌛ Esperando mudança visual...
2026-03-05 13:29:50,543 - INFO - ⌛ Esperando mudança visual...
2026-03-05 13:29:51,551 - INFO - ⌛ Esperando mudança visual...
2026-03-05 13:29:52,575 - INFO - ⌛ Esperando mudança visual...
2026-03-05 13:29:53,592 - INFO - ⌛ Esperando mudança visual...
2026-03-05 13:29:54,615 - INFO - ✅ Tela carregada!
2026-03-05 13:30:05,087 - INFO - ⌛ Aguardando janela de confirmação de desbloqueio...
2026-03-05 13:30:20,482 - INFO - 🟨 Registros desbloqueados com sucesso
2026-03-05 13:30:34,014 - INFO - ⌛ Aguardando janela de edição de OS...
2026-03-05 13:30:49,448 - INFO - 🟨 OS programadas detectadas
2026-03-05 13:30:52,599 - INFO - ⌛ Aguardando janela de edição de OS...
2026-03-05 13:31:08,073 - INFO - 🟨 Janela de edição de OS detectada
2026-03-05 13:31:29,432 - INFO - 🟨 Janela de edição de habilidade da turma detectada
2026-03-05 13:32:47,748 - INFO - ⌛ Aguardando detecção do campo de caracteristica 'EQUIPE PRÓPRIA OU EPS' ...
2026-03-05 13:33:07,090 - INFO - 🟨 campo de caracteristica 'EQUIPE PRÓPRIA OU EPS detectado
2026-03-05 13:33:28,874 - INFO - ⌛ Aguardando confirmação 4 - editar OS...
2026-03-05 13:33:44,409 - INFO - ⌛ Aguardando confirmação 4 - editar OS...
2026-03-05 13:33:59,845 - INFO - 🟨 Janela de confirmação 4 de edição de OS detectada
2026-03-05 13:34:30,549 - INFO - ⌛ Aguardando janela de confirmação de programação de OS...
2026-03-05 13:34:50,881 - INFO - 🟨 Janela de confirmação de programação de OS detectada
2026-03-05 13:35:04,215 - INFO - 🟨 Janela de aviso de edição de OS programadas detectada
2026-03-05 13:35:08,492 - INFO - ⌛ aguardando janela de programação de lote de OS...
2026-03-05 13:35:29,100 - INFO - 🟨 Janela de aviso de substituição de lote de OS detectada
2026-03-05 13:35:35,392 - INFO - ⌛ aguardando janela de programação de lote de OS...
2026-03-05 13:35:55,920 - INFO - ⌛ aguardando janela de programação de lote de OS...
2026-03-05 13:36:16,543 - INFO - ⌛ aguardando janela de programação de lote de OS...
2026-03-05 13:36:37,079 - INFO - 🟨 Janela de programação de lote de OS detectada
2026-03-05 13:37:14,637 - INFO - 🟨 Janela de confirmação de programação de lote de OS detectada
2026-03-05 13:37:18,886 - INFO - ⌛ aguardando confirmação final de programação do lote
2026-03-05 13:37:39,382 - INFO - 🟨 programação do lote 7 efetuado com sucesso
2026-03-05 13:37:49,536 - INFO - 
=== Iniciando lote 8/83 [LV] ===
2026-03-05 13:37:55,895 - INFO - Janela de seleção aberta
2026-03-05 13:38:00,134 - INFO - DEBUG: idx=7, inicio=175, fim=200
2026-03-05 13:38:00,134 - INFO - ✅ 25 OS copiadas para a área de transferência.
2026-03-05 13:38:00,134 - INFO - 📋 Lote 8 copiado.
2026-03-05 13:38:08,464 - INFO - ⌛ Esperando mudança visual...
2026-03-05 13:38:09,477 - INFO - ⌛ Esperando mudança visual...
2026-03-05 13:38:10,491 - INFO - ⌛ Esperando mudança visual...
2026-03-05 13:38:11,511 - INFO - ⌛ Esperando mudança visual...
2026-03-05 13:38:12,523 - INFO - ⌛ Esperando mudança visual...
2026-03-05 13:38:13,536 - INFO - ⌛ Esperando mudança visual...
2026-03-05 13:38:14,552 - INFO - ⌛ Esperando mudança visual...
2026-03-05 13:38:15,585 - INFO - ⌛ Esperando mudança visual...
2026-03-05 13:38:16,601 - INFO - ⌛ Esperando mudança visual...
2026-03-05 13:38:17,621 - INFO - ⌛ Esperando mudança visual...
2026-03-05 13:38:18,638 - INFO - ✅ Tela carregada!
2026-03-05 13:38:29,122 - INFO - ⌛ Aguardando janela de confirmação de desbloqueio...
2026-03-05 13:38:44,514 - INFO - 🟨 Registros desbloqueados com sucesso
2026-03-05 13:38:58,049 - INFO - ⌛ Aguardando janela de edição de OS...
2026-03-05 13:39:13,475 - INFO - 🟨 OS programadas detectadas
2026-03-05 13:39:16,641 - INFO - ⌛ Aguardando janela de edição de OS...
2026-03-05 13:39:32,089 - INFO - 🟨 Janela de edição de OS detectada
2026-03-05 13:39:53,467 - INFO - 🟨 Janela de edição de habilidade da turma detectada
2026-03-05 13:41:11,810 - INFO - ⌛ Aguardando detecção do campo de caracteristica 'EQUIPE PRÓPRIA OU EPS' ...
2026-03-05 13:41:31,174 - INFO - 🟨 campo de caracteristica 'EQUIPE PRÓPRIA OU EPS detectado
2026-03-05 13:41:52,944 - INFO - ⌛ Aguardando confirmação 4 - editar OS...
2026-03-05 13:42:08,381 - INFO - ⌛ Aguardando confirmação 4 - editar OS...
2026-03-05 13:42:23,833 - INFO - ⌛ Aguardando confirmação 4 - editar OS...
2026-03-05 13:42:39,282 - INFO - 🟨 Janela de confirmação 4 de edição de OS detectada
2026-03-05 13:43:09,960 - INFO - ⌛ Aguardando janela de confirmação de programação de OS...
2026-03-05 13:43:30,328 - INFO - 🟨 Janela de confirmação de programação de OS detectada
2026-03-05 13:43:43,660 - INFO - 🟨 Janela de aviso de edição de OS programadas detectada
2026-03-05 13:43:47,937 - INFO - ⌛ aguardando janela de programação de lote de OS...
2026-03-05 13:44:08,492 - INFO - 🟨 Janela de aviso de substituição de lote de OS detectada
2026-03-05 13:44:14,751 - INFO - ⌛ aguardando janela de programação de lote de OS...
2026-03-05 13:44:35,365 - INFO - ⌛ aguardando janela de programação de lote de OS...
2026-03-05 13:44:55,866 - INFO - 🟨 Janela de programação de lote de OS detectada
2026-03-05 13:45:33,432 - INFO - 🟨 Janela de confirmação de programação de lote de OS detectada
2026-03-05 13:45:37,684 - INFO - ⌛ aguardando confirmação final de programação do lote
2026-03-05 13:45:58,161 - INFO - 🟨 programação do lote 8 efetuado com sucesso
2026-03-05 13:46:08,315 - INFO - 
=== Iniciando lote 9/83 [LV] ===
2026-03-05 13:46:14,650 - INFO - Janela de seleção aberta
2026-03-05 13:46:18,898 - INFO - DEBUG: idx=8, inicio=200, fim=225
2026-03-05 13:46:18,898 - INFO - ✅ 25 OS copiadas para a área de transferência.
2026-03-05 13:46:18,898 - INFO - 📋 Lote 9 copiado.
2026-03-05 13:46:27,224 - INFO - ⌛ Esperando mudança visual...
2026-03-05 13:46:28,238 - INFO - ⌛ Esperando mudança visual...
2026-03-05 13:46:29,254 - INFO - ⌛ Esperando mudança visual...
2026-03-05 13:46:30,268 - INFO - ⌛ Esperando mudança visual...
2026-03-05 13:46:31,286 - INFO - ⌛ Esperando mudança visual...
2026-03-05 13:46:32,294 - INFO - ⌛ Esperando mudança visual...
2026-03-05 13:46:33,345 - INFO - ⌛ Esperando mudança visual...
2026-03-05 13:46:34,349 - INFO - ⌛ Esperando mudança visual...
2026-03-05 13:46:35,369 - INFO - ⌛ Esperando mudança visual...
2026-03-05 13:46:36,412 - INFO - ⌛ Esperando mudança visual...
2026-03-05 13:46:37,428 - INFO - ⌛ Esperando mudança visual...
2026-03-05 13:46:38,447 - INFO - ⌛ Esperando mudança visual...
2026-03-05 13:46:39,465 - INFO - ✅ Tela carregada!
2026-03-05 13:46:49,974 - INFO - ⌛ Aguardando janela de confirmação de desbloqueio...
2026-03-05 18:10:55,110 - INFO - Data hoje: 05/03/2026
2026-03-05 18:10:55,110 - INFO - Data de referência: 31/03/2026
2026-03-05 18:11:22,901 - INFO - Data hoje: 05/03/2026
2026-03-05 18:11:22,901 - INFO - Data de referência: 31/03/2026
2026-03-05 18:12:50,573 - INFO - Data hoje: 05/03/2026
2026-03-05 18:12:50,573 - INFO - Data de referência: 31/03/2026
2026-03-05 18:14:06,805 - INFO - Data hoje: 05/03/2026
2026-03-05 18:14:06,805 - INFO - Data de referência: 31/03/2026
2026-03-05 18:15:21,111 - INFO - Qtde OS de LINHA VIVA: 2067
2026-03-05 18:15:21,111 - INFO - Qtde OS poda de LINHA MORTA: 471
2026-03-05 18:15:21,111 - INFO - Qtde OS estrutural de LINHA MORTA : 136
2026-03-05 18:15:21,111 - INFO - Qtde OS poda de LINHA MORTA fora carteira: 2825
2026-03-05 18:15:21,111 - INFO - Qtde OS para desprogramar: 850
2026-03-05 18:15:21,111 - INFO - 
 Qtd de lotes de LM: 19
2026-03-05 18:15:21,111 - INFO - 
 Qtd de lotes de LV: 83
2026-03-05 18:15:21,111 - INFO - 
 Qtd de lotes de ESTRUTURAL LM: 6
2026-03-05 18:15:21,111 - INFO - 
 Qtd de lotes de LEVE: 113
2026-03-05 18:15:21,111 - INFO - 
 Qtd de lotes para desprogramar: 34
2026-03-05 18:15:21,111 - INFO - 
=== Iniciando lote 9/83 [LV] ===
2026-03-05 18:15:27,599 - INFO - Janela de seleção aberta
2026-03-05 18:15:31,849 - INFO - DEBUG: idx=8, inicio=200, fim=225
2026-03-05 18:15:31,849 - INFO - ✅ 25 OS copiadas para a área de transferência.
2026-03-05 18:15:31,849 - INFO - 📋 Lote 9 copiado.
2026-03-05 18:15:40,172 - INFO - ⌛ Esperando mudança visual...
2026-03-05 18:15:41,190 - INFO - ⌛ Esperando mudança visual...
2026-03-05 18:15:42,206 - INFO - ✅ Tela carregada!
2026-03-05 18:15:52,698 - INFO - ⌛ Aguardando janela de confirmação de desbloqueio...
2026-03-05 18:16:08,094 - INFO - 🟨 Registros desbloqueados com sucesso
2026-03-05 18:16:21,620 - INFO - ⌛ Aguardando janela de edição de OS...
2026-03-05 18:16:37,074 - INFO - 🟨 OS programadas detectadas
2026-03-05 18:16:40,235 - INFO - ⌛ Aguardando janela de edição de OS...
2026-03-05 18:16:55,713 - INFO - 🟨 Janela de edição de OS detectada
2026-03-05 18:17:17,069 - INFO - 🟨 Janela de edição de habilidade da turma detectada
2026-03-05 18:18:35,394 - INFO - ⌛ Aguardando detecção do campo de caracteristica 'EQUIPE PRÓPRIA OU EPS' ...
2026-03-05 18:18:54,751 - INFO - 🟨 campo de caracteristica 'EQUIPE PRÓPRIA OU EPS detectado
2026-03-05 18:19:16,567 - INFO - ⌛ Aguardando confirmação 4 - editar OS...
2026-03-05 18:19:32,097 - INFO - ⌛ Aguardando confirmação 4 - editar OS...
2026-03-05 18:19:47,672 - INFO - ⌛ Aguardando confirmação 4 - editar OS...
2026-03-05 18:20:03,227 - INFO - 🟨 Janela de confirmação 4 de edição de OS detectada
2026-03-05 18:20:33,979 - INFO - ⌛ Aguardando janela de confirmação de programação de OS...
2026-03-05 18:20:54,355 - INFO - 🟨 Janela de confirmação de programação de OS detectada
2026-03-05 18:21:07,676 - INFO - 🟨 Janela de aviso de edição de OS programadas detectada
2026-03-05 18:21:11,941 - INFO - ⌛ aguardando janela de programação de lote de OS...
2026-03-05 18:21:32,482 - INFO - 🟨 Janela de aviso de substituição de lote de OS detectada
2026-03-05 18:21:38,742 - INFO - ⌛ aguardando janela de programação de lote de OS...
2026-03-05 18:21:59,257 - INFO - 🟨 Janela de programação de lote de OS detectada
2026-03-05 18:22:36,857 - INFO - 🟨 Janela de confirmação de programação de lote de OS detectada
2026-03-05 18:22:41,163 - INFO - ⌛ aguardando confirmação final de programação do lote
2026-03-05 18:23:01,718 - INFO - 🟨 programação do lote 9 efetuado com sucesso
2026-03-05 18:23:11,908 - INFO - 
=== Iniciando lote 10/83 [LV] ===
2026-03-05 18:23:18,268 - INFO - Janela de seleção aberta
2026-03-05 18:23:22,485 - INFO - DEBUG: idx=9, inicio=225, fim=250
2026-03-05 18:23:22,485 - INFO - ✅ 25 OS copiadas para a área de transferência.
2026-03-05 18:23:22,485 - INFO - 📋 Lote 10 copiado.
2026-03-05 18:23:30,820 - INFO - ⌛ Esperando mudança visual...
2026-03-05 18:23:31,844 - INFO - ⌛ Esperando mudança visual...
2026-03-05 18:23:32,860 - INFO - ⌛ Esperando mudança visual...
2026-03-05 18:23:33,877 - INFO - ⌛ Esperando mudança visual...
2026-03-05 18:23:34,891 - INFO - ⌛ Esperando mudança visual...
2026-03-05 18:23:35,907 - INFO - ⌛ Esperando mudança visual...
2026-03-05 18:23:36,925 - INFO - ⌛ Esperando mudança visual...
2026-03-05 18:23:37,939 - INFO - ⌛ Esperando mudança visual...
2026-03-05 18:23:38,954 - INFO - ⌛ Esperando mudança visual...
2026-03-05 18:23:39,970 - INFO - ⌛ Esperando mudança visual...
2026-03-05 18:23:40,986 - INFO - ✅ Tela carregada!
2026-03-05 18:23:51,465 - INFO - ⌛ Aguardando janela de confirmação de desbloqueio...
2026-03-05 18:24:06,908 - INFO - 🟨 Registros desbloqueados com sucesso
2026-03-05 18:24:20,424 - INFO - ⌛ Aguardando janela de edição de OS...
2026-03-05 18:24:35,886 - INFO - 🟨 OS programadas detectadas
2026-03-05 18:24:39,061 - INFO - ⌛ Aguardando janela de edição de OS...
2026-03-05 18:24:54,549 - INFO - 🟨 Janela de edição de OS detectada
2026-03-05 18:25:15,921 - INFO - 🟨 Janela de edição de habilidade da turma detectada
2026-03-05 18:26:34,244 - INFO - ⌛ Aguardando detecção do campo de caracteristica 'EQUIPE PRÓPRIA OU EPS' ...
2026-03-05 18:26:53,607 - INFO - 🟨 campo de caracteristica 'EQUIPE PRÓPRIA OU EPS detectado
2026-03-05 18:27:15,417 - INFO - ⌛ Aguardando confirmação 4 - editar OS...
2026-03-05 18:27:30,908 - INFO - ⌛ Aguardando confirmação 4 - editar OS...
2026-03-05 18:27:46,458 - INFO - 🟨 Janela de confirmação 4 de edição de OS detectada
2026-03-05 18:28:17,141 - INFO - ⌛ Aguardando janela de confirmação de programação de OS...
2026-03-05 18:28:37,464 - INFO - 🟨 Janela de confirmação de programação de OS detectada
2026-03-05 18:28:50,794 - INFO - 🟨 Janela de aviso de edição de OS programadas detectada
2026-03-05 18:28:55,072 - INFO - ⌛ aguardando janela de programação de lote de OS...
2026-03-05 18:29:15,646 - INFO - 🟨 Janela de aviso de substituição de lote de OS detectada
2026-03-05 18:29:21,919 - INFO - ⌛ aguardando janela de programação de lote de OS...
2026-03-05 18:29:42,464 - INFO - 🟨 Janela de programação de lote de OS detectada
2026-03-05 18:30:20,044 - INFO - 🟨 Janela de confirmação de programação de lote de OS detectada
2026-03-05 18:30:24,329 - INFO - ⌛ aguardando confirmação final de programação do lote
2026-03-05 18:30:44,823 - INFO - ⌛ aguardando confirmação final de programação do lote
2026-03-05 18:31:05,390 - INFO - 🟨 programação do lote 10 efetuado com sucesso
2026-03-05 18:31:15,558 - INFO - 
=== Iniciando lote 11/83 [LV] ===
2026-03-05 18:31:21,920 - INFO - Janela de seleção aberta
2026-03-05 18:31:26,155 - INFO - DEBUG: idx=10, inicio=250, fim=275
2026-03-05 18:31:26,155 - INFO - ✅ 25 OS copiadas para a área de transferência.
2026-03-05 18:31:26,155 - INFO - 📋 Lote 11 copiado.
2026-03-05 18:31:34,484 - INFO - ⌛ Esperando mudança visual...
2026-03-05 18:31:35,496 - INFO - ⌛ Esperando mudança visual...
2026-03-05 18:31:36,512 - INFO - ⌛ Esperando mudança visual...
2026-03-05 18:31:37,527 - INFO - ⌛ Esperando mudança visual...
2026-03-05 18:31:38,543 - INFO - ⌛ Esperando mudança visual...
2026-03-05 18:31:39,559 - INFO - ⌛ Esperando mudança visual...
2026-03-05 18:31:40,574 - INFO - ⌛ Esperando mudança visual...
2026-03-05 18:31:41,591 - INFO - ⌛ Esperando mudança visual...
2026-03-05 18:31:42,605 - INFO - ⌛ Esperando mudança visual...
2026-03-05 18:31:43,613 - INFO - ⌛ Esperando mudança visual...
2026-03-05 18:31:44,637 - INFO - ⌛ Esperando mudança visual...
2026-03-05 18:31:45,652 - INFO - ✅ Tela carregada!
2026-03-05 18:31:56,140 - INFO - ⌛ Aguardando janela de confirmação de desbloqueio...
2026-03-05 18:32:11,595 - INFO - 🟨 Registros desbloqueados com sucesso
2026-03-05 18:32:25,098 - INFO - ⌛ Aguardando janela de edição de OS...
2026-03-05 18:32:40,575 - INFO - 🟨 OS programadas detectadas
2026-03-05 18:32:43,743 - INFO - ⌛ Aguardando janela de edição de OS...
2026-03-05 18:32:59,260 - INFO - 🟨 Janela de edição de OS detectada
2026-03-05 18:33:20,633 - INFO - 🟨 Janela de edição de habilidade da turma detectada
2026-03-05 18:34:38,943 - INFO - ⌛ Aguardando detecção do campo de caracteristica 'EQUIPE PRÓPRIA OU EPS' ...
2026-03-05 18:34:58,319 - INFO - 🟨 campo de caracteristica 'EQUIPE PRÓPRIA OU EPS detectado
2026-03-05 18:35:20,136 - INFO - ⌛ Aguardando confirmação 4 - editar OS...
2026-03-05 18:35:35,594 - INFO - ⌛ Aguardando confirmação 4 - editar OS...
2026-03-05 18:35:51,114 - INFO - ⌛ Aguardando confirmação 4 - editar OS...
2026-03-05 18:36:06,634 - INFO - 🟨 Janela de confirmação 4 de edição de OS detectada
2026-03-05 18:36:37,369 - INFO - ⌛ Aguardando janela de confirmação de programação de OS...
2026-03-05 18:36:57,820 - INFO - 🟨 Janela de confirmação de programação de OS detectada
2026-03-05 18:37:11,141 - INFO - 🟨 Janela de aviso de edição de OS programadas detectada
2026-03-05 18:37:15,405 - INFO - ⌛ aguardando janela de programação de lote de OS...
2026-03-05 18:37:36,002 - INFO - 🟨 Janela de aviso de substituição de lote de OS detectada
2026-03-05 18:37:42,262 - INFO - ⌛ aguardando janela de programação de lote de OS...
2026-03-05 18:38:02,838 - INFO - ⌛ aguardando janela de programação de lote de OS...
2026-03-05 18:38:23,371 - INFO - ⌛ aguardando janela de programação de lote de OS...
2026-03-05 18:38:23,506 - INFO - 🟨 Identificado travamento no EQM, reiniciando contador de espera
2026-03-05 18:38:43,915 - INFO - ⌛ aguardando janela de programação de lote de OS...
2026-03-05 18:39:04,439 - INFO - ⌛ aguardando janela de programação de lote de OS...
2026-03-05 18:39:24,952 - INFO - ⌛ aguardando janela de programação de lote de OS...
2026-03-05 18:39:45,452 - INFO - ⌛ aguardando janela de programação de lote de OS...
2026-03-05 18:40:05,929 - INFO - ⌛ aguardando janela de programação de lote de OS...
2026-03-05 18:40:26,484 - INFO - ⌛ aguardando janela de programação de lote de OS...
2026-03-05 18:40:46,979 - INFO - ⌛ aguardando janela de programação de lote de OS...
2026-03-05 18:41:07,455 - INFO - ⌛ aguardando janela de programação de lote de OS...
2026-03-05 18:41:27,959 - INFO - ⌛ aguardando janela de programação de lote de OS...
2026-03-05 18:41:48,596 - INFO - ⌛ aguardando janela de programação de lote de OS...
2026-03-05 18:42:09,238 - INFO - ⌛ aguardando janela de programação de lote de OS...
2026-03-05 18:42:29,774 - INFO - ⌛ aguardando janela de programação de lote de OS...
2026-03-05 18:42:50,292 - INFO - ⌛ aguardando janela de programação de lote de OS...
2026-03-05 18:43:10,821 - INFO - ⌛ aguardando janela de programação de lote de OS...
2026-03-05 18:43:31,431 - INFO - ⌛ aguardando janela de programação de lote de OS...
2026-03-05 18:43:51,977 - INFO - ⌛ aguardando janela de programação de lote de OS...
2026-03-05 18:44:12,514 - INFO - ⌛ aguardando janela de programação de lote de OS...
2026-03-05 18:44:33,076 - INFO - ⌛ aguardando janela de programação de lote de OS...
2026-03-05 18:44:53,633 - INFO - ⌛ aguardando janela de programação de lote de OS...
2026-03-05 18:45:14,209 - INFO - ⌛ aguardando janela de programação de lote de OS...
2026-03-05 18:45:34,736 - INFO - ⌛ aguardando janela de programação de lote de OS...
2026-03-05 18:45:55,207 - INFO - ⌛ aguardando janela de programação de lote de OS...
2026-03-05 18:46:15,697 - INFO - ⌛ aguardando janela de programação de lote de OS...
2026-03-05 18:46:36,175 - INFO - ⌛ aguardando janela de programação de lote de OS...
2026-03-05 18:46:56,756 - INFO - ⌛ aguardando janela de programação de lote de OS...
2026-03-05 18:47:17,269 - INFO - ⌛ aguardando janela de programação de lote de OS...
2026-03-05 18:47:37,748 - INFO - ⌛ aguardando janela de programação de lote de OS...
2026-03-05 18:47:58,230 - INFO - ⌛ aguardando janela de programação de lote de OS...
2026-03-05 18:48:18,732 - INFO - ⌛ aguardando janela de programação de lote de OS...
2026-03-05 18:48:39,227 - INFO - ⌛ aguardando janela de programação de lote de OS...
2026-03-05 18:48:59,718 - INFO - ⌛ aguardando janela de programação de lote de OS...
2026-03-05 18:49:20,199 - INFO - ⌛ aguardando janela de programação de lote de OS...
2026-03-05 18:49:40,688 - INFO - ⌛ aguardando janela de programação de lote de OS...
2026-03-05 18:50:01,276 - INFO - ⌛ aguardando janela de programação de lote de OS...
2026-03-05 18:50:21,826 - INFO - ⌛ aguardando janela de programação de lote de OS...
2026-03-05 18:50:42,341 - INFO - ⌛ aguardando janela de programação de lote de OS...
2026-03-05 18:51:02,841 - INFO - ⌛ aguardando janela de programação de lote de OS...
2026-03-05 18:51:23,334 - INFO - ⌛ aguardando janela de programação de lote de OS...
2026-03-05 18:51:43,877 - INFO - ⌛ aguardando janela de programação de lote de OS...
2026-03-05 18:52:04,448 - INFO - ⌛ aguardando janela de programação de lote de OS...
2026-03-05 18:52:24,962 - INFO - ⌛ aguardando janela de programação de lote de OS...
2026-03-05 18:52:45,460 - INFO - ⌛ aguardando janela de programação de lote de OS...
2026-03-05 18:53:05,969 - INFO - ⌛ aguardando janela de programação de lote de OS...
2026-03-05 18:53:26,498 - INFO - ⌛ aguardando janela de programação de lote de OS...
2026-03-05 18:53:47,123 - INFO - ⌛ aguardando janela de programação de lote de OS...
2026-03-05 18:54:07,672 - INFO - ⌛ aguardando janela de programação de lote de OS...
2026-03-05 18:54:28,250 - INFO - ⌛ aguardando janela de programação de lote de OS...
2026-03-05 18:54:48,853 - INFO - ⌛ aguardando janela de programação de lote de OS...
2026-03-05 18:55:09,421 - INFO - ⌛ aguardando janela de programação de lote de OS...
2026-03-05 18:55:29,975 - INFO - ⌛ aguardando janela de programação de lote de OS...
2026-03-05 18:55:50,578 - INFO - ⌛ aguardando janela de programação de lote de OS...
2026-03-05 18:56:11,200 - INFO - ⌛ aguardando janela de programação de lote de OS...
2026-03-05 18:56:31,828 - INFO - ⌛ aguardando janela de programação de lote de OS...
2026-03-05 18:56:52,420 - INFO - ⌛ aguardando janela de programação de lote de OS...
2026-03-05 18:57:12,967 - INFO - verificando janela oculta
2026-03-05 18:57:35,442 - INFO - Janela restaurada
2026-03-05 18:57:35,442 - INFO - ⌛ aguardando janela de programação de lote de OS...
2026-03-05 18:57:55,974 - INFO - 🟨 Janela de programação de lote de OS detectada
2026-03-05 18:58:33,555 - INFO - 🟨 Janela de confirmação de programação de lote de OS detectada
2026-03-05 18:58:37,819 - INFO - ⌛ aguardando confirmação final de programação do lote
2026-03-05 18:58:58,364 - INFO - 🟨 programação do lote 11 efetuado com sucesso
2026-03-05 18:59:08,523 - INFO - 
=== Iniciando lote 12/83 [LV] ===
2026-03-05 18:59:14,871 - INFO - Janela de seleção aberta
2026-03-05 18:59:19,107 - INFO - DEBUG: idx=11, inicio=275, fim=300
2026-03-05 18:59:19,107 - INFO - ✅ 25 OS copiadas para a área de transferência.
2026-03-05 18:59:19,107 - INFO - 📋 Lote 12 copiado.
2026-03-05 18:59:27,439 - INFO - ⌛ Esperando mudança visual...
2026-03-05 18:59:28,461 - INFO - ⌛ Esperando mudança visual...
2026-03-05 18:59:29,477 - INFO - ⌛ Esperando mudança visual...
2026-03-05 18:59:30,492 - INFO - ⌛ Esperando mudança visual...
2026-03-05 18:59:31,509 - INFO - ⌛ Esperando mudança visual...
2026-03-05 18:59:32,524 - INFO - ⌛ Esperando mudança visual...
2026-03-05 18:59:33,540 - INFO - ⌛ Esperando mudança visual...
2026-03-05 18:59:34,559 - INFO - ⌛ Esperando mudança visual...
2026-03-05 18:59:35,571 - INFO - ⌛ Esperando mudança visual...
2026-03-05 18:59:36,587 - INFO - ⌛ Esperando mudança visual...
2026-03-05 18:59:37,602 - INFO - ✅ Tela carregada!
2026-03-05 18:59:48,076 - INFO - ⌛ Aguardando janela de confirmação de desbloqueio...
2026-03-05 19:00:03,534 - INFO - 🟨 Registros desbloqueados com sucesso
2026-03-05 19:00:17,034 - INFO - ⌛ Aguardando janela de edição de OS...
2026-03-05 19:00:32,521 - INFO - 🟨 OS programadas detectadas
2026-03-05 19:00:35,692 - INFO - ⌛ Aguardando janela de edição de OS...
2026-03-05 19:00:51,165 - INFO - 🟨 Janela de edição de OS detectada
2026-03-05 19:01:12,533 - INFO - 🟨 Janela de edição de habilidade da turma detectada
2026-03-05 19:02:30,852 - INFO - ⌛ Aguardando detecção do campo de caracteristica 'EQUIPE PRÓPRIA OU EPS' ...
2026-03-05 19:02:50,222 - INFO - 🟨 campo de caracteristica 'EQUIPE PRÓPRIA OU EPS detectado
2026-03-05 19:03:12,018 - INFO - ⌛ Aguardando confirmação 4 - editar OS...
2026-03-05 19:03:27,500 - INFO - ⌛ Aguardando confirmação 4 - editar OS...
2026-03-05 19:03:42,989 - INFO - 🟨 Janela de confirmação 4 de edição de OS detectada
2026-03-05 19:04:13,727 - INFO - ⌛ Aguardando janela de confirmação de programação de OS...
2026-03-05 19:04:34,080 - INFO - 🟨 Janela de confirmação de programação de OS detectada
2026-03-05 19:04:47,399 - INFO - 🟨 Janela de aviso de edição de OS programadas detectada
2026-03-05 19:04:51,671 - INFO - ⌛ aguardando janela de programação de lote de OS...
2026-03-05 19:05:12,227 - INFO - 🟨 Janela de aviso de substituição de lote de OS detectada
2026-03-05 19:05:18,498 - INFO - ⌛ aguardando janela de programação de lote de OS...
2026-03-05 19:05:39,074 - INFO - ⌛ aguardando janela de programação de lote de OS...
2026-03-05 19:05:59,676 - INFO - ⌛ aguardando janela de programação de lote de OS...
2026-03-05 19:06:20,191 - INFO - 🟨 Janela de programação de lote de OS detectada
2026-03-05 19:06:57,765 - INFO - 🟨 Janela de confirmação de programação de lote de OS detectada
2026-03-05 19:07:02,093 - INFO - ⌛ aguardando confirmação final de programação do lote
2026-03-05 19:07:22,653 - INFO - ⌛ aguardando confirmação final de programação do lote
2026-03-05 19:07:43,192 - INFO - 🟨 programação do lote 12 efetuado com sucesso
2026-03-05 19:07:53,351 - INFO - 
=== Iniciando lote 13/83 [LV] ===
2026-03-05 19:07:59,714 - INFO - Janela de seleção aberta
2026-03-05 19:08:03,945 - INFO - DEBUG: idx=12, inicio=300, fim=325
2026-03-05 19:08:03,945 - INFO - ✅ 25 OS copiadas para a área de transferência.
2026-03-05 19:08:03,945 - INFO - 📋 Lote 13 copiado.
2026-03-05 19:08:12,276 - INFO - ⌛ Esperando mudança visual...
2026-03-05 19:08:13,290 - INFO - ⌛ Esperando mudança visual...
2026-03-05 19:08:14,308 - INFO - ⌛ Esperando mudança visual...
2026-03-05 19:08:15,321 - INFO - ⌛ Esperando mudança visual...
2026-03-05 19:08:16,337 - INFO - ⌛ Esperando mudança visual...
2026-03-05 19:08:17,353 - INFO - ⌛ Esperando mudança visual...
2026-03-05 19:08:18,368 - INFO - ⌛ Esperando mudança visual...
2026-03-05 19:08:19,387 - INFO - ⌛ Esperando mudança visual...
2026-03-05 19:08:20,401 - INFO - ⌛ Esperando mudança visual...
2026-03-05 19:08:21,415 - INFO - ⌛ Esperando mudança visual...
2026-03-05 19:08:22,432 - INFO - ✅ Tela carregada!
2026-03-05 19:08:32,923 - INFO - ⌛ Aguardando janela de confirmação de desbloqueio...
2026-03-05 19:08:48,356 - INFO - 🟨 Registros desbloqueados com sucesso
2026-03-05 19:09:01,882 - INFO - ⌛ Aguardando janela de edição de OS...
2026-03-05 19:09:17,331 - INFO - 🟨 OS programadas detectadas
2026-03-05 19:09:20,487 - INFO - ⌛ Aguardando janela de edição de OS...
2026-03-05 19:09:35,905 - INFO - 🟨 Janela de edição de OS detectada
2026-03-05 19:09:57,278 - INFO - 🟨 Janela de edição de habilidade da turma detectada
2026-03-05 19:11:15,599 - INFO - ⌛ Aguardando detecção do campo de caracteristica 'EQUIPE PRÓPRIA OU EPS' ...
2026-03-05 19:11:34,955 - INFO - 🟨 campo de caracteristica 'EQUIPE PRÓPRIA OU EPS detectado
2026-03-05 19:11:56,718 - INFO - ⌛ Aguardando confirmação 4 - editar OS...
2026-03-05 19:12:12,193 - INFO - ⌛ Aguardando confirmação 4 - editar OS...
2026-03-05 19:12:27,729 - INFO - ⌛ Aguardando confirmação 4 - editar OS...
2026-03-05 19:12:43,169 - INFO - 🟨 Janela de confirmação 4 de edição de OS detectada
2026-03-05 19:13:13,868 - INFO - ⌛ Aguardando janela de confirmação de programação de OS...
2026-03-05 19:13:34,239 - INFO - 🟨 Janela de confirmação de programação de OS detectada
2026-03-05 19:13:47,556 - INFO - 🟨 Janela de aviso de edição de OS programadas detectada
2026-03-05 19:13:51,837 - INFO - ⌛ aguardando janela de programação de lote de OS...
2026-03-05 19:14:12,422 - INFO - 🟨 Janela de aviso de substituição de lote de OS detectada
2026-03-05 19:14:18,697 - INFO - ⌛ aguardando janela de programação de lote de OS...
2026-03-05 19:14:39,191 - INFO - 🟨 Janela de programação de lote de OS detectada
2026-03-05 19:15:16,766 - INFO - 🟨 Janela de confirmação de programação de lote de OS detectada
2026-03-05 19:15:21,058 - INFO - ⌛ aguardando confirmação final de programação do lote
2026-03-05 19:15:41,615 - INFO - 🟨 programação do lote 13 efetuado com sucesso
2026-03-05 19:15:51,792 - INFO - 
=== Iniciando lote 14/83 [LV] ===
2026-03-05 19:15:58,142 - INFO - Janela de seleção aberta
2026-03-05 19:16:02,390 - INFO - DEBUG: idx=13, inicio=325, fim=350
2026-03-05 19:16:02,390 - INFO - ✅ 25 OS copiadas para a área de transferência.
2026-03-05 19:16:02,390 - INFO - 📋 Lote 14 copiado.
2026-03-05 19:16:10,712 - INFO - ⌛ Esperando mudança visual...
2026-03-05 19:16:11,734 - INFO - ⌛ Esperando mudança visual...
2026-03-05 19:16:12,747 - INFO - ⌛ Esperando mudança visual...
2026-03-05 19:16:13,762 - INFO - ⌛ Esperando mudança visual...
2026-03-05 19:16:14,779 - INFO - ⌛ Esperando mudança visual...
2026-03-05 19:16:15,794 - INFO - ⌛ Esperando mudança visual...
2026-03-05 19:16:16,810 - INFO - ⌛ Esperando mudança visual...
2026-03-05 19:16:17,826 - INFO - ⌛ Esperando mudança visual...
2026-03-05 19:16:18,841 - INFO - ⌛ Esperando mudança visual...
2026-03-05 19:16:19,856 - INFO - ⌛ Esperando mudança visual...
2026-03-05 19:16:20,873 - INFO - ✅ Tela carregada!
2026-03-05 19:16:31,381 - INFO - ⌛ Aguardando janela de confirmação de desbloqueio...
2026-03-05 19:16:46,960 - INFO - 🟨 Registros desbloqueados com sucesso
2026-03-05 19:17:00,526 - INFO - ⌛ Aguardando janela de edição de OS...
2026-03-05 19:17:16,087 - INFO - 🟨 OS programadas detectadas
2026-03-05 19:17:19,265 - INFO - ⌛ Aguardando janela de edição de OS...
2026-03-05 19:17:34,713 - INFO - 🟨 Janela de edição de OS detectada
2026-03-05 19:17:56,061 - INFO - 🟨 Janela de edição de habilidade da turma detectada
2026-03-05 19:19:14,392 - INFO - ⌛ Aguardando detecção do campo de caracteristica 'EQUIPE PRÓPRIA OU EPS' ...
2026-03-05 19:19:33,761 - INFO - 🟨 campo de caracteristica 'EQUIPE PRÓPRIA OU EPS detectado
2026-03-05 19:19:55,529 - INFO - ⌛ Aguardando confirmação 4 - editar OS...
2026-03-05 19:20:10,967 - INFO - ⌛ Aguardando confirmação 4 - editar OS...
2026-03-05 19:20:26,417 - INFO - 🟨 Janela de confirmação 4 de edição de OS detectada
2026-03-05 19:20:57,079 - INFO - ⌛ Aguardando janela de confirmação de programação de OS...
2026-03-05 19:21:17,416 - INFO - 🟨 Janela de confirmação de programação de OS detectada
2026-03-05 19:21:30,714 - INFO - 🟨 Janela de aviso de edição de OS programadas detectada
2026-03-05 19:21:34,973 - INFO - ⌛ aguardando janela de programação de lote de OS...
2026-03-05 19:21:55,514 - INFO - 🟨 Janela de aviso de substituição de lote de OS detectada
2026-03-05 19:22:01,783 - INFO - ⌛ aguardando janela de programação de lote de OS...
2026-03-05 19:22:22,315 - INFO - 🟨 Janela de programação de lote de OS detectada
2026-03-05 19:22:59,882 - INFO - 🟨 Janela de confirmação de programação de lote de OS detectada
2026-03-05 19:23:04,136 - INFO - ⌛ aguardando confirmação final de programação do lote
2026-03-05 19:23:24,729 - INFO - 🟨 programação do lote 14 efetuado com sucesso
2026-03-05 19:23:34,907 - INFO - 
=== Iniciando lote 15/83 [LV] ===
2026-03-05 19:23:41,266 - INFO - Janela de seleção aberta
2026-03-05 19:23:45,499 - INFO - DEBUG: idx=14, inicio=350, fim=375
2026-03-05 19:23:45,499 - INFO - ✅ 25 OS copiadas para a área de transferência.
2026-03-05 19:23:45,499 - INFO - 📋 Lote 15 copiado.
2026-03-05 19:23:53,821 - INFO - ⌛ Esperando mudança visual...
2026-03-05 19:23:54,840 - INFO - ⌛ Esperando mudança visual...
2026-03-05 19:23:55,860 - INFO - ⌛ Esperando mudança visual...
2026-03-05 19:23:56,873 - INFO - ⌛ Esperando mudança visual...
2026-03-05 19:23:57,889 - INFO - ⌛ Esperando mudança visual...
2026-03-05 19:23:58,903 - INFO - ⌛ Esperando mudança visual...
2026-03-05 19:23:59,919 - INFO - ⌛ Esperando mudança visual...
2026-03-05 19:24:00,934 - INFO - ⌛ Esperando mudança visual...
2026-03-05 19:24:01,951 - INFO - ⌛ Esperando mudança visual...
2026-03-05 19:24:02,966 - INFO - ⌛ Esperando mudança visual...
2026-03-05 19:24:03,982 - INFO - ⌛ Esperando mudança visual...
2026-03-05 19:24:04,997 - INFO - ⌛ Esperando mudança visual...
2026-03-05 19:24:06,013 - INFO - ✅ Tela carregada!
2026-03-05 19:24:16,488 - INFO - ⌛ Aguardando janela de confirmação de desbloqueio...
2026-03-05 19:24:31,943 - INFO - 🟨 Registros desbloqueados com sucesso
2026-03-05 19:24:45,452 - INFO - ⌛ Aguardando janela de edição de OS...
2026-03-05 19:25:00,933 - INFO - 🟨 OS programadas detectadas
2026-03-05 19:25:04,104 - INFO - ⌛ Aguardando janela de edição de OS...
2026-03-05 19:25:19,586 - INFO - 🟨 Janela de edição de OS detectada
2026-03-05 19:25:40,940 - INFO - 🟨 Janela de edição de habilidade da turma detectada
2026-03-05 19:26:59,269 - INFO - ⌛ Aguardando detecção do campo de caracteristica 'EQUIPE PRÓPRIA OU EPS' ...
2026-03-05 19:27:18,633 - INFO - 🟨 campo de caracteristica 'EQUIPE PRÓPRIA OU EPS detectado
2026-03-05 19:27:40,451 - INFO - ⌛ Aguardando confirmação 4 - editar OS...
2026-03-05 19:27:55,920 - INFO - ⌛ Aguardando confirmação 4 - editar OS...
2026-03-05 19:28:11,541 - INFO - ⌛ Aguardando confirmação 4 - editar OS...
2026-03-05 19:28:27,059 - INFO - 🟨 Janela de confirmação 4 de edição de OS detectada
2026-03-05 19:28:57,805 - INFO - ⌛ Aguardando janela de confirmação de programação de OS...
2026-03-05 19:29:18,184 - INFO - 🟨 Janela de confirmação de programação de OS detectada
2026-03-05 19:29:31,514 - INFO - 🟨 Janela de aviso de edição de OS programadas detectada
2026-03-05 19:29:35,803 - INFO - ⌛ aguardando janela de programação de lote de OS...
2026-03-05 19:29:56,383 - INFO - 🟨 Janela de aviso de substituição de lote de OS detectada
2026-03-05 19:30:02,665 - INFO - ⌛ aguardando janela de programação de lote de OS...
2026-03-05 19:30:23,236 - INFO - ⌛ aguardando janela de programação de lote de OS...
2026-03-05 19:30:43,813 - INFO - ⌛ aguardando janela de programação de lote de OS...
2026-03-05 19:31:04,385 - INFO - 🟨 Janela de programação de lote de OS detectada
2026-03-05 19:31:41,983 - INFO - 🟨 Janela de confirmação de programação de lote de OS detectada
2026-03-05 19:31:46,288 - INFO - ⌛ aguardando confirmação final de programação do lote
2026-03-05 19:32:06,864 - INFO - 🟨 programação do lote 15 efetuado com sucesso
2026-03-05 19:32:17,035 - INFO - 
=== Iniciando lote 16/83 [LV] ===
2026-03-05 19:32:23,383 - INFO - Janela de seleção aberta
2026-03-05 19:32:27,635 - INFO - DEBUG: idx=15, inicio=375, fim=400
2026-03-05 19:32:27,635 - INFO - ✅ 25 OS copiadas para a área de transferência.
2026-03-05 19:32:27,635 - INFO - 📋 Lote 16 copiado.
2026-03-05 19:32:35,961 - INFO - ⌛ Esperando mudança visual...
2026-03-05 19:32:36,980 - INFO - ⌛ Esperando mudança visual...
2026-03-05 19:32:37,993 - INFO - ⌛ Esperando mudança visual...
2026-03-05 19:32:39,008 - INFO - ⌛ Esperando mudança visual...
2026-03-05 19:32:40,026 - INFO - ⌛ Esperando mudança visual...
2026-03-05 19:32:41,040 - INFO - ⌛ Esperando mudança visual...
2026-03-05 19:32:42,056 - INFO - ⌛ Esperando mudança visual...
2026-03-05 19:32:43,076 - INFO - ⌛ Esperando mudança visual...
2026-03-05 19:32:44,087 - INFO - ⌛ Esperando mudança visual...
2026-03-05 19:32:45,102 - INFO - ⌛ Esperando mudança visual...
2026-03-05 19:32:46,118 - INFO - ⌛ Esperando mudança visual...
2026-03-05 19:32:47,134 - INFO - ⌛ Esperando mudança visual...
2026-03-05 19:32:48,151 - INFO - ✅ Tela carregada!
2026-03-05 19:32:58,617 - INFO - ⌛ Aguardando janela de confirmação de desbloqueio...
2026-03-05 19:33:14,020 - INFO - 🟨 Registros desbloqueados com sucesso
2026-03-05 19:33:27,552 - INFO - ⌛ Aguardando janela de edição de OS...
2026-03-05 19:33:42,982 - INFO - 🟨 OS programadas detectadas
2026-03-05 19:33:46,136 - INFO - ⌛ Aguardando janela de edição de OS...
2026-03-05 19:34:01,585 - INFO - 🟨 Janela de edição de OS detectada
2026-03-05 19:34:22,937 - INFO - 🟨 Janela de edição de habilidade da turma detectada
2026-03-05 19:35:41,248 - INFO - ⌛ Aguardando detecção do campo de caracteristica 'EQUIPE PRÓPRIA OU EPS' ...
2026-03-05 19:36:00,621 - INFO - 🟨 campo de caracteristica 'EQUIPE PRÓPRIA OU EPS detectado
2026-03-05 19:36:22,384 - INFO - ⌛ Aguardando confirmação 4 - editar OS...
2026-03-05 19:36:37,883 - INFO - ⌛ Aguardando confirmação 4 - editar OS...
2026-03-05 19:36:53,412 - INFO - 🟨 Janela de confirmação 4 de edição de OS detectada
2026-03-05 19:37:24,106 - INFO - ⌛ Aguardando janela de confirmação de programação de OS...
2026-03-05 19:37:44,476 - INFO - 🟨 Janela de confirmação de programação de OS detectada
2026-03-05 19:37:57,822 - INFO - 🟨 Janela de aviso de edição de OS programadas detectada
2026-03-05 19:38:02,088 - INFO - ⌛ aguardando janela de programação de lote de OS...
2026-03-05 19:38:22,664 - INFO - 🟨 Janela de aviso de substituição de lote de OS detectada
2026-03-05 19:38:28,931 - INFO - ⌛ aguardando janela de programação de lote de OS...
2026-03-05 19:38:49,462 - INFO - 🟨 Janela de programação de lote de OS detectada
2026-03-05 19:39:27,033 - INFO - 🟨 Janela de confirmação de programação de lote de OS detectada
2026-03-05 19:39:31,332 - INFO - ⌛ aguardando confirmação final de programação do lote
2026-03-05 19:39:51,884 - INFO - 🟨 programação do lote 16 efetuado com sucesso
2026-03-05 19:40:02,096 - INFO - 
=== Iniciando lote 17/83 [LV] ===
2026-03-05 19:40:08,453 - INFO - Janela de seleção aberta
2026-03-05 19:40:12,690 - INFO - DEBUG: idx=16, inicio=400, fim=425
2026-03-05 19:40:12,690 - INFO - ✅ 25 OS copiadas para a área de transferência.
2026-03-05 19:40:12,690 - INFO - 📋 Lote 17 copiado.
2026-03-05 19:40:21,018 - INFO - ⌛ Esperando mudança visual...
2026-03-05 19:40:22,033 - INFO - ⌛ Esperando mudança visual...
2026-03-05 19:40:23,050 - INFO - ⌛ Esperando mudança visual...
2026-03-05 19:40:24,064 - INFO - ⌛ Esperando mudança visual...
2026-03-05 19:40:25,079 - INFO - ⌛ Esperando mudança visual...
2026-03-05 19:40:26,096 - INFO - ⌛ Esperando mudança visual...
2026-03-05 19:40:27,111 - INFO - ⌛ Esperando mudança visual...
2026-03-05 19:40:28,130 - INFO - ⌛ Esperando mudança visual...
2026-03-05 19:40:29,143 - INFO - ⌛ Esperando mudança visual...
2026-03-05 19:40:30,158 - INFO - ⌛ Esperando mudança visual...
2026-03-05 19:40:31,173 - INFO - ⌛ Esperando mudança visual...
2026-03-05 19:40:32,189 - INFO - ✅ Tela carregada!
2026-03-05 19:40:42,679 - INFO - ⌛ Aguardando janela de confirmação de desbloqueio...
2026-03-05 19:40:58,147 - INFO - 🟨 Registros desbloqueados com sucesso
2026-03-05 19:41:11,665 - INFO - ⌛ Aguardando janela de edição de OS...
2026-03-05 19:41:27,128 - INFO - 🟨 OS programadas detectadas
2026-03-05 19:41:30,296 - INFO - ⌛ Aguardando janela de edição de OS...
2026-03-05 19:41:45,830 - INFO - 🟨 Janela de edição de OS detectada
2026-03-05 19:42:07,185 - INFO - 🟨 Janela de edição de habilidade da turma detectada
2026-03-05 19:43:25,507 - INFO - ⌛ Aguardando detecção do campo de caracteristica 'EQUIPE PRÓPRIA OU EPS' ...
2026-03-05 19:43:44,875 - INFO - 🟨 campo de caracteristica 'EQUIPE PRÓPRIA OU EPS detectado
2026-03-05 19:44:06,685 - INFO - ⌛ Aguardando confirmação 4 - editar OS...
2026-03-05 19:44:22,160 - INFO - ⌛ Aguardando confirmação 4 - editar OS...
2026-03-05 19:44:37,628 - INFO - 🟨 Janela de confirmação 4 de edição de OS detectada
2026-03-05 19:45:08,353 - INFO - ⌛ Aguardando janela de confirmação de programação de OS...
2026-03-05 19:45:28,719 - INFO - 🟨 Janela de confirmação de programação de OS detectada
2026-03-05 19:45:42,014 - INFO - 🟨 Janela de aviso de edição de OS programadas detectada
2026-03-05 19:45:46,288 - INFO - ⌛ aguardando janela de programação de lote de OS...
2026-03-05 19:46:06,802 - INFO - 🟨 Janela de aviso de substituição de lote de OS detectada
2026-03-05 19:46:13,062 - INFO - ⌛ aguardando janela de programação de lote de OS...
2026-03-05 19:46:33,583 - INFO - ⌛ aguardando janela de programação de lote de OS...
2026-03-05 19:46:54,165 - INFO - ⌛ aguardando janela de programação de lote de OS...
2026-03-05 19:47:14,665 - INFO - 🟨 Janela de programação de lote de OS detectada
2026-03-05 19:47:52,221 - INFO - 🟨 Janela de confirmação de programação de lote de OS detectada
2026-03-05 19:47:56,472 - INFO - ⌛ aguardando confirmação final de programação do lote
2026-03-05 19:48:16,981 - INFO - 🟨 programação do lote 17 efetuado com sucesso
2026-03-05 19:48:27,146 - INFO - 
=== Iniciando lote 18/83 [LV] ===
2026-03-05 19:48:33,499 - INFO - Janela de seleção aberta
2026-03-05 19:48:37,736 - INFO - DEBUG: idx=17, inicio=425, fim=450
2026-03-05 19:48:37,736 - INFO - ✅ 25 OS copiadas para a área de transferência.
2026-03-05 19:48:37,736 - INFO - 📋 Lote 18 copiado.
2026-03-05 19:48:46,073 - INFO - ⌛ Esperando mudança visual...
2026-03-05 19:48:47,096 - INFO - ⌛ Esperando mudança visual...
2026-03-05 19:48:48,113 - INFO - ⌛ Esperando mudança visual...
2026-03-05 19:48:49,127 - INFO - ⌛ Esperando mudança visual...
2026-03-05 19:48:50,145 - INFO - ⌛ Esperando mudança visual...
2026-03-05 19:48:51,159 - INFO - ⌛ Esperando mudança visual...
2026-03-05 19:48:52,175 - INFO - ⌛ Esperando mudança visual...
2026-03-05 19:48:53,191 - INFO - ⌛ Esperando mudança visual...
2026-03-05 19:48:54,206 - INFO - ⌛ Esperando mudança visual...
2026-03-05 19:48:55,221 - INFO - ⌛ Esperando mudança visual...
2026-03-05 19:48:56,240 - INFO - ⌛ Esperando mudança visual...
2026-03-05 19:48:57,253 - INFO - ✅ Tela carregada!
2026-03-05 19:49:07,739 - INFO - ⌛ Aguardando janela de confirmação de desbloqueio...
2026-03-05 19:49:23,125 - INFO - 🟨 Registros desbloqueados com sucesso
2026-03-05 19:49:36,662 - INFO - ⌛ Aguardando janela de edição de OS...
2026-03-05 19:49:52,110 - INFO - 🟨 OS programadas detectadas
2026-03-05 19:49:55,278 - INFO - ⌛ Aguardando janela de edição de OS...
2026-03-05 19:50:10,710 - INFO - 🟨 Janela de edição de OS detectada
2026-03-05 19:50:32,068 - INFO - 🟨 Janela de edição de habilidade da turma detectada
2026-03-05 19:51:50,391 - INFO - ⌛ Aguardando detecção do campo de caracteristica 'EQUIPE PRÓPRIA OU EPS' ...
2026-03-05 19:52:09,751 - INFO - 🟨 campo de caracteristica 'EQUIPE PRÓPRIA OU EPS detectado
2026-03-05 19:52:31,516 - INFO - ⌛ Aguardando confirmação 4 - editar OS...
2026-03-05 19:52:46,946 - INFO - ⌛ Aguardando confirmação 4 - editar OS...
2026-03-05 19:53:02,402 - INFO - 🟨 Janela de confirmação 4 de edição de OS detectada
2026-03-05 19:53:33,077 - INFO - ⌛ Aguardando janela de confirmação de programação de OS...
2026-03-05 19:53:53,410 - INFO - 🟨 Janela de confirmação de programação de OS detectada
2026-03-05 19:54:06,714 - INFO - 🟨 Janela de aviso de edição de OS programadas detectada
2026-03-05 19:54:10,972 - INFO - ⌛ aguardando janela de programação de lote de OS...
2026-03-05 19:54:31,485 - INFO - 🟨 Janela de aviso de substituição de lote de OS detectada
2026-03-05 19:54:37,750 - INFO - ⌛ aguardando janela de programação de lote de OS...
2026-03-05 19:54:58,222 - INFO - 🟨 Janela de programação de lote de OS detectada
2026-03-05 19:55:35,784 - INFO - 🟨 Janela de confirmação de programação de lote de OS detectada
2026-03-05 19:55:40,061 - INFO - ⌛ aguardando confirmação final de programação do lote
2026-03-05 19:56:00,551 - INFO - 🟨 programação do lote 18 efetuado com sucesso
2026-03-05 19:56:10,711 - INFO - 
=== Iniciando lote 19/83 [LV] ===
2026-03-05 19:56:17,059 - INFO - Janela de seleção aberta
2026-03-05 19:56:21,297 - INFO - DEBUG: idx=18, inicio=450, fim=475
2026-03-05 19:56:21,297 - INFO - ✅ 25 OS copiadas para a área de transferência.
2026-03-05 19:56:21,297 - INFO - 📋 Lote 19 copiado.
2026-03-05 19:56:29,630 - INFO - ⌛ Esperando mudança visual...
2026-03-05 19:56:30,656 - INFO - ⌛ Esperando mudança visual...
2026-03-05 19:56:31,674 - INFO - ⌛ Esperando mudança visual...
2026-03-05 19:56:32,686 - INFO - ⌛ Esperando mudança visual...
2026-03-05 19:56:33,701 - INFO - ⌛ Esperando mudança visual...
2026-03-05 19:56:34,717 - INFO - ⌛ Esperando mudança visual...
2026-03-05 19:56:35,733 - INFO - ⌛ Esperando mudança visual...
2026-03-05 19:56:36,750 - INFO - ⌛ Esperando mudança visual...
2026-03-05 19:56:37,764 - INFO - ⌛ Esperando mudança visual...
2026-03-05 19:56:38,780 - INFO - ⌛ Esperando mudança visual...
2026-03-05 19:56:39,796 - INFO - ⌛ Esperando mudança visual...
2026-03-05 19:56:40,811 - INFO - ✅ Tela carregada!
2026-03-05 19:56:51,293 - INFO - ⌛ Aguardando janela de confirmação de desbloqueio...
2026-03-05 19:57:06,680 - INFO - 🟨 Registros desbloqueados com sucesso
2026-03-05 19:57:20,183 - INFO - ⌛ Aguardando janela de edição de OS...
2026-03-05 19:57:35,642 - INFO - 🟨 OS programadas detectadas
2026-03-05 19:57:38,798 - INFO - ⌛ Aguardando janela de edição de OS...
2026-03-05 19:57:54,231 - INFO - 🟨 Janela de edição de OS detectada
2026-03-05 19:58:15,586 - INFO - 🟨 Janela de edição de habilidade da turma detectada
2026-03-05 19:59:33,914 - INFO - ⌛ Aguardando detecção do campo de caracteristica 'EQUIPE PRÓPRIA OU EPS' ...
2026-03-05 19:59:53,254 - INFO - 🟨 campo de caracteristica 'EQUIPE PRÓPRIA OU EPS detectado
2026-03-05 20:00:15,024 - INFO - ⌛ Aguardando confirmação 4 - editar OS...
2026-03-05 20:00:30,464 - INFO - ⌛ Aguardando confirmação 4 - editar OS...
2026-03-05 20:00:45,911 - INFO - ⌛ Aguardando confirmação 4 - editar OS...
2026-03-05 20:01:01,341 - INFO - 🟨 Janela de confirmação 4 de edição de OS detectada
2026-03-05 20:01:32,016 - INFO - ⌛ Aguardando janela de confirmação de programação de OS...
2026-03-05 20:01:52,373 - INFO - 🟨 Janela de confirmação de programação de OS detectada
2026-03-05 20:02:05,677 - INFO - 🟨 Janela de aviso de edição de OS programadas detectada
2026-03-05 20:02:09,954 - INFO - ⌛ aguardando janela de programação de lote de OS...
2026-03-05 20:02:30,524 - INFO - 🟨 Janela de aviso de substituição de lote de OS detectada
2026-03-05 20:02:36,794 - INFO - ⌛ aguardando janela de programação de lote de OS...
2026-03-05 20:02:57,294 - INFO - 🟨 Janela de programação de lote de OS detectada
2026-03-05 20:03:34,846 - INFO - 🟨 Janela de confirmação de programação de lote de OS detectada
2026-03-05 20:03:39,106 - INFO - ⌛ aguardando confirmação final de programação do lote
2026-03-05 20:03:59,621 - INFO - 🟨 programação do lote 19 efetuado com sucesso
2026-03-05 20:04:09,773 - INFO - 
=== Iniciando lote 20/83 [LV] ===
2026-03-05 20:04:16,123 - INFO - Janela de seleção aberta
2026-03-05 20:04:20,371 - INFO - DEBUG: idx=19, inicio=475, fim=500
2026-03-05 20:04:20,371 - INFO - ✅ 25 OS copiadas para a área de transferência.
2026-03-05 20:04:20,371 - INFO - 📋 Lote 20 copiado.
2026-03-05 20:04:28,692 - INFO - ⌛ Esperando mudança visual...
2026-03-05 20:04:29,715 - INFO - ⌛ Esperando mudança visual...
2026-03-05 20:04:30,731 - INFO - ⌛ Esperando mudança visual...
2026-03-05 20:04:31,747 - INFO - ⌛ Esperando mudança visual...
2026-03-05 20:04:32,763 - INFO - ⌛ Esperando mudança visual...
2026-03-05 20:04:33,778 - INFO - ⌛ Esperando mudança visual...
2026-03-05 20:04:34,797 - INFO - ⌛ Esperando mudança visual...
2026-03-05 20:04:35,810 - INFO - ⌛ Esperando mudança visual...
2026-03-05 20:04:36,826 - INFO - ⌛ Esperando mudança visual...
2026-03-05 20:04:37,841 - INFO - ⌛ Esperando mudança visual...
2026-03-05 20:04:38,857 - INFO - ⌛ Esperando mudança visual...
2026-03-05 20:04:39,875 - INFO - ✅ Tela carregada!
2026-03-05 20:04:50,330 - INFO - ⌛ Aguardando janela de confirmação de desbloqueio...
2026-03-05 20:05:05,726 - INFO - 🟨 Registros desbloqueados com sucesso
2026-03-05 20:05:19,237 - INFO - ⌛ Aguardando janela de edição de OS...
2026-03-05 20:05:34,672 - INFO - 🟨 OS programadas detectadas
2026-03-05 20:05:37,824 - INFO - ⌛ Aguardando janela de edição de OS...
2026-03-05 20:05:53,250 - INFO - 🟨 Janela de edição de OS detectada
2026-03-05 20:06:14,648 - INFO - 🟨 Janela de edição de habilidade da turma detectada
2026-03-05 20:07:32,959 - INFO - ⌛ Aguardando detecção do campo de caracteristica 'EQUIPE PRÓPRIA OU EPS' ...
2026-03-05 20:07:52,323 - INFO - 🟨 campo de caracteristica 'EQUIPE PRÓPRIA OU EPS detectado
2026-03-05 20:08:14,099 - INFO - ⌛ Aguardando confirmação 4 - editar OS...
2026-03-05 20:08:29,545 - INFO - ⌛ Aguardando confirmação 4 - editar OS...
2026-03-05 20:08:45,004 - INFO - 🟨 Janela de confirmação 4 de edição de OS detectada
2026-03-05 20:09:15,689 - INFO - ⌛ Aguardando janela de confirmação de programação de OS...
2026-03-05 20:09:36,023 - INFO - 🟨 Janela de confirmação de programação de OS detectada
2026-03-05 20:09:49,331 - INFO - 🟨 Janela de aviso de edição de OS programadas detectada
2026-03-05 20:09:53,594 - INFO - ⌛ aguardando janela de programação de lote de OS...
2026-03-05 20:10:14,257 - INFO - 🟨 Janela de aviso de substituição de lote de OS detectada
2026-03-05 20:10:20,575 - INFO - ⌛ aguardando janela de programação de lote de OS...
2026-03-05 20:10:41,246 - INFO - 🟨 Janela de programação de lote de OS detectada
2026-03-05 20:11:18,833 - INFO - 🟨 Janela de confirmação de programação de lote de OS detectada
2026-03-05 20:11:23,087 - INFO - ⌛ aguardando confirmação final de programação do lote
2026-03-05 20:11:43,565 - INFO - ⌛ aguardando confirmação final de programação do lote
2026-03-05 20:12:04,112 - INFO - 🟨 programação do lote 20 efetuado com sucesso
2026-03-05 20:12:14,276 - INFO - 
=== Iniciando lote 21/83 [LV] ===
2026-03-05 20:12:20,638 - INFO - Janela de seleção aberta
2026-03-05 20:12:24,875 - INFO - DEBUG: idx=20, inicio=500, fim=525
2026-03-05 20:12:24,875 - INFO - ✅ 25 OS copiadas para a área de transferência.
2026-03-05 20:12:24,875 - INFO - 📋 Lote 21 copiado.
2026-03-05 20:12:33,198 - INFO - ⌛ Esperando mudança visual...
2026-03-05 20:12:34,224 - INFO - ⌛ Esperando mudança visual...
2026-03-05 20:12:35,239 - INFO - ⌛ Esperando mudança visual...
2026-03-05 20:12:36,253 - INFO - ⌛ Esperando mudança visual...
2026-03-05 20:12:37,268 - INFO - ⌛ Esperando mudança visual...
2026-03-05 20:12:38,284 - INFO - ⌛ Esperando mudança visual...
2026-03-05 20:12:39,300 - INFO - ⌛ Esperando mudança visual...
2026-03-05 20:12:40,315 - INFO - ⌛ Esperando mudança visual...
2026-03-05 20:12:41,331 - INFO - ⌛ Esperando mudança visual...
2026-03-05 20:12:42,346 - INFO - ⌛ Esperando mudança visual...
2026-03-05 20:12:43,363 - INFO - ⌛ Esperando mudança visual...
2026-03-05 20:12:44,378 - INFO - ✅ Tela carregada!
2026-03-05 20:12:54,847 - INFO - ⌛ Aguardando janela de confirmação de desbloqueio...
2026-03-05 20:13:10,220 - INFO - 🟨 Registros desbloqueados com sucesso
2026-03-05 20:13:23,797 - INFO - ⌛ Aguardando janela de edição de OS...
2026-03-05 20:13:39,309 - INFO - 🟨 OS programadas detectadas
2026-03-05 20:13:42,466 - INFO - ⌛ Aguardando janela de edição de OS...
2026-03-05 20:13:57,927 - INFO - 🟨 Janela de edição de OS detectada
2026-03-05 20:14:19,278 - INFO - 🟨 Janela de edição de habilidade da turma detectada
2026-03-05 20:15:37,587 - INFO - ⌛ Aguardando detecção do campo de caracteristica 'EQUIPE PRÓPRIA OU EPS' ...
2026-03-05 20:15:56,942 - INFO - 🟨 campo de caracteristica 'EQUIPE PRÓPRIA OU EPS detectado
2026-03-05 20:16:18,706 - INFO - ⌛ Aguardando confirmação 4 - editar OS...
2026-03-05 20:16:34,142 - INFO - ⌛ Aguardando confirmação 4 - editar OS...
2026-03-05 20:16:49,625 - INFO - ⌛ Aguardando confirmação 4 - editar OS...
2026-03-05 20:17:05,076 - INFO - 🟨 Janela de confirmação 4 de edição de OS detectada
2026-03-05 20:17:35,744 - INFO - ⌛ Aguardando janela de confirmação de programação de OS...
2026-03-05 20:17:56,090 - INFO - 🟨 Janela de confirmação de programação de OS detectada
2026-03-05 20:18:09,386 - INFO - 🟨 Janela de aviso de edição de OS programadas detectada
2026-03-05 20:18:13,647 - INFO - ⌛ aguardando janela de programação de lote de OS...
2026-03-05 20:18:34,219 - INFO - 🟨 Janela de aviso de substituição de lote de OS detectada
2026-03-05 20:18:40,485 - INFO - ⌛ aguardando janela de programação de lote de OS...
2026-03-05 20:19:01,014 - INFO - 🟨 Janela de programação de lote de OS detectada
2026-03-05 20:19:38,563 - INFO - 🟨 Janela de confirmação de programação de lote de OS detectada
2026-03-05 20:19:42,821 - INFO - ⌛ aguardando confirmação final de programação do lote
2026-03-05 20:20:03,317 - INFO - 🟨 programação do lote 21 efetuado com sucesso
2026-03-05 20:20:13,466 - INFO - 
=== Iniciando lote 22/83 [LV] ===
2026-03-05 20:20:19,814 - INFO - Janela de seleção aberta
2026-03-05 20:20:24,058 - INFO - DEBUG: idx=21, inicio=525, fim=550
2026-03-05 20:20:24,058 - INFO - ✅ 25 OS copiadas para a área de transferência.
2026-03-05 20:20:24,058 - INFO - 📋 Lote 22 copiado.
2026-03-05 20:20:32,396 - INFO - ⌛ Esperando mudança visual...
2026-03-05 20:20:33,414 - INFO - ⌛ Esperando mudança visual...
2026-03-05 20:20:34,426 - INFO - ⌛ Esperando mudança visual...
2026-03-05 20:20:35,442 - INFO - ⌛ Esperando mudança visual...
2026-03-05 20:20:36,458 - INFO - ⌛ Esperando mudança visual...
2026-03-05 20:20:37,473 - INFO - ⌛ Esperando mudança visual...
2026-03-05 20:20:38,489 - INFO - ⌛ Esperando mudança visual...
2026-03-05 20:20:39,507 - INFO - ⌛ Esperando mudança visual...
2026-03-05 20:20:40,520 - INFO - ⌛ Esperando mudança visual...
2026-03-05 20:20:41,538 - INFO - ⌛ Esperando mudança visual...
2026-03-05 20:20:42,552 - INFO - ⌛ Esperando mudança visual...
2026-03-05 20:20:43,570 - INFO - ✅ Tela carregada!
2026-03-05 20:20:54,039 - INFO - ⌛ Aguardando janela de confirmação de desbloqueio...
2026-03-05 20:21:09,422 - INFO - 🟨 Registros desbloqueados com sucesso
2026-03-05 20:21:22,932 - INFO - ⌛ Aguardando janela de edição de OS...
2026-03-05 20:21:38,386 - INFO - 🟨 OS programadas detectadas
2026-03-05 20:21:41,539 - INFO - ⌛ Aguardando janela de edição de OS...
2026-03-05 20:21:57,008 - INFO - 🟨 Janela de edição de OS detectada
2026-03-05 20:22:18,377 - INFO - 🟨 Janela de edição de habilidade da turma detectada
2026-03-05 20:23:36,672 - INFO - ⌛ Aguardando detecção do campo de caracteristica 'EQUIPE PRÓPRIA OU EPS' ...
2026-03-05 20:23:56,036 - INFO - 🟨 campo de caracteristica 'EQUIPE PRÓPRIA OU EPS detectado
2026-03-05 20:24:17,799 - INFO - ⌛ Aguardando confirmação 4 - editar OS...
2026-03-05 20:24:33,247 - INFO - ⌛ Aguardando confirmação 4 - editar OS...
2026-03-05 20:24:48,687 - INFO - 🟨 Janela de confirmação 4 de edição de OS detectada
2026-03-05 20:25:19,384 - INFO - ⌛ Aguardando janela de confirmação de programação de OS...
2026-03-05 20:25:39,710 - INFO - 🟨 Janela de confirmação de programação de OS detectada
2026-03-05 20:25:53,003 - INFO - 🟨 Janela de aviso de edição de OS programadas detectada
2026-03-05 20:25:57,286 - INFO - ⌛ aguardando janela de programação de lote de OS...
2026-03-05 20:26:17,946 - INFO - 🟨 Janela de aviso de substituição de lote de OS detectada
2026-03-05 20:26:24,211 - INFO - ⌛ aguardando janela de programação de lote de OS...
2026-03-05 20:26:44,711 - INFO - ⌛ aguardando janela de programação de lote de OS...
2026-03-05 20:26:44,939 - INFO - 🟨 Identificado falha no EQM
2026-03-05 20:26:44,939 - INFO - Capturando print...
2026-03-05 20:27:21,609 - INFO - ⌛ Aguardando janela de confirmação de programação de OS...
2026-03-05 20:27:41,950 - INFO - 🟨 Janela de confirmação de programação de OS detectada
2026-03-05 20:27:55,259 - INFO - ⌛ aguardando janela de programação de lote de OS...
2026-03-05 20:28:15,779 - INFO - ⌛ aguardando janela de programação de lote de OS...
2026-03-05 20:28:36,344 - INFO - ⌛ aguardando janela de programação de lote de OS...
2026-03-05 20:28:56,924 - INFO - ⌛ aguardando janela de programação de lote de OS...
2026-03-05 20:29:17,508 - INFO - ⌛ aguardando janela de programação de lote de OS...
2026-03-05 20:29:38,097 - INFO - ⌛ aguardando janela de programação de lote de OS...
2026-03-05 20:29:58,705 - INFO - ⌛ aguardando janela de programação de lote de OS...
2026-03-05 20:30:19,318 - INFO - ⌛ aguardando janela de programação de lote de OS...
2026-03-05 20:30:39,882 - INFO - ⌛ aguardando janela de programação de lote de OS...
2026-03-05 20:31:00,422 - INFO - ⌛ aguardando janela de programação de lote de OS...
2026-03-05 20:31:20,970 - INFO - ⌛ aguardando janela de programação de lote de OS...
2026-03-05 20:31:41,539 - INFO - ⌛ aguardando janela de programação de lote de OS...
2026-03-05 20:32:02,152 - INFO - ⌛ aguardando janela de programação de lote de OS...
2026-03-05 20:32:22,771 - INFO - ⌛ aguardando janela de programação de lote de OS...
2026-03-05 20:32:43,343 - INFO - ⌛ aguardando janela de programação de lote de OS...
2026-03-05 20:33:03,920 - INFO - ⌛ aguardando janela de programação de lote de OS...
2026-03-05 20:33:24,483 - INFO - ⌛ aguardando janela de programação de lote de OS...
2026-03-05 20:33:45,042 - INFO - ⌛ aguardando janela de programação de lote de OS...
2026-03-05 20:34:05,708 - INFO - ⌛ aguardando janela de programação de lote de OS...
2026-03-05 20:34:26,348 - INFO - ⌛ aguardando janela de programação de lote de OS...
2026-03-05 20:34:46,872 - INFO - ⌛ aguardando janela de programação de lote de OS...
2026-03-05 20:35:07,413 - INFO - ⌛ aguardando janela de programação de lote de OS...
2026-03-05 20:35:28,006 - INFO - ⌛ aguardando janela de programação de lote de OS...
2026-03-05 20:35:48,551 - INFO - ⌛ aguardando janela de programação de lote de OS...
2026-03-05 20:36:09,099 - INFO - ⌛ aguardando janela de programação de lote de OS...
2026-03-05 20:36:29,658 - INFO - ⌛ aguardando janela de programação de lote de OS...
2026-03-05 20:36:50,224 - INFO - ⌛ aguardando janela de programação de lote de OS...
2026-03-05 20:37:10,765 - INFO - ⌛ aguardando janela de programação de lote de OS...
2026-03-05 20:37:31,297 - INFO - ⌛ aguardando janela de programação de lote de OS...
2026-03-05 20:37:51,825 - INFO - ⌛ aguardando janela de programação de lote de OS...
2026-03-05 20:38:12,358 - INFO - ⌛ aguardando janela de programação de lote de OS...
2026-03-05 20:38:32,903 - INFO - ⌛ aguardando janela de programação de lote de OS...
2026-03-05 20:38:53,446 - INFO - ⌛ aguardando janela de programação de lote de OS...
2026-03-05 20:39:14,038 - INFO - ⌛ aguardando janela de programação de lote de OS...
2026-03-05 20:39:34,634 - INFO - ⌛ aguardando janela de programação de lote de OS...
2026-03-05 20:39:55,211 - INFO - ⌛ aguardando janela de programação de lote de OS...
2026-03-05 20:40:15,774 - INFO - ⌛ aguardando janela de programação de lote de OS...
2026-03-05 20:40:36,374 - INFO - ⌛ aguardando janela de programação de lote de OS...
2026-03-05 20:40:56,984 - INFO - ⌛ aguardando janela de programação de lote de OS...
2026-03-05 20:41:17,624 - INFO - ⌛ aguardando janela de programação de lote de OS...
2026-03-05 20:41:38,254 - INFO - ⌛ aguardando janela de programação de lote de OS...
2026-03-05 20:41:58,820 - INFO - ⌛ aguardando janela de programação de lote de OS...
2026-03-05 20:42:19,370 - INFO - ⌛ aguardando janela de programação de lote de OS...
2026-03-05 20:42:39,909 - INFO - ⌛ aguardando janela de programação de lote de OS...
2026-03-05 20:43:00,473 - INFO - ⌛ aguardando janela de programação de lote de OS...
2026-03-05 20:43:21,031 - INFO - ⌛ aguardando janela de programação de lote de OS...
2026-03-05 20:43:41,615 - INFO - ⌛ aguardando janela de programação de lote de OS...
2026-03-05 20:44:02,185 - INFO - ⌛ aguardando janela de programação de lote de OS...
2026-03-05 20:44:22,725 - INFO - ⌛ aguardando janela de programação de lote de OS...
2026-03-05 20:44:43,266 - INFO - ⌛ aguardando janela de programação de lote de OS...
2026-03-05 20:45:03,812 - INFO - ⌛ aguardando janela de programação de lote de OS...
2026-03-05 20:45:24,381 - INFO - ⌛ aguardando janela de programação de lote de OS...
2026-03-05 20:45:44,940 - INFO - ⌛ aguardando janela de programação de lote de OS...
2026-03-05 20:46:05,478 - INFO - ⌛ aguardando janela de programação de lote de OS...
2026-03-05 20:46:26,029 - INFO - ⌛ aguardando janela de programação de lote de OS...
2026-03-05 20:46:46,626 - INFO - ⌛ aguardando janela de programação de lote de OS...
2026-03-05 20:47:07,270 - INFO - ⌛ aguardando janela de programação de lote de OS...
2026-03-05 20:47:27,813 - INFO - ⌛ aguardando janela de programação de lote de OS...
2026-03-05 20:47:48,359 - INFO - verificando janela oculta
2026-03-05 20:48:08,815 - INFO - ⏱️ Tempo limite atingido. Abortando seleção
2026-03-05 20:48:08,815 - INFO - Capturando print...
