2025-11-12 09:35:24,664 - INFO - Data hoje: 12/11/2025
2025-11-12 09:35:24,664 - INFO - Data de referência: 30/11/2025
2025-11-12 09:35:30,071 - INFO - 
Qtde LINHA VIVA: 32
2025-11-12 09:35:30,072 - INFO - Qtde LINHA MORTA/PESADA/FAIXA: 117
2025-11-12 09:35:30,441 - INFO - 
Arquivo gerado: C:\Users\U469784\venvs\py311\bot_programacao\EXCEL\pendentes_20251112.xlsx
2025-11-12 09:35:30,481 - INFO - 
 Qtd de lotes de LM: 5
2025-11-12 09:35:30,481 - INFO - 
 Qtd de lotes de LV: 2
2025-11-12 09:35:30,481 - INFO - 
=== Iniciando lote 1/2 [LV] ===
2025-11-12 09:35:36,886 - INFO - Janela de seleção aberta
2025-11-12 09:35:58,998 - INFO - Data hoje: 12/11/2025
2025-11-12 09:35:58,998 - INFO - Data de referência: 30/11/2025
2025-11-12 09:36:05,692 - INFO - 
Qtde LINHA VIVA: 32
2025-11-12 09:36:05,692 - INFO - Qtde LINHA MORTA/PESADA/FAIXA: 117
2025-11-12 09:36:05,991 - INFO - 
Arquivo gerado: C:\Users\U469784\venvs\py311\bot_programacao\EXCEL\pendentes_20251112.xlsx
2025-11-12 09:36:06,022 - INFO - 
 Qtd de lotes de LM: 5
2025-11-12 09:36:06,022 - INFO - 
 Qtd de lotes de LV: 2
2025-11-12 09:36:06,023 - INFO - 
=== Iniciando lote 1/5 [LM] ===
2025-11-12 09:36:12,402 - INFO - Janela de seleção aberta
2025-11-12 09:36:27,659 - INFO - DEBUG: idx=0, inicio=0, fim=25
2025-11-12 09:36:27,659 - INFO - ✅ 25 OS copiadas para a área de transferência.
2025-11-12 09:36:27,659 - INFO - 📋 Lote 1 copiado.
2025-11-12 09:36:51,993 - INFO - ⌛ Esperando mudança visual...
2025-11-12 09:36:53,027 - INFO - ✅ Tela carregada!
2025-11-12 09:37:11,491 - INFO - ⌛ Aguardando janela de confirmação de desbloqueio...
2025-11-12 09:37:31,672 - INFO - 🟨 Registros desbloqueados com sucesso
2025-11-12 09:38:17,260 - INFO - 🟨 OS programadas detectadas
2025-11-12 09:38:27,416 - INFO - ⌛ Aguardando janela de edição de OS...
2025-11-12 09:38:47,628 - INFO - 🟨 Janela de edição de OS detectada
2025-11-12 09:39:22,990 - INFO - 🟨 Janela de edição de habilidade da turma detectada
2025-11-12 09:40:29,341 - INFO - ⌛ Aguardando detecção do campo de caracteristica 'EQUIPE PRÓPRIA OU EPS' ...
2025-11-12 09:40:49,494 - INFO - ⌛ Aguardando detecção do campo de caracteristica 'EQUIPE PRÓPRIA OU EPS' ...
2025-11-12 09:41:09,670 - INFO - ⌛ Aguardando detecção do campo de caracteristica 'EQUIPE PRÓPRIA OU EPS' ...
2025-11-12 09:41:29,820 - INFO - 🟨 campo de caracteristica 'EQUIPE PRÓPRIA OU EPS detectado
2025-11-12 09:42:10,561 - INFO - ⌛ Aguardando confirmação 4 - editar OS...
2025-11-12 09:42:30,710 - INFO - ⌛ Aguardando confirmação 4 - editar OS...
2025-11-12 09:43:26,519 - INFO - ⌛ Aguardando janela de confirmação de programação de OS...
2025-11-12 09:43:46,657 - INFO - 🟨 Janela de confirmação de programação de OS detectada
2025-11-12 09:43:56,980 - INFO - 🟨 Janela de aviso de edição de OS programadas detectada
2025-11-12 09:44:17,254 - INFO - ⌛ aguardando janela de programação de lote de OS...
2025-11-12 09:44:37,514 - INFO - 🟨 Janela de aviso de substituição de lote de OS detectada
2025-11-12 09:45:07,797 - INFO - ⌛ aguardando janela de programação de lote de OS...
2025-11-12 09:45:28,107 - INFO - ⌛ aguardando janela de programação de lote de OS...
2025-11-12 09:45:48,428 - INFO - ⌛ aguardando janela de programação de lote de OS...
2025-11-12 09:46:08,740 - INFO - ⌛ aguardando janela de programação de lote de OS...
2025-11-12 09:46:29,029 - INFO - ⌛ aguardando janela de programação de lote de OS...
2025-11-12 09:46:49,316 - INFO - ⌛ aguardando janela de programação de lote de OS...
2025-11-12 09:47:09,593 - INFO - ⌛ aguardando janela de programação de lote de OS...
2025-11-12 09:47:29,892 - INFO - ⌛ aguardando janela de programação de lote de OS...
2025-11-12 09:47:50,157 - INFO - ⌛ aguardando janela de programação de lote de OS...
2025-11-12 09:48:10,456 - INFO - ⌛ aguardando janela de programação de lote de OS...
2025-11-12 09:48:30,722 - INFO - ⌛ aguardando janela de programação de lote de OS...
2025-11-12 09:48:51,012 - INFO - ⌛ aguardando janela de programação de lote de OS...
2025-11-12 09:49:11,278 - INFO - ⌛ aguardando janela de programação de lote de OS...
2025-11-12 09:49:31,575 - INFO - ⌛ aguardando janela de programação de lote de OS...
2025-11-12 09:49:51,889 - INFO - ⌛ aguardando janela de programação de lote de OS...
2025-11-12 09:50:12,233 - INFO - ⌛ aguardando janela de programação de lote de OS...
2025-11-12 09:50:32,572 - INFO - ⌛ aguardando janela de programação de lote de OS...
2025-11-12 09:50:52,936 - INFO - ⌛ aguardando janela de programação de lote de OS...
2025-11-12 09:51:13,199 - INFO - ⌛ aguardando janela de programação de lote de OS...
2025-11-12 09:51:33,460 - INFO - ⌛ aguardando janela de programação de lote de OS...
2025-11-12 09:51:53,725 - INFO - 🟨 Janela de programação de lote de OS detectada
2025-11-12 09:53:10,170 - INFO - ⌛ aguardando janela de confirmação de programação de lote de OS...
2025-11-12 09:53:30,309 - INFO - 🟨 Janela de confirmação de programação de lote de OS detectada
2025-11-12 09:53:55,574 - INFO - 🟨 programação do lote 1 efetuado com sucesso
2025-11-12 09:54:45,730 - INFO - 
=== Iniciando lote 2/5 [LM] ===
2025-11-12 09:54:52,082 - INFO - Janela de seleção aberta
2025-11-12 09:55:07,317 - INFO - DEBUG: idx=1, inicio=25, fim=50
2025-11-12 09:55:07,317 - INFO - ✅ 25 OS copiadas para a área de transferência.
2025-11-12 09:55:07,317 - INFO - 📋 Lote 2 copiado.
2025-11-12 09:55:31,657 - INFO - ⌛ Esperando mudança visual...
2025-11-12 09:55:32,693 - INFO - ⌛ Esperando mudança visual...
2025-11-12 09:55:33,701 - INFO - ⌛ Esperando mudança visual...
2025-11-12 09:55:34,723 - INFO - ⌛ Esperando mudança visual...
2025-11-12 09:55:35,734 - INFO - ⌛ Esperando mudança visual...
2025-11-12 09:55:36,750 - INFO - ⌛ Esperando mudança visual...
2025-11-12 09:55:37,767 - INFO - ⌛ Esperando mudança visual...
2025-11-12 09:55:38,795 - INFO - ⌛ Esperando mudança visual...
2025-11-12 09:55:39,812 - INFO - ⌛ Esperando mudança visual...
2025-11-12 09:55:40,828 - INFO - ⌛ Esperando mudança visual...
2025-11-12 09:55:41,865 - INFO - ⌛ Esperando mudança visual...
2025-11-12 09:55:42,882 - INFO - ⌛ Esperando mudança visual...
2025-11-12 09:55:43,887 - INFO - ⌛ Esperando mudança visual...
2025-11-12 09:55:44,907 - INFO - ✅ Tela carregada!
2025-11-12 09:56:03,389 - INFO - ⌛ Aguardando janela de confirmação de desbloqueio...
2025-11-12 09:56:23,562 - INFO - 🟨 Registros desbloqueados com sucesso
2025-11-12 09:57:09,137 - INFO - 🟨 OS programadas detectadas
2025-11-12 09:57:19,285 - INFO - ⌛ Aguardando janela de edição de OS...
2025-11-12 09:57:39,488 - INFO - 🟨 Janela de edição de OS detectada
2025-11-12 09:58:14,853 - INFO - 🟨 Janela de edição de habilidade da turma detectada
2025-11-12 09:59:21,179 - INFO - ⌛ Aguardando detecção do campo de caracteristica 'EQUIPE PRÓPRIA OU EPS' ...
2025-11-12 09:59:41,330 - INFO - ⌛ Aguardando detecção do campo de caracteristica 'EQUIPE PRÓPRIA OU EPS' ...
2025-11-12 10:00:01,479 - INFO - ⌛ Aguardando detecção do campo de caracteristica 'EQUIPE PRÓPRIA OU EPS' ...
2025-11-12 10:00:21,637 - INFO - 🟨 campo de caracteristica 'EQUIPE PRÓPRIA OU EPS detectado
2025-11-12 10:01:02,396 - INFO - ⌛ Aguardando confirmação 4 - editar OS...
2025-11-12 10:01:22,549 - INFO - ⌛ Aguardando confirmação 4 - editar OS...
2025-11-12 10:01:42,718 - INFO - ⌛ Aguardando confirmação 4 - editar OS...
2025-11-12 10:02:38,522 - INFO - ⌛ Aguardando janela de confirmação de programação de OS...
2025-11-12 10:02:58,694 - INFO - 🟨 Janela de confirmação de programação de OS detectada
2025-11-12 10:03:09,012 - INFO - 🟨 Janela de aviso de edição de OS programadas detectada
2025-11-12 10:03:29,296 - INFO - ⌛ aguardando janela de programação de lote de OS...
2025-11-12 10:03:49,568 - INFO - 🟨 Janela de aviso de substituição de lote de OS detectada
2025-11-12 10:04:19,845 - INFO - ⌛ aguardando janela de programação de lote de OS...
2025-11-12 10:04:40,120 - INFO - ⌛ aguardando janela de programação de lote de OS...
2025-11-12 10:05:00,405 - INFO - ⌛ aguardando janela de programação de lote de OS...
2025-11-12 10:05:20,689 - INFO - ⌛ aguardando janela de programação de lote de OS...
2025-11-12 10:05:40,972 - INFO - ⌛ aguardando janela de programação de lote de OS...
2025-11-12 10:06:01,244 - INFO - ⌛ aguardando janela de programação de lote de OS...
2025-11-12 10:06:21,522 - INFO - ⌛ aguardando janela de programação de lote de OS...
2025-11-12 10:06:41,828 - INFO - ⌛ aguardando janela de programação de lote de OS...
2025-11-12 10:07:02,108 - INFO - ⌛ aguardando janela de programação de lote de OS...
2025-11-12 10:07:22,373 - INFO - ⌛ aguardando janela de programação de lote de OS...
2025-11-12 10:07:42,675 - INFO - ⌛ aguardando janela de programação de lote de OS...
2025-11-12 10:08:02,957 - INFO - 🟨 Janela de programação de lote de OS detectada
2025-11-12 10:09:19,464 - INFO - ⌛ aguardando janela de confirmação de programação de lote de OS...
2025-11-12 10:09:39,640 - INFO - 🟨 Janela de confirmação de programação de lote de OS detectada
2025-11-12 10:10:04,951 - INFO - ⌛ aguardando confirmação final de programação do lote
2025-11-12 10:10:25,181 - INFO - 🟨 programação do lote 2 efetuado com sucesso
2025-11-12 10:11:15,347 - INFO - 
=== Iniciando lote 3/5 [LM] ===
2025-11-12 10:11:21,696 - INFO - Janela de seleção aberta
2025-11-12 10:11:36,930 - INFO - DEBUG: idx=2, inicio=50, fim=75
2025-11-12 10:11:36,930 - INFO - ✅ 25 OS copiadas para a área de transferência.
2025-11-12 10:11:36,930 - INFO - 📋 Lote 3 copiado.
2025-11-12 10:12:01,252 - INFO - ⌛ Esperando mudança visual...
2025-11-12 10:12:02,263 - INFO - ⌛ Esperando mudança visual...
2025-11-12 10:12:03,279 - INFO - ⌛ Esperando mudança visual...
2025-11-12 10:12:04,303 - INFO - ⌛ Esperando mudança visual...
2025-11-12 10:12:05,332 - INFO - ⌛ Esperando mudança visual...
2025-11-12 10:12:06,343 - INFO - ⌛ Esperando mudança visual...
2025-11-12 10:12:07,360 - INFO - ⌛ Esperando mudança visual...
2025-11-12 10:12:08,375 - INFO - ⌛ Esperando mudança visual...
2025-11-12 10:12:09,396 - INFO - ⌛ Esperando mudança visual...
2025-11-12 10:12:10,421 - INFO - ⌛ Esperando mudança visual...
2025-11-12 10:12:11,422 - INFO - ⌛ Esperando mudança visual...
2025-11-12 10:12:12,438 - INFO - ⌛ Esperando mudança visual...
2025-11-12 10:12:13,452 - INFO - ⌛ Esperando mudança visual...
2025-11-12 10:12:14,455 - INFO - ⌛ Esperando mudança visual...
2025-11-12 10:12:15,466 - INFO - ✅ Tela carregada!
2025-11-12 10:12:33,942 - INFO - ⌛ Aguardando janela de confirmação de desbloqueio...
2025-11-12 10:12:54,095 - INFO - ⌛ Aguardando janela de confirmação de desbloqueio...
2025-11-12 10:13:14,257 - INFO - 🟨 Registros desbloqueados com sucesso
2025-11-12 10:13:59,841 - INFO - 🟨 OS programadas detectadas
2025-11-12 10:14:09,999 - INFO - ⌛ Aguardando janela de edição de OS...
2025-11-12 10:14:30,195 - INFO - 🟨 Janela de edição de OS detectada
2025-11-12 10:15:05,556 - INFO - 🟨 Janela de edição de habilidade da turma detectada
2025-11-12 10:16:11,884 - INFO - ⌛ Aguardando detecção do campo de caracteristica 'EQUIPE PRÓPRIA OU EPS' ...
2025-11-12 10:16:32,042 - INFO - ⌛ Aguardando detecção do campo de caracteristica 'EQUIPE PRÓPRIA OU EPS' ...
2025-11-12 10:16:52,180 - INFO - ⌛ Aguardando detecção do campo de caracteristica 'EQUIPE PRÓPRIA OU EPS' ...
2025-11-12 10:17:12,340 - INFO - 🟨 campo de caracteristica 'EQUIPE PRÓPRIA OU EPS detectado
2025-11-12 10:17:53,101 - INFO - ⌛ Aguardando confirmação 4 - editar OS...
2025-11-12 10:18:13,283 - INFO - ⌛ Aguardando confirmação 4 - editar OS...
2025-11-12 10:18:33,440 - INFO - ⌛ Aguardando confirmação 4 - editar OS...
2025-11-12 10:18:53,634 - INFO - ⌛ Aguardando confirmação 4 - editar OS...
2025-11-12 10:19:49,433 - INFO - ⌛ Aguardando janela de confirmação de programação de OS...
2025-11-12 10:20:09,615 - INFO - 🟨 Janela de confirmação de programação de OS detectada
2025-11-12 10:20:19,930 - INFO - 🟨 Janela de aviso de edição de OS programadas detectada
2025-11-12 10:20:40,210 - INFO - ⌛ aguardando janela de programação de lote de OS...
2025-11-12 10:21:00,476 - INFO - 🟨 Janela de aviso de substituição de lote de OS detectada
2025-11-12 10:21:30,739 - INFO - ⌛ aguardando janela de programação de lote de OS...
2025-11-12 10:21:51,015 - INFO - ⌛ aguardando janela de programação de lote de OS...
2025-11-12 10:22:11,262 - INFO - ⌛ aguardando janela de programação de lote de OS...
2025-11-12 10:22:31,564 - INFO - ⌛ aguardando janela de programação de lote de OS...
2025-11-12 10:22:51,839 - INFO - ⌛ aguardando janela de programação de lote de OS...
2025-11-12 10:23:12,132 - INFO - ⌛ aguardando janela de programação de lote de OS...
2025-11-12 10:23:32,412 - INFO - ⌛ aguardando janela de programação de lote de OS...
2025-11-12 10:23:52,661 - INFO - ⌛ aguardando janela de programação de lote de OS...
2025-11-12 10:24:12,943 - INFO - ⌛ aguardando janela de programação de lote de OS...
2025-11-12 10:24:33,219 - INFO - ⌛ aguardando janela de programação de lote de OS...
2025-11-12 10:24:53,490 - INFO - 🟨 Janela de programação de lote de OS detectada
2025-11-12 10:26:09,925 - INFO - ⌛ aguardando janela de confirmação de programação de lote de OS...
2025-11-12 10:26:30,087 - INFO - 🟨 Janela de confirmação de programação de lote de OS detectada
2025-11-12 10:26:55,355 - INFO - ⌛ aguardando confirmação final de programação do lote
2025-11-12 10:27:15,574 - INFO - ⌛ aguardando confirmação final de programação do lote
2025-11-12 10:27:35,781 - INFO - 🟨 programação do lote 3 efetuado com sucesso
2025-11-12 10:28:25,956 - INFO - 
=== Iniciando lote 4/5 [LM] ===
2025-11-12 10:28:32,310 - INFO - Janela de seleção aberta
2025-11-12 10:28:47,549 - INFO - DEBUG: idx=3, inicio=75, fim=100
2025-11-12 10:28:47,549 - INFO - ✅ 25 OS copiadas para a área de transferência.
2025-11-12 10:28:47,549 - INFO - 📋 Lote 4 copiado.
2025-11-12 10:29:11,882 - INFO - ⌛ Esperando mudança visual...
2025-11-12 10:29:12,898 - INFO - ⌛ Esperando mudança visual...
2025-11-12 10:29:13,915 - INFO - ⌛ Esperando mudança visual...
2025-11-12 10:29:14,919 - INFO - ⌛ Esperando mudança visual...
2025-11-12 10:29:15,924 - INFO - ⌛ Esperando mudança visual...
2025-11-12 10:29:16,933 - INFO - ⌛ Esperando mudança visual...
2025-11-12 10:29:17,982 - INFO - ⌛ Esperando mudança visual...
2025-11-12 10:29:18,999 - INFO - ⌛ Esperando mudança visual...
2025-11-12 10:29:20,013 - INFO - ⌛ Esperando mudança visual...
2025-11-12 10:29:21,030 - INFO - ⌛ Esperando mudança visual...
2025-11-12 10:29:22,043 - INFO - ⌛ Esperando mudança visual...
2025-11-12 10:29:23,063 - INFO - ⌛ Esperando mudança visual...
2025-11-12 10:29:24,071 - INFO - ⌛ Esperando mudança visual...
2025-11-12 10:29:25,086 - INFO - ⌛ Esperando mudança visual...
2025-11-12 10:29:26,108 - INFO - ⌛ Esperando mudança visual...
2025-11-12 10:29:27,138 - INFO - ✅ Tela carregada!
2025-11-12 10:29:45,612 - INFO - ⌛ Aguardando janela de confirmação de desbloqueio...
2025-11-12 10:30:05,796 - INFO - 🟨 Registros desbloqueados com sucesso
2025-11-12 10:30:51,395 - INFO - 🟨 OS programadas detectadas
2025-11-12 10:31:01,553 - INFO - ⌛ Aguardando janela de edição de OS...
2025-11-12 10:31:21,755 - INFO - 🟨 Janela de edição de OS detectada
2025-11-12 10:31:57,122 - INFO - 🟨 Janela de edição de habilidade da turma detectada
2025-11-12 10:33:03,442 - INFO - ⌛ Aguardando detecção do campo de caracteristica 'EQUIPE PRÓPRIA OU EPS' ...
2025-11-12 10:33:23,593 - INFO - ⌛ Aguardando detecção do campo de caracteristica 'EQUIPE PRÓPRIA OU EPS' ...
2025-11-12 10:33:43,737 - INFO - ⌛ Aguardando detecção do campo de caracteristica 'EQUIPE PRÓPRIA OU EPS' ...
2025-11-12 10:34:03,885 - INFO - 🟨 campo de caracteristica 'EQUIPE PRÓPRIA OU EPS detectado
2025-11-12 10:34:44,623 - INFO - ⌛ Aguardando confirmação 4 - editar OS...
2025-11-12 10:35:04,800 - INFO - ⌛ Aguardando confirmação 4 - editar OS...
2025-11-12 10:35:24,990 - INFO - ⌛ Aguardando confirmação 4 - editar OS...
2025-11-12 10:36:20,808 - INFO - ⌛ Aguardando janela de confirmação de programação de OS...
2025-11-12 10:36:40,972 - INFO - 🟨 Janela de confirmação de programação de OS detectada
2025-11-12 10:36:51,324 - INFO - 🟨 Janela de aviso de edição de OS programadas detectada
2025-11-12 10:37:11,604 - INFO - ⌛ aguardando janela de programação de lote de OS...
2025-11-12 10:37:31,883 - INFO - 🟨 Janela de aviso de substituição de lote de OS detectada
2025-11-12 10:38:02,149 - INFO - ⌛ aguardando janela de programação de lote de OS...
2025-11-12 10:38:22,414 - INFO - ⌛ aguardando janela de programação de lote de OS...
2025-11-12 10:38:42,733 - INFO - 🟨 Janela de programação de lote de OS detectada
2025-11-12 10:39:59,223 - INFO - ⌛ aguardando janela de confirmação de programação de lote de OS...
2025-11-12 10:40:19,408 - INFO - 🟨 Janela de confirmação de programação de lote de OS detectada
2025-11-12 10:40:44,676 - INFO - ⌛ aguardando confirmação final de programação do lote
2025-11-12 10:41:04,918 - INFO - 🟨 programação do lote 4 efetuado com sucesso
2025-11-12 10:41:55,074 - INFO - 
=== Iniciando lote 5/5 [LM] ===
2025-11-12 10:42:01,419 - INFO - Janela de seleção aberta
2025-11-12 10:42:16,656 - INFO - DEBUG: idx=4, inicio=100, fim=125
2025-11-12 10:42:16,656 - INFO - ✅ 17 OS copiadas para a área de transferência.
2025-11-12 10:42:16,656 - INFO - 📋 Lote 5 copiado.
2025-11-12 10:42:40,974 - INFO - ⌛ Esperando mudança visual...
2025-11-12 10:42:41,991 - INFO - ⌛ Esperando mudança visual...
2025-11-12 10:42:43,011 - INFO - ⌛ Esperando mudança visual...
2025-11-12 10:42:44,022 - INFO - ⌛ Esperando mudança visual...
2025-11-12 10:42:45,037 - INFO - ⌛ Esperando mudança visual...
2025-11-12 10:42:46,059 - INFO - ⌛ Esperando mudança visual...
2025-11-12 10:42:47,074 - INFO - ⌛ Esperando mudança visual...
2025-11-12 10:42:48,087 - INFO - ⌛ Esperando mudança visual...
2025-11-12 10:42:49,095 - INFO - ⌛ Esperando mudança visual...
2025-11-12 10:42:50,106 - INFO - ⌛ Esperando mudança visual...
2025-11-12 10:42:51,121 - INFO - ⌛ Esperando mudança visual...
2025-11-12 10:42:52,129 - INFO - ⌛ Esperando mudança visual...
2025-11-12 10:42:53,146 - INFO - ⌛ Esperando mudança visual...
2025-11-12 10:42:54,148 - INFO - ⌛ Esperando mudança visual...
2025-11-12 10:42:55,165 - INFO - ⌛ Esperando mudança visual...
2025-11-12 10:42:56,183 - INFO - ✅ Tela carregada!
2025-11-12 10:43:14,657 - INFO - ⌛ Aguardando janela de confirmação de desbloqueio...
2025-11-12 10:43:34,819 - INFO - 🟨 Registros desbloqueados com sucesso
2025-11-12 10:44:20,377 - INFO - 🟨 OS programadas detectadas
2025-11-12 10:44:30,535 - INFO - ⌛ Aguardando janela de edição de OS...
2025-11-12 10:44:50,757 - INFO - 🟨 Janela de edição de OS detectada
2025-11-12 10:45:26,096 - INFO - 🟨 Janela de edição de habilidade da turma detectada
2025-11-12 10:46:32,423 - INFO - ⌛ Aguardando detecção do campo de caracteristica 'EQUIPE PRÓPRIA OU EPS' ...
2025-11-12 10:46:52,561 - INFO - ⌛ Aguardando detecção do campo de caracteristica 'EQUIPE PRÓPRIA OU EPS' ...
2025-11-12 10:47:12,706 - INFO - ⌛ Aguardando detecção do campo de caracteristica 'EQUIPE PRÓPRIA OU EPS' ...
2025-11-12 10:47:32,853 - INFO - 🟨 campo de caracteristica 'EQUIPE PRÓPRIA OU EPS detectado
2025-11-12 10:48:13,580 - INFO - ⌛ Aguardando confirmação 4 - editar OS...
2025-11-12 10:48:33,765 - INFO - ⌛ Aguardando confirmação 4 - editar OS...
2025-11-12 10:49:29,530 - INFO - ⌛ Aguardando janela de confirmação de programação de OS...
2025-11-12 10:49:49,681 - INFO - 🟨 Janela de confirmação de programação de OS detectada
2025-11-12 10:50:00,019 - INFO - 🟨 Janela de aviso de edição de OS programadas detectada
2025-11-12 10:50:20,281 - INFO - ⌛ aguardando janela de programação de lote de OS...
2025-11-12 10:50:40,543 - INFO - 🟨 Janela de aviso de substituição de lote de OS detectada
2025-11-12 10:51:10,804 - INFO - ⌛ aguardando janela de programação de lote de OS...
2025-11-12 10:51:31,047 - INFO - ⌛ aguardando janela de programação de lote de OS...
2025-11-12 10:51:51,316 - INFO - 🟨 Janela de programação de lote de OS detectada
2025-11-12 10:53:07,730 - INFO - ⌛ aguardando janela de confirmação de programação de lote de OS...
2025-11-12 10:53:27,882 - INFO - 🟨 Janela de confirmação de programação de lote de OS detectada
2025-11-12 10:53:53,131 - INFO - ⌛ aguardando confirmação final de programação do lote
2025-11-12 10:54:13,359 - INFO - 🟨 programação do lote 5 efetuado com sucesso
2025-11-12 10:57:26,630 - INFO - Data hoje: 12/11/2025
2025-11-12 10:57:26,630 - INFO - Data de referência: 30/11/2025
2025-11-12 10:57:31,804 - INFO - 
Qtde LINHA VIVA: 32
2025-11-12 10:57:31,804 - INFO - Qtde LINHA MORTA/PESADA/FAIXA: 117
2025-11-12 10:57:32,167 - INFO - 
Arquivo gerado: C:\Users\U469784\venvs\py311\bot_programacao\EXCEL\pendentes_20251112.xlsx
2025-11-12 10:57:32,207 - INFO - 
 Qtd de lotes de LM: 5
2025-11-12 10:57:32,207 - INFO - 
 Qtd de lotes de LV: 2
2025-11-12 10:57:32,207 - INFO - 
=== Iniciando lote 1/2 [LV] ===
2025-11-12 10:57:38,599 - INFO - Janela de seleção aberta
2025-11-12 10:57:53,846 - INFO - DEBUG: idx=0, inicio=0, fim=25
2025-11-12 10:57:53,846 - INFO - ✅ 25 OS copiadas para a área de transferência.
2025-11-12 10:57:53,846 - INFO - 📋 Lote 1 copiado.
2025-11-12 10:58:18,182 - INFO - ⌛ Esperando mudança visual...
2025-11-12 10:58:19,188 - INFO - ⌛ Esperando mudança visual...
2025-11-12 10:58:20,211 - INFO - ⌛ Esperando mudança visual...
2025-11-12 10:58:21,220 - INFO - ⌛ Esperando mudança visual...
2025-11-12 10:58:22,237 - INFO - ⌛ Esperando mudança visual...
2025-11-12 10:58:23,252 - INFO - ⌛ Esperando mudança visual...
2025-11-12 10:58:24,269 - INFO - ⌛ Esperando mudança visual...
2025-11-12 10:58:25,290 - INFO - ⌛ Esperando mudança visual...
2025-11-12 10:58:26,307 - INFO - ⌛ Esperando mudança visual...
2025-11-12 10:58:27,324 - INFO - ⌛ Esperando mudança visual...
2025-11-12 10:58:28,346 - INFO - ⌛ Esperando mudança visual...
2025-11-12 10:58:29,362 - INFO - ⌛ Esperando mudança visual...
2025-11-12 10:58:30,379 - INFO - ✅ Tela carregada!
2025-11-12 10:58:48,845 - INFO - ⌛ Aguardando janela de confirmação de desbloqueio...
2025-11-12 10:59:08,993 - INFO - ⌛ Aguardando janela de confirmação de desbloqueio...
2025-11-12 10:59:29,183 - INFO - 🟨 Registros desbloqueados com sucesso
2025-11-12 11:00:14,755 - INFO - 🟨 OS programadas detectadas
2025-11-12 11:00:24,918 - INFO - ⌛ Aguardando janela de edição de OS...
2025-11-12 11:00:45,104 - INFO - 🟨 Janela de edição de OS detectada
2025-11-12 11:01:20,477 - INFO - 🟨 Janela de edição de habilidade da turma detectada
2025-11-12 11:02:26,794 - INFO - ⌛ Aguardando detecção do campo de caracteristica 'EQUIPE PRÓPRIA OU EPS' ...
2025-11-12 11:02:46,956 - INFO - ⌛ Aguardando detecção do campo de caracteristica 'EQUIPE PRÓPRIA OU EPS' ...
2025-11-12 11:03:07,113 - INFO - ⌛ Aguardando detecção do campo de caracteristica 'EQUIPE PRÓPRIA OU EPS' ...
2025-11-12 11:03:27,262 - INFO - 🟨 campo de caracteristica 'EQUIPE PRÓPRIA OU EPS detectado
2025-11-12 11:04:08,004 - INFO - ⌛ Aguardando confirmação 4 - editar OS...
2025-11-12 11:04:28,194 - INFO - ⌛ Aguardando confirmação 4 - editar OS...
2025-11-12 11:04:48,352 - INFO - ⌛ Aguardando confirmação 4 - editar OS...
2025-11-12 11:05:44,141 - INFO - ⌛ Aguardando janela de confirmação de programação de OS...
2025-11-12 11:06:04,325 - INFO - 🟨 Janela de confirmação de programação de OS detectada
2025-11-12 11:06:14,659 - INFO - 🟨 Janela de aviso de edição de OS programadas detectada
2025-11-12 11:06:34,925 - INFO - ⌛ aguardando janela de programação de lote de OS...
2025-11-12 11:06:55,194 - INFO - 🟨 Janela de aviso de substituição de lote de OS detectada
2025-11-12 11:07:25,466 - INFO - ⌛ aguardando janela de programação de lote de OS...
2025-11-12 11:07:45,730 - INFO - 🟨 Janela de programação de lote de OS detectada
2025-11-12 11:09:02,181 - INFO - ⌛ aguardando janela de confirmação de programação de lote de OS...
2025-11-12 11:09:22,376 - INFO - 🟨 Janela de confirmação de programação de lote de OS detectada
2025-11-12 11:09:47,628 - INFO - ⌛ aguardando confirmação final de programação do lote
2025-11-12 11:10:07,825 - INFO - 🟨 programação do lote 1 efetuado com sucesso
2025-11-12 11:10:57,985 - INFO - 
=== Iniciando lote 2/2 [LV] ===
2025-11-12 11:11:04,343 - INFO - Janela de seleção aberta
2025-11-12 11:11:19,578 - INFO - DEBUG: idx=1, inicio=25, fim=50
2025-11-12 11:11:19,578 - INFO - ✅ 7 OS copiadas para a área de transferência.
2025-11-12 11:11:19,578 - INFO - 📋 Lote 2 copiado.
2025-11-12 11:11:43,907 - INFO - ⌛ Esperando mudança visual...
2025-11-12 11:11:44,935 - INFO - ⌛ Esperando mudança visual...
2025-11-12 11:11:45,951 - INFO - ⌛ Esperando mudança visual...
2025-11-12 11:11:46,971 - INFO - ⌛ Esperando mudança visual...
2025-11-12 11:11:47,990 - INFO - ⌛ Esperando mudança visual...
2025-11-12 11:11:49,016 - INFO - ⌛ Esperando mudança visual...
2025-11-12 11:11:50,017 - INFO - ⌛ Esperando mudança visual...
2025-11-12 11:11:51,030 - INFO - ⌛ Esperando mudança visual...
2025-11-12 11:11:52,046 - INFO - ⌛ Esperando mudança visual...
2025-11-12 11:11:53,064 - INFO - ⌛ Esperando mudança visual...
2025-11-12 11:11:54,078 - INFO - ⌛ Esperando mudança visual...
2025-11-12 11:11:55,096 - INFO - ⌛ Esperando mudança visual...
2025-11-12 11:11:56,110 - INFO - ⌛ Esperando mudança visual...
2025-11-12 11:11:57,131 - INFO - ✅ Tela carregada!
2025-11-12 11:12:15,643 - INFO - ⌛ Aguardando janela de confirmação de desbloqueio...
2025-11-12 11:12:35,801 - INFO - 🟨 Registros desbloqueados com sucesso
2025-11-12 11:13:21,374 - INFO - 🟨 OS programadas detectadas
2025-11-12 11:13:31,539 - INFO - ⌛ Aguardando janela de edição de OS...
2025-11-12 11:13:51,756 - INFO - 🟨 Janela de edição de OS detectada
2025-11-12 11:14:27,140 - INFO - 🟨 Janela de edição de habilidade da turma detectada
2025-11-12 11:15:33,456 - INFO - ⌛ Aguardando detecção do campo de caracteristica 'EQUIPE PRÓPRIA OU EPS' ...
2025-11-12 11:15:53,598 - INFO - ⌛ Aguardando detecção do campo de caracteristica 'EQUIPE PRÓPRIA OU EPS' ...
2025-11-12 11:16:13,741 - INFO - ⌛ Aguardando detecção do campo de caracteristica 'EQUIPE PRÓPRIA OU EPS' ...
2025-11-12 11:16:33,904 - INFO - 🟨 campo de caracteristica 'EQUIPE PRÓPRIA OU EPS detectado
2025-11-12 11:17:14,657 - INFO - ⌛ Aguardando confirmação 4 - editar OS...
2025-11-12 11:18:10,439 - INFO - ⌛ Aguardando janela de confirmação de programação de OS...
2025-11-12 11:18:30,618 - INFO - 🟨 Janela de confirmação de programação de OS detectada
2025-11-12 11:18:40,934 - INFO - 🟨 Janela de aviso de edição de OS programadas detectada
2025-11-12 11:19:01,187 - INFO - ⌛ aguardando janela de programação de lote de OS...
2025-11-12 11:19:21,456 - INFO - 🟨 Janela de aviso de substituição de lote de OS detectada
2025-11-12 11:19:51,726 - INFO - ⌛ aguardando janela de programação de lote de OS...
2025-11-12 11:20:11,990 - INFO - 🟨 Janela de programação de lote de OS detectada
2025-11-12 11:21:28,433 - INFO - ⌛ aguardando janela de confirmação de programação de lote de OS...
2025-11-12 11:21:48,606 - INFO - 🟨 Janela de confirmação de programação de lote de OS detectada
2025-11-12 11:22:13,895 - INFO - 🟨 programação do lote 2 efetuado com sucesso
2025-11-12 11:31:15,945 - INFO - Data hoje: 12/11/2025
2025-11-12 11:31:15,945 - INFO - Data de referência: 30/11/2025
2025-11-12 11:31:22,515 - INFO - 
Qtde LINHA VIVA: 0
2025-11-12 11:31:22,515 - INFO - Qtde LINHA MORTA/PESADA/FAIXA: 7
2025-11-12 11:31:22,785 - INFO - 
Arquivo gerado: C:\Users\U469784\venvs\py311\bot_programacao\EXCEL\pendentes_20251112.xlsx
2025-11-12 11:31:22,801 - INFO - 
 Qtd de lotes de LM: 1
2025-11-12 11:31:22,801 - INFO - 
 Qtd de lotes de LV: 0
2025-11-12 11:31:22,801 - INFO - 
=== Iniciando lote 1/1 [LM] ===
2025-11-12 11:31:29,218 - INFO - Janela de seleção aberta
2025-11-12 11:31:39,456 - INFO - DEBUG: idx=0, inicio=0, fim=25
2025-11-12 11:31:39,456 - INFO - ✅ 7 OS copiadas para a área de transferência.
2025-11-12 11:31:39,456 - INFO - 📋 Lote 1 copiado.
2025-11-12 11:47:56,802 - INFO - Data hoje: 12/11/2025
2025-11-12 11:47:56,802 - INFO - Data de referência: 30/11/2025
2025-11-12 11:48:03,721 - INFO - 
Qtde LINHA VIVA: 790
2025-11-12 11:48:03,721 - INFO - Qtde LINHA MORTA/PESADA/FAIXA: 398
2025-11-12 11:48:04,233 - INFO - 
Arquivo gerado: C:\Users\U469784\venvs\py311\bot_programacao\EXCEL\pendentes_20251112.xlsx
2025-11-12 11:48:04,391 - INFO - 
 Qtd de lotes de LM: 16
2025-11-12 11:48:04,391 - INFO - 
 Qtd de lotes de LV: 32
2025-11-12 11:48:04,391 - INFO - 
=== Iniciando lote 1/16 [LM] ===
2025-11-12 11:48:10,804 - INFO - Janela de seleção aberta
2025-11-12 11:48:21,050 - INFO - DEBUG: idx=0, inicio=0, fim=25
2025-11-12 11:48:21,050 - INFO - ✅ 25 OS copiadas para a área de transferência.
2025-11-12 11:48:21,050 - INFO - 📋 Lote 1 copiado.
2025-11-12 11:48:35,373 - INFO - ⌛ Esperando mudança visual...
2025-11-12 11:48:36,392 - INFO - ⌛ Esperando mudança visual...
2025-11-12 11:48:37,410 - INFO - ⌛ Esperando mudança visual...
2025-11-12 11:48:38,428 - INFO - ⌛ Esperando mudança visual...
2025-11-12 11:48:39,437 - INFO - ⌛ Esperando mudança visual...
2025-11-12 11:48:40,453 - INFO - ⌛ Esperando mudança visual...
2025-11-12 11:48:41,468 - INFO - ⌛ Esperando mudança visual...
2025-11-12 11:48:42,476 - INFO - ⌛ Esperando mudança visual...
2025-11-12 11:48:43,483 - INFO - ⌛ Esperando mudança visual...
2025-11-12 11:48:44,498 - INFO - ⌛ Esperando mudança visual...
2025-11-12 11:48:45,531 - INFO - ⌛ Esperando mudança visual...
2025-11-12 11:48:46,544 - INFO - ⌛ Esperando mudança visual...
2025-11-12 11:48:47,548 - INFO - ⌛ Esperando mudança visual...
2025-11-12 11:48:48,560 - INFO - ✅ Tela carregada!
2025-11-12 11:49:07,030 - INFO - ⌛ Aguardando janela de confirmação de desbloqueio...
2025-11-12 11:49:27,207 - INFO - 🟨 Registros desbloqueados com sucesso
2025-11-12 11:49:52,750 - INFO - ⌛ Aguardando janela de edição de OS...
2025-11-12 11:50:12,943 - INFO - 🟨 OS programadas detectadas
2025-11-12 11:50:19,108 - INFO - ⌛ Aguardando janela de edição de OS...
2025-11-12 11:50:39,309 - INFO - 🟨 Janela de edição de OS detectada
2025-11-12 11:50:59,681 - INFO - 🟨 Janela de edição de habilidade da turma detectada
2025-11-12 11:51:47,997 - INFO - ⌛ Aguardando detecção do campo de caracteristica 'EQUIPE PRÓPRIA OU EPS' ...
2025-11-12 11:52:08,151 - INFO - ⌛ Aguardando detecção do campo de caracteristica 'EQUIPE PRÓPRIA OU EPS' ...
2025-11-12 11:52:28,299 - INFO - ⌛ Aguardando detecção do campo de caracteristica 'EQUIPE PRÓPRIA OU EPS' ...
2025-11-12 11:52:48,440 - INFO - 🟨 campo de caracteristica 'EQUIPE PRÓPRIA OU EPS detectado
2025-11-12 11:53:10,173 - INFO - ⌛ Aguardando confirmação 4 - editar OS...
2025-11-12 11:53:30,356 - INFO - ⌛ Aguardando confirmação 4 - editar OS...
2025-11-12 11:54:18,129 - INFO - ⌛ Aguardando janela de confirmação de programação de OS...
2025-11-12 11:54:38,288 - INFO - 🟨 Janela de confirmação de programação de OS detectada
2025-11-12 11:54:45,612 - INFO - ⌛ aguardando janela de programação de lote de OS...
2025-11-12 11:55:05,877 - INFO - 🟨 Janela de aviso de edição de OS programadas detectada
2025-11-12 11:55:16,144 - INFO - ⌛ aguardando janela de programação de lote de OS...
2025-11-12 11:55:36,412 - INFO - 🟨 Janela de aviso de substituição de lote de OS detectada
2025-11-12 11:55:48,676 - INFO - ⌛ aguardando janela de programação de lote de OS...
2025-11-12 11:56:08,945 - INFO - 🟨 Janela de programação de lote de OS detectada
2025-11-12 11:57:06,408 - INFO - ⌛ aguardando janela de confirmação de programação de lote de OS...
2025-11-12 11:57:26,569 - INFO - 🟨 Janela de confirmação de programação de lote de OS detectada
2025-11-12 11:57:38,833 - INFO - ⌛ aguardando confirmação final de programação do lote
2025-11-12 11:57:59,049 - INFO - 🟨 programação do lote 1 efetuado com sucesso
2025-11-12 11:58:26,210 - INFO - 
=== Iniciando lote 2/16 [LM] ===
2025-11-12 11:58:32,568 - INFO - Janela de seleção aberta
2025-11-12 11:58:42,798 - INFO - DEBUG: idx=1, inicio=25, fim=50
2025-11-12 11:58:42,798 - INFO - ✅ 25 OS copiadas para a área de transferência.
2025-11-12 11:58:42,798 - INFO - 📋 Lote 2 copiado.
2025-11-12 11:58:57,132 - INFO - ⌛ Esperando mudança visual...
2025-11-12 11:58:58,142 - INFO - ⌛ Esperando mudança visual...
2025-11-12 11:58:59,150 - INFO - ⌛ Esperando mudança visual...
2025-11-12 11:59:00,170 - INFO - ⌛ Esperando mudança visual...
2025-11-12 11:59:01,187 - INFO - ⌛ Esperando mudança visual...
2025-11-12 11:59:02,197 - INFO - ⌛ Esperando mudança visual...
2025-11-12 11:59:03,220 - INFO - ⌛ Esperando mudança visual...
2025-11-12 11:59:04,239 - INFO - ⌛ Esperando mudança visual...
2025-11-12 11:59:05,251 - INFO - ⌛ Esperando mudança visual...
2025-11-12 11:59:06,273 - INFO - ⌛ Esperando mudança visual...
2025-11-12 11:59:07,288 - INFO - ⌛ Esperando mudança visual...
2025-11-12 11:59:08,303 - INFO - ✅ Tela carregada!
2025-11-12 11:59:26,784 - INFO - ⌛ Aguardando janela de confirmação de desbloqueio...
2025-11-12 11:59:46,958 - INFO - 🟨 Registros desbloqueados com sucesso
2025-11-12 12:00:12,528 - INFO - ⌛ Aguardando janela de edição de OS...
2025-11-12 12:00:32,788 - INFO - 🟨 OS programadas detectadas
2025-11-12 12:00:38,956 - INFO - ⌛ Aguardando janela de edição de OS...
2025-11-12 12:00:59,150 - INFO - 🟨 Janela de edição de OS detectada
2025-11-12 12:01:19,535 - INFO - 🟨 Janela de edição de habilidade da turma detectada
2025-11-12 12:02:07,858 - INFO - ⌛ Aguardando detecção do campo de caracteristica 'EQUIPE PRÓPRIA OU EPS' ...
2025-11-12 12:02:28,024 - INFO - ⌛ Aguardando detecção do campo de caracteristica 'EQUIPE PRÓPRIA OU EPS' ...
2025-11-12 12:02:48,169 - INFO - ⌛ Aguardando detecção do campo de caracteristica 'EQUIPE PRÓPRIA OU EPS' ...
2025-11-12 12:03:08,310 - INFO - 🟨 campo de caracteristica 'EQUIPE PRÓPRIA OU EPS detectado
2025-11-12 12:03:30,052 - INFO - ⌛ Aguardando confirmação 4 - editar OS...
2025-11-12 12:03:50,203 - INFO - ⌛ Aguardando confirmação 4 - editar OS...
2025-11-12 12:04:10,389 - INFO - ⌛ Aguardando confirmação 4 - editar OS...
2025-11-12 12:04:58,135 - INFO - ⌛ Aguardando janela de confirmação de programação de OS...
2025-11-12 12:05:18,312 - INFO - 🟨 Janela de confirmação de programação de OS detectada
2025-11-12 12:05:25,623 - INFO - ⌛ aguardando janela de programação de lote de OS...
2025-11-12 12:05:45,899 - INFO - 🟨 Janela de aviso de edição de OS programadas detectada
2025-11-12 12:05:56,156 - INFO - ⌛ aguardando janela de programação de lote de OS...
2025-11-12 12:06:16,408 - INFO - 🟨 Janela de aviso de substituição de lote de OS detectada
2025-11-12 12:06:28,679 - INFO - ⌛ aguardando janela de programação de lote de OS...
2025-11-12 12:06:48,967 - INFO - 🟨 Janela de programação de lote de OS detectada
2025-11-12 12:07:46,413 - INFO - ⌛ aguardando janela de confirmação de programação de lote de OS...
2025-11-12 12:08:06,577 - INFO - 🟨 Janela de confirmação de programação de lote de OS detectada
2025-11-12 12:08:18,819 - INFO - ⌛ aguardando confirmação final de programação do lote
2025-11-12 12:08:39,041 - INFO - 🟨 programação do lote 2 efetuado com sucesso
2025-11-12 12:09:06,205 - INFO - 
=== Iniciando lote 3/16 [LM] ===
2025-11-12 12:09:12,556 - INFO - Janela de seleção aberta
2025-11-12 12:09:22,785 - INFO - DEBUG: idx=2, inicio=50, fim=75
2025-11-12 12:09:22,785 - INFO - ✅ 25 OS copiadas para a área de transferência.
2025-11-12 12:09:22,785 - INFO - 📋 Lote 3 copiado.
2025-11-12 12:09:37,124 - INFO - ⌛ Esperando mudança visual...
2025-11-12 12:09:38,138 - INFO - ⌛ Esperando mudança visual...
2025-11-12 12:09:39,158 - INFO - ⌛ Esperando mudança visual...
2025-11-12 12:09:40,176 - INFO - ⌛ Esperando mudança visual...
2025-11-12 12:09:41,188 - INFO - ⌛ Esperando mudança visual...
2025-11-12 12:09:42,203 - INFO - ⌛ Esperando mudança visual...
2025-11-12 12:09:43,231 - INFO - ⌛ Esperando mudança visual...
2025-11-12 12:09:44,254 - INFO - ⌛ Esperando mudança visual...
2025-11-12 12:09:45,268 - INFO - ⌛ Esperando mudança visual...
2025-11-12 12:09:46,281 - INFO - ⌛ Esperando mudança visual...
2025-11-12 12:09:47,300 - INFO - ⌛ Esperando mudança visual...
2025-11-12 12:09:48,316 - INFO - ⌛ Esperando mudança visual...
2025-11-12 12:09:49,317 - INFO - ✅ Tela carregada!
2025-11-12 12:10:07,784 - INFO - ⌛ Aguardando janela de confirmação de desbloqueio...
2025-11-12 12:10:28,012 - INFO - 🟨 Registros desbloqueados com sucesso
2025-11-12 12:10:53,575 - INFO - ⌛ Aguardando janela de edição de OS...
2025-11-12 12:11:13,777 - INFO - 🟨 OS programadas detectadas
2025-11-12 12:11:19,939 - INFO - ⌛ Aguardando janela de edição de OS...
2025-11-12 12:11:40,172 - INFO - 🟨 Janela de edição de OS detectada
2025-11-12 12:12:00,520 - INFO - 🟨 Janela de edição de habilidade da turma detectada
2025-11-12 12:12:48,867 - INFO - ⌛ Aguardando detecção do campo de caracteristica 'EQUIPE PRÓPRIA OU EPS' ...
2025-11-12 12:13:09,014 - INFO - ⌛ Aguardando detecção do campo de caracteristica 'EQUIPE PRÓPRIA OU EPS' ...
2025-11-12 12:13:29,168 - INFO - ⌛ Aguardando detecção do campo de caracteristica 'EQUIPE PRÓPRIA OU EPS' ...
2025-11-12 12:13:49,341 - INFO - 🟨 campo de caracteristica 'EQUIPE PRÓPRIA OU EPS detectado
2025-11-12 12:14:11,141 - INFO - ⌛ Aguardando confirmação 4 - editar OS...
2025-11-12 12:14:31,334 - INFO - ⌛ Aguardando confirmação 4 - editar OS...
2025-11-12 12:15:19,122 - INFO - ⌛ Aguardando janela de confirmação de programação de OS...
2025-11-12 12:15:39,300 - INFO - 🟨 Janela de confirmação de programação de OS detectada
2025-11-12 12:15:46,620 - INFO - ⌛ aguardando janela de programação de lote de OS...
2025-11-12 12:16:06,912 - INFO - 🟨 Janela de aviso de edição de OS programadas detectada
2025-11-12 12:16:17,184 - INFO - ⌛ aguardando janela de programação de lote de OS...
2025-11-12 12:16:37,484 - INFO - 🟨 Janela de aviso de substituição de lote de OS detectada
2025-11-12 12:16:49,753 - INFO - ⌛ aguardando janela de programação de lote de OS...
2025-11-12 12:17:10,022 - INFO - 🟨 Janela de programação de lote de OS detectada
2025-11-12 12:18:07,496 - INFO - ⌛ aguardando janela de confirmação de programação de lote de OS...
2025-11-12 12:18:27,674 - INFO - 🟨 Janela de confirmação de programação de lote de OS detectada
2025-11-12 12:18:39,955 - INFO - ⌛ aguardando confirmação final de programação do lote
2025-11-12 12:19:00,179 - INFO - 🟨 programação do lote 3 efetuado com sucesso
2025-11-12 12:19:27,343 - INFO - 
=== Iniciando lote 4/16 [LM] ===
2025-11-12 12:19:33,697 - INFO - Janela de seleção aberta
2025-11-12 12:19:43,926 - INFO - DEBUG: idx=3, inicio=75, fim=100
2025-11-12 12:19:43,926 - INFO - ✅ 25 OS copiadas para a área de transferência.
2025-11-12 12:19:43,926 - INFO - 📋 Lote 4 copiado.
2025-11-12 12:19:58,276 - INFO - ⌛ Esperando mudança visual...
2025-11-12 12:19:59,291 - INFO - ⌛ Esperando mudança visual...
2025-11-12 12:20:00,294 - INFO - ⌛ Esperando mudança visual...
2025-11-12 12:20:01,310 - INFO - ⌛ Esperando mudança visual...
2025-11-12 12:20:02,323 - INFO - ⌛ Esperando mudança visual...
2025-11-12 12:20:03,337 - INFO - ⌛ Esperando mudança visual...
2025-11-12 12:20:04,353 - INFO - ⌛ Esperando mudança visual...
2025-11-12 12:20:05,375 - INFO - ⌛ Esperando mudança visual...
2025-11-12 12:20:06,387 - INFO - ⌛ Esperando mudança visual...
2025-11-12 12:20:07,406 - INFO - ⌛ Esperando mudança visual...
2025-11-12 12:20:08,420 - INFO - ⌛ Esperando mudança visual...
2025-11-12 12:20:09,436 - INFO - ✅ Tela carregada!
2025-11-12 12:20:27,939 - INFO - ⌛ Aguardando janela de confirmação de desbloqueio...
2025-11-12 12:20:48,120 - INFO - 🟨 Registros desbloqueados com sucesso
2025-11-12 12:21:13,720 - INFO - ⌛ Aguardando janela de edição de OS...
2025-11-12 12:21:33,941 - INFO - 🟨 OS programadas detectadas
2025-11-12 12:21:40,116 - INFO - ⌛ Aguardando janela de edição de OS...
2025-11-12 12:22:00,322 - INFO - 🟨 Janela de edição de OS detectada
2025-11-12 12:22:20,686 - INFO - 🟨 Janela de edição de habilidade da turma detectada
2025-11-12 12:23:08,996 - INFO - ⌛ Aguardando detecção do campo de caracteristica 'EQUIPE PRÓPRIA OU EPS' ...
2025-11-12 12:23:29,162 - INFO - ⌛ Aguardando detecção do campo de caracteristica 'EQUIPE PRÓPRIA OU EPS' ...
2025-11-12 12:23:49,329 - INFO - ⌛ Aguardando detecção do campo de caracteristica 'EQUIPE PRÓPRIA OU EPS' ...
2025-11-12 12:24:09,465 - INFO - 🟨 campo de caracteristica 'EQUIPE PRÓPRIA OU EPS detectado
2025-11-12 12:24:31,224 - INFO - ⌛ Aguardando confirmação 4 - editar OS...
2025-11-12 12:24:51,393 - INFO - ⌛ Aguardando confirmação 4 - editar OS...
2025-11-12 12:25:39,205 - INFO - ⌛ Aguardando janela de confirmação de programação de OS...
2025-11-12 12:25:59,386 - INFO - 🟨 Janela de confirmação de programação de OS detectada
2025-11-12 12:26:06,826 - INFO - ⌛ aguardando janela de programação de lote de OS...
2025-11-12 12:26:27,124 - INFO - 🟨 Janela de aviso de edição de OS programadas detectada
2025-11-12 12:26:37,421 - INFO - ⌛ aguardando janela de programação de lote de OS...
2025-11-12 12:26:57,690 - INFO - 🟨 Janela de aviso de substituição de lote de OS detectada
2025-11-12 12:27:09,950 - INFO - ⌛ aguardando janela de programação de lote de OS...
2025-11-12 12:27:30,248 - INFO - 🟨 Janela de programação de lote de OS detectada
2025-11-12 12:28:27,693 - INFO - ⌛ aguardando janela de confirmação de programação de lote de OS...
2025-11-12 12:28:47,849 - INFO - 🟨 Janela de confirmação de programação de lote de OS detectada
2025-11-12 12:29:00,132 - INFO - ⌛ aguardando confirmação final de programação do lote
2025-11-12 12:29:20,371 - INFO - 🟨 programação do lote 4 efetuado com sucesso
2025-11-12 12:29:47,532 - INFO - 
=== Iniciando lote 5/16 [LM] ===
2025-11-12 12:29:53,882 - INFO - Janela de seleção aberta
2025-11-12 12:30:04,111 - INFO - DEBUG: idx=4, inicio=100, fim=125
2025-11-12 12:30:04,111 - INFO - ✅ 25 OS copiadas para a área de transferência.
2025-11-12 12:30:04,111 - INFO - 📋 Lote 5 copiado.
2025-11-12 12:30:18,437 - INFO - ⌛ Esperando mudança visual...
2025-11-12 12:30:19,451 - INFO - ⌛ Esperando mudança visual...
2025-11-12 12:30:20,460 - INFO - ⌛ Esperando mudança visual...
2025-11-12 12:30:21,480 - INFO - ⌛ Esperando mudança visual...
2025-11-12 12:30:22,490 - INFO - ⌛ Esperando mudança visual...
2025-11-12 12:30:23,519 - INFO - ⌛ Esperando mudança visual...
2025-11-12 12:30:24,520 - INFO - ⌛ Esperando mudança visual...
2025-11-12 12:30:25,539 - INFO - ⌛ Esperando mudança visual...
2025-11-12 12:30:26,573 - INFO - ⌛ Esperando mudança visual...
2025-11-12 12:30:27,602 - INFO - ⌛ Esperando mudança visual...
2025-11-12 12:30:28,610 - INFO - ⌛ Esperando mudança visual...
2025-11-12 12:30:29,635 - INFO - ⌛ Esperando mudança visual...
2025-11-12 12:30:30,636 - INFO - ✅ Tela carregada!
2025-11-12 12:30:49,100 - INFO - ⌛ Aguardando janela de confirmação de desbloqueio...
2025-11-12 12:31:09,280 - INFO - 🟨 Registros desbloqueados com sucesso
2025-11-12 12:31:34,860 - INFO - ⌛ Aguardando janela de edição de OS...
2025-11-12 12:31:55,086 - INFO - 🟨 OS programadas detectadas
2025-11-12 12:32:01,285 - INFO - ⌛ Aguardando janela de edição de OS...
2025-11-12 12:32:21,494 - INFO - 🟨 Janela de edição de OS detectada
2025-11-12 12:32:41,881 - INFO - 🟨 Janela de edição de habilidade da turma detectada
2025-11-12 12:33:30,198 - INFO - ⌛ Aguardando detecção do campo de caracteristica 'EQUIPE PRÓPRIA OU EPS' ...
2025-11-12 12:33:50,342 - INFO - ⌛ Aguardando detecção do campo de caracteristica 'EQUIPE PRÓPRIA OU EPS' ...
2025-11-12 12:34:10,486 - INFO - ⌛ Aguardando detecção do campo de caracteristica 'EQUIPE PRÓPRIA OU EPS' ...
2025-11-12 12:34:30,642 - INFO - 🟨 campo de caracteristica 'EQUIPE PRÓPRIA OU EPS detectado
2025-11-12 12:34:52,389 - INFO - ⌛ Aguardando confirmação 4 - editar OS...
2025-11-12 12:35:12,599 - INFO - ⌛ Aguardando confirmação 4 - editar OS...
2025-11-12 12:36:00,392 - INFO - ⌛ Aguardando janela de confirmação de programação de OS...
2025-11-12 12:36:20,544 - INFO - 🟨 Janela de confirmação de programação de OS detectada
2025-11-12 12:36:27,857 - INFO - ⌛ aguardando janela de programação de lote de OS...
2025-11-12 12:36:48,118 - INFO - 🟨 Janela de aviso de edição de OS programadas detectada
2025-11-12 12:36:58,381 - INFO - ⌛ aguardando janela de programação de lote de OS...
2025-11-12 12:37:18,644 - INFO - 🟨 Janela de aviso de substituição de lote de OS detectada
2025-11-12 12:37:30,903 - INFO - ⌛ aguardando janela de programação de lote de OS...
2025-11-12 12:37:51,166 - INFO - 🟨 Janela de programação de lote de OS detectada
2025-11-12 12:38:48,621 - INFO - ⌛ aguardando janela de confirmação de programação de lote de OS...
2025-11-12 12:39:08,793 - INFO - 🟨 Janela de confirmação de programação de lote de OS detectada
2025-11-12 12:39:21,071 - INFO - ⌛ aguardando confirmação final de programação do lote
2025-11-12 12:39:41,308 - INFO - 🟨 programação do lote 5 efetuado com sucesso
2025-11-12 12:40:08,468 - INFO - 
=== Iniciando lote 6/16 [LM] ===
2025-11-12 12:40:14,838 - INFO - Janela de seleção aberta
2025-11-12 12:40:25,062 - INFO - DEBUG: idx=5, inicio=125, fim=150
2025-11-12 12:40:25,062 - INFO - ✅ 25 OS copiadas para a área de transferência.
2025-11-12 12:40:25,062 - INFO - 📋 Lote 6 copiado.
2025-11-12 12:40:39,390 - INFO - ⌛ Esperando mudança visual...
2025-11-12 12:40:40,423 - INFO - ⌛ Esperando mudança visual...
2025-11-12 12:40:41,445 - INFO - ⌛ Esperando mudança visual...
2025-11-12 12:40:42,455 - INFO - ⌛ Esperando mudança visual...
2025-11-12 12:40:43,477 - INFO - ⌛ Esperando mudança visual...
2025-11-12 12:40:44,500 - INFO - ⌛ Esperando mudança visual...
2025-11-12 12:40:45,509 - INFO - ⌛ Esperando mudança visual...
2025-11-12 12:40:46,512 - INFO - ⌛ Esperando mudança visual...
2025-11-12 12:40:47,530 - INFO - ⌛ Esperando mudança visual...
2025-11-12 12:40:48,540 - INFO - ⌛ Esperando mudança visual...
2025-11-12 12:40:49,551 - INFO - ⌛ Esperando mudança visual...
2025-11-12 12:40:50,565 - INFO - ✅ Tela carregada!
2025-11-12 12:41:09,038 - INFO - ⌛ Aguardando janela de confirmação de desbloqueio...
2025-11-12 12:41:29,209 - INFO - 🟨 Registros desbloqueados com sucesso
2025-11-12 12:41:54,798 - INFO - ⌛ Aguardando janela de edição de OS...
2025-11-12 12:42:15,057 - INFO - 🟨 OS programadas detectadas
2025-11-12 12:42:21,230 - INFO - ⌛ Aguardando janela de edição de OS...
2025-11-12 12:42:41,435 - INFO - 🟨 Janela de edição de OS detectada
2025-11-12 12:43:01,801 - INFO - 🟨 Janela de edição de habilidade da turma detectada
2025-11-12 12:43:50,125 - INFO - ⌛ Aguardando detecção do campo de caracteristica 'EQUIPE PRÓPRIA OU EPS' ...
2025-11-12 12:44:10,284 - INFO - ⌛ Aguardando detecção do campo de caracteristica 'EQUIPE PRÓPRIA OU EPS' ...
2025-11-12 12:44:30,451 - INFO - ⌛ Aguardando detecção do campo de caracteristica 'EQUIPE PRÓPRIA OU EPS' ...
2025-11-12 12:44:50,601 - INFO - 🟨 campo de caracteristica 'EQUIPE PRÓPRIA OU EPS detectado
2025-11-12 12:45:12,349 - INFO - ⌛ Aguardando confirmação 4 - editar OS...
2025-11-12 12:45:32,521 - INFO - ⌛ Aguardando confirmação 4 - editar OS...
2025-11-12 12:46:20,353 - INFO - ⌛ Aguardando janela de confirmação de programação de OS...
2025-11-12 12:46:40,524 - INFO - 🟨 Janela de confirmação de programação de OS detectada
2025-11-12 12:46:47,834 - INFO - ⌛ aguardando janela de programação de lote de OS...
2025-11-12 12:47:08,120 - INFO - 🟨 Janela de aviso de edição de OS programadas detectada
2025-11-12 12:47:18,390 - INFO - ⌛ aguardando janela de programação de lote de OS...
2025-11-12 12:47:38,671 - INFO - 🟨 Janela de aviso de substituição de lote de OS detectada
2025-11-12 12:47:50,923 - INFO - ⌛ aguardando janela de programação de lote de OS...
2025-11-12 12:48:11,184 - INFO - 🟨 Janela de programação de lote de OS detectada
2025-11-12 12:49:08,621 - INFO - ⌛ aguardando janela de confirmação de programação de lote de OS...
2025-11-12 12:49:28,766 - INFO - 🟨 Janela de confirmação de programação de lote de OS detectada
2025-11-12 12:49:41,018 - INFO - ⌛ aguardando confirmação final de programação do lote
2025-11-12 12:50:01,223 - INFO - 🟨 programação do lote 6 efetuado com sucesso
2025-11-12 12:50:28,385 - INFO - 
=== Iniciando lote 7/16 [LM] ===
2025-11-12 12:50:34,728 - INFO - Janela de seleção aberta
2025-11-12 12:50:44,968 - INFO - DEBUG: idx=6, inicio=150, fim=175
2025-11-12 12:50:44,968 - INFO - ✅ 25 OS copiadas para a área de transferência.
2025-11-12 12:50:44,968 - INFO - 📋 Lote 7 copiado.
2025-11-12 12:50:59,302 - INFO - ⌛ Esperando mudança visual...
2025-11-12 12:51:00,318 - INFO - ⌛ Esperando mudança visual...
2025-11-12 12:51:01,333 - INFO - ⌛ Esperando mudança visual...
2025-11-12 12:51:02,352 - INFO - ⌛ Esperando mudança visual...
2025-11-12 12:51:03,373 - INFO - ⌛ Esperando mudança visual...
2025-11-12 12:51:04,381 - INFO - ⌛ Esperando mudança visual...
2025-11-12 12:51:05,397 - INFO - ⌛ Esperando mudança visual...
2025-11-12 12:51:06,416 - INFO - ⌛ Esperando mudança visual...
2025-11-12 12:51:07,439 - INFO - ⌛ Esperando mudança visual...
2025-11-12 12:51:08,464 - INFO - ⌛ Esperando mudança visual...
2025-11-12 12:51:09,477 - INFO - ⌛ Esperando mudança visual...
2025-11-12 12:51:10,504 - INFO - ✅ Tela carregada!
2025-11-12 12:51:28,981 - INFO - ⌛ Aguardando janela de confirmação de desbloqueio...
2025-11-12 12:51:49,155 - INFO - 🟨 Registros desbloqueados com sucesso
2025-11-12 12:52:14,725 - INFO - ⌛ Aguardando janela de edição de OS...
2025-11-12 12:52:34,966 - INFO - 🟨 OS programadas detectadas
2025-11-12 12:52:41,125 - INFO - ⌛ Aguardando janela de edição de OS...
2025-11-12 12:53:01,327 - INFO - 🟨 Janela de edição de OS detectada
2025-11-12 12:53:21,691 - INFO - 🟨 Janela de edição de habilidade da turma detectada
2025-11-12 12:54:10,010 - INFO - ⌛ Aguardando detecção do campo de caracteristica 'EQUIPE PRÓPRIA OU EPS' ...
2025-11-12 12:54:30,170 - INFO - ⌛ Aguardando detecção do campo de caracteristica 'EQUIPE PRÓPRIA OU EPS' ...
2025-11-12 12:54:50,338 - INFO - ⌛ Aguardando detecção do campo de caracteristica 'EQUIPE PRÓPRIA OU EPS' ...
2025-11-12 12:55:10,506 - INFO - 🟨 campo de caracteristica 'EQUIPE PRÓPRIA OU EPS detectado
2025-11-12 12:55:32,217 - INFO - ⌛ Aguardando confirmação 4 - editar OS...
2025-11-12 12:55:52,390 - INFO - ⌛ Aguardando confirmação 4 - editar OS...
2025-11-12 12:56:40,255 - INFO - ⌛ Aguardando janela de confirmação de programação de OS...
2025-11-12 12:57:00,405 - INFO - 🟨 Janela de confirmação de programação de OS detectada
2025-11-12 12:57:07,718 - INFO - 🟨 Janela de aviso de edição de OS programadas detectada
2025-11-12 12:57:17,984 - INFO - ⌛ aguardando janela de programação de lote de OS...
2025-11-12 12:57:38,267 - INFO - 🟨 Janela de aviso de substituição de lote de OS detectada
2025-11-12 12:57:50,530 - INFO - ⌛ aguardando janela de programação de lote de OS...
2025-11-12 12:58:10,808 - INFO - 🟨 Janela de programação de lote de OS detectada
2025-11-12 12:59:08,234 - INFO - ⌛ aguardando janela de confirmação de programação de lote de OS...
2025-11-12 12:59:28,409 - INFO - 🟨 Janela de confirmação de programação de lote de OS detectada
2025-11-12 12:59:40,710 - INFO - ⌛ aguardando confirmação final de programação do lote
2025-11-12 13:00:00,936 - INFO - 🟨 programação do lote 7 efetuado com sucesso
2025-11-12 13:00:28,092 - INFO - 
=== Iniciando lote 8/16 [LM] ===
2025-11-12 13:00:34,472 - INFO - Janela de seleção aberta
2025-11-12 13:00:44,736 - INFO - DEBUG: idx=7, inicio=175, fim=200
2025-11-12 13:00:44,736 - INFO - ✅ 25 OS copiadas para a área de transferência.
2025-11-12 13:00:44,736 - INFO - 📋 Lote 8 copiado.
2025-11-12 13:00:59,083 - INFO - ⌛ Esperando mudança visual...
2025-11-12 13:01:00,101 - INFO - ⌛ Esperando mudança visual...
2025-11-12 13:01:01,110 - INFO - ⌛ Esperando mudança visual...
2025-11-12 13:01:02,126 - INFO - ⌛ Esperando mudança visual...
2025-11-12 13:01:03,142 - INFO - ⌛ Esperando mudança visual...
2025-11-12 13:01:04,156 - INFO - ⌛ Esperando mudança visual...
2025-11-12 13:01:05,183 - INFO - ⌛ Esperando mudança visual...
2025-11-12 13:01:06,194 - INFO - ⌛ Esperando mudança visual...
2025-11-12 13:01:07,198 - INFO - ⌛ Esperando mudança visual...
2025-11-12 13:01:08,203 - INFO - ⌛ Esperando mudança visual...
2025-11-12 13:01:09,218 - INFO - ⌛ Esperando mudança visual...
2025-11-12 13:01:10,235 - INFO - ⌛ Esperando mudança visual...
2025-11-12 13:01:11,237 - INFO - ✅ Tela carregada!
2025-11-12 13:01:29,731 - INFO - ⌛ Aguardando janela de confirmação de desbloqueio...
2025-11-12 13:01:49,934 - INFO - 🟨 Registros desbloqueados com sucesso
2025-11-12 13:02:15,520 - INFO - ⌛ Aguardando janela de edição de OS...
2025-11-12 13:02:35,744 - INFO - 🟨 OS programadas detectadas
2025-11-12 13:02:41,914 - INFO - ⌛ Aguardando janela de edição de OS...
2025-11-12 13:03:02,122 - INFO - 🟨 Janela de edição de OS detectada
2025-11-12 13:03:22,474 - INFO - 🟨 Janela de edição de habilidade da turma detectada
2025-11-12 13:04:10,788 - INFO - ⌛ Aguardando detecção do campo de caracteristica 'EQUIPE PRÓPRIA OU EPS' ...
2025-11-12 13:04:30,927 - INFO - ⌛ Aguardando detecção do campo de caracteristica 'EQUIPE PRÓPRIA OU EPS' ...
2025-11-12 13:04:51,083 - INFO - ⌛ Aguardando detecção do campo de caracteristica 'EQUIPE PRÓPRIA OU EPS' ...
2025-11-12 13:05:11,249 - INFO - 🟨 campo de caracteristica 'EQUIPE PRÓPRIA OU EPS detectado
2025-11-12 13:05:33,033 - INFO - ⌛ Aguardando confirmação 4 - editar OS...
2025-11-12 13:05:53,226 - INFO - ⌛ Aguardando confirmação 4 - editar OS...
2025-11-12 13:06:41,043 - INFO - ⌛ Aguardando janela de confirmação de programação de OS...
2025-11-12 13:07:01,196 - INFO - 🟨 Janela de confirmação de programação de OS detectada
2025-11-12 13:07:08,478 - INFO - 🟨 Janela de aviso de edição de OS programadas detectada
2025-11-12 13:07:18,750 - INFO - ⌛ aguardando janela de programação de lote de OS...
2025-11-12 13:07:38,999 - INFO - 🟨 Janela de aviso de substituição de lote de OS detectada
2025-11-12 13:07:51,254 - INFO - ⌛ aguardando janela de programação de lote de OS...
2025-11-12 13:08:11,548 - INFO - 🟨 Janela de programação de lote de OS detectada
2025-11-12 13:09:08,994 - INFO - ⌛ aguardando janela de confirmação de programação de lote de OS...
2025-11-12 13:09:29,177 - INFO - 🟨 Janela de confirmação de programação de lote de OS detectada
2025-11-12 13:09:41,461 - INFO - ⌛ aguardando confirmação final de programação do lote
2025-11-12 13:10:01,700 - INFO - 🟨 programação do lote 8 efetuado com sucesso
2025-11-12 13:10:28,857 - INFO - 
=== Iniciando lote 9/16 [LM] ===
2025-11-12 13:10:35,203 - INFO - Janela de seleção aberta
2025-11-12 13:10:45,439 - INFO - DEBUG: idx=8, inicio=200, fim=225
2025-11-12 13:10:45,439 - INFO - ✅ 25 OS copiadas para a área de transferência.
2025-11-12 13:10:45,439 - INFO - 📋 Lote 9 copiado.
2025-11-12 13:10:59,778 - INFO - ⌛ Esperando mudança visual...
2025-11-12 13:11:00,783 - INFO - ⌛ Esperando mudança visual...
2025-11-12 13:11:01,794 - INFO - ⌛ Esperando mudança visual...
2025-11-12 13:11:02,801 - INFO - ⌛ Esperando mudança visual...
2025-11-12 13:11:03,819 - INFO - ⌛ Esperando mudança visual...
2025-11-12 13:11:04,825 - INFO - ⌛ Esperando mudança visual...
2025-11-12 13:11:05,831 - INFO - ⌛ Esperando mudança visual...
2025-11-12 13:11:06,861 - INFO - ⌛ Esperando mudança visual...
2025-11-12 13:11:07,867 - INFO - ⌛ Esperando mudança visual...
2025-11-12 13:11:08,896 - INFO - ⌛ Esperando mudança visual...
2025-11-12 13:11:09,932 - INFO - ⌛ Esperando mudança visual...
2025-11-12 13:11:10,943 - INFO - ⌛ Esperando mudança visual...
2025-11-12 13:11:11,959 - INFO - ✅ Tela carregada!
2025-11-12 13:11:30,460 - INFO - ⌛ Aguardando janela de confirmação de desbloqueio...
2025-11-12 13:11:50,635 - INFO - 🟨 Registros desbloqueados com sucesso
2025-11-12 13:12:16,207 - INFO - ⌛ Aguardando janela de edição de OS...
2025-11-12 13:12:36,416 - INFO - 🟨 OS programadas detectadas
2025-11-12 13:12:42,588 - INFO - ⌛ Aguardando janela de edição de OS...
2025-11-12 13:13:02,790 - INFO - 🟨 Janela de edição de OS detectada
2025-11-12 13:13:23,164 - INFO - 🟨 Janela de edição de habilidade da turma detectada
2025-11-12 13:14:11,481 - INFO - ⌛ Aguardando detecção do campo de caracteristica 'EQUIPE PRÓPRIA OU EPS' ...
2025-11-12 13:14:31,630 - INFO - ⌛ Aguardando detecção do campo de caracteristica 'EQUIPE PRÓPRIA OU EPS' ...
2025-11-12 13:14:51,801 - INFO - ⌛ Aguardando detecção do campo de caracteristica 'EQUIPE PRÓPRIA OU EPS' ...
2025-11-12 13:15:11,945 - INFO - 🟨 campo de caracteristica 'EQUIPE PRÓPRIA OU EPS detectado
2025-11-12 13:15:33,694 - INFO - ⌛ Aguardando confirmação 4 - editar OS...
2025-11-12 13:15:53,916 - INFO - ⌛ Aguardando confirmação 4 - editar OS...
2025-11-12 13:16:41,722 - INFO - ⌛ Aguardando janela de confirmação de programação de OS...
2025-11-12 13:17:01,915 - INFO - 🟨 Janela de confirmação de programação de OS detectada
2025-11-12 13:17:09,221 - INFO - ⌛ aguardando janela de programação de lote de OS...
2025-11-12 13:17:29,486 - INFO - 🟨 Janela de aviso de edição de OS programadas detectada
2025-11-12 13:17:39,757 - INFO - ⌛ aguardando janela de programação de lote de OS...
2025-11-12 13:18:00,028 - INFO - 🟨 Janela de aviso de substituição de lote de OS detectada
2025-11-12 13:18:12,289 - INFO - ⌛ aguardando janela de programação de lote de OS...
2025-11-12 13:18:32,551 - INFO - 🟨 Janela de programação de lote de OS detectada
2025-11-12 13:19:30,008 - INFO - ⌛ aguardando janela de confirmação de programação de lote de OS...
2025-11-12 13:19:50,175 - INFO - 🟨 Janela de confirmação de programação de lote de OS detectada
2025-11-12 13:20:02,416 - INFO - ⌛ aguardando confirmação final de programação do lote
2025-11-12 13:20:22,626 - INFO - 🟨 programação do lote 9 efetuado com sucesso
2025-11-12 13:20:49,788 - INFO - 
=== Iniciando lote 10/16 [LM] ===
2025-11-12 13:20:56,130 - INFO - Janela de seleção aberta
2025-11-12 13:21:06,365 - INFO - DEBUG: idx=9, inicio=225, fim=250
2025-11-12 13:21:06,365 - INFO - ✅ 25 OS copiadas para a área de transferência.
2025-11-12 13:21:06,365 - INFO - 📋 Lote 10 copiado.
2025-11-12 13:21:20,704 - INFO - ⌛ Esperando mudança visual...
2025-11-12 13:21:21,725 - INFO - ⌛ Esperando mudança visual...
2025-11-12 13:21:22,738 - INFO - ⌛ Esperando mudança visual...
2025-11-12 13:21:23,773 - INFO - ⌛ Esperando mudança visual...
2025-11-12 13:21:24,788 - INFO - ⌛ Esperando mudança visual...
2025-11-12 13:21:25,807 - INFO - ⌛ Esperando mudança visual...
2025-11-12 13:21:26,818 - INFO - ⌛ Esperando mudança visual...
2025-11-12 13:21:27,840 - INFO - ⌛ Esperando mudança visual...
2025-11-12 13:21:28,853 - INFO - ⌛ Esperando mudança visual...
2025-11-12 13:21:29,880 - INFO - ⌛ Esperando mudança visual...
2025-11-12 13:21:30,907 - INFO - ⌛ Esperando mudança visual...
2025-11-12 13:21:31,916 - INFO - ⌛ Esperando mudança visual...
2025-11-12 13:21:32,920 - INFO - ✅ Tela carregada!
2025-11-12 13:21:51,413 - INFO - ⌛ Aguardando janela de confirmação de desbloqueio...
2025-11-12 13:22:11,555 - INFO - ⌛ Aguardando janela de confirmação de desbloqueio...
2025-11-12 13:22:31,721 - INFO - ⌛ Aguardando janela de confirmação de desbloqueio...
2025-11-12 13:22:51,868 - INFO - ⌛ Aguardando janela de confirmação de desbloqueio...
2025-11-12 13:23:12,042 - INFO - ⌛ Aguardando janela de confirmação de desbloqueio...
2025-11-12 13:23:32,207 - INFO - ⌛ Aguardando janela de confirmação de desbloqueio...
2025-11-12 13:23:52,363 - INFO - ⌛ Aguardando janela de confirmação de desbloqueio...
2025-11-12 13:24:12,514 - INFO - ⌛ Aguardando janela de confirmação de desbloqueio...
2025-11-12 13:24:32,671 - INFO - ⌛ Aguardando janela de confirmação de desbloqueio...
2025-11-12 13:24:52,841 - INFO - ⌛ Aguardando janela de confirmação de desbloqueio...
2025-11-12 13:25:12,994 - INFO - ⌛ Aguardando janela de confirmação de desbloqueio...
2025-11-12 13:25:33,150 - INFO - ⌛ Aguardando janela de confirmação de desbloqueio...
2025-11-12 13:25:53,314 - INFO - ⌛ Aguardando janela de confirmação de desbloqueio...
2025-11-12 13:26:13,483 - INFO - ⌛ Aguardando janela de confirmação de desbloqueio...
2025-11-12 13:26:33,649 - INFO - 🟨 Registros desbloqueados com sucesso
2025-11-12 13:26:59,236 - INFO - ⌛ Aguardando janela de edição de OS...
2025-11-12 13:27:19,436 - INFO - 🟨 OS programadas detectadas
2025-11-12 13:27:25,596 - INFO - ⌛ Aguardando janela de edição de OS...
2025-11-12 13:27:45,795 - INFO - 🟨 Janela de edição de OS detectada
2025-11-12 13:28:06,170 - INFO - 🟨 Janela de edição de habilidade da turma detectada
2025-11-12 13:28:54,474 - INFO - ⌛ Aguardando detecção do campo de caracteristica 'EQUIPE PRÓPRIA OU EPS' ...
2025-11-12 13:29:14,633 - INFO - ⌛ Aguardando detecção do campo de caracteristica 'EQUIPE PRÓPRIA OU EPS' ...
2025-11-12 13:29:34,774 - INFO - ⌛ Aguardando detecção do campo de caracteristica 'EQUIPE PRÓPRIA OU EPS' ...
2025-11-12 13:29:54,915 - INFO - 🟨 campo de caracteristica 'EQUIPE PRÓPRIA OU EPS detectado
2025-11-12 13:30:16,647 - INFO - ⌛ Aguardando confirmação 4 - editar OS...
2025-11-12 13:30:36,816 - INFO - ⌛ Aguardando confirmação 4 - editar OS...
2025-11-12 13:30:57,000 - INFO - ⌛ Aguardando confirmação 4 - editar OS...
2025-11-12 13:31:17,183 - INFO - ⌛ Aguardando confirmação 4 - editar OS...
2025-11-12 13:31:37,381 - INFO - ⌛ Aguardando confirmação 4 - editar OS...
2025-11-12 13:31:57,544 - INFO - ⌛ Aguardando confirmação 4 - editar OS...
2025-11-12 13:32:17,746 - INFO - ⌛ Aguardando confirmação 4 - editar OS...
2025-11-12 13:32:37,927 - INFO - ⌛ Aguardando confirmação 4 - editar OS...
2025-11-12 13:32:58,082 - INFO - ⌛ Aguardando confirmação 4 - editar OS...
2025-11-12 13:33:18,256 - INFO - ⌛ Aguardando confirmação 4 - editar OS...
2025-11-12 13:34:06,055 - INFO - ⌛ Aguardando janela de confirmação de programação de OS...
2025-11-12 13:34:26,225 - INFO - 🟨 Janela de confirmação de programação de OS detectada
2025-11-12 13:34:33,575 - INFO - ⌛ aguardando janela de programação de lote de OS...
2025-11-12 13:34:53,888 - INFO - 🟨 Janela de aviso de edição de OS programadas detectada
2025-11-12 13:35:04,149 - INFO - ⌛ aguardando janela de programação de lote de OS...
2025-11-12 13:35:24,452 - INFO - 🟨 Janela de aviso de substituição de lote de OS detectada
2025-11-12 13:35:36,735 - INFO - ⌛ aguardando janela de programação de lote de OS...
2025-11-12 13:35:57,026 - INFO - ⌛ aguardando janela de programação de lote de OS...
2025-11-12 13:36:17,289 - INFO - ⌛ aguardando janela de programação de lote de OS...
2025-11-12 13:36:37,576 - INFO - ⌛ aguardando janela de programação de lote de OS...
2025-11-12 13:36:57,925 - INFO - ⌛ aguardando janela de programação de lote de OS...
2025-11-12 13:37:18,197 - INFO - ⌛ aguardando janela de programação de lote de OS...
2025-11-12 13:37:38,490 - INFO - ⌛ aguardando janela de programação de lote de OS...
2025-11-12 13:37:58,788 - INFO - ⌛ aguardando janela de programação de lote de OS...
2025-11-12 13:38:19,064 - INFO - ⌛ aguardando janela de programação de lote de OS...
2025-11-12 13:38:39,324 - INFO - ⌛ aguardando janela de programação de lote de OS...
2025-11-12 13:38:59,685 - INFO - ⌛ aguardando janela de programação de lote de OS...
2025-11-12 13:39:19,994 - INFO - ⌛ aguardando janela de programação de lote de OS...
2025-11-12 13:39:40,282 - INFO - ⌛ aguardando janela de programação de lote de OS...
2025-11-12 13:40:00,617 - INFO - ⌛ aguardando janela de programação de lote de OS...
2025-11-12 13:40:20,886 - INFO - ⌛ aguardando janela de programação de lote de OS...
2025-11-12 13:40:41,368 - INFO - ⌛ aguardando janela de programação de lote de OS...
2025-11-12 13:41:01,699 - INFO - ⌛ aguardando janela de programação de lote de OS...
2025-11-12 13:41:22,003 - INFO - 🟨 Janela de programação de lote de OS detectada
2025-11-12 13:42:19,469 - INFO - ⌛ aguardando janela de confirmação de programação de lote de OS...
2025-11-12 13:42:39,628 - INFO - 🟨 Janela de confirmação de programação de lote de OS detectada
2025-11-12 13:42:51,890 - INFO - ⌛ aguardando confirmação final de programação do lote
2025-11-12 13:43:12,111 - INFO - 🟨 programação do lote 10 efetuado com sucesso
2025-11-12 13:43:39,273 - INFO - 
=== Iniciando lote 11/16 [LM] ===
2025-11-12 13:43:45,620 - INFO - Janela de seleção aberta
2025-11-12 13:43:55,856 - INFO - DEBUG: idx=10, inicio=250, fim=275
2025-11-12 13:43:55,856 - INFO - ✅ 25 OS copiadas para a área de transferência.
2025-11-12 13:43:55,856 - INFO - 📋 Lote 11 copiado.
2025-11-12 13:44:10,195 - INFO - ⌛ Esperando mudança visual...
2025-11-12 13:44:11,223 - INFO - ⌛ Esperando mudança visual...
2025-11-12 13:44:12,237 - INFO - ⌛ Esperando mudança visual...
2025-11-12 13:44:13,256 - INFO - ⌛ Esperando mudança visual...
2025-11-12 13:44:14,291 - INFO - ⌛ Esperando mudança visual...
2025-11-12 13:44:15,308 - INFO - ⌛ Esperando mudança visual...
2025-11-12 13:44:16,322 - INFO - ⌛ Esperando mudança visual...
2025-11-12 13:44:17,353 - INFO - ⌛ Esperando mudança visual...
2025-11-12 13:44:18,365 - INFO - ⌛ Esperando mudança visual...
2025-11-12 13:44:19,383 - INFO - ⌛ Esperando mudança visual...
2025-11-12 13:44:20,397 - INFO - ⌛ Esperando mudança visual...
2025-11-12 13:44:21,413 - INFO - ⌛ Esperando mudança visual...
2025-11-12 13:44:22,429 - INFO - ⌛ Esperando mudança visual...
2025-11-12 13:44:23,447 - INFO - ✅ Tela carregada!
2025-11-12 13:44:41,901 - INFO - ⌛ Aguardando janela de confirmação de desbloqueio...
2025-11-12 13:45:02,067 - INFO - 🟨 Registros desbloqueados com sucesso
2025-11-12 13:45:27,645 - INFO - ⌛ Aguardando janela de edição de OS...
2025-11-12 13:45:47,855 - INFO - 🟨 OS programadas detectadas
2025-11-12 13:45:54,006 - INFO - ⌛ Aguardando janela de edição de OS...
2025-11-12 13:46:14,234 - INFO - 🟨 Janela de edição de OS detectada
2025-11-12 13:46:34,602 - INFO - 🟨 Janela de edição de habilidade da turma detectada
2025-11-12 13:47:22,912 - INFO - ⌛ Aguardando detecção do campo de caracteristica 'EQUIPE PRÓPRIA OU EPS' ...
2025-11-12 13:47:43,051 - INFO - ⌛ Aguardando detecção do campo de caracteristica 'EQUIPE PRÓPRIA OU EPS' ...
2025-11-12 13:48:03,199 - INFO - ⌛ Aguardando detecção do campo de caracteristica 'EQUIPE PRÓPRIA OU EPS' ...
2025-11-12 13:48:23,352 - INFO - 🟨 campo de caracteristica 'EQUIPE PRÓPRIA OU EPS detectado
2025-11-12 13:48:45,099 - INFO - ⌛ Aguardando confirmação 4 - editar OS...
2025-11-12 13:49:05,289 - INFO - ⌛ Aguardando confirmação 4 - editar OS...
2025-11-12 13:49:53,052 - INFO - ⌛ Aguardando janela de confirmação de programação de OS...
2025-11-12 13:50:13,203 - INFO - 🟨 Janela de confirmação de programação de OS detectada
2025-11-12 13:50:20,503 - INFO - ⌛ aguardando janela de programação de lote de OS...
2025-11-12 13:50:40,930 - INFO - 🟨 Janela de aviso de edição de OS programadas detectada
2025-11-12 13:50:51,185 - INFO - ⌛ aguardando janela de programação de lote de OS...
2025-11-12 13:51:11,441 - INFO - 🟨 Janela de aviso de substituição de lote de OS detectada
2025-11-12 13:51:23,713 - INFO - ⌛ aguardando janela de programação de lote de OS...
2025-11-12 16:02:24,216 - INFO - Data hoje: 12/11/2025
2025-11-12 16:02:24,220 - INFO - Data de referência: 30/11/2025
2025-11-12 16:02:29,015 - INFO - 
Qtde LINHA VIVA: 790
2025-11-12 16:02:29,015 - INFO - Qtde LINHA MORTA/PESADA/FAIXA: 398
2025-11-12 16:02:29,643 - INFO - 
Arquivo gerado: C:\Users\U469784\venvs\py311\bot_programacao\EXCEL\pendentes_20251112.xlsx
2025-11-12 16:02:29,831 - INFO - 
 Qtd de lotes de LM: 16
2025-11-12 16:02:29,831 - INFO - 
 Qtd de lotes de LV: 32
2025-11-12 16:02:29,831 - INFO - 
=== Iniciando lote 11/16 [LM] ===
2025-11-12 16:02:36,227 - INFO - ⌛ Aguardando janela de seleção...
2025-11-12 16:02:56,519 - INFO - Janela de seleção aberta
2025-11-12 16:03:06,763 - INFO - DEBUG: idx=10, inicio=250, fim=275
2025-11-12 16:03:06,763 - INFO - ✅ 25 OS copiadas para a área de transferência.
2025-11-12 16:03:06,763 - INFO - 📋 Lote 11 copiado.
2025-11-12 16:03:21,091 - INFO - ⌛ Esperando mudança visual...
2025-11-12 16:03:22,113 - INFO - ⌛ Esperando mudança visual...
2025-11-12 16:03:23,137 - INFO - ✅ Tela carregada!
2025-11-12 16:03:33,604 - INFO - ⌛ Aguardando janela de confirmação de desbloqueio...
2025-11-12 16:03:53,914 - INFO - 🟨 Registros desbloqueados com sucesso
2025-11-12 16:04:11,476 - INFO - ⌛ Aguardando janela de edição de OS...
2025-11-12 16:04:31,810 - INFO - 🟨 OS programadas detectadas
2025-11-12 16:04:37,962 - INFO - ⌛ Aguardando janela de edição de OS...
2025-11-12 16:04:58,282 - INFO - 🟨 Janela de edição de OS detectada
2025-11-12 16:05:18,641 - INFO - 🟨 Janela de edição de habilidade da turma detectada
2025-11-12 16:06:06,967 - INFO - ⌛ Aguardando detecção do campo de caracteristica 'EQUIPE PRÓPRIA OU EPS' ...
2025-11-12 16:06:27,120 - INFO - ⌛ Aguardando detecção do campo de caracteristica 'EQUIPE PRÓPRIA OU EPS' ...
2025-11-12 16:06:47,270 - INFO - ⌛ Aguardando detecção do campo de caracteristica 'EQUIPE PRÓPRIA OU EPS' ...
2025-11-12 16:07:07,417 - INFO - 🟨 campo de caracteristica 'EQUIPE PRÓPRIA OU EPS detectado
2025-11-12 16:07:29,161 - INFO - ⌛ Aguardando confirmação 4 - editar OS...
2025-11-12 16:07:49,449 - INFO - ⌛ Aguardando confirmação 4 - editar OS...
2025-11-12 16:08:29,376 - INFO - ⌛ Aguardando janela de confirmação de programação de OS...
2025-11-12 16:08:49,672 - INFO - 🟨 Janela de confirmação de programação de OS detectada
2025-11-12 16:08:57,034 - INFO - ⌛ aguardando janela de programação de lote de OS...
2025-11-12 16:09:17,434 - INFO - 🟨 Janela de aviso de edição de OS programadas detectada
2025-11-12 16:09:27,695 - INFO - ⌛ aguardando janela de programação de lote de OS...
2025-11-12 16:09:48,114 - INFO - 🟨 Janela de aviso de substituição de lote de OS detectada
2025-11-12 16:10:00,399 - INFO - ⌛ aguardando janela de programação de lote de OS...
2025-11-12 16:10:20,802 - INFO - 🟨 Janela de programação de lote de OS detectada
2025-11-12 16:11:18,265 - INFO - ⌛ aguardando janela de confirmação de programação de lote de OS...
2025-11-12 16:11:38,590 - INFO - 🟨 Janela de confirmação de programação de lote de OS detectada
2025-11-12 16:11:50,851 - INFO - ⌛ aguardando confirmação final de programação do lote
2025-11-12 16:12:11,193 - INFO - 🟨 programação do lote 11 efetuado com sucesso
2025-11-12 16:12:38,353 - INFO - 
=== Iniciando lote 12/16 [LM] ===
2025-11-12 16:12:44,704 - INFO - Janela de seleção aberta
2025-11-12 16:12:54,944 - INFO - DEBUG: idx=11, inicio=275, fim=300
2025-11-12 16:12:54,944 - INFO - ✅ 25 OS copiadas para a área de transferência.
2025-11-12 16:12:54,944 - INFO - 📋 Lote 12 copiado.
2025-11-12 16:13:09,277 - INFO - ⌛ Esperando mudança visual...
2025-11-12 16:13:10,287 - INFO - ⌛ Esperando mudança visual...
2025-11-12 16:13:11,303 - INFO - ⌛ Esperando mudança visual...
2025-11-12 16:13:12,318 - INFO - ⌛ Esperando mudança visual...
2025-11-12 16:13:13,349 - INFO - ⌛ Esperando mudança visual...
2025-11-12 16:13:14,365 - INFO - ⌛ Esperando mudança visual...
2025-11-12 16:13:15,383 - INFO - ⌛ Esperando mudança visual...
2025-11-12 16:13:16,411 - INFO - ⌛ Esperando mudança visual...
2025-11-12 16:13:17,430 - INFO - ⌛ Esperando mudança visual...
2025-11-12 16:13:18,440 - INFO - ⌛ Esperando mudança visual...
2025-11-12 16:13:19,464 - INFO - ⌛ Esperando mudança visual...
2025-11-12 16:13:20,481 - INFO - ⌛ Esperando mudança visual...
2025-11-12 16:13:21,496 - INFO - ⌛ Esperando mudança visual...
2025-11-12 16:13:22,511 - INFO - ✅ Tela carregada!
2025-11-12 16:13:32,983 - INFO - ⌛ Aguardando janela de confirmação de desbloqueio...
2025-11-12 16:13:53,266 - INFO - 🟨 Registros desbloqueados com sucesso
2025-11-12 17:31:56,708 - INFO - Data hoje: 12/11/2025
2025-11-12 17:31:56,708 - INFO - Data de referência: 30/11/2025
2025-11-12 17:32:03,378 - INFO - 
Qtde LINHA VIVA: 790
2025-11-12 17:32:03,378 - INFO - Qtde LINHA MORTA/PESADA/FAIXA: 398
2025-11-12 17:32:03,896 - INFO - 
Arquivo gerado: C:\Users\U469784\venvs\py311\bot_programacao\EXCEL\pendentes_20251112.xlsx
2025-11-12 17:32:04,045 - INFO - 
 Qtd de lotes de LM: 16
2025-11-12 17:32:04,045 - INFO - 
 Qtd de lotes de LV: 32
2025-11-12 17:32:04,045 - INFO - 
=== Iniciando lote 12/16 [LM] ===
2025-11-12 17:32:10,516 - INFO - Janela de seleção aberta
2025-11-12 17:32:22,863 - INFO - DEBUG: idx=11, inicio=275, fim=300
2025-11-12 17:32:22,863 - INFO - ✅ 25 OS copiadas para a área de transferência.
2025-11-12 17:32:22,863 - INFO - 📋 Lote 12 copiado.
2025-11-12 17:32:37,211 - INFO - ⌛ Esperando mudança visual...
2025-11-12 17:32:38,220 - INFO - ⌛ Esperando mudança visual...
2025-11-12 17:32:39,246 - INFO - ⌛ Esperando mudança visual...
2025-11-12 17:32:40,262 - INFO - ⌛ Esperando mudança visual...
2025-11-12 17:32:41,278 - INFO - ⌛ Esperando mudança visual...
2025-11-12 17:32:42,293 - INFO - ✅ Tela carregada!
2025-11-12 17:32:52,891 - INFO - ⌛ Aguardando janela de confirmação de desbloqueio...
2025-11-12 17:33:13,517 - INFO - 🟨 Registros desbloqueados com sucesso
2025-11-12 17:33:31,415 - INFO - ⌛ Aguardando janela de edição de OS...
2025-11-12 17:33:52,207 - INFO - 🟨 OS programadas detectadas
2025-11-12 17:33:58,460 - INFO - ⌛ Aguardando janela de edição de OS...
2025-11-12 17:34:19,252 - INFO - 🟨 Janela de edição de OS detectada
2025-11-12 17:34:39,719 - INFO - 🟨 Janela de edição de habilidade da turma detectada
2025-11-12 17:35:28,178 - INFO - ⌛ Aguardando detecção do campo de caracteristica 'EQUIPE PRÓPRIA OU EPS' ...
2025-11-12 17:35:48,442 - INFO - ⌛ Aguardando detecção do campo de caracteristica 'EQUIPE PRÓPRIA OU EPS' ...
2025-11-12 17:36:08,584 - INFO - ⌛ Aguardando detecção do campo de caracteristica 'EQUIPE PRÓPRIA OU EPS' ...
2025-11-12 17:36:28,736 - INFO - 🟨 campo de caracteristica 'EQUIPE PRÓPRIA OU EPS detectado
2025-11-12 17:36:50,468 - INFO - ⌛ Aguardando confirmação 4 - editar OS...
2025-11-12 17:37:10,781 - INFO - ⌛ Aguardando confirmação 4 - editar OS...
2025-11-12 17:37:50,687 - INFO - ⌛ Aguardando janela de confirmação de programação de OS...
2025-11-12 17:38:10,980 - INFO - 🟨 Janela de confirmação de programação de OS detectada
2025-11-12 17:38:18,273 - INFO - ⌛ aguardando janela de programação de lote de OS...
2025-11-12 17:38:38,681 - INFO - 🟨 Janela de aviso de edição de OS programadas detectada
2025-11-12 17:38:48,939 - INFO - ⌛ aguardando janela de programação de lote de OS...
2025-11-12 17:39:09,328 - INFO - 🟨 Janela de aviso de substituição de lote de OS detectada
2025-11-12 17:39:21,591 - INFO - ⌛ aguardando janela de programação de lote de OS...
2025-11-12 17:39:41,977 - INFO - ⌛ aguardando janela de programação de lote de OS...
2025-11-12 17:40:02,360 - INFO - ⌛ aguardando janela de programação de lote de OS...
2025-11-12 17:40:22,750 - INFO - ⌛ aguardando janela de programação de lote de OS...
2025-11-12 17:40:43,146 - INFO - ⌛ aguardando janela de programação de lote de OS...
2025-11-12 17:41:03,545 - INFO - ⌛ aguardando janela de programação de lote de OS...
2025-11-12 17:41:23,983 - INFO - ⌛ aguardando janela de programação de lote de OS...
2025-11-12 17:41:44,407 - INFO - ⌛ aguardando janela de programação de lote de OS...
2025-11-12 17:42:04,807 - INFO - ⌛ aguardando janela de programação de lote de OS...
2025-11-12 17:42:25,182 - INFO - ⌛ aguardando janela de programação de lote de OS...
2025-11-12 17:42:45,578 - INFO - ⌛ aguardando janela de programação de lote de OS...
2025-11-12 17:43:05,964 - INFO - ⌛ aguardando janela de programação de lote de OS...
2025-11-12 17:43:26,367 - INFO - ⌛ aguardando janela de programação de lote de OS...
2025-11-12 17:43:46,750 - INFO - ⌛ aguardando janela de programação de lote de OS...
2025-11-12 17:44:07,121 - INFO - ⌛ aguardando janela de programação de lote de OS...
2025-11-12 17:44:27,499 - INFO - ⌛ aguardando janela de programação de lote de OS...
2025-11-12 17:44:47,911 - INFO - ⌛ aguardando janela de programação de lote de OS...
2025-11-12 17:45:08,326 - INFO - ⌛ aguardando janela de programação de lote de OS...
2025-11-12 17:45:28,752 - INFO - ⌛ aguardando janela de programação de lote de OS...
2025-11-12 17:45:49,156 - INFO - ⌛ aguardando janela de programação de lote de OS...
2025-11-12 17:46:09,548 - INFO - ⌛ aguardando janela de programação de lote de OS...
2025-11-12 17:46:29,951 - INFO - ⌛ aguardando janela de programação de lote de OS...
2025-11-12 17:46:50,342 - INFO - ⌛ aguardando janela de programação de lote de OS...
2025-11-12 17:47:10,736 - INFO - ⌛ aguardando janela de programação de lote de OS...
2025-11-12 17:47:31,145 - INFO - ⌛ aguardando janela de programação de lote de OS...
2025-11-12 17:47:51,531 - INFO - ⌛ aguardando janela de programação de lote de OS...
2025-11-12 17:48:11,919 - INFO - ⌛ aguardando janela de programação de lote de OS...
2025-11-12 17:48:32,315 - INFO - ⏱️ Tempo limite atingido. Abortando seleção
2025-11-12 18:05:47,293 - INFO - Data hoje: 12/11/2025
2025-11-12 18:05:47,293 - INFO - Data de referência: 30/11/2025
2025-11-12 18:05:51,097 - INFO - 
Qtde LINHA VIVA: 790
2025-11-12 18:05:51,097 - INFO - Qtde LINHA MORTA/PESADA/FAIXA: 398
2025-11-12 18:05:51,555 - INFO - 
Arquivo gerado: C:\Users\U469784\venvs\py311\bot_programacao\EXCEL\pendentes_20251112.xlsx
2025-11-12 18:05:51,735 - INFO - 
 Qtd de lotes de LM: 16
2025-11-12 18:05:51,735 - INFO - 
 Qtd de lotes de LV: 32
2025-11-12 18:05:51,735 - INFO - 
=== Iniciando lote 12/16 [LM] ===
2025-11-12 18:05:58,164 - INFO - Janela de seleção aberta
2025-11-12 18:06:08,400 - INFO - DEBUG: idx=11, inicio=275, fim=300
2025-11-12 18:06:08,400 - INFO - ✅ 25 OS copiadas para a área de transferência.
2025-11-12 18:06:08,400 - INFO - 📋 Lote 12 copiado.
2025-11-12 18:06:22,733 - INFO - ⌛ Esperando mudança visual...
2025-11-12 18:06:23,753 - INFO - ⌛ Esperando mudança visual...
2025-11-12 18:06:24,754 - INFO - ⌛ Esperando mudança visual...
2025-11-12 18:06:25,766 - INFO - ⌛ Esperando mudança visual...
2025-11-12 18:06:26,785 - INFO - ⌛ Esperando mudança visual...
2025-11-12 18:06:27,797 - INFO - ✅ Tela carregada!
2025-11-12 18:06:38,286 - INFO - ⌛ Aguardando janela de confirmação de desbloqueio...
2025-11-12 18:06:58,577 - INFO - 🟨 Registros desbloqueados com sucesso
2025-11-12 18:07:16,137 - INFO - ⌛ Aguardando janela de edição de OS...
2025-11-12 18:07:36,481 - INFO - 🟨 OS programadas detectadas
2025-11-12 18:07:42,640 - INFO - ⌛ Aguardando janela de edição de OS...
2025-11-12 18:08:02,961 - INFO - 🟨 Janela de edição de OS detectada
2025-11-12 18:08:23,328 - INFO - 🟨 Janela de edição de habilidade da turma detectada
2025-11-12 18:09:11,655 - INFO - ⌛ Aguardando detecção do campo de caracteristica 'EQUIPE PRÓPRIA OU EPS' ...
2025-11-12 18:09:31,812 - INFO - ⌛ Aguardando detecção do campo de caracteristica 'EQUIPE PRÓPRIA OU EPS' ...
2025-11-12 18:09:51,960 - INFO - ⌛ Aguardando detecção do campo de caracteristica 'EQUIPE PRÓPRIA OU EPS' ...
2025-11-12 18:10:12,099 - INFO - 🟨 campo de caracteristica 'EQUIPE PRÓPRIA OU EPS detectado
2025-11-12 18:10:33,842 - INFO - ⌛ Aguardando confirmação 4 - editar OS...
2025-11-12 18:10:54,160 - INFO - ⌛ Aguardando confirmação 4 - editar OS...
2025-11-12 18:11:34,114 - INFO - ⌛ Aguardando janela de confirmação de programação de OS...
2025-11-12 18:11:54,402 - INFO - 🟨 Janela de confirmação de programação de OS detectada
2025-11-12 18:12:01,734 - INFO - ⌛ aguardando janela de programação de lote de OS...
2025-11-12 18:12:22,119 - INFO - 🟨 Janela de aviso de edição de OS programadas detectada
2025-11-12 18:12:32,375 - INFO - ⌛ aguardando janela de programação de lote de OS...
2025-11-12 18:12:52,773 - INFO - 🟨 Janela de aviso de substituição de lote de OS detectada
2025-11-12 18:13:05,025 - INFO - ⌛ aguardando janela de programação de lote de OS...
2025-11-12 18:13:25,424 - INFO - ⌛ aguardando janela de programação de lote de OS...
2025-11-12 18:13:45,825 - INFO - ⌛ aguardando janela de programação de lote de OS...
2025-11-12 18:14:06,239 - INFO - ⌛ aguardando janela de programação de lote de OS...
2025-11-12 18:14:26,652 - INFO - ⌛ aguardando janela de programação de lote de OS...
2025-11-12 18:14:47,097 - INFO - ⌛ aguardando janela de programação de lote de OS...
2025-11-12 18:15:07,585 - INFO - ⌛ aguardando janela de programação de lote de OS...
2025-11-12 18:15:28,079 - INFO - ⌛ aguardando janela de programação de lote de OS...
2025-11-12 18:15:48,589 - INFO - ⌛ aguardando janela de programação de lote de OS...
2025-11-12 18:16:08,994 - INFO - ⌛ aguardando janela de programação de lote de OS...
2025-11-12 18:16:29,400 - INFO - ⌛ aguardando janela de programação de lote de OS...
2025-11-12 18:16:49,798 - INFO - ⌛ aguardando janela de programação de lote de OS...
2025-11-12 18:17:10,271 - INFO - ⌛ aguardando janela de programação de lote de OS...
2025-11-12 18:17:30,679 - INFO - ⌛ aguardando janela de programação de lote de OS...
2025-11-12 18:17:51,102 - INFO - ⌛ aguardando janela de programação de lote de OS...
2025-11-12 18:18:11,524 - INFO - ⌛ aguardando janela de programação de lote de OS...
2025-11-12 18:18:31,929 - INFO - ⌛ aguardando janela de programação de lote de OS...
2025-11-12 18:18:52,337 - INFO - ⌛ aguardando janela de programação de lote de OS...
2025-11-12 18:19:12,771 - INFO - ⌛ aguardando janela de programação de lote de OS...
2025-11-12 18:19:33,190 - INFO - ⌛ aguardando janela de programação de lote de OS...
2025-11-12 18:19:53,618 - INFO - ⌛ aguardando janela de programação de lote de OS...
2025-11-12 18:20:14,043 - INFO - ⌛ aguardando janela de programação de lote de OS...
2025-11-12 18:20:34,426 - INFO - ⌛ aguardando janela de programação de lote de OS...
2025-11-12 18:20:54,800 - INFO - ⌛ aguardando janela de programação de lote de OS...
2025-11-12 18:21:15,182 - INFO - ⌛ aguardando janela de programação de lote de OS...
2025-11-12 18:21:35,553 - INFO - ⌛ aguardando janela de programação de lote de OS...
2025-11-12 18:21:55,944 - INFO - ⌛ aguardando janela de programação de lote de OS...
2025-11-12 18:22:16,327 - INFO - ⏱️ Tempo limite atingido. Abortando seleção
