2026-03-31 11:46:44,988 - INFO - Data hoje: 31/03/2026
2026-03-31 11:46:44,988 - INFO - Data de referência: 31/03/2026
2026-03-31 11:48:07,072 - INFO - Qtde OS de LINHA VIVA: 517
2026-03-31 11:48:07,072 - INFO - Qtde OS poda de LINHA MORTA: 298
2026-03-31 11:48:07,072 - INFO - Qtde OS estrutural de LINHA MORTA : 17293
2026-03-31 11:48:07,072 - INFO - Qtde OS poda de LINHA MORTA fora carteira: 403
2026-03-31 11:48:07,072 - INFO - Qtde OS para desprogramar: 308
2026-03-31 11:48:07,072 - INFO - 
 Qtd de lotes de LM: 12
2026-03-31 11:48:07,072 - INFO - 
 Qtd de lotes de LV: 21
2026-03-31 11:48:07,072 - INFO - 
 Qtd de lotes de ESTRUTURAL LM: 692
2026-03-31 11:48:07,072 - INFO - 
 Qtd de lotes de LEVE: 17
2026-03-31 11:48:07,072 - INFO - 
 Qtd de lotes para desprogramar: 13
2026-03-31 11:48:07,072 - INFO - 
=== Iniciando lote 1/13 [DESPROGAMAR] ===
2026-03-31 11:48:13,564 - INFO - Janela de seleção aberta
2026-03-31 11:48:17,809 - INFO - DEBUG: idx=0, inicio=0, fim=25
2026-03-31 11:48:17,809 - INFO - ✅ 25 OS copiadas para a área de transferência.
2026-03-31 11:48:17,809 - INFO - 📋 Lote 1 copiado.
2026-03-31 11:48:26,135 - INFO - ⌛ Esperando mudança visual...
2026-03-31 11:48:27,148 - INFO - ⌛ Esperando mudança visual...
2026-03-31 11:48:28,176 - INFO - ⌛ Esperando mudança visual...
2026-03-31 11:48:29,196 - INFO - ⌛ Esperando mudança visual...
2026-03-31 11:48:30,209 - INFO - ⌛ Esperando mudança visual...
2026-03-31 11:48:31,227 - INFO - ✅ Tela carregada!
2026-03-31 11:48:41,721 - INFO - ⌛ Aguardando janela de confirmação de desbloqueio...
2026-03-31 11:48:57,127 - INFO - 🟨 Registros desbloqueados com sucesso
2026-03-31 11:49:09,721 - INFO - ⌛ Aguardando janela de confirmação de desprogramação ...
2026-03-31 11:49:25,163 - INFO - 🟨 Janela de confirmação de desprogramação detectada
2026-03-31 11:49:28,458 - INFO - ⌛ Aguardando janela de confirmação de desprogramação ...
2026-03-31 11:49:43,955 - INFO - 🟨 Janela de aviso de desprogramação detectada
2026-03-31 11:49:46,120 - INFO - ⌛ Aguardando janela de confirmação de desprogramação 2 ...
2026-03-31 11:50:01,555 - INFO - ⌛ Aguardando janela de confirmação de desprogramação 2 ...
2026-03-31 11:50:17,019 - INFO - 🟨 Janela de confirmação 2 de desprogramação detectada
2026-03-31 11:50:24,267 - INFO - ⌛ Aguardando janela de sucesso ...
2026-03-31 11:50:39,699 - INFO - 🟨 lote desprogramado com sucesso
2026-03-31 11:50:41,873 - INFO - 
=== Iniciando lote 2/13 [DESPROGAMAR] ===
2026-03-31 11:50:48,268 - INFO - Janela de seleção aberta
2026-03-31 11:50:52,504 - INFO - DEBUG: idx=1, inicio=25, fim=50
2026-03-31 11:50:52,504 - INFO - ✅ 25 OS copiadas para a área de transferência.
2026-03-31 11:50:52,504 - INFO - 📋 Lote 2 copiado.
2026-03-31 11:51:00,823 - INFO - ⌛ Esperando mudança visual...
2026-03-31 11:51:01,846 - INFO - ⌛ Esperando mudança visual...
2026-03-31 11:51:02,860 - INFO - ⌛ Esperando mudança visual...
2026-03-31 11:51:03,875 - INFO - ⌛ Esperando mudança visual...
2026-03-31 11:51:04,891 - INFO - ⌛ Esperando mudança visual...
2026-03-31 11:51:05,900 - INFO - ⌛ Esperando mudança visual...
2026-03-31 11:51:06,916 - INFO - ⌛ Esperando mudança visual...
2026-03-31 11:51:07,921 - INFO - ⌛ Esperando mudança visual...
2026-03-31 11:51:08,937 - INFO - ⌛ Esperando mudança visual...
2026-03-31 11:51:09,953 - INFO - ⌛ Esperando mudança visual...
2026-03-31 11:51:10,968 - INFO - ✅ Tela carregada!
2026-03-31 11:51:21,458 - INFO - ⌛ Aguardando janela de confirmação de desbloqueio...
2026-03-31 11:51:36,915 - INFO - 🟨 Registros desbloqueados com sucesso
2026-03-31 11:51:49,476 - INFO - ⌛ Aguardando janela de confirmação de desprogramação ...
2026-03-31 11:52:04,879 - INFO - 🟨 Janela de confirmação de desprogramação detectada
2026-03-31 11:52:08,163 - INFO - 🟨 Janela de aviso de desprogramação detectada
2026-03-31 11:52:10,326 - INFO - ⌛ Aguardando janela de confirmação de desprogramação 2 ...
2026-03-31 11:52:25,788 - INFO - 🟨 Janela de confirmação 2 de desprogramação detectada
2026-03-31 11:52:33,012 - INFO - ⌛ Aguardando janela de sucesso ...
2026-03-31 11:52:48,449 - INFO - 🟨 lote desprogramado com sucesso
2026-03-31 11:52:50,600 - INFO - 
=== Iniciando lote 3/13 [DESPROGAMAR] ===
2026-03-31 11:52:56,955 - INFO - Janela de seleção aberta
2026-03-31 11:53:01,221 - INFO - DEBUG: idx=2, inicio=50, fim=75
2026-03-31 11:53:01,221 - INFO - ✅ 25 OS copiadas para a área de transferência.
2026-03-31 11:53:01,221 - INFO - 📋 Lote 3 copiado.
2026-03-31 11:53:28,410 - INFO - Data hoje: 31/03/2026
2026-03-31 11:53:28,411 - INFO - Data de referência: 31/03/2026
2026-03-31 11:55:14,743 - INFO - Qtde OS de LINHA VIVA: 517
2026-03-31 11:55:14,743 - INFO - Qtde OS poda de LINHA MORTA: 298
2026-03-31 11:55:14,743 - INFO - Qtde OS estrutural de LINHA MORTA : 17293
2026-03-31 11:55:14,743 - INFO - Qtde OS poda de LINHA MORTA fora carteira: 403
2026-03-31 11:55:14,743 - INFO - Qtde OS para desprogramar: 308
2026-03-31 11:55:14,745 - INFO - 
 Qtd de lotes de LM: 12
2026-03-31 11:55:14,745 - INFO - 
 Qtd de lotes de LV: 21
2026-03-31 11:55:14,745 - INFO - 
 Qtd de lotes de ESTRUTURAL LM: 692
2026-03-31 11:55:14,745 - INFO - 
 Qtd de lotes de LEVE: 17
2026-03-31 11:55:14,745 - INFO - 
 Qtd de lotes para desprogramar: 13
2026-03-31 11:55:14,745 - INFO - 
=== Iniciando lote 3/13 [DESPROGAMAR] ===
2026-03-31 11:55:21,176 - INFO - Janela de seleção aberta
2026-03-31 11:55:25,416 - INFO - DEBUG: idx=2, inicio=50, fim=75
2026-03-31 11:55:25,416 - INFO - ✅ 25 OS copiadas para a área de transferência.
2026-03-31 11:55:25,416 - INFO - 📋 Lote 3 copiado.
2026-03-31 11:55:33,749 - INFO - ⌛ Esperando mudança visual...
2026-03-31 11:55:34,758 - INFO - ⌛ Esperando mudança visual...
2026-03-31 11:55:35,764 - INFO - ⌛ Esperando mudança visual...
2026-03-31 11:55:36,773 - INFO - ⌛ Esperando mudança visual...
2026-03-31 11:55:37,789 - INFO - ⌛ Esperando mudança visual...
2026-03-31 11:55:38,796 - INFO - ⌛ Esperando mudança visual...
2026-03-31 11:55:39,803 - INFO - ⌛ Esperando mudança visual...
2026-03-31 11:55:40,831 - INFO - ⌛ Esperando mudança visual...
2026-03-31 11:55:41,834 - INFO - ⌛ Esperando mudança visual...
2026-03-31 11:55:42,866 - INFO - ✅ Tela carregada!
2026-03-31 11:55:53,349 - INFO - ⌛ Aguardando janela de confirmação de desbloqueio...
2026-03-31 11:56:08,750 - INFO - 🟨 Registros desbloqueados com sucesso
2026-03-31 11:56:21,318 - INFO - 🟨 Janela de confirmação de desprogramação detectada
2026-03-31 11:56:24,577 - INFO - 🟨 Janela de aviso de desprogramação detectada
2026-03-31 11:56:26,723 - INFO - ⌛ Aguardando janela de confirmação de desprogramação 2 ...
2026-03-31 11:56:42,139 - INFO - 🟨 Janela de confirmação 2 de desprogramação detectada
2026-03-31 11:56:49,344 - INFO - 🟨 lote desprogramado com sucesso
2026-03-31 11:56:51,522 - INFO - 
=== Iniciando lote 4/13 [DESPROGAMAR] ===
2026-03-31 11:56:57,879 - INFO - Janela de seleção aberta
2026-03-31 11:57:02,116 - INFO - DEBUG: idx=3, inicio=75, fim=100
2026-03-31 11:57:02,116 - INFO - ✅ 25 OS copiadas para a área de transferência.
2026-03-31 11:57:02,116 - INFO - 📋 Lote 4 copiado.
2026-03-31 11:57:10,445 - INFO - ⌛ Esperando mudança visual...
2026-03-31 11:57:11,476 - INFO - ⌛ Esperando mudança visual...
2026-03-31 11:57:12,490 - INFO - ⌛ Esperando mudança visual...
2026-03-31 11:57:13,506 - INFO - ⌛ Esperando mudança visual...
2026-03-31 11:57:14,521 - INFO - ⌛ Esperando mudança visual...
2026-03-31 11:57:15,538 - INFO - ⌛ Esperando mudança visual...
2026-03-31 11:57:16,563 - INFO - ⌛ Esperando mudança visual...
2026-03-31 11:57:17,569 - INFO - ⌛ Esperando mudança visual...
2026-03-31 11:57:18,587 - INFO - ⌛ Esperando mudança visual...
2026-03-31 11:57:19,594 - INFO - ⌛ Esperando mudança visual...
2026-03-31 11:57:20,630 - INFO - ⌛ Esperando mudança visual...
2026-03-31 11:57:21,646 - INFO - ⌛ Esperando mudança visual...
2026-03-31 11:57:22,648 - INFO - ✅ Tela carregada!
2026-03-31 11:57:33,120 - INFO - ⌛ Aguardando janela de confirmação de desbloqueio...
2026-03-31 11:57:48,486 - INFO - 🟨 Registros desbloqueados com sucesso
2026-03-31 11:58:01,051 - INFO - 🟨 Janela de confirmação de desprogramação detectada
2026-03-31 11:58:04,312 - INFO - 🟨 Janela de aviso de desprogramação detectada
2026-03-31 11:58:06,464 - INFO - ⌛ Aguardando janela de confirmação de desprogramação 2 ...
2026-03-31 11:58:21,851 - INFO - 🟨 Janela de confirmação 2 de desprogramação detectada
2026-03-31 11:58:29,079 - INFO - 🟨 lote desprogramado com sucesso
2026-03-31 11:58:31,279 - INFO - 
=== Iniciando lote 5/13 [DESPROGAMAR] ===
2026-03-31 11:58:37,639 - INFO - Janela de seleção aberta
2026-03-31 11:58:41,885 - INFO - DEBUG: idx=4, inicio=100, fim=125
2026-03-31 11:58:41,885 - INFO - ✅ 25 OS copiadas para a área de transferência.
2026-03-31 11:58:41,885 - INFO - 📋 Lote 5 copiado.
2026-03-31 11:58:50,227 - INFO - ⌛ Esperando mudança visual...
2026-03-31 11:58:51,254 - INFO - ⌛ Esperando mudança visual...
2026-03-31 11:58:52,270 - INFO - ⌛ Esperando mudança visual...
2026-03-31 11:58:53,285 - INFO - ⌛ Esperando mudança visual...
2026-03-31 11:58:54,328 - INFO - ⌛ Esperando mudança visual...
2026-03-31 11:58:55,337 - INFO - ⌛ Esperando mudança visual...
2026-03-31 11:58:56,352 - INFO - ⌛ Esperando mudança visual...
2026-03-31 11:58:57,380 - INFO - ⌛ Esperando mudança visual...
2026-03-31 11:58:58,396 - INFO - ⌛ Esperando mudança visual...
2026-03-31 11:58:59,399 - INFO - ✅ Tela carregada!
2026-03-31 11:59:09,899 - INFO - ⌛ Aguardando janela de confirmação de desbloqueio...
2026-03-31 11:59:25,323 - INFO - 🟨 Registros desbloqueados com sucesso
2026-03-31 11:59:37,895 - INFO - ⌛ Aguardando janela de confirmação de desprogramação ...
2026-03-31 11:59:53,279 - INFO - 🟨 Janela de confirmação de desprogramação detectada
2026-03-31 11:59:56,554 - INFO - ⌛ Aguardando janela de confirmação de desprogramação ...
2026-03-31 12:00:11,961 - INFO - 🟨 Janela de aviso de desprogramação detectada
2026-03-31 12:00:14,125 - INFO - ⌛ Aguardando janela de confirmação de desprogramação 2 ...
2026-03-31 12:00:29,500 - INFO - ⌛ Aguardando janela de confirmação de desprogramação 2 ...
2026-03-31 12:00:44,930 - INFO - 🟨 Janela de confirmação 2 de desprogramação detectada
2026-03-31 12:00:52,132 - INFO - ⌛ Aguardando janela de sucesso ...
2026-03-31 12:01:07,547 - INFO - 🟨 lote desprogramado com sucesso
2026-03-31 12:01:09,715 - INFO - 
=== Iniciando lote 6/13 [DESPROGAMAR] ===
2026-03-31 12:01:16,057 - INFO - Janela de seleção aberta
2026-03-31 12:01:20,316 - INFO - DEBUG: idx=5, inicio=125, fim=150
2026-03-31 12:01:20,316 - INFO - ✅ 25 OS copiadas para a área de transferência.
2026-03-31 12:01:20,316 - INFO - 📋 Lote 6 copiado.
2026-03-31 12:01:28,640 - INFO - ⌛ Esperando mudança visual...
2026-03-31 12:01:29,653 - INFO - ⌛ Esperando mudança visual...
2026-03-31 12:01:30,668 - INFO - ⌛ Esperando mudança visual...
2026-03-31 12:01:31,684 - INFO - ⌛ Esperando mudança visual...
2026-03-31 12:01:32,729 - INFO - ⌛ Esperando mudança visual...
2026-03-31 12:01:33,732 - INFO - ⌛ Esperando mudança visual...
2026-03-31 12:01:34,741 - INFO - ⌛ Esperando mudança visual...
2026-03-31 12:01:35,749 - INFO - ⌛ Esperando mudança visual...
2026-03-31 12:01:36,780 - INFO - ⌛ Esperando mudança visual...
2026-03-31 12:01:37,798 - INFO - ⌛ Esperando mudança visual...
2026-03-31 12:01:38,812 - INFO - ✅ Tela carregada!
2026-03-31 12:01:49,302 - INFO - ⌛ Aguardando janela de confirmação de desbloqueio...
2026-03-31 12:02:04,726 - INFO - ⌛ Aguardando janela de confirmação de desbloqueio...
2026-03-31 12:02:20,190 - INFO - 🟨 Registros desbloqueados com sucesso
2026-03-31 12:02:32,765 - INFO - ⌛ Aguardando janela de confirmação de desprogramação ...
2026-03-31 12:02:48,208 - INFO - 🟨 Janela de confirmação de desprogramação detectada
2026-03-31 12:02:51,524 - INFO - ⌛ Aguardando janela de confirmação de desprogramação ...
2026-03-31 12:03:06,982 - INFO - 🟨 Janela de aviso de desprogramação detectada
2026-03-31 12:03:09,153 - INFO - ⌛ Aguardando janela de confirmação de desprogramação 2 ...
2026-03-31 12:03:24,574 - INFO - ⌛ Aguardando janela de confirmação de desprogramação 2 ...
2026-03-31 12:03:40,028 - INFO - 🟨 Janela de confirmação 2 de desprogramação detectada
2026-03-31 12:03:47,244 - INFO - ⌛ Aguardando janela de sucesso ...
2026-03-31 12:04:02,692 - INFO - 🟨 lote desprogramado com sucesso
2026-03-31 12:04:04,859 - INFO - 
=== Iniciando lote 7/13 [DESPROGAMAR] ===
2026-03-31 12:04:11,227 - INFO - Janela de seleção aberta
2026-03-31 12:04:15,453 - INFO - DEBUG: idx=6, inicio=150, fim=175
2026-03-31 12:04:15,453 - INFO - ✅ 25 OS copiadas para a área de transferência.
2026-03-31 12:04:15,453 - INFO - 📋 Lote 7 copiado.
2026-03-31 12:04:23,779 - INFO - ⌛ Esperando mudança visual...
2026-03-31 12:04:24,798 - INFO - ⌛ Esperando mudança visual...
2026-03-31 12:04:25,828 - INFO - ⌛ Esperando mudança visual...
2026-03-31 12:04:26,845 - INFO - ⌛ Esperando mudança visual...
2026-03-31 12:04:27,860 - INFO - ⌛ Esperando mudança visual...
2026-03-31 12:04:28,879 - INFO - ⌛ Esperando mudança visual...
2026-03-31 12:04:29,891 - INFO - ⌛ Esperando mudança visual...
2026-03-31 12:04:30,912 - INFO - ⌛ Esperando mudança visual...
2026-03-31 12:04:31,926 - INFO - ⌛ Esperando mudança visual...
2026-03-31 12:04:32,943 - INFO - ⌛ Esperando mudança visual...
2026-03-31 12:04:33,959 - INFO - ⌛ Esperando mudança visual...
2026-03-31 12:04:34,976 - INFO - ✅ Tela carregada!
2026-03-31 12:04:45,455 - INFO - ⌛ Aguardando janela de confirmação de desbloqueio...
2026-03-31 12:05:00,891 - INFO - 🟨 Registros desbloqueados com sucesso
2026-03-31 12:05:13,467 - INFO - ⌛ Aguardando janela de confirmação de desprogramação ...
2026-03-31 12:05:28,908 - INFO - 🟨 Janela de confirmação de desprogramação detectada
2026-03-31 12:05:32,215 - INFO - 🟨 Janela de aviso de desprogramação detectada
2026-03-31 12:05:34,365 - INFO - ⌛ Aguardando janela de confirmação de desprogramação 2 ...
2026-03-31 12:05:49,762 - INFO - 🟨 Janela de confirmação 2 de desprogramação detectada
2026-03-31 12:05:56,988 - INFO - ⌛ Aguardando janela de sucesso ...
2026-03-31 12:06:12,373 - INFO - 🟨 lote desprogramado com sucesso
2026-03-31 12:06:14,532 - INFO - 
=== Iniciando lote 8/13 [DESPROGAMAR] ===
2026-03-31 12:06:20,897 - INFO - Janela de seleção aberta
2026-03-31 12:06:25,129 - INFO - DEBUG: idx=7, inicio=175, fim=200
2026-03-31 12:06:25,129 - INFO - ✅ 25 OS copiadas para a área de transferência.
2026-03-31 12:06:25,129 - INFO - 📋 Lote 8 copiado.
2026-03-31 12:06:33,458 - INFO - ⌛ Esperando mudança visual...
2026-03-31 12:06:34,476 - INFO - ⌛ Esperando mudança visual...
2026-03-31 12:06:35,482 - INFO - ⌛ Esperando mudança visual...
2026-03-31 12:06:36,499 - INFO - ⌛ Esperando mudança visual...
2026-03-31 12:06:37,522 - INFO - ⌛ Esperando mudança visual...
2026-03-31 12:06:38,537 - INFO - ⌛ Esperando mudança visual...
2026-03-31 12:06:39,548 - INFO - ⌛ Esperando mudança visual...
2026-03-31 12:06:40,561 - INFO - ⌛ Esperando mudança visual...
2026-03-31 12:06:41,570 - INFO - ⌛ Esperando mudança visual...
2026-03-31 12:06:42,593 - INFO - ⌛ Esperando mudança visual...
2026-03-31 12:06:43,619 - INFO - ✅ Tela carregada!
2026-03-31 12:06:54,121 - INFO - ⌛ Aguardando janela de confirmação de desbloqueio...
2026-03-31 12:07:09,561 - INFO - 🟨 Registros desbloqueados com sucesso
2026-03-31 12:07:22,146 - INFO - ⌛ Aguardando janela de confirmação de desprogramação ...
2026-03-31 12:07:37,689 - INFO - 🟨 Janela de confirmação de desprogramação detectada
2026-03-31 12:07:40,974 - INFO - ⌛ Aguardando janela de confirmação de desprogramação ...
2026-03-31 12:07:56,500 - INFO - 🟨 Janela de aviso de desprogramação detectada
2026-03-31 12:07:58,650 - INFO - ⌛ Aguardando janela de confirmação de desprogramação 2 ...
2026-03-31 12:08:14,061 - INFO - 🟨 Janela de confirmação 2 de desprogramação detectada
2026-03-31 12:08:21,319 - INFO - ⌛ Aguardando janela de sucesso ...
2026-03-31 12:08:36,733 - INFO - 🟨 lote desprogramado com sucesso
2026-03-31 12:08:38,926 - INFO - 
=== Iniciando lote 9/13 [DESPROGAMAR] ===
2026-03-31 12:08:45,303 - INFO - Janela de seleção aberta
2026-03-31 12:08:49,577 - INFO - DEBUG: idx=8, inicio=200, fim=225
2026-03-31 12:08:49,577 - INFO - ✅ 25 OS copiadas para a área de transferência.
2026-03-31 12:08:49,577 - INFO - 📋 Lote 9 copiado.
2026-03-31 12:08:57,906 - INFO - ⌛ Esperando mudança visual...
2026-03-31 12:08:58,914 - INFO - ⌛ Esperando mudança visual...
2026-03-31 12:08:59,926 - INFO - ⌛ Esperando mudança visual...
2026-03-31 12:09:00,927 - INFO - ⌛ Esperando mudança visual...
2026-03-31 12:09:01,935 - INFO - ⌛ Esperando mudança visual...
2026-03-31 12:09:02,949 - INFO - ⌛ Esperando mudança visual...
2026-03-31 12:09:03,962 - INFO - ⌛ Esperando mudança visual...
2026-03-31 12:09:04,984 - INFO - ⌛ Esperando mudança visual...
2026-03-31 12:09:06,005 - INFO - ⌛ Esperando mudança visual...
2026-03-31 12:09:07,019 - INFO - ✅ Tela carregada!
2026-03-31 12:09:17,507 - INFO - ⌛ Aguardando janela de confirmação de desbloqueio...
2026-03-31 12:09:33,015 - INFO - 🟨 Registros desbloqueados com sucesso
2026-03-31 12:09:45,588 - INFO - 🟨 Janela de confirmação de desprogramação detectada
2026-03-31 12:09:48,912 - INFO - 🟨 Janela de aviso de desprogramação detectada
2026-03-31 12:09:51,087 - INFO - ⌛ Aguardando janela de confirmação de desprogramação 2 ...
2026-03-31 12:10:06,562 - INFO - 🟨 Janela de confirmação 2 de desprogramação detectada
2026-03-31 12:10:13,774 - INFO - 🟨 lote desprogramado com sucesso
2026-03-31 12:10:15,942 - INFO - 
=== Iniciando lote 10/13 [DESPROGAMAR] ===
2026-03-31 12:10:22,299 - INFO - Janela de seleção aberta
2026-03-31 12:10:26,533 - INFO - DEBUG: idx=9, inicio=225, fim=250
2026-03-31 12:10:26,533 - INFO - ✅ 25 OS copiadas para a área de transferência.
2026-03-31 12:10:26,533 - INFO - 📋 Lote 10 copiado.
2026-03-31 12:10:34,869 - INFO - ⌛ Esperando mudança visual...
2026-03-31 12:10:35,882 - INFO - ⌛ Esperando mudança visual...
2026-03-31 12:10:36,904 - INFO - ⌛ Esperando mudança visual...
2026-03-31 12:10:37,926 - INFO - ⌛ Esperando mudança visual...
2026-03-31 12:10:38,928 - INFO - ⌛ Esperando mudança visual...
2026-03-31 12:10:39,937 - INFO - ⌛ Esperando mudança visual...
2026-03-31 12:10:40,948 - INFO - ⌛ Esperando mudança visual...
2026-03-31 12:10:41,959 - INFO - ⌛ Esperando mudança visual...
2026-03-31 12:10:42,975 - INFO - ⌛ Esperando mudança visual...
2026-03-31 12:10:43,990 - INFO - ✅ Tela carregada!
2026-03-31 12:10:54,459 - INFO - ⌛ Aguardando janela de confirmação de desbloqueio...
2026-03-31 12:11:09,900 - INFO - 🟨 Registros desbloqueados com sucesso
2026-03-31 12:11:22,488 - INFO - 🟨 Janela de confirmação de desprogramação detectada
2026-03-31 12:11:25,787 - INFO - 🟨 Janela de aviso de desprogramação detectada
2026-03-31 12:11:27,965 - INFO - ⌛ Aguardando janela de confirmação de desprogramação 2 ...
2026-03-31 12:11:43,436 - INFO - 🟨 Janela de confirmação 2 de desprogramação detectada
2026-03-31 12:11:50,654 - INFO - ⌛ Aguardando janela de sucesso ...
2026-03-31 12:12:06,090 - INFO - 🟨 lote desprogramado com sucesso
2026-03-31 12:12:08,270 - INFO - 
=== Iniciando lote 11/13 [DESPROGAMAR] ===
2026-03-31 12:12:14,624 - INFO - Janela de seleção aberta
2026-03-31 12:12:18,861 - INFO - DEBUG: idx=10, inicio=250, fim=275
2026-03-31 12:12:18,861 - INFO - ✅ 25 OS copiadas para a área de transferência.
2026-03-31 12:12:18,861 - INFO - 📋 Lote 11 copiado.
2026-03-31 12:12:27,192 - INFO - ⌛ Esperando mudança visual...
2026-03-31 12:12:28,209 - INFO - ⌛ Esperando mudança visual...
2026-03-31 12:12:29,222 - INFO - ⌛ Esperando mudança visual...
2026-03-31 12:12:30,234 - INFO - ⌛ Esperando mudança visual...
2026-03-31 12:12:31,249 - INFO - ⌛ Esperando mudança visual...
2026-03-31 12:12:32,268 - INFO - ⌛ Esperando mudança visual...
2026-03-31 12:12:33,280 - INFO - ⌛ Esperando mudança visual...
2026-03-31 12:12:34,303 - INFO - ⌛ Esperando mudança visual...
2026-03-31 12:12:35,313 - INFO - ⌛ Esperando mudança visual...
2026-03-31 12:12:36,335 - INFO - ✅ Tela carregada!
2026-03-31 12:12:46,816 - INFO - ⌛ Aguardando janela de confirmação de desbloqueio...
2026-03-31 12:13:02,274 - INFO - 🟨 Registros desbloqueados com sucesso
2026-03-31 12:13:14,853 - INFO - ⌛ Aguardando janela de confirmação de desprogramação ...
2026-03-31 12:13:30,294 - INFO - 🟨 Janela de confirmação de desprogramação detectada
2026-03-31 12:13:33,607 - INFO - 🟨 Janela de aviso de desprogramação detectada
2026-03-31 12:13:35,773 - INFO - ⌛ Aguardando janela de confirmação de desprogramação 2 ...
2026-03-31 12:13:51,188 - INFO - 🟨 Janela de confirmação 2 de desprogramação detectada
2026-03-31 12:13:58,419 - INFO - ⌛ Aguardando janela de sucesso ...
2026-03-31 12:14:13,893 - INFO - 🟨 lote desprogramado com sucesso
2026-03-31 12:14:16,082 - INFO - 
=== Iniciando lote 12/13 [DESPROGAMAR] ===
2026-03-31 12:14:22,438 - INFO - Janela de seleção aberta
2026-03-31 12:14:26,674 - INFO - DEBUG: idx=11, inicio=275, fim=300
2026-03-31 12:14:26,674 - INFO - ✅ 25 OS copiadas para a área de transferência.
2026-03-31 12:14:26,674 - INFO - 📋 Lote 12 copiado.
2026-03-31 12:14:34,999 - INFO - ⌛ Esperando mudança visual...
2026-03-31 12:14:36,037 - INFO - ⌛ Esperando mudança visual...
2026-03-31 12:14:37,042 - INFO - ⌛ Esperando mudança visual...
2026-03-31 12:14:38,050 - INFO - ⌛ Esperando mudança visual...
2026-03-31 12:14:39,058 - INFO - ⌛ Esperando mudança visual...
2026-03-31 12:14:40,077 - INFO - ⌛ Esperando mudança visual...
2026-03-31 12:14:41,081 - INFO - ⌛ Esperando mudança visual...
2026-03-31 12:14:42,090 - INFO - ⌛ Esperando mudança visual...
2026-03-31 12:14:43,107 - INFO - ⌛ Esperando mudança visual...
2026-03-31 12:14:44,132 - INFO - ⌛ Esperando mudança visual...
2026-03-31 12:14:45,153 - INFO - ✅ Tela carregada!
2026-03-31 12:14:55,622 - INFO - ⌛ Aguardando janela de confirmação de desbloqueio...
2026-03-31 12:15:11,097 - INFO - 🟨 Registros desbloqueados com sucesso
2026-03-31 12:15:23,657 - INFO - 🟨 Janela de confirmação de desprogramação detectada
2026-03-31 12:15:26,917 - INFO - ⌛ Aguardando janela de confirmação de desprogramação ...
2026-03-31 12:15:42,412 - INFO - 🟨 Janela de aviso de desprogramação detectada
2026-03-31 12:15:44,576 - INFO - ⌛ Aguardando janela de confirmação de desprogramação 2 ...
2026-03-31 12:15:59,995 - INFO - 🟨 Janela de confirmação 2 de desprogramação detectada
2026-03-31 12:16:07,219 - INFO - ⌛ Aguardando janela de sucesso ...
2026-03-31 12:16:22,627 - INFO - 🟨 lote desprogramado com sucesso
2026-03-31 12:16:24,797 - INFO - 
=== Iniciando lote 13/13 [DESPROGAMAR] ===
2026-03-31 12:16:31,150 - INFO - Janela de seleção aberta
2026-03-31 12:16:35,411 - INFO - DEBUG: idx=12, inicio=300, fim=325
2026-03-31 12:16:35,411 - INFO - ✅ 8 OS copiadas para a área de transferência.
2026-03-31 12:16:35,411 - INFO - 📋 Lote 13 copiado.
2026-03-31 12:16:43,742 - INFO - ⌛ Esperando mudança visual...
2026-03-31 12:16:44,755 - INFO - ⌛ Esperando mudança visual...
2026-03-31 12:16:45,766 - INFO - ⌛ Esperando mudança visual...
2026-03-31 12:16:46,782 - INFO - ⌛ Esperando mudança visual...
2026-03-31 12:16:47,797 - INFO - ⌛ Esperando mudança visual...
2026-03-31 12:16:48,828 - INFO - ⌛ Esperando mudança visual...
2026-03-31 12:16:49,845 - INFO - ⌛ Esperando mudança visual...
2026-03-31 12:16:50,861 - INFO - ⌛ Esperando mudança visual...
2026-03-31 12:16:51,887 - INFO - ⌛ Esperando mudança visual...
2026-03-31 12:16:52,901 - INFO - ✅ Tela carregada!
2026-03-31 12:17:03,378 - INFO - ⌛ Aguardando janela de confirmação de desbloqueio...
2026-03-31 12:17:18,788 - INFO - 🟨 Registros desbloqueados com sucesso
2026-03-31 12:17:31,349 - INFO - 🟨 Janela de confirmação de desprogramação detectada
2026-03-31 12:17:34,629 - INFO - 🟨 Janela de aviso de desprogramação detectada
2026-03-31 12:17:36,785 - INFO - ⌛ Aguardando janela de confirmação de desprogramação 2 ...
2026-03-31 12:17:52,199 - INFO - 🟨 Janela de confirmação 2 de desprogramação detectada
2026-03-31 12:17:59,432 - INFO - 🟨 lote desprogramado com sucesso
2026-03-31 12:34:55,720 - INFO - Data hoje: 31/03/2026
2026-03-31 12:34:55,720 - INFO - Data de referência: 31/03/2026
2026-03-31 12:36:18,152 - INFO - Qtde OS de LINHA VIVA: 517
2026-03-31 12:36:18,152 - INFO - Qtde OS poda de LINHA MORTA: 298
2026-03-31 12:36:18,152 - INFO - Qtde OS estrutural de LINHA MORTA : 17293
2026-03-31 12:36:18,152 - INFO - Qtde OS poda de LINHA MORTA fora carteira: 403
2026-03-31 12:36:18,152 - INFO - Qtde OS para desprogramar: 308
2026-03-31 12:36:18,152 - INFO - 
 Qtd de lotes de LM: 12
2026-03-31 12:36:18,152 - INFO - 
 Qtd de lotes de LV: 21
2026-03-31 12:36:18,152 - INFO - 
 Qtd de lotes de ESTRUTURAL LM: 692
2026-03-31 12:36:18,152 - INFO - 
 Qtd de lotes de LEVE: 17
2026-03-31 12:36:18,152 - INFO - 
 Qtd de lotes para desprogramar: 13
2026-03-31 12:36:18,152 - INFO - 
=== Iniciando lote 1/21 [LV] ===
2026-03-31 12:36:18,152 - INFO - 
=== abrir_janela_selecao ===
2026-03-31 12:36:24,486 - INFO - 
=== rotina abrir_selecao_colar_os ===
2026-03-31 12:36:24,573 - INFO - Janela de seleção aberta
2026-03-31 12:36:28,796 - INFO - DEBUG: idx=0, inicio=0, fim=25
2026-03-31 12:36:28,796 - INFO - ✅ 25 OS copiadas para a área de transferência.
2026-03-31 12:36:28,796 - INFO - 📋 Lote 1 copiado.
2026-03-31 12:36:37,125 - INFO - ⌛ Esperando mudança visual...
2026-03-31 12:36:38,141 - INFO - ⌛ Esperando mudança visual...
2026-03-31 12:36:39,159 - INFO - ⌛ Esperando mudança visual...
2026-03-31 12:36:40,177 - INFO - ⌛ Esperando mudança visual...
2026-03-31 12:36:41,203 - INFO - ⌛ Esperando mudança visual...
2026-03-31 12:36:42,212 - INFO - ✅ Tela carregada!
2026-03-31 12:36:46,215 - INFO - 
=== rotina desbloquear_os ===
2026-03-31 12:36:52,699 - INFO - ⌛ Aguardando janela de confirmação de desbloqueio...
2026-03-31 12:37:08,102 - INFO - 🟨 Registros desbloqueados com sucesso
2026-03-31 12:37:12,206 - INFO - 
=== rotina editar_os ===
2026-03-31 12:37:21,679 - INFO - ⌛ Aguardando janela de edição de OS...
2026-03-31 12:37:37,134 - INFO - 🟨 OS programadas detectadas
2026-03-31 12:37:40,251 - INFO - ⌛ Aguardando janela de edição de OS...
2026-03-31 12:37:55,706 - INFO - 🟨 Janela de edição de OS detectada
2026-03-31 12:38:17,066 - INFO - 🟨 Janela de edição de habilidade da turma detectada
2026-03-31 12:39:35,402 - INFO - ⌛ Aguardando detecção do campo de caracteristica 'EQUIPE PRÓPRIA OU EPS' ...
2026-03-31 12:39:54,765 - INFO - 🟨 campo de caracteristica 'EQUIPE PRÓPRIA OU EPS detectado
2026-03-31 12:40:16,554 - INFO - ⌛ Aguardando confirmação 4 - editar OS...
2026-03-31 12:40:32,032 - INFO - ⌛ Aguardando confirmação 4 - editar OS...
2026-03-31 12:40:47,568 - INFO - ⌛ Aguardando confirmação 4 - editar OS...
2026-03-31 12:41:03,065 - INFO - 🟨 Janela de confirmação 4 de edição de OS detectada
2026-03-31 12:41:07,170 - INFO - 
=== rotina programar_os ===
2026-03-31 12:41:33,705 - INFO - ⌛ Aguardando janela de confirmação de programação de OS...
2026-03-31 12:41:54,116 - INFO - 🟨 Janela de confirmação de programação de OS detectada
2026-03-31 12:42:07,396 - INFO - 🟨 Janela de aviso de edição de OS programadas detectada
2026-03-31 12:42:11,611 - INFO - ⌛ aguardando janela de programação de lote de OS...
2026-03-31 12:42:32,176 - INFO - 🟨 Janela de aviso de substituição de lote de OS detectada
2026-03-31 12:42:38,385 - INFO - ⌛ aguardando janela de programação de lote de OS...
2026-03-31 12:42:58,918 - INFO - 🟨 Janela de programação de lote de OS detectada
2026-03-31 12:43:48,446 - INFO - 🟨 Janela de confirmação de programação de lote de OS detectada
2026-03-31 12:43:52,701 - INFO - ⌛ aguardando confirmação final de programação do lote
2026-03-31 12:44:13,214 - INFO - 🟨 programação do lote 1 efetuado com sucesso
2026-03-31 12:44:23,323 - INFO - 
=== Iniciando lote 2/21 [LV] ===
2026-03-31 12:44:23,323 - INFO - 
=== abrir_janela_selecao ===
2026-03-31 12:44:29,651 - INFO - 
=== rotina abrir_selecao_colar_os ===
2026-03-31 12:44:29,709 - INFO - Janela de seleção aberta
2026-03-31 12:44:33,965 - INFO - DEBUG: idx=1, inicio=25, fim=50
2026-03-31 12:44:33,965 - INFO - ✅ 25 OS copiadas para a área de transferência.
2026-03-31 12:44:33,965 - INFO - 📋 Lote 2 copiado.
2026-03-31 12:44:42,294 - INFO - ⌛ Esperando mudança visual...
2026-03-31 12:44:43,314 - INFO - ⌛ Esperando mudança visual...
2026-03-31 12:44:44,332 - INFO - ⌛ Esperando mudança visual...
2026-03-31 12:44:45,365 - INFO - ⌛ Esperando mudança visual...
2026-03-31 12:44:46,381 - INFO - ⌛ Esperando mudança visual...
2026-03-31 12:44:47,396 - INFO - ⌛ Esperando mudança visual...
2026-03-31 12:44:48,423 - INFO - ⌛ Esperando mudança visual...
2026-03-31 12:44:49,439 - INFO - ⌛ Esperando mudança visual...
2026-03-31 12:44:50,449 - INFO - ⌛ Esperando mudança visual...
2026-03-31 12:44:51,457 - INFO - ✅ Tela carregada!
2026-03-31 12:44:55,468 - INFO - 
=== rotina desbloquear_os ===
2026-03-31 12:45:01,940 - INFO - ⌛ Aguardando janela de confirmação de desbloqueio...
2026-03-31 12:45:17,327 - INFO - 🟨 Registros desbloqueados com sucesso
2026-03-31 12:45:21,434 - INFO - 
=== rotina editar_os ===
2026-03-31 12:45:30,839 - INFO - ⌛ Aguardando janela de edição de OS...
2026-03-31 12:45:46,267 - INFO - 🟨 OS programadas detectadas
2026-03-31 12:45:49,380 - INFO - ⌛ Aguardando janela de edição de OS...
2026-03-31 12:46:04,810 - INFO - 🟨 Janela de edição de OS detectada
2026-03-31 12:46:26,186 - INFO - 🟨 Janela de edição de habilidade da turma detectada
2026-03-31 12:47:44,508 - INFO - ⌛ Aguardando detecção do campo de caracteristica 'EQUIPE PRÓPRIA OU EPS' ...
2026-03-31 12:48:03,875 - INFO - 🟨 campo de caracteristica 'EQUIPE PRÓPRIA OU EPS detectado
2026-03-31 12:48:25,675 - INFO - ⌛ Aguardando confirmação 4 - editar OS...
2026-03-31 12:48:41,166 - INFO - ⌛ Aguardando confirmação 4 - editar OS...
2026-03-31 12:48:56,617 - INFO - ⌛ Aguardando confirmação 4 - editar OS...
2026-03-31 12:49:12,118 - INFO - 🟨 Janela de confirmação 4 de edição de OS detectada
2026-03-31 12:49:16,242 - INFO - 
=== rotina programar_os ===
2026-03-31 12:49:42,766 - INFO - ⌛ Aguardando janela de confirmação de programação de OS...
2026-03-31 12:50:03,137 - INFO - 🟨 Janela de confirmação de programação de OS detectada
2026-03-31 12:50:16,434 - INFO - 🟨 Janela de aviso de edição de OS programadas detectada
2026-03-31 12:50:20,662 - INFO - ⌛ aguardando janela de programação de lote de OS...
2026-03-31 12:50:41,204 - INFO - 🟨 Janela de aviso de substituição de lote de OS detectada
2026-03-31 12:50:47,419 - INFO - ⌛ aguardando janela de programação de lote de OS...
2026-03-31 12:51:07,933 - INFO - 🟨 Janela de programação de lote de OS detectada
2026-03-31 12:51:57,478 - INFO - 🟨 Janela de confirmação de programação de lote de OS detectada
2026-03-31 12:52:01,712 - INFO - ⌛ aguardando confirmação final de programação do lote
2026-03-31 12:52:22,235 - INFO - 🟨 programação do lote 2 efetuado com sucesso
2026-03-31 12:52:32,341 - INFO - 
=== Iniciando lote 3/21 [LV] ===
2026-03-31 12:52:32,341 - INFO - 
=== abrir_janela_selecao ===
2026-03-31 12:52:38,677 - INFO - 
=== rotina abrir_selecao_colar_os ===
2026-03-31 12:52:38,736 - INFO - Janela de seleção aberta
2026-03-31 12:52:42,994 - INFO - DEBUG: idx=2, inicio=50, fim=75
2026-03-31 12:52:42,994 - INFO - ✅ 25 OS copiadas para a área de transferência.
2026-03-31 12:52:42,994 - INFO - 📋 Lote 3 copiado.
2026-03-31 12:52:51,322 - INFO - ⌛ Esperando mudança visual...
2026-03-31 12:52:52,327 - INFO - ⌛ Esperando mudança visual...
2026-03-31 12:52:53,347 - INFO - ⌛ Esperando mudança visual...
2026-03-31 12:52:54,364 - INFO - ⌛ Esperando mudança visual...
2026-03-31 12:52:55,380 - INFO - ⌛ Esperando mudança visual...
2026-03-31 12:52:56,402 - INFO - ⌛ Esperando mudança visual...
2026-03-31 12:52:57,411 - INFO - ⌛ Esperando mudança visual...
2026-03-31 12:52:58,426 - INFO - ⌛ Esperando mudança visual...
2026-03-31 12:52:59,443 - INFO - ⌛ Esperando mudança visual...
2026-03-31 12:53:00,457 - INFO - ✅ Tela carregada!
2026-03-31 12:53:04,468 - INFO - 
=== rotina desbloquear_os ===
2026-03-31 12:53:10,949 - INFO - ⌛ Aguardando janela de confirmação de desbloqueio...
2026-03-31 12:53:26,360 - INFO - 🟨 Registros desbloqueados com sucesso
2026-03-31 12:53:30,470 - INFO - 
=== rotina editar_os ===
2026-03-31 12:53:39,877 - INFO - ⌛ Aguardando janela de edição de OS...
2026-03-31 12:53:55,374 - INFO - 🟨 OS programadas detectadas
2026-03-31 12:53:58,477 - INFO - ⌛ Aguardando janela de edição de OS...
2026-03-31 12:54:13,914 - INFO - 🟨 Janela de edição de OS detectada
2026-03-31 12:54:35,283 - INFO - 🟨 Janela de edição de habilidade da turma detectada
2026-03-31 12:55:53,622 - INFO - ⌛ Aguardando detecção do campo de caracteristica 'EQUIPE PRÓPRIA OU EPS' ...
2026-03-31 12:56:12,983 - INFO - 🟨 campo de caracteristica 'EQUIPE PRÓPRIA OU EPS detectado
2026-03-31 12:56:34,787 - INFO - ⌛ Aguardando confirmação 4 - editar OS...
2026-03-31 12:56:50,267 - INFO - ⌛ Aguardando confirmação 4 - editar OS...
2026-03-31 12:57:05,744 - INFO - ⌛ Aguardando confirmação 4 - editar OS...
2026-03-31 12:57:21,235 - INFO - 🟨 Janela de confirmação 4 de edição de OS detectada
2026-03-31 12:57:25,351 - INFO - 
=== rotina programar_os ===
2026-03-31 12:57:51,893 - INFO - ⌛ Aguardando janela de confirmação de programação de OS...
2026-03-31 12:58:12,273 - INFO - 🟨 Janela de confirmação de programação de OS detectada
2026-03-31 12:58:25,562 - INFO - 🟨 Janela de aviso de edição de OS programadas detectada
2026-03-31 12:58:29,779 - INFO - ⌛ aguardando janela de programação de lote de OS...
2026-03-31 12:58:50,409 - INFO - 🟨 Janela de aviso de substituição de lote de OS detectada
2026-03-31 12:58:56,622 - INFO - ⌛ aguardando janela de programação de lote de OS...
2026-03-31 12:59:17,193 - INFO - ⌛ aguardando janela de programação de lote de OS...
2026-03-31 12:59:37,840 - INFO - ⌛ aguardando janela de programação de lote de OS...
2026-03-31 12:59:38,098 - INFO - 🟨 Identificado falha no EQM
2026-03-31 12:59:38,098 - INFO - Capturando print...
2026-03-31 13:00:14,739 - INFO - ⌛ Aguardando janela de confirmação de programação de OS...
2026-03-31 13:00:35,107 - INFO - 🟨 Janela de confirmação de programação de OS detectada
2026-03-31 13:00:48,348 - INFO - 🟨 Janela de aviso de edição de OS programadas detectada
2026-03-31 13:00:52,567 - INFO - ⌛ aguardando janela de programação de lote de OS...
2026-03-31 13:01:13,076 - INFO - ⌛ aguardando janela de programação de lote de OS...
2026-03-31 13:01:33,629 - INFO - ⌛ aguardando janela de programação de lote de OS...
2026-03-31 13:01:54,199 - INFO - ⌛ aguardando janela de programação de lote de OS...
2026-03-31 13:02:14,722 - INFO - ⌛ aguardando janela de programação de lote de OS...
2026-03-31 13:02:35,282 - INFO - ⌛ aguardando janela de programação de lote de OS...
2026-03-31 13:02:55,817 - INFO - ⌛ aguardando janela de programação de lote de OS...
2026-03-31 13:03:16,306 - INFO - ⌛ aguardando janela de programação de lote de OS...
2026-03-31 13:03:36,790 - INFO - ⌛ aguardando janela de programação de lote de OS...
2026-03-31 13:03:57,309 - INFO - ⌛ aguardando janela de programação de lote de OS...
2026-03-31 13:04:17,825 - INFO - ⌛ aguardando janela de programação de lote de OS...
2026-03-31 13:04:38,338 - INFO - ⌛ aguardando janela de programação de lote de OS...
2026-03-31 13:04:58,897 - INFO - ⌛ aguardando janela de programação de lote de OS...
2026-03-31 13:05:19,396 - INFO - ⌛ aguardando janela de programação de lote de OS...
2026-03-31 13:05:39,883 - INFO - ⌛ aguardando janela de programação de lote de OS...
2026-03-31 13:06:00,366 - INFO - ⌛ aguardando janela de programação de lote de OS...
2026-03-31 13:06:20,865 - INFO - ⌛ aguardando janela de programação de lote de OS...
2026-03-31 13:06:41,400 - INFO - ⌛ aguardando janela de programação de lote de OS...
2026-03-31 13:07:01,958 - INFO - ⌛ aguardando janela de programação de lote de OS...
2026-03-31 13:07:22,478 - INFO - ⌛ aguardando janela de programação de lote de OS...
2026-03-31 13:07:42,995 - INFO - ⌛ aguardando janela de programação de lote de OS...
2026-03-31 13:08:03,583 - INFO - ⌛ aguardando janela de programação de lote de OS...
2026-03-31 13:08:24,191 - INFO - ⌛ aguardando janela de programação de lote de OS...
2026-03-31 13:08:44,790 - INFO - ⌛ aguardando janela de programação de lote de OS...
2026-03-31 13:09:05,327 - INFO - ⌛ aguardando janela de programação de lote de OS...
2026-03-31 13:09:25,850 - INFO - ⌛ aguardando janela de programação de lote de OS...
2026-03-31 13:09:46,362 - INFO - ⌛ aguardando janela de programação de lote de OS...
2026-03-31 13:10:06,930 - INFO - ⌛ aguardando janela de programação de lote de OS...
2026-03-31 13:10:27,434 - INFO - ⌛ aguardando janela de programação de lote de OS...
2026-03-31 13:10:47,911 - INFO - ⌛ aguardando janela de programação de lote de OS...
2026-03-31 13:11:08,459 - INFO - ⌛ aguardando janela de programação de lote de OS...
2026-03-31 13:11:28,993 - INFO - ⌛ aguardando janela de programação de lote de OS...
2026-03-31 13:11:49,495 - INFO - ⌛ aguardando janela de programação de lote de OS...
2026-03-31 13:12:09,964 - INFO - ⌛ aguardando janela de programação de lote de OS...
2026-03-31 13:12:30,424 - INFO - ⌛ aguardando janela de programação de lote de OS...
2026-03-31 13:12:50,945 - INFO - ⌛ aguardando janela de programação de lote de OS...
2026-03-31 13:13:11,438 - INFO - ⌛ aguardando janela de programação de lote de OS...
2026-03-31 13:13:31,942 - INFO - ⌛ aguardando janela de programação de lote de OS...
2026-03-31 13:13:52,508 - INFO - ⌛ aguardando janela de programação de lote de OS...
2026-03-31 13:14:13,035 - INFO - ⌛ aguardando janela de programação de lote de OS...
2026-03-31 13:14:33,587 - INFO - ⌛ aguardando janela de programação de lote de OS...
2026-03-31 13:14:54,141 - INFO - ⌛ aguardando janela de programação de lote de OS...
2026-03-31 13:15:14,658 - INFO - ⌛ aguardando janela de programação de lote de OS...
2026-03-31 13:15:35,124 - INFO - ⌛ aguardando janela de programação de lote de OS...
2026-03-31 13:15:55,630 - INFO - ⌛ aguardando janela de programação de lote de OS...
2026-03-31 13:16:16,094 - INFO - ⌛ aguardando janela de programação de lote de OS...
2026-03-31 13:16:36,653 - INFO - ⌛ aguardando janela de programação de lote de OS...
2026-03-31 13:16:57,282 - INFO - ⌛ aguardando janela de programação de lote de OS...
2026-03-31 13:17:17,837 - INFO - ⌛ aguardando janela de programação de lote de OS...
2026-03-31 13:17:38,367 - INFO - ⌛ aguardando janela de programação de lote de OS...
2026-03-31 13:17:58,901 - INFO - ⌛ aguardando janela de programação de lote de OS...
2026-03-31 13:18:19,430 - INFO - ⌛ aguardando janela de programação de lote de OS...
2026-03-31 13:18:39,960 - INFO - ⌛ aguardando janela de programação de lote de OS...
2026-03-31 13:19:00,470 - INFO - ⌛ aguardando janela de programação de lote de OS...
2026-03-31 13:19:20,959 - INFO - ⌛ aguardando janela de programação de lote de OS...
2026-03-31 13:19:41,459 - INFO - ⌛ aguardando janela de programação de lote de OS...
2026-03-31 13:20:01,967 - INFO - ⌛ aguardando janela de programação de lote de OS...
2026-03-31 13:20:22,468 - INFO - ⌛ aguardando janela de programação de lote de OS...
2026-03-31 13:20:42,948 - INFO - ⌛ aguardando janela de programação de lote de OS...
2026-03-31 13:21:03,482 - INFO - ⌛ aguardando janela de programação de lote de OS...
2026-03-31 13:21:24,007 - INFO - ⌛ aguardando janela de programação de lote de OS...
2026-03-31 13:21:44,520 - INFO - ⌛ aguardando janela de programação de lote de OS...
2026-03-31 13:22:05,046 - INFO - ⌛ aguardando janela de programação de lote de OS...
2026-03-31 13:22:25,595 - INFO - ⌛ aguardando janela de programação de lote de OS...
2026-03-31 13:22:46,100 - INFO - ⌛ aguardando janela de programação de lote de OS...
2026-03-31 13:23:06,691 - INFO - ⌛ aguardando janela de programação de lote de OS...
2026-03-31 13:23:27,278 - INFO - ⌛ aguardando janela de programação de lote de OS...
2026-03-31 13:23:47,831 - INFO - ⌛ aguardando janela de programação de lote de OS...
2026-03-31 13:24:08,330 - INFO - ⌛ aguardando janela de programação de lote de OS...
2026-03-31 13:24:28,830 - INFO - ⌛ aguardando janela de programação de lote de OS...
2026-03-31 13:24:49,314 - INFO - ⌛ aguardando janela de programação de lote de OS...
2026-03-31 13:25:09,845 - INFO - ⌛ aguardando janela de programação de lote de OS...
2026-03-31 13:25:30,403 - INFO - ⌛ aguardando janela de programação de lote de OS...
2026-03-31 13:25:50,936 - INFO - ⌛ aguardando janela de programação de lote de OS...
2026-03-31 13:26:11,476 - INFO - ⌛ aguardando janela de programação de lote de OS...
2026-03-31 13:26:32,057 - INFO - ⌛ aguardando janela de programação de lote de OS...
2026-03-31 13:26:52,586 - INFO - ⌛ aguardando janela de programação de lote de OS...
2026-03-31 13:27:13,170 - INFO - ⌛ aguardando janela de programação de lote de OS...
2026-03-31 13:27:33,762 - INFO - ⌛ aguardando janela de programação de lote de OS...
2026-03-31 13:27:54,344 - INFO - ⌛ aguardando janela de programação de lote de OS...
2026-03-31 15:02:19,942 - INFO - Data hoje: 31/03/2026
2026-03-31 15:02:19,943 - INFO - Data de referência: 31/03/2026
2026-03-31 15:03:39,838 - INFO - Qtde OS de LINHA VIVA: 540
2026-03-31 15:03:39,838 - INFO - Qtde OS poda de LINHA MORTA: 324
2026-03-31 15:03:39,840 - INFO - Qtde OS estrutural de LINHA MORTA : 17293
2026-03-31 15:03:39,840 - INFO - Qtde OS poda de LINHA MORTA fora carteira: 402
2026-03-31 15:03:39,840 - INFO - Qtde OS para desprogramar: 163
2026-03-31 15:03:39,840 - INFO - 
 Qtd de lotes de LM: 13
2026-03-31 15:03:39,840 - INFO - 
 Qtd de lotes de LV: 22
2026-03-31 15:03:39,840 - INFO - 
 Qtd de lotes de ESTRUTURAL LM: 692
2026-03-31 15:03:39,840 - INFO - 
 Qtd de lotes de LEVE: 17
2026-03-31 15:03:39,840 - INFO - 
 Qtd de lotes para desprogramar: 7
2026-03-31 15:05:24,423 - INFO - Data hoje: 31/03/2026
2026-03-31 15:05:24,423 - INFO - Data de referência: 31/03/2026
2026-03-31 15:06:57,547 - INFO - Qtde OS de LINHA VIVA: 540
2026-03-31 15:06:57,549 - INFO - Qtde OS poda de LINHA MORTA: 324
2026-03-31 15:06:57,549 - INFO - Qtde OS estrutural de LINHA MORTA : 17293
2026-03-31 15:06:57,549 - INFO - Qtde OS poda de LINHA MORTA fora carteira: 402
2026-03-31 15:06:57,549 - INFO - Qtde OS para desprogramar: 163
2026-03-31 15:06:57,549 - INFO - 
 Qtd de lotes de LM: 13
2026-03-31 15:06:57,550 - INFO - 
 Qtd de lotes de LV: 22
2026-03-31 15:06:57,550 - INFO - 
 Qtd de lotes de ESTRUTURAL LM: 692
2026-03-31 15:06:57,550 - INFO - 
 Qtd de lotes de LEVE: 17
2026-03-31 15:06:57,550 - INFO - 
 Qtd de lotes para desprogramar: 7
2026-03-31 17:48:23,814 - INFO - Data hoje: 31/03/2026
2026-03-31 17:48:23,817 - INFO - Data de referência: 31/03/2026
2026-03-31 17:48:54,616 - INFO - Data hoje: 31/03/2026
2026-03-31 17:48:54,616 - INFO - Data de referência: 31/03/2026
2026-03-31 17:49:59,818 - INFO - Qtde OS de LINHA VIVA: 589
2026-03-31 17:49:59,818 - INFO - Qtde OS poda de LINHA MORTA: 244
2026-03-31 17:49:59,818 - INFO - Qtde OS estrutural de LINHA MORTA : 17293
2026-03-31 17:49:59,818 - INFO - Qtde OS poda de LINHA MORTA fora carteira: 403
2026-03-31 17:49:59,818 - INFO - Qtde OS para desprogramar: 271
2026-03-31 17:49:59,818 - INFO - 
 Qtd de lotes de LM: 10
2026-03-31 17:49:59,818 - INFO - 
 Qtd de lotes de LV: 24
2026-03-31 17:49:59,818 - INFO - 
 Qtd de lotes de ESTRUTURAL LM: 692
2026-03-31 17:49:59,818 - INFO - 
 Qtd de lotes de LEVE: 17
2026-03-31 17:49:59,818 - INFO - 
 Qtd de lotes para desprogramar: 11
2026-03-31 17:49:59,818 - INFO - 
=== Iniciando lote 1/24 [LV] ===
2026-03-31 17:49:59,818 - INFO - 
=== abrir_janela_selecao ===
2026-03-31 17:50:06,159 - INFO - 
=== rotina abrir_selecao_colar_os ===
2026-03-31 17:50:06,299 - INFO - ⌛ Aguardando janela de seleção...
2026-03-31 17:50:16,741 - INFO - Janela de seleção aberta
2026-03-31 17:50:20,988 - INFO - DEBUG: idx=0, inicio=0, fim=25
2026-03-31 17:50:20,988 - INFO - ✅ 25 OS copiadas para a área de transferência.
2026-03-31 17:50:20,988 - INFO - 📋 Lote 1 copiado.
2026-03-31 17:50:29,330 - INFO - ⌛ Esperando mudança visual...
2026-03-31 17:50:30,340 - INFO - ✅ Tela carregada!
2026-03-31 17:50:34,349 - INFO - 
=== rotina desbloquear_os ===
2026-03-31 17:50:40,835 - INFO - ⌛ Aguardando janela de confirmação de desbloqueio...
2026-03-31 17:50:56,216 - INFO - 🟨 Registros desbloqueados com sucesso
2026-03-31 17:51:00,320 - INFO - 
=== rotina editar_os ===
2026-03-31 17:51:09,756 - INFO - 🟨 OS programadas detectadas
2026-03-31 17:51:12,868 - INFO - ⌛ Aguardando janela de edição de OS...
2026-03-31 17:51:28,310 - INFO - 🟨 Janela de edição de OS detectada
2026-03-31 17:51:49,686 - INFO - ⌛ Aguardando detecção da janela de edição de características ...
2026-03-31 17:52:05,103 - INFO - 🟨 Janela de edição de habilidade da turma detectada
2026-03-31 17:53:23,437 - INFO - ⌛ Aguardando detecção do campo de caracteristica 'EQUIPE PRÓPRIA OU EPS' ...
2026-03-31 17:53:42,786 - INFO - 🟨 campo de caracteristica 'EQUIPE PRÓPRIA OU EPS detectado
2026-03-31 17:54:04,608 - INFO - ⌛ Aguardando confirmação 4 - editar OS...
2026-03-31 17:54:20,087 - INFO - ⌛ Aguardando confirmação 4 - editar OS...
2026-03-31 17:54:35,614 - INFO - 🟨 Janela de confirmação 4 de edição de OS detectada
2026-03-31 17:54:39,723 - INFO - 
=== rotina programar_os ===
2026-03-31 17:55:06,253 - INFO - ⌛ Aguardando janela de confirmação de programação de OS...
2026-03-31 17:55:26,651 - INFO - 🟨 Janela de confirmação de programação de OS detectada
2026-03-31 17:55:39,947 - INFO - 🟨 Janela de aviso de edição de OS programadas detectada
2026-03-31 17:55:44,162 - INFO - ⌛ aguardando janela de programação de lote de OS...
2026-03-31 17:56:04,677 - INFO - 🟨 Janela de aviso de substituição de lote de OS detectada
2026-03-31 17:56:10,887 - INFO - ⌛ aguardando janela de programação de lote de OS...
2026-03-31 17:56:31,436 - INFO - 🟨 Janela de programação de lote de OS detectada
2026-03-31 17:57:21,060 - INFO - ⌛ aguardando janela de confirmação de programação de lote de OS...
2026-03-31 17:57:41,633 - INFO - 🟨 Janela de confirmação de programação de lote de OS detectada
2026-03-31 17:57:45,868 - INFO - ⌛ aguardando confirmação final de programação do lote
2026-03-31 17:58:06,359 - INFO - 🟨 programação do lote 1 efetuado com sucesso
2026-03-31 17:58:16,468 - INFO - 
=== Iniciando lote 2/24 [LV] ===
2026-03-31 17:58:16,468 - INFO - 
=== abrir_janela_selecao ===
2026-03-31 17:58:22,776 - INFO - 
=== rotina abrir_selecao_colar_os ===
2026-03-31 17:58:22,835 - INFO - Janela de seleção aberta
2026-03-31 17:58:27,078 - INFO - DEBUG: idx=1, inicio=25, fim=50
2026-03-31 17:58:27,078 - INFO - ✅ 25 OS copiadas para a área de transferência.
2026-03-31 17:58:27,078 - INFO - 📋 Lote 2 copiado.
2026-03-31 17:58:35,399 - INFO - ⌛ Esperando mudança visual...
2026-03-31 17:58:36,411 - INFO - ⌛ Esperando mudança visual...
2026-03-31 17:58:37,429 - INFO - ⌛ Esperando mudança visual...
2026-03-31 17:58:38,449 - INFO - ⌛ Esperando mudança visual...
2026-03-31 17:58:39,466 - INFO - ⌛ Esperando mudança visual...
2026-03-31 17:58:40,482 - INFO - ⌛ Esperando mudança visual...
2026-03-31 17:58:41,489 - INFO - ⌛ Esperando mudança visual...
2026-03-31 17:58:42,508 - INFO - ⌛ Esperando mudança visual...
2026-03-31 17:58:43,526 - INFO - ⌛ Esperando mudança visual...
2026-03-31 17:58:44,543 - INFO - ⌛ Esperando mudança visual...
2026-03-31 17:58:45,559 - INFO - ⌛ Esperando mudança visual...
2026-03-31 17:58:46,575 - INFO - ⌛ Esperando mudança visual...
2026-03-31 17:58:47,587 - INFO - ✅ Tela carregada!
2026-03-31 17:58:51,592 - INFO - 
=== rotina desbloquear_os ===
2026-03-31 17:58:58,085 - INFO - ⌛ Aguardando janela de confirmação de desbloqueio...
2026-03-31 17:59:13,553 - INFO - 🟨 Registros desbloqueados com sucesso
2026-03-31 17:59:17,657 - INFO - 
=== rotina editar_os ===
2026-03-31 17:59:27,091 - INFO - ⌛ Aguardando janela de edição de OS...
2026-03-31 17:59:42,580 - INFO - 🟨 OS programadas detectadas
2026-03-31 17:59:45,688 - INFO - ⌛ Aguardando janela de edição de OS...
2026-03-31 18:00:01,132 - INFO - 🟨 Janela de edição de OS detectada
2026-03-31 18:00:22,481 - INFO - 🟨 Janela de edição de habilidade da turma detectada
2026-03-31 18:01:40,808 - INFO - ⌛ Aguardando detecção do campo de caracteristica 'EQUIPE PRÓPRIA OU EPS' ...
2026-03-31 18:02:00,166 - INFO - 🟨 campo de caracteristica 'EQUIPE PRÓPRIA OU EPS detectado
2026-03-31 18:02:22,007 - INFO - ⌛ Aguardando confirmação 4 - editar OS...
2026-03-31 18:02:37,578 - INFO - ⌛ Aguardando confirmação 4 - editar OS...
2026-03-31 18:02:53,104 - INFO - ⌛ Aguardando confirmação 4 - editar OS...
2026-03-31 18:03:08,621 - INFO - 🟨 Janela de confirmação 4 de edição de OS detectada
2026-03-31 18:03:12,737 - INFO - 
=== rotina programar_os ===
2026-03-31 18:03:39,267 - INFO - ⌛ Aguardando janela de confirmação de programação de OS...
2026-03-31 18:03:59,645 - INFO - 🟨 Janela de confirmação de programação de OS detectada
2026-03-31 18:04:12,909 - INFO - 🟨 Janela de aviso de edição de OS programadas detectada
2026-03-31 18:04:17,122 - INFO - ⌛ aguardando janela de programação de lote de OS...
2026-03-31 18:04:37,645 - INFO - 🟨 Janela de aviso de substituição de lote de OS detectada
2026-03-31 18:04:43,860 - INFO - ⌛ aguardando janela de programação de lote de OS...
2026-03-31 18:05:04,372 - INFO - 🟨 Janela de programação de lote de OS detectada
2026-03-31 18:05:53,921 - INFO - 🟨 Janela de confirmação de programação de lote de OS detectada
2026-03-31 18:05:58,157 - INFO - ⌛ aguardando confirmação final de programação do lote
2026-03-31 18:06:18,647 - INFO - 🟨 programação do lote 2 efetuado com sucesso
2026-03-31 18:06:28,753 - INFO - 
=== Iniciando lote 3/24 [LV] ===
2026-03-31 18:06:28,753 - INFO - 
=== abrir_janela_selecao ===
2026-03-31 18:06:35,060 - INFO - 
=== rotina abrir_selecao_colar_os ===
2026-03-31 18:06:35,130 - INFO - Janela de seleção aberta
2026-03-31 18:06:39,386 - INFO - DEBUG: idx=2, inicio=50, fim=75
2026-03-31 18:06:39,386 - INFO - ✅ 25 OS copiadas para a área de transferência.
2026-03-31 18:06:39,386 - INFO - 📋 Lote 3 copiado.
2026-03-31 18:06:47,717 - INFO - ⌛ Esperando mudança visual...
2026-03-31 18:06:48,727 - INFO - ⌛ Esperando mudança visual...
2026-03-31 18:06:49,744 - INFO - ⌛ Esperando mudança visual...
2026-03-31 18:06:50,763 - INFO - ⌛ Esperando mudança visual...
2026-03-31 18:06:51,781 - INFO - ⌛ Esperando mudança visual...
2026-03-31 18:06:52,790 - INFO - ⌛ Esperando mudança visual...
2026-03-31 18:06:53,806 - INFO - ⌛ Esperando mudança visual...
2026-03-31 18:06:54,819 - INFO - ⌛ Esperando mudança visual...
2026-03-31 18:06:55,836 - INFO - ⌛ Esperando mudança visual...
2026-03-31 18:06:56,859 - INFO - ⌛ Esperando mudança visual...
2026-03-31 18:06:57,873 - INFO - ⌛ Esperando mudança visual...
2026-03-31 18:06:58,893 - INFO - ✅ Tela carregada!
2026-03-31 18:07:02,895 - INFO - 
=== rotina desbloquear_os ===
2026-03-31 18:07:09,369 - INFO - ⌛ Aguardando janela de confirmação de desbloqueio...
2026-03-31 18:07:24,811 - INFO - 🟨 Registros desbloqueados com sucesso
2026-03-31 18:07:28,923 - INFO - 
=== rotina editar_os ===
2026-03-31 18:07:38,325 - INFO - ⌛ Aguardando janela de edição de OS...
2026-03-31 18:07:53,798 - INFO - 🟨 OS programadas detectadas
2026-03-31 18:07:56,902 - INFO - ⌛ Aguardando janela de edição de OS...
2026-03-31 18:08:12,372 - INFO - 🟨 Janela de edição de OS detectada
2026-03-31 18:08:33,736 - INFO - 🟨 Janela de edição de habilidade da turma detectada
2026-03-31 18:09:52,069 - INFO - ⌛ Aguardando detecção do campo de caracteristica 'EQUIPE PRÓPRIA OU EPS' ...
2026-03-31 18:10:11,432 - INFO - 🟨 campo de caracteristica 'EQUIPE PRÓPRIA OU EPS detectado
2026-03-31 18:10:33,241 - INFO - ⌛ Aguardando confirmação 4 - editar OS...
2026-03-31 18:10:48,689 - INFO - ⌛ Aguardando confirmação 4 - editar OS...
2026-03-31 18:11:04,177 - INFO - ⌛ Aguardando confirmação 4 - editar OS...
2026-03-31 18:11:19,680 - INFO - 🟨 Janela de confirmação 4 de edição de OS detectada
2026-03-31 18:11:23,783 - INFO - 
=== rotina programar_os ===
2026-03-31 18:11:50,324 - INFO - ⌛ Aguardando janela de confirmação de programação de OS...
2026-03-31 18:12:10,719 - INFO - 🟨 Janela de confirmação de programação de OS detectada
2026-03-31 18:12:23,994 - INFO - 🟨 Janela de aviso de edição de OS programadas detectada
2026-03-31 18:12:28,207 - INFO - ⌛ aguardando janela de programação de lote de OS...
2026-03-31 18:12:48,725 - INFO - 🟨 Janela de aviso de substituição de lote de OS detectada
2026-03-31 18:12:54,931 - INFO - ⌛ aguardando janela de programação de lote de OS...
2026-03-31 18:13:15,437 - INFO - 🟨 Janela de programação de lote de OS detectada
2026-03-31 18:14:04,978 - INFO - 🟨 Janela de confirmação de programação de lote de OS detectada
2026-03-31 18:14:09,210 - INFO - ⌛ aguardando confirmação final de programação do lote
2026-03-31 18:14:29,710 - INFO - ⌛ aguardando confirmação final de programação do lote
2026-03-31 18:14:29,970 - INFO - 🟨 Identificado falha no EQM
2026-03-31 18:14:29,970 - INFO - Capturando print...
2026-03-31 18:15:00,219 - INFO - ⌛ aguardando janela de confirmação de programação de lote de OS...
2026-03-31 18:15:20,710 - INFO - ⌛ aguardando janela de confirmação de programação de lote de OS...
2026-03-31 18:15:41,165 - INFO - ⌛ aguardando janela de confirmação de programação de lote de OS...
2026-03-31 18:16:01,656 - INFO - ⌛ aguardando janela de confirmação de programação de lote de OS...
2026-03-31 18:16:22,156 - INFO - ⌛ aguardando janela de confirmação de programação de lote de OS...
2026-03-31 18:16:42,647 - INFO - ⌛ aguardando janela de confirmação de programação de lote de OS...
2026-03-31 18:17:03,143 - INFO - ⌛ aguardando janela de confirmação de programação de lote de OS...
2026-03-31 18:17:23,648 - INFO - ⌛ aguardando janela de confirmação de programação de lote de OS...
2026-03-31 18:17:44,156 - INFO - ⌛ aguardando janela de confirmação de programação de lote de OS...
2026-03-31 18:18:04,647 - INFO - ⌛ aguardando janela de confirmação de programação de lote de OS...
2026-03-31 18:18:25,145 - INFO - ⌛ aguardando janela de confirmação de programação de lote de OS...
2026-03-31 18:18:45,599 - INFO - ⌛ aguardando janela de confirmação de programação de lote de OS...
2026-03-31 18:19:06,058 - INFO - ⌛ aguardando janela de confirmação de programação de lote de OS...
2026-03-31 18:19:26,549 - INFO - ⌛ aguardando janela de confirmação de programação de lote de OS...
2026-03-31 18:19:47,014 - INFO - ⌛ aguardando janela de confirmação de programação de lote de OS...
2026-03-31 18:20:07,516 - INFO - ⌛ aguardando janela de confirmação de programação de lote de OS...
2026-03-31 18:20:27,983 - INFO - ⌛ aguardando janela de confirmação de programação de lote de OS...
2026-03-31 18:20:48,458 - INFO - ⌛ aguardando janela de confirmação de programação de lote de OS...
2026-03-31 18:21:08,969 - INFO - ⌛ aguardando janela de confirmação de programação de lote de OS...
2026-03-31 18:21:29,525 - INFO - ⌛ aguardando janela de confirmação de programação de lote de OS...
2026-03-31 18:21:50,051 - INFO - ⌛ aguardando janela de confirmação de programação de lote de OS...
2026-03-31 18:22:10,552 - INFO - ⌛ aguardando janela de confirmação de programação de lote de OS...
2026-03-31 18:22:31,039 - INFO - ⌛ aguardando janela de confirmação de programação de lote de OS...
2026-03-31 18:22:51,588 - INFO - ⌛ aguardando janela de confirmação de programação de lote de OS...
2026-03-31 18:23:12,170 - INFO - ⌛ aguardando janela de confirmação de programação de lote de OS...
2026-03-31 18:23:32,661 - INFO - ⌛ aguardando janela de confirmação de programação de lote de OS...
2026-03-31 18:23:53,171 - INFO - ⌛ aguardando janela de confirmação de programação de lote de OS...
2026-03-31 18:24:13,660 - INFO - ⌛ aguardando janela de confirmação de programação de lote de OS...
2026-03-31 18:24:34,183 - INFO - ⌛ aguardando janela de confirmação de programação de lote de OS...
2026-03-31 18:24:54,681 - INFO - ⌛ aguardando janela de confirmação de programação de lote de OS...
2026-03-31 18:25:15,166 - INFO - ⌛ aguardando janela de confirmação de programação de lote de OS...
2026-03-31 18:25:35,650 - INFO - ⌛ aguardando janela de confirmação de programação de lote de OS...
2026-03-31 18:25:56,136 - INFO - ⌛ aguardando janela de confirmação de programação de lote de OS...
2026-03-31 18:26:16,614 - INFO - ⌛ aguardando janela de confirmação de programação de lote de OS...
2026-03-31 18:26:37,166 - INFO - ⌛ aguardando janela de confirmação de programação de lote de OS...
2026-03-31 18:26:57,726 - INFO - ⌛ aguardando janela de confirmação de programação de lote de OS...
2026-03-31 18:27:18,207 - INFO - ⌛ aguardando janela de confirmação de programação de lote de OS...
2026-03-31 18:27:38,711 - INFO - ⌛ aguardando janela de confirmação de programação de lote de OS...
2026-03-31 18:27:59,236 - INFO - ⌛ aguardando janela de confirmação de programação de lote de OS...
2026-03-31 18:28:19,754 - INFO - ⌛ aguardando janela de confirmação de programação de lote de OS...
2026-03-31 18:28:40,278 - INFO - ⌛ aguardando janela de confirmação de programação de lote de OS...
2026-03-31 18:29:00,827 - INFO - ⌛ aguardando janela de confirmação de programação de lote de OS...
2026-03-31 18:29:21,326 - INFO - ⌛ aguardando janela de confirmação de programação de lote de OS...
2026-03-31 18:29:41,921 - INFO - ⌛ aguardando janela de confirmação de programação de lote de OS...
2026-03-31 18:30:02,419 - INFO - ⌛ aguardando janela de confirmação de programação de lote de OS...
2026-03-31 18:30:22,922 - INFO - ⌛ aguardando janela de confirmação de programação de lote de OS...
2026-03-31 18:30:43,418 - INFO - ⌛ aguardando janela de confirmação de programação de lote de OS...
2026-03-31 18:31:03,892 - INFO - ⌛ aguardando janela de confirmação de programação de lote de OS...
2026-03-31 18:31:24,411 - INFO - ⌛ aguardando janela de confirmação de programação de lote de OS...
2026-03-31 18:31:44,903 - INFO - ⌛ aguardando janela de confirmação de programação de lote de OS...
2026-03-31 18:32:05,380 - INFO - ⌛ aguardando janela de confirmação de programação de lote de OS...
2026-03-31 18:32:25,849 - INFO - ⌛ aguardando janela de confirmação de programação de lote de OS...
2026-03-31 18:32:46,337 - INFO - ⌛ aguardando janela de confirmação de programação de lote de OS...
2026-03-31 18:33:06,822 - INFO - ⌛ aguardando janela de confirmação de programação de lote de OS...
2026-03-31 18:33:27,317 - INFO - ⌛ aguardando janela de confirmação de programação de lote de OS...
2026-03-31 18:33:47,809 - INFO - ⌛ aguardando janela de confirmação de programação de lote de OS...
2026-03-31 18:34:08,320 - INFO - ⌛ aguardando janela de confirmação de programação de lote de OS...
2026-03-31 18:34:28,793 - INFO - ⌛ aguardando janela de confirmação de programação de lote de OS...
2026-03-31 18:34:49,316 - INFO - ⌛ aguardando janela de confirmação de programação de lote de OS...
2026-03-31 18:35:09,866 - INFO - ⌛ aguardando janela de confirmação de programação de lote de OS...
2026-03-31 18:35:30,304 - INFO - ⌛ aguardando janela de confirmação de programação de lote de OS...
2026-03-31 18:35:50,747 - INFO - ⌛ aguardando janela de confirmação de programação de lote de OS...
2026-03-31 18:36:11,176 - INFO - ⌛ aguardando janela de confirmação de programação de lote de OS...
2026-03-31 18:36:31,598 - INFO - ⌛ aguardando janela de confirmação de programação de lote de OS...
2026-03-31 18:36:52,045 - INFO - ⌛ aguardando janela de confirmação de programação de lote de OS...
2026-03-31 18:37:12,477 - INFO - ⌛ aguardando janela de confirmação de programação de lote de OS...
2026-03-31 18:37:32,895 - INFO - ⌛ aguardando janela de confirmação de programação de lote de OS...
2026-03-31 18:37:53,308 - INFO - ⌛ aguardando janela de confirmação de programação de lote de OS...
2026-03-31 18:38:13,739 - INFO - ⌛ aguardando janela de confirmação de programação de lote de OS...
2026-03-31 18:38:34,186 - INFO - ⌛ aguardando janela de confirmação de programação de lote de OS...
2026-03-31 18:38:54,637 - INFO - ⌛ aguardando janela de confirmação de programação de lote de OS...
2026-03-31 18:39:15,107 - INFO - ⌛ aguardando janela de confirmação de programação de lote de OS...
2026-03-31 18:39:35,658 - INFO - ⌛ aguardando janela de confirmação de programação de lote de OS...
2026-03-31 18:39:56,065 - INFO - ⌛ aguardando janela de confirmação de programação de lote de OS...
2026-03-31 18:40:16,481 - INFO - ⌛ aguardando janela de confirmação de programação de lote de OS...
2026-03-31 18:40:36,900 - INFO - ⌛ aguardando janela de confirmação de programação de lote de OS...
2026-03-31 18:40:57,332 - INFO - ⌛ aguardando janela de confirmação de programação de lote de OS...
2026-03-31 18:41:17,753 - INFO - ⌛ aguardando janela de confirmação de programação de lote de OS...
2026-03-31 18:41:38,173 - INFO - ⌛ aguardando janela de confirmação de programação de lote de OS...
2026-03-31 18:41:58,610 - INFO - ⌛ aguardando janela de confirmação de programação de lote de OS...
2026-03-31 18:42:19,022 - INFO - ⌛ aguardando janela de confirmação de programação de lote de OS...
2026-03-31 18:42:39,437 - INFO - ⌛ aguardando janela de confirmação de programação de lote de OS...
2026-03-31 18:42:59,918 - INFO - ⌛ aguardando janela de confirmação de programação de lote de OS...
2026-03-31 18:43:20,389 - INFO - ⌛ aguardando janela de confirmação de programação de lote de OS...
2026-03-31 18:43:40,851 - INFO - ⌛ aguardando janela de confirmação de programação de lote de OS...
2026-03-31 18:44:01,276 - INFO - ⌛ aguardando janela de confirmação de programação de lote de OS...
2026-03-31 18:44:21,702 - INFO - ⌛ aguardando janela de confirmação de programação de lote de OS...
2026-03-31 18:44:42,126 - INFO - ⌛ aguardando janela de confirmação de programação de lote de OS...
2026-03-31 18:45:02,585 - INFO - verificando janela oculta
2026-03-31 18:45:23,071 - INFO - ⏱️ Tempo limite atingido. Abortando seleção
2026-03-31 18:45:23,071 - INFO - Capturando print...
2026-03-31 18:45:38,640 - INFO - Data hoje: 31/03/2026
2026-03-31 18:45:38,640 - INFO - Data de referência: 31/03/2026
2026-03-31 18:46:49,294 - INFO - Qtde OS de LINHA VIVA: 589
2026-03-31 18:46:49,294 - INFO - Qtde OS poda de LINHA MORTA: 244
2026-03-31 18:46:49,294 - INFO - Qtde OS estrutural de LINHA MORTA : 17293
2026-03-31 18:46:49,294 - INFO - Qtde OS poda de LINHA MORTA fora carteira: 403
2026-03-31 18:46:49,294 - INFO - Qtde OS para desprogramar: 271
2026-03-31 18:46:49,294 - INFO - 
 Qtd de lotes de LM: 10
2026-03-31 18:46:49,294 - INFO - 
 Qtd de lotes de LV: 24
2026-03-31 18:46:49,294 - INFO - 
 Qtd de lotes de ESTRUTURAL LM: 692
2026-03-31 18:46:49,294 - INFO - 
 Qtd de lotes de LEVE: 17
2026-03-31 18:46:49,294 - INFO - 
 Qtd de lotes para desprogramar: 11
2026-03-31 18:46:49,294 - INFO - 
=== Iniciando lote 1/24 [LV] ===
2026-03-31 18:46:49,294 - INFO - 
=== abrir_janela_selecao ===
2026-03-31 18:46:55,612 - INFO - 
=== rotina abrir_selecao_colar_os ===
2026-03-31 18:46:55,684 - INFO - ⌛ Aguardando janela de seleção...
2026-03-31 18:47:06,114 - INFO - ⌛ Aguardando janela de seleção...
2026-03-31 18:47:16,514 - INFO - ⌛ Aguardando janela de seleção...
2026-03-31 18:47:26,923 - INFO - ⌛ Aguardando janela de seleção...
2026-03-31 18:47:37,335 - INFO - ⌛ Aguardando janela de seleção...
2026-03-31 18:47:47,774 - INFO - ⌛ Aguardando janela de seleção...
2026-03-31 18:47:58,159 - INFO - ⌛ Aguardando janela de seleção...
2026-03-31 18:48:08,562 - INFO - ⌛ Aguardando janela de seleção...
2026-03-31 18:48:18,945 - INFO - ⌛ Aguardando janela de seleção...
2026-03-31 18:48:29,344 - INFO - ⌛ Aguardando janela de seleção...
2026-03-31 18:48:39,747 - INFO - ⌛ Aguardando janela de seleção...
2026-03-31 18:48:50,159 - INFO - ⌛ Aguardando janela de seleção...
2026-03-31 18:49:00,572 - INFO - ⌛ Aguardando janela de seleção...
2026-03-31 18:49:10,989 - INFO - ⌛ Aguardando janela de seleção...
2026-03-31 18:49:21,409 - INFO - ⌛ Aguardando janela de seleção...
2026-03-31 18:49:31,846 - INFO - ⌛ Aguardando janela de seleção...
2026-03-31 18:49:42,264 - INFO - ⌛ Aguardando janela de seleção...
2026-03-31 18:49:52,684 - INFO - ⌛ Aguardando janela de seleção...
2026-03-31 18:50:03,127 - INFO - ⌛ Aguardando janela de seleção...
2026-03-31 18:50:13,552 - INFO - ⌛ Aguardando janela de seleção...
2026-03-31 18:50:23,943 - INFO - ⌛ Aguardando janela de seleção...
2026-03-31 18:50:34,360 - INFO - ⌛ Aguardando janela de seleção...
2026-03-31 18:50:44,739 - INFO - ⌛ Aguardando janela de seleção...
2026-03-31 18:50:55,194 - INFO - ⌛ Aguardando janela de seleção...
2026-03-31 18:51:05,582 - INFO - ⌛ Aguardando janela de seleção...
2026-03-31 18:51:15,991 - INFO - ⌛ Aguardando janela de seleção...
2026-03-31 18:51:26,398 - INFO - ⌛ Aguardando janela de seleção...
2026-03-31 18:51:36,821 - INFO - ⌛ Aguardando janela de seleção...
2026-03-31 18:51:47,243 - INFO - ⌛ Aguardando janela de seleção...
2026-03-31 18:51:57,626 - INFO - ⌛ Aguardando janela de seleção...
2026-03-31 18:52:08,025 - INFO - ⌛ Aguardando janela de seleção...
2026-03-31 18:52:18,446 - INFO - ⌛ Aguardando janela de seleção...
2026-03-31 18:52:28,829 - INFO - ⌛ Aguardando janela de seleção...
2026-03-31 18:52:39,239 - INFO - ⌛ Aguardando janela de seleção...
2026-03-31 18:52:49,680 - INFO - ⌛ Aguardando janela de seleção...
2026-03-31 18:53:00,104 - INFO - ⌛ Aguardando janela de seleção...
2026-03-31 18:53:10,511 - INFO - ⌛ Aguardando janela de seleção...
2026-03-31 18:53:20,893 - INFO - ⌛ Aguardando janela de seleção...
2026-03-31 18:53:31,307 - INFO - ⌛ Aguardando janela de seleção...
2026-03-31 18:53:41,714 - INFO - ⌛ Aguardando janela de seleção...
2026-03-31 18:53:52,138 - INFO - ⌛ Aguardando janela de seleção...
2026-03-31 18:54:02,543 - INFO - ⌛ Aguardando janela de seleção...
2026-03-31 18:54:12,938 - INFO - ⌛ Aguardando janela de seleção...
2026-03-31 18:54:23,349 - INFO - ⌛ Aguardando janela de seleção...
2026-03-31 18:54:33,794 - INFO - ⌛ Aguardando janela de seleção...
2026-03-31 18:54:44,203 - INFO - ⌛ Aguardando janela de seleção...
2026-03-31 18:54:54,606 - INFO - ⌛ Aguardando janela de seleção...
2026-03-31 18:55:05,020 - INFO - ⌛ Aguardando janela de seleção...
2026-03-31 18:55:15,437 - INFO - ⌛ Aguardando janela de seleção...
2026-03-31 18:55:25,861 - INFO - ⌛ Aguardando janela de seleção...
2026-03-31 18:55:36,269 - INFO - ⌛ Aguardando janela de seleção...
2026-03-31 18:55:46,691 - INFO - ⌛ Aguardando janela de seleção...
2026-03-31 18:55:57,112 - INFO - ⌛ Aguardando janela de seleção...
2026-03-31 18:56:07,548 - INFO - ⌛ Aguardando janela de seleção...
2026-03-31 18:56:18,004 - INFO - ⌛ Aguardando janela de seleção...
2026-03-31 18:56:28,400 - INFO - ⌛ Aguardando janela de seleção...
2026-03-31 18:56:38,803 - INFO - ⌛ Aguardando janela de seleção...
2026-03-31 18:56:49,222 - INFO - ⌛ Aguardando janela de seleção...
2026-03-31 18:56:59,622 - INFO - verificando janela oculta
2026-03-31 18:57:20,109 - INFO - ⏱️ Tempo limite atingido. Abortando seleção
2026-03-31 18:57:20,109 - INFO - Capturando print...
