2026-05-04 11:14:07,477 - INFO - Data hoje: 04/05/2026
2026-05-04 11:14:07,477 - INFO - Data de referência: 31/05/2026
2026-05-04 11:16:14,931 - INFO - Qtde OS de LINHA VIVA: 3239
2026-05-04 11:16:14,931 - INFO - Qtde OS poda de LINHA MORTA: 1230
2026-05-04 11:16:14,931 - INFO - Qtde OS estrutural de LINHA MORTA : 17181
2026-05-04 11:16:14,931 - INFO - Qtde OS poda de LINHA MORTA fora carteira: 730
2026-05-04 11:16:14,931 - INFO - Qtde OS para desprogramar: 1906
2026-05-04 11:16:14,932 - INFO - 
 Qtd de lotes de LM: 50
2026-05-04 11:16:14,932 - INFO - 
 Qtd de lotes de LV: 130
2026-05-04 11:16:14,935 - INFO - 
 Qtd de lotes de ESTRUTURAL LM: 688
2026-05-04 11:16:14,935 - INFO - 
 Qtd de lotes de LEVE: 30
2026-05-04 11:16:14,935 - INFO - 
 Qtd de lotes para desprogramar: 77
2026-05-04 11:16:14,936 - INFO - 
=== Iniciando lote 1/50 [LM] ===
2026-05-04 11:16:14,936 - INFO - 
=== abrir_janela_selecao ===
2026-05-04 11:16:21,256 - INFO - 
=== rotina abrir_selecao_colar_os ===
2026-05-04 11:16:21,403 - INFO - ⌛ Aguardando janela de seleção...
2026-05-04 11:16:31,888 - INFO - ⌛ Aguardando janela de seleção...
2026-05-04 11:16:32,076 - INFO - 🟨 Identificado travamento no EQM, reiniciando contador de espera
2026-05-04 11:16:42,405 - INFO - ⌛ Aguardando janela de seleção...
2026-05-04 11:16:42,538 - INFO - 🟨 Identificado travamento no EQM, reiniciando contador de espera
2026-05-04 11:16:52,849 - INFO - ⌛ Aguardando janela de seleção...
2026-05-04 11:17:03,269 - INFO - Janela de seleção aberta
2026-05-04 11:17:07,503 - INFO - DEBUG: idx=0, inicio=0, fim=25
2026-05-04 11:17:07,503 - INFO - ✅ 25 OS copiadas para a área de transferência.
2026-05-04 11:17:07,503 - INFO - 📋 Lote 1 copiado.
2026-05-04 11:17:15,829 - INFO - ✅ Tela carregada!
2026-05-04 11:17:19,831 - INFO - 
=== rotina desbloquear_os ===
2026-05-04 11:17:26,306 - INFO - ⌛ Aguardando janela de confirmação de desbloqueio...
2026-05-04 11:17:26,442 - INFO - 🟨 Identificado travamento no EQM, reiniciando contador de espera
2026-05-04 11:17:41,720 - INFO - ⌛ Aguardando janela de confirmação de desbloqueio...
2026-05-04 11:17:41,864 - INFO - 🟨 Identificado travamento no EQM, reiniciando contador de espera
2026-05-04 11:17:57,159 - INFO - ⌛ Aguardando janela de confirmação de desbloqueio...
2026-05-04 11:18:12,612 - INFO - ⌛ Aguardando janela de confirmação de desbloqueio...
2026-05-04 11:18:28,096 - INFO - ⌛ Aguardando janela de confirmação de desbloqueio...
2026-05-04 11:18:43,557 - INFO - ⌛ Aguardando janela de confirmação de desbloqueio...
2026-05-04 11:18:59,036 - INFO - ⌛ Aguardando janela de confirmação de desbloqueio...
2026-05-04 11:19:14,539 - INFO - ⌛ Aguardando janela de confirmação de desbloqueio...
2026-05-04 11:19:29,607 - INFO - Data hoje: 04/05/2026
2026-05-04 11:19:29,608 - INFO - Data de referência: 31/05/2026
2026-05-04 11:21:19,635 - INFO - Qtde OS de LINHA VIVA: 3239
2026-05-04 11:21:19,635 - INFO - Qtde OS poda de LINHA MORTA: 1229
2026-05-04 11:21:19,635 - INFO - Qtde OS estrutural de LINHA MORTA : 17181
2026-05-04 11:21:19,635 - INFO - Qtde OS poda de LINHA MORTA fora carteira: 730
2026-05-04 11:21:19,635 - INFO - Qtde OS para desprogramar: 1905
2026-05-04 11:21:19,636 - INFO - 
 Qtd de lotes de LM: 50
2026-05-04 11:21:19,636 - INFO - 
 Qtd de lotes de LV: 130
2026-05-04 11:21:19,636 - INFO - 
 Qtd de lotes de ESTRUTURAL LM: 688
2026-05-04 11:21:19,636 - INFO - 
 Qtd de lotes de LEVE: 30
2026-05-04 11:21:19,636 - INFO - 
 Qtd de lotes para desprogramar: 77
2026-05-04 11:21:19,636 - INFO - 
=== Iniciando lote 1/50 [LM] ===
2026-05-04 11:21:19,636 - INFO - 
=== abrir_janela_selecao ===
2026-05-04 11:21:25,961 - INFO - 
=== rotina abrir_selecao_colar_os ===
2026-05-04 11:21:26,064 - INFO - ⌛ Aguardando janela de seleção...
2026-05-04 11:21:36,610 - INFO - Janela de seleção aberta
2026-05-04 11:21:40,874 - INFO - DEBUG: idx=0, inicio=0, fim=25
2026-05-04 11:21:40,874 - INFO - ✅ 25 OS copiadas para a área de transferência.
2026-05-04 11:21:40,874 - INFO - 📋 Lote 1 copiado.
2026-05-04 11:21:49,196 - INFO - ⌛ Esperando mudança visual...
2026-05-04 11:21:50,215 - INFO - ⌛ Esperando mudança visual...
2026-05-04 11:21:51,229 - INFO - ⌛ Esperando mudança visual...
2026-05-04 11:21:52,244 - INFO - ✅ Tela carregada!
2026-05-04 11:21:56,245 - INFO - 
=== rotina desbloquear_os ===
2026-05-04 11:22:02,718 - INFO - ⌛ Aguardando janela de confirmação de desbloqueio...
2026-05-04 11:22:18,206 - INFO - ⌛ Aguardando janela de confirmação de desbloqueio...
2026-05-04 11:22:33,692 - INFO - ⌛ Aguardando janela de confirmação de desbloqueio...
2026-05-04 11:22:33,852 - INFO - 🟨 Identificado travamento no EQM, reiniciando contador de espera
2026-05-04 11:22:49,192 - INFO - ⌛ Aguardando janela de confirmação de desbloqueio...
2026-05-04 11:22:49,412 - INFO - 🟨 Identificado travamento no EQM, reiniciando contador de espera
2026-05-04 11:23:04,797 - INFO - ⌛ Aguardando janela de confirmação de desbloqueio...
2026-05-04 11:23:05,018 - INFO - 🟨 Identificado travamento no EQM, reiniciando contador de espera
2026-05-04 11:23:20,376 - INFO - 🟨 Registros desbloqueados com sucesso
2026-05-04 11:23:24,479 - INFO - 
=== rotina editar_os ===
2026-05-04 11:23:33,968 - INFO - ⌛ Aguardando janela de edição de OS...
2026-05-04 11:23:49,633 - INFO - ⌛ Aguardando janela de edição de OS...
2026-05-04 11:23:49,802 - INFO - 🟨 Identificado travamento no EQM, reiniciando contador de espera
2026-05-04 11:24:05,176 - INFO - ⌛ Aguardando janela de edição de OS...
2026-05-04 11:24:05,316 - INFO - 🟨 Identificado travamento no EQM, reiniciando contador de espera
2026-05-04 11:24:20,695 - INFO - 🟨 OS programadas detectadas
2026-05-04 11:24:23,812 - INFO - ⌛ Aguardando janela de edição de OS...
2026-05-04 11:24:39,544 - INFO - 🟨 Janela de edição de OS detectada
2026-05-04 11:25:01,032 - INFO - ⌛ Aguardando detecção da janela de edição de características ...
2026-05-04 11:25:17,128 - INFO - 🟨 Janela de edição de habilidade da turma detectada
2026-05-04 11:26:35,646 - INFO - ⌛ Aguardando detecção do campo de caracteristica 'EQUIPE PRÓPRIA OU EPS' ...
2026-05-04 11:26:55,127 - INFO - 🟨 campo de caracteristica 'EQUIPE PRÓPRIA OU EPS detectado
2026-05-04 11:27:17,384 - INFO - ⌛ Aguardando confirmação 4 - editar OS...
2026-05-04 11:27:33,813 - INFO - ⌛ Aguardando confirmação 4 - editar OS...
2026-05-04 11:27:34,258 - INFO - 🟨 Identificado travamento no EQM, reiniciando contador de espera
2026-05-04 11:27:50,086 - INFO - ⌛ Aguardando confirmação 4 - editar OS...
2026-05-04 11:28:06,400 - INFO - ⌛ Aguardando confirmação 4 - editar OS...
2026-05-04 11:28:22,722 - INFO - 🟨 Janela de confirmação 4 de edição de OS detectada
2026-05-04 11:28:26,841 - INFO - 
=== rotina programar_os ===
2026-05-04 11:28:53,630 - INFO - ⌛ Aguardando janela de confirmação de programação de OS...
2026-05-04 11:29:20,021 - INFO - 🟨 Janela de confirmação de programação de OS detectada
2026-05-04 11:29:33,691 - INFO - 🟨 Janela de aviso de edição de OS programadas detectada
2026-05-04 11:29:40,900 - INFO - ⌛ aguardando janela de programação de lote de OS...
2026-05-04 11:30:07,692 - INFO - 🟨 Janela de aviso de substituição de lote de OS detectada
2026-05-04 11:30:27,803 - INFO - ⌛ aguardando janela de programação de lote de OS...
2026-05-04 11:30:54,207 - INFO - 🟨 Janela de programação de lote de OS detectada
2026-05-04 11:31:44,167 - INFO - ⌛ aguardando janela de confirmação de programação de lote de OS...
2026-05-04 11:32:10,449 - INFO - 🟨 Janela de confirmação de programação de lote de OS detectada
2026-05-04 11:32:14,894 - INFO - ⌛ aguardando confirmação final de programação do lote
2026-05-04 11:32:41,154 - INFO - 🟨 programação do lote 1 efetuado com sucesso
2026-05-04 11:32:51,261 - INFO - 
=== Iniciando lote 2/50 [LM] ===
2026-05-04 11:32:51,262 - INFO - 
=== abrir_janela_selecao ===
2026-05-04 11:32:57,597 - INFO - 
=== rotina abrir_selecao_colar_os ===
2026-05-04 11:32:57,809 - INFO - Janela de seleção aberta
2026-05-04 11:33:02,110 - INFO - DEBUG: idx=1, inicio=25, fim=50
2026-05-04 11:33:02,110 - INFO - ✅ 25 OS copiadas para a área de transferência.
2026-05-04 11:33:02,110 - INFO - 📋 Lote 2 copiado.
2026-05-04 11:33:10,479 - INFO - ⌛ Esperando mudança visual...
2026-05-04 11:33:11,492 - INFO - ⌛ Esperando mudança visual...
2026-05-04 11:33:12,507 - INFO - ⌛ Esperando mudança visual...
2026-05-04 11:33:13,525 - INFO - ⌛ Esperando mudança visual...
2026-05-04 11:33:14,550 - INFO - ⌛ Esperando mudança visual...
2026-05-04 11:33:15,568 - INFO - ⌛ Esperando mudança visual...
2026-05-04 11:33:16,582 - INFO - ⌛ Esperando mudança visual...
2026-05-04 11:33:17,605 - INFO - ⌛ Esperando mudança visual...
2026-05-04 11:33:18,619 - INFO - ⌛ Esperando mudança visual...
2026-05-04 11:33:19,629 - INFO - ⌛ Esperando mudança visual...
2026-05-04 11:33:20,650 - INFO - ⌛ Esperando mudança visual...
2026-05-04 11:33:21,665 - INFO - ⌛ Esperando mudança visual...
2026-05-04 11:33:22,682 - INFO - ⌛ Esperando mudança visual...
2026-05-04 11:33:23,698 - INFO - ⌛ Esperando mudança visual...
2026-05-04 11:33:24,712 - INFO - ⌛ Esperando mudança visual...
2026-05-04 11:33:25,733 - INFO - ✅ Tela carregada!
2026-05-04 11:33:29,736 - INFO - 
=== rotina desbloquear_os ===
2026-05-04 11:33:36,337 - INFO - ⌛ Aguardando janela de confirmação de desbloqueio...
2026-05-04 11:33:52,549 - INFO - 🟨 Registros desbloqueados com sucesso
2026-05-04 11:33:56,658 - INFO - 
=== rotina editar_os ===
2026-05-04 11:34:06,394 - INFO - ⌛ Aguardando janela de edição de OS...
2026-05-04 11:34:22,898 - INFO - 🟨 OS programadas detectadas
2026-05-04 11:34:26,003 - INFO - ⌛ Aguardando janela de edição de OS...
2026-05-04 11:34:42,382 - INFO - ⌛ Aguardando janela de edição de OS...
2026-05-04 11:34:42,862 - INFO - 🟨 Identificado travamento no EQM, reiniciando contador de espera
2026-05-04 11:34:58,729 - INFO - 🟨 Janela de edição de OS detectada
2026-05-04 11:35:20,224 - INFO - ⌛ Aguardando detecção da janela de edição de características ...
2026-05-04 11:35:36,394 - INFO - ⌛ Aguardando detecção da janela de edição de características ...
2026-05-04 11:35:36,882 - INFO - 🟨 Identificado travamento no EQM, reiniciando contador de espera
2026-05-04 11:35:37,283 - INFO - ⌛ Aguardando janela de edição de OS...
2026-05-04 11:35:37,752 - INFO - 🟨 Identificado travamento no EQM, reiniciando contador de espera
2026-05-04 11:35:53,656 - INFO - ⌛ Aguardando janela de edição de OS...
2026-05-04 11:35:54,083 - INFO - 🟨 Identificado travamento no EQM, reiniciando contador de espera
2026-05-04 11:36:09,996 - INFO - ⌛ Aguardando janela de edição de OS...
2026-05-04 11:36:26,440 - INFO - ⌛ Aguardando janela de edição de OS...
2026-05-04 11:36:42,872 - INFO - ⌛ Aguardando janela de edição de OS...
2026-05-04 11:36:59,348 - INFO - ⌛ Aguardando janela de edição de OS...
2026-05-04 11:37:15,796 - INFO - ⌛ Aguardando janela de edição de OS...
2026-05-04 11:37:32,212 - INFO - ⌛ Aguardando janela de edição de OS...
2026-05-04 11:37:48,611 - INFO - ⌛ Aguardando janela de edição de OS...
2026-05-04 11:38:05,028 - INFO - ⌛ Aguardando janela de edição de OS...
2026-05-04 11:44:42,281 - INFO - Data hoje: 04/05/2026
2026-05-04 11:44:42,281 - INFO - Data de referência: 31/05/2026
2026-05-04 11:47:36,240 - INFO - Qtde OS de LINHA VIVA: 3239
2026-05-04 11:47:36,240 - INFO - Qtde OS poda de LINHA MORTA: 1229
2026-05-04 11:47:36,240 - INFO - Qtde OS estrutural de LINHA MORTA : 17181
2026-05-04 11:47:36,240 - INFO - Qtde OS poda de LINHA MORTA fora carteira: 730
2026-05-04 11:47:36,240 - INFO - Qtde OS para desprogramar: 1905
2026-05-04 11:47:36,240 - INFO - 
 Qtd de lotes de LM: 50
2026-05-04 11:47:36,240 - INFO - 
 Qtd de lotes de LV: 130
2026-05-04 11:47:36,240 - INFO - 
 Qtd de lotes de ESTRUTURAL LM: 688
2026-05-04 11:47:36,240 - INFO - 
 Qtd de lotes de LEVE: 30
2026-05-04 11:47:36,240 - INFO - 
 Qtd de lotes para desprogramar: 77
2026-05-04 11:47:36,240 - INFO - 
=== Iniciando lote 2/50 [LM] ===
2026-05-04 11:47:36,240 - INFO - 
=== abrir_janela_selecao ===
2026-05-04 11:47:42,601 - INFO - 
=== rotina abrir_selecao_colar_os ===
2026-05-04 11:47:42,867 - INFO - Janela de seleção aberta
2026-05-04 11:47:47,196 - INFO - DEBUG: idx=1, inicio=25, fim=50
2026-05-04 11:47:47,196 - INFO - ✅ 25 OS copiadas para a área de transferência.
2026-05-04 11:47:47,196 - INFO - 📋 Lote 2 copiado.
2026-05-04 11:47:55,530 - INFO - ⌛ Esperando mudança visual...
2026-05-04 11:47:56,543 - INFO - ⌛ Esperando mudança visual...
2026-05-04 11:47:57,564 - INFO - ⌛ Esperando mudança visual...
2026-05-04 11:47:58,578 - INFO - ⌛ Esperando mudança visual...
2026-05-04 11:47:59,590 - INFO - ⌛ Esperando mudança visual...
2026-05-04 11:48:00,607 - INFO - ⌛ Esperando mudança visual...
2026-05-04 11:48:01,623 - INFO - ⌛ Esperando mudança visual...
2026-05-04 11:48:02,642 - INFO - ⌛ Esperando mudança visual...
2026-05-04 11:48:03,654 - INFO - ⌛ Esperando mudança visual...
2026-05-04 11:48:04,670 - INFO - ⌛ Esperando mudança visual...
2026-05-04 11:48:05,688 - INFO - ⌛ Esperando mudança visual...
2026-05-04 11:48:06,706 - INFO - ⌛ Esperando mudança visual...
2026-05-04 11:48:07,717 - INFO - ⌛ Esperando mudança visual...
2026-05-04 11:48:08,733 - INFO - ⌛ Esperando mudança visual...
2026-05-04 11:48:09,750 - INFO - ⌛ Esperando mudança visual...
2026-05-04 11:48:10,765 - INFO - ⌛ Esperando mudança visual...
2026-05-04 11:48:11,783 - INFO - ⌛ Esperando mudança visual...
2026-05-04 11:48:12,795 - INFO - ⌛ Esperando mudança visual...
2026-05-04 11:48:13,808 - INFO - ⌛ Esperando mudança visual...
2026-05-04 11:48:14,832 - INFO - ⌛ Esperando mudança visual...
2026-05-04 11:48:15,875 - INFO - ⌛ Esperando mudança visual...
2026-05-04 11:48:16,893 - INFO - ⌛ Esperando mudança visual...
2026-05-04 11:48:17,906 - INFO - ⌛ Esperando mudança visual...
2026-05-04 11:48:18,921 - INFO - ⌛ Esperando mudança visual...
2026-05-04 11:48:19,937 - INFO - ⌛ Esperando mudança visual...
2026-05-04 11:48:20,953 - INFO - ⌛ Esperando mudança visual...
2026-05-04 11:48:21,969 - INFO - ⌛ Esperando mudança visual...
2026-05-04 11:48:22,984 - INFO - ⌛ Esperando mudança visual...
2026-05-04 11:48:24,000 - INFO - ⌛ Esperando mudança visual...
2026-05-04 11:48:25,016 - INFO - ⌛ Esperando mudança visual...
2026-05-04 11:48:26,031 - INFO - ⌛ Esperando mudança visual...
2026-05-04 11:48:27,047 - INFO - ⌛ Esperando mudança visual...
2026-05-04 11:48:28,063 - INFO - ⌛ Esperando mudança visual...
2026-05-04 11:48:29,079 - INFO - ⌛ Esperando mudança visual...
2026-05-04 11:48:30,094 - INFO - ⌛ Esperando mudança visual...
2026-05-04 11:48:31,113 - INFO - ⌛ Esperando mudança visual...
2026-05-04 11:48:32,127 - INFO - ⌛ Esperando mudança visual...
2026-05-04 11:48:33,141 - INFO - ⌛ Esperando mudança visual...
2026-05-04 11:48:34,157 - INFO - ⌛ Esperando mudança visual...
2026-05-04 11:48:35,175 - INFO - ⌛ Esperando mudança visual...
2026-05-04 11:48:36,188 - INFO - ⌛ Esperando mudança visual...
2026-05-04 11:48:37,204 - INFO - ⌛ Esperando mudança visual...
2026-05-04 11:48:38,220 - INFO - ⌛ Esperando mudança visual...
2026-05-04 11:48:39,235 - INFO - ⌛ Esperando mudança visual...
2026-05-04 11:48:40,251 - INFO - ⌛ Esperando mudança visual...
2026-05-04 11:48:41,267 - INFO - ⌛ Esperando mudança visual...
2026-05-04 11:48:42,282 - INFO - ⌛ Esperando mudança visual...
2026-05-04 11:48:43,300 - INFO - ⌛ Esperando mudança visual...
2026-05-04 11:48:44,314 - INFO - ⌛ Esperando mudança visual...
2026-05-04 11:48:45,329 - INFO - ⌛ Esperando mudança visual...
2026-05-04 11:48:46,345 - INFO - ⌛ Esperando mudança visual...
2026-05-04 11:48:47,360 - INFO - ⌛ Esperando mudança visual...
2026-05-04 11:48:48,377 - INFO - ⌛ Esperando mudança visual...
2026-05-04 11:48:49,392 - INFO - ⌛ Esperando mudança visual...
2026-05-04 11:48:50,407 - INFO - ⌛ Esperando mudança visual...
2026-05-04 11:48:51,423 - INFO - ⌛ Esperando mudança visual...
2026-05-04 11:48:52,438 - INFO - ⌛ Esperando mudança visual...
2026-05-04 11:48:53,457 - INFO - ⌛ Esperando mudança visual...
2026-05-04 11:48:54,471 - INFO - ⌛ Esperando mudança visual...
2026-05-04 11:48:55,486 - INFO - ⌛ Esperando mudança visual...
2026-05-04 11:48:56,502 - INFO - ⌛ Esperando mudança visual...
2026-05-04 11:48:57,517 - INFO - ⌛ Esperando mudança visual...
2026-05-04 11:48:58,532 - INFO - ⌛ Esperando mudança visual...
2026-05-04 11:48:59,548 - INFO - ⌛ Esperando mudança visual...
2026-05-04 11:49:00,564 - INFO - ⌛ Esperando mudança visual...
2026-05-04 11:49:01,580 - INFO - ⌛ Esperando mudança visual...
2026-05-04 11:49:02,597 - INFO - ⌛ Esperando mudança visual...
2026-05-04 11:49:03,611 - INFO - ⌛ Esperando mudança visual...
2026-05-04 11:49:04,627 - INFO - ⌛ Esperando mudança visual...
2026-05-04 11:49:05,642 - INFO - ⌛ Esperando mudança visual...
2026-05-04 11:49:06,658 - INFO - ⌛ Esperando mudança visual...
2026-05-04 11:49:07,673 - INFO - ⌛ Esperando mudança visual...
2026-05-04 11:49:08,689 - INFO - ✅ Tela carregada!
2026-05-04 11:49:12,692 - INFO - 
=== rotina desbloquear_os ===
2026-05-04 11:49:19,181 - INFO - ⌛ Aguardando janela de confirmação de desbloqueio...
2026-05-04 11:49:34,595 - INFO - ⌛ Aguardando janela de confirmação de desbloqueio...
2026-05-04 11:49:49,996 - INFO - 🟨 Registros desbloqueados com sucesso
2026-05-04 11:49:54,101 - INFO - 
=== rotina editar_os ===
2026-05-04 11:50:03,499 - INFO - ⌛ Aguardando janela de edição de OS...
2026-05-04 11:50:18,945 - INFO - 🟨 OS programadas detectadas
2026-05-04 11:50:22,054 - INFO - ⌛ Aguardando janela de edição de OS...
2026-05-04 11:50:37,489 - INFO - 🟨 Janela de edição de OS detectada
2026-05-04 11:50:58,847 - INFO - 🟨 Janela de edição de habilidade da turma detectada
2026-05-04 11:52:17,178 - INFO - ⌛ Aguardando detecção do campo de caracteristica 'EQUIPE PRÓPRIA OU EPS' ...
2026-05-04 11:52:36,527 - INFO - 🟨 campo de caracteristica 'EQUIPE PRÓPRIA OU EPS detectado
2026-05-04 11:52:58,296 - INFO - ⌛ Aguardando confirmação 4 - editar OS...
2026-05-04 11:53:13,776 - INFO - ⌛ Aguardando confirmação 4 - editar OS...
2026-05-04 11:53:13,889 - INFO - 🟨 Identificado travamento no EQM, reiniciando contador de espera
2026-05-04 11:53:29,196 - INFO - ⌛ Aguardando confirmação 4 - editar OS...
2026-05-04 11:53:44,688 - INFO - ⌛ Aguardando confirmação 4 - editar OS...
2026-05-04 11:54:00,186 - INFO - 🟨 Janela de confirmação 4 de edição de OS detectada
2026-05-04 11:54:04,297 - INFO - 
=== rotina programar_os ===
2026-05-04 11:54:30,834 - INFO - ⌛ Aguardando janela de confirmação de programação de OS...
2026-05-04 11:54:31,059 - INFO - 🟨 Identificado travamento no EQM, reiniciando contador de espera
2026-05-04 11:54:56,291 - INFO - ⌛ Aguardando janela de confirmação de programação de OS...
2026-05-04 11:55:21,737 - INFO - ⌛ Aguardando janela de confirmação de programação de OS...
2026-05-04 11:55:47,230 - INFO - ⌛ Aguardando janela de confirmação de programação de OS...
2026-05-04 11:56:12,687 - INFO - ⌛ Aguardando janela de confirmação de programação de OS...
2026-05-04 11:56:38,194 - INFO - ⌛ Aguardando janela de confirmação de programação de OS...
2026-05-04 11:57:03,702 - INFO - ⌛ Aguardando janela de confirmação de programação de OS...
2026-05-04 11:57:29,244 - INFO - ⌛ Aguardando janela de confirmação de programação de OS...
2026-05-04 11:57:54,730 - INFO - ⌛ Aguardando janela de confirmação de programação de OS...
2026-05-04 11:58:20,187 - INFO - ⌛ Aguardando janela de confirmação de programação de OS...
2026-05-04 11:58:45,638 - INFO - ⌛ Aguardando janela de confirmação de programação de OS...
2026-05-04 11:59:11,133 - INFO - ⌛ Aguardando janela de confirmação de programação de OS...
2026-05-04 11:59:36,628 - INFO - ⌛ Aguardando janela de confirmação de programação de OS...
2026-05-04 12:00:02,085 - INFO - ⌛ Aguardando janela de confirmação de programação de OS...
2026-05-04 12:00:27,538 - INFO - ⌛ Aguardando janela de confirmação de programação de OS...
2026-05-04 12:00:52,992 - INFO - ⌛ Aguardando janela de confirmação de programação de OS...
2026-05-04 12:01:18,463 - INFO - ⌛ Aguardando janela de confirmação de programação de OS...
2026-05-04 12:01:43,919 - INFO - ⌛ Aguardando janela de confirmação de programação de OS...
2026-05-04 12:02:09,406 - INFO - ⌛ Aguardando janela de confirmação de programação de OS...
2026-05-04 12:02:34,936 - INFO - ⌛ Aguardando janela de confirmação de programação de OS...
2026-05-04 12:03:00,382 - INFO - ⌛ Aguardando janela de confirmação de programação de OS...
2026-05-04 12:03:25,840 - INFO - ⌛ Aguardando janela de confirmação de programação de OS...
2026-05-04 12:03:51,347 - INFO - ⌛ Aguardando janela de confirmação de programação de OS...
2026-05-04 12:04:16,812 - INFO - ⌛ Aguardando janela de confirmação de programação de OS...
2026-05-04 12:04:42,255 - INFO - ⌛ Aguardando janela de confirmação de programação de OS...
2026-05-04 12:05:07,690 - INFO - ⌛ Aguardando janela de confirmação de programação de OS...
2026-05-04 12:05:33,155 - INFO - ⌛ Aguardando janela de confirmação de programação de OS...
2026-05-04 12:05:58,624 - INFO - ⌛ Aguardando janela de confirmação de programação de OS...
2026-05-04 12:06:24,101 - INFO - ⌛ Aguardando janela de confirmação de programação de OS...
2026-05-04 12:06:49,590 - INFO - ⌛ Aguardando janela de confirmação de programação de OS...
2026-05-04 12:07:15,082 - INFO - ⌛ Aguardando janela de confirmação de programação de OS...
2026-05-04 12:07:40,540 - INFO - ⌛ Aguardando janela de confirmação de programação de OS...
2026-05-04 12:08:06,024 - INFO - ⌛ Aguardando janela de confirmação de programação de OS...
2026-05-04 12:08:31,490 - INFO - ⌛ Aguardando janela de confirmação de programação de OS...
2026-05-04 12:08:56,976 - INFO - ⌛ Aguardando janela de confirmação de programação de OS...
2026-05-04 12:09:22,440 - INFO - ⌛ Aguardando janela de confirmação de programação de OS...
2026-05-04 12:09:47,932 - INFO - ⌛ Aguardando janela de confirmação de programação de OS...
2026-05-04 12:10:13,429 - INFO - ⌛ Aguardando janela de confirmação de programação de OS...
2026-05-04 12:10:38,931 - INFO - ⌛ Aguardando janela de confirmação de programação de OS...
2026-05-04 12:11:04,519 - INFO - ⌛ Aguardando janela de confirmação de programação de OS...
2026-05-04 12:11:29,943 - INFO - ⌛ Aguardando janela de confirmação de programação de OS...
2026-05-04 12:11:55,384 - INFO - ⌛ Aguardando janela de confirmação de programação de OS...
2026-05-04 12:12:20,836 - INFO - ⌛ Aguardando janela de confirmação de programação de OS...
2026-05-04 12:12:46,285 - INFO - ⌛ Aguardando janela de confirmação de programação de OS...
2026-05-04 12:13:11,725 - INFO - ⌛ Aguardando janela de confirmação de programação de OS...
2026-05-04 12:13:37,183 - INFO - ⌛ Aguardando janela de confirmação de programação de OS...
2026-05-04 12:14:02,625 - INFO - ⌛ Aguardando janela de confirmação de programação de OS...
2026-05-04 12:14:28,083 - INFO - ⌛ Aguardando janela de confirmação de programação de OS...
2026-05-04 12:14:53,527 - INFO - ⌛ Aguardando janela de confirmação de programação de OS...
2026-05-04 12:15:18,960 - INFO - ⌛ Aguardando janela de confirmação de programação de OS...
2026-05-04 12:15:44,405 - INFO - ⌛ Aguardando janela de confirmação de programação de OS...
2026-05-04 12:16:09,883 - INFO - ⌛ Aguardando janela de confirmação de programação de OS...
2026-05-04 12:16:35,378 - INFO - ⌛ Aguardando janela de confirmação de programação de OS...
2026-05-04 12:17:00,966 - INFO - ⌛ Aguardando janela de confirmação de programação de OS...
2026-05-04 12:17:26,476 - INFO - ⌛ Aguardando janela de confirmação de programação de OS...
2026-05-04 12:17:51,969 - INFO - ⌛ Aguardando janela de confirmação de programação de OS...
2026-05-04 12:18:17,527 - INFO - ⌛ Aguardando janela de confirmação de programação de OS...
2026-05-04 12:18:42,991 - INFO - ⌛ Aguardando janela de confirmação de programação de OS...
2026-05-04 12:19:08,449 - INFO - ⌛ Aguardando janela de confirmação de programação de OS...
2026-05-04 12:19:33,920 - INFO - ⌛ Aguardando janela de confirmação de programação de OS...
2026-05-04 12:19:59,446 - INFO - ⌛ Aguardando janela de confirmação de programação de OS...
2026-05-04 12:20:24,929 - INFO - ⌛ Aguardando janela de confirmação de programação de OS...
2026-05-04 12:20:50,421 - INFO - ⌛ Aguardando janela de confirmação de programação de OS...
2026-05-04 12:21:15,984 - INFO - ⌛ Aguardando janela de confirmação de programação de OS...
2026-05-04 12:21:41,476 - INFO - ⌛ Aguardando janela de confirmação de programação de OS...
2026-05-04 12:22:06,984 - INFO - ⌛ Aguardando janela de confirmação de programação de OS...
2026-05-04 12:22:32,460 - INFO - ⌛ Aguardando janela de confirmação de programação de OS...
2026-05-04 12:22:57,952 - INFO - ⌛ Aguardando janela de confirmação de programação de OS...
2026-05-04 12:23:23,459 - INFO - ⌛ Aguardando janela de confirmação de programação de OS...
2026-05-04 12:23:48,969 - INFO - ⌛ Aguardando janela de confirmação de programação de OS...
2026-05-04 12:24:14,476 - INFO - verificando janela oculta
2026-05-04 12:24:34,942 - INFO - ⏱️ Tempo limite atingido. Abortando seleção
2026-05-04 12:24:34,944 - INFO - Capturando print...
2026-05-04 14:04:20,623 - INFO - Data hoje: 04/05/2026
2026-05-04 14:04:20,623 - INFO - Data de referência: 31/05/2026
2026-05-04 14:05:55,230 - INFO - Qtde OS de LINHA VIVA: 3239
2026-05-04 14:05:55,230 - INFO - Qtde OS poda de LINHA MORTA: 1229
2026-05-04 14:05:55,230 - INFO - Qtde OS estrutural de LINHA MORTA : 17181
2026-05-04 14:05:55,230 - INFO - Qtde OS poda de LINHA MORTA fora carteira: 730
2026-05-04 14:05:55,231 - INFO - Qtde OS para desprogramar: 1905
2026-05-04 14:05:55,231 - INFO - 
 Qtd de lotes de LM: 50
2026-05-04 14:05:55,231 - INFO - 
 Qtd de lotes de LV: 130
2026-05-04 14:05:55,231 - INFO - 
 Qtd de lotes de ESTRUTURAL LM: 688
2026-05-04 14:05:55,231 - INFO - 
 Qtd de lotes de LEVE: 30
2026-05-04 14:05:55,231 - INFO - 
 Qtd de lotes para desprogramar: 77
2026-05-04 14:05:55,231 - INFO - 
=== Iniciando lote 2/50 [LM] ===
2026-05-04 14:05:55,232 - INFO - 
=== abrir_janela_selecao ===
2026-05-04 14:06:01,554 - INFO - 
=== rotina abrir_selecao_colar_os ===
2026-05-04 14:06:01,632 - INFO - ⌛ Aguardando janela de seleção...
2026-05-04 14:06:12,082 - INFO - Janela de seleção aberta
2026-05-04 14:06:16,336 - INFO - DEBUG: idx=1, inicio=25, fim=50
2026-05-04 14:06:16,336 - INFO - ✅ 25 OS copiadas para a área de transferência.
2026-05-04 14:06:16,336 - INFO - 📋 Lote 2 copiado.
2026-05-04 14:06:24,659 - INFO - ⌛ Esperando mudança visual...
2026-05-04 14:06:25,677 - INFO - ✅ Tela carregada!
2026-05-04 14:06:29,678 - INFO - 
=== rotina desbloquear_os ===
2026-05-04 14:06:36,168 - INFO - ⌛ Aguardando janela de confirmação de desbloqueio...
2026-05-04 14:06:51,647 - INFO - ⌛ Aguardando janela de confirmação de desbloqueio...
2026-05-04 14:07:07,051 - INFO - 🟨 Registros desbloqueados com sucesso
2026-05-04 14:07:11,156 - INFO - 
=== rotina editar_os ===
2026-05-04 14:07:20,602 - INFO - ⌛ Aguardando janela de edição de OS...
2026-05-04 14:07:36,097 - INFO - 🟨 OS programadas detectadas
2026-05-04 14:07:39,200 - INFO - ⌛ Aguardando janela de edição de OS...
2026-05-04 14:07:54,733 - INFO - 🟨 Janela de edição de OS detectada
2026-05-04 14:08:16,080 - INFO - 🟨 Janela de edição de habilidade da turma detectada
2026-05-04 14:09:34,403 - INFO - ⌛ Aguardando detecção do campo de caracteristica 'EQUIPE PRÓPRIA OU EPS' ...
2026-05-04 14:09:53,777 - INFO - 🟨 campo de caracteristica 'EQUIPE PRÓPRIA OU EPS detectado
2026-05-04 14:10:15,580 - INFO - ⌛ Aguardando confirmação 4 - editar OS...
2026-05-04 14:10:31,121 - INFO - ⌛ Aguardando confirmação 4 - editar OS...
2026-05-04 14:10:31,326 - INFO - 🟨 Identificado travamento no EQM, reiniciando contador de espera
2026-05-04 14:10:46,746 - INFO - ⌛ Aguardando confirmação 4 - editar OS...
2026-05-04 14:11:02,251 - INFO - ⌛ Aguardando confirmação 4 - editar OS...
2026-05-04 14:11:17,786 - INFO - 🟨 Janela de confirmação 4 de edição de OS detectada
2026-05-04 14:11:21,904 - INFO - 
=== rotina programar_os ===
2026-05-04 14:11:48,456 - INFO - ⌛ Aguardando janela de confirmação de programação de OS...
2026-05-04 14:12:13,910 - INFO - 🟨 Janela de confirmação de programação de OS detectada
2026-05-04 14:12:27,194 - INFO - 🟨 Janela de aviso de edição de OS programadas detectada
2026-05-04 14:12:34,398 - INFO - ⌛ aguardando janela de programação de lote de OS...
2026-05-04 14:12:59,956 - INFO - 🟨 Janela de aviso de substituição de lote de OS detectada
2026-05-04 14:13:20,153 - INFO - ⌛ aguardando janela de programação de lote de OS...
2026-05-04 14:13:45,824 - INFO - 🟨 Janela de aviso de substituição de lote de OS detectada
2026-05-04 14:14:05,952 - INFO - ⌛ aguardando janela de programação de lote de OS...
2026-05-04 14:14:31,470 - INFO - 🟨 Janela de programação de lote de OS detectada
2026-05-04 14:15:21,045 - INFO - 🟨 Janela de confirmação de programação de lote de OS detectada
2026-05-04 14:15:25,376 - INFO - 🟨 Janela de confirmação de programação de lote de OS detectada
2026-05-04 14:15:29,492 - INFO - ⌛ aguardando janela de confirmação de programação de lote de OS...
2026-05-04 14:15:54,999 - INFO - 🟨 Janela de confirmação de programação de lote de OS detectada
2026-05-04 14:15:59,243 - INFO - ⌛ aguardando confirmação final de programação do lote
2026-05-04 14:16:24,788 - INFO - ⌛ aguardando confirmação final de programação do lote
2026-05-04 14:16:50,316 - INFO - 🟨 Janela de confirmação de programação de lote de OS detectada
2026-05-04 14:16:54,424 - INFO - ⌛ aguardando janela de confirmação de programação de lote de OS...
2026-05-04 14:17:20,017 - INFO - ⌛ aguardando janela de confirmação de programação de lote de OS...
2026-05-04 14:17:45,545 - INFO - ⌛ aguardando janela de confirmação de programação de lote de OS...
2026-05-04 14:18:11,064 - INFO - ⌛ aguardando janela de confirmação de programação de lote de OS...
2026-05-04 14:18:36,605 - INFO - ⌛ aguardando janela de confirmação de programação de lote de OS...
2026-05-04 14:19:02,115 - INFO - ⌛ aguardando janela de confirmação de programação de lote de OS...
2026-05-04 14:46:34,007 - INFO - Data hoje: 04/05/2026
2026-05-04 14:46:34,007 - INFO - Data de referência: 31/05/2026
2026-05-04 14:47:30,689 - INFO - Data hoje: 04/05/2026
2026-05-04 14:47:30,689 - INFO - Data de referência: 31/05/2026
2026-05-04 14:49:57,841 - INFO - Data hoje: 04/05/2026
2026-05-04 14:49:57,841 - INFO - Data de referência: 31/05/2026
2026-05-04 14:51:05,052 - INFO - Qtde OS de LINHA VIVA: 705
2026-05-04 14:51:05,053 - INFO - Qtde OS poda de LINHA MORTA: 352
2026-05-04 14:51:05,053 - INFO - Qtde OS estrutural de LINHA MORTA : 2141
2026-05-04 14:51:05,053 - INFO - Qtde OS poda de LINHA MORTA fora carteira: 121
2026-05-04 14:51:05,053 - INFO - Qtde OS para desprogramar: 276
2026-05-04 14:51:05,053 - INFO - 
 Qtd de lotes de LM: 15
2026-05-04 14:51:05,053 - INFO - 
 Qtd de lotes de LV: 29
2026-05-04 14:51:05,053 - INFO - 
 Qtd de lotes de ESTRUTURAL LM: 86
2026-05-04 14:51:05,054 - INFO - 
 Qtd de lotes de LEVE: 5
2026-05-04 14:51:05,054 - INFO - 
 Qtd de lotes para desprogramar: 12
2026-05-04 14:51:05,054 - INFO - 
=== Iniciando lote 1/15 [LM] ===
2026-05-04 14:51:05,054 - INFO - 
=== abrir_janela_selecao ===
2026-05-04 14:51:11,449 - INFO - 
=== rotina abrir_selecao_colar_os ===
2026-05-04 14:51:11,560 - INFO - Janela de seleção aberta
2026-05-04 14:51:15,830 - INFO - DEBUG: idx=0, inicio=0, fim=25
2026-05-04 14:51:15,830 - INFO - ✅ 25 OS copiadas para a área de transferência.
2026-05-04 14:51:15,830 - INFO - 📋 Lote 1 copiado.
2026-05-04 14:51:24,179 - INFO - ⌛ Esperando mudança visual...
2026-05-04 14:51:25,194 - INFO - ⌛ Esperando mudança visual...
2026-05-04 14:51:26,210 - INFO - ⌛ Esperando mudança visual...
2026-05-04 14:51:27,227 - INFO - ⌛ Esperando mudança visual...
2026-05-04 14:51:28,241 - INFO - ⌛ Esperando mudança visual...
2026-05-04 14:51:29,258 - INFO - ⌛ Esperando mudança visual...
2026-05-04 14:51:30,273 - INFO - ⌛ Esperando mudança visual...
2026-05-04 14:51:31,288 - INFO - ⌛ Esperando mudança visual...
2026-05-04 14:51:32,303 - INFO - ⌛ Esperando mudança visual...
2026-05-04 14:51:33,321 - INFO - ⌛ Esperando mudança visual...
2026-05-04 14:51:34,334 - INFO - ⌛ Esperando mudança visual...
2026-05-04 14:51:35,352 - INFO - ⌛ Esperando mudança visual...
2026-05-04 14:51:36,368 - INFO - ⌛ Esperando mudança visual...
2026-05-04 14:51:37,383 - INFO - ⌛ Esperando mudança visual...
2026-05-04 14:51:38,532 - INFO - ⌛ Esperando mudança visual...
2026-05-04 14:51:39,552 - INFO - ⌛ Esperando mudança visual...
2026-05-04 14:51:40,563 - INFO - ⌛ Esperando mudança visual...
2026-05-04 14:51:41,581 - INFO - ⌛ Esperando mudança visual...
2026-05-04 14:51:42,594 - INFO - ⌛ Esperando mudança visual...
2026-05-04 14:51:43,611 - INFO - ⌛ Esperando mudança visual...
2026-05-04 14:51:44,627 - INFO - ⌛ Esperando mudança visual...
2026-05-04 14:51:45,643 - INFO - ⌛ Esperando mudança visual...
2026-05-04 14:51:46,659 - INFO - ⌛ Esperando mudança visual...
2026-05-04 14:51:47,674 - INFO - ⌛ Esperando mudança visual...
2026-05-04 14:51:48,690 - INFO - ⌛ Esperando mudança visual...
2026-05-04 14:51:49,703 - INFO - ⌛ Esperando mudança visual...
2026-05-04 14:51:50,719 - INFO - ⌛ Esperando mudança visual...
2026-05-04 14:51:51,734 - INFO - ⌛ Esperando mudança visual...
2026-05-04 14:51:52,750 - INFO - ⌛ Esperando mudança visual...
2026-05-04 14:51:53,766 - INFO - ⌛ Esperando mudança visual...
2026-05-04 14:51:54,782 - INFO - ⌛ Esperando mudança visual...
2026-05-04 14:51:55,800 - INFO - ⌛ Esperando mudança visual...
2026-05-04 14:51:56,813 - INFO - ⌛ Esperando mudança visual...
2026-05-04 14:51:57,828 - INFO - ⌛ Esperando mudança visual...
2026-05-04 14:51:58,844 - INFO - ⌛ Esperando mudança visual...
2026-05-04 14:51:59,859 - INFO - ⌛ Esperando mudança visual...
2026-05-04 14:52:00,875 - INFO - ⌛ Esperando mudança visual...
2026-05-04 14:52:01,895 - INFO - ⌛ Esperando mudança visual...
2026-05-04 14:52:02,906 - INFO - ⌛ Esperando mudança visual...
2026-05-04 14:52:03,922 - INFO - ⌛ Esperando mudança visual...
2026-05-04 14:52:04,940 - INFO - ⌛ Esperando mudança visual...
2026-05-04 14:52:05,956 - INFO - ⌛ Esperando mudança visual...
2026-05-04 14:52:06,971 - INFO - ⌛ Esperando mudança visual...
2026-05-04 14:52:07,984 - INFO - ⌛ Esperando mudança visual...
2026-05-04 14:52:09,002 - INFO - ⌛ Esperando mudança visual...
2026-05-04 14:52:10,016 - INFO - ⌛ Esperando mudança visual...
2026-05-04 14:52:11,031 - INFO - ⌛ Esperando mudança visual...
2026-05-04 14:52:12,047 - INFO - ⌛ Esperando mudança visual...
2026-05-04 14:52:13,064 - INFO - ⌛ Esperando mudança visual...
2026-05-04 14:52:14,080 - INFO - ⌛ Esperando mudança visual...
2026-05-04 14:52:15,096 - INFO - ✅ Tela carregada!
2026-05-04 14:52:19,097 - INFO - 
=== rotina desbloquear_os ===
2026-05-04 14:52:25,579 - INFO - ⌛ Aguardando janela de confirmação de desbloqueio...
2026-05-04 14:52:41,132 - INFO - ⌛ Aguardando janela de confirmação de desbloqueio...
2026-05-04 14:52:56,618 - INFO - 🟨 Registros desbloqueados com sucesso
2026-05-04 14:53:00,737 - INFO - 
=== rotina editar_os ===
