2026-06-26 18:56:54,734 - INFO - Data hoje: 26/06/2026
2026-06-26 18:56:54,734 - INFO - Data de referência: 30/06/2026
2026-06-26 18:58:31,738 - INFO - Qtde OS de LINHA VIVA: 3141
2026-06-26 18:58:31,738 - INFO - Qtde OS poda de LINHA MORTA: 1691
2026-06-26 18:58:31,738 - INFO - Qtde OS estrutural de LINHA MORTA : 16120
2026-06-26 18:58:31,738 - INFO - Qtde OS poda de LINHA MORTA fora carteira: 88
2026-06-26 18:58:31,738 - INFO - Qtde OS para desprogramar: 2709
2026-06-26 18:58:31,739 - INFO - 
 Qtd de lotes de LM: 68
2026-06-26 18:58:31,739 - INFO - 
 Qtd de lotes de LV: 126
2026-06-26 18:58:31,741 - INFO - 
 Qtd de lotes de ESTRUTURAL LM: 645
2026-06-26 18:58:31,741 - INFO - 
 Qtd de lotes de LEVE: 4
2026-06-26 18:58:31,741 - INFO - 
 Qtd de lotes para desprogramar: 109
2026-06-26 18:58:31,741 - INFO - 
=== Iniciando lote 1/68 [LM] ===
2026-06-26 18:58:31,741 - INFO - 
=== abrir_janela_selecao ===
2026-06-26 18:58:38,063 - INFO - 
=== rotina abrir_selecao_colar_os ===
2026-06-26 18:58:38,152 - INFO - Janela de seleção aberta
2026-06-26 18:58:42,380 - INFO - DEBUG: idx=0, inicio=0, fim=25
2026-06-26 18:58:42,380 - INFO - ✅ 25 OS copiadas para a área de transferência.
2026-06-26 18:58:42,380 - INFO - 📋 Lote 1 copiado.
2026-06-26 18:58:50,726 - INFO - ⌛ Esperando mudança visual...
2026-06-26 18:58:51,738 - INFO - ✅ Tela carregada!
2026-06-26 18:58:55,743 - INFO - 
=== rotina desbloquear_os ===
2026-06-26 18:59:02,209 - INFO - ⌛ Aguardando janela de confirmação de desbloqueio...
2026-06-26 18:59:17,610 - INFO - 🟨 Registros desbloqueados com sucesso
2026-06-26 18:59:21,714 - INFO - 
=== rotina editar_os ===
2026-06-26 18:59:31,121 - INFO - ⌛ Aguardando janela de edição de OS...
2026-06-26 18:59:46,592 - INFO - 🟨 OS programadas detectadas
2026-06-26 18:59:49,695 - INFO - ⌛ Aguardando janela de edição de OS...
2026-06-26 19:00:05,144 - INFO - 🟨 Janela de edição de OS detectada
2026-06-26 19:00:26,503 - INFO - 🟨 Janela de edição de habilidade da turma detectada
2026-06-26 19:01:44,819 - INFO - ⌛ Aguardando detecção do campo de caracteristica 'EQUIPE PRÓPRIA OU EPS' ...
2026-06-26 19:02:04,170 - INFO - 🟨 campo de caracteristica 'EQUIPE PRÓPRIA OU EPS detectado
2026-06-26 19:02:25,950 - INFO - ⌛ Aguardando confirmação 4 - editar OS...
2026-06-26 19:02:41,406 - INFO - ⌛ Aguardando confirmação 4 - editar OS...
2026-06-26 19:02:41,525 - INFO - 🟨 Identificado travamento no EQM, reiniciando contador de espera
2026-06-26 19:02:56,842 - INFO - ⌛ Aguardando confirmação 4 - editar OS...
2026-06-26 19:03:12,287 - INFO - 🟨 Janela de confirmação 4 de edição de OS detectada
2026-06-26 19:03:16,389 - INFO - 
=== rotina programar_os ===
2026-06-26 19:03:42,923 - INFO - ⌛ Aguardando janela de confirmação de programação de OS...
2026-06-26 19:04:08,347 - INFO - 🟨 Janela de confirmação de programação de OS detectada
2026-06-26 19:04:21,590 - INFO - 🟨 Janela de aviso de edição de OS programadas detectada
2026-06-26 19:04:28,836 - INFO - ⌛ aguardando janela de programação de lote de OS...
2026-06-26 19:04:54,341 - INFO - 🟨 Janela de aviso de substituição de lote de OS detectada
2026-06-26 19:05:14,455 - INFO - ⌛ aguardando janela de programação de lote de OS...
2026-06-26 19:05:39,992 - INFO - 🟨 Janela de programação de lote de OS detectada
2026-06-26 19:06:29,427 - INFO - 🟨 Janela de aviso de OS com contrato informado detectada
2026-06-26 19:06:39,655 - INFO - 🟨 Janela de confirmação de programação de lote de OS detectada
2026-06-26 19:06:43,897 - INFO - ⌛ aguardando confirmação final de programação do lote
2026-06-26 19:07:09,483 - INFO - 🟨 programação do lote 1 efetuado com sucesso
2026-06-26 19:07:19,587 - INFO - 
=== Iniciando lote 2/68 [LM] ===
2026-06-26 19:07:19,588 - INFO - 
=== abrir_janela_selecao ===
2026-06-26 19:07:25,896 - INFO - 
=== rotina abrir_selecao_colar_os ===
2026-06-26 19:07:25,946 - INFO - Janela de seleção aberta
2026-06-26 19:07:30,166 - INFO - DEBUG: idx=1, inicio=25, fim=50
2026-06-26 19:07:30,166 - INFO - ✅ 25 OS copiadas para a área de transferência.
2026-06-26 19:07:30,166 - INFO - 📋 Lote 2 copiado.
2026-06-26 19:07:38,493 - INFO - ⌛ Esperando mudança visual...
2026-06-26 19:07:39,510 - INFO - ⌛ Esperando mudança visual...
2026-06-26 19:07:40,525 - INFO - ⌛ Esperando mudança visual...
2026-06-26 19:07:41,542 - INFO - ⌛ Esperando mudança visual...
2026-06-26 19:07:42,557 - INFO - ⌛ Esperando mudança visual...
2026-06-26 19:07:43,572 - INFO - ⌛ Esperando mudança visual...
2026-06-26 19:07:44,588 - INFO - ⌛ Esperando mudança visual...
2026-06-26 19:07:45,604 - INFO - ⌛ Esperando mudança visual...
2026-06-26 19:07:46,619 - INFO - ⌛ Esperando mudança visual...
2026-06-26 19:07:47,635 - INFO - ✅ Tela carregada!
2026-06-26 19:07:51,637 - INFO - 
=== rotina desbloquear_os ===
2026-06-26 19:07:58,125 - INFO - ⌛ Aguardando janela de confirmação de desbloqueio...
2026-06-26 19:08:13,541 - INFO - 🟨 Registros desbloqueados com sucesso
2026-06-26 19:08:17,650 - INFO - 
=== rotina editar_os ===
2026-06-26 19:08:27,045 - INFO - ⌛ Aguardando janela de edição de OS...
2026-06-26 19:08:42,473 - INFO - 🟨 OS programadas detectadas
2026-06-26 19:08:45,576 - INFO - ⌛ Aguardando janela de edição de OS...
2026-06-26 19:09:01,020 - INFO - 🟨 Janela de edição de OS detectada
2026-06-26 19:09:22,382 - INFO - 🟨 Janela de edição de habilidade da turma detectada
2026-06-26 19:10:40,687 - INFO - ⌛ Aguardando detecção do campo de caracteristica 'EQUIPE PRÓPRIA OU EPS' ...
2026-06-26 19:11:00,039 - INFO - 🟨 campo de caracteristica 'EQUIPE PRÓPRIA OU EPS detectado
2026-06-26 19:11:21,787 - INFO - ⌛ Aguardando confirmação 4 - editar OS...
2026-06-26 19:11:37,236 - INFO - ⌛ Aguardando confirmação 4 - editar OS...
2026-06-26 19:11:52,689 - INFO - ⌛ Aguardando confirmação 4 - editar OS...
2026-06-26 19:12:08,189 - INFO - 🟨 Janela de confirmação 4 de edição de OS detectada
2026-06-26 19:12:12,294 - INFO - 
=== rotina programar_os ===
2026-06-26 19:12:38,819 - INFO - ⌛ Aguardando janela de confirmação de programação de OS...
2026-06-26 19:13:04,286 - INFO - 🟨 Janela de confirmação de programação de OS detectada
2026-06-26 19:13:17,538 - INFO - 🟨 Janela de aviso de edição de OS programadas detectada
2026-06-26 19:13:24,752 - INFO - ⌛ aguardando janela de programação de lote de OS...
2026-06-26 19:13:50,239 - INFO - 🟨 Janela de aviso de substituição de lote de OS detectada
2026-06-26 19:14:10,351 - INFO - ⌛ aguardando janela de programação de lote de OS...
2026-06-26 19:14:35,844 - INFO - 🟨 Janela de programação de lote de OS detectada
2026-06-26 19:15:25,355 - INFO - 🟨 Janela de confirmação de programação de lote de OS detectada
2026-06-26 19:15:29,569 - INFO - ⌛ aguardando confirmação final de programação do lote
2026-06-26 19:15:54,995 - INFO - 🟨 programação do lote 2 efetuado com sucesso
2026-06-26 19:16:05,099 - INFO - 
=== Iniciando lote 3/68 [LM] ===
2026-06-26 19:16:05,099 - INFO - 
=== abrir_janela_selecao ===
2026-06-26 19:16:11,406 - INFO - 
=== rotina abrir_selecao_colar_os ===
2026-06-26 19:16:11,450 - INFO - Janela de seleção aberta
2026-06-26 19:16:15,679 - INFO - DEBUG: idx=2, inicio=50, fim=75
2026-06-26 19:16:15,681 - INFO - ✅ 25 OS copiadas para a área de transferência.
2026-06-26 19:16:15,681 - INFO - 📋 Lote 3 copiado.
2026-06-26 19:16:24,006 - INFO - ⌛ Esperando mudança visual...
2026-06-26 19:16:25,019 - INFO - ⌛ Esperando mudança visual...
2026-06-26 19:16:26,034 - INFO - ⌛ Esperando mudança visual...
2026-06-26 19:16:27,050 - INFO - ⌛ Esperando mudança visual...
2026-06-26 19:16:28,066 - INFO - ⌛ Esperando mudança visual...
2026-06-26 19:16:29,082 - INFO - ⌛ Esperando mudança visual...
2026-06-26 19:16:30,097 - INFO - ⌛ Esperando mudança visual...
2026-06-26 19:16:31,112 - INFO - ⌛ Esperando mudança visual...
2026-06-26 19:16:32,128 - INFO - ⌛ Esperando mudança visual...
2026-06-26 19:16:33,144 - INFO - ⌛ Esperando mudança visual...
2026-06-26 19:16:34,162 - INFO - ✅ Tela carregada!
2026-06-26 19:16:38,164 - INFO - 
=== rotina desbloquear_os ===
2026-06-26 19:16:44,630 - INFO - ⌛ Aguardando janela de confirmação de desbloqueio...
2026-06-26 19:17:00,033 - INFO - 🟨 Registros desbloqueados com sucesso
2026-06-26 19:17:04,141 - INFO - 
=== rotina editar_os ===
2026-06-26 19:17:13,536 - INFO - ⌛ Aguardando janela de edição de OS...
2026-06-26 19:17:28,965 - INFO - 🟨 OS programadas detectadas
2026-06-26 19:17:32,068 - INFO - ⌛ Aguardando janela de edição de OS...
2026-06-26 19:17:47,514 - INFO - 🟨 Janela de edição de OS detectada
2026-06-26 19:18:08,874 - INFO - 🟨 Janela de edição de habilidade da turma detectada
2026-06-26 19:19:27,179 - INFO - ⌛ Aguardando detecção do campo de caracteristica 'EQUIPE PRÓPRIA OU EPS' ...
2026-06-26 19:19:46,540 - INFO - 🟨 campo de caracteristica 'EQUIPE PRÓPRIA OU EPS detectado
2026-06-26 19:20:08,322 - INFO - ⌛ Aguardando confirmação 4 - editar OS...
2026-06-26 19:20:23,744 - INFO - ⌛ Aguardando confirmação 4 - editar OS...
2026-06-26 19:20:39,177 - INFO - ⌛ Aguardando confirmação 4 - editar OS...
2026-06-26 19:20:54,660 - INFO - 🟨 Janela de confirmação 4 de edição de OS detectada
2026-06-26 19:20:58,764 - INFO - 
=== rotina programar_os ===
2026-06-26 19:21:25,308 - INFO - ⌛ Aguardando janela de confirmação de programação de OS...
2026-06-26 19:21:50,778 - INFO - 🟨 Janela de confirmação de programação de OS detectada
2026-06-26 19:22:04,031 - INFO - 🟨 Janela de aviso de edição de OS programadas detectada
2026-06-26 19:22:11,247 - INFO - ⌛ aguardando janela de programação de lote de OS...
2026-06-26 19:22:36,775 - INFO - 🟨 Janela de aviso de substituição de lote de OS detectada
2026-06-26 19:22:56,897 - INFO - ⌛ aguardando janela de programação de lote de OS...
2026-06-26 19:23:22,411 - INFO - 🟨 Janela de programação de lote de OS detectada
2026-06-26 19:24:11,913 - INFO - 🟨 Janela de confirmação de programação de lote de OS detectada
2026-06-26 19:24:16,109 - INFO - ⌛ aguardando confirmação final de programação do lote
2026-06-26 19:24:41,568 - INFO - 🟨 programação do lote 3 efetuado com sucesso
2026-06-26 19:24:51,672 - INFO - 
=== Iniciando lote 4/68 [LM] ===
2026-06-26 19:24:51,672 - INFO - 
=== abrir_janela_selecao ===
2026-06-26 19:24:57,990 - INFO - 
=== rotina abrir_selecao_colar_os ===
2026-06-26 19:24:58,030 - INFO - Janela de seleção aberta
2026-06-26 19:25:02,256 - INFO - DEBUG: idx=3, inicio=75, fim=100
2026-06-26 19:25:02,256 - INFO - ✅ 25 OS copiadas para a área de transferência.
2026-06-26 19:25:02,256 - INFO - 📋 Lote 4 copiado.
2026-06-26 19:25:10,579 - INFO - ⌛ Esperando mudança visual...
2026-06-26 19:25:11,596 - INFO - ⌛ Esperando mudança visual...
2026-06-26 19:25:12,612 - INFO - ⌛ Esperando mudança visual...
2026-06-26 19:25:13,627 - INFO - ⌛ Esperando mudança visual...
2026-06-26 19:25:14,644 - INFO - ⌛ Esperando mudança visual...
2026-06-26 19:25:15,658 - INFO - ⌛ Esperando mudança visual...
2026-06-26 19:25:16,677 - INFO - ⌛ Esperando mudança visual...
2026-06-26 19:25:17,690 - INFO - ⌛ Esperando mudança visual...
2026-06-26 19:25:18,705 - INFO - ⌛ Esperando mudança visual...
2026-06-26 19:25:19,721 - INFO - ⌛ Esperando mudança visual...
2026-06-26 19:25:20,739 - INFO - ✅ Tela carregada!
2026-06-26 19:25:24,741 - INFO - 
=== rotina desbloquear_os ===
2026-06-26 19:25:31,221 - INFO - ⌛ Aguardando janela de confirmação de desbloqueio...
2026-06-26 19:25:46,607 - INFO - 🟨 Registros desbloqueados com sucesso
2026-06-26 19:25:50,714 - INFO - 
=== rotina editar_os ===
2026-06-26 19:26:00,126 - INFO - ⌛ Aguardando janela de edição de OS...
2026-06-26 19:26:15,531 - INFO - 🟨 Janela de edição de OS detectada
2026-06-26 19:26:36,906 - INFO - 🟨 Janela de edição de habilidade da turma detectada
2026-06-26 19:27:55,209 - INFO - ⌛ Aguardando detecção do campo de caracteristica 'EQUIPE PRÓPRIA OU EPS' ...
2026-06-26 19:28:14,571 - INFO - 🟨 campo de caracteristica 'EQUIPE PRÓPRIA OU EPS detectado
2026-06-26 19:28:36,330 - INFO - ⌛ Aguardando confirmação 4 - editar OS...
2026-06-26 19:28:51,770 - INFO - ⌛ Aguardando confirmação 4 - editar OS...
2026-06-26 19:29:07,206 - INFO - ⌛ Aguardando confirmação 4 - editar OS...
2026-06-26 19:29:22,655 - INFO - 🟨 Janela de confirmação 4 de edição de OS detectada
2026-06-26 19:29:26,759 - INFO - 
=== rotina programar_os ===
2026-06-26 19:29:53,282 - INFO - ⌛ Aguardando janela de confirmação de programação de OS...
2026-06-26 19:30:18,749 - INFO - 🟨 Janela de confirmação de programação de OS detectada
2026-06-26 19:30:32,004 - INFO - ⌛ aguardando janela de programação de lote de OS...
2026-06-26 19:30:57,469 - INFO - 🟨 Janela de programação de lote de OS detectada
2026-06-26 19:31:46,977 - INFO - 🟨 Janela de confirmação de programação de lote de OS detectada
2026-06-26 19:31:51,208 - INFO - ⌛ aguardando confirmação final de programação do lote
2026-06-26 19:32:16,648 - INFO - 🟨 programação do lote 4 efetuado com sucesso
2026-06-26 19:32:26,751 - INFO - 
=== Iniciando lote 5/68 [LM] ===
2026-06-26 19:32:26,751 - INFO - 
=== abrir_janela_selecao ===
2026-06-26 19:32:33,059 - INFO - 
=== rotina abrir_selecao_colar_os ===
2026-06-26 19:32:33,108 - INFO - Janela de seleção aberta
2026-06-26 19:32:37,362 - INFO - DEBUG: idx=4, inicio=100, fim=125
2026-06-26 19:32:37,362 - INFO - ✅ 25 OS copiadas para a área de transferência.
2026-06-26 19:32:37,362 - INFO - 📋 Lote 5 copiado.
2026-06-26 19:32:45,699 - INFO - ⌛ Esperando mudança visual...
2026-06-26 19:32:46,713 - INFO - ⌛ Esperando mudança visual...
2026-06-26 19:32:47,729 - INFO - ⌛ Esperando mudança visual...
2026-06-26 19:32:48,745 - INFO - ⌛ Esperando mudança visual...
2026-06-26 19:32:49,759 - INFO - ⌛ Esperando mudança visual...
2026-06-26 19:32:50,774 - INFO - ⌛ Esperando mudança visual...
2026-06-26 19:32:51,790 - INFO - ⌛ Esperando mudança visual...
2026-06-26 19:32:52,809 - INFO - ⌛ Esperando mudança visual...
2026-06-26 19:32:53,821 - INFO - ⌛ Esperando mudança visual...
2026-06-26 19:32:54,837 - INFO - ✅ Tela carregada!
2026-06-26 19:32:58,842 - INFO - 
=== rotina desbloquear_os ===
2026-06-26 19:33:05,324 - INFO - ⌛ Aguardando janela de confirmação de desbloqueio...
2026-06-26 19:33:20,710 - INFO - 🟨 Registros desbloqueados com sucesso
2026-06-26 19:33:24,813 - INFO - 
=== rotina editar_os ===
2026-06-26 19:33:34,224 - INFO - ⌛ Aguardando janela de edição de OS...
2026-06-26 19:33:49,660 - INFO - 🟨 Janela de edição de OS detectada
2026-06-26 19:34:11,019 - INFO - 🟨 Janela de edição de habilidade da turma detectada
2026-06-26 19:35:29,339 - INFO - ⌛ Aguardando detecção do campo de caracteristica 'EQUIPE PRÓPRIA OU EPS' ...
2026-06-26 19:35:48,680 - INFO - 🟨 campo de caracteristica 'EQUIPE PRÓPRIA OU EPS detectado
2026-06-26 19:36:10,451 - INFO - ⌛ Aguardando confirmação 4 - editar OS...
2026-06-26 19:36:25,870 - INFO - ⌛ Aguardando confirmação 4 - editar OS...
2026-06-26 19:36:25,978 - INFO - 🟨 Identificado travamento no EQM, reiniciando contador de espera
2026-06-26 19:36:41,324 - INFO - ⌛ Aguardando confirmação 4 - editar OS...
2026-06-26 19:36:56,756 - INFO - 🟨 Janela de confirmação 4 de edição de OS detectada
2026-06-26 19:37:00,859 - INFO - 
=== rotina programar_os ===
2026-06-26 19:37:27,392 - INFO - ⌛ Aguardando janela de confirmação de programação de OS...
2026-06-26 19:37:52,817 - INFO - 🟨 Janela de confirmação de programação de OS detectada
2026-06-26 19:38:06,069 - INFO - 🟨 Janela de aviso de substituição de lote de OS detectada
2026-06-26 19:38:26,172 - INFO - ⌛ aguardando janela de programação de lote de OS...
2026-06-26 19:38:51,666 - INFO - 🟨 Janela de programação de lote de OS detectada
2026-06-26 19:39:41,167 - INFO - 🟨 Janela de confirmação de programação de lote de OS detectada
2026-06-26 19:39:45,385 - INFO - ⌛ aguardando confirmação final de programação do lote
2026-06-26 19:40:10,863 - INFO - 🟨 programação do lote 5 efetuado com sucesso
2026-06-26 19:40:20,967 - INFO - 
=== Iniciando lote 6/68 [LM] ===
2026-06-26 19:40:20,969 - INFO - 
=== abrir_janela_selecao ===
2026-06-26 19:40:27,277 - INFO - 
=== rotina abrir_selecao_colar_os ===
2026-06-26 19:40:27,323 - INFO - Janela de seleção aberta
2026-06-26 19:40:31,560 - INFO - DEBUG: idx=5, inicio=125, fim=150
2026-06-26 19:40:31,561 - INFO - ✅ 25 OS copiadas para a área de transferência.
2026-06-26 19:40:31,561 - INFO - 📋 Lote 6 copiado.
2026-06-26 19:40:39,897 - INFO - ⌛ Esperando mudança visual...
2026-06-26 19:40:40,911 - INFO - ⌛ Esperando mudança visual...
2026-06-26 19:40:41,925 - INFO - ⌛ Esperando mudança visual...
2026-06-26 19:40:42,942 - INFO - ⌛ Esperando mudança visual...
2026-06-26 19:40:43,956 - INFO - ⌛ Esperando mudança visual...
2026-06-26 19:40:44,974 - INFO - ⌛ Esperando mudança visual...
2026-06-26 19:40:45,989 - INFO - ⌛ Esperando mudança visual...
2026-06-26 19:40:47,003 - INFO - ⌛ Esperando mudança visual...
2026-06-26 19:40:48,020 - INFO - ⌛ Esperando mudança visual...
2026-06-26 19:40:49,036 - INFO - ✅ Tela carregada!
2026-06-26 19:40:53,038 - INFO - 
=== rotina desbloquear_os ===
2026-06-26 19:40:59,522 - INFO - ⌛ Aguardando janela de confirmação de desbloqueio...
2026-06-26 19:41:14,938 - INFO - 🟨 Registros desbloqueados com sucesso
2026-06-26 19:41:19,043 - INFO - 
=== rotina editar_os ===
2026-06-26 19:41:28,454 - INFO - ⌛ Aguardando janela de edição de OS...
2026-06-26 19:41:43,906 - INFO - 🟨 Janela de edição de OS detectada
2026-06-26 19:42:05,266 - INFO - 🟨 Janela de edição de habilidade da turma detectada
2026-06-26 19:43:23,547 - INFO - ⌛ Aguardando detecção do campo de caracteristica 'EQUIPE PRÓPRIA OU EPS' ...
2026-06-26 19:43:42,902 - INFO - 🟨 campo de caracteristica 'EQUIPE PRÓPRIA OU EPS detectado
2026-06-26 19:44:04,668 - INFO - ⌛ Aguardando confirmação 4 - editar OS...
2026-06-26 19:44:20,119 - INFO - ⌛ Aguardando confirmação 4 - editar OS...
2026-06-26 19:44:20,243 - INFO - 🟨 Identificado travamento no EQM, reiniciando contador de espera
2026-06-26 19:44:35,576 - INFO - ⌛ Aguardando confirmação 4 - editar OS...
2026-06-26 19:44:51,038 - INFO - 🟨 Janela de confirmação 4 de edição de OS detectada
2026-06-26 19:44:55,141 - INFO - 
=== rotina programar_os ===
2026-06-26 19:45:21,657 - INFO - ⌛ Aguardando janela de confirmação de programação de OS...
2026-06-26 19:45:47,072 - INFO - 🟨 Janela de confirmação de programação de OS detectada
2026-06-26 19:46:00,382 - INFO - ⌛ aguardando janela de programação de lote de OS...
2026-06-26 19:46:25,959 - INFO - 🟨 Janela de programação de lote de OS detectada
2026-06-26 19:47:15,460 - INFO - 🟨 Janela de confirmação de programação de lote de OS detectada
2026-06-26 19:47:19,664 - INFO - ⌛ aguardando confirmação final de programação do lote
2026-06-26 19:47:45,114 - INFO - 🟨 programação do lote 6 efetuado com sucesso
2026-06-26 19:47:55,218 - INFO - 
=== Iniciando lote 7/68 [LM] ===
2026-06-26 19:47:55,218 - INFO - 
=== abrir_janela_selecao ===
2026-06-26 19:48:01,526 - INFO - 
=== rotina abrir_selecao_colar_os ===
2026-06-26 19:48:01,575 - INFO - Janela de seleção aberta
2026-06-26 19:48:05,802 - INFO - DEBUG: idx=6, inicio=150, fim=175
2026-06-26 19:48:05,802 - INFO - ✅ 25 OS copiadas para a área de transferência.
2026-06-26 19:48:05,802 - INFO - 📋 Lote 7 copiado.
2026-06-26 19:48:14,130 - INFO - ⌛ Esperando mudança visual...
2026-06-26 19:48:15,149 - INFO - ⌛ Esperando mudança visual...
2026-06-26 19:48:16,159 - INFO - ⌛ Esperando mudança visual...
2026-06-26 19:48:17,175 - INFO - ⌛ Esperando mudança visual...
2026-06-26 19:48:18,190 - INFO - ⌛ Esperando mudança visual...
2026-06-26 19:48:19,207 - INFO - ⌛ Esperando mudança visual...
2026-06-26 19:48:20,222 - INFO - ⌛ Esperando mudança visual...
2026-06-26 19:48:21,238 - INFO - ⌛ Esperando mudança visual...
2026-06-26 19:48:22,254 - INFO - ⌛ Esperando mudança visual...
2026-06-26 19:48:23,270 - INFO - ✅ Tela carregada!
2026-06-26 19:48:27,272 - INFO - 
=== rotina desbloquear_os ===
2026-06-26 19:48:33,724 - INFO - ⌛ Aguardando janela de confirmação de desbloqueio...
2026-06-26 19:48:49,139 - INFO - 🟨 Registros desbloqueados com sucesso
2026-06-26 19:48:53,243 - INFO - 
=== rotina editar_os ===
2026-06-26 19:49:02,692 - INFO - ⌛ Aguardando janela de edição de OS...
2026-06-26 19:49:18,189 - INFO - 🟨 OS programadas detectadas
2026-06-26 19:49:21,292 - INFO - ⌛ Aguardando janela de edição de OS...
2026-06-26 19:49:36,717 - INFO - 🟨 Janela de edição de OS detectada
2026-06-26 19:49:58,075 - INFO - 🟨 Janela de edição de habilidade da turma detectada
2026-06-26 19:51:16,387 - INFO - ⌛ Aguardando detecção do campo de caracteristica 'EQUIPE PRÓPRIA OU EPS' ...
2026-06-26 19:51:35,738 - INFO - 🟨 campo de caracteristica 'EQUIPE PRÓPRIA OU EPS detectado
2026-06-26 19:51:57,500 - INFO - ⌛ Aguardando confirmação 4 - editar OS...
2026-06-26 19:52:12,908 - INFO - ⌛ Aguardando confirmação 4 - editar OS...
2026-06-26 19:52:28,354 - INFO - ⌛ Aguardando confirmação 4 - editar OS...
2026-06-26 19:52:43,841 - INFO - 🟨 Janela de confirmação 4 de edição de OS detectada
2026-06-26 19:52:47,946 - INFO - 
=== rotina programar_os ===
2026-06-26 19:53:14,469 - INFO - ⌛ Aguardando janela de confirmação de programação de OS...
2026-06-26 19:53:39,948 - INFO - 🟨 Janela de confirmação de programação de OS detectada
2026-06-26 19:53:53,202 - INFO - 🟨 Janela de aviso de edição de OS programadas detectada
2026-06-26 19:54:00,407 - INFO - ⌛ aguardando janela de programação de lote de OS...
2026-06-26 19:54:25,902 - INFO - 🟨 Janela de aviso de substituição de lote de OS detectada
2026-06-26 19:54:46,005 - INFO - ⌛ aguardando janela de programação de lote de OS...
2026-06-26 19:55:11,546 - INFO - 🟨 Janela de programação de lote de OS detectada
2026-06-26 19:56:01,059 - INFO - 🟨 Janela de confirmação de programação de lote de OS detectada
2026-06-26 19:56:05,265 - INFO - ⌛ aguardando confirmação final de programação do lote
2026-06-26 19:56:31,048 - INFO - 🟨 programação do lote 7 efetuado com sucesso
2026-06-26 19:56:41,154 - INFO - 
=== Iniciando lote 8/68 [LM] ===
2026-06-26 19:56:41,154 - INFO - 
=== abrir_janela_selecao ===
2026-06-26 19:56:47,481 - INFO - 
=== rotina abrir_selecao_colar_os ===
2026-06-26 19:56:47,531 - INFO - Janela de seleção aberta
2026-06-26 19:56:51,752 - INFO - DEBUG: idx=7, inicio=175, fim=200
2026-06-26 19:56:51,752 - INFO - ✅ 25 OS copiadas para a área de transferência.
2026-06-26 19:56:51,752 - INFO - 📋 Lote 8 copiado.
2026-06-26 19:57:00,093 - INFO - ⌛ Esperando mudança visual...
2026-06-26 19:57:01,108 - INFO - ⌛ Esperando mudança visual...
2026-06-26 19:57:02,123 - INFO - ⌛ Esperando mudança visual...
2026-06-26 19:57:03,139 - INFO - ⌛ Esperando mudança visual...
2026-06-26 19:57:04,155 - INFO - ⌛ Esperando mudança visual...
2026-06-26 19:57:05,171 - INFO - ⌛ Esperando mudança visual...
2026-06-26 19:57:06,186 - INFO - ⌛ Esperando mudança visual...
2026-06-26 19:57:07,202 - INFO - ⌛ Esperando mudança visual...
2026-06-26 19:57:08,217 - INFO - ⌛ Esperando mudança visual...
2026-06-26 19:57:09,233 - INFO - ✅ Tela carregada!
2026-06-26 19:57:13,235 - INFO - 
=== rotina desbloquear_os ===
2026-06-26 19:57:19,703 - INFO - ⌛ Aguardando janela de confirmação de desbloqueio...
2026-06-26 19:57:35,107 - INFO - 🟨 Registros desbloqueados com sucesso
2026-06-26 19:57:39,212 - INFO - 
=== rotina editar_os ===
2026-06-26 19:57:48,636 - INFO - ⌛ Aguardando janela de edição de OS...
2026-06-26 19:58:04,055 - INFO - 🟨 OS programadas detectadas
2026-06-26 19:58:07,157 - INFO - ⌛ Aguardando janela de edição de OS...
2026-06-26 19:58:22,610 - INFO - 🟨 Janela de edição de OS detectada
2026-06-26 19:58:43,981 - INFO - 🟨 Janela de edição de habilidade da turma detectada
2026-06-26 20:00:02,262 - INFO - ⌛ Aguardando detecção do campo de caracteristica 'EQUIPE PRÓPRIA OU EPS' ...
2026-06-26 20:00:21,635 - INFO - 🟨 campo de caracteristica 'EQUIPE PRÓPRIA OU EPS detectado
2026-06-26 20:00:43,397 - INFO - ⌛ Aguardando confirmação 4 - editar OS...
2026-06-26 20:00:58,834 - INFO - ⌛ Aguardando confirmação 4 - editar OS...
2026-06-26 20:01:14,300 - INFO - 🟨 Janela de confirmação 4 de edição de OS detectada
2026-06-26 20:01:18,403 - INFO - 
=== rotina programar_os ===
2026-06-26 20:01:44,955 - INFO - ⌛ Aguardando janela de confirmação de programação de OS...
2026-06-26 20:02:10,426 - INFO - 🟨 Janela de confirmação de programação de OS detectada
2026-06-26 20:02:23,680 - INFO - 🟨 Janela de aviso de edição de OS programadas detectada
2026-06-26 20:02:30,886 - INFO - ⌛ aguardando janela de programação de lote de OS...
2026-06-26 20:02:56,384 - INFO - 🟨 Janela de aviso de substituição de lote de OS detectada
2026-06-26 20:03:16,486 - INFO - ⌛ aguardando janela de programação de lote de OS...
2026-06-26 20:03:41,989 - INFO - 🟨 Janela de programação de lote de OS detectada
2026-06-26 20:04:31,507 - INFO - 🟨 Janela de confirmação de programação de lote de OS detectada
2026-06-26 20:04:35,709 - INFO - ⌛ aguardando confirmação final de programação do lote
2026-06-26 20:05:01,193 - INFO - 🟨 programação do lote 8 efetuado com sucesso
2026-06-26 20:05:11,297 - INFO - 
=== Iniciando lote 9/68 [LM] ===
2026-06-26 20:05:11,298 - INFO - 
=== abrir_janela_selecao ===
2026-06-26 20:05:17,604 - INFO - 
=== rotina abrir_selecao_colar_os ===
2026-06-26 20:05:17,663 - INFO - Janela de seleção aberta
2026-06-26 20:05:21,885 - INFO - DEBUG: idx=8, inicio=200, fim=225
2026-06-26 20:05:21,886 - INFO - ✅ 25 OS copiadas para a área de transferência.
2026-06-26 20:05:21,886 - INFO - 📋 Lote 9 copiado.
2026-06-26 20:05:30,206 - INFO - ⌛ Esperando mudança visual...
2026-06-26 20:05:31,222 - INFO - ⌛ Esperando mudança visual...
2026-06-26 20:05:32,238 - INFO - ⌛ Esperando mudança visual...
2026-06-26 20:05:33,254 - INFO - ⌛ Esperando mudança visual...
2026-06-26 20:05:34,269 - INFO - ⌛ Esperando mudança visual...
2026-06-26 20:05:35,285 - INFO - ⌛ Esperando mudança visual...
2026-06-26 20:05:36,301 - INFO - ⌛ Esperando mudança visual...
2026-06-26 20:05:37,316 - INFO - ⌛ Esperando mudança visual...
2026-06-26 20:05:38,332 - INFO - ⌛ Esperando mudança visual...
2026-06-26 20:05:39,348 - INFO - ⌛ Esperando mudança visual...
2026-06-26 20:05:40,363 - INFO - ✅ Tela carregada!
2026-06-26 20:05:44,366 - INFO - 
=== rotina desbloquear_os ===
2026-06-26 20:05:50,841 - INFO - ⌛ Aguardando janela de confirmação de desbloqueio...
2026-06-26 20:06:06,253 - INFO - ⌛ Aguardando janela de confirmação de desbloqueio...
2026-06-26 20:06:21,670 - INFO - 🟨 Registros desbloqueados com sucesso
2026-06-26 20:06:25,775 - INFO - 
=== rotina editar_os ===
2026-06-26 20:06:35,202 - INFO - ⌛ Aguardando janela de edição de OS...
2026-06-26 20:06:50,654 - INFO - 🟨 Janela de edição de OS detectada
2026-06-26 20:07:12,006 - INFO - 🟨 Janela de edição de habilidade da turma detectada
2026-06-26 20:08:30,303 - INFO - ⌛ Aguardando detecção do campo de caracteristica 'EQUIPE PRÓPRIA OU EPS' ...
2026-06-26 20:08:49,651 - INFO - 🟨 campo de caracteristica 'EQUIPE PRÓPRIA OU EPS detectado
2026-06-26 20:09:11,431 - INFO - ⌛ Aguardando confirmação 4 - editar OS...
2026-06-26 20:09:26,851 - INFO - ⌛ Aguardando confirmação 4 - editar OS...
2026-06-26 20:09:42,295 - INFO - ⌛ Aguardando confirmação 4 - editar OS...
2026-06-26 20:09:57,731 - INFO - 🟨 Janela de confirmação 4 de edição de OS detectada
2026-06-26 20:10:01,839 - INFO - 
=== rotina programar_os ===
2026-06-26 20:10:28,356 - INFO - ⌛ Aguardando janela de confirmação de programação de OS...
2026-06-26 20:10:53,796 - INFO - 🟨 Janela de confirmação de programação de OS detectada
2026-06-26 20:11:07,051 - INFO - ⌛ aguardando janela de programação de lote de OS...
2026-06-26 20:11:32,557 - INFO - 🟨 Janela de programação de lote de OS detectada
2026-06-26 20:12:22,093 - INFO - 🟨 Janela de confirmação de programação de lote de OS detectada
2026-06-26 20:12:26,306 - INFO - ⌛ aguardando confirmação final de programação do lote
2026-06-26 20:12:51,760 - INFO - 🟨 programação do lote 9 efetuado com sucesso
2026-06-26 20:13:01,868 - INFO - 
=== Iniciando lote 10/68 [LM] ===
2026-06-26 20:13:01,868 - INFO - 
=== abrir_janela_selecao ===
2026-06-26 20:13:08,176 - INFO - 
=== rotina abrir_selecao_colar_os ===
2026-06-26 20:13:08,222 - INFO - Janela de seleção aberta
2026-06-26 20:13:12,449 - INFO - DEBUG: idx=9, inicio=225, fim=250
2026-06-26 20:13:12,450 - INFO - ✅ 25 OS copiadas para a área de transferência.
2026-06-26 20:13:12,450 - INFO - 📋 Lote 10 copiado.
2026-06-26 20:13:20,777 - INFO - ⌛ Esperando mudança visual...
2026-06-26 20:13:21,793 - INFO - ⌛ Esperando mudança visual...
2026-06-26 20:13:22,808 - INFO - ⌛ Esperando mudança visual...
2026-06-26 20:13:23,824 - INFO - ⌛ Esperando mudança visual...
2026-06-26 20:13:24,840 - INFO - ⌛ Esperando mudança visual...
2026-06-26 20:13:25,855 - INFO - ⌛ Esperando mudança visual...
2026-06-26 20:13:26,873 - INFO - ⌛ Esperando mudança visual...
2026-06-26 20:13:27,886 - INFO - ⌛ Esperando mudança visual...
2026-06-26 20:13:28,904 - INFO - ⌛ Esperando mudança visual...
2026-06-26 20:13:29,918 - INFO - ⌛ Esperando mudança visual...
2026-06-26 20:13:30,933 - INFO - ✅ Tela carregada!
2026-06-26 20:13:34,938 - INFO - 
=== rotina desbloquear_os ===
2026-06-26 20:13:41,405 - INFO - ⌛ Aguardando janela de confirmação de desbloqueio...
2026-06-26 20:13:56,806 - INFO - 🟨 Registros desbloqueados com sucesso
2026-06-26 20:14:00,910 - INFO - 
=== rotina editar_os ===
2026-06-26 20:14:10,347 - INFO - ⌛ Aguardando janela de edição de OS...
2026-06-26 20:14:25,787 - INFO - 🟨 Janela de edição de OS detectada
2026-06-26 20:14:47,148 - INFO - 🟨 Janela de edição de habilidade da turma detectada
2026-06-26 20:16:05,442 - INFO - ⌛ Aguardando detecção do campo de caracteristica 'EQUIPE PRÓPRIA OU EPS' ...
2026-06-26 20:16:24,803 - INFO - 🟨 campo de caracteristica 'EQUIPE PRÓPRIA OU EPS detectado
2026-06-26 20:16:46,585 - INFO - ⌛ Aguardando confirmação 4 - editar OS...
2026-06-26 20:17:02,053 - INFO - ⌛ Aguardando confirmação 4 - editar OS...
2026-06-26 20:17:02,179 - INFO - 🟨 Identificado travamento no EQM, reiniciando contador de espera
2026-06-26 20:17:17,504 - INFO - ⌛ Aguardando confirmação 4 - editar OS...
2026-06-26 20:17:32,955 - INFO - 🟨 Janela de confirmação 4 de edição de OS detectada
2026-06-26 20:17:37,057 - INFO - 
=== rotina programar_os ===
2026-06-26 20:18:03,591 - INFO - ⌛ Aguardando janela de confirmação de programação de OS...
2026-06-26 20:18:29,006 - INFO - 🟨 Janela de confirmação de programação de OS detectada
2026-06-26 20:18:42,260 - INFO - ⌛ aguardando janela de programação de lote de OS...
2026-06-26 20:19:07,768 - INFO - 🟨 Janela de programação de lote de OS detectada
2026-06-26 20:19:57,279 - INFO - 🟨 Janela de confirmação de programação de lote de OS detectada
2026-06-26 20:20:01,492 - INFO - ⌛ aguardando confirmação final de programação do lote
2026-06-26 20:20:26,959 - INFO - 🟨 programação do lote 10 efetuado com sucesso
2026-06-26 20:20:37,064 - INFO - 
=== Iniciando lote 11/68 [LM] ===
2026-06-26 20:20:37,064 - INFO - 
=== abrir_janela_selecao ===
2026-06-26 20:20:43,375 - INFO - 
=== rotina abrir_selecao_colar_os ===
2026-06-26 20:20:43,432 - INFO - Janela de seleção aberta
2026-06-26 20:20:47,653 - INFO - DEBUG: idx=10, inicio=250, fim=275
2026-06-26 20:20:47,653 - INFO - ✅ 25 OS copiadas para a área de transferência.
2026-06-26 20:20:47,653 - INFO - 📋 Lote 11 copiado.
2026-06-26 20:20:55,982 - INFO - ⌛ Esperando mudança visual...
2026-06-26 20:20:56,995 - INFO - ⌛ Esperando mudança visual...
2026-06-26 20:20:58,010 - INFO - ⌛ Esperando mudança visual...
2026-06-26 20:20:59,026 - INFO - ⌛ Esperando mudança visual...
2026-06-26 20:21:00,041 - INFO - ⌛ Esperando mudança visual...
2026-06-26 20:21:01,058 - INFO - ⌛ Esperando mudança visual...
2026-06-26 20:21:02,073 - INFO - ⌛ Esperando mudança visual...
2026-06-26 20:21:03,089 - INFO - ⌛ Esperando mudança visual...
2026-06-26 20:21:04,106 - INFO - ⌛ Esperando mudança visual...
2026-06-26 20:21:05,120 - INFO - ✅ Tela carregada!
2026-06-26 20:21:09,123 - INFO - 
=== rotina desbloquear_os ===
2026-06-26 20:21:15,593 - INFO - ⌛ Aguardando janela de confirmação de desbloqueio...
2026-06-26 20:21:30,999 - INFO - 🟨 Registros desbloqueados com sucesso
2026-06-26 20:21:35,103 - INFO - 
=== rotina editar_os ===
2026-06-26 20:21:44,514 - INFO - ⌛ Aguardando janela de edição de OS...
2026-06-26 20:21:59,940 - INFO - 🟨 Janela de edição de OS detectada
2026-06-26 20:22:21,306 - INFO - 🟨 Janela de edição de habilidade da turma detectada
2026-06-26 20:23:39,609 - INFO - ⌛ Aguardando detecção do campo de caracteristica 'EQUIPE PRÓPRIA OU EPS' ...
2026-06-26 20:23:58,948 - INFO - 🟨 campo de caracteristica 'EQUIPE PRÓPRIA OU EPS detectado
2026-06-26 20:24:20,715 - INFO - ⌛ Aguardando confirmação 4 - editar OS...
2026-06-26 20:24:36,160 - INFO - ⌛ Aguardando confirmação 4 - editar OS...
2026-06-26 20:24:51,609 - INFO - ⌛ Aguardando confirmação 4 - editar OS...
2026-06-26 20:25:07,041 - INFO - 🟨 Janela de confirmação 4 de edição de OS detectada
2026-06-26 20:25:11,144 - INFO - 
=== rotina programar_os ===
2026-06-26 20:25:37,668 - INFO - ⌛ Aguardando janela de confirmação de programação de OS...
2026-06-26 20:26:03,103 - INFO - 🟨 Janela de confirmação de programação de OS detectada
2026-06-26 20:26:16,356 - INFO - ⌛ aguardando janela de programação de lote de OS...
2026-06-26 20:26:41,847 - INFO - 🟨 Janela de programação de lote de OS detectada
2026-06-26 20:27:31,356 - INFO - 🟨 Janela de confirmação de programação de lote de OS detectada
2026-06-26 20:27:35,577 - INFO - ⌛ aguardando confirmação final de programação do lote
2026-06-26 20:28:01,035 - INFO - 🟨 programação do lote 11 efetuado com sucesso
2026-06-26 20:28:11,140 - INFO - 
=== Iniciando lote 12/68 [LM] ===
2026-06-26 20:28:11,141 - INFO - 
=== abrir_janela_selecao ===
2026-06-26 20:28:17,449 - INFO - 
=== rotina abrir_selecao_colar_os ===
2026-06-26 20:28:17,495 - INFO - Janela de seleção aberta
2026-06-26 20:28:21,727 - INFO - DEBUG: idx=11, inicio=275, fim=300
2026-06-26 20:28:21,727 - INFO - ✅ 25 OS copiadas para a área de transferência.
2026-06-26 20:28:21,727 - INFO - 📋 Lote 12 copiado.
2026-06-26 20:28:30,052 - INFO - ⌛ Esperando mudança visual...
2026-06-26 20:28:31,065 - INFO - ⌛ Esperando mudança visual...
2026-06-26 20:28:32,082 - INFO - ⌛ Esperando mudança visual...
2026-06-26 20:28:33,096 - INFO - ⌛ Esperando mudança visual...
2026-06-26 20:28:34,112 - INFO - ⌛ Esperando mudança visual...
2026-06-26 20:28:35,129 - INFO - ⌛ Esperando mudança visual...
2026-06-26 20:28:36,143 - INFO - ⌛ Esperando mudança visual...
2026-06-26 20:28:37,161 - INFO - ⌛ Esperando mudança visual...
2026-06-26 20:28:38,174 - INFO - ⌛ Esperando mudança visual...
2026-06-26 20:28:39,190 - INFO - ✅ Tela carregada!
2026-06-26 20:28:43,193 - INFO - 
=== rotina desbloquear_os ===
2026-06-26 20:28:49,658 - INFO - ⌛ Aguardando janela de confirmação de desbloqueio...
2026-06-26 20:29:05,045 - INFO - 🟨 Registros desbloqueados com sucesso
2026-06-26 20:29:09,149 - INFO - 
=== rotina editar_os ===
2026-06-26 20:29:18,559 - INFO - ⌛ Aguardando janela de edição de OS...
2026-06-26 20:29:33,978 - INFO - 🟨 OS programadas detectadas
2026-06-26 20:29:37,081 - INFO - ⌛ Aguardando janela de edição de OS...
2026-06-26 20:29:52,517 - INFO - 🟨 Janela de edição de OS detectada
2026-06-26 20:30:13,888 - INFO - 🟨 Janela de edição de habilidade da turma detectada
2026-06-26 20:31:32,182 - INFO - ⌛ Aguardando detecção do campo de caracteristica 'EQUIPE PRÓPRIA OU EPS' ...
2026-06-26 20:31:51,544 - INFO - 🟨 campo de caracteristica 'EQUIPE PRÓPRIA OU EPS detectado
2026-06-26 20:32:13,317 - INFO - ⌛ Aguardando confirmação 4 - editar OS...
2026-06-26 20:32:28,768 - INFO - ⌛ Aguardando confirmação 4 - editar OS...
2026-06-26 20:32:44,208 - INFO - ⌛ Aguardando confirmação 4 - editar OS...
2026-06-26 20:32:59,659 - INFO - ⌛ Aguardando confirmação 4 - editar OS...
2026-06-26 20:33:15,095 - INFO - ⌛ Aguardando confirmação 4 - editar OS...
2026-06-26 20:33:30,503 - INFO - ⌛ Aguardando confirmação 4 - editar OS...
2026-06-26 20:33:45,947 - INFO - ⌛ Aguardando confirmação 4 - editar OS...
2026-06-26 20:34:01,391 - INFO - ⌛ Aguardando confirmação 4 - editar OS...
2026-06-26 20:34:16,862 - INFO - ⌛ Aguardando confirmação 4 - editar OS...
2026-06-26 20:34:32,302 - INFO - ⌛ Aguardando confirmação 4 - editar OS...
2026-06-26 20:34:47,715 - INFO - ⌛ Aguardando confirmação 4 - editar OS...
2026-06-26 20:35:03,162 - INFO - ⌛ Aguardando confirmação 4 - editar OS...
2026-06-26 20:35:18,589 - INFO - ⌛ Aguardando confirmação 4 - editar OS...
2026-06-26 20:35:34,041 - INFO - ⌛ Aguardando confirmação 4 - editar OS...
2026-06-26 20:35:49,459 - INFO - ⌛ Aguardando confirmação 4 - editar OS...
2026-06-26 20:36:04,895 - INFO - ⌛ Aguardando confirmação 4 - editar OS...
2026-06-26 20:36:20,331 - INFO - ⌛ Aguardando confirmação 4 - editar OS...
2026-06-26 20:36:35,751 - INFO - ⌛ Aguardando confirmação 4 - editar OS...
2026-06-26 20:36:51,205 - INFO - ⌛ Aguardando confirmação 4 - editar OS...
2026-06-26 20:37:06,634 - INFO - ⌛ Aguardando confirmação 4 - editar OS...
2026-06-26 20:37:22,051 - INFO - ⌛ Aguardando confirmação 4 - editar OS...
2026-06-26 20:37:37,465 - INFO - ⌛ Aguardando confirmação 4 - editar OS...
2026-06-26 20:37:52,911 - INFO - ⌛ Aguardando confirmação 4 - editar OS...
2026-06-26 20:38:08,363 - INFO - ⌛ Aguardando confirmação 4 - editar OS...
2026-06-26 20:38:23,814 - INFO - ⌛ Aguardando confirmação 4 - editar OS...
2026-06-26 20:38:39,297 - INFO - ⌛ Aguardando confirmação 4 - editar OS...
2026-06-26 20:38:54,744 - INFO - ⌛ Aguardando confirmação 4 - editar OS...
2026-06-26 20:39:10,178 - INFO - ⌛ Aguardando confirmação 4 - editar OS...
2026-06-26 20:39:25,647 - INFO - ⌛ Aguardando confirmação 4 - editar OS...
2026-06-26 20:39:41,081 - INFO - ⌛ Aguardando confirmação 4 - editar OS...
2026-06-26 20:39:56,507 - INFO - ⌛ Aguardando confirmação 4 - editar OS...
2026-06-26 20:40:11,934 - INFO - ⌛ Aguardando confirmação 4 - editar OS...
2026-06-26 20:40:27,360 - INFO - ⌛ Aguardando confirmação 4 - editar OS...
2026-06-26 20:40:42,804 - INFO - ⌛ Aguardando confirmação 4 - editar OS...
2026-06-26 20:40:58,240 - INFO - ⌛ Aguardando confirmação 4 - editar OS...
2026-06-26 20:41:13,714 - INFO - ⌛ Aguardando confirmação 4 - editar OS...
2026-06-26 20:41:29,142 - INFO - ⌛ Aguardando confirmação 4 - editar OS...
2026-06-26 20:41:44,577 - INFO - ⌛ Aguardando confirmação 4 - editar OS...
2026-06-26 20:41:59,995 - INFO - ⌛ Aguardando confirmação 4 - editar OS...
2026-06-26 20:42:15,430 - INFO - ⌛ Aguardando confirmação 4 - editar OS...
2026-06-26 20:42:30,870 - INFO - ⌛ Aguardando confirmação 4 - editar OS...
2026-06-26 20:42:46,284 - INFO - ⌛ Aguardando confirmação 4 - editar OS...
2026-06-26 20:43:01,713 - INFO - ⌛ Aguardando confirmação 4 - editar OS...
2026-06-26 20:43:17,132 - INFO - ⌛ Aguardando confirmação 4 - editar OS...
2026-06-26 20:43:32,554 - INFO - ⌛ Aguardando confirmação 4 - editar OS...
2026-06-26 20:43:48,006 - INFO - ⌛ Aguardando confirmação 4 - editar OS...
2026-06-26 20:44:03,456 - INFO - ⌛ Aguardando confirmação 4 - editar OS...
2026-06-26 20:44:18,891 - INFO - ⌛ Aguardando confirmação 4 - editar OS...
2026-06-26 20:44:34,300 - INFO - ⌛ Aguardando confirmação 4 - editar OS...
2026-06-26 20:44:49,744 - INFO - ⌛ Aguardando confirmação 4 - editar OS...
2026-06-26 20:45:05,197 - INFO - ⌛ Aguardando confirmação 4 - editar OS...
2026-06-26 20:45:20,632 - INFO - ⌛ Aguardando confirmação 4 - editar OS...
2026-06-26 20:45:36,061 - INFO - ⌛ Aguardando confirmação 4 - editar OS...
2026-06-26 20:45:51,504 - INFO - ⌛ Aguardando confirmação 4 - editar OS...
2026-06-26 20:46:06,909 - INFO - ⌛ Aguardando confirmação 4 - editar OS...
2026-06-26 20:46:22,361 - INFO - ⌛ Aguardando confirmação 4 - editar OS...
2026-06-26 20:46:37,812 - INFO - ⌛ Aguardando confirmação 4 - editar OS...
2026-06-26 20:46:53,257 - INFO - ⌛ Aguardando confirmação 4 - editar OS...
2026-06-26 20:47:08,708 - INFO - ⌛ Aguardando confirmação 4 - editar OS...
2026-06-26 20:47:24,127 - INFO - ⌛ Aguardando confirmação 4 - editar OS...
2026-06-26 20:47:39,552 - INFO - ⌛ Aguardando confirmação 4 - editar OS...
2026-06-26 20:47:54,980 - INFO - ⌛ Aguardando confirmação 4 - editar OS...
2026-06-26 20:48:10,409 - INFO - ⌛ Aguardando confirmação 4 - editar OS...
2026-06-26 20:48:25,833 - INFO - ⌛ Aguardando confirmação 4 - editar OS...
2026-06-26 20:48:41,257 - INFO - ⌛ Aguardando confirmação 4 - editar OS...
2026-06-26 20:48:56,702 - INFO - ⌛ Aguardando confirmação 4 - editar OS...
2026-06-26 20:49:12,160 - INFO - ⌛ Aguardando confirmação 4 - editar OS...
2026-06-26 20:49:27,595 - INFO - ⌛ Aguardando confirmação 4 - editar OS...
2026-06-26 20:49:43,039 - INFO - ⌛ Aguardando confirmação 4 - editar OS...
2026-06-26 20:49:58,487 - INFO - ⌛ Aguardando confirmação 4 - editar OS...
2026-06-26 20:50:13,900 - INFO - ⌛ Aguardando confirmação 4 - editar OS...
2026-06-26 20:50:29,344 - INFO - ⌛ Aguardando confirmação 4 - editar OS...
2026-06-26 20:50:44,779 - INFO - ⌛ Aguardando confirmação 4 - editar OS...
2026-06-26 20:51:00,197 - INFO - ⌛ Aguardando confirmação 4 - editar OS...
2026-06-26 20:51:15,632 - INFO - ⌛ Aguardando confirmação 4 - editar OS...
2026-06-26 20:51:31,072 - INFO - ⌛ Aguardando confirmação 4 - editar OS...
2026-06-26 20:51:46,535 - INFO - ⌛ Aguardando confirmação 4 - editar OS...
2026-06-26 20:52:02,006 - INFO - ⌛ Aguardando confirmação 4 - editar OS...
2026-06-26 20:52:17,434 - INFO - ⌛ Aguardando confirmação 4 - editar OS...
2026-06-26 20:52:32,863 - INFO - ⌛ Aguardando confirmação 4 - editar OS...
2026-06-26 20:52:48,341 - INFO - ⌛ Aguardando confirmação 4 - editar OS...
2026-06-26 20:53:03,849 - INFO - ⌛ Aguardando confirmação 4 - editar OS...
2026-06-26 20:53:19,293 - INFO - ⌛ Aguardando confirmação 4 - editar OS...
2026-06-26 20:53:34,724 - INFO - ⌛ Aguardando confirmação 4 - editar OS...
2026-06-26 20:53:50,199 - INFO - ⌛ Aguardando confirmação 4 - editar OS...
2026-06-26 20:54:05,698 - INFO - ⌛ Aguardando confirmação 4 - editar OS...
2026-06-26 20:54:21,133 - INFO - ⌛ Aguardando confirmação 4 - editar OS...
2026-06-26 20:54:36,569 - INFO - ⌛ Aguardando confirmação 4 - editar OS...
2026-06-26 20:54:52,002 - INFO - ⌛ Aguardando confirmação 4 - editar OS...
2026-06-26 20:55:07,438 - INFO - ⌛ Aguardando confirmação 4 - editar OS...
2026-06-26 20:55:22,863 - INFO - ⌛ Aguardando confirmação 4 - editar OS...
2026-06-26 20:55:38,291 - INFO - ⌛ Aguardando confirmação 4 - editar OS...
2026-06-26 20:55:53,699 - INFO - ⌛ Aguardando confirmação 4 - editar OS...
2026-06-26 20:56:09,126 - INFO - ⌛ Aguardando confirmação 4 - editar OS...
2026-06-26 20:56:24,552 - INFO - ⌛ Aguardando confirmação 4 - editar OS...
2026-06-26 20:56:40,013 - INFO - ⌛ Aguardando confirmação 4 - editar OS...
2026-06-26 20:56:55,455 - INFO - ⌛ Aguardando confirmação 4 - editar OS...
2026-06-26 20:57:10,903 - INFO - ⌛ Aguardando confirmação 4 - editar OS...
2026-06-26 20:57:26,336 - INFO - ⌛ Aguardando confirmação 4 - editar OS...
2026-06-26 20:57:41,760 - INFO - ⌛ Aguardando confirmação 4 - editar OS...
2026-06-26 20:57:57,204 - INFO - ⌛ Aguardando confirmação 4 - editar OS...
2026-06-26 20:58:12,661 - INFO - ⌛ Aguardando confirmação 4 - editar OS...
2026-06-26 20:58:28,091 - INFO - ⌛ Aguardando confirmação 4 - editar OS...
2026-06-26 20:58:43,526 - INFO - ⌛ Aguardando confirmação 4 - editar OS...
2026-06-26 20:58:58,950 - INFO - ⌛ Aguardando confirmação 4 - editar OS...
2026-06-26 20:59:14,395 - INFO - ⌛ Aguardando confirmação 4 - editar OS...
2026-06-26 20:59:29,831 - INFO - ⌛ Aguardando confirmação 4 - editar OS...
2026-06-26 20:59:45,249 - INFO - ⌛ Aguardando confirmação 4 - editar OS...
2026-06-26 21:00:00,678 - INFO - ⌛ Aguardando confirmação 4 - editar OS...
2026-06-26 21:00:16,113 - INFO - ⌛ Aguardando confirmação 4 - editar OS...
2026-06-26 21:00:31,535 - INFO - ⌛ Aguardando confirmação 4 - editar OS...
2026-06-26 21:00:46,954 - INFO - ⌛ Aguardando confirmação 4 - editar OS...
2026-06-26 21:01:02,388 - INFO - ⌛ Aguardando confirmação 4 - editar OS...
2026-06-26 21:01:17,807 - INFO - ⌛ Aguardando confirmação 4 - editar OS...
2026-06-26 21:01:33,274 - INFO - ⌛ Aguardando confirmação 4 - editar OS...
2026-06-26 21:01:48,776 - INFO - ⌛ Aguardando confirmação 4 - editar OS...
2026-06-26 21:02:04,195 - INFO - ⌛ Aguardando confirmação 4 - editar OS...
2026-06-26 21:02:19,647 - INFO - verificando janela oculta
2026-06-26 21:02:40,100 - INFO - ⏱️ Tempo limite atingido. Abortando seleção
2026-06-26 21:02:40,100 - INFO - Capturando print...
