2026-01-16 12:00:50,828 - INFO - Data hoje: 16/01/2026
2026-01-16 12:00:50,828 - INFO - Data de referência: 31/01/2026
2026-01-16 12:01:19,862 - INFO - Data hoje: 16/01/2026
2026-01-16 12:01:19,862 - INFO - Data de referência: 31/01/2026
2026-01-16 12:02:41,585 - INFO - 
Qtde OS de LINHA VIVA: 4054
2026-01-16 12:02:41,585 - INFO - Qtde OS poda de LINHA MORTA: 1776
2026-01-16 12:02:41,585 - INFO - 
Qtde OS estrutural de LINHA MORTA : 45
2026-01-16 12:02:41,585 - INFO - Qtde OS poda de LINHA MORTA fora carteira: 0
2026-01-16 12:02:41,585 - INFO - 
 Qtd de lotes de LM: 72
2026-01-16 12:02:41,585 - INFO - 
 Qtd de lotes de LV: 163
2026-01-16 12:02:41,585 - INFO - 
 Qtd de lotes de ESTRUTURAL LM: 2
2026-01-16 12:02:41,585 - INFO - 
 Qtd de lotes de LEVE: 0
2026-01-16 12:02:41,585 - INFO - 
=== Iniciando lote 1/2 [REDES] ===
2026-01-16 12:02:48,089 - INFO - Janela de seleção aberta
2026-01-16 12:02:52,308 - INFO - DEBUG: idx=0, inicio=0, fim=25
2026-01-16 12:02:52,308 - INFO - ✅ 25 OS copiadas para a área de transferência.
2026-01-16 12:02:52,308 - INFO - 📋 Lote 1 copiado.
2026-01-16 12:03:00,641 - INFO - ⌛ Esperando mudança visual...
2026-01-16 12:03:01,649 - INFO - ✅ Tela carregada!
2026-01-16 12:03:12,140 - INFO - ⌛ Aguardando janela de confirmação de desbloqueio...
2026-01-16 12:03:32,520 - INFO - 🟨 Registros desbloqueados com sucesso
2026-01-16 12:03:46,114 - INFO - ⌛ Aguardando janela de edição de OS...
2026-01-16 12:04:16,508 - INFO - 🟨 OS programadas detectadas
2026-01-16 12:04:19,672 - INFO - ⌛ Aguardando janela de edição de OS...
2026-01-16 12:04:50,065 - INFO - 🟨 Janela de edição de OS detectada
2026-01-16 12:05:11,431 - INFO - 🟨 Janela de edição de habilidade da turma detectada
2026-01-16 12:05:59,751 - INFO - ⌛ Aguardando detecção do campo de caracteristica 'EQUIPE PRÓPRIA OU EPS' ...
2026-01-16 12:06:32,002 - INFO - ⌛ Aguardando detecção do campo de caracteristica 'EQUIPE PRÓPRIA OU EPS' ...
2026-01-16 12:07:04,281 - INFO - 🟨 campo de caracteristica 'EQUIPE PRÓPRIA OU EPS detectado
2026-01-16 12:07:26,032 - INFO - ⌛ Aguardando confirmação 4 - editar OS...
2026-01-16 12:08:37,009 - INFO - ⌛ Aguardando janela de confirmação de programação de OS...
2026-01-16 12:08:57,344 - INFO - 🟨 Janela de confirmação de programação de OS detectada
2026-01-16 12:09:00,646 - INFO - ⌛ aguardando janela de programação de lote de OS...
2026-01-16 12:09:21,072 - INFO - 🟨 Janela de aviso de edição de OS programadas detectada
2026-01-16 12:09:25,335 - INFO - ⌛ aguardando janela de programação de lote de OS...
2026-01-16 12:09:45,772 - INFO - 🟨 Janela de aviso de substituição de lote de OS detectada
2026-01-16 12:09:52,037 - INFO - ⌛ aguardando janela de programação de lote de OS...
2026-01-16 12:10:12,504 - INFO - 🟨 Janela de programação de lote de OS detectada
2026-01-16 12:10:39,948 - INFO - ⌛ aguardando janela de confirmação de programação de lote de OS...
2026-01-16 12:11:00,298 - INFO - 🟨 Janela de confirmação de programação de lote de OS detectada
2026-01-16 12:11:04,549 - INFO - ⌛ aguardando confirmação final de programação do lote
2026-01-16 12:11:24,961 - INFO - 🟨 programação do lote 1 efetuado com sucesso
2026-01-16 12:11:35,119 - INFO - 
=== Iniciando lote 2/2 [REDES] ===
2026-01-16 12:11:41,481 - INFO - Janela de seleção aberta
2026-01-16 12:11:45,719 - INFO - DEBUG: idx=1, inicio=25, fim=50
2026-01-16 12:11:45,719 - INFO - ✅ 20 OS copiadas para a área de transferência.
2026-01-16 12:11:45,719 - INFO - 📋 Lote 2 copiado.
2026-01-16 12:11:54,056 - INFO - ⌛ Esperando mudança visual...
2026-01-16 12:11:55,072 - INFO - ⌛ Esperando mudança visual...
2026-01-16 12:11:56,089 - INFO - ⌛ Esperando mudança visual...
2026-01-16 12:11:57,105 - INFO - ⌛ Esperando mudança visual...
2026-01-16 12:11:58,124 - INFO - ⌛ Esperando mudança visual...
2026-01-16 12:11:59,140 - INFO - ⌛ Esperando mudança visual...
2026-01-16 12:12:00,151 - INFO - ⌛ Esperando mudança visual...
2026-01-16 12:12:01,167 - INFO - ⌛ Esperando mudança visual...
2026-01-16 12:12:02,182 - INFO - ⌛ Esperando mudança visual...
2026-01-16 12:12:03,198 - INFO - ⌛ Esperando mudança visual...
2026-01-16 12:12:04,213 - INFO - ✅ Tela carregada!
2026-01-16 12:12:14,692 - INFO - ⌛ Aguardando janela de confirmação de desbloqueio...
2026-01-16 12:12:35,068 - INFO - 🟨 Registros desbloqueados com sucesso
2026-01-16 12:12:48,675 - INFO - 🟨 OS programadas detectadas
2026-01-16 12:12:51,832 - INFO - ⌛ Aguardando janela de edição de OS...
2026-01-16 12:13:22,231 - INFO - 🟨 Janela de edição de OS detectada
2026-01-16 12:13:43,617 - INFO - 🟨 Janela de edição de habilidade da turma detectada
2026-01-16 12:14:31,948 - INFO - ⌛ Aguardando detecção do campo de caracteristica 'EQUIPE PRÓPRIA OU EPS' ...
2026-01-16 12:15:04,232 - INFO - ⌛ Aguardando detecção do campo de caracteristica 'EQUIPE PRÓPRIA OU EPS' ...
2026-01-16 12:15:36,489 - INFO - 🟨 campo de caracteristica 'EQUIPE PRÓPRIA OU EPS detectado
2026-01-16 12:15:58,231 - INFO - ⌛ Aguardando confirmação 4 - editar OS...
2026-01-16 12:17:09,228 - INFO - ⌛ Aguardando janela de confirmação de programação de OS...
2026-01-16 12:17:29,589 - INFO - 🟨 Janela de confirmação de programação de OS detectada
2026-01-16 12:17:32,942 - INFO - ⌛ aguardando janela de programação de lote de OS...
2026-01-16 12:17:53,458 - INFO - 🟨 Janela de aviso de edição de OS programadas detectada
2026-01-16 12:17:57,751 - INFO - ⌛ aguardando janela de programação de lote de OS...
2026-01-16 12:18:18,296 - INFO - 🟨 Janela de aviso de substituição de lote de OS detectada
2026-01-16 12:18:24,581 - INFO - ⌛ aguardando janela de programação de lote de OS...
2026-01-16 12:18:45,049 - INFO - 🟨 Janela de programação de lote de OS detectada
2026-01-16 12:19:12,467 - INFO - ⌛ aguardando janela de confirmação de programação de lote de OS...
2026-01-16 12:19:32,849 - INFO - 🟨 Janela de confirmação de programação de lote de OS detectada
2026-01-16 12:19:37,125 - INFO - ⌛ aguardando confirmação final de programação do lote
2026-01-16 12:19:57,574 - INFO - 🟨 programação do lote 2 efetuado com sucesso
2026-01-16 12:20:07,750 - INFO - 
=== Iniciando lote 1/72 [LM] ===
2026-01-16 12:20:14,104 - INFO - Janela de seleção aberta
2026-01-16 12:20:18,329 - INFO - DEBUG: idx=0, inicio=0, fim=25
2026-01-16 12:20:18,329 - INFO - ✅ 25 OS copiadas para a área de transferência.
2026-01-16 12:20:18,329 - INFO - 📋 Lote 1 copiado.
2026-01-16 12:20:26,656 - INFO - ⌛ Esperando mudança visual...
2026-01-16 12:20:27,683 - INFO - ⌛ Esperando mudança visual...
2026-01-16 12:20:28,699 - INFO - ⌛ Esperando mudança visual...
2026-01-16 12:20:29,714 - INFO - ⌛ Esperando mudança visual...
2026-01-16 12:20:30,730 - INFO - ⌛ Esperando mudança visual...
2026-01-16 12:20:31,745 - INFO - ⌛ Esperando mudança visual...
2026-01-16 12:20:32,761 - INFO - ⌛ Esperando mudança visual...
2026-01-16 12:20:33,776 - INFO - ⌛ Esperando mudança visual...
2026-01-16 12:20:34,800 - INFO - ⌛ Esperando mudança visual...
2026-01-16 12:20:35,816 - INFO - ⌛ Esperando mudança visual...
2026-01-16 12:20:36,833 - INFO - ✅ Tela carregada!
2026-01-16 12:20:47,336 - INFO - ⌛ Aguardando janela de confirmação de desbloqueio...
2026-01-16 12:21:07,731 - INFO - 🟨 Registros desbloqueados com sucesso
2026-01-16 12:21:21,355 - INFO - ⌛ Aguardando janela de edição de OS...
2026-01-16 12:21:51,829 - INFO - 🟨 OS programadas detectadas
2026-01-16 12:21:54,998 - INFO - ⌛ Aguardando janela de edição de OS...
2026-01-16 12:22:25,446 - INFO - 🟨 Janela de edição de OS detectada
2026-01-16 12:22:46,799 - INFO - 🟨 Janela de edição de habilidade da turma detectada
2026-01-16 12:23:35,131 - INFO - ⌛ Aguardando detecção do campo de caracteristica 'EQUIPE PRÓPRIA OU EPS' ...
2026-01-16 12:24:07,385 - INFO - ⌛ Aguardando detecção do campo de caracteristica 'EQUIPE PRÓPRIA OU EPS' ...
2026-01-16 12:24:39,639 - INFO - 🟨 campo de caracteristica 'EQUIPE PRÓPRIA OU EPS detectado
2026-01-16 12:25:01,399 - INFO - ⌛ Aguardando confirmação 4 - editar OS...
2026-01-16 12:26:12,387 - INFO - ⌛ Aguardando janela de confirmação de programação de OS...
2026-01-16 12:26:32,752 - INFO - 🟨 Janela de confirmação de programação de OS detectada
2026-01-16 12:26:36,103 - INFO - ⌛ aguardando janela de programação de lote de OS...
2026-01-16 12:26:56,559 - INFO - 🟨 Janela de aviso de edição de OS programadas detectada
2026-01-16 12:27:00,845 - INFO - ⌛ aguardando janela de programação de lote de OS...
2026-01-16 12:27:21,380 - INFO - 🟨 Janela de aviso de substituição de lote de OS detectada
2026-01-16 12:27:27,662 - INFO - ⌛ aguardando janela de programação de lote de OS...
2026-01-16 12:27:48,147 - INFO - 🟨 Janela de programação de lote de OS detectada
2026-01-16 12:28:15,596 - INFO - ⌛ aguardando janela de confirmação de programação de lote de OS...
2026-01-16 12:28:35,983 - INFO - 🟨 Janela de confirmação de programação de lote de OS detectada
2026-01-16 12:28:40,266 - INFO - ⌛ aguardando confirmação final de programação do lote
2026-01-16 12:29:00,727 - INFO - 🟨 programação do lote 1 efetuado com sucesso
2026-01-16 12:29:10,894 - INFO - 
=== Iniciando lote 2/72 [LM] ===
2026-01-16 12:29:17,245 - INFO - Janela de seleção aberta
2026-01-16 12:29:21,491 - INFO - DEBUG: idx=1, inicio=25, fim=50
2026-01-16 12:29:21,491 - INFO - ✅ 25 OS copiadas para a área de transferência.
2026-01-16 12:29:21,491 - INFO - 📋 Lote 2 copiado.
2026-01-16 12:29:29,830 - INFO - ⌛ Esperando mudança visual...
2026-01-16 12:29:30,847 - INFO - ⌛ Esperando mudança visual...
2026-01-16 12:29:31,862 - INFO - ⌛ Esperando mudança visual...
2026-01-16 12:29:32,878 - INFO - ⌛ Esperando mudança visual...
2026-01-16 12:29:33,895 - INFO - ⌛ Esperando mudança visual...
2026-01-16 12:29:34,909 - INFO - ⌛ Esperando mudança visual...
2026-01-16 12:29:35,924 - INFO - ⌛ Esperando mudança visual...
2026-01-16 12:29:36,940 - INFO - ⌛ Esperando mudança visual...
2026-01-16 12:29:37,955 - INFO - ⌛ Esperando mudança visual...
2026-01-16 12:29:38,971 - INFO - ✅ Tela carregada!
2026-01-16 12:29:49,451 - INFO - ⌛ Aguardando janela de confirmação de desbloqueio...
2026-01-16 12:30:09,865 - INFO - 🟨 Registros desbloqueados com sucesso
2026-01-16 12:30:23,487 - INFO - ⌛ Aguardando janela de edição de OS...
2026-01-16 12:30:53,979 - INFO - 🟨 OS programadas detectadas
2026-01-16 12:30:57,139 - INFO - ⌛ Aguardando janela de edição de OS...
2026-01-16 12:31:27,532 - INFO - 🟨 Janela de edição de OS detectada
2026-01-16 12:31:48,884 - INFO - 🟨 Janela de edição de habilidade da turma detectada
2026-01-16 12:32:37,215 - INFO - ⌛ Aguardando detecção do campo de caracteristica 'EQUIPE PRÓPRIA OU EPS' ...
2026-01-16 12:33:09,467 - INFO - ⌛ Aguardando detecção do campo de caracteristica 'EQUIPE PRÓPRIA OU EPS' ...
2026-01-16 12:33:41,705 - INFO - 🟨 campo de caracteristica 'EQUIPE PRÓPRIA OU EPS detectado
2026-01-16 12:34:03,460 - INFO - ⌛ Aguardando confirmação 4 - editar OS...
2026-01-16 12:34:33,818 - INFO - ⌛ Aguardando confirmação 4 - editar OS...
2026-01-16 12:35:44,824 - INFO - ⌛ Aguardando janela de confirmação de programação de OS...
2026-01-16 12:36:05,190 - INFO - 🟨 Janela de confirmação de programação de OS detectada
2026-01-16 12:36:08,525 - INFO - ⌛ aguardando janela de programação de lote de OS...
2026-01-16 12:36:29,029 - INFO - 🟨 Janela de aviso de edição de OS programadas detectada
2026-01-16 12:36:33,291 - INFO - ⌛ aguardando janela de programação de lote de OS...
2026-01-16 12:36:53,760 - INFO - 🟨 Janela de aviso de substituição de lote de OS detectada
2026-01-16 12:37:00,039 - INFO - ⌛ aguardando janela de programação de lote de OS...
2026-01-16 12:37:20,505 - INFO - 🟨 Janela de programação de lote de OS detectada
2026-01-16 12:37:47,953 - INFO - ⌛ aguardando janela de confirmação de programação de lote de OS...
2026-01-16 12:38:08,326 - INFO - 🟨 Janela de confirmação de programação de lote de OS detectada
2026-01-16 12:38:12,610 - INFO - ⌛ aguardando confirmação final de programação do lote
2026-01-16 12:38:33,051 - INFO - 🟨 programação do lote 2 efetuado com sucesso
2026-01-16 12:38:43,222 - INFO - 
=== Iniciando lote 3/72 [LM] ===
2026-01-16 12:38:49,609 - INFO - Janela de seleção aberta
2026-01-16 12:38:53,842 - INFO - DEBUG: idx=2, inicio=50, fim=75
2026-01-16 12:38:53,842 - INFO - ✅ 25 OS copiadas para a área de transferência.
2026-01-16 12:38:53,842 - INFO - 📋 Lote 3 copiado.
2026-01-16 12:39:02,176 - INFO - ⌛ Esperando mudança visual...
2026-01-16 12:39:03,181 - INFO - ⌛ Esperando mudança visual...
2026-01-16 12:39:04,196 - INFO - ⌛ Esperando mudança visual...
2026-01-16 12:39:05,219 - INFO - ⌛ Esperando mudança visual...
2026-01-16 12:39:06,228 - INFO - ⌛ Esperando mudança visual...
2026-01-16 12:39:07,260 - INFO - ⌛ Esperando mudança visual...
2026-01-16 12:39:08,275 - INFO - ⌛ Esperando mudança visual...
2026-01-16 12:39:09,292 - INFO - ⌛ Esperando mudança visual...
2026-01-16 12:39:10,307 - INFO - ⌛ Esperando mudança visual...
2026-01-16 12:39:11,323 - INFO - ✅ Tela carregada!
2026-01-16 12:39:21,802 - INFO - ⌛ Aguardando janela de confirmação de desbloqueio...
2026-01-16 12:39:42,185 - INFO - 🟨 Registros desbloqueados com sucesso
2026-01-16 12:39:55,773 - INFO - 🟨 OS programadas detectadas
2026-01-16 12:39:58,956 - INFO - ⌛ Aguardando janela de edição de OS...
2026-01-16 12:40:29,363 - INFO - 🟨 Janela de edição de OS detectada
2026-01-16 12:40:50,733 - INFO - 🟨 Janela de edição de habilidade da turma detectada
2026-01-16 12:41:39,049 - INFO - ⌛ Aguardando detecção do campo de caracteristica 'EQUIPE PRÓPRIA OU EPS' ...
2026-01-16 12:42:11,310 - INFO - ⌛ Aguardando detecção do campo de caracteristica 'EQUIPE PRÓPRIA OU EPS' ...
2026-01-16 12:42:43,570 - INFO - 🟨 campo de caracteristica 'EQUIPE PRÓPRIA OU EPS detectado
2026-01-16 12:43:05,301 - INFO - ⌛ Aguardando confirmação 4 - editar OS...
2026-01-16 12:44:16,332 - INFO - ⌛ Aguardando janela de confirmação de programação de OS...
2026-01-16 12:44:36,705 - INFO - 🟨 Janela de confirmação de programação de OS detectada
2026-01-16 12:44:40,048 - INFO - ⌛ aguardando janela de programação de lote de OS...
2026-01-16 12:45:00,523 - INFO - 🟨 Janela de aviso de edição de OS programadas detectada
2026-01-16 12:45:04,786 - INFO - ⌛ aguardando janela de programação de lote de OS...
2026-01-16 12:45:25,242 - INFO - 🟨 Janela de aviso de substituição de lote de OS detectada
2026-01-16 12:45:31,517 - INFO - ⌛ aguardando janela de programação de lote de OS...
2026-01-16 12:45:51,999 - INFO - 🟨 Janela de programação de lote de OS detectada
2026-01-16 12:46:19,413 - INFO - ⌛ aguardando janela de confirmação de programação de lote de OS...
2026-01-16 12:46:39,775 - INFO - 🟨 Janela de confirmação de programação de lote de OS detectada
2026-01-16 12:46:44,072 - INFO - ⌛ aguardando confirmação final de programação do lote
2026-01-16 12:47:04,576 - INFO - 🟨 programação do lote 3 efetuado com sucesso
2026-01-16 12:47:14,729 - INFO - 
=== Iniciando lote 4/72 [LM] ===
2026-01-16 12:47:21,089 - INFO - Janela de seleção aberta
2026-01-16 12:47:25,318 - INFO - DEBUG: idx=3, inicio=75, fim=100
2026-01-16 12:47:25,318 - INFO - ✅ 25 OS copiadas para a área de transferência.
2026-01-16 12:47:25,318 - INFO - 📋 Lote 4 copiado.
2026-01-16 12:47:33,672 - INFO - ⌛ Esperando mudança visual...
2026-01-16 12:47:34,676 - INFO - ⌛ Esperando mudança visual...
2026-01-16 12:47:35,702 - INFO - ⌛ Esperando mudança visual...
2026-01-16 12:47:36,708 - INFO - ⌛ Esperando mudança visual...
2026-01-16 12:47:37,738 - INFO - ⌛ Esperando mudança visual...
2026-01-16 12:47:38,739 - INFO - ⌛ Esperando mudança visual...
2026-01-16 12:47:39,772 - INFO - ⌛ Esperando mudança visual...
2026-01-16 12:47:40,787 - INFO - ⌛ Esperando mudança visual...
2026-01-16 12:47:41,803 - INFO - ✅ Tela carregada!
2026-01-16 12:47:52,281 - INFO - ⌛ Aguardando janela de confirmação de desbloqueio...
2026-01-16 12:48:12,633 - INFO - 🟨 Registros desbloqueados com sucesso
2026-01-16 12:48:26,224 - INFO - ⌛ Aguardando janela de edição de OS...
2026-01-16 12:48:56,683 - INFO - 🟨 OS programadas detectadas
2026-01-16 12:48:59,844 - INFO - ⌛ Aguardando janela de edição de OS...
2026-01-16 12:49:30,258 - INFO - 🟨 Janela de edição de OS detectada
2026-01-16 12:49:51,612 - INFO - 🟨 Janela de edição de habilidade da turma detectada
2026-01-16 12:50:39,955 - INFO - ⌛ Aguardando detecção do campo de caracteristica 'EQUIPE PRÓPRIA OU EPS' ...
2026-01-16 12:51:12,198 - INFO - ⌛ Aguardando detecção do campo de caracteristica 'EQUIPE PRÓPRIA OU EPS' ...
2026-01-16 12:51:44,448 - INFO - 🟨 campo de caracteristica 'EQUIPE PRÓPRIA OU EPS detectado
2026-01-16 12:52:06,184 - INFO - ⌛ Aguardando confirmação 4 - editar OS...
2026-01-16 12:52:36,516 - INFO - ⌛ Aguardando confirmação 4 - editar OS...
2026-01-16 12:53:47,514 - INFO - ⌛ Aguardando janela de confirmação de programação de OS...
2026-01-16 12:54:07,858 - INFO - 🟨 Janela de confirmação de programação de OS detectada
2026-01-16 12:54:11,145 - INFO - ⌛ aguardando janela de programação de lote de OS...
2026-01-16 12:54:31,601 - INFO - 🟨 Janela de aviso de edição de OS programadas detectada
2026-01-16 12:54:35,861 - INFO - ⌛ aguardando janela de programação de lote de OS...
2026-01-16 12:54:56,293 - INFO - 🟨 Janela de aviso de substituição de lote de OS detectada
2026-01-16 12:55:02,562 - INFO - ⌛ aguardando janela de programação de lote de OS...
2026-01-16 12:55:23,004 - INFO - 🟨 Janela de programação de lote de OS detectada
2026-01-16 12:55:50,439 - INFO - ⌛ aguardando janela de confirmação de programação de lote de OS...
2026-01-16 12:56:10,776 - INFO - 🟨 Janela de confirmação de programação de lote de OS detectada
2026-01-16 12:56:15,021 - INFO - ⌛ aguardando confirmação final de programação do lote
2026-01-16 12:56:35,451 - INFO - 🟨 programação do lote 4 efetuado com sucesso
2026-01-16 12:56:45,615 - INFO - 
=== Iniciando lote 5/72 [LM] ===
2026-01-16 12:56:51,957 - INFO - Janela de seleção aberta
2026-01-16 12:56:56,206 - INFO - DEBUG: idx=4, inicio=100, fim=125
2026-01-16 12:56:56,206 - INFO - ✅ 25 OS copiadas para a área de transferência.
2026-01-16 12:56:56,206 - INFO - 📋 Lote 5 copiado.
2026-01-16 12:57:04,531 - INFO - ⌛ Esperando mudança visual...
2026-01-16 12:57:05,547 - INFO - ⌛ Esperando mudança visual...
2026-01-16 12:57:06,563 - INFO - ⌛ Esperando mudança visual...
2026-01-16 12:57:07,577 - INFO - ⌛ Esperando mudança visual...
2026-01-16 12:57:08,593 - INFO - ⌛ Esperando mudança visual...
2026-01-16 12:57:09,609 - INFO - ⌛ Esperando mudança visual...
2026-01-16 12:57:10,630 - INFO - ⌛ Esperando mudança visual...
2026-01-16 12:57:11,640 - INFO - ⌛ Esperando mudança visual...
2026-01-16 12:57:12,655 - INFO - ✅ Tela carregada!
2026-01-16 12:57:23,151 - INFO - ⌛ Aguardando janela de confirmação de desbloqueio...
2026-01-16 12:57:43,594 - INFO - 🟨 Registros desbloqueados com sucesso
2026-01-16 12:57:57,220 - INFO - 🟨 OS programadas detectadas
2026-01-16 12:58:00,385 - INFO - ⌛ Aguardando janela de edição de OS...
2026-01-16 12:58:30,777 - INFO - 🟨 Janela de edição de OS detectada
2026-01-16 12:58:52,148 - INFO - 🟨 Janela de edição de habilidade da turma detectada
2026-01-16 12:59:40,470 - INFO - ⌛ Aguardando detecção do campo de caracteristica 'EQUIPE PRÓPRIA OU EPS' ...
2026-01-16 13:00:12,722 - INFO - ⌛ Aguardando detecção do campo de caracteristica 'EQUIPE PRÓPRIA OU EPS' ...
2026-01-16 13:00:44,989 - INFO - 🟨 campo de caracteristica 'EQUIPE PRÓPRIA OU EPS detectado
2026-01-16 13:01:06,748 - INFO - ⌛ Aguardando confirmação 4 - editar OS...
2026-01-16 13:02:17,780 - INFO - ⌛ Aguardando janela de confirmação de programação de OS...
2026-01-16 13:02:38,146 - INFO - 🟨 Janela de confirmação de programação de OS detectada
2026-01-16 13:02:41,484 - INFO - ⌛ aguardando janela de programação de lote de OS...
2026-01-16 13:03:01,955 - INFO - 🟨 Janela de aviso de edição de OS programadas detectada
2026-01-16 13:03:06,227 - INFO - ⌛ aguardando janela de programação de lote de OS...
2026-01-16 13:03:26,701 - INFO - 🟨 Janela de aviso de substituição de lote de OS detectada
2026-01-16 13:03:32,975 - INFO - ⌛ aguardando janela de programação de lote de OS...
2026-01-16 13:03:53,432 - INFO - 🟨 Janela de programação de lote de OS detectada
2026-01-16 13:04:20,861 - INFO - ⌛ aguardando janela de confirmação de programação de lote de OS...
2026-01-16 13:04:41,211 - INFO - 🟨 Janela de confirmação de programação de lote de OS detectada
2026-01-16 13:04:45,470 - INFO - ⌛ aguardando confirmação final de programação do lote
2026-01-16 13:05:05,898 - INFO - 🟨 programação do lote 5 efetuado com sucesso
2026-01-16 13:05:16,063 - INFO - 
=== Iniciando lote 6/72 [LM] ===
2026-01-16 13:05:22,404 - INFO - Janela de seleção aberta
2026-01-16 13:05:26,653 - INFO - DEBUG: idx=5, inicio=125, fim=150
2026-01-16 13:05:26,653 - INFO - ✅ 25 OS copiadas para a área de transferência.
2026-01-16 13:05:26,653 - INFO - 📋 Lote 6 copiado.
2026-01-16 13:05:34,993 - INFO - ⌛ Esperando mudança visual...
2026-01-16 13:05:36,010 - INFO - ⌛ Esperando mudança visual...
2026-01-16 13:05:37,027 - INFO - ⌛ Esperando mudança visual...
2026-01-16 13:05:38,041 - INFO - ⌛ Esperando mudança visual...
2026-01-16 13:05:39,060 - INFO - ⌛ Esperando mudança visual...
2026-01-16 13:05:40,072 - INFO - ⌛ Esperando mudança visual...
2026-01-16 13:05:41,088 - INFO - ⌛ Esperando mudança visual...
2026-01-16 13:05:42,110 - INFO - ⌛ Esperando mudança visual...
2026-01-16 13:05:43,119 - INFO - ✅ Tela carregada!
2026-01-16 13:05:53,611 - INFO - ⌛ Aguardando janela de confirmação de desbloqueio...
2026-01-16 13:06:14,013 - INFO - 🟨 Registros desbloqueados com sucesso
2026-01-16 13:06:27,602 - INFO - ⌛ Aguardando janela de edição de OS...
2026-01-16 13:06:58,002 - INFO - 🟨 OS programadas detectadas
2026-01-16 13:07:01,170 - INFO - ⌛ Aguardando janela de edição de OS...
2026-01-16 13:07:31,565 - INFO - 🟨 Janela de edição de OS detectada
2026-01-16 13:07:52,924 - INFO - 🟨 Janela de edição de habilidade da turma detectada
2026-01-16 13:08:41,261 - INFO - ⌛ Aguardando detecção do campo de caracteristica 'EQUIPE PRÓPRIA OU EPS' ...
2026-01-16 13:09:13,517 - INFO - ⌛ Aguardando detecção do campo de caracteristica 'EQUIPE PRÓPRIA OU EPS' ...
2026-01-16 13:09:45,753 - INFO - 🟨 campo de caracteristica 'EQUIPE PRÓPRIA OU EPS detectado
2026-01-16 13:10:07,515 - INFO - ⌛ Aguardando confirmação 4 - editar OS...
2026-01-16 13:10:37,893 - INFO - ⌛ Aguardando confirmação 4 - editar OS...
2026-01-16 13:11:48,903 - INFO - ⌛ Aguardando janela de confirmação de programação de OS...
2026-01-16 13:12:09,276 - INFO - 🟨 Janela de confirmação de programação de OS detectada
2026-01-16 13:12:12,587 - INFO - ⌛ aguardando janela de programação de lote de OS...
2026-01-16 13:12:33,072 - INFO - 🟨 Janela de aviso de edição de OS programadas detectada
2026-01-16 13:12:37,354 - INFO - ⌛ aguardando janela de programação de lote de OS...
2026-01-16 13:12:57,880 - INFO - 🟨 Janela de aviso de substituição de lote de OS detectada
2026-01-16 13:13:04,154 - INFO - ⌛ aguardando janela de programação de lote de OS...
2026-01-16 13:13:24,658 - INFO - 🟨 Janela de programação de lote de OS detectada
2026-01-16 13:13:52,088 - INFO - ⌛ aguardando janela de confirmação de programação de lote de OS...
2026-01-16 13:14:12,470 - INFO - 🟨 Janela de confirmação de programação de lote de OS detectada
2026-01-16 13:14:16,760 - INFO - ⌛ aguardando confirmação final de programação do lote
2026-01-16 13:14:37,201 - INFO - 🟨 programação do lote 6 efetuado com sucesso
2026-01-16 13:14:47,372 - INFO - 
=== Iniciando lote 7/72 [LM] ===
2026-01-16 13:14:53,723 - INFO - Janela de seleção aberta
2026-01-16 13:14:57,957 - INFO - DEBUG: idx=6, inicio=150, fim=175
2026-01-16 13:14:57,957 - INFO - ✅ 25 OS copiadas para a área de transferência.
2026-01-16 13:14:57,957 - INFO - 📋 Lote 7 copiado.
2026-01-16 13:15:06,280 - INFO - ⌛ Esperando mudança visual...
2026-01-16 13:15:07,306 - INFO - ⌛ Esperando mudança visual...
2026-01-16 13:15:08,312 - INFO - ⌛ Esperando mudança visual...
2026-01-16 13:15:09,328 - INFO - ⌛ Esperando mudança visual...
2026-01-16 13:15:10,356 - INFO - ⌛ Esperando mudança visual...
2026-01-16 13:15:11,359 - INFO - ⌛ Esperando mudança visual...
2026-01-16 13:15:12,391 - INFO - ⌛ Esperando mudança visual...
2026-01-16 13:15:13,407 - INFO - ⌛ Esperando mudança visual...
2026-01-16 13:15:14,423 - INFO - ⌛ Esperando mudança visual...
2026-01-16 13:15:15,440 - INFO - ✅ Tela carregada!
2026-01-16 13:15:25,907 - INFO - ⌛ Aguardando janela de confirmação de desbloqueio...
2026-01-16 13:15:46,301 - INFO - 🟨 Registros desbloqueados com sucesso
2026-01-16 13:15:59,885 - INFO - ⌛ Aguardando janela de edição de OS...
2026-01-16 13:16:30,303 - INFO - 🟨 OS programadas detectadas
2026-01-16 13:16:33,465 - INFO - ⌛ Aguardando janela de edição de OS...
2026-01-16 13:17:03,867 - INFO - 🟨 Janela de edição de OS detectada
2026-01-16 13:17:25,218 - INFO - 🟨 Janela de edição de habilidade da turma detectada
2026-01-16 13:18:13,563 - INFO - ⌛ Aguardando detecção do campo de caracteristica 'EQUIPE PRÓPRIA OU EPS' ...
2026-01-16 13:18:45,827 - INFO - ⌛ Aguardando detecção do campo de caracteristica 'EQUIPE PRÓPRIA OU EPS' ...
2026-01-16 13:19:18,068 - INFO - 🟨 campo de caracteristica 'EQUIPE PRÓPRIA OU EPS detectado
2026-01-16 13:19:39,807 - INFO - ⌛ Aguardando confirmação 4 - editar OS...
2026-01-16 13:20:50,801 - INFO - ⌛ Aguardando janela de confirmação de programação de OS...
2026-01-16 13:21:11,147 - INFO - 🟨 Janela de confirmação de programação de OS detectada
2026-01-16 13:21:14,441 - INFO - ⌛ aguardando janela de programação de lote de OS...
2026-01-16 13:21:34,943 - INFO - 🟨 Janela de aviso de edição de OS programadas detectada
2026-01-16 13:21:39,213 - INFO - ⌛ aguardando janela de programação de lote de OS...
2026-01-16 13:21:59,637 - INFO - 🟨 Janela de aviso de substituição de lote de OS detectada
2026-01-16 13:22:05,896 - INFO - ⌛ aguardando janela de programação de lote de OS...
2026-01-16 13:22:26,317 - INFO - 🟨 Janela de programação de lote de OS detectada
2026-01-16 13:22:53,727 - INFO - ⌛ aguardando janela de confirmação de programação de lote de OS...
2026-01-16 13:23:14,054 - INFO - 🟨 Janela de confirmação de programação de lote de OS detectada
2026-01-16 13:23:18,304 - INFO - ⌛ aguardando confirmação final de programação do lote
2026-01-16 13:23:38,689 - INFO - 🟨 programação do lote 7 efetuado com sucesso
2026-01-16 13:23:48,845 - INFO - 
=== Iniciando lote 8/72 [LM] ===
2026-01-16 13:23:55,205 - INFO - Janela de seleção aberta
2026-01-16 13:23:59,458 - INFO - DEBUG: idx=7, inicio=175, fim=200
2026-01-16 13:23:59,458 - INFO - ✅ 25 OS copiadas para a área de transferência.
2026-01-16 13:23:59,458 - INFO - 📋 Lote 8 copiado.
2026-01-16 13:24:07,782 - INFO - ⌛ Esperando mudança visual...
2026-01-16 13:24:08,799 - INFO - ⌛ Esperando mudança visual...
2026-01-16 13:24:09,812 - INFO - ⌛ Esperando mudança visual...
2026-01-16 13:24:10,831 - INFO - ⌛ Esperando mudança visual...
2026-01-16 13:24:11,847 - INFO - ⌛ Esperando mudança visual...
2026-01-16 13:24:12,859 - INFO - ⌛ Esperando mudança visual...
2026-01-16 13:24:13,874 - INFO - ⌛ Esperando mudança visual...
2026-01-16 13:24:14,890 - INFO - ⌛ Esperando mudança visual...
2026-01-16 13:24:15,905 - INFO - ⌛ Esperando mudança visual...
2026-01-16 13:24:16,937 - INFO - ✅ Tela carregada!
2026-01-16 13:24:27,401 - INFO - ⌛ Aguardando janela de confirmação de desbloqueio...
2026-01-16 13:24:47,788 - INFO - 🟨 Registros desbloqueados com sucesso
2026-01-16 13:25:01,370 - INFO - ⌛ Aguardando janela de edição de OS...
2026-01-16 13:25:31,787 - INFO - 🟨 OS programadas detectadas
2026-01-16 13:25:34,967 - INFO - ⌛ Aguardando janela de edição de OS...
2026-01-16 13:26:05,398 - INFO - 🟨 Janela de edição de OS detectada
2026-01-16 13:26:26,776 - INFO - 🟨 Janela de edição de habilidade da turma detectada
2026-01-16 13:27:15,108 - INFO - ⌛ Aguardando detecção do campo de caracteristica 'EQUIPE PRÓPRIA OU EPS' ...
2026-01-16 13:27:47,379 - INFO - ⌛ Aguardando detecção do campo de caracteristica 'EQUIPE PRÓPRIA OU EPS' ...
2026-01-16 13:28:19,656 - INFO - 🟨 campo de caracteristica 'EQUIPE PRÓPRIA OU EPS detectado
2026-01-16 13:28:41,416 - INFO - ⌛ Aguardando confirmação 4 - editar OS...
2026-01-16 13:29:11,787 - INFO - ⌛ Aguardando confirmação 4 - editar OS...
2026-01-16 13:30:22,860 - INFO - ⌛ Aguardando janela de confirmação de programação de OS...
2026-01-16 13:30:43,194 - INFO - 🟨 Janela de confirmação de programação de OS detectada
2026-01-16 13:30:46,503 - INFO - ⌛ aguardando janela de programação de lote de OS...
2026-01-16 13:31:06,927 - INFO - 🟨 Janela de aviso de edição de OS programadas detectada
2026-01-16 13:31:11,195 - INFO - ⌛ aguardando janela de programação de lote de OS...
2026-01-16 13:31:31,637 - INFO - 🟨 Janela de aviso de substituição de lote de OS detectada
2026-01-16 13:31:37,889 - INFO - ⌛ aguardando janela de programação de lote de OS...
2026-01-16 13:31:58,339 - INFO - 🟨 Janela de programação de lote de OS detectada
2026-01-16 13:32:25,844 - INFO - ⌛ aguardando janela de confirmação de programação de lote de OS...
2026-01-16 13:32:46,255 - INFO - 🟨 Janela de confirmação de programação de lote de OS detectada
2026-01-16 13:32:50,497 - INFO - ⌛ aguardando confirmação final de programação do lote
2026-01-16 13:33:10,882 - INFO - 🟨 programação do lote 8 efetuado com sucesso
2026-01-16 13:33:21,041 - INFO - 
=== Iniciando lote 9/72 [LM] ===
2026-01-16 13:33:27,403 - INFO - Janela de seleção aberta
2026-01-16 13:33:31,633 - INFO - DEBUG: idx=8, inicio=200, fim=225
2026-01-16 13:33:31,633 - INFO - ✅ 25 OS copiadas para a área de transferência.
2026-01-16 13:33:31,633 - INFO - 📋 Lote 9 copiado.
2026-01-16 13:33:39,964 - INFO - ⌛ Esperando mudança visual...
2026-01-16 13:33:40,982 - INFO - ⌛ Esperando mudança visual...
2026-01-16 13:33:41,998 - INFO - ⌛ Esperando mudança visual...
2026-01-16 13:33:43,014 - INFO - ⌛ Esperando mudança visual...
2026-01-16 13:33:44,032 - INFO - ⌛ Esperando mudança visual...
2026-01-16 13:33:45,044 - INFO - ⌛ Esperando mudança visual...
2026-01-16 13:33:46,061 - INFO - ⌛ Esperando mudança visual...
2026-01-16 13:33:47,082 - INFO - ⌛ Esperando mudança visual...
2026-01-16 13:33:48,095 - INFO - ⌛ Esperando mudança visual...
2026-01-16 13:33:49,108 - INFO - ⌛ Esperando mudança visual...
2026-01-16 13:33:50,123 - INFO - ✅ Tela carregada!
2026-01-16 13:34:00,627 - INFO - ⌛ Aguardando janela de confirmação de desbloqueio...
2026-01-16 13:34:20,999 - INFO - 🟨 Registros desbloqueados com sucesso
2026-01-16 15:07:54,646 - INFO - Data hoje: 16/01/2026
2026-01-16 15:07:54,648 - INFO - Data de referência: 31/01/2026
2026-01-16 15:09:21,792 - INFO - Data hoje: 16/01/2026
2026-01-16 15:09:21,792 - INFO - Data de referência: 31/01/2026
2026-01-16 15:11:04,127 - INFO - 
Qtde OS de LINHA VIVA: 4054
2026-01-16 15:11:04,127 - INFO - Qtde OS poda de LINHA MORTA: 1777
2026-01-16 15:11:04,127 - INFO - 
Qtde OS estrutural de LINHA MORTA : 45
2026-01-16 15:11:04,127 - INFO - Qtde OS poda de LINHA MORTA fora carteira: 43520
2026-01-16 15:11:04,127 - INFO - 
 Qtd de lotes de LM: 72
2026-01-16 15:11:04,127 - INFO - 
 Qtd de lotes de LV: 163
2026-01-16 15:11:04,127 - INFO - 
 Qtd de lotes de ESTRUTURAL LM: 2
2026-01-16 15:11:04,127 - INFO - 
 Qtd de lotes de LEVE: 1741
2026-01-16 15:11:04,127 - INFO - 
=== Iniciando lote 1/2 [REDES] ===
2026-01-16 15:11:10,585 - INFO - ⌛ Aguardando janela de seleção...
2026-01-16 15:19:28,234 - INFO - Data hoje: 16/01/2026
2026-01-16 15:19:28,234 - INFO - Data de referência: 31/01/2026
2026-01-16 15:21:09,403 - INFO - 
Qtde OS de LINHA VIVA: 4054
2026-01-16 15:21:09,403 - INFO - Qtde OS poda de LINHA MORTA: 1777
2026-01-16 15:21:09,403 - INFO - 
Qtde OS estrutural de LINHA MORTA : 45
2026-01-16 15:21:09,403 - INFO - Qtde OS poda de LINHA MORTA fora carteira: 0
2026-01-16 15:21:09,403 - INFO - 
 Qtd de lotes de LM: 72
2026-01-16 15:21:09,403 - INFO - 
 Qtd de lotes de LV: 163
2026-01-16 15:21:09,403 - INFO - 
 Qtd de lotes de ESTRUTURAL LM: 2
2026-01-16 15:21:09,403 - INFO - 
 Qtd de lotes de LEVE: 0
2026-01-16 15:21:09,403 - INFO - 
=== Iniciando lote 1/2 [REDES] ===
2026-01-16 15:52:32,103 - INFO - Data hoje: 16/01/2026
2026-01-16 15:52:32,103 - INFO - Data de referência: 31/01/2026
2026-01-16 15:54:05,635 - INFO - 
Qtde OS de LINHA VIVA: 4055
2026-01-16 15:54:05,635 - INFO - Qtde OS poda de LINHA MORTA: 1777
2026-01-16 15:54:05,635 - INFO - 
Qtde OS estrutural de LINHA MORTA : 45
2026-01-16 15:54:05,635 - INFO - Qtde OS poda de LINHA MORTA fora carteira: 0
2026-01-16 15:54:05,635 - INFO - 
 Qtd de lotes de LM: 72
2026-01-16 15:54:05,635 - INFO - 
 Qtd de lotes de LV: 163
2026-01-16 15:54:05,635 - INFO - 
 Qtd de lotes de ESTRUTURAL LM: 2
2026-01-16 15:54:05,635 - INFO - 
 Qtd de lotes de LEVE: 0
2026-01-16 15:54:05,635 - INFO - 
=== Iniciando lote 1/2 [REDES] ===
